#-----------------------------------------------------------
# Vivado v2023.2 (64-bit)
# SW Build 4029153 on Fri Oct 13 20:14:34 MDT 2023
# IP Build 4028589 on Sat Oct 14 00:45:43 MDT 2023
# SharedData Build 4025554 on Tue Oct 10 17:18:54 MDT 2023
# Start of session at: Thu May 14 17:18:47 2026
# Process ID: 7080
# Current directory: C:/Users/User/Documents/Speech Enhancement/Spiking_FullSubnet_opt_hls
# Command line: vivado.exe -gui_launcher_event rodinguilauncherevent9188 C:\Users\User\Documents\Speech Enhancement\Spiking_FullSubnet_opt_hls\build\vivado\vivado_realtime_dma_zybo_z7_20\vivado_realtime_dma_zybo_z7_20.xpr
# Log file: C:/Users/User/Documents/Speech Enhancement/Spiking_FullSubnet_opt_hls/vivado.log
# Journal file: C:/Users/User/Documents/Speech Enhancement/Spiking_FullSubnet_opt_hls\vivado.jou
# Running On: DESKTOP-PMQ3QCF, OS: Windows, CPU Frequency: 3418 MHz, CPU Physical cores: 4, Host memory: 17016 MB
#-----------------------------------------------------------
start_gui
open_project {C:/Users/User/Documents/Speech Enhancement/Spiking_FullSubnet_opt_hls/build/vivado/vivado_realtime_dma_zybo_z7_20/vivado_realtime_dma_zybo_z7_20.xpr}
update_compile_order -fileset sources_1
open_bd_design {C:/Users/User/Documents/Speech Enhancement/Spiking_FullSubnet_opt_hls/build/vivado/vivado_realtime_dma_zybo_z7_20/vivado_realtime_dma_zybo_z7_20.srcs/sources_1/bd/realtime_dma_bd/realtime_dma_bd.bd}
open_checkpoint build/vivado/vivado_realtime_dma_zybo_z7_20/realtime_dma_zybo_z7_20_routed.dcp
close_design
open_checkpoint build/vivado/vivado_realtime_dma_zybo_z7_20/realtime_dma_zybo_z7_20_routed.dcp
close_design
