================================================================
== Design Size Report
================================================================

* Total Instructions per Compilation Phase
+---------------+-----------------------------+--------------+----------------------------------------------------------------------------------------+
| Phase         | Step                        | Instructions | Description                                                                            |
+---------------+-----------------------------+--------------+----------------------------------------------------------------------------------------+
| Compile/Link  |                             |  65,093      | After all functions are compiled and linked into a single design                       |
|               |                             |              |                                                                                        |
| Unroll/Inline |                             |              | After user unroll and inline pragmas are applied                                       |
|               | (1) unroll                  |  38,680      | user unroll pragmas are applied                                                        |
|               | (2) simplification          |  31,596      | simplification of applied user unroll pragmas                                          |
|               | (3) inline                  |  27,282      | user inline pragmas are applied                                                        |
|               | (4) simplification          |  24,978      | simplification of applied user inline pragmas                                          |
|               |                             |              |                                                                                        |
| Array/Struct  |                             |              | After user array partition and struct aggregate/disaggregate pragmas are applied       |
|               | (1) array partition         | 143,521 *    | user array partition pragmas are applied                                               |
|               | (2) simplification          |  47,815      | simplification of applied user array partition & struct aggregate/disaggregate pragmas |
|               | (3) aggregate/disaggregate  |  47,815      | user struct aggregate/disaggregate pragmas are applied                                 |
|               | (4) array reshape           |  58,842      | apply array reshape pragmas                                                            |
|               | (5) access patterns         |  52,166      | array access pattern optmizations                                                      |
|               |                             |              |                                                                                        |
| Performance   |                             |              | After transformations are applied to meet performance pragma targets                   |
|               | (1) loop simplification     |  46,293      | loop and instruction simplification                                                    |
|               | (2) parallelization         |  46,278      | loops are unrolled or pipelined to meet performance targets                            |
|               | (3) array partition         |  47,099      | arrays are partitioned to meet performance targets                                     |
|               | (4) simplification          |  46,337      | simplification of design after performance transformations                             |
|               |                             |              |                                                                                        |
| HW Transforms |                             |              | After hardware transfomations                                                          |
|               | (1) lowering                |  46,352      | initial conversion to HW specific instructions                                         |
|               | (2) optimizations           |  46,565      | high level synthesis optimizations                                                     |
+---------------+-----------------------------+--------------+----------------------------------------------------------------------------------------+
    * - Exceeded design size warning message threshold

* Instructions per Function for each Compilation Phase
+------------------------------------------+-----------------------------------------------------+-------------------+------------------+------------------+------------------+------------------+
| Function                                 | Location                                            | Compile/Link      | Unroll/Inline    | Array/Struct     | Performance      | HW Transforms    |
+------------------------------------------+-----------------------------------------------------+-------------------+------------------+------------------+------------------+------------------+
| + SubbandRealtimeTopQ610Ip               | subband_ref_q610_opt_stage4_latency_stepL2.cpp:3342 | 65,093            | 24,978           | 52,166           | 46,337           | 46,565           |
|  + RunSubbandRealtimeTopCoreQ61...       | subband_ref_q610_opt_stage4_latency_stepL2.cpp:3109 | 65,080            |                  |                  |                  |                  |
|     ClampRealtimeFrameCount              | subband_ref_q610_opt_stage4_latency_stepL2.cpp:2393 |     9             |                  |                  |                  |                  |
|   + ReadRealtimeInputChunkQ610           | subband_ref_q610_opt_stage4_latency_stepL2.cpp:2443 |   343             |                  |                  |                  |                  |
|      AxisToQ610                          | subband_ref_q610_opt_stage4_latency_stepL2.cpp:2386 |   186 (2 calls)   |                  |                  |                  |                  |
|     ClearRealtimeStatesQ610              | subband_ref_q610_opt_stage4_latency_stepL2.cpp:2483 |   152             |                  |                  |                  |                  |
|     GetBandSpec                          | subband_ref_q610_opt_stage4_latency_stepL2.cpp:258  |    27 (3 calls)   |                  |                  |                  |                  |
|   + RunRealtimeBandQ610                  | subband_ref_q610_opt_stage4_latency_stepL2.cpp:3077 | 64,242 (3 calls)  |                  |                  |                  |                  |
|      RealtimeBandWeightOffset            | subband_ref_q610_opt_stage4_latency_stepL2.cpp:2405 |    27 (3 calls)   |                  |                  |                  |                  |
|    + RunRealtimeGSULayersSharedBa...     | subband_ref_q610_opt_stage4_latency_stepL2.cpp:2866 | 57,453 (3 calls)  |                  |                  |                  |                  |
|     + LoadRealtimeGSULayerWeightsQ...    | subband_ref_q610_opt_stage4_latency_stepL2.cpp:2502 | 3,375 (3 calls)   |                  |                  |                  |                  |
|        RealtimeWeightWordIndex           | subband_ref_q610_opt_stage4_latency_stepL2.cpp:2371 |    42 (21 calls)  |                  |                  |                  |                  |
|        ExtractPackedRealtimeWeightQ...   | subband_ref_q610_opt_stage4_latency_stepL2.cpp:2364 | 2,331 (21 calls)  |                  |                  |                  |                  |
|     + BuildRealtimeBandInputQ610         | subband_ref_q610_opt_stage4_latency_stepL2.cpp:2643 |   288 (3 calls)   |                  |                  |                  |                  |
|        ReflectFrequencyIndexRealtim...   | subband_ref_q610_opt_stage4_latency_stepL2.cpp:2432 |    72 (6 calls)   |                  |                  |                  |                  |
|       CopyRealtimeHiddenVectorQ610...    | subband_ref_q610_opt_stage4_latency_stepL2.cpp:2797 |    48 (3 calls)   |                  |                  |                  |                  |
|     + RunRealtimeGSUCellSharedQ610...    | subband_ref_q610_opt_stage4_latency_stepL2.cpp:2782 | 53,394 (6 calls)  |                  |                  |                  |                  |
|      + RunRealtimeGSUCellFixedQ610<...   | subband_ref_q610_opt_stage4_latency_stepL2.cpp:2757 | 53,382 (6 calls)  |                  |                  |                  |                  |
|         SnapshotGSUStateQ610<2>          | subband_ref_q610_opt_stage4_latency_stepL2.cpp:1921 |   192 (6 calls)   |                  |                  |                  |                  |
|       + RunRealtimeGSUMacPhaseFixedQ...  | subband_ref_q610_opt_stage4_latency_stepL2.cpp:2733 | 5,892 (6 calls)   |                  |                  |                  |                  |
|        + DotProductRealtimeFixedDspQ6... | subband_ref_q610_opt_stage4_latency_stepL2.cpp:2700 | 4,380 (12 calls)  |                  |                  |                  |                  |
|           MulForMacDspQ610               | subband_ref_q610_opt_stage4_latency_stepL2.cpp:1621 | 2,724 (12 calls)  |                  |                  |                  |                  |
|       + RunGSUGatePhaseBand0Q610<2, ...  | subband_ref_q610_opt_stage4_latency_stepL2.cpp:1877 | 47,130 (6 calls)  |                  |                  |                  |                  |
|          RoundShiftRight                 | subband_ref_q610_opt_stage4_latency_stepL2.cpp:164  | 8,028 (12 calls)  |                  |                  |                  |                  |
|        + SaturateInt16                   | subband_ref_q610_opt_stage4_latency_stepL2.cpp:152  | 1,848 (12 calls)  |                  |                  |                  |                  |
|           max                            | limits:862                                          |    24 (24 calls)  |                  |                  |                  |                  |
|           min                            | limits:859                                          |    24 (24 calls)  |                  |                  |                  |                  |
|        + SigmoidPwlQ610Fabric            | subband_ref_q610_opt_stage4_latency_stepL2.cpp:1660 | 6,276 (6 calls)   |                  |                  |                  |                  |
|         + SaturateInt16                  | subband_ref_q610_opt_stage4_latency_stepL2.cpp:152  |   924 (6 calls)   |                  |                  |                  |                  |
|            max                           | limits:862                                          |    12 (12 calls)  |                  |                  |                  |                  |
|            min                           | limits:859                                          |    12 (12 calls)  |                  |                  |                  |                  |
|         + SubQ610                        | subband_ref_q610_opt_stage4_latency_stepL2.cpp:185  | 2,244 (6 calls)   |                  |                  |                  |                  |
|          + SaturateInt16                 | subband_ref_q610_opt_stage4_latency_stepL2.cpp:152  |   924 (6 calls)   |                  |                  |                  |                  |
|             max                          | limits:862                                          |    12 (12 calls)  |                  |                  |                  |                  |
|             min                          | limits:859                                          |    12 (12 calls)  |                  |                  |                  |                  |
|        + SubQ610                         | subband_ref_q610_opt_stage4_latency_stepL2.cpp:185  | 2,244 (6 calls)   |                  |                  |                  |                  |
|         + SaturateInt16                  | subband_ref_q610_opt_stage4_latency_stepL2.cpp:152  |   924 (6 calls)   |                  |                  |                  |                  |
|            max                           | limits:862                                          |    12 (12 calls)  |                  |                  |                  |                  |
|            min                           | limits:859                                          |    12 (12 calls)  |                  |                  |                  |                  |
|        + MulGateUpdateQ610<true>         | subband_ref_q610_opt_stage4_latency_stepL2.cpp:1649 | 12,744 (12 calls) |                  |                  |                  |                  |
|         + MulQ610Dsp                     | subband_ref_q610_opt_stage4_latency_stepL2.cpp:1637 | 12,648 (12 calls) |                  |                  |                  |                  |
|            RoundShiftRight               | subband_ref_q610_opt_stage4_latency_stepL2.cpp:164  | 8,028 (12 calls)  |                  |                  |                  |                  |
|          + SaturateInt16                 | subband_ref_q610_opt_stage4_latency_stepL2.cpp:152  | 1,848 (12 calls)  |                  |                  |                  |                  |
|             max                          | limits:862                                          |    24 (24 calls)  |                  |                  |                  |                  |
|             min                          | limits:859                                          |    24 (24 calls)  |                  |                  |                  |                  |
|        + AddQ610                         | subband_ref_q610_opt_stage4_latency_stepL2.cpp:181  | 4,488 (12 calls)  |                  |                  |                  |                  |
|         + SaturateInt16                  | subband_ref_q610_opt_stage4_latency_stepL2.cpp:152  | 1,848 (12 calls)  |                  |                  |                  |                  |
|            max                           | limits:862                                          |    24 (24 calls)  |                  |                  |                  |                  |
|            min                           | limits:859                                          |    24 (24 calls)  |                  |                  |                  |                  |
|        + MulQ610Dsp                      | subband_ref_q610_opt_stage4_latency_stepL2.cpp:1637 | 6,324 (6 calls)   |                  |                  |                  |                  |
|           RoundShiftRight                | subband_ref_q610_opt_stage4_latency_stepL2.cpp:164  | 4,014 (6 calls)   |                  |                  |                  |                  |
|         + SaturateInt16                  | subband_ref_q610_opt_stage4_latency_stepL2.cpp:152  |   924 (6 calls)   |                  |                  |                  |                  |
|            max                           | limits:862                                          |    12 (12 calls)  |                  |                  |                  |                  |
|            min                           | limits:859                                          |    12 (12 calls)  |                  |                  |                  |                  |
|          StepActivationQ610              | subband_ref_q610_opt_stage4_latency_stepL2.cpp:189  |   210 (6 calls)   |                  |                  |                  |                  |
|    + LoadRealtimeProjectionWeight...     | subband_ref_q610_opt_stage4_latency_stepL2.cpp:2591 | 1,719 (3 calls)   |                  |                  |                  |                  |
|       RealtimeWeightWordIndex            | subband_ref_q610_opt_stage4_latency_stepL2.cpp:2371 |    18 (9 calls)   |                  |                  |                  |                  |
|       ExtractPackedRealtimeWeightQ...    | subband_ref_q610_opt_stage4_latency_stepL2.cpp:2364 |   999 (9 calls)   |                  |                  |                  |                  |
|       RoundUpRealtimeWeightElement...    | subband_ref_q610.hpp:111                            |    15 (3 calls)   |                  |                  |                  |                  |
|    + RunRealtimeProjectionBandQ61...     | subband_ref_q610_opt_stage4_latency_stepL2.cpp:3029 | 4,998 (3 calls)   |                  |                  |                  |                  |
|       RealtimeBandOutputOffset           | subband_ref_q610_opt_stage4_latency_stepL2.cpp:2416 |    27 (3 calls)   |                  |                  |                  |                  |
|       RealtimeBandTotalFreqs             | subband_ref_q610_opt_stage4_latency_stepL2.cpp:2427 |    18 (3 calls)   |                  |                  |                  |                  |
|       CopyRealtimeHiddenVectorQ610...    | subband_ref_q610_opt_stage4_latency_stepL2.cpp:2797 |    48 (3 calls)   |                  |                  |                  |                  |
|     + ProjectionDotProductRealtime...    | subband_ref_q610_opt_stage4_latency_stepL2.cpp:2999 | 1,086 (3 calls)   |                  |                  |                  |                  |
|        MulForMacDspQ610                  | subband_ref_q610_opt_stage4_latency_stepL2.cpp:1621 |   681 (3 calls)   |                  |                  |                  |                  |
|       RoundShiftRight                    | subband_ref_q610_opt_stage4_latency_stepL2.cpp:164  | 2,007 (3 calls)   |                  |                  |                  |                  |
|     + SaturateInt16                      | subband_ref_q610_opt_stage4_latency_stepL2.cpp:152  |   462 (3 calls)   |                  |                  |                  |                  |
|        max                               | limits:862                                          |     6 (6 calls)   |                  |                  |                  |                  |
|        min                               | limits:859                                          |     6 (6 calls)   |                  |                  |                  |                  |
|   + EmitRealtimeOutputChunkQ610          | subband_ref_q610_opt_stage4_latency_stepL2.cpp:2465 |   267             |                  |                  |                  |                  |
|      MakeAxisQ610                        | subband_ref_q610_opt_stage4_latency_stepL2.cpp:2376 |   173             |                  |                  |                  |                  |
|    ReadRealtimeInputChunkQ610            | subband_ref_q610_opt_stage4_latency_stepL2.cpp:2443 |                   |    78            |    62            |    45            |    50            |
|    ClearRealtimeStatesQ610               | subband_ref_q610_opt_stage4_latency_stepL2.cpp:2483 |                   |    24            |    64            |    64            |    75            |
|  + RunRealtimeBandQ610                   | subband_ref_q610_opt_stage4_latency_stepL2.cpp:3077 |                   | 24,786 (3 calls) | 51,861 (3 calls) | 46,056 (3 calls) | 46,275 (3 calls) |
|   + RunRealtimeGSULayersSharedBa...      | subband_ref_q610_opt_stage4_latency_stepL2.cpp:2866 |                   | 21,627 (3 calls) | 43,410 (3 calls) | 38,949 (3 calls) | 39,093 (3 calls) |
|      LoadRealtimeGSULayerWeightsQ...     | subband_ref_q610_opt_stage4_latency_stepL2.cpp:2502 |                   | 1,644 (3 calls)  |   933 (3 calls)  |   927 (3 calls)  | 1,059 (3 calls)  |
|      BuildRealtimeBandInputQ610          | subband_ref_q610_opt_stage4_latency_stepL2.cpp:2643 |                   |   207 (3 calls)  | 2,229 (3 calls)  | 2,214 (3 calls)  | 2,229 (3 calls)  |
|    + RunRealtimeGSUCellSharedQ610...     | subband_ref_q610_opt_stage4_latency_stepL2.cpp:2782 |                   | 19,590 (6 calls) | 35,328 (6 calls) | 31,572 (6 calls) | 31,524 (6 calls) |
|     + RunRealtimeGSUCellFixedQ610<...    | subband_ref_q610_opt_stage4_latency_stepL2.cpp:2757 |                   | 19,578 (6 calls) | 35,316 (6 calls) | 30,216 (6 calls) | 30,162 (6 calls) |
|        SnapshotGSUStateQ610<2>           | subband_ref_q610_opt_stage4_latency_stepL2.cpp:1921 |                   |   138 (6 calls)  | 6,294 (6 calls)  | 6,294 (6 calls)  | 6,324 (6 calls)  |
|        RunRealtimeGSUMacPhaseFixedQ...   | subband_ref_q610_opt_stage4_latency_stepL2.cpp:2733 |                   | 14,466 (6 calls) | 19,614 (6 calls) | 13,470 (6 calls) | 13,602 (6 calls) |
|      + RunGSUGatePhaseBand0Q610<2, ...   | subband_ref_q610_opt_stage4_latency_stepL2.cpp:1877 |                   | 4,896 (6 calls)  | 6,678 (6 calls)  | 5,034 (6 calls)  | 4,806 (6 calls)  |
|         RoundShiftRight                  | subband_ref_q610_opt_stage4_latency_stepL2.cpp:164  |                   | 1,140 (60 calls) | 1,140 (60 calls) | 1,080 (60 calls) | 1,080 (60 calls) |
|         SaturateInt16                    | subband_ref_q610_opt_stage4_latency_stepL2.cpp:152  |                   |   936 (72 calls) |   936 (72 calls) |   864 (72 calls) |   864 (72 calls) |
|     LoadRealtimeProjectionWeight...      | subband_ref_q610_opt_stage4_latency_stepL2.cpp:2591 |                   |   930 (3 calls)  |   555 (3 calls)  |   627 (3 calls)  |   639 (3 calls)  |
|     RunRealtimeProjectionBandQ61...      | subband_ref_q610_opt_stage4_latency_stepL2.cpp:3029 |                   | 2,187 (3 calls)  | 7,854 (3 calls)  | 6,444 (3 calls)  | 6,504 (3 calls)  |
|    EmitRealtimeOutputChunkQ610           | subband_ref_q610_opt_stage4_latency_stepL2.cpp:2465 |                   |    42            |    70            |    47            |    42            |
+------------------------------------------+-----------------------------------------------------+-------------------+------------------+------------------+------------------+------------------+

* Design Size Message Settings
+---------------------------------------------+--------+------------------------------------------------------------------+
| Message Setting                             | Value  | Description                                                      |
+---------------------------------------------+--------+------------------------------------------------------------------+
| config_compile -design_size_maximum_warning | 100000 | Show a warning when total design instructions exceeds this value |
+---------------------------------------------+--------+------------------------------------------------------------------+


