

================================================================
== Vitis HLS Report for 'p_anonymous_namespace_EmitRealtimeOutputChunkQ610'
================================================================
* Date:           Thu May 14 12:27:37 2026

* Version:        2023.2 (Build 4023990 on Oct 11 2023)
* Project:        subband_q610_realtime_hls
* Solution:       solution1 (Vivado IP Flow Target)
* Product family: zynq
* Target device:  xc7z020-clg400-1


================================================================
== Performance Estimates
================================================================
+ Timing: 
    * Summary: 
    +--------+----------+----------+------------+
    |  Clock |  Target  | Estimated| Uncertainty|
    +--------+----------+----------+------------+
    |ap_clk  |  10.00 ns|  7.562 ns|     2.70 ns|
    +--------+----------+----------+------------+

+ Latency: 
    * Summary: 
    +---------+---------+-----------+-----------+-----+------+---------+
    |  Latency (cycles) |   Latency (absolute)  |  Interval  | Pipeline|
    |   min   |   max   |    min    |    max    | min |  max |   Type  |
    +---------+---------+-----------+-----------+-----+------+---------+
    |        9|     4625|  90.000 ns|  46.250 us|    9|  4625|       no|
    +---------+---------+-----------+-----------+-----+------+---------+

    + Detail: 
        * Instance: 
        +----------------------------------------------------------------------------------------+------------------------------------------------------------------------------+---------+---------+-----------+-----------+------+------+---------+
        |                                                                                        |                                                                              |  Latency (cycles) |   Latency (absolute)  |   Interval  | Pipeline|
        |                                        Instance                                        |                                    Module                                    |   min   |   max   |    min    |    max    |  min |  max |   Type  |
        +----------------------------------------------------------------------------------------+------------------------------------------------------------------------------+---------+---------+-----------+-----------+------+------+---------+
        |grp_p_anonymous_namespace_EmitRealtimeOutputChunkQ610_Pipeline_VITIS_LOOP_2473_2_fu_78  |p_anonymous_namespace_EmitRealtimeOutputChunkQ610_Pipeline_VITIS_LOOP_2473_2  |     1154|     1154|  11.540 us|  11.540 us|  1154|  1154|       no|
        +----------------------------------------------------------------------------------------+------------------------------------------------------------------------------+---------+---------+-----------+-----------+------+------+---------+

        * Loop: 
        +---------------------+---------+---------+----------+-----------+-----------+------+----------+
        |                     |  Latency (cycles) | Iteration|  Initiation Interval  | Trip |          |
        |      Loop Name      |   min   |   max   |  Latency |  achieved |   target  | Count| Pipelined|
        +---------------------+---------+---------+----------+-----------+-----------+------+----------+
        |- VITIS_LOOP_2470_1  |        8|     4624|  2 ~ 1156|          -|          -|     4|        no|
        +---------------------+---------+---------+----------+-----------+-----------+------+----------+



================================================================
== Utilization Estimates
================================================================
* Summary: 
+-----------------+---------+-----+--------+-------+-----+
|       Name      | BRAM_18K| DSP |   FF   |  LUT  | URAM|
+-----------------+---------+-----+--------+-------+-----+
|DSP              |        -|    -|       -|      -|    -|
|Expression       |        -|    -|       0|     61|    -|
|FIFO             |        -|    -|       -|      -|    -|
|Instance         |        -|    -|      15|    103|    -|
|Memory           |        -|    -|       -|      -|    -|
|Multiplexer      |        -|    -|       -|     29|    -|
|Register         |        -|    -|      19|      -|    -|
+-----------------+---------+-----+--------+-------+-----+
|Total            |        0|    0|      34|    193|    0|
+-----------------+---------+-----+--------+-------+-----+
|Available        |      280|  220|  106400|  53200|    0|
+-----------------+---------+-----+--------+-------+-----+
|Utilization (%)  |        0|    0|      ~0|     ~0|    0|
+-----------------+---------+-----+--------+-------+-----+

+ Detail: 
    * Instance: 
    +----------------------------------------------------------------------------------------+------------------------------------------------------------------------------+---------+----+----+-----+-----+
    |                                        Instance                                        |                                    Module                                    | BRAM_18K| DSP| FF | LUT | URAM|
    +----------------------------------------------------------------------------------------+------------------------------------------------------------------------------+---------+----+----+-----+-----+
    |grp_p_anonymous_namespace_EmitRealtimeOutputChunkQ610_Pipeline_VITIS_LOOP_2473_2_fu_78  |p_anonymous_namespace_EmitRealtimeOutputChunkQ610_Pipeline_VITIS_LOOP_2473_2  |        0|   0|  15|  103|    0|
    +----------------------------------------------------------------------------------------+------------------------------------------------------------------------------+---------+----+----+-----+-----+
    |Total                                                                                   |                                                                              |        0|   0|  15|  103|    0|
    +----------------------------------------------------------------------------------------+------------------------------------------------------------------------------+---------+----+----+-----+-----+

    * DSP: 
    N/A

    * Memory: 
    N/A

    * FIFO: 
    N/A

    * Expression: 
    +--------------------------------------------------------------------------------------------------------------+----------+----+---+----+------------+------------+
    |                                                 Variable Name                                                | Operation| DSP| FF| LUT| Bitwidth P0| Bitwidth P1|
    +--------------------------------------------------------------------------------------------------------------+----------+----+---+----+------------+------------+
    |add_ln2470_fu_114_p2                                                                                          |         +|   0|  0|  11|           3|           1|
    |sub_fu_94_p2                                                                                                  |         +|   0|  0|  11|           3|           2|
    |ap_block_state3_on_subcall_done                                                                               |       and|   0|  0|   2|           1|           1|
    |grp_p_anonymous_namespace_EmitRealtimeOutputChunkQ610_Pipeline_VITIS_LOOP_2473_2_fu_78_df_coef_stream_TREADY  |       and|   0|  0|   2|           1|           1|
    |cmp6_fu_125_p2                                                                                                |      icmp|   0|  0|  11|           3|           3|
    |icmp_ln2470_fu_108_p2                                                                                         |      icmp|   0|  0|  13|           3|           4|
    |icmp_ln2472_fu_120_p2                                                                                         |      icmp|   0|  0|  11|           3|           3|
    +--------------------------------------------------------------------------------------------------------------+----------+----+---+----+------------+------------+
    |Total                                                                                                         |          |   0|  0|  61|          17|          15|
    +--------------------------------------------------------------------------------------------------------------+----------+----+---+----+------------+------------+

    * Multiplexer: 
    +-------------------+----+-----------+-----+-----------+
    |        Name       | LUT| Input Size| Bits| Total Bits|
    +-------------------+----+-----------+-----+-----------+
    |ap_NS_fsm          |  20|          4|    1|          4|
    |frame_index_fu_68  |   9|          2|    3|          6|
    +-------------------+----+-----------+-----+-----------+
    |Total              |  29|          6|    4|         10|
    +-------------------+----+-----------+-----+-----------+

    * Register: 
    +-----------------------------------------------------------------------------------------------------+---+----+-----+-----------+
    |                                                 Name                                                | FF| LUT| Bits| Const Bits|
    +-----------------------------------------------------------------------------------------------------+---+----+-----+-----------+
    |add_ln2470_reg_174                                                                                   |  3|   0|    3|          0|
    |ap_CS_fsm                                                                                            |  3|   0|    3|          0|
    |cmp6_reg_183                                                                                         |  1|   0|    1|          0|
    |frame_index_fu_68                                                                                    |  3|   0|    3|          0|
    |grp_p_anonymous_namespace_EmitRealtimeOutputChunkQ610_Pipeline_VITIS_LOOP_2473_2_fu_78_ap_start_reg  |  1|   0|    1|          0|
    |icmp_ln2472_reg_179                                                                                  |  1|   0|    1|          0|
    |or_ln_reg_188                                                                                        |  4|   0|   13|          9|
    |sub_reg_166                                                                                          |  3|   0|    3|          0|
    +-----------------------------------------------------------------------------------------------------+---+----+-----+-----------+
    |Total                                                                                                | 19|   0|   28|          9|
    +-----------------------------------------------------------------------------------------------------+---+----+-----+-----------+



================================================================
== Interface
================================================================
* Summary: 
+-----------------------+-----+-----+------------+--------------------------------------------------+--------------+
|       RTL Ports       | Dir | Bits|  Protocol  |                   Source Object                  |    C Type    |
+-----------------------+-----+-----+------------+--------------------------------------------------+--------------+
|ap_clk                 |   in|    1|  ap_ctrl_hs|  (anonymous namespace)EmitRealtimeOutputChunkQ610|  return value|
|ap_rst                 |   in|    1|  ap_ctrl_hs|  (anonymous namespace)EmitRealtimeOutputChunkQ610|  return value|
|ap_start               |   in|    1|  ap_ctrl_hs|  (anonymous namespace)EmitRealtimeOutputChunkQ610|  return value|
|ap_done                |  out|    1|  ap_ctrl_hs|  (anonymous namespace)EmitRealtimeOutputChunkQ610|  return value|
|ap_idle                |  out|    1|  ap_ctrl_hs|  (anonymous namespace)EmitRealtimeOutputChunkQ610|  return value|
|ap_ready               |  out|    1|  ap_ctrl_hs|  (anonymous namespace)EmitRealtimeOutputChunkQ610|  return value|
|num_frames             |   in|    3|     ap_none|                                        num_frames|        scalar|
|df_coef_stream_TDATA   |  out|   16|        axis|                           df_coef_stream_V_data_V|       pointer|
|df_coef_stream_TVALID  |  out|    1|        axis|                           df_coef_stream_V_last_V|       pointer|
|df_coef_stream_TREADY  |   in|    1|        axis|                           df_coef_stream_V_last_V|       pointer|
|df_coef_stream_TLAST   |  out|    1|        axis|                           df_coef_stream_V_last_V|       pointer|
|df_coef_stream_TKEEP   |  out|    2|        axis|                           df_coef_stream_V_keep_V|       pointer|
|df_coef_stream_TSTRB   |  out|    2|        axis|                           df_coef_stream_V_strb_V|       pointer|
|output_chunk_address0  |  out|   13|   ap_memory|                                      output_chunk|         array|
|output_chunk_ce0       |  out|    1|   ap_memory|                                      output_chunk|         array|
|output_chunk_q0        |   in|   16|   ap_memory|                                      output_chunk|         array|
+-----------------------+-----+-----+------------+--------------------------------------------------+--------------+

