

================================================================
== Vitis HLS Report for 'p_anonymous_namespace_RunRealtimeGSUCellSharedQ610'
================================================================
* Date:           Thu May 14 12:27:30 2026

* Version:        2023.2 (Build 4023990 on Oct 11 2023)
* Project:        subband_q610_realtime_hls
* Solution:       solution1 (Vivado IP Flow Target)
* Product family: zynq
* Target device:  xc7z020-clg400-1


================================================================
== Performance Estimates
================================================================
+ Timing: 
    * Summary: 
    +--------+----------+----------+------------+
    |  Clock |  Target  | Estimated| Uncertainty|
    +--------+----------+----------+------------+
    |ap_clk  |  10.00 ns|  8.563 ns|     2.70 ns|
    +--------+----------+----------+------------+

+ Latency: 
    * Summary: 
    +---------+---------+-----------+-----------+------+------+---------+
    |  Latency (cycles) |   Latency (absolute)  |   Interval  | Pipeline|
    |   min   |   max   |    min    |    max    |  min |  max |   Type  |
    +---------+---------+-----------+-----------+------+------+---------+
    |     2161|     2161|  21.610 us|  21.610 us|  2161|  2161|       no|
    +---------+---------+-----------+-----------+------+------+---------+

    + Detail: 
        * Instance: 
        +----------------------------------------------------------------------------------+----------------------------------------------------------------------+---------+---------+-----------+-----------+------+------+---------+
        |                                                                                  |                                                                      |  Latency (cycles) |   Latency (absolute)  |   Interval  | Pipeline|
        |                                     Instance                                     |                                Module                                |   min   |   max   |    min    |    max    |  min |  max |   Type  |
        +----------------------------------------------------------------------------------+----------------------------------------------------------------------+---------+---------+-----------+-----------+------+------+---------+
        |grp_p_anonymous_namespace_RunRealtimeGSUCellFixedQ610_224_2_32_32_true_s_fu_1938  |p_anonymous_namespace_RunRealtimeGSUCellFixedQ610_224_2_32_32_true_s  |     2160|     2160|  21.600 us|  21.600 us|  2160|  2160|       no|
        +----------------------------------------------------------------------------------+----------------------------------------------------------------------+---------+---------+-----------+-----------+------+------+---------+

        * Loop: 
        N/A



================================================================
== Utilization Estimates
================================================================
* Summary: 
+-----------------+---------+-----+--------+-------+-----+
|       Name      | BRAM_18K| DSP |   FF   |  LUT  | URAM|
+-----------------+---------+-----+--------+-------+-----+
|DSP              |        -|    -|       -|      -|    -|
|Expression       |        -|    -|       -|      -|    -|
|FIFO             |        -|    -|       -|      -|    -|
|Instance         |        0|  134|   18311|  18842|    -|
|Memory           |        -|    -|       -|      -|    -|
|Multiplexer      |        -|    -|       -|     14|    -|
|Register         |        -|    -|      33|      -|    -|
+-----------------+---------+-----+--------+-------+-----+
|Total            |        0|  134|   18344|  18856|    0|
+-----------------+---------+-----+--------+-------+-----+
|Available        |      280|  220|  106400|  53200|    0|
+-----------------+---------+-----+--------+-------+-----+
|Utilization (%)  |        0|   60|      17|     35|    0|
+-----------------+---------+-----+--------+-------+-----+

+ Detail: 
    * Instance: 
    +----------------------------------------------------------------------------------+----------------------------------------------------------------------+---------+-----+-------+-------+-----+
    |                                     Instance                                     |                                Module                                | BRAM_18K| DSP |   FF  |  LUT  | URAM|
    +----------------------------------------------------------------------------------+----------------------------------------------------------------------+---------+-----+-------+-------+-----+
    |grp_p_anonymous_namespace_RunRealtimeGSUCellFixedQ610_224_2_32_32_true_s_fu_1938  |p_anonymous_namespace_RunRealtimeGSUCellFixedQ610_224_2_32_32_true_s  |        0|  134|  18311|  18842|    0|
    +----------------------------------------------------------------------------------+----------------------------------------------------------------------+---------+-----+-------+-------+-----+
    |Total                                                                             |                                                                      |        0|  134|  18311|  18842|    0|
    +----------------------------------------------------------------------------------+----------------------------------------------------------------------+---------+-----+-------+-------+-----+

    * DSP: 
    N/A

    * Memory: 
    N/A

    * FIFO: 
    N/A

    * Expression: 
    N/A

    * Multiplexer: 
    +-----------+----+-----------+-----+-----------+
    |    Name   | LUT| Input Size| Bits| Total Bits|
    +-----------+----+-----------+-----+-----------+
    |ap_NS_fsm  |  14|          3|    1|          3|
    +-----------+----+-----------+-----+-----------+
    |Total      |  14|          3|    1|          3|
    +-----------+----+-----------+-----+-----------+

    * Register: 
    +-----------------------------------------------------------------------------------------------+---+----+-----+-----------+
    |                                              Name                                             | FF| LUT| Bits| Const Bits|
    +-----------------------------------------------------------------------------------------------+---+----+-----+-----------+
    |ap_CS_fsm                                                                                      |  2|   0|    2|          0|
    |empty_629_reg_3623                                                                             |  2|   0|    2|          0|
    |empty_630_reg_3628                                                                             |  3|   0|    3|          0|
    |empty_631_reg_3633                                                                             |  2|   0|    2|          0|
    |empty_632_reg_3638                                                                             |  3|   0|    3|          0|
    |empty_633_reg_3643                                                                             |  2|   0|    2|          0|
    |empty_634_reg_3648                                                                             |  3|   0|    3|          0|
    |empty_635_reg_3653                                                                             |  2|   0|    2|          0|
    |empty_636_reg_3658                                                                             |  3|   0|    3|          0|
    |empty_637_reg_3663                                                                             |  2|   0|    2|          0|
    |empty_638_reg_3668                                                                             |  3|   0|    3|          0|
    |empty_639_reg_3673                                                                             |  2|   0|    2|          0|
    |empty_reg_3618                                                                                 |  3|   0|    3|          0|
    |grp_p_anonymous_namespace_RunRealtimeGSUCellFixedQ610_224_2_32_32_true_s_fu_1938_ap_start_reg  |  1|   0|    1|          0|
    +-----------------------------------------------------------------------------------------------+---+----+-----+-----------+
    |Total                                                                                          | 33|   0|   33|          0|
    +-----------------------------------------------------------------------------------------------+---+----+-----+-----------+



================================================================
== Interface
================================================================
* Summary: 
+---------------------------+-----+-----+------------+----------------------------------------------------+--------------+
|         RTL Ports         | Dir | Bits|  Protocol  |                    Source Object                   |    C Type    |
+---------------------------+-----+-----+------------+----------------------------------------------------+--------------+
|ap_clk                     |   in|    1|  ap_ctrl_hs|  p_anonymous_namespace_RunRealtimeGSUCellSharedQ610|  return value|
|ap_rst                     |   in|    1|  ap_ctrl_hs|  p_anonymous_namespace_RunRealtimeGSUCellSharedQ610|  return value|
|ap_start                   |   in|    1|  ap_ctrl_hs|  p_anonymous_namespace_RunRealtimeGSUCellSharedQ610|  return value|
|ap_done                    |  out|    1|  ap_ctrl_hs|  p_anonymous_namespace_RunRealtimeGSUCellSharedQ610|  return value|
|ap_idle                    |  out|    1|  ap_ctrl_hs|  p_anonymous_namespace_RunRealtimeGSUCellSharedQ610|  return value|
|ap_ready                   |  out|    1|  ap_ctrl_hs|  p_anonymous_namespace_RunRealtimeGSUCellSharedQ610|  return value|
|p_read                     |   in|   16|     ap_none|                                              p_read|        scalar|
|p_read1                    |   in|   16|     ap_none|                                             p_read1|        scalar|
|p_read2                    |   in|   16|     ap_none|                                             p_read2|        scalar|
|p_read3                    |   in|   16|     ap_none|                                             p_read3|        scalar|
|p_read4                    |   in|   16|     ap_none|                                             p_read4|        scalar|
|p_read5                    |   in|   16|     ap_none|                                             p_read5|        scalar|
|p_read6                    |   in|   16|     ap_none|                                             p_read6|        scalar|
|p_read7                    |   in|   16|     ap_none|                                             p_read7|        scalar|
|p_read8                    |   in|   16|     ap_none|                                             p_read8|        scalar|
|p_read9                    |   in|   16|     ap_none|                                             p_read9|        scalar|
|p_read10                   |   in|   16|     ap_none|                                            p_read10|        scalar|
|p_read11                   |   in|   16|     ap_none|                                            p_read11|        scalar|
|p_read12                   |   in|   16|     ap_none|                                            p_read12|        scalar|
|p_read13                   |   in|   16|     ap_none|                                            p_read13|        scalar|
|p_read14                   |   in|   16|     ap_none|                                            p_read14|        scalar|
|p_read15                   |   in|   16|     ap_none|                                            p_read15|        scalar|
|p_read16                   |   in|   16|     ap_none|                                            p_read16|        scalar|
|p_read17                   |   in|   16|     ap_none|                                            p_read17|        scalar|
|p_read18                   |   in|   16|     ap_none|                                            p_read18|        scalar|
|p_read19                   |   in|   16|     ap_none|                                            p_read19|        scalar|
|p_read20                   |   in|   16|     ap_none|                                            p_read20|        scalar|
|p_read21                   |   in|   16|     ap_none|                                            p_read21|        scalar|
|p_read22                   |   in|   16|     ap_none|                                            p_read22|        scalar|
|p_read23                   |   in|   16|     ap_none|                                            p_read23|        scalar|
|p_read24                   |   in|   16|     ap_none|                                            p_read24|        scalar|
|p_read25                   |   in|   16|     ap_none|                                            p_read25|        scalar|
|p_read26                   |   in|   16|     ap_none|                                            p_read26|        scalar|
|p_read27                   |   in|   16|     ap_none|                                            p_read27|        scalar|
|p_read28                   |   in|   16|     ap_none|                                            p_read28|        scalar|
|p_read29                   |   in|   16|     ap_none|                                            p_read29|        scalar|
|p_read30                   |   in|   16|     ap_none|                                            p_read30|        scalar|
|p_read31                   |   in|   16|     ap_none|                                            p_read31|        scalar|
|p_read32                   |   in|   16|     ap_none|                                            p_read32|        scalar|
|p_read33                   |   in|   16|     ap_none|                                            p_read33|        scalar|
|p_read34                   |   in|   16|     ap_none|                                            p_read34|        scalar|
|p_read35                   |   in|   16|     ap_none|                                            p_read35|        scalar|
|p_read36                   |   in|   16|     ap_none|                                            p_read36|        scalar|
|p_read37                   |   in|   16|     ap_none|                                            p_read37|        scalar|
|p_read38                   |   in|   16|     ap_none|                                            p_read38|        scalar|
|p_read39                   |   in|   16|     ap_none|                                            p_read39|        scalar|
|p_read40                   |   in|   16|     ap_none|                                            p_read40|        scalar|
|p_read41                   |   in|   16|     ap_none|                                            p_read41|        scalar|
|p_read42                   |   in|   16|     ap_none|                                            p_read42|        scalar|
|p_read43                   |   in|   16|     ap_none|                                            p_read43|        scalar|
|p_read44                   |   in|   16|     ap_none|                                            p_read44|        scalar|
|p_read45                   |   in|   16|     ap_none|                                            p_read45|        scalar|
|p_read46                   |   in|   16|     ap_none|                                            p_read46|        scalar|
|p_read47                   |   in|   16|     ap_none|                                            p_read47|        scalar|
|p_read48                   |   in|   16|     ap_none|                                            p_read48|        scalar|
|p_read49                   |   in|   16|     ap_none|                                            p_read49|        scalar|
|p_read50                   |   in|   16|     ap_none|                                            p_read50|        scalar|
|p_read51                   |   in|   16|     ap_none|                                            p_read51|        scalar|
|p_read52                   |   in|   16|     ap_none|                                            p_read52|        scalar|
|p_read53                   |   in|   16|     ap_none|                                            p_read53|        scalar|
|p_read54                   |   in|   16|     ap_none|                                            p_read54|        scalar|
|p_read55                   |   in|   16|     ap_none|                                            p_read55|        scalar|
|p_read56                   |   in|   16|     ap_none|                                            p_read56|        scalar|
|p_read57                   |   in|   16|     ap_none|                                            p_read57|        scalar|
|p_read58                   |   in|   16|     ap_none|                                            p_read58|        scalar|
|p_read59                   |   in|   16|     ap_none|                                            p_read59|        scalar|
|p_read60                   |   in|   16|     ap_none|                                            p_read60|        scalar|
|p_read61                   |   in|   16|     ap_none|                                            p_read61|        scalar|
|p_read62                   |   in|   16|     ap_none|                                            p_read62|        scalar|
|p_read63                   |   in|   16|     ap_none|                                            p_read63|        scalar|
|p_read64                   |   in|   16|     ap_none|                                            p_read64|        scalar|
|p_read65                   |   in|   16|     ap_none|                                            p_read65|        scalar|
|p_read66                   |   in|   16|     ap_none|                                            p_read66|        scalar|
|p_read67                   |   in|   16|     ap_none|                                            p_read67|        scalar|
|p_read68                   |   in|   16|     ap_none|                                            p_read68|        scalar|
|p_read69                   |   in|   16|     ap_none|                                            p_read69|        scalar|
|p_read70                   |   in|   16|     ap_none|                                            p_read70|        scalar|
|p_read71                   |   in|   16|     ap_none|                                            p_read71|        scalar|
|p_read72                   |   in|   16|     ap_none|                                            p_read72|        scalar|
|p_read73                   |   in|   16|     ap_none|                                            p_read73|        scalar|
|p_read74                   |   in|   16|     ap_none|                                            p_read74|        scalar|
|p_read75                   |   in|   16|     ap_none|                                            p_read75|        scalar|
|p_read76                   |   in|   16|     ap_none|                                            p_read76|        scalar|
|p_read77                   |   in|   16|     ap_none|                                            p_read77|        scalar|
|p_read78                   |   in|   16|     ap_none|                                            p_read78|        scalar|
|p_read79                   |   in|   16|     ap_none|                                            p_read79|        scalar|
|p_read80                   |   in|   16|     ap_none|                                            p_read80|        scalar|
|p_read81                   |   in|   16|     ap_none|                                            p_read81|        scalar|
|p_read82                   |   in|   16|     ap_none|                                            p_read82|        scalar|
|p_read83                   |   in|   16|     ap_none|                                            p_read83|        scalar|
|p_read84                   |   in|   16|     ap_none|                                            p_read84|        scalar|
|p_read85                   |   in|   16|     ap_none|                                            p_read85|        scalar|
|p_read86                   |   in|   16|     ap_none|                                            p_read86|        scalar|
|p_read87                   |   in|   16|     ap_none|                                            p_read87|        scalar|
|p_read88                   |   in|   16|     ap_none|                                            p_read88|        scalar|
|p_read89                   |   in|   16|     ap_none|                                            p_read89|        scalar|
|p_read90                   |   in|   16|     ap_none|                                            p_read90|        scalar|
|p_read91                   |   in|   16|     ap_none|                                            p_read91|        scalar|
|p_read92                   |   in|   16|     ap_none|                                            p_read92|        scalar|
|p_read93                   |   in|   16|     ap_none|                                            p_read93|        scalar|
|p_read94                   |   in|   16|     ap_none|                                            p_read94|        scalar|
|p_read95                   |   in|   16|     ap_none|                                            p_read95|        scalar|
|p_read96                   |   in|   16|     ap_none|                                            p_read96|        scalar|
|p_read97                   |   in|   16|     ap_none|                                            p_read97|        scalar|
|p_read98                   |   in|   16|     ap_none|                                            p_read98|        scalar|
|p_read99                   |   in|   16|     ap_none|                                            p_read99|        scalar|
|p_read100                  |   in|   16|     ap_none|                                           p_read100|        scalar|
|p_read101                  |   in|   16|     ap_none|                                           p_read101|        scalar|
|p_read102                  |   in|   16|     ap_none|                                           p_read102|        scalar|
|p_read103                  |   in|   16|     ap_none|                                           p_read103|        scalar|
|p_read104                  |   in|   16|     ap_none|                                           p_read104|        scalar|
|p_read105                  |   in|   16|     ap_none|                                           p_read105|        scalar|
|p_read106                  |   in|   16|     ap_none|                                           p_read106|        scalar|
|p_read107                  |   in|   16|     ap_none|                                           p_read107|        scalar|
|p_read108                  |   in|   16|     ap_none|                                           p_read108|        scalar|
|p_read109                  |   in|   16|     ap_none|                                           p_read109|        scalar|
|p_read110                  |   in|   16|     ap_none|                                           p_read110|        scalar|
|p_read111                  |   in|   16|     ap_none|                                           p_read111|        scalar|
|p_read112                  |   in|   16|     ap_none|                                           p_read112|        scalar|
|p_read113                  |   in|   16|     ap_none|                                           p_read113|        scalar|
|p_read114                  |   in|   16|     ap_none|                                           p_read114|        scalar|
|p_read115                  |   in|   16|     ap_none|                                           p_read115|        scalar|
|p_read116                  |   in|   16|     ap_none|                                           p_read116|        scalar|
|p_read117                  |   in|   16|     ap_none|                                           p_read117|        scalar|
|p_read118                  |   in|   16|     ap_none|                                           p_read118|        scalar|
|p_read119                  |   in|   16|     ap_none|                                           p_read119|        scalar|
|p_read120                  |   in|   16|     ap_none|                                           p_read120|        scalar|
|p_read121                  |   in|   16|     ap_none|                                           p_read121|        scalar|
|p_read122                  |   in|   16|     ap_none|                                           p_read122|        scalar|
|p_read123                  |   in|   16|     ap_none|                                           p_read123|        scalar|
|p_read124                  |   in|   16|     ap_none|                                           p_read124|        scalar|
|p_read125                  |   in|   16|     ap_none|                                           p_read125|        scalar|
|p_read126                  |   in|   16|     ap_none|                                           p_read126|        scalar|
|p_read127                  |   in|   16|     ap_none|                                           p_read127|        scalar|
|p_read128                  |   in|   16|     ap_none|                                           p_read128|        scalar|
|p_read129                  |   in|   16|     ap_none|                                           p_read129|        scalar|
|p_read130                  |   in|   16|     ap_none|                                           p_read130|        scalar|
|p_read131                  |   in|   16|     ap_none|                                           p_read131|        scalar|
|p_read132                  |   in|   16|     ap_none|                                           p_read132|        scalar|
|p_read133                  |   in|   16|     ap_none|                                           p_read133|        scalar|
|p_read134                  |   in|   16|     ap_none|                                           p_read134|        scalar|
|p_read135                  |   in|   16|     ap_none|                                           p_read135|        scalar|
|p_read136                  |   in|   16|     ap_none|                                           p_read136|        scalar|
|p_read137                  |   in|   16|     ap_none|                                           p_read137|        scalar|
|p_read138                  |   in|   16|     ap_none|                                           p_read138|        scalar|
|p_read139                  |   in|   16|     ap_none|                                           p_read139|        scalar|
|p_read140                  |   in|   16|     ap_none|                                           p_read140|        scalar|
|p_read141                  |   in|   16|     ap_none|                                           p_read141|        scalar|
|p_read142                  |   in|   16|     ap_none|                                           p_read142|        scalar|
|p_read143                  |   in|   16|     ap_none|                                           p_read143|        scalar|
|p_read144                  |   in|   16|     ap_none|                                           p_read144|        scalar|
|p_read145                  |   in|   16|     ap_none|                                           p_read145|        scalar|
|p_read146                  |   in|   16|     ap_none|                                           p_read146|        scalar|
|p_read147                  |   in|   16|     ap_none|                                           p_read147|        scalar|
|p_read148                  |   in|   16|     ap_none|                                           p_read148|        scalar|
|p_read149                  |   in|   16|     ap_none|                                           p_read149|        scalar|
|p_read150                  |   in|   16|     ap_none|                                           p_read150|        scalar|
|p_read151                  |   in|   16|     ap_none|                                           p_read151|        scalar|
|p_read152                  |   in|   16|     ap_none|                                           p_read152|        scalar|
|p_read153                  |   in|   16|     ap_none|                                           p_read153|        scalar|
|p_read154                  |   in|   16|     ap_none|                                           p_read154|        scalar|
|p_read155                  |   in|   16|     ap_none|                                           p_read155|        scalar|
|p_read156                  |   in|   16|     ap_none|                                           p_read156|        scalar|
|p_read157                  |   in|   16|     ap_none|                                           p_read157|        scalar|
|p_read158                  |   in|   16|     ap_none|                                           p_read158|        scalar|
|p_read159                  |   in|   16|     ap_none|                                           p_read159|        scalar|
|p_read160                  |   in|   16|     ap_none|                                           p_read160|        scalar|
|p_read161                  |   in|   16|     ap_none|                                           p_read161|        scalar|
|p_read162                  |   in|   16|     ap_none|                                           p_read162|        scalar|
|p_read163                  |   in|   16|     ap_none|                                           p_read163|        scalar|
|p_read164                  |   in|   16|     ap_none|                                           p_read164|        scalar|
|p_read165                  |   in|   16|     ap_none|                                           p_read165|        scalar|
|p_read166                  |   in|   16|     ap_none|                                           p_read166|        scalar|
|p_read167                  |   in|   16|     ap_none|                                           p_read167|        scalar|
|p_read168                  |   in|   16|     ap_none|                                           p_read168|        scalar|
|p_read169                  |   in|   16|     ap_none|                                           p_read169|        scalar|
|p_read170                  |   in|   16|     ap_none|                                           p_read170|        scalar|
|p_read171                  |   in|   16|     ap_none|                                           p_read171|        scalar|
|p_read172                  |   in|   16|     ap_none|                                           p_read172|        scalar|
|p_read173                  |   in|   16|     ap_none|                                           p_read173|        scalar|
|p_read174                  |   in|   16|     ap_none|                                           p_read174|        scalar|
|p_read175                  |   in|   16|     ap_none|                                           p_read175|        scalar|
|p_read176                  |   in|   16|     ap_none|                                           p_read176|        scalar|
|p_read177                  |   in|   16|     ap_none|                                           p_read177|        scalar|
|p_read178                  |   in|   16|     ap_none|                                           p_read178|        scalar|
|p_read179                  |   in|   16|     ap_none|                                           p_read179|        scalar|
|p_read180                  |   in|   16|     ap_none|                                           p_read180|        scalar|
|p_read181                  |   in|   16|     ap_none|                                           p_read181|        scalar|
|p_read182                  |   in|   16|     ap_none|                                           p_read182|        scalar|
|p_read183                  |   in|   16|     ap_none|                                           p_read183|        scalar|
|p_read184                  |   in|   16|     ap_none|                                           p_read184|        scalar|
|p_read185                  |   in|   16|     ap_none|                                           p_read185|        scalar|
|p_read186                  |   in|   16|     ap_none|                                           p_read186|        scalar|
|p_read187                  |   in|   16|     ap_none|                                           p_read187|        scalar|
|p_read188                  |   in|   16|     ap_none|                                           p_read188|        scalar|
|p_read189                  |   in|   16|     ap_none|                                           p_read189|        scalar|
|p_read190                  |   in|   16|     ap_none|                                           p_read190|        scalar|
|p_read191                  |   in|   16|     ap_none|                                           p_read191|        scalar|
|p_read192                  |   in|   16|     ap_none|                                           p_read192|        scalar|
|p_read193                  |   in|   16|     ap_none|                                           p_read193|        scalar|
|p_read194                  |   in|   16|     ap_none|                                           p_read194|        scalar|
|p_read195                  |   in|   16|     ap_none|                                           p_read195|        scalar|
|p_read196                  |   in|   16|     ap_none|                                           p_read196|        scalar|
|p_read197                  |   in|   16|     ap_none|                                           p_read197|        scalar|
|p_read198                  |   in|   16|     ap_none|                                           p_read198|        scalar|
|p_read199                  |   in|   16|     ap_none|                                           p_read199|        scalar|
|p_read200                  |   in|   16|     ap_none|                                           p_read200|        scalar|
|p_read201                  |   in|   16|     ap_none|                                           p_read201|        scalar|
|p_read202                  |   in|   16|     ap_none|                                           p_read202|        scalar|
|p_read203                  |   in|   16|     ap_none|                                           p_read203|        scalar|
|p_read204                  |   in|   16|     ap_none|                                           p_read204|        scalar|
|p_read205                  |   in|   16|     ap_none|                                           p_read205|        scalar|
|p_read206                  |   in|   16|     ap_none|                                           p_read206|        scalar|
|p_read207                  |   in|   16|     ap_none|                                           p_read207|        scalar|
|p_read208                  |   in|   16|     ap_none|                                           p_read208|        scalar|
|p_read209                  |   in|   16|     ap_none|                                           p_read209|        scalar|
|p_read210                  |   in|   16|     ap_none|                                           p_read210|        scalar|
|p_read211                  |   in|   16|     ap_none|                                           p_read211|        scalar|
|p_read212                  |   in|   16|     ap_none|                                           p_read212|        scalar|
|p_read213                  |   in|   16|     ap_none|                                           p_read213|        scalar|
|p_read214                  |   in|   16|     ap_none|                                           p_read214|        scalar|
|p_read215                  |   in|   16|     ap_none|                                           p_read215|        scalar|
|p_read216                  |   in|   16|     ap_none|                                           p_read216|        scalar|
|p_read217                  |   in|   16|     ap_none|                                           p_read217|        scalar|
|p_read218                  |   in|   16|     ap_none|                                           p_read218|        scalar|
|p_read219                  |   in|   16|     ap_none|                                           p_read219|        scalar|
|p_read220                  |   in|   16|     ap_none|                                           p_read220|        scalar|
|p_read221                  |   in|   16|     ap_none|                                           p_read221|        scalar|
|p_read222                  |   in|   16|     ap_none|                                           p_read222|        scalar|
|p_read223                  |   in|   16|     ap_none|                                           p_read223|        scalar|
|weight_ih_0_address0       |  out|   10|   ap_memory|                                         weight_ih_0|         array|
|weight_ih_0_ce0            |  out|    1|   ap_memory|                                         weight_ih_0|         array|
|weight_ih_0_q0             |   in|  512|   ap_memory|                                         weight_ih_0|         array|
|weight_ih_1_address0       |  out|   10|   ap_memory|                                         weight_ih_1|         array|
|weight_ih_1_ce0            |  out|    1|   ap_memory|                                         weight_ih_1|         array|
|weight_ih_1_q0             |   in|  512|   ap_memory|                                         weight_ih_1|         array|
|weight_hh_0_address0       |  out|   10|   ap_memory|                                         weight_hh_0|         array|
|weight_hh_0_ce0            |  out|    1|   ap_memory|                                         weight_hh_0|         array|
|weight_hh_0_q0             |   in|  512|   ap_memory|                                         weight_hh_0|         array|
|weight_hh_1_address0       |  out|   10|   ap_memory|                                         weight_hh_1|         array|
|weight_hh_1_ce0            |  out|    1|   ap_memory|                                         weight_hh_1|         array|
|weight_hh_1_q0             |   in|  512|   ap_memory|                                         weight_hh_1|         array|
|bias_ih_0_address0         |  out|    8|   ap_memory|                                           bias_ih_0|         array|
|bias_ih_0_ce0              |  out|    1|   ap_memory|                                           bias_ih_0|         array|
|bias_ih_0_q0               |   in|   16|   ap_memory|                                           bias_ih_0|         array|
|bias_ih_0_address1         |  out|    8|   ap_memory|                                           bias_ih_0|         array|
|bias_ih_0_ce1              |  out|    1|   ap_memory|                                           bias_ih_0|         array|
|bias_ih_0_q1               |   in|   16|   ap_memory|                                           bias_ih_0|         array|
|bias_ih_1_address0         |  out|    8|   ap_memory|                                           bias_ih_1|         array|
|bias_ih_1_ce0              |  out|    1|   ap_memory|                                           bias_ih_1|         array|
|bias_ih_1_q0               |   in|   16|   ap_memory|                                           bias_ih_1|         array|
|bias_ih_1_address1         |  out|    8|   ap_memory|                                           bias_ih_1|         array|
|bias_ih_1_ce1              |  out|    1|   ap_memory|                                           bias_ih_1|         array|
|bias_ih_1_q1               |   in|   16|   ap_memory|                                           bias_ih_1|         array|
|bn_mul_0_address0          |  out|    7|   ap_memory|                                            bn_mul_0|         array|
|bn_mul_0_ce0               |  out|    1|   ap_memory|                                            bn_mul_0|         array|
|bn_mul_0_q0                |   in|   16|   ap_memory|                                            bn_mul_0|         array|
|bn_mul_1_address0          |  out|    7|   ap_memory|                                            bn_mul_1|         array|
|bn_mul_1_ce0               |  out|    1|   ap_memory|                                            bn_mul_1|         array|
|bn_mul_1_q0                |   in|   16|   ap_memory|                                            bn_mul_1|         array|
|bn_add_0_address0          |  out|    7|   ap_memory|                                            bn_add_0|         array|
|bn_add_0_ce0               |  out|    1|   ap_memory|                                            bn_add_0|         array|
|bn_add_0_q0                |   in|   16|   ap_memory|                                            bn_add_0|         array|
|bn_add_1_address0          |  out|    7|   ap_memory|                                            bn_add_1|         array|
|bn_add_1_ce0               |  out|    1|   ap_memory|                                            bn_add_1|         array|
|bn_add_1_q0                |   in|   16|   ap_memory|                                            bn_add_1|         array|
|hx_state_q610_0_address0   |  out|   12|   ap_memory|                                     hx_state_q610_0|         array|
|hx_state_q610_0_ce0        |  out|    1|   ap_memory|                                     hx_state_q610_0|         array|
|hx_state_q610_0_q0         |   in|   16|   ap_memory|                                     hx_state_q610_0|         array|
|hx_state_q610_0_address1   |  out|   12|   ap_memory|                                     hx_state_q610_0|         array|
|hx_state_q610_0_ce1        |  out|    1|   ap_memory|                                     hx_state_q610_0|         array|
|hx_state_q610_0_we1        |  out|    1|   ap_memory|                                     hx_state_q610_0|         array|
|hx_state_q610_0_d1         |  out|   16|   ap_memory|                                     hx_state_q610_0|         array|
|hx_state_q610_0_offset     |   in|   32|     ap_none|                              hx_state_q610_0_offset|        scalar|
|hx_state_q610_0_offset1    |   in|   32|     ap_none|                             hx_state_q610_0_offset1|        scalar|
|hx_state_q610_1_address0   |  out|   12|   ap_memory|                                     hx_state_q610_1|         array|
|hx_state_q610_1_ce0        |  out|    1|   ap_memory|                                     hx_state_q610_1|         array|
|hx_state_q610_1_q0         |   in|   16|   ap_memory|                                     hx_state_q610_1|         array|
|hx_state_q610_1_address1   |  out|   12|   ap_memory|                                     hx_state_q610_1|         array|
|hx_state_q610_1_ce1        |  out|    1|   ap_memory|                                     hx_state_q610_1|         array|
|hx_state_q610_1_we1        |  out|    1|   ap_memory|                                     hx_state_q610_1|         array|
|hx_state_q610_1_d1         |  out|   16|   ap_memory|                                     hx_state_q610_1|         array|
|hx_state_q610_1_offset     |   in|   32|     ap_none|                              hx_state_q610_1_offset|        scalar|
|hx_state_q610_1_offset2    |   in|   32|     ap_none|                             hx_state_q610_1_offset2|        scalar|
|cx_state_q610_0_address0   |  out|   12|   ap_memory|                                     cx_state_q610_0|         array|
|cx_state_q610_0_ce0        |  out|    1|   ap_memory|                                     cx_state_q610_0|         array|
|cx_state_q610_0_q0         |   in|   16|   ap_memory|                                     cx_state_q610_0|         array|
|cx_state_q610_0_address1   |  out|   12|   ap_memory|                                     cx_state_q610_0|         array|
|cx_state_q610_0_ce1        |  out|    1|   ap_memory|                                     cx_state_q610_0|         array|
|cx_state_q610_0_we1        |  out|    1|   ap_memory|                                     cx_state_q610_0|         array|
|cx_state_q610_0_d1         |  out|   16|   ap_memory|                                     cx_state_q610_0|         array|
|cx_state_q610_0_offset     |   in|   32|     ap_none|                              cx_state_q610_0_offset|        scalar|
|cx_state_q610_0_offset3    |   in|   32|     ap_none|                             cx_state_q610_0_offset3|        scalar|
|cx_state_q610_1_address0   |  out|   12|   ap_memory|                                     cx_state_q610_1|         array|
|cx_state_q610_1_ce0        |  out|    1|   ap_memory|                                     cx_state_q610_1|         array|
|cx_state_q610_1_q0         |   in|   16|   ap_memory|                                     cx_state_q610_1|         array|
|cx_state_q610_1_address1   |  out|   12|   ap_memory|                                     cx_state_q610_1|         array|
|cx_state_q610_1_ce1        |  out|    1|   ap_memory|                                     cx_state_q610_1|         array|
|cx_state_q610_1_we1        |  out|    1|   ap_memory|                                     cx_state_q610_1|         array|
|cx_state_q610_1_d1         |  out|   16|   ap_memory|                                     cx_state_q610_1|         array|
|cx_state_q610_1_offset     |   in|   32|     ap_none|                              cx_state_q610_1_offset|        scalar|
|cx_state_q610_1_offset4    |   in|   32|     ap_none|                             cx_state_q610_1_offset4|        scalar|
|output_hy_q610_0_address1  |  out|   12|   ap_memory|                                    output_hy_q610_0|         array|
|output_hy_q610_0_ce1       |  out|    1|   ap_memory|                                    output_hy_q610_0|         array|
|output_hy_q610_0_we1       |  out|    1|   ap_memory|                                    output_hy_q610_0|         array|
|output_hy_q610_0_d1        |  out|   16|   ap_memory|                                    output_hy_q610_0|         array|
|output_hy_q610_0_offset    |   in|   32|     ap_none|                             output_hy_q610_0_offset|        scalar|
|output_hy_q610_0_offset5   |   in|   32|     ap_none|                            output_hy_q610_0_offset5|        scalar|
|output_hy_q610_1_address1  |  out|   12|   ap_memory|                                    output_hy_q610_1|         array|
|output_hy_q610_1_ce1       |  out|    1|   ap_memory|                                    output_hy_q610_1|         array|
|output_hy_q610_1_we1       |  out|    1|   ap_memory|                                    output_hy_q610_1|         array|
|output_hy_q610_1_d1        |  out|   16|   ap_memory|                                    output_hy_q610_1|         array|
|output_hy_q610_1_offset    |   in|   32|     ap_none|                             output_hy_q610_1_offset|        scalar|
|output_hy_q610_1_offset6   |   in|   32|     ap_none|                            output_hy_q610_1_offset6|        scalar|
+---------------------------+-----+-----+------------+----------------------------------------------------+--------------+

