

================================================================
== Vitis HLS Report for 'p_anonymous_namespace_RunGSUGatePhaseBand0Q610_Pipeline_VITIS_LOOP_1887_1'
================================================================
* Date:           Thu May 14 12:27:28 2026

* Version:        2023.2 (Build 4023990 on Oct 11 2023)
* Project:        subband_q610_realtime_hls
* Solution:       solution1 (Vivado IP Flow Target)
* Product family: zynq
* Target device:  xc7z020-clg400-1


================================================================
== Performance Estimates
================================================================
+ Timing: 
    * Summary: 
    +--------+----------+----------+------------+
    |  Clock |  Target  | Estimated| Uncertainty|
    +--------+----------+----------+------------+
    |ap_clk  |  10.00 ns|  8.563 ns|     2.70 ns|
    +--------+----------+----------+------------+

+ Latency: 
    * Summary: 
    +---------+---------+----------+----------+-----+-----+---------+
    |  Latency (cycles) |  Latency (absolute) |  Interval | Pipeline|
    |   min   |   max   |    min   |    max   | min | max |   Type  |
    +---------+---------+----------+----------+-----+-----+---------+
    |      133|      133|  1.330 us|  1.330 us|  133|  133|       no|
    +---------+---------+----------+----------+-----+-----+---------+

    + Detail: 
        * Instance: 
        N/A

        * Loop: 
        +---------------------+---------+---------+----------+-----------+-----------+------+----------+
        |                     |  Latency (cycles) | Iteration|  Initiation Interval  | Trip |          |
        |      Loop Name      |   min   |   max   |  Latency |  achieved |   target  | Count| Pipelined|
        +---------------------+---------+---------+----------+-----------+-----------+------+----------+
        |- VITIS_LOOP_1887_1  |      131|      131|        21|          1|          1|   112|       yes|
        +---------------------+---------+---------+----------+-----------+-----------+------+----------+



================================================================
== Utilization Estimates
================================================================
* Summary: 
+-----------------+---------+-----+--------+-------+-----+
|       Name      | BRAM_18K| DSP |   FF   |  LUT  | URAM|
+-----------------+---------+-----+--------+-------+-----+
|DSP              |        -|    -|       -|      -|    -|
|Expression       |        -|    -|       0|   4467|    -|
|FIFO             |        -|    -|       -|      -|    -|
|Instance         |        -|    6|       0|   1554|    -|
|Memory           |        0|    -|      72|      7|    -|
|Multiplexer      |        -|    -|       -|    101|    -|
|Register         |        -|    -|    2824|    480|    -|
+-----------------+---------+-----+--------+-------+-----+
|Total            |        0|    6|    2896|   6609|    0|
+-----------------+---------+-----+--------+-------+-----+
|Available        |      280|  220|  106400|  53200|    0|
+-----------------+---------+-----+--------+-------+-----+
|Utilization (%)  |        0|    2|       2|     12|    0|
+-----------------+---------+-----+--------+-------+-----+

+ Detail: 
    * Instance: 
    +------------------------------+------------------------+---------+----+---+-----+-----+
    |           Instance           |         Module         | BRAM_18K| DSP| FF| LUT | URAM|
    +------------------------------+------------------------+---------+----+---+-----+-----+
    |mul_11s_14s_25_1_1_U3182      |mul_11s_14s_25_1_1      |        0|   0|  0|  218|    0|
    |mul_11s_14s_25_1_1_U3183      |mul_11s_14s_25_1_1      |        0|   0|  0|  218|    0|
    |mul_16s_16s_32_3_1_U3184      |mul_16s_16s_32_3_1      |        0|   1|  0|    0|    0|
    |mul_16s_16s_32_3_1_U3185      |mul_16s_16s_32_3_1      |        0|   1|  0|    0|    0|
    |mul_16s_16s_32_3_1_U3186      |mul_16s_16s_32_3_1      |        0|   1|  0|    0|    0|
    |mul_16s_16s_32_3_1_U3187      |mul_16s_16s_32_3_1      |        0|   1|  0|    0|    0|
    |mul_16s_16s_32_3_1_U3188      |mul_16s_16s_32_3_1      |        0|   1|  0|    0|    0|
    |mul_16s_16s_32_3_1_U3189      |mul_16s_16s_32_3_1      |        0|   1|  0|    0|    0|
    |sparsemux_225_8_16_1_1_U3180  |sparsemux_225_8_16_1_1  |        0|   0|  0|  559|    0|
    |sparsemux_225_8_16_1_1_U3181  |sparsemux_225_8_16_1_1  |        0|   0|  0|  559|    0|
    +------------------------------+------------------------+---------+----+---+-----+-----+
    |Total                         |                        |        0|   6|  0| 1554|    0|
    +------------------------------+------------------------+---------+----+---+-----+-----+

    * DSP: 
    N/A

    * Memory: 
    +----------------------------------------------------------+----------------------------------------------------------------------------------+---------+----+----+-----+------+-----+------+-------------+
    |                          Memory                          |                                      Module                                      | BRAM_18K| FF | LUT| URAM| Words| Bits| Banks| W*Bits*Banks|
    +----------------------------------------------------------+----------------------------------------------------------------------------------+---------+----+----+-----+------+-----+------+-------------+
    |subband_q610_anonymous_namespace_kSigmoidPwlKnotsQ610_U   |p_anonymous_namespace_RunGSUGatePhaseBand0Q610_Pipeline_VITIS_LOOP_1887_1_subbkb  |        0|  28|   4|    0|    17|   14|     1|          238|
    |subband_q610_anonymous_namespace_kSigmoidPwlValuesQ610_U  |p_anonymous_namespace_RunGSUGatePhaseBand0Q610_Pipeline_VITIS_LOOP_1887_1_subcud  |        0|  44|   3|    0|    17|   11|     1|          187|
    +----------------------------------------------------------+----------------------------------------------------------------------------------+---------+----+----+-----+------+-----+------+-------------+
    |Total                                                     |                                                                                  |        0|  72|   7|    0|    34|   25|     2|          425|
    +----------------------------------------------------------+----------------------------------------------------------------------------------+---------+----+----+-----+------+-----+------+-------------+

    * FIFO: 
    N/A

    * Expression: 
    +----------------------------------+----------+----+---+----+------------+------------+
    |           Variable Name          | Operation| DSP| FF| LUT| Bitwidth P0| Bitwidth P1|
    +----------------------------------+----------+----+---+----+------------+------------+
    |add_ln1680_1_fu_4204_p2           |         +|   0|  0|  17|          14|           2|
    |add_ln1680_fu_4125_p2             |         +|   0|  0|  17|          14|           2|
    |add_ln1682_2_fu_4049_p2           |         +|   0|  0|  17|          14|          13|
    |add_ln1682_fu_3927_p2             |         +|   0|  0|  17|          14|          13|
    |add_ln1684_2_fu_4079_p2           |         +|   0|  0|  17|          14|          14|
    |add_ln1684_fu_3957_p2             |         +|   0|  0|  17|          14|          14|
    |add_ln1689_1_fu_4250_p2           |         +|   0|  0|  13|           5|           1|
    |add_ln1689_fu_4171_p2             |         +|   0|  0|  13|           5|           1|
    |add_ln1697_1_fu_4509_p2           |         +|   0|  0|  31|          24|          24|
    |add_ln1697_2_fu_4446_p2           |         +|   0|  0|  13|           4|           2|
    |add_ln1697_3_fu_4571_p2           |         +|   0|  0|  31|          24|          24|
    |add_ln1697_fu_4375_p2             |         +|   0|  0|  13|           4|           2|
    |add_ln171_1_fu_4465_p2            |         +|   0|  0|  56|          49|          10|
    |add_ln171_2_fu_4796_p2            |         +|   0|  0|  38|          31|          10|
    |add_ln171_3_fu_4840_p2            |         +|   0|  0|  38|          31|          10|
    |add_ln171_4_fu_5354_p2            |         +|   0|  0|  39|          32|          10|
    |add_ln171_5_fu_3697_p2            |         +|   0|  0|  56|          49|          10|
    |add_ln171_6_fu_4527_p2            |         +|   0|  0|  56|          49|          10|
    |add_ln171_7_fu_4884_p2            |         +|   0|  0|  38|          31|          10|
    |add_ln171_8_fu_4928_p2            |         +|   0|  0|  38|          31|          10|
    |add_ln171_9_fu_5398_p2            |         +|   0|  0|  39|          32|          10|
    |add_ln171_fu_3656_p2              |         +|   0|  0|  56|          49|          10|
    |add_ln182_2_fu_5563_p2            |         +|   0|  0|  23|          16|          16|
    |add_ln182_4_fu_5262_p2            |         +|   0|  0|  23|          16|          16|
    |add_ln182_6_fu_5597_p2            |         +|   0|  0|  23|          16|          16|
    |add_ln182_fu_5202_p2              |         +|   0|  0|  23|          16|          16|
    |add_ln1887_fu_3576_p2             |         +|   0|  0|  15|           8|           2|
    |add_ln1896_fu_4286_p2             |         +|   0|  0|  15|           8|           7|
    |add_ln1913_1_fu_5657_p2           |         +|   0|  0|  12|          12|          12|
    |add_ln1913_fu_5647_p2             |         +|   0|  0|  12|          12|          12|
    |add_ln1914_1_fu_5637_p2           |         +|   0|  0|  12|          12|          12|
    |add_ln1914_fu_5627_p2             |         +|   0|  0|  12|          12|          12|
    |add_ln1915_1_fu_5677_p2           |         +|   0|  0|  12|          12|          12|
    |add_ln1915_fu_5667_p2             |         +|   0|  0|  12|          12|          12|
    |cell_q20_1_fu_4403_p2             |         +|   0|  0|  55|          48|          48|
    |cell_q20_fu_4332_p2               |         +|   0|  0|  55|          48|          48|
    |forget_q20_2_fu_3639_p2           |         +|   0|  0|  55|          48|          48|
    |forget_q20_fu_3603_p2             |         +|   0|  0|  55|          48|          48|
    |interpolated_q610_1_fu_4709_p2    |         +|   0|  0|  23|          16|          16|
    |interpolated_q610_fu_4642_p2      |         +|   0|  0|  23|          16|          16|
    |segment_index_1_fu_3977_p2        |         +|   0|  0|  13|           5|           4|
    |segment_index_5_fu_4073_p2        |         +|   0|  0|  31|          24|           4|
    |segment_index_6_fu_4099_p2        |         +|   0|  0|  13|           5|           4|
    |segment_index_fu_3951_p2          |         +|   0|  0|  31|          24|           4|
    |value_3_fu_5206_p2                |         +|   0|  0|  24|          17|          17|
    |value_4_fu_5568_p2                |         +|   0|  0|  24|          17|          17|
    |value_7_fu_5266_p2                |         +|   0|  0|  24|          17|          17|
    |value_8_fu_5602_p2                |         +|   0|  0|  24|          17|          17|
    |abs_input_q610_2_fu_3893_p2       |         -|   0|  0|  14|           1|          13|
    |abs_input_q610_6_fu_4015_p2       |         -|   0|  0|  14|           1|          13|
    |delta_y_q610_1_fu_4309_p2         |         -|   0|  0|  12|          11|          11|
    |delta_y_q610_fu_4298_p2           |         -|   0|  0|  12|          11|          11|
    |offset_x_q610_1_fu_4315_p2        |         -|   0|  0|  17|          14|          14|
    |offset_x_q610_fu_4304_p2          |         -|   0|  0|  17|          14|          14|
    |sub_ln173_10_fu_5433_p2           |         -|   0|  0|  29|           1|          22|
    |sub_ln173_11_fu_3713_p2           |         -|   0|  0|  56|          10|          49|
    |sub_ln173_12_fu_3729_p2           |         -|   0|  0|  46|           1|          39|
    |sub_ln173_13_fu_4543_p2           |         -|   0|  0|  56|          10|          49|
    |sub_ln173_14_fu_4559_p2           |         -|   0|  0|  46|           1|          39|
    |sub_ln173_15_fu_4900_p2           |         -|   0|  0|  38|          10|          31|
    |sub_ln173_16_fu_5078_p2           |         -|   0|  0|  28|           1|          21|
    |sub_ln173_17_fu_4944_p2           |         -|   0|  0|  38|          10|          31|
    |sub_ln173_18_fu_5137_p2           |         -|   0|  0|  28|           1|          21|
    |sub_ln173_19_fu_5414_p2           |         -|   0|  0|  38|          10|          31|
    |sub_ln173_20_fu_5496_p2           |         -|   0|  0|  29|           1|          22|
    |sub_ln173_2_fu_3688_p2            |         -|   0|  0|  46|           1|          39|
    |sub_ln173_3_fu_4481_p2            |         -|   0|  0|  56|          10|          49|
    |sub_ln173_4_fu_4497_p2            |         -|   0|  0|  46|           1|          39|
    |sub_ln173_5_fu_4812_p2            |         -|   0|  0|  38|          10|          31|
    |sub_ln173_6_fu_4960_p2            |         -|   0|  0|  28|           1|          21|
    |sub_ln173_7_fu_4856_p2            |         -|   0|  0|  38|          10|          31|
    |sub_ln173_8_fu_5019_p2            |         -|   0|  0|  28|           1|          21|
    |sub_ln173_9_fu_5370_p2            |         -|   0|  0|  38|          10|          31|
    |sub_ln173_fu_3672_p2              |         -|   0|  0|  56|          10|          49|
    |value_10_fu_4720_p2               |         -|   0|  0|  23|          11|          16|
    |value_5_fu_4714_p2                |         -|   0|  0|  23|          11|          16|
    |value_9_fu_4752_p2                |         -|   0|  0|  23|          11|          16|
    |value_fu_4647_p2                  |         -|   0|  0|  23|          11|          16|
    |and_ln1679_1_fu_4228_p2           |       and|   0|  0|   2|           1|           1|
    |and_ln1679_fu_4149_p2             |       and|   0|  0|   2|           1|           1|
    |ap_block_pp0_stage0_11001         |       and|   0|  0|   2|           1|           1|
    |ap_block_state2_pp0_stage0_iter1  |       and|   0|  0|   2|           1|           1|
    |ap_condition_1124                 |       and|   0|  0|   2|           1|           1|
    |ap_condition_1137                 |       and|   0|  0|   2|           1|           1|
    |ap_condition_1140                 |       and|   0|  0|   2|           1|           1|
    |ap_condition_1159                 |       and|   0|  0|   2|           1|           1|
    |ap_condition_1167                 |       and|   0|  0|   2|           1|           1|
    |ap_condition_1170                 |       and|   0|  0|   2|           1|           1|
    |ashr_ln1697_1_fu_4576_p2          |      ashr|   0|  0|  67|          24|          24|
    |ashr_ln1697_fu_4514_p2            |      ashr|   0|  0|  67|          24|          24|
    |icmp_ln155_10_fu_5158_p2          |      icmp|   0|  0|  14|           6|           1|
    |icmp_ln155_11_fu_5282_p2          |      icmp|   0|  0|  10|           2|           1|
    |icmp_ln155_12_fu_5518_p2          |      icmp|   0|  0|  14|           7|           1|
    |icmp_ln155_13_fu_5618_p2          |      icmp|   0|  0|  10|           2|           1|
    |icmp_ln155_1_fu_4601_p2           |      icmp|   0|  0|  31|          24|           1|
    |icmp_ln155_2_fu_4981_p2           |      icmp|   0|  0|  14|           6|           1|
    |icmp_ln155_3_fu_5040_p2           |      icmp|   0|  0|  14|           6|           1|
    |icmp_ln155_4_fu_5222_p2           |      icmp|   0|  0|  10|           2|           1|
    |icmp_ln155_5_fu_5455_p2           |      icmp|   0|  0|  14|           7|           1|
    |icmp_ln155_6_fu_5584_p2           |      icmp|   0|  0|  10|           2|           1|
    |icmp_ln155_7_fu_3823_p2           |      icmp|   0|  0|  31|          24|           1|
    |icmp_ln155_8_fu_4668_p2           |      icmp|   0|  0|  31|          24|           1|
    |icmp_ln155_9_fu_5099_p2           |      icmp|   0|  0|  14|           6|           1|
    |icmp_ln155_fu_3750_p2             |      icmp|   0|  0|  31|          24|           1|
    |icmp_ln158_10_fu_4674_p2          |      icmp|   0|  0|  46|          39|          17|
    |icmp_ln158_11_fu_5105_p2          |      icmp|   0|  0|  28|          21|          17|
    |icmp_ln158_12_fu_5164_p2          |      icmp|   0|  0|  28|          21|          17|
    |icmp_ln158_13_fu_5524_p2          |      icmp|   0|  0|  29|          22|          17|
    |icmp_ln158_1_fu_4607_p2           |      icmp|   0|  0|  46|          39|          17|
    |icmp_ln158_2_fu_5228_p2           |      icmp|   0|  0|  24|          17|          17|
    |icmp_ln158_3_fu_5687_p2           |      icmp|   0|  0|  24|          17|          17|
    |icmp_ln158_4_fu_4987_p2           |      icmp|   0|  0|  28|          21|          17|
    |icmp_ln158_5_fu_5046_p2           |      icmp|   0|  0|  28|          21|          17|
    |icmp_ln158_6_fu_5288_p2           |      icmp|   0|  0|  24|          17|          17|
    |icmp_ln158_7_fu_5730_p2           |      icmp|   0|  0|  24|          17|          17|
    |icmp_ln158_8_fu_5461_p2           |      icmp|   0|  0|  29|          22|          17|
    |icmp_ln158_9_fu_3829_p2           |      icmp|   0|  0|  46|          39|          17|
    |icmp_ln158_fu_3756_p2             |      icmp|   0|  0|  46|          39|          17|
    |icmp_ln1662_1_fu_3875_p2          |      icmp|   0|  0|  11|           3|           1|
    |icmp_ln1662_fu_3802_p2            |      icmp|   0|  0|  11|           3|           1|
    |icmp_ln1665_1_fu_4003_p2          |      icmp|   0|  0|  23|          16|          14|
    |icmp_ln1665_fu_3881_p2            |      icmp|   0|  0|  23|          16|          14|
    |icmp_ln1677_1_fu_4031_p2          |      icmp|   0|  0|  14|          13|           9|
    |icmp_ln1677_fu_3909_p2            |      icmp|   0|  0|  14|          13|           9|
    |icmp_ln1679_1_fu_4037_p2          |      icmp|   0|  0|  14|          13|          12|
    |icmp_ln1679_fu_3915_p2            |      icmp|   0|  0|  14|          13|          12|
    |icmp_ln1681_1_fu_4043_p2          |      icmp|   0|  0|  14|          13|          13|
    |icmp_ln1681_fu_3921_p2            |      icmp|   0|  0|  14|          13|          13|
    |icmp_ln1690_1_fu_4198_p2          |      icmp|   0|  0|  31|          24|           4|
    |icmp_ln1690_2_fu_4271_p2          |      icmp|   0|  0|  28|          21|           1|
    |icmp_ln1690_3_fu_4277_p2          |      icmp|   0|  0|  31|          24|           4|
    |icmp_ln1690_fu_4192_p2            |      icmp|   0|  0|  28|          21|           1|
    |icmp_ln1887_fu_2642_p2            |      icmp|   0|  0|  15|           8|           7|
    |or_ln155_10_fu_4692_p2            |        or|   0|  0|   2|           1|           1|
    |or_ln155_11_fu_5123_p2            |        or|   0|  0|   2|           1|           1|
    |or_ln155_12_fu_5182_p2            |        or|   0|  0|   2|           1|           1|
    |or_ln155_13_fu_5542_p2            |        or|   0|  0|   2|           1|           1|
    |or_ln155_1_fu_5242_p2             |        or|   0|  0|   2|           1|           1|
    |or_ln155_2_fu_5699_p2             |        or|   0|  0|   2|           1|           1|
    |or_ln155_3_fu_4625_p2             |        or|   0|  0|   2|           1|           1|
    |or_ln155_4_fu_5302_p2             |        or|   0|  0|   2|           1|           1|
    |or_ln155_5_fu_5742_p2             |        or|   0|  0|   2|           1|           1|
    |or_ln155_6_fu_5005_p2             |        or|   0|  0|   2|           1|           1|
    |or_ln155_7_fu_5064_p2             |        or|   0|  0|   2|           1|           1|
    |or_ln155_8_fu_5479_p2             |        or|   0|  0|   2|           1|           1|
    |or_ln155_9_fu_3847_p2             |        or|   0|  0|   2|           1|           1|
    |or_ln155_fu_3774_p2               |        or|   0|  0|   2|           1|           1|
    |abs_input_q610_7_fu_4020_p3       |    select|   0|  0|  13|           1|          13|
    |abs_input_q610_fu_3898_p3         |    select|   0|  0|  13|           1|          13|
    |cy_q610_1_fu_5248_p3              |    select|   0|  0|  16|           1|          16|
    |cy_q610_fu_5308_p3                |    select|   0|  0|  16|           1|          16|
    |forget_preact_q610_1_fu_3780_p3   |    select|   0|  0|  16|           1|          16|
    |forget_preact_q610_fu_3853_p3     |    select|   0|  0|  16|           1|          16|
    |injected_q610_1_fu_5070_p3        |    select|   0|  0|  16|           1|          16|
    |injected_q610_fu_5188_p3          |    select|   0|  0|  16|           1|          16|
    |input_value_1_fu_5747_p3          |    select|   0|  0|  16|           1|          16|
    |input_value_fu_5704_p3            |    select|   0|  0|  16|           1|          16|
    |retained_q610_1_fu_5011_p3        |    select|   0|  0|  16|           1|          16|
    |retained_q610_fu_5129_p3          |    select|   0|  0|  16|           1|          16|
    |rhs_158_fu_4631_p3                |    select|   0|  0|  16|           1|          16|
    |rhs_165_fu_4698_p3                |    select|   0|  0|  16|           1|          16|
    |scaled_q610_1_fu_5485_p3          |    select|   0|  0|  16|           1|          16|
    |scaled_q610_fu_5548_p3            |    select|   0|  0|  16|           1|          16|
    |segment_index_2_fu_3987_p3        |    select|   0|  0|  24|           1|          24|
    |segment_index_3_fu_3995_p3        |    select|   0|  0|  24|           1|           1|
    |segment_index_4_fu_4154_p3        |    select|   0|  0|  24|           1|          24|
    |segment_index_7_fu_4109_p3        |    select|   0|  0|  24|           1|          24|
    |segment_index_8_fu_4117_p3        |    select|   0|  0|  24|           1|           1|
    |segment_index_9_fu_4233_p3        |    select|   0|  0|  24|           1|          24|
    |select_ln155_10_fu_5056_p3        |    select|   0|  0|  17|           1|          15|
    |select_ln155_11_fu_5735_p3        |    select|   0|  0|  17|           1|          15|
    |select_ln155_14_fu_5471_p3        |    select|   0|  0|  17|           1|          15|
    |select_ln155_17_fu_3839_p3        |    select|   0|  0|  17|           1|          15|
    |select_ln155_19_fu_4684_p3        |    select|   0|  0|  17|           1|          15|
    |select_ln155_21_fu_5115_p3        |    select|   0|  0|  17|           1|          15|
    |select_ln155_23_fu_5174_p3        |    select|   0|  0|  17|           1|          15|
    |select_ln155_26_fu_5534_p3        |    select|   0|  0|  17|           1|          15|
    |select_ln155_3_fu_5234_p3         |    select|   0|  0|  17|           1|          15|
    |select_ln155_4_fu_4617_p3         |    select|   0|  0|  17|           1|          15|
    |select_ln155_5_fu_5692_p3         |    select|   0|  0|  17|           1|          15|
    |select_ln155_7_fu_4997_p3         |    select|   0|  0|  17|           1|          15|
    |select_ln155_9_fu_5294_p3         |    select|   0|  0|  17|           1|          15|
    |select_ln155_fu_3766_p3           |    select|   0|  0|  17|           1|          15|
    |select_ln1690_2_fu_4416_p3        |    select|   0|  0|   5|           1|           5|
    |select_ln1690_fu_4345_p3          |    select|   0|  0|   5|           1|           5|
    |select_ln170_1_fu_4586_p3         |    select|   0|  0|  39|           1|          39|
    |select_ln170_2_fu_4965_p3         |    select|   0|  0|  21|           1|          21|
    |select_ln170_3_fu_5024_p3         |    select|   0|  0|  21|           1|          21|
    |select_ln170_4_fu_5439_p3         |    select|   0|  0|  22|           1|          22|
    |select_ln170_5_fu_3808_p3         |    select|   0|  0|  39|           1|          39|
    |select_ln170_6_fu_4653_p3         |    select|   0|  0|  39|           1|          39|
    |select_ln170_7_fu_5083_p3         |    select|   0|  0|  21|           1|          21|
    |select_ln170_8_fu_5142_p3         |    select|   0|  0|  21|           1|          21|
    |select_ln170_9_fu_5502_p3         |    select|   0|  0|  22|           1|          22|
    |select_ln170_fu_3735_p3           |    select|   0|  0|  39|           1|          39|
    |select_ln1913_1_fu_5763_p3        |    select|   0|  0|  11|           1|           1|
    |select_ln1913_fu_5720_p3          |    select|   0|  0|  11|           1|           1|
    |shift_bits_1_fu_4423_p3           |    select|   0|  0|   4|           1|           4|
    |shift_bits_fu_4352_p3             |    select|   0|  0|   4|           1|           4|
    |shl_ln1697_1_fu_4456_p2           |       shl|   0|  0|  21|           1|          10|
    |shl_ln1697_fu_4385_p2             |       shl|   0|  0|  21|           1|          10|
    |ap_enable_pp0                     |       xor|   0|  0|   2|           1|           2|
    |xor_ln1677_1_fu_4223_p2           |       xor|   0|  0|   2|           1|           2|
    |xor_ln1677_fu_4144_p2             |       xor|   0|  0|   2|           1|           2|
    +----------------------------------+----------+----+---+----+------------+------------+
    |Total                             |          |   0|  0|4467|        2079|        2798|
    +----------------------------------+----------+----+---+----+------------+------------+

    * Multiplexer: 
    +---------------------------------------------------+----+-----------+-----+-----------+
    |                        Name                       | LUT| Input Size| Bits| Total Bits|
    +---------------------------------------------------+----+-----------+-----+-----------+
    |ap_done_int                                        |   9|          2|    1|          2|
    |ap_enable_reg_pp0_iter1                            |   9|          2|    1|          2|
    |ap_phi_reg_pp0_iter10_forget_gate_q610_1_reg_2600  |  14|          3|   16|         48|
    |ap_phi_reg_pp0_iter10_forget_gate_q610_reg_2617    |  14|          3|   16|         48|
    |ap_phi_reg_pp0_iter5_forget_gate_q610_1_reg_2600   |  14|          3|   16|         48|
    |ap_phi_reg_pp0_iter5_forget_gate_q610_reg_2617     |  14|          3|   16|         48|
    |ap_sig_allocacmp_hidden_base                       |   9|          2|    8|         16|
    |common_sum_stream_blk_n                            |   9|          2|    1|          2|
    |hidden_index_fu_932                                |   9|          2|    8|         16|
    +---------------------------------------------------+----+-----------+-----+-----------+
    |Total                                              | 101|         22|   83|        230|
    +---------------------------------------------------+----+-----------+-----+-----------+

    * Register: 
    +---------------------------------------------------+----+----+-----+-----------+
    |                        Name                       | FF | LUT| Bits| Const Bits|
    +---------------------------------------------------+----+----+-----+-----------+
    |add_ln182_2_reg_6404                               |  16|   0|   16|          0|
    |add_ln182_6_reg_6420                               |  16|   0|   16|          0|
    |ap_CS_fsm                                          |   1|   0|    1|          0|
    |ap_done_reg                                        |   1|   0|    1|          0|
    |ap_enable_reg_pp0_iter1                            |   1|   0|    1|          0|
    |ap_enable_reg_pp0_iter10                           |   1|   0|    1|          0|
    |ap_enable_reg_pp0_iter11                           |   1|   0|    1|          0|
    |ap_enable_reg_pp0_iter12                           |   1|   0|    1|          0|
    |ap_enable_reg_pp0_iter13                           |   1|   0|    1|          0|
    |ap_enable_reg_pp0_iter14                           |   1|   0|    1|          0|
    |ap_enable_reg_pp0_iter15                           |   1|   0|    1|          0|
    |ap_enable_reg_pp0_iter16                           |   1|   0|    1|          0|
    |ap_enable_reg_pp0_iter17                           |   1|   0|    1|          0|
    |ap_enable_reg_pp0_iter18                           |   1|   0|    1|          0|
    |ap_enable_reg_pp0_iter19                           |   1|   0|    1|          0|
    |ap_enable_reg_pp0_iter2                            |   1|   0|    1|          0|
    |ap_enable_reg_pp0_iter20                           |   1|   0|    1|          0|
    |ap_enable_reg_pp0_iter3                            |   1|   0|    1|          0|
    |ap_enable_reg_pp0_iter4                            |   1|   0|    1|          0|
    |ap_enable_reg_pp0_iter5                            |   1|   0|    1|          0|
    |ap_enable_reg_pp0_iter6                            |   1|   0|    1|          0|
    |ap_enable_reg_pp0_iter7                            |   1|   0|    1|          0|
    |ap_enable_reg_pp0_iter8                            |   1|   0|    1|          0|
    |ap_enable_reg_pp0_iter9                            |   1|   0|    1|          0|
    |ap_loop_exit_ready_pp0_iter10_reg                  |   1|   0|    1|          0|
    |ap_loop_exit_ready_pp0_iter11_reg                  |   1|   0|    1|          0|
    |ap_loop_exit_ready_pp0_iter12_reg                  |   1|   0|    1|          0|
    |ap_loop_exit_ready_pp0_iter13_reg                  |   1|   0|    1|          0|
    |ap_loop_exit_ready_pp0_iter14_reg                  |   1|   0|    1|          0|
    |ap_loop_exit_ready_pp0_iter15_reg                  |   1|   0|    1|          0|
    |ap_loop_exit_ready_pp0_iter16_reg                  |   1|   0|    1|          0|
    |ap_loop_exit_ready_pp0_iter17_reg                  |   1|   0|    1|          0|
    |ap_loop_exit_ready_pp0_iter18_reg                  |   1|   0|    1|          0|
    |ap_loop_exit_ready_pp0_iter19_reg                  |   1|   0|    1|          0|
    |ap_loop_exit_ready_pp0_iter1_reg                   |   1|   0|    1|          0|
    |ap_loop_exit_ready_pp0_iter2_reg                   |   1|   0|    1|          0|
    |ap_loop_exit_ready_pp0_iter3_reg                   |   1|   0|    1|          0|
    |ap_loop_exit_ready_pp0_iter4_reg                   |   1|   0|    1|          0|
    |ap_loop_exit_ready_pp0_iter5_reg                   |   1|   0|    1|          0|
    |ap_loop_exit_ready_pp0_iter6_reg                   |   1|   0|    1|          0|
    |ap_loop_exit_ready_pp0_iter7_reg                   |   1|   0|    1|          0|
    |ap_loop_exit_ready_pp0_iter8_reg                   |   1|   0|    1|          0|
    |ap_loop_exit_ready_pp0_iter9_reg                   |   1|   0|    1|          0|
    |ap_phi_reg_pp0_iter10_forget_gate_q610_1_reg_2600  |  16|   0|   16|          0|
    |ap_phi_reg_pp0_iter10_forget_gate_q610_reg_2617    |  16|   0|   16|          0|
    |ap_phi_reg_pp0_iter1_forget_gate_q610_1_reg_2600   |  16|   0|   16|          0|
    |ap_phi_reg_pp0_iter1_forget_gate_q610_reg_2617     |  16|   0|   16|          0|
    |ap_phi_reg_pp0_iter2_forget_gate_q610_1_reg_2600   |  16|   0|   16|          0|
    |ap_phi_reg_pp0_iter2_forget_gate_q610_reg_2617     |  16|   0|   16|          0|
    |ap_phi_reg_pp0_iter3_forget_gate_q610_1_reg_2600   |  16|   0|   16|          0|
    |ap_phi_reg_pp0_iter3_forget_gate_q610_reg_2617     |  16|   0|   16|          0|
    |ap_phi_reg_pp0_iter4_forget_gate_q610_1_reg_2600   |  16|   0|   16|          0|
    |ap_phi_reg_pp0_iter4_forget_gate_q610_reg_2617     |  16|   0|   16|          0|
    |ap_phi_reg_pp0_iter5_forget_gate_q610_1_reg_2600   |  16|   0|   16|          0|
    |ap_phi_reg_pp0_iter5_forget_gate_q610_reg_2617     |  16|   0|   16|          0|
    |ap_phi_reg_pp0_iter6_forget_gate_q610_1_reg_2600   |  16|   0|   16|          0|
    |ap_phi_reg_pp0_iter6_forget_gate_q610_reg_2617     |  16|   0|   16|          0|
    |ap_phi_reg_pp0_iter7_forget_gate_q610_1_reg_2600   |  16|   0|   16|          0|
    |ap_phi_reg_pp0_iter7_forget_gate_q610_reg_2617     |  16|   0|   16|          0|
    |ap_phi_reg_pp0_iter8_forget_gate_q610_1_reg_2600   |  16|   0|   16|          0|
    |ap_phi_reg_pp0_iter8_forget_gate_q610_reg_2617     |  16|   0|   16|          0|
    |ap_phi_reg_pp0_iter9_forget_gate_q610_1_reg_2600   |  16|   0|   16|          0|
    |ap_phi_reg_pp0_iter9_forget_gate_q610_reg_2617     |  16|   0|   16|          0|
    |cell_q20_1_reg_6103                                |  48|   0|   48|          0|
    |cell_q20_reg_6078                                  |  48|   0|   48|          0|
    |common_q20_2_reg_5863                              |  48|   0|   48|          0|
    |common_q20_reg_5848                                |  48|   0|   48|          0|
    |cy_q610_1_reg_6312                                 |  16|   0|   16|          0|
    |cy_q610_reg_6327                                   |  16|   0|   16|          0|
    |delta_y_q610_1_reg_6068                            |  11|   0|   11|          0|
    |delta_y_q610_reg_6053                              |  11|   0|   11|          0|
    |forget_preact_q610_1_reg_5898                      |  16|   0|   16|          0|
    |forget_preact_q610_reg_5914                        |  16|   0|   16|          0|
    |forget_q20_2_reg_5868                              |  48|   0|   48|          0|
    |forget_q20_reg_5853                                |  48|   0|   48|          0|
    |hidden_index_fu_932                                |   8|   0|    8|          0|
    |icmp_ln155_13_reg_6430                             |   1|   0|    1|          0|
    |icmp_ln155_6_reg_6414                              |   1|   0|    1|          0|
    |icmp_ln1662_1_reg_5926                             |   1|   0|    1|          0|
    |icmp_ln1662_reg_5910                               |   1|   0|    1|          0|
    |icmp_ln1665_1_reg_5959                             |   1|   0|    1|          0|
    |icmp_ln1665_reg_5930                               |   1|   0|    1|          0|
    |icmp_ln1677_1_reg_5973                             |   1|   0|    1|          0|
    |icmp_ln1677_reg_5944                               |   1|   0|    1|          0|
    |icmp_ln1679_1_reg_5978                             |   1|   0|    1|          0|
    |icmp_ln1679_reg_5949                               |   1|   0|    1|          0|
    |icmp_ln1690_1_reg_6008                             |   1|   0|    1|          0|
    |icmp_ln1690_1_reg_6008_pp0_iter6_reg               |   1|   0|    1|          0|
    |icmp_ln1690_2_reg_6028                             |   1|   0|    1|          0|
    |icmp_ln1690_2_reg_6028_pp0_iter6_reg               |   1|   0|    1|          0|
    |icmp_ln1690_3_reg_6033                             |   1|   0|    1|          0|
    |icmp_ln1690_3_reg_6033_pp0_iter6_reg               |   1|   0|    1|          0|
    |icmp_ln1690_reg_6003                               |   1|   0|    1|          0|
    |icmp_ln1690_reg_6003_pp0_iter6_reg                 |   1|   0|    1|          0|
    |icmp_ln1887_reg_5810                               |   1|   0|    1|          0|
    |injected_q610_1_reg_6294                           |  16|   0|   16|          0|
    |injected_q610_reg_6306                             |  16|   0|   16|          0|
    |is_negative_1_reg_5963                             |   1|   0|    1|          0|
    |is_negative_reg_5934                               |   1|   0|    1|          0|
    |lshr_ln_reg_5814                                   |   7|   0|    7|          0|
    |offset_x_q610_1_reg_6073                           |  14|   0|   14|          0|
    |offset_x_q610_reg_6058                             |  14|   0|   14|          0|
    |retained_q610_1_reg_6288                           |  16|   0|   16|          0|
    |retained_q610_reg_6300                             |  16|   0|   16|          0|
    |rhs_157_reg_5838                                   |  16|   0|   16|          0|
    |rhs_158_reg_6158                                   |  16|   0|   16|          0|
    |rhs_164_reg_5843                                   |  16|   0|   16|          0|
    |rhs_165_reg_6173                                   |  16|   0|   16|          0|
    |scaled_q610_1_reg_6382                             |  16|   0|   16|          0|
    |scaled_q610_reg_6398                               |  16|   0|   16|          0|
    |segment_index_3_reg_5954                           |  24|   0|   24|          0|
    |segment_index_8_reg_5983                           |  24|   0|   24|          0|
    |shift_bits_1_reg_6113                              |   2|   0|    4|          2|
    |shift_bits_reg_6088                                |   2|   0|    4|          2|
    |shl_ln1697_1_reg_6123                              |  10|   0|   10|          0|
    |shl_ln1697_reg_6098                                |  10|   0|   10|          0|
    |sub_ln173_12_reg_5893                              |  39|   0|   39|          0|
    |sub_ln173_14_reg_6148                              |  39|   0|   39|          0|
    |sub_ln173_2_reg_5883                               |  39|   0|   39|          0|
    |sub_ln173_4_reg_6133                               |  39|   0|   39|          0|
    |tmp_12_reg_6228                                    |   1|   0|    1|          0|
    |tmp_14_reg_6243                                    |   1|   0|    1|          0|
    |tmp_17_reg_6352                                    |   1|   0|    1|          0|
    |tmp_21_reg_5873                                    |   1|   0|    1|          0|
    |tmp_21_reg_5873_pp0_iter2_reg                      |   1|   0|    1|          0|
    |tmp_23_reg_6108                                    |   1|   0|    1|          0|
    |tmp_23_reg_6108_pp0_iter8_reg                      |   1|   0|    1|          0|
    |tmp_28_reg_6258                                    |   1|   0|    1|          0|
    |tmp_30_reg_6273                                    |   1|   0|    1|          0|
    |tmp_33_reg_6367                                    |   1|   0|    1|          0|
    |tmp_7_reg_6083                                     |   1|   0|    1|          0|
    |tmp_7_reg_6083_pp0_iter8_reg                       |   1|   0|    1|          0|
    |tmp_reg_5858                                       |   1|   0|    1|          0|
    |tmp_reg_5858_pp0_iter2_reg                         |   1|   0|    1|          0|
    |trunc_ln1694_1_reg_6118                            |  24|   0|   24|          0|
    |trunc_ln1694_reg_6093                              |  24|   0|   24|          0|
    |trunc_ln1697_1_reg_6153                            |  16|   0|   16|          0|
    |trunc_ln1697_reg_6138                              |  16|   0|   16|          0|
    |trunc_ln171_1_reg_6248                             |  21|   0|   21|          0|
    |trunc_ln171_2_reg_6357                             |  22|   0|   22|          0|
    |trunc_ln171_3_reg_6263                             |  21|   0|   21|          0|
    |trunc_ln171_4_reg_6278                             |  21|   0|   21|          0|
    |trunc_ln171_5_reg_6372                             |  22|   0|   22|          0|
    |trunc_ln173_10_reg_6268                            |  21|   0|   21|          0|
    |trunc_ln173_11_reg_6283                            |  21|   0|   21|          0|
    |trunc_ln173_12_reg_6377                            |  21|   0|   21|          0|
    |trunc_ln173_2_reg_6128                             |  39|   0|   39|          0|
    |trunc_ln173_4_reg_6238                             |  21|   0|   21|          0|
    |trunc_ln173_5_reg_6253                             |  21|   0|   21|          0|
    |trunc_ln173_6_reg_6362                             |  21|   0|   21|          0|
    |trunc_ln173_7_reg_5888                             |  39|   0|   39|          0|
    |trunc_ln173_9_reg_6143                             |  39|   0|   39|          0|
    |trunc_ln1898_1_reg_5920                            |  13|   0|   13|          0|
    |trunc_ln1898_reg_5904                              |  13|   0|   13|          0|
    |trunc_ln3_reg_6233                                 |  21|   0|   21|          0|
    |trunc_ln_reg_5878                                  |  39|   0|   39|          0|
    |value_4_reg_6409                                   |  17|   0|   17|          0|
    |value_8_reg_6425                                   |  17|   0|   17|          0|
    |y0_q610_1_reg_6063                                 |  11|   0|   11|          0|
    |y0_q610_reg_6048                                   |  11|   0|   11|          0|
    |zext_ln1675_1_reg_5967                             |  13|   0|   14|          1|
    |zext_ln1675_1_reg_5967_pp0_iter5_reg               |  13|   0|   14|          1|
    |zext_ln1675_reg_5938                               |  13|   0|   14|          1|
    |zext_ln1675_reg_5938_pp0_iter5_reg                 |  13|   0|   14|          1|
    |zext_ln1895_reg_5820                               |   7|   0|   32|         25|
    |common_q20_2_reg_5863                              |  64|  32|   48|          0|
    |common_q20_reg_5848                                |  64|  32|   48|          0|
    |icmp_ln1662_1_reg_5926                             |  64|  32|    1|          0|
    |icmp_ln1662_reg_5910                               |  64|  32|    1|          0|
    |icmp_ln1665_1_reg_5959                             |  64|  32|    1|          0|
    |icmp_ln1665_reg_5930                               |  64|  32|    1|          0|
    |icmp_ln1887_reg_5810                               |  64|  32|    1|          0|
    |is_negative_1_reg_5963                             |  64|  32|    1|          0|
    |is_negative_reg_5934                               |  64|  32|    1|          0|
    |lshr_ln_reg_5814                                   |  64|  32|    7|          0|
    |rhs_157_reg_5838                                   |  64|  32|   16|          0|
    |rhs_164_reg_5843                                   |  64|  32|   16|          0|
    |y0_q610_1_reg_6063                                 |  64|  32|   11|          0|
    |y0_q610_reg_6048                                   |  64|  32|   11|          0|
    |zext_ln1895_reg_5820                               |  64|  32|   32|         25|
    +---------------------------------------------------+----+----+-----+-----------+
    |Total                                              |2824| 480| 2093|         58|
    +---------------------------------------------------+----+----+-----+-----------+



================================================================
== Interface
================================================================
* Summary: 
+---------------------------+-----+-----+------------+--------------------------------------------------------------------------+--------------+
|         RTL Ports         | Dir | Bits|  Protocol  |                               Source Object                              |    C Type    |
+---------------------------+-----+-----+------------+--------------------------------------------------------------------------+--------------+
|ap_clk                     |   in|    1|  ap_ctrl_hs|  (anonymous namespace)RunGSUGatePhaseBand0Q610_Pipeline_VITIS_LOOP_1887_1|  return value|
|ap_rst                     |   in|    1|  ap_ctrl_hs|  (anonymous namespace)RunGSUGatePhaseBand0Q610_Pipeline_VITIS_LOOP_1887_1|  return value|
|ap_start                   |   in|    1|  ap_ctrl_hs|  (anonymous namespace)RunGSUGatePhaseBand0Q610_Pipeline_VITIS_LOOP_1887_1|  return value|
|ap_done                    |  out|    1|  ap_ctrl_hs|  (anonymous namespace)RunGSUGatePhaseBand0Q610_Pipeline_VITIS_LOOP_1887_1|  return value|
|ap_idle                    |  out|    1|  ap_ctrl_hs|  (anonymous namespace)RunGSUGatePhaseBand0Q610_Pipeline_VITIS_LOOP_1887_1|  return value|
|ap_ready                   |  out|    1|  ap_ctrl_hs|  (anonymous namespace)RunGSUGatePhaseBand0Q610_Pipeline_VITIS_LOOP_1887_1|  return value|
|common_sum_stream_dout     |   in|   96|     ap_fifo|                                                         common_sum_stream|       pointer|
|common_sum_stream_empty_n  |   in|    1|     ap_fifo|                                                         common_sum_stream|       pointer|
|common_sum_stream_read     |  out|    1|     ap_fifo|                                                         common_sum_stream|       pointer|
|prev_cx_q610_1_val         |   in|   16|     ap_none|                                                        prev_cx_q610_1_val|        scalar|
|prev_cx_q610_3_val         |   in|   16|     ap_none|                                                        prev_cx_q610_3_val|        scalar|
|prev_cx_q610_5_val         |   in|   16|     ap_none|                                                        prev_cx_q610_5_val|        scalar|
|prev_cx_q610_7_val         |   in|   16|     ap_none|                                                        prev_cx_q610_7_val|        scalar|
|prev_cx_q610_9_val         |   in|   16|     ap_none|                                                        prev_cx_q610_9_val|        scalar|
|prev_cx_q610_11_val        |   in|   16|     ap_none|                                                       prev_cx_q610_11_val|        scalar|
|prev_cx_q610_13_val        |   in|   16|     ap_none|                                                       prev_cx_q610_13_val|        scalar|
|prev_cx_q610_15_val        |   in|   16|     ap_none|                                                       prev_cx_q610_15_val|        scalar|
|prev_cx_q610_17_val        |   in|   16|     ap_none|                                                       prev_cx_q610_17_val|        scalar|
|prev_cx_q610_19_val        |   in|   16|     ap_none|                                                       prev_cx_q610_19_val|        scalar|
|prev_cx_q610_21_val        |   in|   16|     ap_none|                                                       prev_cx_q610_21_val|        scalar|
|prev_cx_q610_23_val        |   in|   16|     ap_none|                                                       prev_cx_q610_23_val|        scalar|
|prev_cx_q610_25_val        |   in|   16|     ap_none|                                                       prev_cx_q610_25_val|        scalar|
|prev_cx_q610_27_val        |   in|   16|     ap_none|                                                       prev_cx_q610_27_val|        scalar|
|prev_cx_q610_29_val        |   in|   16|     ap_none|                                                       prev_cx_q610_29_val|        scalar|
|prev_cx_q610_31_val        |   in|   16|     ap_none|                                                       prev_cx_q610_31_val|        scalar|
|prev_cx_q610_33_val        |   in|   16|     ap_none|                                                       prev_cx_q610_33_val|        scalar|
|prev_cx_q610_35_val        |   in|   16|     ap_none|                                                       prev_cx_q610_35_val|        scalar|
|prev_cx_q610_37_val        |   in|   16|     ap_none|                                                       prev_cx_q610_37_val|        scalar|
|prev_cx_q610_39_val        |   in|   16|     ap_none|                                                       prev_cx_q610_39_val|        scalar|
|prev_cx_q610_41_val        |   in|   16|     ap_none|                                                       prev_cx_q610_41_val|        scalar|
|prev_cx_q610_43_val        |   in|   16|     ap_none|                                                       prev_cx_q610_43_val|        scalar|
|prev_cx_q610_45_val        |   in|   16|     ap_none|                                                       prev_cx_q610_45_val|        scalar|
|prev_cx_q610_47_val        |   in|   16|     ap_none|                                                       prev_cx_q610_47_val|        scalar|
|prev_cx_q610_49_val        |   in|   16|     ap_none|                                                       prev_cx_q610_49_val|        scalar|
|prev_cx_q610_51_val        |   in|   16|     ap_none|                                                       prev_cx_q610_51_val|        scalar|
|prev_cx_q610_53_val        |   in|   16|     ap_none|                                                       prev_cx_q610_53_val|        scalar|
|prev_cx_q610_55_val        |   in|   16|     ap_none|                                                       prev_cx_q610_55_val|        scalar|
|prev_cx_q610_57_val        |   in|   16|     ap_none|                                                       prev_cx_q610_57_val|        scalar|
|prev_cx_q610_59_val        |   in|   16|     ap_none|                                                       prev_cx_q610_59_val|        scalar|
|prev_cx_q610_61_val        |   in|   16|     ap_none|                                                       prev_cx_q610_61_val|        scalar|
|prev_cx_q610_63_val        |   in|   16|     ap_none|                                                       prev_cx_q610_63_val|        scalar|
|prev_cx_q610_65_val        |   in|   16|     ap_none|                                                       prev_cx_q610_65_val|        scalar|
|prev_cx_q610_67_val        |   in|   16|     ap_none|                                                       prev_cx_q610_67_val|        scalar|
|prev_cx_q610_69_val        |   in|   16|     ap_none|                                                       prev_cx_q610_69_val|        scalar|
|prev_cx_q610_71_val        |   in|   16|     ap_none|                                                       prev_cx_q610_71_val|        scalar|
|prev_cx_q610_73_val        |   in|   16|     ap_none|                                                       prev_cx_q610_73_val|        scalar|
|prev_cx_q610_75_val        |   in|   16|     ap_none|                                                       prev_cx_q610_75_val|        scalar|
|prev_cx_q610_77_val        |   in|   16|     ap_none|                                                       prev_cx_q610_77_val|        scalar|
|prev_cx_q610_79_val        |   in|   16|     ap_none|                                                       prev_cx_q610_79_val|        scalar|
|prev_cx_q610_81_val        |   in|   16|     ap_none|                                                       prev_cx_q610_81_val|        scalar|
|prev_cx_q610_83_val        |   in|   16|     ap_none|                                                       prev_cx_q610_83_val|        scalar|
|prev_cx_q610_85_val        |   in|   16|     ap_none|                                                       prev_cx_q610_85_val|        scalar|
|prev_cx_q610_87_val        |   in|   16|     ap_none|                                                       prev_cx_q610_87_val|        scalar|
|prev_cx_q610_89_val        |   in|   16|     ap_none|                                                       prev_cx_q610_89_val|        scalar|
|prev_cx_q610_91_val        |   in|   16|     ap_none|                                                       prev_cx_q610_91_val|        scalar|
|prev_cx_q610_93_val        |   in|   16|     ap_none|                                                       prev_cx_q610_93_val|        scalar|
|prev_cx_q610_95_val        |   in|   16|     ap_none|                                                       prev_cx_q610_95_val|        scalar|
|prev_cx_q610_97_val        |   in|   16|     ap_none|                                                       prev_cx_q610_97_val|        scalar|
|prev_cx_q610_99_val        |   in|   16|     ap_none|                                                       prev_cx_q610_99_val|        scalar|
|prev_cx_q610_101_val       |   in|   16|     ap_none|                                                      prev_cx_q610_101_val|        scalar|
|prev_cx_q610_103_val       |   in|   16|     ap_none|                                                      prev_cx_q610_103_val|        scalar|
|prev_cx_q610_105_val       |   in|   16|     ap_none|                                                      prev_cx_q610_105_val|        scalar|
|prev_cx_q610_107_val       |   in|   16|     ap_none|                                                      prev_cx_q610_107_val|        scalar|
|prev_cx_q610_109_val       |   in|   16|     ap_none|                                                      prev_cx_q610_109_val|        scalar|
|prev_cx_q610_111_val       |   in|   16|     ap_none|                                                      prev_cx_q610_111_val|        scalar|
|prev_cx_q610_113_val       |   in|   16|     ap_none|                                                      prev_cx_q610_113_val|        scalar|
|prev_cx_q610_115_val       |   in|   16|     ap_none|                                                      prev_cx_q610_115_val|        scalar|
|prev_cx_q610_117_val       |   in|   16|     ap_none|                                                      prev_cx_q610_117_val|        scalar|
|prev_cx_q610_119_val       |   in|   16|     ap_none|                                                      prev_cx_q610_119_val|        scalar|
|prev_cx_q610_121_val       |   in|   16|     ap_none|                                                      prev_cx_q610_121_val|        scalar|
|prev_cx_q610_123_val       |   in|   16|     ap_none|                                                      prev_cx_q610_123_val|        scalar|
|prev_cx_q610_125_val       |   in|   16|     ap_none|                                                      prev_cx_q610_125_val|        scalar|
|prev_cx_q610_127_val       |   in|   16|     ap_none|                                                      prev_cx_q610_127_val|        scalar|
|prev_cx_q610_129_val       |   in|   16|     ap_none|                                                      prev_cx_q610_129_val|        scalar|
|prev_cx_q610_131_val       |   in|   16|     ap_none|                                                      prev_cx_q610_131_val|        scalar|
|prev_cx_q610_133_val       |   in|   16|     ap_none|                                                      prev_cx_q610_133_val|        scalar|
|prev_cx_q610_135_val       |   in|   16|     ap_none|                                                      prev_cx_q610_135_val|        scalar|
|prev_cx_q610_137_val       |   in|   16|     ap_none|                                                      prev_cx_q610_137_val|        scalar|
|prev_cx_q610_139_val       |   in|   16|     ap_none|                                                      prev_cx_q610_139_val|        scalar|
|prev_cx_q610_141_val       |   in|   16|     ap_none|                                                      prev_cx_q610_141_val|        scalar|
|prev_cx_q610_143_val       |   in|   16|     ap_none|                                                      prev_cx_q610_143_val|        scalar|
|prev_cx_q610_145_val       |   in|   16|     ap_none|                                                      prev_cx_q610_145_val|        scalar|
|prev_cx_q610_147_val       |   in|   16|     ap_none|                                                      prev_cx_q610_147_val|        scalar|
|prev_cx_q610_149_val       |   in|   16|     ap_none|                                                      prev_cx_q610_149_val|        scalar|
|prev_cx_q610_151_val       |   in|   16|     ap_none|                                                      prev_cx_q610_151_val|        scalar|
|prev_cx_q610_153_val       |   in|   16|     ap_none|                                                      prev_cx_q610_153_val|        scalar|
|prev_cx_q610_155_val       |   in|   16|     ap_none|                                                      prev_cx_q610_155_val|        scalar|
|prev_cx_q610_157_val       |   in|   16|     ap_none|                                                      prev_cx_q610_157_val|        scalar|
|prev_cx_q610_159_val       |   in|   16|     ap_none|                                                      prev_cx_q610_159_val|        scalar|
|prev_cx_q610_161_val       |   in|   16|     ap_none|                                                      prev_cx_q610_161_val|        scalar|
|prev_cx_q610_163_val       |   in|   16|     ap_none|                                                      prev_cx_q610_163_val|        scalar|
|prev_cx_q610_165_val       |   in|   16|     ap_none|                                                      prev_cx_q610_165_val|        scalar|
|prev_cx_q610_167_val       |   in|   16|     ap_none|                                                      prev_cx_q610_167_val|        scalar|
|prev_cx_q610_169_val       |   in|   16|     ap_none|                                                      prev_cx_q610_169_val|        scalar|
|prev_cx_q610_171_val       |   in|   16|     ap_none|                                                      prev_cx_q610_171_val|        scalar|
|prev_cx_q610_173_val       |   in|   16|     ap_none|                                                      prev_cx_q610_173_val|        scalar|
|prev_cx_q610_175_val       |   in|   16|     ap_none|                                                      prev_cx_q610_175_val|        scalar|
|prev_cx_q610_177_val       |   in|   16|     ap_none|                                                      prev_cx_q610_177_val|        scalar|
|prev_cx_q610_179_val       |   in|   16|     ap_none|                                                      prev_cx_q610_179_val|        scalar|
|prev_cx_q610_181_val       |   in|   16|     ap_none|                                                      prev_cx_q610_181_val|        scalar|
|prev_cx_q610_183_val       |   in|   16|     ap_none|                                                      prev_cx_q610_183_val|        scalar|
|prev_cx_q610_185_val       |   in|   16|     ap_none|                                                      prev_cx_q610_185_val|        scalar|
|prev_cx_q610_187_val       |   in|   16|     ap_none|                                                      prev_cx_q610_187_val|        scalar|
|prev_cx_q610_189_val       |   in|   16|     ap_none|                                                      prev_cx_q610_189_val|        scalar|
|prev_cx_q610_191_val       |   in|   16|     ap_none|                                                      prev_cx_q610_191_val|        scalar|
|prev_cx_q610_193_val       |   in|   16|     ap_none|                                                      prev_cx_q610_193_val|        scalar|
|prev_cx_q610_195_val       |   in|   16|     ap_none|                                                      prev_cx_q610_195_val|        scalar|
|prev_cx_q610_197_val       |   in|   16|     ap_none|                                                      prev_cx_q610_197_val|        scalar|
|prev_cx_q610_199_val       |   in|   16|     ap_none|                                                      prev_cx_q610_199_val|        scalar|
|prev_cx_q610_201_val       |   in|   16|     ap_none|                                                      prev_cx_q610_201_val|        scalar|
|prev_cx_q610_203_val       |   in|   16|     ap_none|                                                      prev_cx_q610_203_val|        scalar|
|prev_cx_q610_205_val       |   in|   16|     ap_none|                                                      prev_cx_q610_205_val|        scalar|
|prev_cx_q610_207_val       |   in|   16|     ap_none|                                                      prev_cx_q610_207_val|        scalar|
|prev_cx_q610_209_val       |   in|   16|     ap_none|                                                      prev_cx_q610_209_val|        scalar|
|prev_cx_q610_211_val       |   in|   16|     ap_none|                                                      prev_cx_q610_211_val|        scalar|
|prev_cx_q610_213_val       |   in|   16|     ap_none|                                                      prev_cx_q610_213_val|        scalar|
|prev_cx_q610_215_val       |   in|   16|     ap_none|                                                      prev_cx_q610_215_val|        scalar|
|prev_cx_q610_217_val       |   in|   16|     ap_none|                                                      prev_cx_q610_217_val|        scalar|
|prev_cx_q610_219_val       |   in|   16|     ap_none|                                                      prev_cx_q610_219_val|        scalar|
|prev_cx_q610_221_val       |   in|   16|     ap_none|                                                      prev_cx_q610_221_val|        scalar|
|prev_cx_q610_223_val       |   in|   16|     ap_none|                                                      prev_cx_q610_223_val|        scalar|
|prev_cx_q610_0_val         |   in|   16|     ap_none|                                                        prev_cx_q610_0_val|        scalar|
|prev_cx_q610_2_val         |   in|   16|     ap_none|                                                        prev_cx_q610_2_val|        scalar|
|prev_cx_q610_4_val         |   in|   16|     ap_none|                                                        prev_cx_q610_4_val|        scalar|
|prev_cx_q610_6_val         |   in|   16|     ap_none|                                                        prev_cx_q610_6_val|        scalar|
|prev_cx_q610_8_val         |   in|   16|     ap_none|                                                        prev_cx_q610_8_val|        scalar|
|prev_cx_q610_10_val        |   in|   16|     ap_none|                                                       prev_cx_q610_10_val|        scalar|
|prev_cx_q610_12_val        |   in|   16|     ap_none|                                                       prev_cx_q610_12_val|        scalar|
|prev_cx_q610_14_val        |   in|   16|     ap_none|                                                       prev_cx_q610_14_val|        scalar|
|prev_cx_q610_16_val        |   in|   16|     ap_none|                                                       prev_cx_q610_16_val|        scalar|
|prev_cx_q610_18_val        |   in|   16|     ap_none|                                                       prev_cx_q610_18_val|        scalar|
|prev_cx_q610_20_val        |   in|   16|     ap_none|                                                       prev_cx_q610_20_val|        scalar|
|prev_cx_q610_22_val        |   in|   16|     ap_none|                                                       prev_cx_q610_22_val|        scalar|
|prev_cx_q610_24_val        |   in|   16|     ap_none|                                                       prev_cx_q610_24_val|        scalar|
|prev_cx_q610_26_val        |   in|   16|     ap_none|                                                       prev_cx_q610_26_val|        scalar|
|prev_cx_q610_28_val        |   in|   16|     ap_none|                                                       prev_cx_q610_28_val|        scalar|
|prev_cx_q610_30_val        |   in|   16|     ap_none|                                                       prev_cx_q610_30_val|        scalar|
|prev_cx_q610_32_val        |   in|   16|     ap_none|                                                       prev_cx_q610_32_val|        scalar|
|prev_cx_q610_34_val        |   in|   16|     ap_none|                                                       prev_cx_q610_34_val|        scalar|
|prev_cx_q610_36_val        |   in|   16|     ap_none|                                                       prev_cx_q610_36_val|        scalar|
|prev_cx_q610_38_val        |   in|   16|     ap_none|                                                       prev_cx_q610_38_val|        scalar|
|prev_cx_q610_40_val        |   in|   16|     ap_none|                                                       prev_cx_q610_40_val|        scalar|
|prev_cx_q610_42_val        |   in|   16|     ap_none|                                                       prev_cx_q610_42_val|        scalar|
|prev_cx_q610_44_val        |   in|   16|     ap_none|                                                       prev_cx_q610_44_val|        scalar|
|prev_cx_q610_46_val        |   in|   16|     ap_none|                                                       prev_cx_q610_46_val|        scalar|
|prev_cx_q610_48_val        |   in|   16|     ap_none|                                                       prev_cx_q610_48_val|        scalar|
|prev_cx_q610_50_val        |   in|   16|     ap_none|                                                       prev_cx_q610_50_val|        scalar|
|prev_cx_q610_52_val        |   in|   16|     ap_none|                                                       prev_cx_q610_52_val|        scalar|
|prev_cx_q610_54_val        |   in|   16|     ap_none|                                                       prev_cx_q610_54_val|        scalar|
|prev_cx_q610_56_val        |   in|   16|     ap_none|                                                       prev_cx_q610_56_val|        scalar|
|prev_cx_q610_58_val        |   in|   16|     ap_none|                                                       prev_cx_q610_58_val|        scalar|
|prev_cx_q610_60_val        |   in|   16|     ap_none|                                                       prev_cx_q610_60_val|        scalar|
|prev_cx_q610_62_val        |   in|   16|     ap_none|                                                       prev_cx_q610_62_val|        scalar|
|prev_cx_q610_64_val        |   in|   16|     ap_none|                                                       prev_cx_q610_64_val|        scalar|
|prev_cx_q610_66_val        |   in|   16|     ap_none|                                                       prev_cx_q610_66_val|        scalar|
|prev_cx_q610_68_val        |   in|   16|     ap_none|                                                       prev_cx_q610_68_val|        scalar|
|prev_cx_q610_70_val        |   in|   16|     ap_none|                                                       prev_cx_q610_70_val|        scalar|
|prev_cx_q610_72_val        |   in|   16|     ap_none|                                                       prev_cx_q610_72_val|        scalar|
|prev_cx_q610_74_val        |   in|   16|     ap_none|                                                       prev_cx_q610_74_val|        scalar|
|prev_cx_q610_76_val        |   in|   16|     ap_none|                                                       prev_cx_q610_76_val|        scalar|
|prev_cx_q610_78_val        |   in|   16|     ap_none|                                                       prev_cx_q610_78_val|        scalar|
|prev_cx_q610_80_val        |   in|   16|     ap_none|                                                       prev_cx_q610_80_val|        scalar|
|prev_cx_q610_82_val        |   in|   16|     ap_none|                                                       prev_cx_q610_82_val|        scalar|
|prev_cx_q610_84_val        |   in|   16|     ap_none|                                                       prev_cx_q610_84_val|        scalar|
|prev_cx_q610_86_val        |   in|   16|     ap_none|                                                       prev_cx_q610_86_val|        scalar|
|prev_cx_q610_88_val        |   in|   16|     ap_none|                                                       prev_cx_q610_88_val|        scalar|
|prev_cx_q610_90_val        |   in|   16|     ap_none|                                                       prev_cx_q610_90_val|        scalar|
|prev_cx_q610_92_val        |   in|   16|     ap_none|                                                       prev_cx_q610_92_val|        scalar|
|prev_cx_q610_94_val        |   in|   16|     ap_none|                                                       prev_cx_q610_94_val|        scalar|
|prev_cx_q610_96_val        |   in|   16|     ap_none|                                                       prev_cx_q610_96_val|        scalar|
|prev_cx_q610_98_val        |   in|   16|     ap_none|                                                       prev_cx_q610_98_val|        scalar|
|prev_cx_q610_100_val       |   in|   16|     ap_none|                                                      prev_cx_q610_100_val|        scalar|
|prev_cx_q610_102_val       |   in|   16|     ap_none|                                                      prev_cx_q610_102_val|        scalar|
|prev_cx_q610_104_val       |   in|   16|     ap_none|                                                      prev_cx_q610_104_val|        scalar|
|prev_cx_q610_106_val       |   in|   16|     ap_none|                                                      prev_cx_q610_106_val|        scalar|
|prev_cx_q610_108_val       |   in|   16|     ap_none|                                                      prev_cx_q610_108_val|        scalar|
|prev_cx_q610_110_val       |   in|   16|     ap_none|                                                      prev_cx_q610_110_val|        scalar|
|prev_cx_q610_112_val       |   in|   16|     ap_none|                                                      prev_cx_q610_112_val|        scalar|
|prev_cx_q610_114_val       |   in|   16|     ap_none|                                                      prev_cx_q610_114_val|        scalar|
|prev_cx_q610_116_val       |   in|   16|     ap_none|                                                      prev_cx_q610_116_val|        scalar|
|prev_cx_q610_118_val       |   in|   16|     ap_none|                                                      prev_cx_q610_118_val|        scalar|
|prev_cx_q610_120_val       |   in|   16|     ap_none|                                                      prev_cx_q610_120_val|        scalar|
|prev_cx_q610_122_val       |   in|   16|     ap_none|                                                      prev_cx_q610_122_val|        scalar|
|prev_cx_q610_124_val       |   in|   16|     ap_none|                                                      prev_cx_q610_124_val|        scalar|
|prev_cx_q610_126_val       |   in|   16|     ap_none|                                                      prev_cx_q610_126_val|        scalar|
|prev_cx_q610_128_val       |   in|   16|     ap_none|                                                      prev_cx_q610_128_val|        scalar|
|prev_cx_q610_130_val       |   in|   16|     ap_none|                                                      prev_cx_q610_130_val|        scalar|
|prev_cx_q610_132_val       |   in|   16|     ap_none|                                                      prev_cx_q610_132_val|        scalar|
|prev_cx_q610_134_val       |   in|   16|     ap_none|                                                      prev_cx_q610_134_val|        scalar|
|prev_cx_q610_136_val       |   in|   16|     ap_none|                                                      prev_cx_q610_136_val|        scalar|
|prev_cx_q610_138_val       |   in|   16|     ap_none|                                                      prev_cx_q610_138_val|        scalar|
|prev_cx_q610_140_val       |   in|   16|     ap_none|                                                      prev_cx_q610_140_val|        scalar|
|prev_cx_q610_142_val       |   in|   16|     ap_none|                                                      prev_cx_q610_142_val|        scalar|
|prev_cx_q610_144_val       |   in|   16|     ap_none|                                                      prev_cx_q610_144_val|        scalar|
|prev_cx_q610_146_val       |   in|   16|     ap_none|                                                      prev_cx_q610_146_val|        scalar|
|prev_cx_q610_148_val       |   in|   16|     ap_none|                                                      prev_cx_q610_148_val|        scalar|
|prev_cx_q610_150_val       |   in|   16|     ap_none|                                                      prev_cx_q610_150_val|        scalar|
|prev_cx_q610_152_val       |   in|   16|     ap_none|                                                      prev_cx_q610_152_val|        scalar|
|prev_cx_q610_154_val       |   in|   16|     ap_none|                                                      prev_cx_q610_154_val|        scalar|
|prev_cx_q610_156_val       |   in|   16|     ap_none|                                                      prev_cx_q610_156_val|        scalar|
|prev_cx_q610_158_val       |   in|   16|     ap_none|                                                      prev_cx_q610_158_val|        scalar|
|prev_cx_q610_160_val       |   in|   16|     ap_none|                                                      prev_cx_q610_160_val|        scalar|
|prev_cx_q610_162_val       |   in|   16|     ap_none|                                                      prev_cx_q610_162_val|        scalar|
|prev_cx_q610_164_val       |   in|   16|     ap_none|                                                      prev_cx_q610_164_val|        scalar|
|prev_cx_q610_166_val       |   in|   16|     ap_none|                                                      prev_cx_q610_166_val|        scalar|
|prev_cx_q610_168_val       |   in|   16|     ap_none|                                                      prev_cx_q610_168_val|        scalar|
|prev_cx_q610_170_val       |   in|   16|     ap_none|                                                      prev_cx_q610_170_val|        scalar|
|prev_cx_q610_172_val       |   in|   16|     ap_none|                                                      prev_cx_q610_172_val|        scalar|
|prev_cx_q610_174_val       |   in|   16|     ap_none|                                                      prev_cx_q610_174_val|        scalar|
|prev_cx_q610_176_val       |   in|   16|     ap_none|                                                      prev_cx_q610_176_val|        scalar|
|prev_cx_q610_178_val       |   in|   16|     ap_none|                                                      prev_cx_q610_178_val|        scalar|
|prev_cx_q610_180_val       |   in|   16|     ap_none|                                                      prev_cx_q610_180_val|        scalar|
|prev_cx_q610_182_val       |   in|   16|     ap_none|                                                      prev_cx_q610_182_val|        scalar|
|prev_cx_q610_184_val       |   in|   16|     ap_none|                                                      prev_cx_q610_184_val|        scalar|
|prev_cx_q610_186_val       |   in|   16|     ap_none|                                                      prev_cx_q610_186_val|        scalar|
|prev_cx_q610_188_val       |   in|   16|     ap_none|                                                      prev_cx_q610_188_val|        scalar|
|prev_cx_q610_190_val       |   in|   16|     ap_none|                                                      prev_cx_q610_190_val|        scalar|
|prev_cx_q610_192_val       |   in|   16|     ap_none|                                                      prev_cx_q610_192_val|        scalar|
|prev_cx_q610_194_val       |   in|   16|     ap_none|                                                      prev_cx_q610_194_val|        scalar|
|prev_cx_q610_196_val       |   in|   16|     ap_none|                                                      prev_cx_q610_196_val|        scalar|
|prev_cx_q610_198_val       |   in|   16|     ap_none|                                                      prev_cx_q610_198_val|        scalar|
|prev_cx_q610_200_val       |   in|   16|     ap_none|                                                      prev_cx_q610_200_val|        scalar|
|prev_cx_q610_202_val       |   in|   16|     ap_none|                                                      prev_cx_q610_202_val|        scalar|
|prev_cx_q610_204_val       |   in|   16|     ap_none|                                                      prev_cx_q610_204_val|        scalar|
|prev_cx_q610_206_val       |   in|   16|     ap_none|                                                      prev_cx_q610_206_val|        scalar|
|prev_cx_q610_208_val       |   in|   16|     ap_none|                                                      prev_cx_q610_208_val|        scalar|
|prev_cx_q610_210_val       |   in|   16|     ap_none|                                                      prev_cx_q610_210_val|        scalar|
|prev_cx_q610_212_val       |   in|   16|     ap_none|                                                      prev_cx_q610_212_val|        scalar|
|prev_cx_q610_214_val       |   in|   16|     ap_none|                                                      prev_cx_q610_214_val|        scalar|
|prev_cx_q610_216_val       |   in|   16|     ap_none|                                                      prev_cx_q610_216_val|        scalar|
|prev_cx_q610_218_val       |   in|   16|     ap_none|                                                      prev_cx_q610_218_val|        scalar|
|prev_cx_q610_220_val       |   in|   16|     ap_none|                                                      prev_cx_q610_220_val|        scalar|
|prev_cx_q610_222_val       |   in|   16|     ap_none|                                                      prev_cx_q610_222_val|        scalar|
|bn_mul_0_address0          |  out|    7|   ap_memory|                                                                  bn_mul_0|         array|
|bn_mul_0_ce0               |  out|    1|   ap_memory|                                                                  bn_mul_0|         array|
|bn_mul_0_q0                |   in|   16|   ap_memory|                                                                  bn_mul_0|         array|
|bn_mul_1_address0          |  out|    7|   ap_memory|                                                                  bn_mul_1|         array|
|bn_mul_1_ce0               |  out|    1|   ap_memory|                                                                  bn_mul_1|         array|
|bn_mul_1_q0                |   in|   16|   ap_memory|                                                                  bn_mul_1|         array|
|bn_add_0_address0          |  out|    7|   ap_memory|                                                                  bn_add_0|         array|
|bn_add_0_ce0               |  out|    1|   ap_memory|                                                                  bn_add_0|         array|
|bn_add_0_q0                |   in|   16|   ap_memory|                                                                  bn_add_0|         array|
|bn_add_1_address0          |  out|    7|   ap_memory|                                                                  bn_add_1|         array|
|bn_add_1_ce0               |  out|    1|   ap_memory|                                                                  bn_add_1|         array|
|bn_add_1_q0                |   in|   16|   ap_memory|                                                                  bn_add_1|         array|
|bias_ih_0_address0         |  out|    8|   ap_memory|                                                                 bias_ih_0|         array|
|bias_ih_0_ce0              |  out|    1|   ap_memory|                                                                 bias_ih_0|         array|
|bias_ih_0_q0               |   in|   16|   ap_memory|                                                                 bias_ih_0|         array|
|bias_ih_0_address1         |  out|    8|   ap_memory|                                                                 bias_ih_0|         array|
|bias_ih_0_ce1              |  out|    1|   ap_memory|                                                                 bias_ih_0|         array|
|bias_ih_0_q1               |   in|   16|   ap_memory|                                                                 bias_ih_0|         array|
|bias_ih_1_address0         |  out|    8|   ap_memory|                                                                 bias_ih_1|         array|
|bias_ih_1_ce0              |  out|    1|   ap_memory|                                                                 bias_ih_1|         array|
|bias_ih_1_q0               |   in|   16|   ap_memory|                                                                 bias_ih_1|         array|
|bias_ih_1_address1         |  out|    8|   ap_memory|                                                                 bias_ih_1|         array|
|bias_ih_1_ce1              |  out|    1|   ap_memory|                                                                 bias_ih_1|         array|
|bias_ih_1_q1               |   in|   16|   ap_memory|                                                                 bias_ih_1|         array|
|sub_ln1914_1               |   in|   12|     ap_none|                                                              sub_ln1914_1|        scalar|
|hx_state_q610_0_address1   |  out|   12|   ap_memory|                                                           hx_state_q610_0|         array|
|hx_state_q610_0_ce1        |  out|    1|   ap_memory|                                                           hx_state_q610_0|         array|
|hx_state_q610_0_we1        |  out|    1|   ap_memory|                                                           hx_state_q610_0|         array|
|hx_state_q610_0_d1         |  out|   16|   ap_memory|                                                           hx_state_q610_0|         array|
|sub_ln1914                 |   in|   12|     ap_none|                                                                sub_ln1914|        scalar|
|hx_state_q610_1_address1   |  out|   12|   ap_memory|                                                           hx_state_q610_1|         array|
|hx_state_q610_1_ce1        |  out|    1|   ap_memory|                                                           hx_state_q610_1|         array|
|hx_state_q610_1_we1        |  out|    1|   ap_memory|                                                           hx_state_q610_1|         array|
|hx_state_q610_1_d1         |  out|   16|   ap_memory|                                                           hx_state_q610_1|         array|
|sub_ln1913_1               |   in|   12|     ap_none|                                                              sub_ln1913_1|        scalar|
|cx_state_q610_0_address1   |  out|   12|   ap_memory|                                                           cx_state_q610_0|         array|
|cx_state_q610_0_ce1        |  out|    1|   ap_memory|                                                           cx_state_q610_0|         array|
|cx_state_q610_0_we1        |  out|    1|   ap_memory|                                                           cx_state_q610_0|         array|
|cx_state_q610_0_d1         |  out|   16|   ap_memory|                                                           cx_state_q610_0|         array|
|sub_ln1913                 |   in|   12|     ap_none|                                                                sub_ln1913|        scalar|
|cx_state_q610_1_address1   |  out|   12|   ap_memory|                                                           cx_state_q610_1|         array|
|cx_state_q610_1_ce1        |  out|    1|   ap_memory|                                                           cx_state_q610_1|         array|
|cx_state_q610_1_we1        |  out|    1|   ap_memory|                                                           cx_state_q610_1|         array|
|cx_state_q610_1_d1         |  out|   16|   ap_memory|                                                           cx_state_q610_1|         array|
|sub_ln1915_1               |   in|   12|     ap_none|                                                              sub_ln1915_1|        scalar|
|output_hy_q610_0_address1  |  out|   12|   ap_memory|                                                          output_hy_q610_0|         array|
|output_hy_q610_0_ce1       |  out|    1|   ap_memory|                                                          output_hy_q610_0|         array|
|output_hy_q610_0_we1       |  out|    1|   ap_memory|                                                          output_hy_q610_0|         array|
|output_hy_q610_0_d1        |  out|   16|   ap_memory|                                                          output_hy_q610_0|         array|
|sub_ln1915                 |   in|   12|     ap_none|                                                                sub_ln1915|        scalar|
|output_hy_q610_1_address1  |  out|   12|   ap_memory|                                                          output_hy_q610_1|         array|
|output_hy_q610_1_ce1       |  out|    1|   ap_memory|                                                          output_hy_q610_1|         array|
|output_hy_q610_1_we1       |  out|    1|   ap_memory|                                                          output_hy_q610_1|         array|
|output_hy_q610_1_d1        |  out|   16|   ap_memory|                                                          output_hy_q610_1|         array|
+---------------------------+-----+-----+------------+--------------------------------------------------------------------------+--------------+

