

================================================================
== Vitis HLS Report for 'p_anonymous_namespace_BuildRealtimeBandInputQ610'
================================================================
* Date:           Thu May 14 12:27:31 2026

* Version:        2023.2 (Build 4023990 on Oct 11 2023)
* Project:        subband_q610_realtime_hls
* Solution:       solution1 (Vivado IP Flow Target)
* Product family: zynq
* Target device:  xc7z020-clg400-1


================================================================
== Performance Estimates
================================================================
+ Timing: 
    * Summary: 
    +--------+----------+----------+------------+
    |  Clock |  Target  | Estimated| Uncertainty|
    +--------+----------+----------+------------+
    |ap_clk  |  10.00 ns|  8.726 ns|     2.70 ns|
    +--------+----------+----------+------------+

+ Latency: 
    * Summary: 
    +---------+---------+----------+----------+-----+-----+---------+
    |  Latency (cycles) |  Latency (absolute) |  Interval | Pipeline|
    |   min   |   max   |    min   |    max   | min | max |   Type  |
    +---------+---------+----------+----------+-----+-----+---------+
    |      232|      232|  2.320 us|  2.320 us|  232|  232|       no|
    +---------+---------+----------+----------+-----+-----+---------+

    + Detail: 
        * Instance: 
        +----------------------------------------------------------------------------------------+-----------------------------------------------------------------------------+---------+---------+----------+----------+-----+-----+---------+
        |                                                                                        |                                                                             |  Latency (cycles) |  Latency (absolute) |  Interval | Pipeline|
        |                                        Instance                                        |                                    Module                                   |   min   |   max   |    min   |    max   | min | max |   Type  |
        +----------------------------------------------------------------------------------------+-----------------------------------------------------------------------------+---------+---------+----------+----------+-----+-----+---------+
        |grp_p_anonymous_namespace_BuildRealtimeBandInputQ610_Pipeline_VITIS_LOOP_2651_1_fu_522  |p_anonymous_namespace_BuildRealtimeBandInputQ610_Pipeline_VITIS_LOOP_2651_1  |      227|      227|  2.270 us|  2.270 us|  227|  227|       no|
        +----------------------------------------------------------------------------------------+-----------------------------------------------------------------------------+---------+---------+----------+----------+-----+-----+---------+

        * Loop: 
        N/A



================================================================
== Utilization Estimates
================================================================
* Summary: 
+-----------------+---------+-----+--------+-------+-----+
|       Name      | BRAM_18K| DSP |   FF   |  LUT  | URAM|
+-----------------+---------+-----+--------+-------+-----+
|DSP              |        -|    1|       -|      -|    -|
|Expression       |        -|    -|       -|      -|    -|
|FIFO             |        -|    -|       -|      -|    -|
|Instance         |        -|    -|     269|    364|    -|
|Memory           |        -|    -|       -|      -|    -|
|Multiplexer      |        -|    -|       -|     37|    -|
|Register         |        -|    -|      19|      -|    -|
+-----------------+---------+-----+--------+-------+-----+
|Total            |        0|    1|     288|    401|    0|
+-----------------+---------+-----+--------+-------+-----+
|Available        |      280|  220|  106400|  53200|    0|
+-----------------+---------+-----+--------+-------+-----+
|Utilization (%)  |        0|   ~0|      ~0|     ~0|    0|
+-----------------+---------+-----+--------+-------+-----+

+ Detail: 
    * Instance: 
    +----------------------------------------------------------------------------------------+-----------------------------------------------------------------------------+---------+----+-----+-----+-----+
    |                                        Instance                                        |                                    Module                                   | BRAM_18K| DSP|  FF | LUT | URAM|
    +----------------------------------------------------------------------------------------+-----------------------------------------------------------------------------+---------+----+-----+-----+-----+
    |grp_p_anonymous_namespace_BuildRealtimeBandInputQ610_Pipeline_VITIS_LOOP_2651_1_fu_522  |p_anonymous_namespace_BuildRealtimeBandInputQ610_Pipeline_VITIS_LOOP_2651_1  |        0|   0|  269|  364|    0|
    +----------------------------------------------------------------------------------------+-----------------------------------------------------------------------------+---------+----+-----+-----+-----+
    |Total                                                                                   |                                                                             |        0|   0|  269|  364|    0|
    +----------------------------------------------------------------------------------------+-----------------------------------------------------------------------------+---------+----+-----+-----+-----+

    * DSP: 
    +-------------------------------------+-------------------------------+--------------+
    |               Instance              |             Module            |  Expression  |
    +-------------------------------------+-------------------------------+--------------+
    |mac_muladd_7ns_3ns_8ns_10_4_1_U4423  |mac_muladd_7ns_3ns_8ns_10_4_1  |  i0 * i1 + i2|
    +-------------------------------------+-------------------------------+--------------+

    * Memory: 
    N/A

    * FIFO: 
    N/A

    * Expression: 
    N/A

    * Multiplexer: 
    +-----------+----+-----------+-----+-----------+
    |    Name   | LUT| Input Size| Bits| Total Bits|
    +-----------+----+-----------+-----+-----------+
    |ap_NS_fsm  |  37|          7|    1|          7|
    +-----------+----+-----------+-----+-----------+
    |Total      |  37|          7|    1|          7|
    +-----------+----+-----------+-----+-----------+

    * Register: 
    +-----------------------------------------------------------------------------------------------------+----+----+-----+-----------+
    |                                                 Name                                                | FF | LUT| Bits| Const Bits|
    +-----------------------------------------------------------------------------------------------------+----+----+-----+-----------+
    |ap_CS_fsm                                                                                            |   6|   0|    6|          0|
    |center_start_reg_1029                                                                                |  10|   0|   10|          0|
    |grp_p_anonymous_namespace_BuildRealtimeBandInputQ610_Pipeline_VITIS_LOOP_2651_1_fu_522_ap_start_reg  |   1|   0|    1|          0|
    |tmp_reg_1045                                                                                         |   2|   0|   10|          8|
    +-----------------------------------------------------------------------------------------------------+----+----+-----+-----------+
    |Total                                                                                                |  19|   0|   27|          8|
    +-----------------------------------------------------------------------------------------------------+----+----+-----+-----------+



================================================================
== Interface
================================================================
* Summary: 
+-------------------------+-----+-----+------------+-------------------------------------------------+--------------+
|        RTL Ports        | Dir | Bits|  Protocol  |                  Source Object                  |    C Type    |
+-------------------------+-----+-----+------------+-------------------------------------------------+--------------+
|ap_clk                   |   in|    1|  ap_ctrl_hs|  (anonymous namespace)BuildRealtimeBandInputQ610|  return value|
|ap_rst                   |   in|    1|  ap_ctrl_hs|  (anonymous namespace)BuildRealtimeBandInputQ610|  return value|
|ap_start                 |   in|    1|  ap_ctrl_hs|  (anonymous namespace)BuildRealtimeBandInputQ610|  return value|
|ap_done                  |  out|    1|  ap_ctrl_hs|  (anonymous namespace)BuildRealtimeBandInputQ610|  return value|
|ap_idle                  |  out|    1|  ap_ctrl_hs|  (anonymous namespace)BuildRealtimeBandInputQ610|  return value|
|ap_ready                 |  out|    1|  ap_ctrl_hs|  (anonymous namespace)BuildRealtimeBandInputQ610|  return value|
|p_read                   |   in|    8|     ap_none|                                           p_read|        scalar|
|p_read1                  |   in|    7|     ap_none|                                          p_read1|        scalar|
|p_read3                  |   in|    7|     ap_none|                                          p_read3|        scalar|
|p_read4                  |   in|    8|     ap_none|                                          p_read4|        scalar|
|noisy_frame_address0     |  out|   10|   ap_memory|                                      noisy_frame|         array|
|noisy_frame_ce0          |  out|    1|   ap_memory|                                      noisy_frame|         array|
|noisy_frame_q0           |   in|   16|   ap_memory|                                      noisy_frame|         array|
|noisy_frame_offset       |   in|    2|     ap_none|                               noisy_frame_offset|        scalar|
|fb_frame_address0        |  out|   10|   ap_memory|                                         fb_frame|         array|
|fb_frame_ce0             |  out|    1|   ap_memory|                                         fb_frame|         array|
|fb_frame_q0              |   in|   16|   ap_memory|                                         fb_frame|         array|
|subband_index            |   in|    3|     ap_none|                                    subband_index|        scalar|
|input_buffer_0           |  out|   16|      ap_vld|                                   input_buffer_0|       pointer|
|input_buffer_0_ap_vld    |  out|    1|      ap_vld|                                   input_buffer_0|       pointer|
|input_buffer_1           |  out|   16|      ap_vld|                                   input_buffer_1|       pointer|
|input_buffer_1_ap_vld    |  out|    1|      ap_vld|                                   input_buffer_1|       pointer|
|input_buffer_2           |  out|   16|      ap_vld|                                   input_buffer_2|       pointer|
|input_buffer_2_ap_vld    |  out|    1|      ap_vld|                                   input_buffer_2|       pointer|
|input_buffer_3           |  out|   16|      ap_vld|                                   input_buffer_3|       pointer|
|input_buffer_3_ap_vld    |  out|    1|      ap_vld|                                   input_buffer_3|       pointer|
|input_buffer_4           |  out|   16|      ap_vld|                                   input_buffer_4|       pointer|
|input_buffer_4_ap_vld    |  out|    1|      ap_vld|                                   input_buffer_4|       pointer|
|input_buffer_5           |  out|   16|      ap_vld|                                   input_buffer_5|       pointer|
|input_buffer_5_ap_vld    |  out|    1|      ap_vld|                                   input_buffer_5|       pointer|
|input_buffer_6           |  out|   16|      ap_vld|                                   input_buffer_6|       pointer|
|input_buffer_6_ap_vld    |  out|    1|      ap_vld|                                   input_buffer_6|       pointer|
|input_buffer_7           |  out|   16|      ap_vld|                                   input_buffer_7|       pointer|
|input_buffer_7_ap_vld    |  out|    1|      ap_vld|                                   input_buffer_7|       pointer|
|input_buffer_8           |  out|   16|      ap_vld|                                   input_buffer_8|       pointer|
|input_buffer_8_ap_vld    |  out|    1|      ap_vld|                                   input_buffer_8|       pointer|
|input_buffer_9           |  out|   16|      ap_vld|                                   input_buffer_9|       pointer|
|input_buffer_9_ap_vld    |  out|    1|      ap_vld|                                   input_buffer_9|       pointer|
|input_buffer_10          |  out|   16|      ap_vld|                                  input_buffer_10|       pointer|
|input_buffer_10_ap_vld   |  out|    1|      ap_vld|                                  input_buffer_10|       pointer|
|input_buffer_11          |  out|   16|      ap_vld|                                  input_buffer_11|       pointer|
|input_buffer_11_ap_vld   |  out|    1|      ap_vld|                                  input_buffer_11|       pointer|
|input_buffer_12          |  out|   16|      ap_vld|                                  input_buffer_12|       pointer|
|input_buffer_12_ap_vld   |  out|    1|      ap_vld|                                  input_buffer_12|       pointer|
|input_buffer_13          |  out|   16|      ap_vld|                                  input_buffer_13|       pointer|
|input_buffer_13_ap_vld   |  out|    1|      ap_vld|                                  input_buffer_13|       pointer|
|input_buffer_14          |  out|   16|      ap_vld|                                  input_buffer_14|       pointer|
|input_buffer_14_ap_vld   |  out|    1|      ap_vld|                                  input_buffer_14|       pointer|
|input_buffer_15          |  out|   16|      ap_vld|                                  input_buffer_15|       pointer|
|input_buffer_15_ap_vld   |  out|    1|      ap_vld|                                  input_buffer_15|       pointer|
|input_buffer_16          |  out|   16|      ap_vld|                                  input_buffer_16|       pointer|
|input_buffer_16_ap_vld   |  out|    1|      ap_vld|                                  input_buffer_16|       pointer|
|input_buffer_17          |  out|   16|      ap_vld|                                  input_buffer_17|       pointer|
|input_buffer_17_ap_vld   |  out|    1|      ap_vld|                                  input_buffer_17|       pointer|
|input_buffer_18          |  out|   16|      ap_vld|                                  input_buffer_18|       pointer|
|input_buffer_18_ap_vld   |  out|    1|      ap_vld|                                  input_buffer_18|       pointer|
|input_buffer_19          |  out|   16|      ap_vld|                                  input_buffer_19|       pointer|
|input_buffer_19_ap_vld   |  out|    1|      ap_vld|                                  input_buffer_19|       pointer|
|input_buffer_20          |  out|   16|      ap_vld|                                  input_buffer_20|       pointer|
|input_buffer_20_ap_vld   |  out|    1|      ap_vld|                                  input_buffer_20|       pointer|
|input_buffer_21          |  out|   16|      ap_vld|                                  input_buffer_21|       pointer|
|input_buffer_21_ap_vld   |  out|    1|      ap_vld|                                  input_buffer_21|       pointer|
|input_buffer_22          |  out|   16|      ap_vld|                                  input_buffer_22|       pointer|
|input_buffer_22_ap_vld   |  out|    1|      ap_vld|                                  input_buffer_22|       pointer|
|input_buffer_23          |  out|   16|      ap_vld|                                  input_buffer_23|       pointer|
|input_buffer_23_ap_vld   |  out|    1|      ap_vld|                                  input_buffer_23|       pointer|
|input_buffer_24          |  out|   16|      ap_vld|                                  input_buffer_24|       pointer|
|input_buffer_24_ap_vld   |  out|    1|      ap_vld|                                  input_buffer_24|       pointer|
|input_buffer_25          |  out|   16|      ap_vld|                                  input_buffer_25|       pointer|
|input_buffer_25_ap_vld   |  out|    1|      ap_vld|                                  input_buffer_25|       pointer|
|input_buffer_26          |  out|   16|      ap_vld|                                  input_buffer_26|       pointer|
|input_buffer_26_ap_vld   |  out|    1|      ap_vld|                                  input_buffer_26|       pointer|
|input_buffer_27          |  out|   16|      ap_vld|                                  input_buffer_27|       pointer|
|input_buffer_27_ap_vld   |  out|    1|      ap_vld|                                  input_buffer_27|       pointer|
|input_buffer_28          |  out|   16|      ap_vld|                                  input_buffer_28|       pointer|
|input_buffer_28_ap_vld   |  out|    1|      ap_vld|                                  input_buffer_28|       pointer|
|input_buffer_29          |  out|   16|      ap_vld|                                  input_buffer_29|       pointer|
|input_buffer_29_ap_vld   |  out|    1|      ap_vld|                                  input_buffer_29|       pointer|
|input_buffer_30          |  out|   16|      ap_vld|                                  input_buffer_30|       pointer|
|input_buffer_30_ap_vld   |  out|    1|      ap_vld|                                  input_buffer_30|       pointer|
|input_buffer_31          |  out|   16|      ap_vld|                                  input_buffer_31|       pointer|
|input_buffer_31_ap_vld   |  out|    1|      ap_vld|                                  input_buffer_31|       pointer|
|input_buffer_32          |  out|   16|      ap_vld|                                  input_buffer_32|       pointer|
|input_buffer_32_ap_vld   |  out|    1|      ap_vld|                                  input_buffer_32|       pointer|
|input_buffer_33          |  out|   16|      ap_vld|                                  input_buffer_33|       pointer|
|input_buffer_33_ap_vld   |  out|    1|      ap_vld|                                  input_buffer_33|       pointer|
|input_buffer_34          |  out|   16|      ap_vld|                                  input_buffer_34|       pointer|
|input_buffer_34_ap_vld   |  out|    1|      ap_vld|                                  input_buffer_34|       pointer|
|input_buffer_35          |  out|   16|      ap_vld|                                  input_buffer_35|       pointer|
|input_buffer_35_ap_vld   |  out|    1|      ap_vld|                                  input_buffer_35|       pointer|
|input_buffer_36          |  out|   16|      ap_vld|                                  input_buffer_36|       pointer|
|input_buffer_36_ap_vld   |  out|    1|      ap_vld|                                  input_buffer_36|       pointer|
|input_buffer_37          |  out|   16|      ap_vld|                                  input_buffer_37|       pointer|
|input_buffer_37_ap_vld   |  out|    1|      ap_vld|                                  input_buffer_37|       pointer|
|input_buffer_38          |  out|   16|      ap_vld|                                  input_buffer_38|       pointer|
|input_buffer_38_ap_vld   |  out|    1|      ap_vld|                                  input_buffer_38|       pointer|
|input_buffer_39          |  out|   16|      ap_vld|                                  input_buffer_39|       pointer|
|input_buffer_39_ap_vld   |  out|    1|      ap_vld|                                  input_buffer_39|       pointer|
|input_buffer_40          |  out|   16|      ap_vld|                                  input_buffer_40|       pointer|
|input_buffer_40_ap_vld   |  out|    1|      ap_vld|                                  input_buffer_40|       pointer|
|input_buffer_41          |  out|   16|      ap_vld|                                  input_buffer_41|       pointer|
|input_buffer_41_ap_vld   |  out|    1|      ap_vld|                                  input_buffer_41|       pointer|
|input_buffer_42          |  out|   16|      ap_vld|                                  input_buffer_42|       pointer|
|input_buffer_42_ap_vld   |  out|    1|      ap_vld|                                  input_buffer_42|       pointer|
|input_buffer_43          |  out|   16|      ap_vld|                                  input_buffer_43|       pointer|
|input_buffer_43_ap_vld   |  out|    1|      ap_vld|                                  input_buffer_43|       pointer|
|input_buffer_44          |  out|   16|      ap_vld|                                  input_buffer_44|       pointer|
|input_buffer_44_ap_vld   |  out|    1|      ap_vld|                                  input_buffer_44|       pointer|
|input_buffer_45          |  out|   16|      ap_vld|                                  input_buffer_45|       pointer|
|input_buffer_45_ap_vld   |  out|    1|      ap_vld|                                  input_buffer_45|       pointer|
|input_buffer_46          |  out|   16|      ap_vld|                                  input_buffer_46|       pointer|
|input_buffer_46_ap_vld   |  out|    1|      ap_vld|                                  input_buffer_46|       pointer|
|input_buffer_47          |  out|   16|      ap_vld|                                  input_buffer_47|       pointer|
|input_buffer_47_ap_vld   |  out|    1|      ap_vld|                                  input_buffer_47|       pointer|
|input_buffer_48          |  out|   16|      ap_vld|                                  input_buffer_48|       pointer|
|input_buffer_48_ap_vld   |  out|    1|      ap_vld|                                  input_buffer_48|       pointer|
|input_buffer_49          |  out|   16|      ap_vld|                                  input_buffer_49|       pointer|
|input_buffer_49_ap_vld   |  out|    1|      ap_vld|                                  input_buffer_49|       pointer|
|input_buffer_50          |  out|   16|      ap_vld|                                  input_buffer_50|       pointer|
|input_buffer_50_ap_vld   |  out|    1|      ap_vld|                                  input_buffer_50|       pointer|
|input_buffer_51          |  out|   16|      ap_vld|                                  input_buffer_51|       pointer|
|input_buffer_51_ap_vld   |  out|    1|      ap_vld|                                  input_buffer_51|       pointer|
|input_buffer_52          |  out|   16|      ap_vld|                                  input_buffer_52|       pointer|
|input_buffer_52_ap_vld   |  out|    1|      ap_vld|                                  input_buffer_52|       pointer|
|input_buffer_53          |  out|   16|      ap_vld|                                  input_buffer_53|       pointer|
|input_buffer_53_ap_vld   |  out|    1|      ap_vld|                                  input_buffer_53|       pointer|
|input_buffer_54          |  out|   16|      ap_vld|                                  input_buffer_54|       pointer|
|input_buffer_54_ap_vld   |  out|    1|      ap_vld|                                  input_buffer_54|       pointer|
|input_buffer_55          |  out|   16|      ap_vld|                                  input_buffer_55|       pointer|
|input_buffer_55_ap_vld   |  out|    1|      ap_vld|                                  input_buffer_55|       pointer|
|input_buffer_56          |  out|   16|      ap_vld|                                  input_buffer_56|       pointer|
|input_buffer_56_ap_vld   |  out|    1|      ap_vld|                                  input_buffer_56|       pointer|
|input_buffer_57          |  out|   16|      ap_vld|                                  input_buffer_57|       pointer|
|input_buffer_57_ap_vld   |  out|    1|      ap_vld|                                  input_buffer_57|       pointer|
|input_buffer_58          |  out|   16|      ap_vld|                                  input_buffer_58|       pointer|
|input_buffer_58_ap_vld   |  out|    1|      ap_vld|                                  input_buffer_58|       pointer|
|input_buffer_59          |  out|   16|      ap_vld|                                  input_buffer_59|       pointer|
|input_buffer_59_ap_vld   |  out|    1|      ap_vld|                                  input_buffer_59|       pointer|
|input_buffer_60          |  out|   16|      ap_vld|                                  input_buffer_60|       pointer|
|input_buffer_60_ap_vld   |  out|    1|      ap_vld|                                  input_buffer_60|       pointer|
|input_buffer_61          |  out|   16|      ap_vld|                                  input_buffer_61|       pointer|
|input_buffer_61_ap_vld   |  out|    1|      ap_vld|                                  input_buffer_61|       pointer|
|input_buffer_62          |  out|   16|      ap_vld|                                  input_buffer_62|       pointer|
|input_buffer_62_ap_vld   |  out|    1|      ap_vld|                                  input_buffer_62|       pointer|
|input_buffer_63          |  out|   16|      ap_vld|                                  input_buffer_63|       pointer|
|input_buffer_63_ap_vld   |  out|    1|      ap_vld|                                  input_buffer_63|       pointer|
|input_buffer_64          |  out|   16|      ap_vld|                                  input_buffer_64|       pointer|
|input_buffer_64_ap_vld   |  out|    1|      ap_vld|                                  input_buffer_64|       pointer|
|input_buffer_65          |  out|   16|      ap_vld|                                  input_buffer_65|       pointer|
|input_buffer_65_ap_vld   |  out|    1|      ap_vld|                                  input_buffer_65|       pointer|
|input_buffer_66          |  out|   16|      ap_vld|                                  input_buffer_66|       pointer|
|input_buffer_66_ap_vld   |  out|    1|      ap_vld|                                  input_buffer_66|       pointer|
|input_buffer_67          |  out|   16|      ap_vld|                                  input_buffer_67|       pointer|
|input_buffer_67_ap_vld   |  out|    1|      ap_vld|                                  input_buffer_67|       pointer|
|input_buffer_68          |  out|   16|      ap_vld|                                  input_buffer_68|       pointer|
|input_buffer_68_ap_vld   |  out|    1|      ap_vld|                                  input_buffer_68|       pointer|
|input_buffer_69          |  out|   16|      ap_vld|                                  input_buffer_69|       pointer|
|input_buffer_69_ap_vld   |  out|    1|      ap_vld|                                  input_buffer_69|       pointer|
|input_buffer_70          |  out|   16|      ap_vld|                                  input_buffer_70|       pointer|
|input_buffer_70_ap_vld   |  out|    1|      ap_vld|                                  input_buffer_70|       pointer|
|input_buffer_71          |  out|   16|      ap_vld|                                  input_buffer_71|       pointer|
|input_buffer_71_ap_vld   |  out|    1|      ap_vld|                                  input_buffer_71|       pointer|
|input_buffer_72          |  out|   16|      ap_vld|                                  input_buffer_72|       pointer|
|input_buffer_72_ap_vld   |  out|    1|      ap_vld|                                  input_buffer_72|       pointer|
|input_buffer_73          |  out|   16|      ap_vld|                                  input_buffer_73|       pointer|
|input_buffer_73_ap_vld   |  out|    1|      ap_vld|                                  input_buffer_73|       pointer|
|input_buffer_74          |  out|   16|      ap_vld|                                  input_buffer_74|       pointer|
|input_buffer_74_ap_vld   |  out|    1|      ap_vld|                                  input_buffer_74|       pointer|
|input_buffer_75          |  out|   16|      ap_vld|                                  input_buffer_75|       pointer|
|input_buffer_75_ap_vld   |  out|    1|      ap_vld|                                  input_buffer_75|       pointer|
|input_buffer_76          |  out|   16|      ap_vld|                                  input_buffer_76|       pointer|
|input_buffer_76_ap_vld   |  out|    1|      ap_vld|                                  input_buffer_76|       pointer|
|input_buffer_77          |  out|   16|      ap_vld|                                  input_buffer_77|       pointer|
|input_buffer_77_ap_vld   |  out|    1|      ap_vld|                                  input_buffer_77|       pointer|
|input_buffer_78          |  out|   16|      ap_vld|                                  input_buffer_78|       pointer|
|input_buffer_78_ap_vld   |  out|    1|      ap_vld|                                  input_buffer_78|       pointer|
|input_buffer_79          |  out|   16|      ap_vld|                                  input_buffer_79|       pointer|
|input_buffer_79_ap_vld   |  out|    1|      ap_vld|                                  input_buffer_79|       pointer|
|input_buffer_80          |  out|   16|      ap_vld|                                  input_buffer_80|       pointer|
|input_buffer_80_ap_vld   |  out|    1|      ap_vld|                                  input_buffer_80|       pointer|
|input_buffer_81          |  out|   16|      ap_vld|                                  input_buffer_81|       pointer|
|input_buffer_81_ap_vld   |  out|    1|      ap_vld|                                  input_buffer_81|       pointer|
|input_buffer_82          |  out|   16|      ap_vld|                                  input_buffer_82|       pointer|
|input_buffer_82_ap_vld   |  out|    1|      ap_vld|                                  input_buffer_82|       pointer|
|input_buffer_83          |  out|   16|      ap_vld|                                  input_buffer_83|       pointer|
|input_buffer_83_ap_vld   |  out|    1|      ap_vld|                                  input_buffer_83|       pointer|
|input_buffer_84          |  out|   16|      ap_vld|                                  input_buffer_84|       pointer|
|input_buffer_84_ap_vld   |  out|    1|      ap_vld|                                  input_buffer_84|       pointer|
|input_buffer_85          |  out|   16|      ap_vld|                                  input_buffer_85|       pointer|
|input_buffer_85_ap_vld   |  out|    1|      ap_vld|                                  input_buffer_85|       pointer|
|input_buffer_86          |  out|   16|      ap_vld|                                  input_buffer_86|       pointer|
|input_buffer_86_ap_vld   |  out|    1|      ap_vld|                                  input_buffer_86|       pointer|
|input_buffer_87          |  out|   16|      ap_vld|                                  input_buffer_87|       pointer|
|input_buffer_87_ap_vld   |  out|    1|      ap_vld|                                  input_buffer_87|       pointer|
|input_buffer_88          |  out|   16|      ap_vld|                                  input_buffer_88|       pointer|
|input_buffer_88_ap_vld   |  out|    1|      ap_vld|                                  input_buffer_88|       pointer|
|input_buffer_89          |  out|   16|      ap_vld|                                  input_buffer_89|       pointer|
|input_buffer_89_ap_vld   |  out|    1|      ap_vld|                                  input_buffer_89|       pointer|
|input_buffer_90          |  out|   16|      ap_vld|                                  input_buffer_90|       pointer|
|input_buffer_90_ap_vld   |  out|    1|      ap_vld|                                  input_buffer_90|       pointer|
|input_buffer_91          |  out|   16|      ap_vld|                                  input_buffer_91|       pointer|
|input_buffer_91_ap_vld   |  out|    1|      ap_vld|                                  input_buffer_91|       pointer|
|input_buffer_92          |  out|   16|      ap_vld|                                  input_buffer_92|       pointer|
|input_buffer_92_ap_vld   |  out|    1|      ap_vld|                                  input_buffer_92|       pointer|
|input_buffer_93          |  out|   16|      ap_vld|                                  input_buffer_93|       pointer|
|input_buffer_93_ap_vld   |  out|    1|      ap_vld|                                  input_buffer_93|       pointer|
|input_buffer_94          |  out|   16|      ap_vld|                                  input_buffer_94|       pointer|
|input_buffer_94_ap_vld   |  out|    1|      ap_vld|                                  input_buffer_94|       pointer|
|input_buffer_95          |  out|   16|      ap_vld|                                  input_buffer_95|       pointer|
|input_buffer_95_ap_vld   |  out|    1|      ap_vld|                                  input_buffer_95|       pointer|
|input_buffer_96          |  out|   16|      ap_vld|                                  input_buffer_96|       pointer|
|input_buffer_96_ap_vld   |  out|    1|      ap_vld|                                  input_buffer_96|       pointer|
|input_buffer_97          |  out|   16|      ap_vld|                                  input_buffer_97|       pointer|
|input_buffer_97_ap_vld   |  out|    1|      ap_vld|                                  input_buffer_97|       pointer|
|input_buffer_98          |  out|   16|      ap_vld|                                  input_buffer_98|       pointer|
|input_buffer_98_ap_vld   |  out|    1|      ap_vld|                                  input_buffer_98|       pointer|
|input_buffer_99          |  out|   16|      ap_vld|                                  input_buffer_99|       pointer|
|input_buffer_99_ap_vld   |  out|    1|      ap_vld|                                  input_buffer_99|       pointer|
|input_buffer_100         |  out|   16|      ap_vld|                                 input_buffer_100|       pointer|
|input_buffer_100_ap_vld  |  out|    1|      ap_vld|                                 input_buffer_100|       pointer|
|input_buffer_101         |  out|   16|      ap_vld|                                 input_buffer_101|       pointer|
|input_buffer_101_ap_vld  |  out|    1|      ap_vld|                                 input_buffer_101|       pointer|
|input_buffer_102         |  out|   16|      ap_vld|                                 input_buffer_102|       pointer|
|input_buffer_102_ap_vld  |  out|    1|      ap_vld|                                 input_buffer_102|       pointer|
|input_buffer_103         |  out|   16|      ap_vld|                                 input_buffer_103|       pointer|
|input_buffer_103_ap_vld  |  out|    1|      ap_vld|                                 input_buffer_103|       pointer|
|input_buffer_104         |  out|   16|      ap_vld|                                 input_buffer_104|       pointer|
|input_buffer_104_ap_vld  |  out|    1|      ap_vld|                                 input_buffer_104|       pointer|
|input_buffer_105         |  out|   16|      ap_vld|                                 input_buffer_105|       pointer|
|input_buffer_105_ap_vld  |  out|    1|      ap_vld|                                 input_buffer_105|       pointer|
|input_buffer_106         |  out|   16|      ap_vld|                                 input_buffer_106|       pointer|
|input_buffer_106_ap_vld  |  out|    1|      ap_vld|                                 input_buffer_106|       pointer|
|input_buffer_107         |  out|   16|      ap_vld|                                 input_buffer_107|       pointer|
|input_buffer_107_ap_vld  |  out|    1|      ap_vld|                                 input_buffer_107|       pointer|
|input_buffer_108         |  out|   16|      ap_vld|                                 input_buffer_108|       pointer|
|input_buffer_108_ap_vld  |  out|    1|      ap_vld|                                 input_buffer_108|       pointer|
|input_buffer_109         |  out|   16|      ap_vld|                                 input_buffer_109|       pointer|
|input_buffer_109_ap_vld  |  out|    1|      ap_vld|                                 input_buffer_109|       pointer|
|input_buffer_110         |  out|   16|      ap_vld|                                 input_buffer_110|       pointer|
|input_buffer_110_ap_vld  |  out|    1|      ap_vld|                                 input_buffer_110|       pointer|
|input_buffer_111         |  out|   16|      ap_vld|                                 input_buffer_111|       pointer|
|input_buffer_111_ap_vld  |  out|    1|      ap_vld|                                 input_buffer_111|       pointer|
|input_buffer_112         |  out|   16|      ap_vld|                                 input_buffer_112|       pointer|
|input_buffer_112_ap_vld  |  out|    1|      ap_vld|                                 input_buffer_112|       pointer|
|input_buffer_113         |  out|   16|      ap_vld|                                 input_buffer_113|       pointer|
|input_buffer_113_ap_vld  |  out|    1|      ap_vld|                                 input_buffer_113|       pointer|
|input_buffer_114         |  out|   16|      ap_vld|                                 input_buffer_114|       pointer|
|input_buffer_114_ap_vld  |  out|    1|      ap_vld|                                 input_buffer_114|       pointer|
|input_buffer_115         |  out|   16|      ap_vld|                                 input_buffer_115|       pointer|
|input_buffer_115_ap_vld  |  out|    1|      ap_vld|                                 input_buffer_115|       pointer|
|input_buffer_116         |  out|   16|      ap_vld|                                 input_buffer_116|       pointer|
|input_buffer_116_ap_vld  |  out|    1|      ap_vld|                                 input_buffer_116|       pointer|
|input_buffer_117         |  out|   16|      ap_vld|                                 input_buffer_117|       pointer|
|input_buffer_117_ap_vld  |  out|    1|      ap_vld|                                 input_buffer_117|       pointer|
|input_buffer_118         |  out|   16|      ap_vld|                                 input_buffer_118|       pointer|
|input_buffer_118_ap_vld  |  out|    1|      ap_vld|                                 input_buffer_118|       pointer|
|input_buffer_119         |  out|   16|      ap_vld|                                 input_buffer_119|       pointer|
|input_buffer_119_ap_vld  |  out|    1|      ap_vld|                                 input_buffer_119|       pointer|
|input_buffer_120         |  out|   16|      ap_vld|                                 input_buffer_120|       pointer|
|input_buffer_120_ap_vld  |  out|    1|      ap_vld|                                 input_buffer_120|       pointer|
|input_buffer_121         |  out|   16|      ap_vld|                                 input_buffer_121|       pointer|
|input_buffer_121_ap_vld  |  out|    1|      ap_vld|                                 input_buffer_121|       pointer|
|input_buffer_122         |  out|   16|      ap_vld|                                 input_buffer_122|       pointer|
|input_buffer_122_ap_vld  |  out|    1|      ap_vld|                                 input_buffer_122|       pointer|
|input_buffer_123         |  out|   16|      ap_vld|                                 input_buffer_123|       pointer|
|input_buffer_123_ap_vld  |  out|    1|      ap_vld|                                 input_buffer_123|       pointer|
|input_buffer_124         |  out|   16|      ap_vld|                                 input_buffer_124|       pointer|
|input_buffer_124_ap_vld  |  out|    1|      ap_vld|                                 input_buffer_124|       pointer|
|input_buffer_125         |  out|   16|      ap_vld|                                 input_buffer_125|       pointer|
|input_buffer_125_ap_vld  |  out|    1|      ap_vld|                                 input_buffer_125|       pointer|
|input_buffer_126         |  out|   16|      ap_vld|                                 input_buffer_126|       pointer|
|input_buffer_126_ap_vld  |  out|    1|      ap_vld|                                 input_buffer_126|       pointer|
|input_buffer_127         |  out|   16|      ap_vld|                                 input_buffer_127|       pointer|
|input_buffer_127_ap_vld  |  out|    1|      ap_vld|                                 input_buffer_127|       pointer|
|input_buffer_128         |  out|   16|      ap_vld|                                 input_buffer_128|       pointer|
|input_buffer_128_ap_vld  |  out|    1|      ap_vld|                                 input_buffer_128|       pointer|
|input_buffer_129         |  out|   16|      ap_vld|                                 input_buffer_129|       pointer|
|input_buffer_129_ap_vld  |  out|    1|      ap_vld|                                 input_buffer_129|       pointer|
|input_buffer_130         |  out|   16|      ap_vld|                                 input_buffer_130|       pointer|
|input_buffer_130_ap_vld  |  out|    1|      ap_vld|                                 input_buffer_130|       pointer|
|input_buffer_131         |  out|   16|      ap_vld|                                 input_buffer_131|       pointer|
|input_buffer_131_ap_vld  |  out|    1|      ap_vld|                                 input_buffer_131|       pointer|
|input_buffer_132         |  out|   16|      ap_vld|                                 input_buffer_132|       pointer|
|input_buffer_132_ap_vld  |  out|    1|      ap_vld|                                 input_buffer_132|       pointer|
|input_buffer_133         |  out|   16|      ap_vld|                                 input_buffer_133|       pointer|
|input_buffer_133_ap_vld  |  out|    1|      ap_vld|                                 input_buffer_133|       pointer|
|input_buffer_134         |  out|   16|      ap_vld|                                 input_buffer_134|       pointer|
|input_buffer_134_ap_vld  |  out|    1|      ap_vld|                                 input_buffer_134|       pointer|
|input_buffer_135         |  out|   16|      ap_vld|                                 input_buffer_135|       pointer|
|input_buffer_135_ap_vld  |  out|    1|      ap_vld|                                 input_buffer_135|       pointer|
|input_buffer_136         |  out|   16|      ap_vld|                                 input_buffer_136|       pointer|
|input_buffer_136_ap_vld  |  out|    1|      ap_vld|                                 input_buffer_136|       pointer|
|input_buffer_137         |  out|   16|      ap_vld|                                 input_buffer_137|       pointer|
|input_buffer_137_ap_vld  |  out|    1|      ap_vld|                                 input_buffer_137|       pointer|
|input_buffer_138         |  out|   16|      ap_vld|                                 input_buffer_138|       pointer|
|input_buffer_138_ap_vld  |  out|    1|      ap_vld|                                 input_buffer_138|       pointer|
|input_buffer_139         |  out|   16|      ap_vld|                                 input_buffer_139|       pointer|
|input_buffer_139_ap_vld  |  out|    1|      ap_vld|                                 input_buffer_139|       pointer|
|input_buffer_140         |  out|   16|      ap_vld|                                 input_buffer_140|       pointer|
|input_buffer_140_ap_vld  |  out|    1|      ap_vld|                                 input_buffer_140|       pointer|
|input_buffer_141         |  out|   16|      ap_vld|                                 input_buffer_141|       pointer|
|input_buffer_141_ap_vld  |  out|    1|      ap_vld|                                 input_buffer_141|       pointer|
|input_buffer_142         |  out|   16|      ap_vld|                                 input_buffer_142|       pointer|
|input_buffer_142_ap_vld  |  out|    1|      ap_vld|                                 input_buffer_142|       pointer|
|input_buffer_143         |  out|   16|      ap_vld|                                 input_buffer_143|       pointer|
|input_buffer_143_ap_vld  |  out|    1|      ap_vld|                                 input_buffer_143|       pointer|
|input_buffer_144         |  out|   16|      ap_vld|                                 input_buffer_144|       pointer|
|input_buffer_144_ap_vld  |  out|    1|      ap_vld|                                 input_buffer_144|       pointer|
|input_buffer_145         |  out|   16|      ap_vld|                                 input_buffer_145|       pointer|
|input_buffer_145_ap_vld  |  out|    1|      ap_vld|                                 input_buffer_145|       pointer|
|input_buffer_146         |  out|   16|      ap_vld|                                 input_buffer_146|       pointer|
|input_buffer_146_ap_vld  |  out|    1|      ap_vld|                                 input_buffer_146|       pointer|
|input_buffer_147         |  out|   16|      ap_vld|                                 input_buffer_147|       pointer|
|input_buffer_147_ap_vld  |  out|    1|      ap_vld|                                 input_buffer_147|       pointer|
|input_buffer_148         |  out|   16|      ap_vld|                                 input_buffer_148|       pointer|
|input_buffer_148_ap_vld  |  out|    1|      ap_vld|                                 input_buffer_148|       pointer|
|input_buffer_149         |  out|   16|      ap_vld|                                 input_buffer_149|       pointer|
|input_buffer_149_ap_vld  |  out|    1|      ap_vld|                                 input_buffer_149|       pointer|
|input_buffer_150         |  out|   16|      ap_vld|                                 input_buffer_150|       pointer|
|input_buffer_150_ap_vld  |  out|    1|      ap_vld|                                 input_buffer_150|       pointer|
|input_buffer_151         |  out|   16|      ap_vld|                                 input_buffer_151|       pointer|
|input_buffer_151_ap_vld  |  out|    1|      ap_vld|                                 input_buffer_151|       pointer|
|input_buffer_152         |  out|   16|      ap_vld|                                 input_buffer_152|       pointer|
|input_buffer_152_ap_vld  |  out|    1|      ap_vld|                                 input_buffer_152|       pointer|
|input_buffer_153         |  out|   16|      ap_vld|                                 input_buffer_153|       pointer|
|input_buffer_153_ap_vld  |  out|    1|      ap_vld|                                 input_buffer_153|       pointer|
|input_buffer_154         |  out|   16|      ap_vld|                                 input_buffer_154|       pointer|
|input_buffer_154_ap_vld  |  out|    1|      ap_vld|                                 input_buffer_154|       pointer|
|input_buffer_155         |  out|   16|      ap_vld|                                 input_buffer_155|       pointer|
|input_buffer_155_ap_vld  |  out|    1|      ap_vld|                                 input_buffer_155|       pointer|
|input_buffer_156         |  out|   16|      ap_vld|                                 input_buffer_156|       pointer|
|input_buffer_156_ap_vld  |  out|    1|      ap_vld|                                 input_buffer_156|       pointer|
|input_buffer_157         |  out|   16|      ap_vld|                                 input_buffer_157|       pointer|
|input_buffer_157_ap_vld  |  out|    1|      ap_vld|                                 input_buffer_157|       pointer|
|input_buffer_158         |  out|   16|      ap_vld|                                 input_buffer_158|       pointer|
|input_buffer_158_ap_vld  |  out|    1|      ap_vld|                                 input_buffer_158|       pointer|
|input_buffer_159         |  out|   16|      ap_vld|                                 input_buffer_159|       pointer|
|input_buffer_159_ap_vld  |  out|    1|      ap_vld|                                 input_buffer_159|       pointer|
|input_buffer_160         |  out|   16|      ap_vld|                                 input_buffer_160|       pointer|
|input_buffer_160_ap_vld  |  out|    1|      ap_vld|                                 input_buffer_160|       pointer|
|input_buffer_161         |  out|   16|      ap_vld|                                 input_buffer_161|       pointer|
|input_buffer_161_ap_vld  |  out|    1|      ap_vld|                                 input_buffer_161|       pointer|
|input_buffer_162         |  out|   16|      ap_vld|                                 input_buffer_162|       pointer|
|input_buffer_162_ap_vld  |  out|    1|      ap_vld|                                 input_buffer_162|       pointer|
|input_buffer_163         |  out|   16|      ap_vld|                                 input_buffer_163|       pointer|
|input_buffer_163_ap_vld  |  out|    1|      ap_vld|                                 input_buffer_163|       pointer|
|input_buffer_164         |  out|   16|      ap_vld|                                 input_buffer_164|       pointer|
|input_buffer_164_ap_vld  |  out|    1|      ap_vld|                                 input_buffer_164|       pointer|
|input_buffer_165         |  out|   16|      ap_vld|                                 input_buffer_165|       pointer|
|input_buffer_165_ap_vld  |  out|    1|      ap_vld|                                 input_buffer_165|       pointer|
|input_buffer_166         |  out|   16|      ap_vld|                                 input_buffer_166|       pointer|
|input_buffer_166_ap_vld  |  out|    1|      ap_vld|                                 input_buffer_166|       pointer|
|input_buffer_167         |  out|   16|      ap_vld|                                 input_buffer_167|       pointer|
|input_buffer_167_ap_vld  |  out|    1|      ap_vld|                                 input_buffer_167|       pointer|
|input_buffer_168         |  out|   16|      ap_vld|                                 input_buffer_168|       pointer|
|input_buffer_168_ap_vld  |  out|    1|      ap_vld|                                 input_buffer_168|       pointer|
|input_buffer_169         |  out|   16|      ap_vld|                                 input_buffer_169|       pointer|
|input_buffer_169_ap_vld  |  out|    1|      ap_vld|                                 input_buffer_169|       pointer|
|input_buffer_170         |  out|   16|      ap_vld|                                 input_buffer_170|       pointer|
|input_buffer_170_ap_vld  |  out|    1|      ap_vld|                                 input_buffer_170|       pointer|
|input_buffer_171         |  out|   16|      ap_vld|                                 input_buffer_171|       pointer|
|input_buffer_171_ap_vld  |  out|    1|      ap_vld|                                 input_buffer_171|       pointer|
|input_buffer_172         |  out|   16|      ap_vld|                                 input_buffer_172|       pointer|
|input_buffer_172_ap_vld  |  out|    1|      ap_vld|                                 input_buffer_172|       pointer|
|input_buffer_173         |  out|   16|      ap_vld|                                 input_buffer_173|       pointer|
|input_buffer_173_ap_vld  |  out|    1|      ap_vld|                                 input_buffer_173|       pointer|
|input_buffer_174         |  out|   16|      ap_vld|                                 input_buffer_174|       pointer|
|input_buffer_174_ap_vld  |  out|    1|      ap_vld|                                 input_buffer_174|       pointer|
|input_buffer_175         |  out|   16|      ap_vld|                                 input_buffer_175|       pointer|
|input_buffer_175_ap_vld  |  out|    1|      ap_vld|                                 input_buffer_175|       pointer|
|input_buffer_176         |  out|   16|      ap_vld|                                 input_buffer_176|       pointer|
|input_buffer_176_ap_vld  |  out|    1|      ap_vld|                                 input_buffer_176|       pointer|
|input_buffer_177         |  out|   16|      ap_vld|                                 input_buffer_177|       pointer|
|input_buffer_177_ap_vld  |  out|    1|      ap_vld|                                 input_buffer_177|       pointer|
|input_buffer_178         |  out|   16|      ap_vld|                                 input_buffer_178|       pointer|
|input_buffer_178_ap_vld  |  out|    1|      ap_vld|                                 input_buffer_178|       pointer|
|input_buffer_179         |  out|   16|      ap_vld|                                 input_buffer_179|       pointer|
|input_buffer_179_ap_vld  |  out|    1|      ap_vld|                                 input_buffer_179|       pointer|
|input_buffer_180         |  out|   16|      ap_vld|                                 input_buffer_180|       pointer|
|input_buffer_180_ap_vld  |  out|    1|      ap_vld|                                 input_buffer_180|       pointer|
|input_buffer_181         |  out|   16|      ap_vld|                                 input_buffer_181|       pointer|
|input_buffer_181_ap_vld  |  out|    1|      ap_vld|                                 input_buffer_181|       pointer|
|input_buffer_182         |  out|   16|      ap_vld|                                 input_buffer_182|       pointer|
|input_buffer_182_ap_vld  |  out|    1|      ap_vld|                                 input_buffer_182|       pointer|
|input_buffer_183         |  out|   16|      ap_vld|                                 input_buffer_183|       pointer|
|input_buffer_183_ap_vld  |  out|    1|      ap_vld|                                 input_buffer_183|       pointer|
|input_buffer_184         |  out|   16|      ap_vld|                                 input_buffer_184|       pointer|
|input_buffer_184_ap_vld  |  out|    1|      ap_vld|                                 input_buffer_184|       pointer|
|input_buffer_185         |  out|   16|      ap_vld|                                 input_buffer_185|       pointer|
|input_buffer_185_ap_vld  |  out|    1|      ap_vld|                                 input_buffer_185|       pointer|
|input_buffer_186         |  out|   16|      ap_vld|                                 input_buffer_186|       pointer|
|input_buffer_186_ap_vld  |  out|    1|      ap_vld|                                 input_buffer_186|       pointer|
|input_buffer_187         |  out|   16|      ap_vld|                                 input_buffer_187|       pointer|
|input_buffer_187_ap_vld  |  out|    1|      ap_vld|                                 input_buffer_187|       pointer|
|input_buffer_188         |  out|   16|      ap_vld|                                 input_buffer_188|       pointer|
|input_buffer_188_ap_vld  |  out|    1|      ap_vld|                                 input_buffer_188|       pointer|
|input_buffer_189         |  out|   16|      ap_vld|                                 input_buffer_189|       pointer|
|input_buffer_189_ap_vld  |  out|    1|      ap_vld|                                 input_buffer_189|       pointer|
|input_buffer_190         |  out|   16|      ap_vld|                                 input_buffer_190|       pointer|
|input_buffer_190_ap_vld  |  out|    1|      ap_vld|                                 input_buffer_190|       pointer|
|input_buffer_191         |  out|   16|      ap_vld|                                 input_buffer_191|       pointer|
|input_buffer_191_ap_vld  |  out|    1|      ap_vld|                                 input_buffer_191|       pointer|
|input_buffer_192         |  out|   16|      ap_vld|                                 input_buffer_192|       pointer|
|input_buffer_192_ap_vld  |  out|    1|      ap_vld|                                 input_buffer_192|       pointer|
|input_buffer_193         |  out|   16|      ap_vld|                                 input_buffer_193|       pointer|
|input_buffer_193_ap_vld  |  out|    1|      ap_vld|                                 input_buffer_193|       pointer|
|input_buffer_194         |  out|   16|      ap_vld|                                 input_buffer_194|       pointer|
|input_buffer_194_ap_vld  |  out|    1|      ap_vld|                                 input_buffer_194|       pointer|
|input_buffer_195         |  out|   16|      ap_vld|                                 input_buffer_195|       pointer|
|input_buffer_195_ap_vld  |  out|    1|      ap_vld|                                 input_buffer_195|       pointer|
|input_buffer_196         |  out|   16|      ap_vld|                                 input_buffer_196|       pointer|
|input_buffer_196_ap_vld  |  out|    1|      ap_vld|                                 input_buffer_196|       pointer|
|input_buffer_197         |  out|   16|      ap_vld|                                 input_buffer_197|       pointer|
|input_buffer_197_ap_vld  |  out|    1|      ap_vld|                                 input_buffer_197|       pointer|
|input_buffer_198         |  out|   16|      ap_vld|                                 input_buffer_198|       pointer|
|input_buffer_198_ap_vld  |  out|    1|      ap_vld|                                 input_buffer_198|       pointer|
|input_buffer_199         |  out|   16|      ap_vld|                                 input_buffer_199|       pointer|
|input_buffer_199_ap_vld  |  out|    1|      ap_vld|                                 input_buffer_199|       pointer|
|input_buffer_200         |  out|   16|      ap_vld|                                 input_buffer_200|       pointer|
|input_buffer_200_ap_vld  |  out|    1|      ap_vld|                                 input_buffer_200|       pointer|
|input_buffer_201         |  out|   16|      ap_vld|                                 input_buffer_201|       pointer|
|input_buffer_201_ap_vld  |  out|    1|      ap_vld|                                 input_buffer_201|       pointer|
|input_buffer_202         |  out|   16|      ap_vld|                                 input_buffer_202|       pointer|
|input_buffer_202_ap_vld  |  out|    1|      ap_vld|                                 input_buffer_202|       pointer|
|input_buffer_203         |  out|   16|      ap_vld|                                 input_buffer_203|       pointer|
|input_buffer_203_ap_vld  |  out|    1|      ap_vld|                                 input_buffer_203|       pointer|
|input_buffer_204         |  out|   16|      ap_vld|                                 input_buffer_204|       pointer|
|input_buffer_204_ap_vld  |  out|    1|      ap_vld|                                 input_buffer_204|       pointer|
|input_buffer_205         |  out|   16|      ap_vld|                                 input_buffer_205|       pointer|
|input_buffer_205_ap_vld  |  out|    1|      ap_vld|                                 input_buffer_205|       pointer|
|input_buffer_206         |  out|   16|      ap_vld|                                 input_buffer_206|       pointer|
|input_buffer_206_ap_vld  |  out|    1|      ap_vld|                                 input_buffer_206|       pointer|
|input_buffer_207         |  out|   16|      ap_vld|                                 input_buffer_207|       pointer|
|input_buffer_207_ap_vld  |  out|    1|      ap_vld|                                 input_buffer_207|       pointer|
|input_buffer_208         |  out|   16|      ap_vld|                                 input_buffer_208|       pointer|
|input_buffer_208_ap_vld  |  out|    1|      ap_vld|                                 input_buffer_208|       pointer|
|input_buffer_209         |  out|   16|      ap_vld|                                 input_buffer_209|       pointer|
|input_buffer_209_ap_vld  |  out|    1|      ap_vld|                                 input_buffer_209|       pointer|
|input_buffer_210         |  out|   16|      ap_vld|                                 input_buffer_210|       pointer|
|input_buffer_210_ap_vld  |  out|    1|      ap_vld|                                 input_buffer_210|       pointer|
|input_buffer_211         |  out|   16|      ap_vld|                                 input_buffer_211|       pointer|
|input_buffer_211_ap_vld  |  out|    1|      ap_vld|                                 input_buffer_211|       pointer|
|input_buffer_212         |  out|   16|      ap_vld|                                 input_buffer_212|       pointer|
|input_buffer_212_ap_vld  |  out|    1|      ap_vld|                                 input_buffer_212|       pointer|
|input_buffer_213         |  out|   16|      ap_vld|                                 input_buffer_213|       pointer|
|input_buffer_213_ap_vld  |  out|    1|      ap_vld|                                 input_buffer_213|       pointer|
|input_buffer_214         |  out|   16|      ap_vld|                                 input_buffer_214|       pointer|
|input_buffer_214_ap_vld  |  out|    1|      ap_vld|                                 input_buffer_214|       pointer|
|input_buffer_215         |  out|   16|      ap_vld|                                 input_buffer_215|       pointer|
|input_buffer_215_ap_vld  |  out|    1|      ap_vld|                                 input_buffer_215|       pointer|
|input_buffer_216         |  out|   16|      ap_vld|                                 input_buffer_216|       pointer|
|input_buffer_216_ap_vld  |  out|    1|      ap_vld|                                 input_buffer_216|       pointer|
|input_buffer_217         |  out|   16|      ap_vld|                                 input_buffer_217|       pointer|
|input_buffer_217_ap_vld  |  out|    1|      ap_vld|                                 input_buffer_217|       pointer|
|input_buffer_218         |  out|   16|      ap_vld|                                 input_buffer_218|       pointer|
|input_buffer_218_ap_vld  |  out|    1|      ap_vld|                                 input_buffer_218|       pointer|
|input_buffer_219         |  out|   16|      ap_vld|                                 input_buffer_219|       pointer|
|input_buffer_219_ap_vld  |  out|    1|      ap_vld|                                 input_buffer_219|       pointer|
|input_buffer_220         |  out|   16|      ap_vld|                                 input_buffer_220|       pointer|
|input_buffer_220_ap_vld  |  out|    1|      ap_vld|                                 input_buffer_220|       pointer|
|input_buffer_221         |  out|   16|      ap_vld|                                 input_buffer_221|       pointer|
|input_buffer_221_ap_vld  |  out|    1|      ap_vld|                                 input_buffer_221|       pointer|
|input_buffer_222         |  out|   16|      ap_vld|                                 input_buffer_222|       pointer|
|input_buffer_222_ap_vld  |  out|    1|      ap_vld|                                 input_buffer_222|       pointer|
|input_buffer_223         |  out|   16|      ap_vld|                                 input_buffer_223|       pointer|
|input_buffer_223_ap_vld  |  out|    1|      ap_vld|                                 input_buffer_223|       pointer|
+-------------------------+-----+-----+------------+-------------------------------------------------+--------------+

