

================================================================
== Vitis HLS Report for 'p_anonymous_namespace_LoadRealtimeProjectionWeightsQ610'
================================================================
* Date:           Thu May 14 12:27:33 2026

* Version:        2023.2 (Build 4023990 on Oct 11 2023)
* Project:        subband_q610_realtime_hls
* Solution:       solution1 (Vivado IP Flow Target)
* Product family: zynq
* Target device:  xc7z020-clg400-1


================================================================
== Performance Estimates
================================================================
+ Timing: 
    * Summary: 
    +--------+----------+----------+------------+
    |  Clock |  Target  | Estimated| Uncertainty|
    +--------+----------+----------+------------+
    |ap_clk  |  10.00 ns|  8.481 ns|     2.70 ns|
    +--------+----------+----------+------------+

+ Latency: 
    * Summary: 
    +---------+---------+-----------+-----------+------+------+---------+
    |  Latency (cycles) |   Latency (absolute)  |   Interval  | Pipeline|
    |   min   |   max   |    min    |    max    |  min |  max |   Type  |
    +---------+---------+-----------+-----------+------+------+---------+
    |     2728|     2728|  27.280 us|  27.280 us|  2728|  2728|       no|
    +---------+---------+-----------+-----------+------+------+---------+

    + Detail: 
        * Instance: 
        +-----------------------------------------------------------------------------------------------+------------------------------------------------------------------------------------+---------+---------+-----------+-----------+------+------+---------+
        |                                                                                               |                                                                                    |  Latency (cycles) |   Latency (absolute)  |   Interval  | Pipeline|
        |                                            Instance                                           |                                       Module                                       |   min   |   max   |    min    |    max    |  min |  max |   Type  |
        +-----------------------------------------------------------------------------------------------+------------------------------------------------------------------------------------+---------+---------+-----------+-----------+------+------+---------+
        |grp_p_anonymous_namespace_LoadRealtimeProjectionWeightsQ610_Pipeline_VITIS_LOOP_2599_s_fu_88   |p_anonymous_namespace_LoadRealtimeProjectionWeightsQ610_Pipeline_VITIS_LOOP_2599_s  |     2701|     2701|  27.010 us|  27.010 us|  2701|  2701|       no|
        |grp_p_anonymous_namespace_LoadRealtimeProjectionWeightsQ610_Pipeline_VITIS_LOOP_2624_s_fu_102  |p_anonymous_namespace_LoadRealtimeProjectionWeightsQ610_Pipeline_VITIS_LOOP_2624_s  |       24|       24|   0.240 us|   0.240 us|    24|    24|       no|
        +-----------------------------------------------------------------------------------------------+------------------------------------------------------------------------------------+---------+---------+-----------+-----------+------+------+---------+

        * Loop: 
        N/A



================================================================
== Utilization Estimates
================================================================
* Summary: 
+-----------------+---------+-----+--------+-------+-----+
|       Name      | BRAM_18K| DSP |   FF   |  LUT  | URAM|
+-----------------+---------+-----+--------+-------+-----+
|DSP              |        -|    -|       -|      -|    -|
|Expression       |        -|    -|       0|     23|    -|
|FIFO             |        -|    -|       -|      -|    -|
|Instance         |        -|    -|    4510|   1823|    -|
|Memory           |        -|    -|       -|      -|    -|
|Multiplexer      |        -|    -|       -|    207|    -|
|Register         |        -|    -|      17|      -|    -|
+-----------------+---------+-----+--------+-------+-----+
|Total            |        0|    0|    4527|   2053|    0|
+-----------------+---------+-----+--------+-------+-----+
|Available        |      280|  220|  106400|  53200|    0|
+-----------------+---------+-----+--------+-------+-----+
|Utilization (%)  |        0|    0|       4|      3|    0|
+-----------------+---------+-----+--------+-------+-----+

+ Detail: 
    * Instance: 
    +-----------------------------------------------------------------------------------------------+------------------------------------------------------------------------------------+---------+----+------+------+-----+
    |                                            Instance                                           |                                       Module                                       | BRAM_18K| DSP|  FF  |  LUT | URAM|
    +-----------------------------------------------------------------------------------------------+------------------------------------------------------------------------------------+---------+----+------+------+-----+
    |grp_p_anonymous_namespace_LoadRealtimeProjectionWeightsQ610_Pipeline_VITIS_LOOP_2599_s_fu_88   |p_anonymous_namespace_LoadRealtimeProjectionWeightsQ610_Pipeline_VITIS_LOOP_2599_s  |        0|   0|   927|   786|    0|
    |grp_p_anonymous_namespace_LoadRealtimeProjectionWeightsQ610_Pipeline_VITIS_LOOP_2624_s_fu_102  |p_anonymous_namespace_LoadRealtimeProjectionWeightsQ610_Pipeline_VITIS_LOOP_2624_s  |        0|   0|  3583|  1037|    0|
    +-----------------------------------------------------------------------------------------------+------------------------------------------------------------------------------------+---------+----+------+------+-----+
    |Total                                                                                          |                                                                                    |        0|   0|  4510|  1823|    0|
    +-----------------------------------------------------------------------------------------------+------------------------------------------------------------------------------------+---------+----+------+------+-----+

    * DSP: 
    N/A

    * Memory: 
    N/A

    * FIFO: 
    N/A

    * Expression: 
    +----------------------+----------+----+---+----+------------+------------+
    |     Variable Name    | Operation| DSP| FF| LUT| Bitwidth P0| Bitwidth P1|
    +----------------------+----------+----+---+----+------------+------------+
    |sub_ln2621_fu_146_p2  |         -|   0|  0|  23|          16|          16|
    +----------------------+----------+----+---+----+------------+------------+
    |Total                 |          |   0|  0|  23|          16|          16|
    +----------------------+----------+----+---+----+------------+------------+

    * Multiplexer: 
    +------------------------+----+-----------+-----+-----------+
    |          Name          | LUT| Input Size| Bits| Total Bits|
    +------------------------+----+-----------+-----+-----------+
    |ap_NS_fsm               |  25|          5|    1|          5|
    |m_axi_weights_ARADDR    |  14|          3|   32|         96|
    |m_axi_weights_ARBURST   |  14|          3|    2|          6|
    |m_axi_weights_ARCACHE   |  14|          3|    4|         12|
    |m_axi_weights_ARID      |  14|          3|    1|          3|
    |m_axi_weights_ARLEN     |  14|          3|   32|         96|
    |m_axi_weights_ARLOCK    |  14|          3|    2|          6|
    |m_axi_weights_ARPROT    |  14|          3|    3|          9|
    |m_axi_weights_ARQOS     |  14|          3|    4|         12|
    |m_axi_weights_ARREGION  |  14|          3|    4|         12|
    |m_axi_weights_ARSIZE    |  14|          3|    3|          9|
    |m_axi_weights_ARUSER    |  14|          3|    1|          3|
    |m_axi_weights_ARVALID   |  14|          3|    1|          3|
    |m_axi_weights_RREADY    |  14|          3|    1|          3|
    +------------------------+----+-----------+-----+-----------+
    |Total                   | 207|         44|   91|        275|
    +------------------------+----+-----------+-----+-----------+

    * Register: 
    +------------------------------------------------------------------------------------------------------------+----+----+-----+-----------+
    |                                                    Name                                                    | FF | LUT| Bits| Const Bits|
    +------------------------------------------------------------------------------------------------------------+----+----+-----+-----------+
    |ap_CS_fsm                                                                                                   |   4|   0|    4|          0|
    |grp_p_anonymous_namespace_LoadRealtimeProjectionWeightsQ610_Pipeline_VITIS_LOOP_2599_s_fu_88_ap_start_reg   |   1|   0|    1|          0|
    |grp_p_anonymous_namespace_LoadRealtimeProjectionWeightsQ610_Pipeline_VITIS_LOOP_2624_s_fu_102_ap_start_reg  |   1|   0|    1|          0|
    |sub_ln2621_reg_172                                                                                          |  11|   0|   16|          5|
    +------------------------------------------------------------------------------------------------------------+----+----+-----+-----------+
    |Total                                                                                                       |  17|   0|   22|          5|
    +------------------------------------------------------------------------------------------------------------+----+----+-----+-----------+



================================================================
== Interface
================================================================
* Summary: 
+-----------------------------------------------------------------------------------------+-----+-----+------------+--------------------------------------------------------------------------------+--------------+
|                                        RTL Ports                                        | Dir | Bits|  Protocol  |                                  Source Object                                 |    C Type    |
+-----------------------------------------------------------------------------------------+-----+-----+------------+--------------------------------------------------------------------------------+--------------+
|ap_clk                                                                                   |   in|    1|  ap_ctrl_hs|                          (anonymous namespace)LoadRealtimeProjectionWeightsQ610|  return value|
|ap_rst                                                                                   |   in|    1|  ap_ctrl_hs|                          (anonymous namespace)LoadRealtimeProjectionWeightsQ610|  return value|
|ap_start                                                                                 |   in|    1|  ap_ctrl_hs|                          (anonymous namespace)LoadRealtimeProjectionWeightsQ610|  return value|
|ap_done                                                                                  |  out|    1|  ap_ctrl_hs|                          (anonymous namespace)LoadRealtimeProjectionWeightsQ610|  return value|
|ap_idle                                                                                  |  out|    1|  ap_ctrl_hs|                          (anonymous namespace)LoadRealtimeProjectionWeightsQ610|  return value|
|ap_ready                                                                                 |  out|    1|  ap_ctrl_hs|                          (anonymous namespace)LoadRealtimeProjectionWeightsQ610|  return value|
|m_axi_weights_AWVALID                                                                    |  out|    1|       m_axi|                                                                         weights|       pointer|
|m_axi_weights_AWREADY                                                                    |   in|    1|       m_axi|                                                                         weights|       pointer|
|m_axi_weights_AWADDR                                                                     |  out|   32|       m_axi|                                                                         weights|       pointer|
|m_axi_weights_AWID                                                                       |  out|    1|       m_axi|                                                                         weights|       pointer|
|m_axi_weights_AWLEN                                                                      |  out|   32|       m_axi|                                                                         weights|       pointer|
|m_axi_weights_AWSIZE                                                                     |  out|    3|       m_axi|                                                                         weights|       pointer|
|m_axi_weights_AWBURST                                                                    |  out|    2|       m_axi|                                                                         weights|       pointer|
|m_axi_weights_AWLOCK                                                                     |  out|    2|       m_axi|                                                                         weights|       pointer|
|m_axi_weights_AWCACHE                                                                    |  out|    4|       m_axi|                                                                         weights|       pointer|
|m_axi_weights_AWPROT                                                                     |  out|    3|       m_axi|                                                                         weights|       pointer|
|m_axi_weights_AWQOS                                                                      |  out|    4|       m_axi|                                                                         weights|       pointer|
|m_axi_weights_AWREGION                                                                   |  out|    4|       m_axi|                                                                         weights|       pointer|
|m_axi_weights_AWUSER                                                                     |  out|    1|       m_axi|                                                                         weights|       pointer|
|m_axi_weights_WVALID                                                                     |  out|    1|       m_axi|                                                                         weights|       pointer|
|m_axi_weights_WREADY                                                                     |   in|    1|       m_axi|                                                                         weights|       pointer|
|m_axi_weights_WDATA                                                                      |  out|  256|       m_axi|                                                                         weights|       pointer|
|m_axi_weights_WSTRB                                                                      |  out|   32|       m_axi|                                                                         weights|       pointer|
|m_axi_weights_WLAST                                                                      |  out|    1|       m_axi|                                                                         weights|       pointer|
|m_axi_weights_WID                                                                        |  out|    1|       m_axi|                                                                         weights|       pointer|
|m_axi_weights_WUSER                                                                      |  out|    1|       m_axi|                                                                         weights|       pointer|
|m_axi_weights_ARVALID                                                                    |  out|    1|       m_axi|                                                                         weights|       pointer|
|m_axi_weights_ARREADY                                                                    |   in|    1|       m_axi|                                                                         weights|       pointer|
|m_axi_weights_ARADDR                                                                     |  out|   32|       m_axi|                                                                         weights|       pointer|
|m_axi_weights_ARID                                                                       |  out|    1|       m_axi|                                                                         weights|       pointer|
|m_axi_weights_ARLEN                                                                      |  out|   32|       m_axi|                                                                         weights|       pointer|
|m_axi_weights_ARSIZE                                                                     |  out|    3|       m_axi|                                                                         weights|       pointer|
|m_axi_weights_ARBURST                                                                    |  out|    2|       m_axi|                                                                         weights|       pointer|
|m_axi_weights_ARLOCK                                                                     |  out|    2|       m_axi|                                                                         weights|       pointer|
|m_axi_weights_ARCACHE                                                                    |  out|    4|       m_axi|                                                                         weights|       pointer|
|m_axi_weights_ARPROT                                                                     |  out|    3|       m_axi|                                                                         weights|       pointer|
|m_axi_weights_ARQOS                                                                      |  out|    4|       m_axi|                                                                         weights|       pointer|
|m_axi_weights_ARREGION                                                                   |  out|    4|       m_axi|                                                                         weights|       pointer|
|m_axi_weights_ARUSER                                                                     |  out|    1|       m_axi|                                                                         weights|       pointer|
|m_axi_weights_RVALID                                                                     |   in|    1|       m_axi|                                                                         weights|       pointer|
|m_axi_weights_RREADY                                                                     |  out|    1|       m_axi|                                                                         weights|       pointer|
|m_axi_weights_RDATA                                                                      |   in|  256|       m_axi|                                                                         weights|       pointer|
|m_axi_weights_RLAST                                                                      |   in|    1|       m_axi|                                                                         weights|       pointer|
|m_axi_weights_RID                                                                        |   in|    1|       m_axi|                                                                         weights|       pointer|
|m_axi_weights_RFIFONUM                                                                   |   in|    5|       m_axi|                                                                         weights|       pointer|
|m_axi_weights_RUSER                                                                      |   in|    1|       m_axi|                                                                         weights|       pointer|
|m_axi_weights_RRESP                                                                      |   in|    2|       m_axi|                                                                         weights|       pointer|
|m_axi_weights_BVALID                                                                     |   in|    1|       m_axi|                                                                         weights|       pointer|
|m_axi_weights_BREADY                                                                     |  out|    1|       m_axi|                                                                         weights|       pointer|
|m_axi_weights_BRESP                                                                      |   in|    2|       m_axi|                                                                         weights|       pointer|
|m_axi_weights_BID                                                                        |   in|    1|       m_axi|                                                                         weights|       pointer|
|m_axi_weights_BUSER                                                                      |   in|    1|       m_axi|                                                                         weights|       pointer|
|weights_q610                                                                             |   in|   32|     ap_none|                                                                    weights_q610|        scalar|
|weight_offset_read                                                                       |   in|   32|     ap_none|                                                              weight_offset_read|        scalar|
|proj_size                                                                                |   in|    8|     ap_none|                                                                       proj_size|        scalar|
|RunSubbandRealtimeTopCoreQ610_stream_stream_ap_uint_const_int_bool_stream_pr_address1    |  out|   11|   ap_memory|    RunSubbandRealtimeTopCoreQ610_stream_stream_ap_uint_const_int_bool_stream_pr|         array|
|RunSubbandRealtimeTopCoreQ610_stream_stream_ap_uint_const_int_bool_stream_pr_ce1         |  out|    1|   ap_memory|    RunSubbandRealtimeTopCoreQ610_stream_stream_ap_uint_const_int_bool_stream_pr|         array|
|RunSubbandRealtimeTopCoreQ610_stream_stream_ap_uint_const_int_bool_stream_pr_we1         |  out|    1|   ap_memory|    RunSubbandRealtimeTopCoreQ610_stream_stream_ap_uint_const_int_bool_stream_pr|         array|
|RunSubbandRealtimeTopCoreQ610_stream_stream_ap_uint_const_int_bool_stream_pr_d1          |  out|  512|   ap_memory|    RunSubbandRealtimeTopCoreQ610_stream_stream_ap_uint_const_int_bool_stream_pr|         array|
|RunSubbandRealtimeTopCoreQ610_stream_stream_ap_uint_const_int_bool_stream_pr_8_address0  |  out|    5|   ap_memory|  RunSubbandRealtimeTopCoreQ610_stream_stream_ap_uint_const_int_bool_stream_pr_8|         array|
|RunSubbandRealtimeTopCoreQ610_stream_stream_ap_uint_const_int_bool_stream_pr_8_ce0       |  out|    1|   ap_memory|  RunSubbandRealtimeTopCoreQ610_stream_stream_ap_uint_const_int_bool_stream_pr_8|         array|
|RunSubbandRealtimeTopCoreQ610_stream_stream_ap_uint_const_int_bool_stream_pr_8_we0       |  out|    1|   ap_memory|  RunSubbandRealtimeTopCoreQ610_stream_stream_ap_uint_const_int_bool_stream_pr_8|         array|
|RunSubbandRealtimeTopCoreQ610_stream_stream_ap_uint_const_int_bool_stream_pr_8_d0        |  out|   16|   ap_memory|  RunSubbandRealtimeTopCoreQ610_stream_stream_ap_uint_const_int_bool_stream_pr_8|         array|
|RunSubbandRealtimeTopCoreQ610_stream_stream_ap_uint_const_int_bool_stream_pr_8_address1  |  out|    5|   ap_memory|  RunSubbandRealtimeTopCoreQ610_stream_stream_ap_uint_const_int_bool_stream_pr_8|         array|
|RunSubbandRealtimeTopCoreQ610_stream_stream_ap_uint_const_int_bool_stream_pr_8_ce1       |  out|    1|   ap_memory|  RunSubbandRealtimeTopCoreQ610_stream_stream_ap_uint_const_int_bool_stream_pr_8|         array|
|RunSubbandRealtimeTopCoreQ610_stream_stream_ap_uint_const_int_bool_stream_pr_8_we1       |  out|    1|   ap_memory|  RunSubbandRealtimeTopCoreQ610_stream_stream_ap_uint_const_int_bool_stream_pr_8|         array|
|RunSubbandRealtimeTopCoreQ610_stream_stream_ap_uint_const_int_bool_stream_pr_8_d1        |  out|   16|   ap_memory|  RunSubbandRealtimeTopCoreQ610_stream_stream_ap_uint_const_int_bool_stream_pr_8|         array|
|RunSubbandRealtimeTopCoreQ610_stream_stream_ap_uint_const_int_bool_stream_pr_7_address0  |  out|    5|   ap_memory|  RunSubbandRealtimeTopCoreQ610_stream_stream_ap_uint_const_int_bool_stream_pr_7|         array|
|RunSubbandRealtimeTopCoreQ610_stream_stream_ap_uint_const_int_bool_stream_pr_7_ce0       |  out|    1|   ap_memory|  RunSubbandRealtimeTopCoreQ610_stream_stream_ap_uint_const_int_bool_stream_pr_7|         array|
|RunSubbandRealtimeTopCoreQ610_stream_stream_ap_uint_const_int_bool_stream_pr_7_we0       |  out|    1|   ap_memory|  RunSubbandRealtimeTopCoreQ610_stream_stream_ap_uint_const_int_bool_stream_pr_7|         array|
|RunSubbandRealtimeTopCoreQ610_stream_stream_ap_uint_const_int_bool_stream_pr_7_d0        |  out|   16|   ap_memory|  RunSubbandRealtimeTopCoreQ610_stream_stream_ap_uint_const_int_bool_stream_pr_7|         array|
|RunSubbandRealtimeTopCoreQ610_stream_stream_ap_uint_const_int_bool_stream_pr_7_address1  |  out|    5|   ap_memory|  RunSubbandRealtimeTopCoreQ610_stream_stream_ap_uint_const_int_bool_stream_pr_7|         array|
|RunSubbandRealtimeTopCoreQ610_stream_stream_ap_uint_const_int_bool_stream_pr_7_ce1       |  out|    1|   ap_memory|  RunSubbandRealtimeTopCoreQ610_stream_stream_ap_uint_const_int_bool_stream_pr_7|         array|
|RunSubbandRealtimeTopCoreQ610_stream_stream_ap_uint_const_int_bool_stream_pr_7_we1       |  out|    1|   ap_memory|  RunSubbandRealtimeTopCoreQ610_stream_stream_ap_uint_const_int_bool_stream_pr_7|         array|
|RunSubbandRealtimeTopCoreQ610_stream_stream_ap_uint_const_int_bool_stream_pr_7_d1        |  out|   16|   ap_memory|  RunSubbandRealtimeTopCoreQ610_stream_stream_ap_uint_const_int_bool_stream_pr_7|         array|
|RunSubbandRealtimeTopCoreQ610_stream_stream_ap_uint_const_int_bool_stream_pr_6_address0  |  out|    5|   ap_memory|  RunSubbandRealtimeTopCoreQ610_stream_stream_ap_uint_const_int_bool_stream_pr_6|         array|
|RunSubbandRealtimeTopCoreQ610_stream_stream_ap_uint_const_int_bool_stream_pr_6_ce0       |  out|    1|   ap_memory|  RunSubbandRealtimeTopCoreQ610_stream_stream_ap_uint_const_int_bool_stream_pr_6|         array|
|RunSubbandRealtimeTopCoreQ610_stream_stream_ap_uint_const_int_bool_stream_pr_6_we0       |  out|    1|   ap_memory|  RunSubbandRealtimeTopCoreQ610_stream_stream_ap_uint_const_int_bool_stream_pr_6|         array|
|RunSubbandRealtimeTopCoreQ610_stream_stream_ap_uint_const_int_bool_stream_pr_6_d0        |  out|   16|   ap_memory|  RunSubbandRealtimeTopCoreQ610_stream_stream_ap_uint_const_int_bool_stream_pr_6|         array|
|RunSubbandRealtimeTopCoreQ610_stream_stream_ap_uint_const_int_bool_stream_pr_6_address1  |  out|    5|   ap_memory|  RunSubbandRealtimeTopCoreQ610_stream_stream_ap_uint_const_int_bool_stream_pr_6|         array|
|RunSubbandRealtimeTopCoreQ610_stream_stream_ap_uint_const_int_bool_stream_pr_6_ce1       |  out|    1|   ap_memory|  RunSubbandRealtimeTopCoreQ610_stream_stream_ap_uint_const_int_bool_stream_pr_6|         array|
|RunSubbandRealtimeTopCoreQ610_stream_stream_ap_uint_const_int_bool_stream_pr_6_we1       |  out|    1|   ap_memory|  RunSubbandRealtimeTopCoreQ610_stream_stream_ap_uint_const_int_bool_stream_pr_6|         array|
|RunSubbandRealtimeTopCoreQ610_stream_stream_ap_uint_const_int_bool_stream_pr_6_d1        |  out|   16|   ap_memory|  RunSubbandRealtimeTopCoreQ610_stream_stream_ap_uint_const_int_bool_stream_pr_6|         array|
|RunSubbandRealtimeTopCoreQ610_stream_stream_ap_uint_const_int_bool_stream_pr_5_address0  |  out|    5|   ap_memory|  RunSubbandRealtimeTopCoreQ610_stream_stream_ap_uint_const_int_bool_stream_pr_5|         array|
|RunSubbandRealtimeTopCoreQ610_stream_stream_ap_uint_const_int_bool_stream_pr_5_ce0       |  out|    1|   ap_memory|  RunSubbandRealtimeTopCoreQ610_stream_stream_ap_uint_const_int_bool_stream_pr_5|         array|
|RunSubbandRealtimeTopCoreQ610_stream_stream_ap_uint_const_int_bool_stream_pr_5_we0       |  out|    1|   ap_memory|  RunSubbandRealtimeTopCoreQ610_stream_stream_ap_uint_const_int_bool_stream_pr_5|         array|
|RunSubbandRealtimeTopCoreQ610_stream_stream_ap_uint_const_int_bool_stream_pr_5_d0        |  out|   16|   ap_memory|  RunSubbandRealtimeTopCoreQ610_stream_stream_ap_uint_const_int_bool_stream_pr_5|         array|
|RunSubbandRealtimeTopCoreQ610_stream_stream_ap_uint_const_int_bool_stream_pr_5_address1  |  out|    5|   ap_memory|  RunSubbandRealtimeTopCoreQ610_stream_stream_ap_uint_const_int_bool_stream_pr_5|         array|
|RunSubbandRealtimeTopCoreQ610_stream_stream_ap_uint_const_int_bool_stream_pr_5_ce1       |  out|    1|   ap_memory|  RunSubbandRealtimeTopCoreQ610_stream_stream_ap_uint_const_int_bool_stream_pr_5|         array|
|RunSubbandRealtimeTopCoreQ610_stream_stream_ap_uint_const_int_bool_stream_pr_5_we1       |  out|    1|   ap_memory|  RunSubbandRealtimeTopCoreQ610_stream_stream_ap_uint_const_int_bool_stream_pr_5|         array|
|RunSubbandRealtimeTopCoreQ610_stream_stream_ap_uint_const_int_bool_stream_pr_5_d1        |  out|   16|   ap_memory|  RunSubbandRealtimeTopCoreQ610_stream_stream_ap_uint_const_int_bool_stream_pr_5|         array|
|RunSubbandRealtimeTopCoreQ610_stream_stream_ap_uint_const_int_bool_stream_pr_4_address0  |  out|    5|   ap_memory|  RunSubbandRealtimeTopCoreQ610_stream_stream_ap_uint_const_int_bool_stream_pr_4|         array|
|RunSubbandRealtimeTopCoreQ610_stream_stream_ap_uint_const_int_bool_stream_pr_4_ce0       |  out|    1|   ap_memory|  RunSubbandRealtimeTopCoreQ610_stream_stream_ap_uint_const_int_bool_stream_pr_4|         array|
|RunSubbandRealtimeTopCoreQ610_stream_stream_ap_uint_const_int_bool_stream_pr_4_we0       |  out|    1|   ap_memory|  RunSubbandRealtimeTopCoreQ610_stream_stream_ap_uint_const_int_bool_stream_pr_4|         array|
|RunSubbandRealtimeTopCoreQ610_stream_stream_ap_uint_const_int_bool_stream_pr_4_d0        |  out|   16|   ap_memory|  RunSubbandRealtimeTopCoreQ610_stream_stream_ap_uint_const_int_bool_stream_pr_4|         array|
|RunSubbandRealtimeTopCoreQ610_stream_stream_ap_uint_const_int_bool_stream_pr_4_address1  |  out|    5|   ap_memory|  RunSubbandRealtimeTopCoreQ610_stream_stream_ap_uint_const_int_bool_stream_pr_4|         array|
|RunSubbandRealtimeTopCoreQ610_stream_stream_ap_uint_const_int_bool_stream_pr_4_ce1       |  out|    1|   ap_memory|  RunSubbandRealtimeTopCoreQ610_stream_stream_ap_uint_const_int_bool_stream_pr_4|         array|
|RunSubbandRealtimeTopCoreQ610_stream_stream_ap_uint_const_int_bool_stream_pr_4_we1       |  out|    1|   ap_memory|  RunSubbandRealtimeTopCoreQ610_stream_stream_ap_uint_const_int_bool_stream_pr_4|         array|
|RunSubbandRealtimeTopCoreQ610_stream_stream_ap_uint_const_int_bool_stream_pr_4_d1        |  out|   16|   ap_memory|  RunSubbandRealtimeTopCoreQ610_stream_stream_ap_uint_const_int_bool_stream_pr_4|         array|
|RunSubbandRealtimeTopCoreQ610_stream_stream_ap_uint_const_int_bool_stream_pr_3_address0  |  out|    5|   ap_memory|  RunSubbandRealtimeTopCoreQ610_stream_stream_ap_uint_const_int_bool_stream_pr_3|         array|
|RunSubbandRealtimeTopCoreQ610_stream_stream_ap_uint_const_int_bool_stream_pr_3_ce0       |  out|    1|   ap_memory|  RunSubbandRealtimeTopCoreQ610_stream_stream_ap_uint_const_int_bool_stream_pr_3|         array|
|RunSubbandRealtimeTopCoreQ610_stream_stream_ap_uint_const_int_bool_stream_pr_3_we0       |  out|    1|   ap_memory|  RunSubbandRealtimeTopCoreQ610_stream_stream_ap_uint_const_int_bool_stream_pr_3|         array|
|RunSubbandRealtimeTopCoreQ610_stream_stream_ap_uint_const_int_bool_stream_pr_3_d0        |  out|   16|   ap_memory|  RunSubbandRealtimeTopCoreQ610_stream_stream_ap_uint_const_int_bool_stream_pr_3|         array|
|RunSubbandRealtimeTopCoreQ610_stream_stream_ap_uint_const_int_bool_stream_pr_3_address1  |  out|    5|   ap_memory|  RunSubbandRealtimeTopCoreQ610_stream_stream_ap_uint_const_int_bool_stream_pr_3|         array|
|RunSubbandRealtimeTopCoreQ610_stream_stream_ap_uint_const_int_bool_stream_pr_3_ce1       |  out|    1|   ap_memory|  RunSubbandRealtimeTopCoreQ610_stream_stream_ap_uint_const_int_bool_stream_pr_3|         array|
|RunSubbandRealtimeTopCoreQ610_stream_stream_ap_uint_const_int_bool_stream_pr_3_we1       |  out|    1|   ap_memory|  RunSubbandRealtimeTopCoreQ610_stream_stream_ap_uint_const_int_bool_stream_pr_3|         array|
|RunSubbandRealtimeTopCoreQ610_stream_stream_ap_uint_const_int_bool_stream_pr_3_d1        |  out|   16|   ap_memory|  RunSubbandRealtimeTopCoreQ610_stream_stream_ap_uint_const_int_bool_stream_pr_3|         array|
|RunSubbandRealtimeTopCoreQ610_stream_stream_ap_uint_const_int_bool_stream_pr_2_address0  |  out|    5|   ap_memory|  RunSubbandRealtimeTopCoreQ610_stream_stream_ap_uint_const_int_bool_stream_pr_2|         array|
|RunSubbandRealtimeTopCoreQ610_stream_stream_ap_uint_const_int_bool_stream_pr_2_ce0       |  out|    1|   ap_memory|  RunSubbandRealtimeTopCoreQ610_stream_stream_ap_uint_const_int_bool_stream_pr_2|         array|
|RunSubbandRealtimeTopCoreQ610_stream_stream_ap_uint_const_int_bool_stream_pr_2_we0       |  out|    1|   ap_memory|  RunSubbandRealtimeTopCoreQ610_stream_stream_ap_uint_const_int_bool_stream_pr_2|         array|
|RunSubbandRealtimeTopCoreQ610_stream_stream_ap_uint_const_int_bool_stream_pr_2_d0        |  out|   16|   ap_memory|  RunSubbandRealtimeTopCoreQ610_stream_stream_ap_uint_const_int_bool_stream_pr_2|         array|
|RunSubbandRealtimeTopCoreQ610_stream_stream_ap_uint_const_int_bool_stream_pr_2_address1  |  out|    5|   ap_memory|  RunSubbandRealtimeTopCoreQ610_stream_stream_ap_uint_const_int_bool_stream_pr_2|         array|
|RunSubbandRealtimeTopCoreQ610_stream_stream_ap_uint_const_int_bool_stream_pr_2_ce1       |  out|    1|   ap_memory|  RunSubbandRealtimeTopCoreQ610_stream_stream_ap_uint_const_int_bool_stream_pr_2|         array|
|RunSubbandRealtimeTopCoreQ610_stream_stream_ap_uint_const_int_bool_stream_pr_2_we1       |  out|    1|   ap_memory|  RunSubbandRealtimeTopCoreQ610_stream_stream_ap_uint_const_int_bool_stream_pr_2|         array|
|RunSubbandRealtimeTopCoreQ610_stream_stream_ap_uint_const_int_bool_stream_pr_2_d1        |  out|   16|   ap_memory|  RunSubbandRealtimeTopCoreQ610_stream_stream_ap_uint_const_int_bool_stream_pr_2|         array|
|RunSubbandRealtimeTopCoreQ610_stream_stream_ap_uint_const_int_bool_stream_pr_1_address0  |  out|    5|   ap_memory|  RunSubbandRealtimeTopCoreQ610_stream_stream_ap_uint_const_int_bool_stream_pr_1|         array|
|RunSubbandRealtimeTopCoreQ610_stream_stream_ap_uint_const_int_bool_stream_pr_1_ce0       |  out|    1|   ap_memory|  RunSubbandRealtimeTopCoreQ610_stream_stream_ap_uint_const_int_bool_stream_pr_1|         array|
|RunSubbandRealtimeTopCoreQ610_stream_stream_ap_uint_const_int_bool_stream_pr_1_we0       |  out|    1|   ap_memory|  RunSubbandRealtimeTopCoreQ610_stream_stream_ap_uint_const_int_bool_stream_pr_1|         array|
|RunSubbandRealtimeTopCoreQ610_stream_stream_ap_uint_const_int_bool_stream_pr_1_d0        |  out|   16|   ap_memory|  RunSubbandRealtimeTopCoreQ610_stream_stream_ap_uint_const_int_bool_stream_pr_1|         array|
|RunSubbandRealtimeTopCoreQ610_stream_stream_ap_uint_const_int_bool_stream_pr_1_address1  |  out|    5|   ap_memory|  RunSubbandRealtimeTopCoreQ610_stream_stream_ap_uint_const_int_bool_stream_pr_1|         array|
|RunSubbandRealtimeTopCoreQ610_stream_stream_ap_uint_const_int_bool_stream_pr_1_ce1       |  out|    1|   ap_memory|  RunSubbandRealtimeTopCoreQ610_stream_stream_ap_uint_const_int_bool_stream_pr_1|         array|
|RunSubbandRealtimeTopCoreQ610_stream_stream_ap_uint_const_int_bool_stream_pr_1_we1       |  out|    1|   ap_memory|  RunSubbandRealtimeTopCoreQ610_stream_stream_ap_uint_const_int_bool_stream_pr_1|         array|
|RunSubbandRealtimeTopCoreQ610_stream_stream_ap_uint_const_int_bool_stream_pr_1_d1        |  out|   16|   ap_memory|  RunSubbandRealtimeTopCoreQ610_stream_stream_ap_uint_const_int_bool_stream_pr_1|         array|
+-----------------------------------------------------------------------------------------+-----+-----+------------+--------------------------------------------------------------------------------+--------------+

