

================================================================
== Vitis HLS Report for 'p_anonymous_namespace_RunRealtimeProjectionBandQ610_Pipeline_VITIS_LOOP_3012_2'
================================================================
* Date:           Thu May 14 12:27:35 2026

* Version:        2023.2 (Build 4023990 on Oct 11 2023)
* Project:        subband_q610_realtime_hls
* Solution:       solution1 (Vivado IP Flow Target)
* Product family: zynq
* Target device:  xc7z020-clg400-1


================================================================
== Performance Estimates
================================================================
+ Timing: 
    * Summary: 
    +--------+----------+----------+------------+
    |  Clock |  Target  | Estimated| Uncertainty|
    +--------+----------+----------+------------+
    |ap_clk  |  10.00 ns|  6.481 ns|     2.70 ns|
    +--------+----------+----------+------------+

+ Latency: 
    * Summary: 
    +---------+---------+----------+----------+-----+-----+---------+
    |  Latency (cycles) |  Latency (absolute) |  Interval | Pipeline|
    |   min   |   max   |    min   |    max   | min | max |   Type  |
    +---------+---------+----------+----------+-----+-----+---------+
    |       11|       11|  0.110 us|  0.110 us|   11|   11|       no|
    +---------+---------+----------+----------+-----+-----+---------+

    + Detail: 
        * Instance: 
        N/A

        * Loop: 
        +---------------------+---------+---------+----------+-----------+-----------+------+----------+
        |                     |  Latency (cycles) | Iteration|  Initiation Interval  | Trip |          |
        |      Loop Name      |   min   |   max   |  Latency |  achieved |   target  | Count| Pipelined|
        +---------------------+---------+---------+----------+-----------+-----------+------+----------+
        |- VITIS_LOOP_3012_2  |        9|        9|         4|          1|          1|     7|       yes|
        +---------------------+---------+---------+----------+-----------+-----------+------+----------+



================================================================
== Utilization Estimates
================================================================
* Summary: 
+-----------------+---------+-----+--------+-------+-----+
|       Name      | BRAM_18K| DSP |   FF   |  LUT  | URAM|
+-----------------+---------+-----+--------+-------+-----+
|DSP              |        -|   32|       -|      -|    -|
|Expression       |        -|    -|       0|     44|    -|
|FIFO             |        -|    -|       -|      -|    -|
|Instance         |        -|    -|       0|   1184|    -|
|Memory           |        -|    -|       -|      -|    -|
|Multiplexer      |        -|    -|       -|    324|    -|
|Register         |        -|    -|    1617|      -|    -|
+-----------------+---------+-----+--------+-------+-----+
|Total            |        0|   32|    1617|   1552|    0|
+-----------------+---------+-----+--------+-------+-----+
|Available        |      280|  220|  106400|  53200|    0|
+-----------------+---------+-----+--------+-------+-----+
|Utilization (%)  |        0|   14|       1|      2|    0|
+-----------------+---------+-----+--------+-------+-----+

+ Detail: 
    * Instance: 
    +-----------------------------+-----------------------+---------+----+---+----+-----+
    |           Instance          |         Module        | BRAM_18K| DSP| FF| LUT| URAM|
    +-----------------------------+-----------------------+---------+----+---+----+-----+
    |sparsemux_15_8_16_1_1_U5165  |sparsemux_15_8_16_1_1  |        0|   0|  0|  37|    0|
    |sparsemux_15_8_16_1_1_U5166  |sparsemux_15_8_16_1_1  |        0|   0|  0|  37|    0|
    |sparsemux_15_8_16_1_1_U5167  |sparsemux_15_8_16_1_1  |        0|   0|  0|  37|    0|
    |sparsemux_15_8_16_1_1_U5168  |sparsemux_15_8_16_1_1  |        0|   0|  0|  37|    0|
    |sparsemux_15_8_16_1_1_U5169  |sparsemux_15_8_16_1_1  |        0|   0|  0|  37|    0|
    |sparsemux_15_8_16_1_1_U5170  |sparsemux_15_8_16_1_1  |        0|   0|  0|  37|    0|
    |sparsemux_15_8_16_1_1_U5171  |sparsemux_15_8_16_1_1  |        0|   0|  0|  37|    0|
    |sparsemux_15_8_16_1_1_U5172  |sparsemux_15_8_16_1_1  |        0|   0|  0|  37|    0|
    |sparsemux_15_8_16_1_1_U5173  |sparsemux_15_8_16_1_1  |        0|   0|  0|  37|    0|
    |sparsemux_15_8_16_1_1_U5174  |sparsemux_15_8_16_1_1  |        0|   0|  0|  37|    0|
    |sparsemux_15_8_16_1_1_U5175  |sparsemux_15_8_16_1_1  |        0|   0|  0|  37|    0|
    |sparsemux_15_8_16_1_1_U5176  |sparsemux_15_8_16_1_1  |        0|   0|  0|  37|    0|
    |sparsemux_15_8_16_1_1_U5177  |sparsemux_15_8_16_1_1  |        0|   0|  0|  37|    0|
    |sparsemux_15_8_16_1_1_U5178  |sparsemux_15_8_16_1_1  |        0|   0|  0|  37|    0|
    |sparsemux_15_8_16_1_1_U5179  |sparsemux_15_8_16_1_1  |        0|   0|  0|  37|    0|
    |sparsemux_15_8_16_1_1_U5180  |sparsemux_15_8_16_1_1  |        0|   0|  0|  37|    0|
    |sparsemux_15_8_16_1_1_U5181  |sparsemux_15_8_16_1_1  |        0|   0|  0|  37|    0|
    |sparsemux_15_8_16_1_1_U5182  |sparsemux_15_8_16_1_1  |        0|   0|  0|  37|    0|
    |sparsemux_15_8_16_1_1_U5183  |sparsemux_15_8_16_1_1  |        0|   0|  0|  37|    0|
    |sparsemux_15_8_16_1_1_U5184  |sparsemux_15_8_16_1_1  |        0|   0|  0|  37|    0|
    |sparsemux_15_8_16_1_1_U5185  |sparsemux_15_8_16_1_1  |        0|   0|  0|  37|    0|
    |sparsemux_15_8_16_1_1_U5186  |sparsemux_15_8_16_1_1  |        0|   0|  0|  37|    0|
    |sparsemux_15_8_16_1_1_U5187  |sparsemux_15_8_16_1_1  |        0|   0|  0|  37|    0|
    |sparsemux_15_8_16_1_1_U5188  |sparsemux_15_8_16_1_1  |        0|   0|  0|  37|    0|
    |sparsemux_15_8_16_1_1_U5189  |sparsemux_15_8_16_1_1  |        0|   0|  0|  37|    0|
    |sparsemux_15_8_16_1_1_U5190  |sparsemux_15_8_16_1_1  |        0|   0|  0|  37|    0|
    |sparsemux_15_8_16_1_1_U5191  |sparsemux_15_8_16_1_1  |        0|   0|  0|  37|    0|
    |sparsemux_15_8_16_1_1_U5192  |sparsemux_15_8_16_1_1  |        0|   0|  0|  37|    0|
    |sparsemux_15_8_16_1_1_U5193  |sparsemux_15_8_16_1_1  |        0|   0|  0|  37|    0|
    |sparsemux_15_8_16_1_1_U5194  |sparsemux_15_8_16_1_1  |        0|   0|  0|  37|    0|
    |sparsemux_15_8_16_1_1_U5195  |sparsemux_15_8_16_1_1  |        0|   0|  0|  37|    0|
    |sparsemux_15_8_16_1_1_U5196  |sparsemux_15_8_16_1_1  |        0|   0|  0|  37|    0|
    +-----------------------------+-----------------------+---------+----+---+----+-----+
    |Total                        |                       |        0|   0|  0|1184|    0|
    +-----------------------------+-----------------------+---------+----+---+----+-----+

    * DSP: 
    +-------------------------------------+-------------------------------+--------------+
    |               Instance              |             Module            |  Expression  |
    +-------------------------------------+-------------------------------+--------------+
    |mac_muladd_16s_16s_34s_34_3_1_U5197  |mac_muladd_16s_16s_34s_34_3_1  |  i0 * i1 + i2|
    |mac_muladd_16s_16s_34s_34_3_1_U5198  |mac_muladd_16s_16s_34s_34_3_1  |  i0 * i1 + i2|
    |mac_muladd_16s_16s_34s_34_3_1_U5199  |mac_muladd_16s_16s_34s_34_3_1  |  i0 * i1 + i2|
    |mac_muladd_16s_16s_34s_34_3_1_U5200  |mac_muladd_16s_16s_34s_34_3_1  |  i0 * i1 + i2|
    |mac_muladd_16s_16s_34s_34_3_1_U5201  |mac_muladd_16s_16s_34s_34_3_1  |  i0 * i1 + i2|
    |mac_muladd_16s_16s_34s_34_3_1_U5202  |mac_muladd_16s_16s_34s_34_3_1  |  i0 * i1 + i2|
    |mac_muladd_16s_16s_34s_34_3_1_U5203  |mac_muladd_16s_16s_34s_34_3_1  |  i0 * i1 + i2|
    |mac_muladd_16s_16s_34s_34_3_1_U5204  |mac_muladd_16s_16s_34s_34_3_1  |  i0 * i1 + i2|
    |mac_muladd_16s_16s_34s_34_3_1_U5205  |mac_muladd_16s_16s_34s_34_3_1  |  i0 * i1 + i2|
    |mac_muladd_16s_16s_34s_34_3_1_U5206  |mac_muladd_16s_16s_34s_34_3_1  |  i0 * i1 + i2|
    |mac_muladd_16s_16s_34s_34_3_1_U5207  |mac_muladd_16s_16s_34s_34_3_1  |  i0 * i1 + i2|
    |mac_muladd_16s_16s_34s_34_3_1_U5208  |mac_muladd_16s_16s_34s_34_3_1  |  i0 * i1 + i2|
    |mac_muladd_16s_16s_34s_34_3_1_U5209  |mac_muladd_16s_16s_34s_34_3_1  |  i0 * i1 + i2|
    |mac_muladd_16s_16s_34s_34_3_1_U5210  |mac_muladd_16s_16s_34s_34_3_1  |  i0 * i1 + i2|
    |mac_muladd_16s_16s_34s_34_3_1_U5211  |mac_muladd_16s_16s_34s_34_3_1  |  i0 * i1 + i2|
    |mac_muladd_16s_16s_34s_34_3_1_U5212  |mac_muladd_16s_16s_34s_34_3_1  |  i0 * i1 + i2|
    |mac_muladd_16s_16s_34s_34_3_1_U5213  |mac_muladd_16s_16s_34s_34_3_1  |  i0 * i1 + i2|
    |mac_muladd_16s_16s_34s_34_3_1_U5214  |mac_muladd_16s_16s_34s_34_3_1  |  i0 * i1 + i2|
    |mac_muladd_16s_16s_34s_34_3_1_U5215  |mac_muladd_16s_16s_34s_34_3_1  |  i0 * i1 + i2|
    |mac_muladd_16s_16s_34s_34_3_1_U5216  |mac_muladd_16s_16s_34s_34_3_1  |  i0 * i1 + i2|
    |mac_muladd_16s_16s_34s_34_3_1_U5217  |mac_muladd_16s_16s_34s_34_3_1  |  i0 * i1 + i2|
    |mac_muladd_16s_16s_34s_34_3_1_U5218  |mac_muladd_16s_16s_34s_34_3_1  |  i0 * i1 + i2|
    |mac_muladd_16s_16s_34s_34_3_1_U5219  |mac_muladd_16s_16s_34s_34_3_1  |  i0 * i1 + i2|
    |mac_muladd_16s_16s_34s_34_3_1_U5220  |mac_muladd_16s_16s_34s_34_3_1  |  i0 * i1 + i2|
    |mac_muladd_16s_16s_34s_34_3_1_U5221  |mac_muladd_16s_16s_34s_34_3_1  |  i0 * i1 + i2|
    |mac_muladd_16s_16s_34s_34_3_1_U5222  |mac_muladd_16s_16s_34s_34_3_1  |  i0 * i1 + i2|
    |mac_muladd_16s_16s_34s_34_3_1_U5223  |mac_muladd_16s_16s_34s_34_3_1  |  i0 * i1 + i2|
    |mac_muladd_16s_16s_34s_34_3_1_U5224  |mac_muladd_16s_16s_34s_34_3_1  |  i0 * i1 + i2|
    |mac_muladd_16s_16s_34s_34_3_1_U5225  |mac_muladd_16s_16s_34s_34_3_1  |  i0 * i1 + i2|
    |mac_muladd_16s_16s_34s_34_3_1_U5226  |mac_muladd_16s_16s_34s_34_3_1  |  i0 * i1 + i2|
    |mac_muladd_16s_16s_34s_34_3_1_U5227  |mac_muladd_16s_16s_34s_34_3_1  |  i0 * i1 + i2|
    |mac_muladd_16s_16s_34s_34_3_1_U5228  |mac_muladd_16s_16s_34s_34_3_1  |  i0 * i1 + i2|
    +-------------------------------------+-------------------------------+--------------+

    * Memory: 
    N/A

    * FIFO: 
    N/A

    * Expression: 
    +------------------------+----------+----+---+----+------------+------------+
    |      Variable Name     | Operation| DSP| FF| LUT| Bitwidth P0| Bitwidth P1|
    +------------------------+----------+----+---+----+------------+------------+
    |add_ln3012_fu_3846_p2   |         +|   0|  0|  15|           8|           6|
    |add_ln3017_fu_2719_p2   |         +|   0|  0|  12|          11|          11|
    |icmp_ln3012_fu_2663_p2  |      icmp|   0|  0|  15|           8|           7|
    |ap_enable_pp0           |       xor|   0|  0|   2|           1|           2|
    +------------------------+----------+----+---+----+------------+------------+
    |Total                   |          |   0|  0|  44|          28|          26|
    +------------------------+----------+----+---+----+------------+------------+

    * Multiplexer: 
    +------------------------------+----+-----------+-----+-----------+
    |             Name             | LUT| Input Size| Bits| Total Bits|
    +------------------------------+----+-----------+-----+-----------+
    |ap_done_int                   |   9|          2|    1|          2|
    |ap_enable_reg_pp0_iter1       |   9|          2|    1|          2|
    |ap_sig_allocacmp_hidden_base  |   9|          2|    8|         16|
    |empty_474_fu_780              |   9|          2|   34|         68|
    |empty_475_fu_784              |   9|          2|   34|         68|
    |empty_476_fu_788              |   9|          2|   34|         68|
    |empty_477_fu_792              |   9|          2|   34|         68|
    |empty_478_fu_796              |   9|          2|   34|         68|
    |empty_479_fu_800              |   9|          2|   34|         68|
    |empty_480_fu_804              |   9|          2|   34|         68|
    |empty_481_fu_808              |   9|          2|   34|         68|
    |empty_482_fu_812              |   9|          2|   34|         68|
    |empty_483_fu_816              |   9|          2|   34|         68|
    |empty_484_fu_820              |   9|          2|   34|         68|
    |empty_485_fu_824              |   9|          2|   34|         68|
    |empty_486_fu_828              |   9|          2|   34|         68|
    |empty_487_fu_832              |   9|          2|   34|         68|
    |empty_488_fu_836              |   9|          2|   34|         68|
    |empty_489_fu_840              |   9|          2|   34|         68|
    |empty_490_fu_844              |   9|          2|   34|         68|
    |empty_491_fu_848              |   9|          2|   34|         68|
    |empty_492_fu_852              |   9|          2|   34|         68|
    |empty_493_fu_856              |   9|          2|   34|         68|
    |empty_494_fu_860              |   9|          2|   34|         68|
    |empty_495_fu_864              |   9|          2|   34|         68|
    |empty_496_fu_868              |   9|          2|   34|         68|
    |empty_497_fu_872              |   9|          2|   34|         68|
    |empty_498_fu_876              |   9|          2|   34|         68|
    |empty_499_fu_880              |   9|          2|   34|         68|
    |empty_500_fu_884              |   9|          2|   34|         68|
    |empty_501_fu_888              |   9|          2|   34|         68|
    |empty_502_fu_892              |   9|          2|   34|         68|
    |empty_503_fu_896              |   9|          2|   34|         68|
    |empty_504_fu_900              |   9|          2|   34|         68|
    |empty_fu_776                  |   9|          2|   34|         68|
    |hidden_index_fu_904           |   9|          2|    8|         16|
    +------------------------------+----+-----------+-----+-----------+
    |Total                         | 324|         72| 1106|       2212|
    +------------------------------+----+-----------+-----+-----------+

    * Register: 
    +------------------------------------+----+----+-----+-----------+
    |                Name                | FF | LUT| Bits| Const Bits|
    +------------------------------------+----+----+-----+-----------+
    |ap_CS_fsm                           |   1|   0|    1|          0|
    |ap_done_reg                         |   1|   0|    1|          0|
    |ap_enable_reg_pp0_iter1             |   1|   0|    1|          0|
    |ap_enable_reg_pp0_iter2             |   1|   0|    1|          0|
    |ap_enable_reg_pp0_iter3             |   1|   0|    1|          0|
    |ap_loop_exit_ready_pp0_iter1_reg    |   1|   0|    1|          0|
    |ap_loop_exit_ready_pp0_iter2_reg    |   1|   0|    1|          0|
    |empty_474_fu_780                    |  34|   0|   34|          0|
    |empty_475_fu_784                    |  34|   0|   34|          0|
    |empty_476_fu_788                    |  34|   0|   34|          0|
    |empty_477_fu_792                    |  34|   0|   34|          0|
    |empty_478_fu_796                    |  34|   0|   34|          0|
    |empty_479_fu_800                    |  34|   0|   34|          0|
    |empty_480_fu_804                    |  34|   0|   34|          0|
    |empty_481_fu_808                    |  34|   0|   34|          0|
    |empty_482_fu_812                    |  34|   0|   34|          0|
    |empty_483_fu_816                    |  34|   0|   34|          0|
    |empty_484_fu_820                    |  34|   0|   34|          0|
    |empty_485_fu_824                    |  34|   0|   34|          0|
    |empty_486_fu_828                    |  34|   0|   34|          0|
    |empty_487_fu_832                    |  34|   0|   34|          0|
    |empty_488_fu_836                    |  34|   0|   34|          0|
    |empty_489_fu_840                    |  34|   0|   34|          0|
    |empty_490_fu_844                    |  34|   0|   34|          0|
    |empty_491_fu_848                    |  34|   0|   34|          0|
    |empty_492_fu_852                    |  34|   0|   34|          0|
    |empty_493_fu_856                    |  34|   0|   34|          0|
    |empty_494_fu_860                    |  34|   0|   34|          0|
    |empty_495_fu_864                    |  34|   0|   34|          0|
    |empty_496_fu_868                    |  34|   0|   34|          0|
    |empty_497_fu_872                    |  34|   0|   34|          0|
    |empty_498_fu_876                    |  34|   0|   34|          0|
    |empty_499_fu_880                    |  34|   0|   34|          0|
    |empty_500_fu_884                    |  34|   0|   34|          0|
    |empty_501_fu_888                    |  34|   0|   34|          0|
    |empty_502_fu_892                    |  34|   0|   34|          0|
    |empty_503_fu_896                    |  34|   0|   34|          0|
    |empty_504_fu_900                    |  34|   0|   34|          0|
    |empty_fu_776                        |  34|   0|   34|          0|
    |hidden_index_fu_904                 |   8|   0|    8|          0|
    |icmp_ln3012_reg_5298                |   1|   0|    1|          0|
    |icmp_ln3012_reg_5298_pp0_iter1_reg  |   1|   0|    1|          0|
    |lhs_10_reg_5357                     |  16|   0|   16|          0|
    |lhs_11_reg_5362                     |  16|   0|   16|          0|
    |lhs_12_reg_5367                     |  16|   0|   16|          0|
    |lhs_13_reg_5372                     |  16|   0|   16|          0|
    |lhs_14_reg_5377                     |  16|   0|   16|          0|
    |lhs_15_reg_5382                     |  16|   0|   16|          0|
    |lhs_16_reg_5387                     |  16|   0|   16|          0|
    |lhs_17_reg_5392                     |  16|   0|   16|          0|
    |lhs_18_reg_5397                     |  16|   0|   16|          0|
    |lhs_19_reg_5402                     |  16|   0|   16|          0|
    |lhs_1_reg_5312                      |  16|   0|   16|          0|
    |lhs_20_reg_5407                     |  16|   0|   16|          0|
    |lhs_21_reg_5412                     |  16|   0|   16|          0|
    |lhs_22_reg_5417                     |  16|   0|   16|          0|
    |lhs_23_reg_5422                     |  16|   0|   16|          0|
    |lhs_24_reg_5427                     |  16|   0|   16|          0|
    |lhs_25_reg_5432                     |  16|   0|   16|          0|
    |lhs_26_reg_5437                     |  16|   0|   16|          0|
    |lhs_27_reg_5442                     |  16|   0|   16|          0|
    |lhs_28_reg_5447                     |  16|   0|   16|          0|
    |lhs_29_reg_5452                     |  16|   0|   16|          0|
    |lhs_2_reg_5317                      |  16|   0|   16|          0|
    |lhs_30_reg_5457                     |  16|   0|   16|          0|
    |lhs_31_reg_5462                     |  16|   0|   16|          0|
    |lhs_3_reg_5322                      |  16|   0|   16|          0|
    |lhs_4_reg_5327                      |  16|   0|   16|          0|
    |lhs_5_reg_5332                      |  16|   0|   16|          0|
    |lhs_6_reg_5337                      |  16|   0|   16|          0|
    |lhs_7_reg_5342                      |  16|   0|   16|          0|
    |lhs_8_reg_5347                      |  16|   0|   16|          0|
    |lhs_9_reg_5352                      |  16|   0|   16|          0|
    |lhs_reg_5302                        |  16|   0|   16|          0|
    +------------------------------------+----+----+-----+-----------+
    |Total                               |1617|   0| 1617|          0|
    +------------------------------------+----+----+-----+-----------+



================================================================
== Interface
================================================================
* Summary: 
+---------------------------------------------------------------------------------------+-----+-----+------------+-------------------------------------------------------------------------------+--------------+
|                                       RTL Ports                                       | Dir | Bits|  Protocol  |                                 Source Object                                 |    C Type    |
+---------------------------------------------------------------------------------------+-----+-----+------------+-------------------------------------------------------------------------------+--------------+
|ap_clk                                                                                 |   in|    1|  ap_ctrl_hs|  (anonymous namespace)RunRealtimeProjectionBandQ610_Pipeline_VITIS_LOOP_3012_2|  return value|
|ap_rst                                                                                 |   in|    1|  ap_ctrl_hs|  (anonymous namespace)RunRealtimeProjectionBandQ610_Pipeline_VITIS_LOOP_3012_2|  return value|
|ap_start                                                                               |   in|    1|  ap_ctrl_hs|  (anonymous namespace)RunRealtimeProjectionBandQ610_Pipeline_VITIS_LOOP_3012_2|  return value|
|ap_done                                                                                |  out|    1|  ap_ctrl_hs|  (anonymous namespace)RunRealtimeProjectionBandQ610_Pipeline_VITIS_LOOP_3012_2|  return value|
|ap_idle                                                                                |  out|    1|  ap_ctrl_hs|  (anonymous namespace)RunRealtimeProjectionBandQ610_Pipeline_VITIS_LOOP_3012_2|  return value|
|ap_ready                                                                               |  out|    1|  ap_ctrl_hs|  (anonymous namespace)RunRealtimeProjectionBandQ610_Pipeline_VITIS_LOOP_3012_2|  return value|
|projection_input_672_reload                                                            |   in|   16|     ap_none|                                                    projection_input_672_reload|        scalar|
|projection_input_704_reload                                                            |   in|   16|     ap_none|                                                    projection_input_704_reload|        scalar|
|projection_input_736_reload                                                            |   in|   16|     ap_none|                                                    projection_input_736_reload|        scalar|
|projection_input_768_reload                                                            |   in|   16|     ap_none|                                                    projection_input_768_reload|        scalar|
|projection_input_800_reload                                                            |   in|   16|     ap_none|                                                    projection_input_800_reload|        scalar|
|projection_input_832_reload                                                            |   in|   16|     ap_none|                                                    projection_input_832_reload|        scalar|
|projection_input_864_reload                                                            |   in|   16|     ap_none|                                                    projection_input_864_reload|        scalar|
|sub_ln3017                                                                             |   in|   11|     ap_none|                                                                     sub_ln3017|        scalar|
|projection_input_673_reload                                                            |   in|   16|     ap_none|                                                    projection_input_673_reload|        scalar|
|projection_input_705_reload                                                            |   in|   16|     ap_none|                                                    projection_input_705_reload|        scalar|
|projection_input_737_reload                                                            |   in|   16|     ap_none|                                                    projection_input_737_reload|        scalar|
|projection_input_769_reload                                                            |   in|   16|     ap_none|                                                    projection_input_769_reload|        scalar|
|projection_input_801_reload                                                            |   in|   16|     ap_none|                                                    projection_input_801_reload|        scalar|
|projection_input_833_reload                                                            |   in|   16|     ap_none|                                                    projection_input_833_reload|        scalar|
|projection_input_865_reload                                                            |   in|   16|     ap_none|                                                    projection_input_865_reload|        scalar|
|projection_input_674_reload                                                            |   in|   16|     ap_none|                                                    projection_input_674_reload|        scalar|
|projection_input_706_reload                                                            |   in|   16|     ap_none|                                                    projection_input_706_reload|        scalar|
|projection_input_738_reload                                                            |   in|   16|     ap_none|                                                    projection_input_738_reload|        scalar|
|projection_input_770_reload                                                            |   in|   16|     ap_none|                                                    projection_input_770_reload|        scalar|
|projection_input_802_reload                                                            |   in|   16|     ap_none|                                                    projection_input_802_reload|        scalar|
|projection_input_834_reload                                                            |   in|   16|     ap_none|                                                    projection_input_834_reload|        scalar|
|projection_input_866_reload                                                            |   in|   16|     ap_none|                                                    projection_input_866_reload|        scalar|
|projection_input_675_reload                                                            |   in|   16|     ap_none|                                                    projection_input_675_reload|        scalar|
|projection_input_707_reload                                                            |   in|   16|     ap_none|                                                    projection_input_707_reload|        scalar|
|projection_input_739_reload                                                            |   in|   16|     ap_none|                                                    projection_input_739_reload|        scalar|
|projection_input_771_reload                                                            |   in|   16|     ap_none|                                                    projection_input_771_reload|        scalar|
|projection_input_803_reload                                                            |   in|   16|     ap_none|                                                    projection_input_803_reload|        scalar|
|projection_input_835_reload                                                            |   in|   16|     ap_none|                                                    projection_input_835_reload|        scalar|
|projection_input_867_reload                                                            |   in|   16|     ap_none|                                                    projection_input_867_reload|        scalar|
|projection_input_676_reload                                                            |   in|   16|     ap_none|                                                    projection_input_676_reload|        scalar|
|projection_input_708_reload                                                            |   in|   16|     ap_none|                                                    projection_input_708_reload|        scalar|
|projection_input_740_reload                                                            |   in|   16|     ap_none|                                                    projection_input_740_reload|        scalar|
|projection_input_772_reload                                                            |   in|   16|     ap_none|                                                    projection_input_772_reload|        scalar|
|projection_input_804_reload                                                            |   in|   16|     ap_none|                                                    projection_input_804_reload|        scalar|
|projection_input_836_reload                                                            |   in|   16|     ap_none|                                                    projection_input_836_reload|        scalar|
|projection_input_868_reload                                                            |   in|   16|     ap_none|                                                    projection_input_868_reload|        scalar|
|projection_input_677_reload                                                            |   in|   16|     ap_none|                                                    projection_input_677_reload|        scalar|
|projection_input_709_reload                                                            |   in|   16|     ap_none|                                                    projection_input_709_reload|        scalar|
|projection_input_741_reload                                                            |   in|   16|     ap_none|                                                    projection_input_741_reload|        scalar|
|projection_input_773_reload                                                            |   in|   16|     ap_none|                                                    projection_input_773_reload|        scalar|
|projection_input_805_reload                                                            |   in|   16|     ap_none|                                                    projection_input_805_reload|        scalar|
|projection_input_837_reload                                                            |   in|   16|     ap_none|                                                    projection_input_837_reload|        scalar|
|projection_input_869_reload                                                            |   in|   16|     ap_none|                                                    projection_input_869_reload|        scalar|
|projection_input_678_reload                                                            |   in|   16|     ap_none|                                                    projection_input_678_reload|        scalar|
|projection_input_710_reload                                                            |   in|   16|     ap_none|                                                    projection_input_710_reload|        scalar|
|projection_input_742_reload                                                            |   in|   16|     ap_none|                                                    projection_input_742_reload|        scalar|
|projection_input_774_reload                                                            |   in|   16|     ap_none|                                                    projection_input_774_reload|        scalar|
|projection_input_806_reload                                                            |   in|   16|     ap_none|                                                    projection_input_806_reload|        scalar|
|projection_input_838_reload                                                            |   in|   16|     ap_none|                                                    projection_input_838_reload|        scalar|
|projection_input_870_reload                                                            |   in|   16|     ap_none|                                                    projection_input_870_reload|        scalar|
|projection_input_679_reload                                                            |   in|   16|     ap_none|                                                    projection_input_679_reload|        scalar|
|projection_input_711_reload                                                            |   in|   16|     ap_none|                                                    projection_input_711_reload|        scalar|
|projection_input_743_reload                                                            |   in|   16|     ap_none|                                                    projection_input_743_reload|        scalar|
|projection_input_775_reload                                                            |   in|   16|     ap_none|                                                    projection_input_775_reload|        scalar|
|projection_input_807_reload                                                            |   in|   16|     ap_none|                                                    projection_input_807_reload|        scalar|
|projection_input_839_reload                                                            |   in|   16|     ap_none|                                                    projection_input_839_reload|        scalar|
|projection_input_871_reload                                                            |   in|   16|     ap_none|                                                    projection_input_871_reload|        scalar|
|projection_input_680_reload                                                            |   in|   16|     ap_none|                                                    projection_input_680_reload|        scalar|
|projection_input_712_reload                                                            |   in|   16|     ap_none|                                                    projection_input_712_reload|        scalar|
|projection_input_744_reload                                                            |   in|   16|     ap_none|                                                    projection_input_744_reload|        scalar|
|projection_input_776_reload                                                            |   in|   16|     ap_none|                                                    projection_input_776_reload|        scalar|
|projection_input_808_reload                                                            |   in|   16|     ap_none|                                                    projection_input_808_reload|        scalar|
|projection_input_840_reload                                                            |   in|   16|     ap_none|                                                    projection_input_840_reload|        scalar|
|projection_input_872_reload                                                            |   in|   16|     ap_none|                                                    projection_input_872_reload|        scalar|
|projection_input_681_reload                                                            |   in|   16|     ap_none|                                                    projection_input_681_reload|        scalar|
|projection_input_713_reload                                                            |   in|   16|     ap_none|                                                    projection_input_713_reload|        scalar|
|projection_input_745_reload                                                            |   in|   16|     ap_none|                                                    projection_input_745_reload|        scalar|
|projection_input_777_reload                                                            |   in|   16|     ap_none|                                                    projection_input_777_reload|        scalar|
|projection_input_809_reload                                                            |   in|   16|     ap_none|                                                    projection_input_809_reload|        scalar|
|projection_input_841_reload                                                            |   in|   16|     ap_none|                                                    projection_input_841_reload|        scalar|
|projection_input_873_reload                                                            |   in|   16|     ap_none|                                                    projection_input_873_reload|        scalar|
|projection_input_682_reload                                                            |   in|   16|     ap_none|                                                    projection_input_682_reload|        scalar|
|projection_input_714_reload                                                            |   in|   16|     ap_none|                                                    projection_input_714_reload|        scalar|
|projection_input_746_reload                                                            |   in|   16|     ap_none|                                                    projection_input_746_reload|        scalar|
|projection_input_778_reload                                                            |   in|   16|     ap_none|                                                    projection_input_778_reload|        scalar|
|projection_input_810_reload                                                            |   in|   16|     ap_none|                                                    projection_input_810_reload|        scalar|
|projection_input_842_reload                                                            |   in|   16|     ap_none|                                                    projection_input_842_reload|        scalar|
|projection_input_874_reload                                                            |   in|   16|     ap_none|                                                    projection_input_874_reload|        scalar|
|projection_input_683_reload                                                            |   in|   16|     ap_none|                                                    projection_input_683_reload|        scalar|
|projection_input_715_reload                                                            |   in|   16|     ap_none|                                                    projection_input_715_reload|        scalar|
|projection_input_747_reload                                                            |   in|   16|     ap_none|                                                    projection_input_747_reload|        scalar|
|projection_input_779_reload                                                            |   in|   16|     ap_none|                                                    projection_input_779_reload|        scalar|
|projection_input_811_reload                                                            |   in|   16|     ap_none|                                                    projection_input_811_reload|        scalar|
|projection_input_843_reload                                                            |   in|   16|     ap_none|                                                    projection_input_843_reload|        scalar|
|projection_input_875_reload                                                            |   in|   16|     ap_none|                                                    projection_input_875_reload|        scalar|
|projection_input_684_reload                                                            |   in|   16|     ap_none|                                                    projection_input_684_reload|        scalar|
|projection_input_716_reload                                                            |   in|   16|     ap_none|                                                    projection_input_716_reload|        scalar|
|projection_input_748_reload                                                            |   in|   16|     ap_none|                                                    projection_input_748_reload|        scalar|
|projection_input_780_reload                                                            |   in|   16|     ap_none|                                                    projection_input_780_reload|        scalar|
|projection_input_812_reload                                                            |   in|   16|     ap_none|                                                    projection_input_812_reload|        scalar|
|projection_input_844_reload                                                            |   in|   16|     ap_none|                                                    projection_input_844_reload|        scalar|
|projection_input_876_reload                                                            |   in|   16|     ap_none|                                                    projection_input_876_reload|        scalar|
|projection_input_685_reload                                                            |   in|   16|     ap_none|                                                    projection_input_685_reload|        scalar|
|projection_input_717_reload                                                            |   in|   16|     ap_none|                                                    projection_input_717_reload|        scalar|
|projection_input_749_reload                                                            |   in|   16|     ap_none|                                                    projection_input_749_reload|        scalar|
|projection_input_781_reload                                                            |   in|   16|     ap_none|                                                    projection_input_781_reload|        scalar|
|projection_input_813_reload                                                            |   in|   16|     ap_none|                                                    projection_input_813_reload|        scalar|
|projection_input_845_reload                                                            |   in|   16|     ap_none|                                                    projection_input_845_reload|        scalar|
|projection_input_877_reload                                                            |   in|   16|     ap_none|                                                    projection_input_877_reload|        scalar|
|projection_input_686_reload                                                            |   in|   16|     ap_none|                                                    projection_input_686_reload|        scalar|
|projection_input_718_reload                                                            |   in|   16|     ap_none|                                                    projection_input_718_reload|        scalar|
|projection_input_750_reload                                                            |   in|   16|     ap_none|                                                    projection_input_750_reload|        scalar|
|projection_input_782_reload                                                            |   in|   16|     ap_none|                                                    projection_input_782_reload|        scalar|
|projection_input_814_reload                                                            |   in|   16|     ap_none|                                                    projection_input_814_reload|        scalar|
|projection_input_846_reload                                                            |   in|   16|     ap_none|                                                    projection_input_846_reload|        scalar|
|projection_input_878_reload                                                            |   in|   16|     ap_none|                                                    projection_input_878_reload|        scalar|
|projection_input_687_reload                                                            |   in|   16|     ap_none|                                                    projection_input_687_reload|        scalar|
|projection_input_719_reload                                                            |   in|   16|     ap_none|                                                    projection_input_719_reload|        scalar|
|projection_input_751_reload                                                            |   in|   16|     ap_none|                                                    projection_input_751_reload|        scalar|
|projection_input_783_reload                                                            |   in|   16|     ap_none|                                                    projection_input_783_reload|        scalar|
|projection_input_815_reload                                                            |   in|   16|     ap_none|                                                    projection_input_815_reload|        scalar|
|projection_input_847_reload                                                            |   in|   16|     ap_none|                                                    projection_input_847_reload|        scalar|
|projection_input_879_reload                                                            |   in|   16|     ap_none|                                                    projection_input_879_reload|        scalar|
|projection_input_688_reload                                                            |   in|   16|     ap_none|                                                    projection_input_688_reload|        scalar|
|projection_input_720_reload                                                            |   in|   16|     ap_none|                                                    projection_input_720_reload|        scalar|
|projection_input_752_reload                                                            |   in|   16|     ap_none|                                                    projection_input_752_reload|        scalar|
|projection_input_784_reload                                                            |   in|   16|     ap_none|                                                    projection_input_784_reload|        scalar|
|projection_input_816_reload                                                            |   in|   16|     ap_none|                                                    projection_input_816_reload|        scalar|
|projection_input_848_reload                                                            |   in|   16|     ap_none|                                                    projection_input_848_reload|        scalar|
|projection_input_880_reload                                                            |   in|   16|     ap_none|                                                    projection_input_880_reload|        scalar|
|projection_input_689_reload                                                            |   in|   16|     ap_none|                                                    projection_input_689_reload|        scalar|
|projection_input_721_reload                                                            |   in|   16|     ap_none|                                                    projection_input_721_reload|        scalar|
|projection_input_753_reload                                                            |   in|   16|     ap_none|                                                    projection_input_753_reload|        scalar|
|projection_input_785_reload                                                            |   in|   16|     ap_none|                                                    projection_input_785_reload|        scalar|
|projection_input_817_reload                                                            |   in|   16|     ap_none|                                                    projection_input_817_reload|        scalar|
|projection_input_849_reload                                                            |   in|   16|     ap_none|                                                    projection_input_849_reload|        scalar|
|projection_input_881_reload                                                            |   in|   16|     ap_none|                                                    projection_input_881_reload|        scalar|
|projection_input_690_reload                                                            |   in|   16|     ap_none|                                                    projection_input_690_reload|        scalar|
|projection_input_722_reload                                                            |   in|   16|     ap_none|                                                    projection_input_722_reload|        scalar|
|projection_input_754_reload                                                            |   in|   16|     ap_none|                                                    projection_input_754_reload|        scalar|
|projection_input_786_reload                                                            |   in|   16|     ap_none|                                                    projection_input_786_reload|        scalar|
|projection_input_818_reload                                                            |   in|   16|     ap_none|                                                    projection_input_818_reload|        scalar|
|projection_input_850_reload                                                            |   in|   16|     ap_none|                                                    projection_input_850_reload|        scalar|
|projection_input_882_reload                                                            |   in|   16|     ap_none|                                                    projection_input_882_reload|        scalar|
|projection_input_691_reload                                                            |   in|   16|     ap_none|                                                    projection_input_691_reload|        scalar|
|projection_input_723_reload                                                            |   in|   16|     ap_none|                                                    projection_input_723_reload|        scalar|
|projection_input_755_reload                                                            |   in|   16|     ap_none|                                                    projection_input_755_reload|        scalar|
|projection_input_787_reload                                                            |   in|   16|     ap_none|                                                    projection_input_787_reload|        scalar|
|projection_input_819_reload                                                            |   in|   16|     ap_none|                                                    projection_input_819_reload|        scalar|
|projection_input_851_reload                                                            |   in|   16|     ap_none|                                                    projection_input_851_reload|        scalar|
|projection_input_883_reload                                                            |   in|   16|     ap_none|                                                    projection_input_883_reload|        scalar|
|projection_input_692_reload                                                            |   in|   16|     ap_none|                                                    projection_input_692_reload|        scalar|
|projection_input_724_reload                                                            |   in|   16|     ap_none|                                                    projection_input_724_reload|        scalar|
|projection_input_756_reload                                                            |   in|   16|     ap_none|                                                    projection_input_756_reload|        scalar|
|projection_input_788_reload                                                            |   in|   16|     ap_none|                                                    projection_input_788_reload|        scalar|
|projection_input_820_reload                                                            |   in|   16|     ap_none|                                                    projection_input_820_reload|        scalar|
|projection_input_852_reload                                                            |   in|   16|     ap_none|                                                    projection_input_852_reload|        scalar|
|projection_input_884_reload                                                            |   in|   16|     ap_none|                                                    projection_input_884_reload|        scalar|
|projection_input_693_reload                                                            |   in|   16|     ap_none|                                                    projection_input_693_reload|        scalar|
|projection_input_725_reload                                                            |   in|   16|     ap_none|                                                    projection_input_725_reload|        scalar|
|projection_input_757_reload                                                            |   in|   16|     ap_none|                                                    projection_input_757_reload|        scalar|
|projection_input_789_reload                                                            |   in|   16|     ap_none|                                                    projection_input_789_reload|        scalar|
|projection_input_821_reload                                                            |   in|   16|     ap_none|                                                    projection_input_821_reload|        scalar|
|projection_input_853_reload                                                            |   in|   16|     ap_none|                                                    projection_input_853_reload|        scalar|
|projection_input_885_reload                                                            |   in|   16|     ap_none|                                                    projection_input_885_reload|        scalar|
|projection_input_694_reload                                                            |   in|   16|     ap_none|                                                    projection_input_694_reload|        scalar|
|projection_input_726_reload                                                            |   in|   16|     ap_none|                                                    projection_input_726_reload|        scalar|
|projection_input_758_reload                                                            |   in|   16|     ap_none|                                                    projection_input_758_reload|        scalar|
|projection_input_790_reload                                                            |   in|   16|     ap_none|                                                    projection_input_790_reload|        scalar|
|projection_input_822_reload                                                            |   in|   16|     ap_none|                                                    projection_input_822_reload|        scalar|
|projection_input_854_reload                                                            |   in|   16|     ap_none|                                                    projection_input_854_reload|        scalar|
|projection_input_886_reload                                                            |   in|   16|     ap_none|                                                    projection_input_886_reload|        scalar|
|projection_input_695_reload                                                            |   in|   16|     ap_none|                                                    projection_input_695_reload|        scalar|
|projection_input_727_reload                                                            |   in|   16|     ap_none|                                                    projection_input_727_reload|        scalar|
|projection_input_759_reload                                                            |   in|   16|     ap_none|                                                    projection_input_759_reload|        scalar|
|projection_input_791_reload                                                            |   in|   16|     ap_none|                                                    projection_input_791_reload|        scalar|
|projection_input_823_reload                                                            |   in|   16|     ap_none|                                                    projection_input_823_reload|        scalar|
|projection_input_855_reload                                                            |   in|   16|     ap_none|                                                    projection_input_855_reload|        scalar|
|projection_input_887_reload                                                            |   in|   16|     ap_none|                                                    projection_input_887_reload|        scalar|
|projection_input_696_reload                                                            |   in|   16|     ap_none|                                                    projection_input_696_reload|        scalar|
|projection_input_728_reload                                                            |   in|   16|     ap_none|                                                    projection_input_728_reload|        scalar|
|projection_input_760_reload                                                            |   in|   16|     ap_none|                                                    projection_input_760_reload|        scalar|
|projection_input_792_reload                                                            |   in|   16|     ap_none|                                                    projection_input_792_reload|        scalar|
|projection_input_824_reload                                                            |   in|   16|     ap_none|                                                    projection_input_824_reload|        scalar|
|projection_input_856_reload                                                            |   in|   16|     ap_none|                                                    projection_input_856_reload|        scalar|
|projection_input_888_reload                                                            |   in|   16|     ap_none|                                                    projection_input_888_reload|        scalar|
|projection_input_697_reload                                                            |   in|   16|     ap_none|                                                    projection_input_697_reload|        scalar|
|projection_input_729_reload                                                            |   in|   16|     ap_none|                                                    projection_input_729_reload|        scalar|
|projection_input_761_reload                                                            |   in|   16|     ap_none|                                                    projection_input_761_reload|        scalar|
|projection_input_793_reload                                                            |   in|   16|     ap_none|                                                    projection_input_793_reload|        scalar|
|projection_input_825_reload                                                            |   in|   16|     ap_none|                                                    projection_input_825_reload|        scalar|
|projection_input_857_reload                                                            |   in|   16|     ap_none|                                                    projection_input_857_reload|        scalar|
|projection_input_889_reload                                                            |   in|   16|     ap_none|                                                    projection_input_889_reload|        scalar|
|projection_input_698_reload                                                            |   in|   16|     ap_none|                                                    projection_input_698_reload|        scalar|
|projection_input_730_reload                                                            |   in|   16|     ap_none|                                                    projection_input_730_reload|        scalar|
|projection_input_762_reload                                                            |   in|   16|     ap_none|                                                    projection_input_762_reload|        scalar|
|projection_input_794_reload                                                            |   in|   16|     ap_none|                                                    projection_input_794_reload|        scalar|
|projection_input_826_reload                                                            |   in|   16|     ap_none|                                                    projection_input_826_reload|        scalar|
|projection_input_858_reload                                                            |   in|   16|     ap_none|                                                    projection_input_858_reload|        scalar|
|projection_input_890_reload                                                            |   in|   16|     ap_none|                                                    projection_input_890_reload|        scalar|
|projection_input_699_reload                                                            |   in|   16|     ap_none|                                                    projection_input_699_reload|        scalar|
|projection_input_731_reload                                                            |   in|   16|     ap_none|                                                    projection_input_731_reload|        scalar|
|projection_input_763_reload                                                            |   in|   16|     ap_none|                                                    projection_input_763_reload|        scalar|
|projection_input_795_reload                                                            |   in|   16|     ap_none|                                                    projection_input_795_reload|        scalar|
|projection_input_827_reload                                                            |   in|   16|     ap_none|                                                    projection_input_827_reload|        scalar|
|projection_input_859_reload                                                            |   in|   16|     ap_none|                                                    projection_input_859_reload|        scalar|
|projection_input_891_reload                                                            |   in|   16|     ap_none|                                                    projection_input_891_reload|        scalar|
|projection_input_700_reload                                                            |   in|   16|     ap_none|                                                    projection_input_700_reload|        scalar|
|projection_input_732_reload                                                            |   in|   16|     ap_none|                                                    projection_input_732_reload|        scalar|
|projection_input_764_reload                                                            |   in|   16|     ap_none|                                                    projection_input_764_reload|        scalar|
|projection_input_796_reload                                                            |   in|   16|     ap_none|                                                    projection_input_796_reload|        scalar|
|projection_input_828_reload                                                            |   in|   16|     ap_none|                                                    projection_input_828_reload|        scalar|
|projection_input_860_reload                                                            |   in|   16|     ap_none|                                                    projection_input_860_reload|        scalar|
|projection_input_892_reload                                                            |   in|   16|     ap_none|                                                    projection_input_892_reload|        scalar|
|projection_input_701_reload                                                            |   in|   16|     ap_none|                                                    projection_input_701_reload|        scalar|
|projection_input_733_reload                                                            |   in|   16|     ap_none|                                                    projection_input_733_reload|        scalar|
|projection_input_765_reload                                                            |   in|   16|     ap_none|                                                    projection_input_765_reload|        scalar|
|projection_input_797_reload                                                            |   in|   16|     ap_none|                                                    projection_input_797_reload|        scalar|
|projection_input_829_reload                                                            |   in|   16|     ap_none|                                                    projection_input_829_reload|        scalar|
|projection_input_861_reload                                                            |   in|   16|     ap_none|                                                    projection_input_861_reload|        scalar|
|projection_input_893_reload                                                            |   in|   16|     ap_none|                                                    projection_input_893_reload|        scalar|
|projection_input_702_reload                                                            |   in|   16|     ap_none|                                                    projection_input_702_reload|        scalar|
|projection_input_734_reload                                                            |   in|   16|     ap_none|                                                    projection_input_734_reload|        scalar|
|projection_input_766_reload                                                            |   in|   16|     ap_none|                                                    projection_input_766_reload|        scalar|
|projection_input_798_reload                                                            |   in|   16|     ap_none|                                                    projection_input_798_reload|        scalar|
|projection_input_830_reload                                                            |   in|   16|     ap_none|                                                    projection_input_830_reload|        scalar|
|projection_input_862_reload                                                            |   in|   16|     ap_none|                                                    projection_input_862_reload|        scalar|
|projection_input_894_reload                                                            |   in|   16|     ap_none|                                                    projection_input_894_reload|        scalar|
|projection_input_703_reload                                                            |   in|   16|     ap_none|                                                    projection_input_703_reload|        scalar|
|projection_input_735_reload                                                            |   in|   16|     ap_none|                                                    projection_input_735_reload|        scalar|
|projection_input_767_reload                                                            |   in|   16|     ap_none|                                                    projection_input_767_reload|        scalar|
|projection_input_799_reload                                                            |   in|   16|     ap_none|                                                    projection_input_799_reload|        scalar|
|projection_input_831_reload                                                            |   in|   16|     ap_none|                                                    projection_input_831_reload|        scalar|
|projection_input_863_reload                                                            |   in|   16|     ap_none|                                                    projection_input_863_reload|        scalar|
|projection_input_895_reload                                                            |   in|   16|     ap_none|                                                    projection_input_895_reload|        scalar|
|p_out                                                                                  |  out|   34|      ap_vld|                                                                          p_out|       pointer|
|p_out_ap_vld                                                                           |  out|    1|      ap_vld|                                                                          p_out|       pointer|
|p_out1                                                                                 |  out|   34|      ap_vld|                                                                         p_out1|       pointer|
|p_out1_ap_vld                                                                          |  out|    1|      ap_vld|                                                                         p_out1|       pointer|
|p_out2                                                                                 |  out|   34|      ap_vld|                                                                         p_out2|       pointer|
|p_out2_ap_vld                                                                          |  out|    1|      ap_vld|                                                                         p_out2|       pointer|
|p_out3                                                                                 |  out|   34|      ap_vld|                                                                         p_out3|       pointer|
|p_out3_ap_vld                                                                          |  out|    1|      ap_vld|                                                                         p_out3|       pointer|
|p_out4                                                                                 |  out|   34|      ap_vld|                                                                         p_out4|       pointer|
|p_out4_ap_vld                                                                          |  out|    1|      ap_vld|                                                                         p_out4|       pointer|
|p_out5                                                                                 |  out|   34|      ap_vld|                                                                         p_out5|       pointer|
|p_out5_ap_vld                                                                          |  out|    1|      ap_vld|                                                                         p_out5|       pointer|
|p_out6                                                                                 |  out|   34|      ap_vld|                                                                         p_out6|       pointer|
|p_out6_ap_vld                                                                          |  out|    1|      ap_vld|                                                                         p_out6|       pointer|
|p_out7                                                                                 |  out|   34|      ap_vld|                                                                         p_out7|       pointer|
|p_out7_ap_vld                                                                          |  out|    1|      ap_vld|                                                                         p_out7|       pointer|
|p_out8                                                                                 |  out|   34|      ap_vld|                                                                         p_out8|       pointer|
|p_out8_ap_vld                                                                          |  out|    1|      ap_vld|                                                                         p_out8|       pointer|
|p_out9                                                                                 |  out|   34|      ap_vld|                                                                         p_out9|       pointer|
|p_out9_ap_vld                                                                          |  out|    1|      ap_vld|                                                                         p_out9|       pointer|
|p_out10                                                                                |  out|   34|      ap_vld|                                                                        p_out10|       pointer|
|p_out10_ap_vld                                                                         |  out|    1|      ap_vld|                                                                        p_out10|       pointer|
|p_out11                                                                                |  out|   34|      ap_vld|                                                                        p_out11|       pointer|
|p_out11_ap_vld                                                                         |  out|    1|      ap_vld|                                                                        p_out11|       pointer|
|p_out12                                                                                |  out|   34|      ap_vld|                                                                        p_out12|       pointer|
|p_out12_ap_vld                                                                         |  out|    1|      ap_vld|                                                                        p_out12|       pointer|
|p_out13                                                                                |  out|   34|      ap_vld|                                                                        p_out13|       pointer|
|p_out13_ap_vld                                                                         |  out|    1|      ap_vld|                                                                        p_out13|       pointer|
|p_out14                                                                                |  out|   34|      ap_vld|                                                                        p_out14|       pointer|
|p_out14_ap_vld                                                                         |  out|    1|      ap_vld|                                                                        p_out14|       pointer|
|p_out15                                                                                |  out|   34|      ap_vld|                                                                        p_out15|       pointer|
|p_out15_ap_vld                                                                         |  out|    1|      ap_vld|                                                                        p_out15|       pointer|
|p_out16                                                                                |  out|   34|      ap_vld|                                                                        p_out16|       pointer|
|p_out16_ap_vld                                                                         |  out|    1|      ap_vld|                                                                        p_out16|       pointer|
|p_out17                                                                                |  out|   34|      ap_vld|                                                                        p_out17|       pointer|
|p_out17_ap_vld                                                                         |  out|    1|      ap_vld|                                                                        p_out17|       pointer|
|p_out18                                                                                |  out|   34|      ap_vld|                                                                        p_out18|       pointer|
|p_out18_ap_vld                                                                         |  out|    1|      ap_vld|                                                                        p_out18|       pointer|
|p_out19                                                                                |  out|   34|      ap_vld|                                                                        p_out19|       pointer|
|p_out19_ap_vld                                                                         |  out|    1|      ap_vld|                                                                        p_out19|       pointer|
|p_out20                                                                                |  out|   34|      ap_vld|                                                                        p_out20|       pointer|
|p_out20_ap_vld                                                                         |  out|    1|      ap_vld|                                                                        p_out20|       pointer|
|p_out21                                                                                |  out|   34|      ap_vld|                                                                        p_out21|       pointer|
|p_out21_ap_vld                                                                         |  out|    1|      ap_vld|                                                                        p_out21|       pointer|
|p_out22                                                                                |  out|   34|      ap_vld|                                                                        p_out22|       pointer|
|p_out22_ap_vld                                                                         |  out|    1|      ap_vld|                                                                        p_out22|       pointer|
|p_out23                                                                                |  out|   34|      ap_vld|                                                                        p_out23|       pointer|
|p_out23_ap_vld                                                                         |  out|    1|      ap_vld|                                                                        p_out23|       pointer|
|p_out24                                                                                |  out|   34|      ap_vld|                                                                        p_out24|       pointer|
|p_out24_ap_vld                                                                         |  out|    1|      ap_vld|                                                                        p_out24|       pointer|
|p_out25                                                                                |  out|   34|      ap_vld|                                                                        p_out25|       pointer|
|p_out25_ap_vld                                                                         |  out|    1|      ap_vld|                                                                        p_out25|       pointer|
|p_out26                                                                                |  out|   34|      ap_vld|                                                                        p_out26|       pointer|
|p_out26_ap_vld                                                                         |  out|    1|      ap_vld|                                                                        p_out26|       pointer|
|p_out27                                                                                |  out|   34|      ap_vld|                                                                        p_out27|       pointer|
|p_out27_ap_vld                                                                         |  out|    1|      ap_vld|                                                                        p_out27|       pointer|
|p_out28                                                                                |  out|   34|      ap_vld|                                                                        p_out28|       pointer|
|p_out28_ap_vld                                                                         |  out|    1|      ap_vld|                                                                        p_out28|       pointer|
|p_out29                                                                                |  out|   34|      ap_vld|                                                                        p_out29|       pointer|
|p_out29_ap_vld                                                                         |  out|    1|      ap_vld|                                                                        p_out29|       pointer|
|p_out30                                                                                |  out|   34|      ap_vld|                                                                        p_out30|       pointer|
|p_out30_ap_vld                                                                         |  out|    1|      ap_vld|                                                                        p_out30|       pointer|
|p_out31                                                                                |  out|   34|      ap_vld|                                                                        p_out31|       pointer|
|p_out31_ap_vld                                                                         |  out|    1|      ap_vld|                                                                        p_out31|       pointer|
|RunSubbandRealtimeTopCoreQ610_stream_stream_ap_uint_const_int_bool_stream_pr_address0  |  out|   11|   ap_memory|   RunSubbandRealtimeTopCoreQ610_stream_stream_ap_uint_const_int_bool_stream_pr|         array|
|RunSubbandRealtimeTopCoreQ610_stream_stream_ap_uint_const_int_bool_stream_pr_ce0       |  out|    1|   ap_memory|   RunSubbandRealtimeTopCoreQ610_stream_stream_ap_uint_const_int_bool_stream_pr|         array|
|RunSubbandRealtimeTopCoreQ610_stream_stream_ap_uint_const_int_bool_stream_pr_q0        |   in|  512|   ap_memory|   RunSubbandRealtimeTopCoreQ610_stream_stream_ap_uint_const_int_bool_stream_pr|         array|
+---------------------------------------------------------------------------------------+-----+-----+------------+-------------------------------------------------------------------------------+--------------+

