

================================================================
== Vitis HLS Report for 'p_anonymous_namespace_RunRealtimeBandQ610'
================================================================
* Date:           Thu May 14 12:27:36 2026

* Version:        2023.2 (Build 4023990 on Oct 11 2023)
* Project:        subband_q610_realtime_hls
* Solution:       solution1 (Vivado IP Flow Target)
* Product family: zynq
* Target device:  xc7z020-clg400-1


================================================================
== Performance Estimates
================================================================
+ Timing: 
    * Summary: 
    +--------+----------+----------+------------+
    |  Clock |  Target  | Estimated| Uncertainty|
    +--------+----------+----------+------------+
    |ap_clk  |  10.00 ns|  8.739 ns|     2.70 ns|
    +--------+----------+----------+------------+

+ Latency: 
    * Summary: 
    +---------+---------+----------+----------+-------+--------+---------+
    |  Latency (cycles) |  Latency (absolute) |    Interval    | Pipeline|
    |   min   |   max   |    min   |    max   |  min  |   max  |   Type  |
    +---------+---------+----------+----------+-------+--------+---------+
    |    15901|   293469|  0.159 ms|  2.935 ms|  15901|  293469|       no|
    +---------+---------+----------+----------+-------+--------+---------+

    + Detail: 
        * Instance: 
        +---------------------------------------------------------------------+----------------------------------------------------------+---------+---------+-----------+-----------+-------+--------+---------+
        |                                                                     |                                                          |  Latency (cycles) |   Latency (absolute)  |    Interval    | Pipeline|
        |                               Instance                              |                          Module                          |   min   |   max   |    min    |    max    |  min  |   max  |   Type  |
        +---------------------------------------------------------------------+----------------------------------------------------------+---------+---------+-----------+-----------+-------+--------+---------+
        |grp_p_anonymous_namespace_RunRealtimeGSULayersSharedBandQ610_fu_202  |p_anonymous_namespace_RunRealtimeGSULayersSharedBandQ610  |    13159|   166631|   0.132 ms|   1.666 ms|  13159|  166631|       no|
        |grp_p_anonymous_namespace_LoadRealtimeProjectionWeightsQ610_fu_277   |p_anonymous_namespace_LoadRealtimeProjectionWeightsQ610   |     2728|     2728|  27.280 us|  27.280 us|   2728|    2728|       no|
        |grp_p_anonymous_namespace_RunRealtimeProjectionBandQ610_fu_305       |p_anonymous_namespace_RunRealtimeProjectionBandQ610       |        9|   124105|  90.000 ns|   1.241 ms|      9|  124105|       no|
        +---------------------------------------------------------------------+----------------------------------------------------------+---------+---------+-----------+-----------+-------+--------+---------+

        * Loop: 
        N/A



================================================================
== Utilization Estimates
================================================================
* Summary: 
+-----------------+---------+-----+--------+-------+-----+
|       Name      | BRAM_18K| DSP |   FF   |  LUT  | URAM|
+-----------------+---------+-----+--------+-------+-----+
|DSP              |        -|    -|       -|      -|    -|
|Expression       |        -|    -|       0|     59|    -|
|FIFO             |        -|    -|       -|      -|    -|
|Instance         |      130|  168|   51100|  39934|    0|
|Memory           |       65|    -|     256|     48|    0|
|Multiplexer      |        -|    -|       -|    740|    -|
|Register         |        -|    -|      55|      -|    -|
+-----------------+---------+-----+--------+-------+-----+
|Total            |      195|  168|   51411|  40781|    0|
+-----------------+---------+-----+--------+-------+-----+
|Available        |      280|  220|  106400|  53200|    0|
+-----------------+---------+-----+--------+-------+-----+
|Utilization (%)  |       69|   76|      48|     76|    0|
+-----------------+---------+-----+--------+-------+-----+

+ Detail: 
    * Instance: 
    +---------------------------------------------------------------------+----------------------------------------------------------+---------+-----+-------+-------+-----+
    |                               Instance                              |                          Module                          | BRAM_18K| DSP |   FF  |  LUT  | URAM|
    +---------------------------------------------------------------------+----------------------------------------------------------+---------+-----+-------+-------+-----+
    |grp_p_anonymous_namespace_LoadRealtimeProjectionWeightsQ610_fu_277   |p_anonymous_namespace_LoadRealtimeProjectionWeightsQ610   |        0|    0|   4527|   2053|    0|
    |grp_p_anonymous_namespace_RunRealtimeGSULayersSharedBandQ610_fu_202  |p_anonymous_namespace_RunRealtimeGSULayersSharedBandQ610  |      130|  135|  37025|  31849|    0|
    |grp_p_anonymous_namespace_RunRealtimeProjectionBandQ610_fu_305       |p_anonymous_namespace_RunRealtimeProjectionBandQ610       |        0|   33|   9548|   6032|    0|
    +---------------------------------------------------------------------+----------------------------------------------------------+---------+-----+-------+-------+-----+
    |Total                                                                |                                                          |      130|  168|  51100|  39934|    0|
    +---------------------------------------------------------------------+----------------------------------------------------------+---------+-----+-------+-------+-----+

    * DSP: 
    N/A

    * Memory: 
    +----------------------------------------------------------------------------------+----------------------------------------------------------------------------------+---------+----+----+-----+------+-----+------+-------------+
    |                                      Memory                                      |                                      Module                                      | BRAM_18K| FF | LUT| URAM| Words| Bits| Banks| W*Bits*Banks|
    +----------------------------------------------------------------------------------+----------------------------------------------------------------------------------+---------+----+----+-----+------+-----+------+-------------+
    |RunSubbandRealtimeTopCoreQ610_stream_stream_ap_uint_const_int_bool_stream_pr_U    |p_anonymous_namespace_RunRealtimeBandQ610_RunSubbandRealtimeTopCoreQ610_strearcU  |       57|   0|   0|    0|  1344|  512|     1|       688128|
    |RunSubbandRealtimeTopCoreQ610_stream_stream_ap_uint_const_int_bool_stream_pr_8_U  |p_anonymous_namespace_RunRealtimeBandQ610_RunSubbandRealtimeTopCoreQ610_streasc4  |        0|  32|   6|    0|    24|   16|     1|          384|
    |RunSubbandRealtimeTopCoreQ610_stream_stream_ap_uint_const_int_bool_stream_pr_7_U  |p_anonymous_namespace_RunRealtimeBandQ610_RunSubbandRealtimeTopCoreQ610_streasc4  |        0|  32|   6|    0|    24|   16|     1|          384|
    |RunSubbandRealtimeTopCoreQ610_stream_stream_ap_uint_const_int_bool_stream_pr_6_U  |p_anonymous_namespace_RunRealtimeBandQ610_RunSubbandRealtimeTopCoreQ610_streasc4  |        0|  32|   6|    0|    24|   16|     1|          384|
    |RunSubbandRealtimeTopCoreQ610_stream_stream_ap_uint_const_int_bool_stream_pr_5_U  |p_anonymous_namespace_RunRealtimeBandQ610_RunSubbandRealtimeTopCoreQ610_streasc4  |        0|  32|   6|    0|    24|   16|     1|          384|
    |RunSubbandRealtimeTopCoreQ610_stream_stream_ap_uint_const_int_bool_stream_pr_4_U  |p_anonymous_namespace_RunRealtimeBandQ610_RunSubbandRealtimeTopCoreQ610_streasc4  |        0|  32|   6|    0|    24|   16|     1|          384|
    |RunSubbandRealtimeTopCoreQ610_stream_stream_ap_uint_const_int_bool_stream_pr_3_U  |p_anonymous_namespace_RunRealtimeBandQ610_RunSubbandRealtimeTopCoreQ610_streasc4  |        0|  32|   6|    0|    24|   16|     1|          384|
    |RunSubbandRealtimeTopCoreQ610_stream_stream_ap_uint_const_int_bool_stream_pr_2_U  |p_anonymous_namespace_RunRealtimeBandQ610_RunSubbandRealtimeTopCoreQ610_streasc4  |        0|  32|   6|    0|    24|   16|     1|          384|
    |RunSubbandRealtimeTopCoreQ610_stream_stream_ap_uint_const_int_bool_stream_pr_1_U  |p_anonymous_namespace_RunRealtimeBandQ610_RunSubbandRealtimeTopCoreQ610_streasc4  |        0|  32|   6|    0|    24|   16|     1|          384|
    |RunSubbandRealtimeTopCoreQ610_stream_stream_ap_uint_const_int_bool_stream_la_1_U  |p_anonymous_namespace_RunRealtimeGSULayersSharedBandQ610_RunSubbandRealtimeToncg  |        4|   0|   0|    0|  3584|   16|     1|        57344|
    |RunSubbandRealtimeTopCoreQ610_stream_stream_ap_uint_const_int_bool_stream_la_U    |p_anonymous_namespace_RunRealtimeGSULayersSharedBandQ610_RunSubbandRealtimeToncg  |        4|   0|   0|    0|  3584|   16|     1|        57344|
    +----------------------------------------------------------------------------------+----------------------------------------------------------------------------------+---------+----+----+-----+------+-----+------+-------------+
    |Total                                                                             |                                                                                  |       65| 256|  48|    0|  8704|  672|    11|       805888|
    +----------------------------------------------------------------------------------+----------------------------------------------------------------------------------+---------+----+----+-----+------+-----+------+-------------+

    * FIFO: 
    N/A

    * Expression: 
    +-------------------------+----------+----+---+----+------------+------------+
    |      Variable Name      | Operation| DSP| FF| LUT| Bitwidth P0| Bitwidth P1|
    +-------------------------+----------+----+---+----+------------+------------+
    |icmp_ln2407_1_fu_346_p2  |      icmp|   0|  0|  10|           2|           1|
    |icmp_ln2407_fu_340_p2    |      icmp|   0|  0|  10|           2|           1|
    |or_ln2407_fu_360_p2      |        or|   0|  0|   2|           1|           1|
    |select_ln2407_fu_352_p3  |    select|   0|  0|  18|           1|           1|
    |weight_offset_fu_366_p3  |    select|   0|  0|  19|           1|          19|
    +-------------------------+----------+----+---+----+------------+------------+
    |Total                    |          |   0|  0|  59|           7|          23|
    +-------------------------+----------+----+---+----+------------+------------+

    * Multiplexer: 
    +-----------------------------------------------------------------------------------------+----+-----------+-----+-----------+
    |                                           Name                                          | LUT| Input Size| Bits| Total Bits|
    +-----------------------------------------------------------------------------------------+----+-----------+-----+-----------+
    |RunSubbandRealtimeTopCoreQ610_stream_stream_ap_uint_const_int_bool_stream_la_1_ce0       |   9|          2|    1|          2|
    |RunSubbandRealtimeTopCoreQ610_stream_stream_ap_uint_const_int_bool_stream_la_1_ce1       |   9|          2|    1|          2|
    |RunSubbandRealtimeTopCoreQ610_stream_stream_ap_uint_const_int_bool_stream_la_1_we1       |   9|          2|    1|          2|
    |RunSubbandRealtimeTopCoreQ610_stream_stream_ap_uint_const_int_bool_stream_la_ce0         |   9|          2|    1|          2|
    |RunSubbandRealtimeTopCoreQ610_stream_stream_ap_uint_const_int_bool_stream_la_ce1         |   9|          2|    1|          2|
    |RunSubbandRealtimeTopCoreQ610_stream_stream_ap_uint_const_int_bool_stream_la_we1         |   9|          2|    1|          2|
    |RunSubbandRealtimeTopCoreQ610_stream_stream_ap_uint_const_int_bool_stream_pr_1_address0  |  14|          3|    5|         15|
    |RunSubbandRealtimeTopCoreQ610_stream_stream_ap_uint_const_int_bool_stream_pr_1_ce0       |  14|          3|    1|          3|
    |RunSubbandRealtimeTopCoreQ610_stream_stream_ap_uint_const_int_bool_stream_pr_1_ce1       |   9|          2|    1|          2|
    |RunSubbandRealtimeTopCoreQ610_stream_stream_ap_uint_const_int_bool_stream_pr_1_we0       |   9|          2|    1|          2|
    |RunSubbandRealtimeTopCoreQ610_stream_stream_ap_uint_const_int_bool_stream_pr_1_we1       |   9|          2|    1|          2|
    |RunSubbandRealtimeTopCoreQ610_stream_stream_ap_uint_const_int_bool_stream_pr_2_address0  |  14|          3|    5|         15|
    |RunSubbandRealtimeTopCoreQ610_stream_stream_ap_uint_const_int_bool_stream_pr_2_ce0       |  14|          3|    1|          3|
    |RunSubbandRealtimeTopCoreQ610_stream_stream_ap_uint_const_int_bool_stream_pr_2_ce1       |   9|          2|    1|          2|
    |RunSubbandRealtimeTopCoreQ610_stream_stream_ap_uint_const_int_bool_stream_pr_2_we0       |   9|          2|    1|          2|
    |RunSubbandRealtimeTopCoreQ610_stream_stream_ap_uint_const_int_bool_stream_pr_2_we1       |   9|          2|    1|          2|
    |RunSubbandRealtimeTopCoreQ610_stream_stream_ap_uint_const_int_bool_stream_pr_3_address0  |  14|          3|    5|         15|
    |RunSubbandRealtimeTopCoreQ610_stream_stream_ap_uint_const_int_bool_stream_pr_3_ce0       |  14|          3|    1|          3|
    |RunSubbandRealtimeTopCoreQ610_stream_stream_ap_uint_const_int_bool_stream_pr_3_ce1       |   9|          2|    1|          2|
    |RunSubbandRealtimeTopCoreQ610_stream_stream_ap_uint_const_int_bool_stream_pr_3_we0       |   9|          2|    1|          2|
    |RunSubbandRealtimeTopCoreQ610_stream_stream_ap_uint_const_int_bool_stream_pr_3_we1       |   9|          2|    1|          2|
    |RunSubbandRealtimeTopCoreQ610_stream_stream_ap_uint_const_int_bool_stream_pr_4_address0  |  14|          3|    5|         15|
    |RunSubbandRealtimeTopCoreQ610_stream_stream_ap_uint_const_int_bool_stream_pr_4_ce0       |  14|          3|    1|          3|
    |RunSubbandRealtimeTopCoreQ610_stream_stream_ap_uint_const_int_bool_stream_pr_4_ce1       |   9|          2|    1|          2|
    |RunSubbandRealtimeTopCoreQ610_stream_stream_ap_uint_const_int_bool_stream_pr_4_we0       |   9|          2|    1|          2|
    |RunSubbandRealtimeTopCoreQ610_stream_stream_ap_uint_const_int_bool_stream_pr_4_we1       |   9|          2|    1|          2|
    |RunSubbandRealtimeTopCoreQ610_stream_stream_ap_uint_const_int_bool_stream_pr_5_address0  |  14|          3|    5|         15|
    |RunSubbandRealtimeTopCoreQ610_stream_stream_ap_uint_const_int_bool_stream_pr_5_ce0       |  14|          3|    1|          3|
    |RunSubbandRealtimeTopCoreQ610_stream_stream_ap_uint_const_int_bool_stream_pr_5_ce1       |   9|          2|    1|          2|
    |RunSubbandRealtimeTopCoreQ610_stream_stream_ap_uint_const_int_bool_stream_pr_5_we0       |   9|          2|    1|          2|
    |RunSubbandRealtimeTopCoreQ610_stream_stream_ap_uint_const_int_bool_stream_pr_5_we1       |   9|          2|    1|          2|
    |RunSubbandRealtimeTopCoreQ610_stream_stream_ap_uint_const_int_bool_stream_pr_6_address0  |  14|          3|    5|         15|
    |RunSubbandRealtimeTopCoreQ610_stream_stream_ap_uint_const_int_bool_stream_pr_6_ce0       |  14|          3|    1|          3|
    |RunSubbandRealtimeTopCoreQ610_stream_stream_ap_uint_const_int_bool_stream_pr_6_ce1       |   9|          2|    1|          2|
    |RunSubbandRealtimeTopCoreQ610_stream_stream_ap_uint_const_int_bool_stream_pr_6_we0       |   9|          2|    1|          2|
    |RunSubbandRealtimeTopCoreQ610_stream_stream_ap_uint_const_int_bool_stream_pr_6_we1       |   9|          2|    1|          2|
    |RunSubbandRealtimeTopCoreQ610_stream_stream_ap_uint_const_int_bool_stream_pr_7_address0  |  14|          3|    5|         15|
    |RunSubbandRealtimeTopCoreQ610_stream_stream_ap_uint_const_int_bool_stream_pr_7_ce0       |  14|          3|    1|          3|
    |RunSubbandRealtimeTopCoreQ610_stream_stream_ap_uint_const_int_bool_stream_pr_7_ce1       |   9|          2|    1|          2|
    |RunSubbandRealtimeTopCoreQ610_stream_stream_ap_uint_const_int_bool_stream_pr_7_we0       |   9|          2|    1|          2|
    |RunSubbandRealtimeTopCoreQ610_stream_stream_ap_uint_const_int_bool_stream_pr_7_we1       |   9|          2|    1|          2|
    |RunSubbandRealtimeTopCoreQ610_stream_stream_ap_uint_const_int_bool_stream_pr_8_address0  |  14|          3|    5|         15|
    |RunSubbandRealtimeTopCoreQ610_stream_stream_ap_uint_const_int_bool_stream_pr_8_ce0       |  14|          3|    1|          3|
    |RunSubbandRealtimeTopCoreQ610_stream_stream_ap_uint_const_int_bool_stream_pr_8_ce1       |   9|          2|    1|          2|
    |RunSubbandRealtimeTopCoreQ610_stream_stream_ap_uint_const_int_bool_stream_pr_8_we0       |   9|          2|    1|          2|
    |RunSubbandRealtimeTopCoreQ610_stream_stream_ap_uint_const_int_bool_stream_pr_8_we1       |   9|          2|    1|          2|
    |RunSubbandRealtimeTopCoreQ610_stream_stream_ap_uint_const_int_bool_stream_pr_ce0         |   9|          2|    1|          2|
    |RunSubbandRealtimeTopCoreQ610_stream_stream_ap_uint_const_int_bool_stream_pr_ce1         |   9|          2|    1|          2|
    |RunSubbandRealtimeTopCoreQ610_stream_stream_ap_uint_const_int_bool_stream_pr_we1         |   9|          2|    1|          2|
    |ap_NS_fsm                                                                                |  37|          7|    1|          7|
    |m_axi_weights_ARADDR                                                                     |  14|          3|   32|         96|
    |m_axi_weights_ARBURST                                                                    |  14|          3|    2|          6|
    |m_axi_weights_ARCACHE                                                                    |  14|          3|    4|         12|
    |m_axi_weights_ARID                                                                       |  14|          3|    1|          3|
    |m_axi_weights_ARLEN                                                                      |  14|          3|   32|         96|
    |m_axi_weights_ARLOCK                                                                     |  14|          3|    2|          6|
    |m_axi_weights_ARPROT                                                                     |  14|          3|    3|          9|
    |m_axi_weights_ARQOS                                                                      |  14|          3|    4|         12|
    |m_axi_weights_ARREGION                                                                   |  14|          3|    4|         12|
    |m_axi_weights_ARSIZE                                                                     |  14|          3|    3|          9|
    |m_axi_weights_ARUSER                                                                     |  14|          3|    1|          3|
    |m_axi_weights_ARVALID                                                                    |  14|          3|    1|          3|
    |m_axi_weights_RREADY                                                                     |  14|          3|    1|          3|
    +-----------------------------------------------------------------------------------------+----+-----------+-----+-----------+
    |Total                                                                                    | 740|        160|  172|        487|
    +-----------------------------------------------------------------------------------------+----+-----------+-----+-----------+

    * Register: 
    +----------------------------------------------------------------------------------+----+----+-----+-----------+
    |                                       Name                                       | FF | LUT| Bits| Const Bits|
    +----------------------------------------------------------------------------------+----+----+-----+-----------+
    |ap_CS_fsm                                                                         |   6|   0|    6|          0|
    |grp_p_anonymous_namespace_LoadRealtimeProjectionWeightsQ610_fu_277_ap_start_reg   |   1|   0|    1|          0|
    |grp_p_anonymous_namespace_RunRealtimeGSULayersSharedBandQ610_fu_202_ap_start_reg  |   1|   0|    1|          0|
    |grp_p_anonymous_namespace_RunRealtimeProjectionBandQ610_fu_305_ap_start_reg       |   1|   0|    1|          0|
    |weight_offset_1_reg_425                                                           |  32|   0|   32|          0|
    |weight_offset_reg_420                                                             |  14|   0|   19|          5|
    +----------------------------------------------------------------------------------+----+----+-----+-----------+
    |Total                                                                             |  55|   0|   60|          5|
    +----------------------------------------------------------------------------------+----+----+-----+-----------+



================================================================
== Interface
================================================================
* Summary: 
+------------------------------------------------------------------------------------------+-----+-----+------------+---------------------------------------------------------------------------------+--------------+
|                                         RTL Ports                                        | Dir | Bits|  Protocol  |                                  Source Object                                  |    C Type    |
+------------------------------------------------------------------------------------------+-----+-----+------------+---------------------------------------------------------------------------------+--------------+
|ap_clk                                                                                    |   in|    1|  ap_ctrl_hs|                                         (anonymous namespace)RunRealtimeBandQ610|  return value|
|ap_rst                                                                                    |   in|    1|  ap_ctrl_hs|                                         (anonymous namespace)RunRealtimeBandQ610|  return value|
|ap_start                                                                                  |   in|    1|  ap_ctrl_hs|                                         (anonymous namespace)RunRealtimeBandQ610|  return value|
|ap_done                                                                                   |  out|    1|  ap_ctrl_hs|                                         (anonymous namespace)RunRealtimeBandQ610|  return value|
|ap_idle                                                                                   |  out|    1|  ap_ctrl_hs|                                         (anonymous namespace)RunRealtimeBandQ610|  return value|
|ap_ready                                                                                  |  out|    1|  ap_ctrl_hs|                                         (anonymous namespace)RunRealtimeBandQ610|  return value|
|p_read                                                                                    |   in|    2|     ap_none|                                                                           p_read|        scalar|
|p_read1                                                                                   |   in|    8|     ap_none|                                                                          p_read1|        scalar|
|p_read2                                                                                   |   in|    7|     ap_none|                                                                          p_read2|        scalar|
|p_read14                                                                                  |   in|    3|     ap_none|                                                                         p_read14|        scalar|
|p_read25                                                                                  |   in|    4|     ap_none|                                                                         p_read25|        scalar|
|p_read6                                                                                   |   in|    7|     ap_none|                                                                          p_read6|        scalar|
|p_read7                                                                                   |   in|    8|     ap_none|                                                                          p_read7|        scalar|
|p_read38                                                                                  |   in|    8|     ap_none|                                                                         p_read38|        scalar|
|m_axi_weights_AWVALID                                                                     |  out|    1|       m_axi|                                                                          weights|       pointer|
|m_axi_weights_AWREADY                                                                     |   in|    1|       m_axi|                                                                          weights|       pointer|
|m_axi_weights_AWADDR                                                                      |  out|   32|       m_axi|                                                                          weights|       pointer|
|m_axi_weights_AWID                                                                        |  out|    1|       m_axi|                                                                          weights|       pointer|
|m_axi_weights_AWLEN                                                                       |  out|   32|       m_axi|                                                                          weights|       pointer|
|m_axi_weights_AWSIZE                                                                      |  out|    3|       m_axi|                                                                          weights|       pointer|
|m_axi_weights_AWBURST                                                                     |  out|    2|       m_axi|                                                                          weights|       pointer|
|m_axi_weights_AWLOCK                                                                      |  out|    2|       m_axi|                                                                          weights|       pointer|
|m_axi_weights_AWCACHE                                                                     |  out|    4|       m_axi|                                                                          weights|       pointer|
|m_axi_weights_AWPROT                                                                      |  out|    3|       m_axi|                                                                          weights|       pointer|
|m_axi_weights_AWQOS                                                                       |  out|    4|       m_axi|                                                                          weights|       pointer|
|m_axi_weights_AWREGION                                                                    |  out|    4|       m_axi|                                                                          weights|       pointer|
|m_axi_weights_AWUSER                                                                      |  out|    1|       m_axi|                                                                          weights|       pointer|
|m_axi_weights_WVALID                                                                      |  out|    1|       m_axi|                                                                          weights|       pointer|
|m_axi_weights_WREADY                                                                      |   in|    1|       m_axi|                                                                          weights|       pointer|
|m_axi_weights_WDATA                                                                       |  out|  256|       m_axi|                                                                          weights|       pointer|
|m_axi_weights_WSTRB                                                                       |  out|   32|       m_axi|                                                                          weights|       pointer|
|m_axi_weights_WLAST                                                                       |  out|    1|       m_axi|                                                                          weights|       pointer|
|m_axi_weights_WID                                                                         |  out|    1|       m_axi|                                                                          weights|       pointer|
|m_axi_weights_WUSER                                                                       |  out|    1|       m_axi|                                                                          weights|       pointer|
|m_axi_weights_ARVALID                                                                     |  out|    1|       m_axi|                                                                          weights|       pointer|
|m_axi_weights_ARREADY                                                                     |   in|    1|       m_axi|                                                                          weights|       pointer|
|m_axi_weights_ARADDR                                                                      |  out|   32|       m_axi|                                                                          weights|       pointer|
|m_axi_weights_ARID                                                                        |  out|    1|       m_axi|                                                                          weights|       pointer|
|m_axi_weights_ARLEN                                                                       |  out|   32|       m_axi|                                                                          weights|       pointer|
|m_axi_weights_ARSIZE                                                                      |  out|    3|       m_axi|                                                                          weights|       pointer|
|m_axi_weights_ARBURST                                                                     |  out|    2|       m_axi|                                                                          weights|       pointer|
|m_axi_weights_ARLOCK                                                                      |  out|    2|       m_axi|                                                                          weights|       pointer|
|m_axi_weights_ARCACHE                                                                     |  out|    4|       m_axi|                                                                          weights|       pointer|
|m_axi_weights_ARPROT                                                                      |  out|    3|       m_axi|                                                                          weights|       pointer|
|m_axi_weights_ARQOS                                                                       |  out|    4|       m_axi|                                                                          weights|       pointer|
|m_axi_weights_ARREGION                                                                    |  out|    4|       m_axi|                                                                          weights|       pointer|
|m_axi_weights_ARUSER                                                                      |  out|    1|       m_axi|                                                                          weights|       pointer|
|m_axi_weights_RVALID                                                                      |   in|    1|       m_axi|                                                                          weights|       pointer|
|m_axi_weights_RREADY                                                                      |  out|    1|       m_axi|                                                                          weights|       pointer|
|m_axi_weights_RDATA                                                                       |   in|  256|       m_axi|                                                                          weights|       pointer|
|m_axi_weights_RLAST                                                                       |   in|    1|       m_axi|                                                                          weights|       pointer|
|m_axi_weights_RID                                                                         |   in|    1|       m_axi|                                                                          weights|       pointer|
|m_axi_weights_RFIFONUM                                                                    |   in|    5|       m_axi|                                                                          weights|       pointer|
|m_axi_weights_RUSER                                                                       |   in|    1|       m_axi|                                                                          weights|       pointer|
|m_axi_weights_RRESP                                                                       |   in|    2|       m_axi|                                                                          weights|       pointer|
|m_axi_weights_BVALID                                                                      |   in|    1|       m_axi|                                                                          weights|       pointer|
|m_axi_weights_BREADY                                                                      |  out|    1|       m_axi|                                                                          weights|       pointer|
|m_axi_weights_BRESP                                                                       |   in|    2|       m_axi|                                                                          weights|       pointer|
|m_axi_weights_BID                                                                         |   in|    1|       m_axi|                                                                          weights|       pointer|
|m_axi_weights_BUSER                                                                       |   in|    1|       m_axi|                                                                          weights|       pointer|
|weights_q610                                                                              |   in|   32|     ap_none|                                                                     weights_q610|        scalar|
|num_frames                                                                                |   in|    3|     ap_none|                                                                       num_frames|        scalar|
|noisy_chunk_address0                                                                      |  out|   10|   ap_memory|                                                                      noisy_chunk|         array|
|noisy_chunk_ce0                                                                           |  out|    1|   ap_memory|                                                                      noisy_chunk|         array|
|noisy_chunk_q0                                                                            |   in|   16|   ap_memory|                                                                      noisy_chunk|         array|
|fb_chunk_address0                                                                         |  out|   10|   ap_memory|                                                                         fb_chunk|         array|
|fb_chunk_ce0                                                                              |  out|    1|   ap_memory|                                                                         fb_chunk|         array|
|fb_chunk_q0                                                                               |   in|   16|   ap_memory|                                                                         fb_chunk|         array|
|RunSubbandRealtimeTopCoreQ610_stream_stream_ap_uint_const_int_bool_stream_la_9_address0   |  out|   12|   ap_memory|   RunSubbandRealtimeTopCoreQ610_stream_stream_ap_uint_const_int_bool_stream_la_9|         array|
|RunSubbandRealtimeTopCoreQ610_stream_stream_ap_uint_const_int_bool_stream_la_9_ce0        |  out|    1|   ap_memory|   RunSubbandRealtimeTopCoreQ610_stream_stream_ap_uint_const_int_bool_stream_la_9|         array|
|RunSubbandRealtimeTopCoreQ610_stream_stream_ap_uint_const_int_bool_stream_la_9_q0         |   in|   16|   ap_memory|   RunSubbandRealtimeTopCoreQ610_stream_stream_ap_uint_const_int_bool_stream_la_9|         array|
|RunSubbandRealtimeTopCoreQ610_stream_stream_ap_uint_const_int_bool_stream_la_9_address1   |  out|   12|   ap_memory|   RunSubbandRealtimeTopCoreQ610_stream_stream_ap_uint_const_int_bool_stream_la_9|         array|
|RunSubbandRealtimeTopCoreQ610_stream_stream_ap_uint_const_int_bool_stream_la_9_ce1        |  out|    1|   ap_memory|   RunSubbandRealtimeTopCoreQ610_stream_stream_ap_uint_const_int_bool_stream_la_9|         array|
|RunSubbandRealtimeTopCoreQ610_stream_stream_ap_uint_const_int_bool_stream_la_9_we1        |  out|    1|   ap_memory|   RunSubbandRealtimeTopCoreQ610_stream_stream_ap_uint_const_int_bool_stream_la_9|         array|
|RunSubbandRealtimeTopCoreQ610_stream_stream_ap_uint_const_int_bool_stream_la_9_d1         |  out|   16|   ap_memory|   RunSubbandRealtimeTopCoreQ610_stream_stream_ap_uint_const_int_bool_stream_la_9|         array|
|RunSubbandRealtimeTopCoreQ610_stream_stream_ap_uint_const_int_bool_stream_la_8_address0   |  out|   12|   ap_memory|   RunSubbandRealtimeTopCoreQ610_stream_stream_ap_uint_const_int_bool_stream_la_8|         array|
|RunSubbandRealtimeTopCoreQ610_stream_stream_ap_uint_const_int_bool_stream_la_8_ce0        |  out|    1|   ap_memory|   RunSubbandRealtimeTopCoreQ610_stream_stream_ap_uint_const_int_bool_stream_la_8|         array|
|RunSubbandRealtimeTopCoreQ610_stream_stream_ap_uint_const_int_bool_stream_la_8_q0         |   in|   16|   ap_memory|   RunSubbandRealtimeTopCoreQ610_stream_stream_ap_uint_const_int_bool_stream_la_8|         array|
|RunSubbandRealtimeTopCoreQ610_stream_stream_ap_uint_const_int_bool_stream_la_8_address1   |  out|   12|   ap_memory|   RunSubbandRealtimeTopCoreQ610_stream_stream_ap_uint_const_int_bool_stream_la_8|         array|
|RunSubbandRealtimeTopCoreQ610_stream_stream_ap_uint_const_int_bool_stream_la_8_ce1        |  out|    1|   ap_memory|   RunSubbandRealtimeTopCoreQ610_stream_stream_ap_uint_const_int_bool_stream_la_8|         array|
|RunSubbandRealtimeTopCoreQ610_stream_stream_ap_uint_const_int_bool_stream_la_8_we1        |  out|    1|   ap_memory|   RunSubbandRealtimeTopCoreQ610_stream_stream_ap_uint_const_int_bool_stream_la_8|         array|
|RunSubbandRealtimeTopCoreQ610_stream_stream_ap_uint_const_int_bool_stream_la_8_d1         |  out|   16|   ap_memory|   RunSubbandRealtimeTopCoreQ610_stream_stream_ap_uint_const_int_bool_stream_la_8|         array|
|RunSubbandRealtimeTopCoreQ610_stream_stream_ap_uint_const_int_bool_stream_la_11_address0  |  out|   12|   ap_memory|  RunSubbandRealtimeTopCoreQ610_stream_stream_ap_uint_const_int_bool_stream_la_11|         array|
|RunSubbandRealtimeTopCoreQ610_stream_stream_ap_uint_const_int_bool_stream_la_11_ce0       |  out|    1|   ap_memory|  RunSubbandRealtimeTopCoreQ610_stream_stream_ap_uint_const_int_bool_stream_la_11|         array|
|RunSubbandRealtimeTopCoreQ610_stream_stream_ap_uint_const_int_bool_stream_la_11_q0        |   in|   16|   ap_memory|  RunSubbandRealtimeTopCoreQ610_stream_stream_ap_uint_const_int_bool_stream_la_11|         array|
|RunSubbandRealtimeTopCoreQ610_stream_stream_ap_uint_const_int_bool_stream_la_11_address1  |  out|   12|   ap_memory|  RunSubbandRealtimeTopCoreQ610_stream_stream_ap_uint_const_int_bool_stream_la_11|         array|
|RunSubbandRealtimeTopCoreQ610_stream_stream_ap_uint_const_int_bool_stream_la_11_ce1       |  out|    1|   ap_memory|  RunSubbandRealtimeTopCoreQ610_stream_stream_ap_uint_const_int_bool_stream_la_11|         array|
|RunSubbandRealtimeTopCoreQ610_stream_stream_ap_uint_const_int_bool_stream_la_11_we1       |  out|    1|   ap_memory|  RunSubbandRealtimeTopCoreQ610_stream_stream_ap_uint_const_int_bool_stream_la_11|         array|
|RunSubbandRealtimeTopCoreQ610_stream_stream_ap_uint_const_int_bool_stream_la_11_d1        |  out|   16|   ap_memory|  RunSubbandRealtimeTopCoreQ610_stream_stream_ap_uint_const_int_bool_stream_la_11|         array|
|RunSubbandRealtimeTopCoreQ610_stream_stream_ap_uint_const_int_bool_stream_la_10_address0  |  out|   12|   ap_memory|  RunSubbandRealtimeTopCoreQ610_stream_stream_ap_uint_const_int_bool_stream_la_10|         array|
|RunSubbandRealtimeTopCoreQ610_stream_stream_ap_uint_const_int_bool_stream_la_10_ce0       |  out|    1|   ap_memory|  RunSubbandRealtimeTopCoreQ610_stream_stream_ap_uint_const_int_bool_stream_la_10|         array|
|RunSubbandRealtimeTopCoreQ610_stream_stream_ap_uint_const_int_bool_stream_la_10_q0        |   in|   16|   ap_memory|  RunSubbandRealtimeTopCoreQ610_stream_stream_ap_uint_const_int_bool_stream_la_10|         array|
|RunSubbandRealtimeTopCoreQ610_stream_stream_ap_uint_const_int_bool_stream_la_10_address1  |  out|   12|   ap_memory|  RunSubbandRealtimeTopCoreQ610_stream_stream_ap_uint_const_int_bool_stream_la_10|         array|
|RunSubbandRealtimeTopCoreQ610_stream_stream_ap_uint_const_int_bool_stream_la_10_ce1       |  out|    1|   ap_memory|  RunSubbandRealtimeTopCoreQ610_stream_stream_ap_uint_const_int_bool_stream_la_10|         array|
|RunSubbandRealtimeTopCoreQ610_stream_stream_ap_uint_const_int_bool_stream_la_10_we1       |  out|    1|   ap_memory|  RunSubbandRealtimeTopCoreQ610_stream_stream_ap_uint_const_int_bool_stream_la_10|         array|
|RunSubbandRealtimeTopCoreQ610_stream_stream_ap_uint_const_int_bool_stream_la_10_d1        |  out|   16|   ap_memory|  RunSubbandRealtimeTopCoreQ610_stream_stream_ap_uint_const_int_bool_stream_la_10|         array|
|RunSubbandRealtimeTopCoreQ610_stream_stream_ap_uint_const_int_bool_stream_la_3_address0   |  out|   12|   ap_memory|   RunSubbandRealtimeTopCoreQ610_stream_stream_ap_uint_const_int_bool_stream_la_3|         array|
|RunSubbandRealtimeTopCoreQ610_stream_stream_ap_uint_const_int_bool_stream_la_3_ce0        |  out|    1|   ap_memory|   RunSubbandRealtimeTopCoreQ610_stream_stream_ap_uint_const_int_bool_stream_la_3|         array|
|RunSubbandRealtimeTopCoreQ610_stream_stream_ap_uint_const_int_bool_stream_la_3_q0         |   in|   16|   ap_memory|   RunSubbandRealtimeTopCoreQ610_stream_stream_ap_uint_const_int_bool_stream_la_3|         array|
|RunSubbandRealtimeTopCoreQ610_stream_stream_ap_uint_const_int_bool_stream_la_3_address1   |  out|   12|   ap_memory|   RunSubbandRealtimeTopCoreQ610_stream_stream_ap_uint_const_int_bool_stream_la_3|         array|
|RunSubbandRealtimeTopCoreQ610_stream_stream_ap_uint_const_int_bool_stream_la_3_ce1        |  out|    1|   ap_memory|   RunSubbandRealtimeTopCoreQ610_stream_stream_ap_uint_const_int_bool_stream_la_3|         array|
|RunSubbandRealtimeTopCoreQ610_stream_stream_ap_uint_const_int_bool_stream_la_3_we1        |  out|    1|   ap_memory|   RunSubbandRealtimeTopCoreQ610_stream_stream_ap_uint_const_int_bool_stream_la_3|         array|
|RunSubbandRealtimeTopCoreQ610_stream_stream_ap_uint_const_int_bool_stream_la_3_d1         |  out|   16|   ap_memory|   RunSubbandRealtimeTopCoreQ610_stream_stream_ap_uint_const_int_bool_stream_la_3|         array|
|RunSubbandRealtimeTopCoreQ610_stream_stream_ap_uint_const_int_bool_stream_la_2_address0   |  out|   12|   ap_memory|   RunSubbandRealtimeTopCoreQ610_stream_stream_ap_uint_const_int_bool_stream_la_2|         array|
|RunSubbandRealtimeTopCoreQ610_stream_stream_ap_uint_const_int_bool_stream_la_2_ce0        |  out|    1|   ap_memory|   RunSubbandRealtimeTopCoreQ610_stream_stream_ap_uint_const_int_bool_stream_la_2|         array|
|RunSubbandRealtimeTopCoreQ610_stream_stream_ap_uint_const_int_bool_stream_la_2_q0         |   in|   16|   ap_memory|   RunSubbandRealtimeTopCoreQ610_stream_stream_ap_uint_const_int_bool_stream_la_2|         array|
|RunSubbandRealtimeTopCoreQ610_stream_stream_ap_uint_const_int_bool_stream_la_2_address1   |  out|   12|   ap_memory|   RunSubbandRealtimeTopCoreQ610_stream_stream_ap_uint_const_int_bool_stream_la_2|         array|
|RunSubbandRealtimeTopCoreQ610_stream_stream_ap_uint_const_int_bool_stream_la_2_ce1        |  out|    1|   ap_memory|   RunSubbandRealtimeTopCoreQ610_stream_stream_ap_uint_const_int_bool_stream_la_2|         array|
|RunSubbandRealtimeTopCoreQ610_stream_stream_ap_uint_const_int_bool_stream_la_2_we1        |  out|    1|   ap_memory|   RunSubbandRealtimeTopCoreQ610_stream_stream_ap_uint_const_int_bool_stream_la_2|         array|
|RunSubbandRealtimeTopCoreQ610_stream_stream_ap_uint_const_int_bool_stream_la_2_d1         |  out|   16|   ap_memory|   RunSubbandRealtimeTopCoreQ610_stream_stream_ap_uint_const_int_bool_stream_la_2|         array|
|RunSubbandRealtimeTopCoreQ610_stream_stream_ap_uint_const_int_bool_stream_la_5_address0   |  out|   12|   ap_memory|   RunSubbandRealtimeTopCoreQ610_stream_stream_ap_uint_const_int_bool_stream_la_5|         array|
|RunSubbandRealtimeTopCoreQ610_stream_stream_ap_uint_const_int_bool_stream_la_5_ce0        |  out|    1|   ap_memory|   RunSubbandRealtimeTopCoreQ610_stream_stream_ap_uint_const_int_bool_stream_la_5|         array|
|RunSubbandRealtimeTopCoreQ610_stream_stream_ap_uint_const_int_bool_stream_la_5_q0         |   in|   16|   ap_memory|   RunSubbandRealtimeTopCoreQ610_stream_stream_ap_uint_const_int_bool_stream_la_5|         array|
|RunSubbandRealtimeTopCoreQ610_stream_stream_ap_uint_const_int_bool_stream_la_5_address1   |  out|   12|   ap_memory|   RunSubbandRealtimeTopCoreQ610_stream_stream_ap_uint_const_int_bool_stream_la_5|         array|
|RunSubbandRealtimeTopCoreQ610_stream_stream_ap_uint_const_int_bool_stream_la_5_ce1        |  out|    1|   ap_memory|   RunSubbandRealtimeTopCoreQ610_stream_stream_ap_uint_const_int_bool_stream_la_5|         array|
|RunSubbandRealtimeTopCoreQ610_stream_stream_ap_uint_const_int_bool_stream_la_5_we1        |  out|    1|   ap_memory|   RunSubbandRealtimeTopCoreQ610_stream_stream_ap_uint_const_int_bool_stream_la_5|         array|
|RunSubbandRealtimeTopCoreQ610_stream_stream_ap_uint_const_int_bool_stream_la_5_d1         |  out|   16|   ap_memory|   RunSubbandRealtimeTopCoreQ610_stream_stream_ap_uint_const_int_bool_stream_la_5|         array|
|RunSubbandRealtimeTopCoreQ610_stream_stream_ap_uint_const_int_bool_stream_la_4_address0   |  out|   12|   ap_memory|   RunSubbandRealtimeTopCoreQ610_stream_stream_ap_uint_const_int_bool_stream_la_4|         array|
|RunSubbandRealtimeTopCoreQ610_stream_stream_ap_uint_const_int_bool_stream_la_4_ce0        |  out|    1|   ap_memory|   RunSubbandRealtimeTopCoreQ610_stream_stream_ap_uint_const_int_bool_stream_la_4|         array|
|RunSubbandRealtimeTopCoreQ610_stream_stream_ap_uint_const_int_bool_stream_la_4_q0         |   in|   16|   ap_memory|   RunSubbandRealtimeTopCoreQ610_stream_stream_ap_uint_const_int_bool_stream_la_4|         array|
|RunSubbandRealtimeTopCoreQ610_stream_stream_ap_uint_const_int_bool_stream_la_4_address1   |  out|   12|   ap_memory|   RunSubbandRealtimeTopCoreQ610_stream_stream_ap_uint_const_int_bool_stream_la_4|         array|
|RunSubbandRealtimeTopCoreQ610_stream_stream_ap_uint_const_int_bool_stream_la_4_ce1        |  out|    1|   ap_memory|   RunSubbandRealtimeTopCoreQ610_stream_stream_ap_uint_const_int_bool_stream_la_4|         array|
|RunSubbandRealtimeTopCoreQ610_stream_stream_ap_uint_const_int_bool_stream_la_4_we1        |  out|    1|   ap_memory|   RunSubbandRealtimeTopCoreQ610_stream_stream_ap_uint_const_int_bool_stream_la_4|         array|
|RunSubbandRealtimeTopCoreQ610_stream_stream_ap_uint_const_int_bool_stream_la_4_d1         |  out|   16|   ap_memory|   RunSubbandRealtimeTopCoreQ610_stream_stream_ap_uint_const_int_bool_stream_la_4|         array|
|output_chunk_address1                                                                     |  out|   13|   ap_memory|                                                                     output_chunk|         array|
|output_chunk_ce1                                                                          |  out|    1|   ap_memory|                                                                     output_chunk|         array|
|output_chunk_we1                                                                          |  out|    1|   ap_memory|                                                                     output_chunk|         array|
|output_chunk_d1                                                                           |  out|   16|   ap_memory|                                                                     output_chunk|         array|
+------------------------------------------------------------------------------------------+-----+-----+------------+---------------------------------------------------------------------------------+--------------+

