

================================================================
== Vitis HLS Report for 'p_anonymous_namespace_ReadRealtimeInputChunkQ610_Pipeline_VITIS_LOOP_2453_2'
================================================================
* Date:           Thu May 14 12:27:20 2026

* Version:        2023.2 (Build 4023990 on Oct 11 2023)
* Project:        subband_q610_realtime_hls
* Solution:       solution1 (Vivado IP Flow Target)
* Product family: zynq
* Target device:  xc7z020-clg400-1


================================================================
== Performance Estimates
================================================================
+ Timing: 
    * Summary: 
    +--------+----------+----------+------------+
    |  Clock |  Target  | Estimated| Uncertainty|
    +--------+----------+----------+------------+
    |ap_clk  |  10.00 ns|  7.665 ns|     2.70 ns|
    +--------+----------+----------+------------+

+ Latency: 
    * Summary: 
    +---------+---------+----------+----------+-----+-----+---------+
    |  Latency (cycles) |  Latency (absolute) |  Interval | Pipeline|
    |   min   |   max   |    min   |    max   | min | max |   Type  |
    +---------+---------+----------+----------+-----+-----+---------+
    |      258|      258|  2.580 us|  2.580 us|  258|  258|       no|
    +---------+---------+----------+----------+-----+-----+---------+

    + Detail: 
        * Instance: 
        N/A

        * Loop: 
        +---------------------+---------+---------+----------+-----------+-----------+------+----------+
        |                     |  Latency (cycles) | Iteration|  Initiation Interval  | Trip |          |
        |      Loop Name      |   min   |   max   |  Latency |  achieved |   target  | Count| Pipelined|
        +---------------------+---------+---------+----------+-----------+-----------+------+----------+
        |- VITIS_LOOP_2453_2  |      256|      256|         1|          1|          1|   256|       yes|
        +---------------------+---------+---------+----------+-----------+-----------+------+----------+



================================================================
== Utilization Estimates
================================================================
* Summary: 
+-----------------+---------+-----+--------+-------+-----+
|       Name      | BRAM_18K| DSP |   FF   |  LUT  | URAM|
+-----------------+---------+-----+--------+-------+-----+
|DSP              |        -|    -|       -|      -|    -|
|Expression       |        -|    -|       0|     29|    -|
|FIFO             |        -|    -|       -|      -|    -|
|Instance         |        -|    -|       -|      -|    -|
|Memory           |        -|    -|       -|      -|    -|
|Multiplexer      |        -|    -|       -|     36|    -|
|Register         |        -|    -|      11|      -|    -|
+-----------------+---------+-----+--------+-------+-----+
|Total            |        0|    0|      11|     65|    0|
+-----------------+---------+-----+--------+-------+-----+
|Available        |      280|  220|  106400|  53200|    0|
+-----------------+---------+-----+--------+-------+-----+
|Utilization (%)  |        0|    0|      ~0|     ~0|    0|
+-----------------+---------+-----+--------+-------+-----+

+ Detail: 
    * Instance: 
    N/A

    * DSP: 
    N/A

    * Memory: 
    N/A

    * FIFO: 
    N/A

    * Expression: 
    +----------------------------------+----------+----+---+----+------------+------------+
    |           Variable Name          | Operation| DSP| FF| LUT| Bitwidth P0| Bitwidth P1|
    +----------------------------------+----------+----+---+----+------------+------------+
    |add_ln2453_fu_115_p2              |         +|   0|  0|  14|           9|           1|
    |icmp_ln2453_fu_109_p2             |      icmp|   0|  0|  13|           9|          10|
    |ap_block_state1_pp0_stage0_iter0  |        or|   0|  0|   2|           1|           1|
    +----------------------------------+----------+----+---+----+------------+------------+
    |Total                             |          |   0|  0|  29|          19|          12|
    +----------------------------------+----------+----+---+----+------------+------------+

    * Multiplexer: 
    +-------------------------------+----+-----------+-----+-----------+
    |              Name             | LUT| Input Size| Bits| Total Bits|
    +-------------------------------+----+-----------+-----+-----------+
    |ap_done_int                    |   9|          2|    1|          2|
    |ap_sig_allocacmp_freq_index_2  |   9|          2|    9|         18|
    |freq_index_fu_62               |   9|          2|    9|         18|
    |noisy_fft_stream_TDATA_blk_n   |   9|          2|    1|          2|
    +-------------------------------+----+-----------+-----+-----------+
    |Total                          |  36|          8|   20|         40|
    +-------------------------------+----+-----------+-----+-----------+

    * Register: 
    +------------------+---+----+-----+-----------+
    |       Name       | FF| LUT| Bits| Const Bits|
    +------------------+---+----+-----+-----------+
    |ap_CS_fsm         |  1|   0|    1|          0|
    |ap_done_reg       |  1|   0|    1|          0|
    |freq_index_fu_62  |  9|   0|    9|          0|
    +------------------+---+----+-----+-----------+
    |Total             | 11|   0|   11|          0|
    +------------------+---+----+-----+-----------+



================================================================
== Interface
================================================================
* Summary: 
+-------------------------+-----+-----+------------+----------------------------------------------------------------------------+--------------+
|        RTL Ports        | Dir | Bits|  Protocol  |                                Source Object                               |    C Type    |
+-------------------------+-----+-----+------------+----------------------------------------------------------------------------+--------------+
|ap_clk                   |   in|    1|  ap_ctrl_hs|  (anonymous namespace)ReadRealtimeInputChunkQ610_Pipeline_VITIS_LOOP_2453_2|  return value|
|ap_rst                   |   in|    1|  ap_ctrl_hs|  (anonymous namespace)ReadRealtimeInputChunkQ610_Pipeline_VITIS_LOOP_2453_2|  return value|
|ap_start                 |   in|    1|  ap_ctrl_hs|  (anonymous namespace)ReadRealtimeInputChunkQ610_Pipeline_VITIS_LOOP_2453_2|  return value|
|ap_done                  |  out|    1|  ap_ctrl_hs|  (anonymous namespace)ReadRealtimeInputChunkQ610_Pipeline_VITIS_LOOP_2453_2|  return value|
|ap_idle                  |  out|    1|  ap_ctrl_hs|  (anonymous namespace)ReadRealtimeInputChunkQ610_Pipeline_VITIS_LOOP_2453_2|  return value|
|ap_ready                 |  out|    1|  ap_ctrl_hs|  (anonymous namespace)ReadRealtimeInputChunkQ610_Pipeline_VITIS_LOOP_2453_2|  return value|
|noisy_fft_stream_TVALID  |   in|    1|        axis|                                                   noisy_fft_stream_V_data_V|       pointer|
|noisy_fft_stream_TDATA   |   in|   16|        axis|                                                   noisy_fft_stream_V_data_V|       pointer|
|noisy_fft_stream_TREADY  |  out|    1|        axis|                                                   noisy_fft_stream_V_last_V|       pointer|
|noisy_fft_stream_TLAST   |   in|    1|        axis|                                                   noisy_fft_stream_V_last_V|       pointer|
|noisy_fft_stream_TKEEP   |   in|    2|        axis|                                                   noisy_fft_stream_V_keep_V|       pointer|
|noisy_fft_stream_TSTRB   |   in|    2|        axis|                                                   noisy_fft_stream_V_strb_V|       pointer|
|empty                    |   in|    2|     ap_none|                                                                       empty|        scalar|
|noisy_chunk_address1     |  out|   10|   ap_memory|                                                                 noisy_chunk|         array|
|noisy_chunk_ce1          |  out|    1|   ap_memory|                                                                 noisy_chunk|         array|
|noisy_chunk_we1          |  out|    1|   ap_memory|                                                                 noisy_chunk|         array|
|noisy_chunk_d1           |  out|   16|   ap_memory|                                                                 noisy_chunk|         array|
+-------------------------+-----+-----+------------+----------------------------------------------------------------------------+--------------+

