

================================================================
== Vitis HLS Report for 'p_anonymous_namespace_LoadRealtimeGSULayerWeightsQ610_Pipeline_VITIS_LOOP_2513_1_s'
================================================================
* Date:           Thu May 14 12:27:21 2026

* Version:        2023.2 (Build 4023990 on Oct 11 2023)
* Project:        subband_q610_realtime_hls
* Solution:       solution1 (Vivado IP Flow Target)
* Product family: zynq
* Target device:  xc7z020-clg400-1


================================================================
== Performance Estimates
================================================================
+ Timing: 
    * Summary: 
    +--------+----------+----------+------------+
    |  Clock |  Target  | Estimated| Uncertainty|
    +--------+----------+----------+------------+
    |ap_clk  |  10.00 ns|  8.254 ns|     2.70 ns|
    +--------+----------+----------+------------+

+ Latency: 
    * Summary: 
    +---------+---------+-----------+-----------+------+------+---------+
    |  Latency (cycles) |   Latency (absolute)  |   Interval  | Pipeline|
    |   min   |   max   |    min    |    max    |  min |  max |   Type  |
    +---------+---------+-----------+-----------+------+------+---------+
    |     3149|     3149|  31.490 us|  31.490 us|  3149|  3149|       no|
    +---------+---------+-----------+-----------+------+------+---------+

    + Detail: 
        * Instance: 
        N/A

        * Loop: 
        +---------------------------------------+---------+---------+----------+-----------+-----------+------+----------+
        |                                       |  Latency (cycles) | Iteration|  Initiation Interval  | Trip |          |
        |               Loop Name               |   min   |   max   |  Latency |  achieved |   target  | Count| Pipelined|
        +---------------------------------------+---------+---------+----------+-----------+-----------+------+----------+
        |- VITIS_LOOP_2513_1_VITIS_LOOP_2514_2  |     3147|     3147|        14|          2|          1|  1568|       yes|
        +---------------------------------------+---------+---------+----------+-----------+-----------+------+----------+



================================================================
== Utilization Estimates
================================================================
* Summary: 
+-----------------+---------+-----+--------+-------+-----+
|       Name      | BRAM_18K| DSP |   FF   |  LUT  | URAM|
+-----------------+---------+-----+--------+-------+-----+
|DSP              |        -|    -|       -|      -|    -|
|Expression       |        -|    -|       0|    514|    -|
|FIFO             |        -|    -|       -|      -|    -|
|Instance         |        -|    -|       -|      -|    -|
|Memory           |        -|    -|       -|      -|    -|
|Multiplexer      |        -|    -|       -|    127|    -|
|Register         |        -|    -|    1174|     96|    -|
+-----------------+---------+-----+--------+-------+-----+
|Total            |        0|    0|    1174|    737|    0|
+-----------------+---------+-----+--------+-------+-----+
|Available        |      280|  220|  106400|  53200|    0|
+-----------------+---------+-----+--------+-------+-----+
|Utilization (%)  |        0|    0|       1|      1|    0|
+-----------------+---------+-----+--------+-------+-----+

+ Detail: 
    * Instance: 
    N/A

    * DSP: 
    N/A

    * Memory: 
    N/A

    * FIFO: 
    N/A

    * Expression: 
    +---------------------------+----------+----+---+----+------------+------------+
    |       Variable Name       | Operation| DSP| FF| LUT| Bitwidth P0| Bitwidth P1|
    +---------------------------+----------+----+---+----+------------+------------+
    |add_ln2373_5_fu_340_p2     |         +|   0|  0|  32|          32|          32|
    |add_ln2373_6_fu_335_p2     |         +|   0|  0|  32|          32|          32|
    |add_ln2373_fu_434_p2       |         +|   0|  0|  39|          32|           5|
    |add_ln2513_1_fu_214_p2     |         +|   0|  0|  12|          11|           1|
    |add_ln2513_fu_226_p2       |         +|   0|  0|  15|           8|           1|
    |add_ln2514_fu_308_p2       |         +|   0|  0|  15|           8|           6|
    |add_ln2517_fu_419_p2       |         +|   0|  0|  39|          32|          32|
    |add_ln2519_fu_478_p2       |         +|   0|  0|  39|          32|          32|
    |add_ln2527_fu_539_p2       |         +|   0|  0|  10|          10|          10|
    |empty_fu_292_p2            |         -|   0|  0|  24|          17|          17|
    |sub_ln2373_6_fu_389_p2     |         -|   0|  0|  34|           1|          27|
    |sub_ln2373_7_fu_366_p2     |         -|   0|  0|  38|           6|          31|
    |sub_ln2373_8_fu_447_p2     |         -|   0|  0|  34|           1|          27|
    |sub_ln2373_fu_350_p2       |         -|   0|  0|  38|           1|          31|
    |sub_ln2527_fu_530_p2       |         -|   0|  0|  10|          10|          10|
    |icmp_ln2513_fu_208_p2      |      icmp|   0|  0|  12|          11|          10|
    |icmp_ln2514_fu_232_p2      |      icmp|   0|  0|  15|           8|           7|
    |ap_block_pp0_stage0_11001  |        or|   0|  0|   2|           1|           1|
    |ap_block_pp0_stage1_11001  |        or|   0|  0|   2|           1|           1|
    |select_ln2373_3_fu_462_p3  |    select|   0|  0|  27|           1|          27|
    |select_ln2373_fu_403_p3    |    select|   0|  0|  27|           1|          27|
    |select_ln2513_1_fu_246_p3  |    select|   0|  0|   8|           1|           8|
    |select_ln2513_fu_238_p3    |    select|   0|  0|   8|           1|           1|
    |ap_enable_pp0              |       xor|   0|  0|   2|           1|           2|
    +---------------------------+----------+----+---+----+------------+------------+
    |Total                      |          |   0|  0| 514|         259|         378|
    +---------------------------+----------+----+---+----+------------+------------+

    * Multiplexer: 
    +--------------------------------------+----+-----------+-----+-----------+
    |                 Name                 | LUT| Input Size| Bits| Total Bits|
    +--------------------------------------+----+-----------+-----+-----------+
    |ap_NS_fsm                             |  14|          3|    1|          3|
    |ap_done_int                           |   9|          2|    1|          2|
    |ap_enable_reg_pp0_iter0               |   9|          2|    1|          2|
    |ap_enable_reg_pp0_iter1               |   9|          2|    1|          2|
    |ap_sig_allocacmp_col_base_load        |   9|          2|    8|         16|
    |ap_sig_allocacmp_indvar_flatten_load  |   9|          2|   11|         22|
    |ap_sig_allocacmp_row_load             |   9|          2|    8|         16|
    |col_base_fu_108                       |   9|          2|    8|         16|
    |indvar_flatten_fu_116                 |   9|          2|   11|         22|
    |m_axi_weights_ARADDR                  |  14|          3|   32|         96|
    |row_fu_112                            |   9|          2|    8|         16|
    |weights_blk_n_AR                      |   9|          2|    1|          2|
    |weights_blk_n_R                       |   9|          2|    1|          2|
    +--------------------------------------+----+-----------+-----+-----------+
    |Total                                 | 127|         28|   92|        217|
    +--------------------------------------+----+-----------+-----+-----------+

    * Register: 
    +----------------------------------+-----+----+-----+-----------+
    |               Name               |  FF | LUT| Bits| Const Bits|
    +----------------------------------+-----+----+-----+-----------+
    |add_ln2373_5_reg_612              |   32|   0|   32|          0|
    |ap_CS_fsm                         |    2|   0|    2|          0|
    |ap_done_reg                       |    1|   0|    1|          0|
    |ap_enable_reg_pp0_iter0_reg       |    1|   0|    1|          0|
    |ap_enable_reg_pp0_iter1           |    1|   0|    1|          0|
    |ap_enable_reg_pp0_iter2           |    1|   0|    1|          0|
    |ap_enable_reg_pp0_iter3           |    1|   0|    1|          0|
    |ap_enable_reg_pp0_iter4           |    1|   0|    1|          0|
    |ap_enable_reg_pp0_iter5           |    1|   0|    1|          0|
    |ap_enable_reg_pp0_iter6           |    1|   0|    1|          0|
    |ap_loop_exit_ready_pp0_iter1_reg  |    1|   0|    1|          0|
    |ap_loop_exit_ready_pp0_iter2_reg  |    1|   0|    1|          0|
    |ap_loop_exit_ready_pp0_iter3_reg  |    1|   0|    1|          0|
    |ap_loop_exit_ready_pp0_iter4_reg  |    1|   0|    1|          0|
    |ap_loop_exit_ready_pp0_iter5_reg  |    1|   0|    1|          0|
    |col_base_fu_108                   |    8|   0|    8|          0|
    |empty_reg_602                     |   12|   0|   17|          5|
    |icmp_ln2513_reg_583               |    1|   0|    1|          0|
    |indvar_flatten_fu_116             |   11|   0|   11|          0|
    |lshr_ln4_reg_607                  |    3|   0|    3|          0|
    |lshr_ln_reg_596                   |    7|   0|    7|          0|
    |row_fu_112                        |    8|   0|    8|          0|
    |select_ln2513_reg_587             |    8|   0|    8|          0|
    |tmp_reg_656                       |  512|   0|  512|          0|
    |trunc_ln2373_2_reg_624            |   27|   0|   27|          0|
    |trunc_ln2373_9_reg_619            |   27|   0|   27|          0|
    |trunc_ln2513_reg_592              |    1|   0|    1|          0|
    |trunc_ln6_reg_634                 |   27|   0|   27|          0|
    |trunc_ln_reg_629                  |   27|   0|   27|          0|
    |word_lo_reg_651                   |  256|   0|  256|          0|
    |lshr_ln4_reg_607                  |   64|  32|    3|          0|
    |lshr_ln_reg_596                   |   64|  32|    7|          0|
    |trunc_ln2513_reg_592              |   64|  32|    1|          0|
    +----------------------------------+-----+----+-----+-----------+
    |Total                             | 1174|  96|  998|          5|
    +----------------------------------+-----+----+-----+-----------+



================================================================
== Interface
================================================================
* Summary: 
+-----------------------------------------------------------------------------------------+-----+-----+------------+----------------------------------------------------------------------------------+--------------+
|                                        RTL Ports                                        | Dir | Bits|  Protocol  |                                   Source Object                                  |    C Type    |
+-----------------------------------------------------------------------------------------+-----+-----+------------+----------------------------------------------------------------------------------+--------------+
|ap_clk                                                                                   |   in|    1|  ap_ctrl_hs|  (anonymous namespace)LoadRealtimeGSULayerWeightsQ610_Pipeline_VITIS_LOOP_2513_1_|  return value|
|ap_rst                                                                                   |   in|    1|  ap_ctrl_hs|  (anonymous namespace)LoadRealtimeGSULayerWeightsQ610_Pipeline_VITIS_LOOP_2513_1_|  return value|
|ap_start                                                                                 |   in|    1|  ap_ctrl_hs|  (anonymous namespace)LoadRealtimeGSULayerWeightsQ610_Pipeline_VITIS_LOOP_2513_1_|  return value|
|ap_done                                                                                  |  out|    1|  ap_ctrl_hs|  (anonymous namespace)LoadRealtimeGSULayerWeightsQ610_Pipeline_VITIS_LOOP_2513_1_|  return value|
|ap_idle                                                                                  |  out|    1|  ap_ctrl_hs|  (anonymous namespace)LoadRealtimeGSULayerWeightsQ610_Pipeline_VITIS_LOOP_2513_1_|  return value|
|ap_ready                                                                                 |  out|    1|  ap_ctrl_hs|  (anonymous namespace)LoadRealtimeGSULayerWeightsQ610_Pipeline_VITIS_LOOP_2513_1_|  return value|
|m_axi_weights_AWVALID                                                                    |  out|    1|       m_axi|                                                                           weights|       pointer|
|m_axi_weights_AWREADY                                                                    |   in|    1|       m_axi|                                                                           weights|       pointer|
|m_axi_weights_AWADDR                                                                     |  out|   32|       m_axi|                                                                           weights|       pointer|
|m_axi_weights_AWID                                                                       |  out|    1|       m_axi|                                                                           weights|       pointer|
|m_axi_weights_AWLEN                                                                      |  out|   32|       m_axi|                                                                           weights|       pointer|
|m_axi_weights_AWSIZE                                                                     |  out|    3|       m_axi|                                                                           weights|       pointer|
|m_axi_weights_AWBURST                                                                    |  out|    2|       m_axi|                                                                           weights|       pointer|
|m_axi_weights_AWLOCK                                                                     |  out|    2|       m_axi|                                                                           weights|       pointer|
|m_axi_weights_AWCACHE                                                                    |  out|    4|       m_axi|                                                                           weights|       pointer|
|m_axi_weights_AWPROT                                                                     |  out|    3|       m_axi|                                                                           weights|       pointer|
|m_axi_weights_AWQOS                                                                      |  out|    4|       m_axi|                                                                           weights|       pointer|
|m_axi_weights_AWREGION                                                                   |  out|    4|       m_axi|                                                                           weights|       pointer|
|m_axi_weights_AWUSER                                                                     |  out|    1|       m_axi|                                                                           weights|       pointer|
|m_axi_weights_WVALID                                                                     |  out|    1|       m_axi|                                                                           weights|       pointer|
|m_axi_weights_WREADY                                                                     |   in|    1|       m_axi|                                                                           weights|       pointer|
|m_axi_weights_WDATA                                                                      |  out|  256|       m_axi|                                                                           weights|       pointer|
|m_axi_weights_WSTRB                                                                      |  out|   32|       m_axi|                                                                           weights|       pointer|
|m_axi_weights_WLAST                                                                      |  out|    1|       m_axi|                                                                           weights|       pointer|
|m_axi_weights_WID                                                                        |  out|    1|       m_axi|                                                                           weights|       pointer|
|m_axi_weights_WUSER                                                                      |  out|    1|       m_axi|                                                                           weights|       pointer|
|m_axi_weights_ARVALID                                                                    |  out|    1|       m_axi|                                                                           weights|       pointer|
|m_axi_weights_ARREADY                                                                    |   in|    1|       m_axi|                                                                           weights|       pointer|
|m_axi_weights_ARADDR                                                                     |  out|   32|       m_axi|                                                                           weights|       pointer|
|m_axi_weights_ARID                                                                       |  out|    1|       m_axi|                                                                           weights|       pointer|
|m_axi_weights_ARLEN                                                                      |  out|   32|       m_axi|                                                                           weights|       pointer|
|m_axi_weights_ARSIZE                                                                     |  out|    3|       m_axi|                                                                           weights|       pointer|
|m_axi_weights_ARBURST                                                                    |  out|    2|       m_axi|                                                                           weights|       pointer|
|m_axi_weights_ARLOCK                                                                     |  out|    2|       m_axi|                                                                           weights|       pointer|
|m_axi_weights_ARCACHE                                                                    |  out|    4|       m_axi|                                                                           weights|       pointer|
|m_axi_weights_ARPROT                                                                     |  out|    3|       m_axi|                                                                           weights|       pointer|
|m_axi_weights_ARQOS                                                                      |  out|    4|       m_axi|                                                                           weights|       pointer|
|m_axi_weights_ARREGION                                                                   |  out|    4|       m_axi|                                                                           weights|       pointer|
|m_axi_weights_ARUSER                                                                     |  out|    1|       m_axi|                                                                           weights|       pointer|
|m_axi_weights_RVALID                                                                     |   in|    1|       m_axi|                                                                           weights|       pointer|
|m_axi_weights_RREADY                                                                     |  out|    1|       m_axi|                                                                           weights|       pointer|
|m_axi_weights_RDATA                                                                      |   in|  256|       m_axi|                                                                           weights|       pointer|
|m_axi_weights_RLAST                                                                      |   in|    1|       m_axi|                                                                           weights|       pointer|
|m_axi_weights_RID                                                                        |   in|    1|       m_axi|                                                                           weights|       pointer|
|m_axi_weights_RFIFONUM                                                                   |   in|    5|       m_axi|                                                                           weights|       pointer|
|m_axi_weights_RUSER                                                                      |   in|    1|       m_axi|                                                                           weights|       pointer|
|m_axi_weights_RRESP                                                                      |   in|    2|       m_axi|                                                                           weights|       pointer|
|m_axi_weights_BVALID                                                                     |   in|    1|       m_axi|                                                                           weights|       pointer|
|m_axi_weights_BREADY                                                                     |  out|    1|       m_axi|                                                                           weights|       pointer|
|m_axi_weights_BRESP                                                                      |   in|    2|       m_axi|                                                                           weights|       pointer|
|m_axi_weights_BID                                                                        |   in|    1|       m_axi|                                                                           weights|       pointer|
|m_axi_weights_BUSER                                                                      |   in|    1|       m_axi|                                                                           weights|       pointer|
|weight_offset_read                                                                       |   in|   32|     ap_none|                                                                weight_offset_read|        scalar|
|weights_q610                                                                             |   in|   32|     ap_none|                                                                      weights_q610|        scalar|
|RunSubbandRealtimeTopCoreQ610_stream_stream_ap_uint_const_int_bool_stream_we_1_address1  |  out|   10|   ap_memory|    RunSubbandRealtimeTopCoreQ610_stream_stream_ap_uint_const_int_bool_stream_we_1|         array|
|RunSubbandRealtimeTopCoreQ610_stream_stream_ap_uint_const_int_bool_stream_we_1_ce1       |  out|    1|   ap_memory|    RunSubbandRealtimeTopCoreQ610_stream_stream_ap_uint_const_int_bool_stream_we_1|         array|
|RunSubbandRealtimeTopCoreQ610_stream_stream_ap_uint_const_int_bool_stream_we_1_we1       |  out|    1|   ap_memory|    RunSubbandRealtimeTopCoreQ610_stream_stream_ap_uint_const_int_bool_stream_we_1|         array|
|RunSubbandRealtimeTopCoreQ610_stream_stream_ap_uint_const_int_bool_stream_we_1_d1        |  out|  512|   ap_memory|    RunSubbandRealtimeTopCoreQ610_stream_stream_ap_uint_const_int_bool_stream_we_1|         array|
|RunSubbandRealtimeTopCoreQ610_stream_stream_ap_uint_const_int_bool_stream_we_address1    |  out|   10|   ap_memory|      RunSubbandRealtimeTopCoreQ610_stream_stream_ap_uint_const_int_bool_stream_we|         array|
|RunSubbandRealtimeTopCoreQ610_stream_stream_ap_uint_const_int_bool_stream_we_ce1         |  out|    1|   ap_memory|      RunSubbandRealtimeTopCoreQ610_stream_stream_ap_uint_const_int_bool_stream_we|         array|
|RunSubbandRealtimeTopCoreQ610_stream_stream_ap_uint_const_int_bool_stream_we_we1         |  out|    1|   ap_memory|      RunSubbandRealtimeTopCoreQ610_stream_stream_ap_uint_const_int_bool_stream_we|         array|
|RunSubbandRealtimeTopCoreQ610_stream_stream_ap_uint_const_int_bool_stream_we_d1          |  out|  512|   ap_memory|      RunSubbandRealtimeTopCoreQ610_stream_stream_ap_uint_const_int_bool_stream_we|         array|
+-----------------------------------------------------------------------------------------+-----+-----+------------+----------------------------------------------------------------------------------+--------------+

