

================================================================
== Vitis HLS Report for 'p_anonymous_namespace_LoadRealtimeGSULayerWeightsQ610_Pipeline_VITIS_LOOP_2555_9_s'
================================================================
* Date:           Thu May 14 12:27:21 2026

* Version:        2023.2 (Build 4023990 on Oct 11 2023)
* Project:        subband_q610_realtime_hls
* Solution:       solution1 (Vivado IP Flow Target)
* Product family: zynq
* Target device:  xc7z020-clg400-1


================================================================
== Performance Estimates
================================================================
+ Timing: 
    * Summary: 
    +--------+----------+----------+------------+
    |  Clock |  Target  | Estimated| Uncertainty|
    +--------+----------+----------+------------+
    |ap_clk  |  10.00 ns|  8.254 ns|     2.70 ns|
    +--------+----------+----------+------------+

+ Latency: 
    * Summary: 
    +---------+---------+----------+----------+-----+-----+---------+
    |  Latency (cycles) |  Latency (absolute) |  Interval | Pipeline|
    |   min   |   max   |    min   |    max   | min | max |   Type  |
    +---------+---------+----------+----------+-----+-----+---------+
    |      125|      125|  1.250 us|  1.250 us|  125|  125|       no|
    +---------+---------+----------+----------+-----+-----+---------+

    + Detail: 
        * Instance: 
        N/A

        * Loop: 
        +----------------------------------------+---------+---------+----------+-----------+-----------+------+----------+
        |                                        |  Latency (cycles) | Iteration|  Initiation Interval  | Trip |          |
        |                Loop Name               |   min   |   max   |  Latency |  achieved |   target  | Count| Pipelined|
        +----------------------------------------+---------+---------+----------+-----------+-----------+------+----------+
        |- VITIS_LOOP_2555_9_VITIS_LOOP_2556_10  |      123|      123|        16|          4|          1|    28|       yes|
        +----------------------------------------+---------+---------+----------+-----------+-----------+------+----------+



================================================================
== Utilization Estimates
================================================================
* Summary: 
+-----------------+---------+-----+--------+-------+-----+
|       Name      | BRAM_18K| DSP |   FF   |  LUT  | URAM|
+-----------------+---------+-----+--------+-------+-----+
|DSP              |        -|    -|       -|      -|    -|
|Expression       |        -|    -|       0|    473|    -|
|FIFO             |        -|    -|       -|      -|    -|
|Instance         |        -|    -|       -|      -|    -|
|Memory           |        -|    -|       -|      -|    -|
|Multiplexer      |        -|    -|       -|    324|    -|
|Register         |        -|    -|     521|     64|    -|
+-----------------+---------+-----+--------+-------+-----+
|Total            |        0|    0|     521|    861|    0|
+-----------------+---------+-----+--------+-------+-----+
|Available        |      280|  220|  106400|  53200|    0|
+-----------------+---------+-----+--------+-------+-----+
|Utilization (%)  |        0|    0|      ~0|      1|    0|
+-----------------+---------+-----+--------+-------+-----+

+ Detail: 
    * Instance: 
    N/A

    * DSP: 
    N/A

    * Memory: 
    N/A

    * FIFO: 
    N/A

    * Expression: 
    +---------------------------+----------+----+---+----+------------+------------+
    |       Variable Name       | Operation| DSP| FF| LUT| Bitwidth P0| Bitwidth P1|
    +---------------------------+----------+----+---+----+------------+------------+
    |add_ln2373_4_fu_502_p2     |         +|   0|  0|  32|          32|          32|
    |add_ln2373_fu_482_p2       |         +|   0|  0|  32|          32|          32|
    |add_ln2555_1_fu_374_p2     |         +|   0|  0|  13|           5|           1|
    |add_ln2555_fu_386_p2       |         +|   0|  0|  10|           2|           1|
    |add_ln2556_fu_458_p2       |         +|   0|  0|  15|           8|           5|
    |add_ln2559_fu_565_p2       |         +|   0|  0|  39|          32|          32|
    |add_ln2562_1_fu_775_p2     |         +|   0|  0|  15|           8|           8|
    |add_ln2562_2_fu_796_p2     |         +|   0|  0|  15|           8|           8|
    |add_ln2562_3_fu_816_p2     |         +|   0|  0|  15|           8|           8|
    |add_ln2562_4_fu_836_p2     |         +|   0|  0|  15|           8|           8|
    |add_ln2562_5_fu_856_p2     |         +|   0|  0|  15|           8|           8|
    |add_ln2562_6_fu_876_p2     |         +|   0|  0|  15|           8|           8|
    |add_ln2562_7_fu_896_p2     |         +|   0|  0|  15|           8|           8|
    |add_ln2562_fu_754_p2       |         +|   0|  0|  15|           8|           8|
    |empty_644_fu_442_p2        |         -|   0|  0|  13|          10|          10|
    |sub_ln2373_7_fu_535_p2     |         -|   0|  0|  34|           1|          27|
    |sub_ln2373_fu_512_p2       |         -|   0|  0|  38|           1|          31|
    |ap_block_state4_io         |       and|   0|  0|   2|           1|           1|
    |icmp_ln2555_fu_368_p2      |      icmp|   0|  0|  13|           5|           4|
    |icmp_ln2556_fu_392_p2      |      icmp|   0|  0|  15|           8|           7|
    |ap_block_pp0_stage3_11001  |        or|   0|  0|   2|           1|           1|
    |or_ln2562_1_fu_787_p2      |        or|   0|  0|   7|           7|           2|
    |or_ln2562_2_fu_807_p2      |        or|   0|  0|   7|           7|           2|
    |or_ln2562_3_fu_827_p2      |        or|   0|  0|   7|           7|           3|
    |or_ln2562_4_fu_847_p2      |        or|   0|  0|   7|           7|           3|
    |or_ln2562_5_fu_867_p2      |        or|   0|  0|   7|           7|           3|
    |or_ln2562_6_fu_887_p2      |        or|   0|  0|   7|           7|           3|
    |or_ln2562_fu_766_p2        |        or|   0|  0|   7|           7|           1|
    |select_ln2373_fu_549_p3    |    select|   0|  0|  27|           1|          27|
    |select_ln2555_1_fu_406_p3  |    select|   0|  0|   2|           1|           2|
    |select_ln2555_fu_398_p3    |    select|   0|  0|   8|           1|           8|
    |select_ln2557_fu_744_p3    |    select|   0|  0|   7|           1|           7|
    |ap_enable_pp0              |       xor|   0|  0|   2|           1|           2|
    +---------------------------+----------+----+---+----+------------+------------+
    |Total                      |          |   0|  0| 473|         256|         311|
    +---------------------------+----------+----+---+----+------------+------------+

    * Multiplexer: 
    +-----------------------------------------------------------------------------------------+----+-----------+-----+-----------+
    |                                           Name                                          | LUT| Input Size| Bits| Total Bits|
    +-----------------------------------------------------------------------------------------+----+-----------+-----+-----------+
    |RunSubbandRealtimeTopCoreQ610_stream_stream_ap_uint_const_int_bool_stream_bi_1_address0  |  25|          5|    8|         40|
    |RunSubbandRealtimeTopCoreQ610_stream_stream_ap_uint_const_int_bool_stream_bi_1_address1  |  25|          5|    8|         40|
    |RunSubbandRealtimeTopCoreQ610_stream_stream_ap_uint_const_int_bool_stream_bi_1_d0        |  25|          5|   16|         80|
    |RunSubbandRealtimeTopCoreQ610_stream_stream_ap_uint_const_int_bool_stream_bi_1_d1        |  25|          5|   16|         80|
    |RunSubbandRealtimeTopCoreQ610_stream_stream_ap_uint_const_int_bool_stream_bi_address0    |  25|          5|    8|         40|
    |RunSubbandRealtimeTopCoreQ610_stream_stream_ap_uint_const_int_bool_stream_bi_address1    |  25|          5|    8|         40|
    |RunSubbandRealtimeTopCoreQ610_stream_stream_ap_uint_const_int_bool_stream_bi_d0          |  25|          5|   16|         80|
    |RunSubbandRealtimeTopCoreQ610_stream_stream_ap_uint_const_int_bool_stream_bi_d1          |  25|          5|   16|         80|
    |ap_NS_fsm                                                                                |  25|          5|    1|          5|
    |ap_done_int                                                                              |   9|          2|    1|          2|
    |ap_enable_reg_pp0_iter0                                                                  |   9|          2|    1|          2|
    |ap_enable_reg_pp0_iter1                                                                  |   9|          2|    1|          2|
    |ap_sig_allocacmp_gate_index_load                                                         |   9|          2|    2|          4|
    |ap_sig_allocacmp_hidden_base_1_load                                                      |   9|          2|    8|         16|
    |ap_sig_allocacmp_indvar_flatten13_load                                                   |   9|          2|    5|         10|
    |gate_index_fu_172                                                                        |   9|          2|    2|          4|
    |hidden_base_1_fu_168                                                                     |   9|          2|    8|         16|
    |indvar_flatten13_fu_176                                                                  |   9|          2|    5|         10|
    |weights_blk_n_AR                                                                         |   9|          2|    1|          2|
    |weights_blk_n_R                                                                          |   9|          2|    1|          2|
    +-----------------------------------------------------------------------------------------+----+-----------+-----+-----------+
    |Total                                                                                    | 324|         67|  132|        555|
    +-----------------------------------------------------------------------------------------+----+-----------+-----+-----------+

    * Register: 
    +----------------------------------+----+----+-----+-----------+
    |               Name               | FF | LUT| Bits| Const Bits|
    +----------------------------------+----+----+-----+-----------+
    |add_ln2373_4_reg_969              |  32|   0|   32|          0|
    |ap_CS_fsm                         |   4|   0|    4|          0|
    |ap_done_reg                       |   1|   0|    1|          0|
    |ap_enable_reg_pp0_iter0_reg       |   1|   0|    1|          0|
    |ap_enable_reg_pp0_iter1           |   1|   0|    1|          0|
    |ap_enable_reg_pp0_iter2           |   1|   0|    1|          0|
    |ap_enable_reg_pp0_iter3           |   1|   0|    1|          0|
    |ap_loop_exit_ready_pp0_iter1_reg  |   1|   0|    1|          0|
    |ap_loop_exit_ready_pp0_iter2_reg  |   1|   0|    1|          0|
    |empty_644_reg_952                 |   5|   0|   10|          5|
    |empty_reg_947                     |   1|   0|    1|          0|
    |gate_index_fu_172                 |   2|   0|    2|          0|
    |hidden_base_1_fu_168              |   8|   0|    8|          0|
    |icmp_ln2555_reg_938               |   1|   0|    1|          0|
    |indvar_flatten13_fu_176           |   5|   0|    5|          0|
    |lshr_ln7_reg_957                  |   7|   0|    7|          0|
    |select_ln2555_reg_942             |   8|   0|    8|          0|
    |select_ln2557_reg_1071            |   3|   0|    8|          5|
    |trunc_ln2373_s_reg_975            |  27|   0|   27|          0|
    |trunc_ln_reg_980                  |  27|   0|   27|          0|
    |value_71_reg_996                  |  16|   0|   16|          0|
    |value_72_reg_1001                 |  16|   0|   16|          0|
    |value_73_reg_1006                 |  16|   0|   16|          0|
    |value_74_reg_1011                 |  16|   0|   16|          0|
    |value_75_reg_1016                 |  16|   0|   16|          0|
    |value_76_reg_1021                 |  16|   0|   16|          0|
    |value_77_reg_1026                 |  16|   0|   16|          0|
    |value_78_reg_1031                 |  16|   0|   16|          0|
    |value_79_reg_1036                 |  16|   0|   16|          0|
    |value_80_reg_1041                 |  16|   0|   16|          0|
    |value_81_reg_1046                 |  16|   0|   16|          0|
    |value_82_reg_1051                 |  16|   0|   16|          0|
    |value_83_reg_1056                 |  16|   0|   16|          0|
    |value_84_reg_1061                 |  16|   0|   16|          0|
    |value_85_reg_1066                 |  16|   0|   16|          0|
    |value_reg_991                     |  16|   0|   16|          0|
    |empty_reg_947                     |  64|  32|    1|          0|
    |lshr_ln7_reg_957                  |  64|  32|    7|          0|
    +----------------------------------+----+----+-----+-----------+
    |Total                             | 521|  64|  411|         10|
    +----------------------------------+----+----+-----+-----------+



================================================================
== Interface
================================================================
* Summary: 
+-----------------------------------------------------------------------------------------+-----+-----+------------+----------------------------------------------------------------------------------+--------------+
|                                        RTL Ports                                        | Dir | Bits|  Protocol  |                                   Source Object                                  |    C Type    |
+-----------------------------------------------------------------------------------------+-----+-----+------------+----------------------------------------------------------------------------------+--------------+
|ap_clk                                                                                   |   in|    1|  ap_ctrl_hs|  (anonymous namespace)LoadRealtimeGSULayerWeightsQ610_Pipeline_VITIS_LOOP_2555_9_|  return value|
|ap_rst                                                                                   |   in|    1|  ap_ctrl_hs|  (anonymous namespace)LoadRealtimeGSULayerWeightsQ610_Pipeline_VITIS_LOOP_2555_9_|  return value|
|ap_start                                                                                 |   in|    1|  ap_ctrl_hs|  (anonymous namespace)LoadRealtimeGSULayerWeightsQ610_Pipeline_VITIS_LOOP_2555_9_|  return value|
|ap_done                                                                                  |  out|    1|  ap_ctrl_hs|  (anonymous namespace)LoadRealtimeGSULayerWeightsQ610_Pipeline_VITIS_LOOP_2555_9_|  return value|
|ap_idle                                                                                  |  out|    1|  ap_ctrl_hs|  (anonymous namespace)LoadRealtimeGSULayerWeightsQ610_Pipeline_VITIS_LOOP_2555_9_|  return value|
|ap_ready                                                                                 |  out|    1|  ap_ctrl_hs|  (anonymous namespace)LoadRealtimeGSULayerWeightsQ610_Pipeline_VITIS_LOOP_2555_9_|  return value|
|m_axi_weights_AWVALID                                                                    |  out|    1|       m_axi|                                                                           weights|       pointer|
|m_axi_weights_AWREADY                                                                    |   in|    1|       m_axi|                                                                           weights|       pointer|
|m_axi_weights_AWADDR                                                                     |  out|   32|       m_axi|                                                                           weights|       pointer|
|m_axi_weights_AWID                                                                       |  out|    1|       m_axi|                                                                           weights|       pointer|
|m_axi_weights_AWLEN                                                                      |  out|   32|       m_axi|                                                                           weights|       pointer|
|m_axi_weights_AWSIZE                                                                     |  out|    3|       m_axi|                                                                           weights|       pointer|
|m_axi_weights_AWBURST                                                                    |  out|    2|       m_axi|                                                                           weights|       pointer|
|m_axi_weights_AWLOCK                                                                     |  out|    2|       m_axi|                                                                           weights|       pointer|
|m_axi_weights_AWCACHE                                                                    |  out|    4|       m_axi|                                                                           weights|       pointer|
|m_axi_weights_AWPROT                                                                     |  out|    3|       m_axi|                                                                           weights|       pointer|
|m_axi_weights_AWQOS                                                                      |  out|    4|       m_axi|                                                                           weights|       pointer|
|m_axi_weights_AWREGION                                                                   |  out|    4|       m_axi|                                                                           weights|       pointer|
|m_axi_weights_AWUSER                                                                     |  out|    1|       m_axi|                                                                           weights|       pointer|
|m_axi_weights_WVALID                                                                     |  out|    1|       m_axi|                                                                           weights|       pointer|
|m_axi_weights_WREADY                                                                     |   in|    1|       m_axi|                                                                           weights|       pointer|
|m_axi_weights_WDATA                                                                      |  out|  256|       m_axi|                                                                           weights|       pointer|
|m_axi_weights_WSTRB                                                                      |  out|   32|       m_axi|                                                                           weights|       pointer|
|m_axi_weights_WLAST                                                                      |  out|    1|       m_axi|                                                                           weights|       pointer|
|m_axi_weights_WID                                                                        |  out|    1|       m_axi|                                                                           weights|       pointer|
|m_axi_weights_WUSER                                                                      |  out|    1|       m_axi|                                                                           weights|       pointer|
|m_axi_weights_ARVALID                                                                    |  out|    1|       m_axi|                                                                           weights|       pointer|
|m_axi_weights_ARREADY                                                                    |   in|    1|       m_axi|                                                                           weights|       pointer|
|m_axi_weights_ARADDR                                                                     |  out|   32|       m_axi|                                                                           weights|       pointer|
|m_axi_weights_ARID                                                                       |  out|    1|       m_axi|                                                                           weights|       pointer|
|m_axi_weights_ARLEN                                                                      |  out|   32|       m_axi|                                                                           weights|       pointer|
|m_axi_weights_ARSIZE                                                                     |  out|    3|       m_axi|                                                                           weights|       pointer|
|m_axi_weights_ARBURST                                                                    |  out|    2|       m_axi|                                                                           weights|       pointer|
|m_axi_weights_ARLOCK                                                                     |  out|    2|       m_axi|                                                                           weights|       pointer|
|m_axi_weights_ARCACHE                                                                    |  out|    4|       m_axi|                                                                           weights|       pointer|
|m_axi_weights_ARPROT                                                                     |  out|    3|       m_axi|                                                                           weights|       pointer|
|m_axi_weights_ARQOS                                                                      |  out|    4|       m_axi|                                                                           weights|       pointer|
|m_axi_weights_ARREGION                                                                   |  out|    4|       m_axi|                                                                           weights|       pointer|
|m_axi_weights_ARUSER                                                                     |  out|    1|       m_axi|                                                                           weights|       pointer|
|m_axi_weights_RVALID                                                                     |   in|    1|       m_axi|                                                                           weights|       pointer|
|m_axi_weights_RREADY                                                                     |  out|    1|       m_axi|                                                                           weights|       pointer|
|m_axi_weights_RDATA                                                                      |   in|  256|       m_axi|                                                                           weights|       pointer|
|m_axi_weights_RLAST                                                                      |   in|    1|       m_axi|                                                                           weights|       pointer|
|m_axi_weights_RID                                                                        |   in|    1|       m_axi|                                                                           weights|       pointer|
|m_axi_weights_RFIFONUM                                                                   |   in|    5|       m_axi|                                                                           weights|       pointer|
|m_axi_weights_RUSER                                                                      |   in|    1|       m_axi|                                                                           weights|       pointer|
|m_axi_weights_RRESP                                                                      |   in|    2|       m_axi|                                                                           weights|       pointer|
|m_axi_weights_BVALID                                                                     |   in|    1|       m_axi|                                                                           weights|       pointer|
|m_axi_weights_BREADY                                                                     |  out|    1|       m_axi|                                                                           weights|       pointer|
|m_axi_weights_BRESP                                                                      |   in|    2|       m_axi|                                                                           weights|       pointer|
|m_axi_weights_BID                                                                        |   in|    1|       m_axi|                                                                           weights|       pointer|
|m_axi_weights_BUSER                                                                      |   in|    1|       m_axi|                                                                           weights|       pointer|
|weight_offset_read                                                                       |   in|   32|     ap_none|                                                                weight_offset_read|        scalar|
|weights_q610                                                                             |   in|   32|     ap_none|                                                                      weights_q610|        scalar|
|RunSubbandRealtimeTopCoreQ610_stream_stream_ap_uint_const_int_bool_stream_bi_1_address0  |  out|    8|   ap_memory|    RunSubbandRealtimeTopCoreQ610_stream_stream_ap_uint_const_int_bool_stream_bi_1|         array|
|RunSubbandRealtimeTopCoreQ610_stream_stream_ap_uint_const_int_bool_stream_bi_1_ce0       |  out|    1|   ap_memory|    RunSubbandRealtimeTopCoreQ610_stream_stream_ap_uint_const_int_bool_stream_bi_1|         array|
|RunSubbandRealtimeTopCoreQ610_stream_stream_ap_uint_const_int_bool_stream_bi_1_we0       |  out|    1|   ap_memory|    RunSubbandRealtimeTopCoreQ610_stream_stream_ap_uint_const_int_bool_stream_bi_1|         array|
|RunSubbandRealtimeTopCoreQ610_stream_stream_ap_uint_const_int_bool_stream_bi_1_d0        |  out|   16|   ap_memory|    RunSubbandRealtimeTopCoreQ610_stream_stream_ap_uint_const_int_bool_stream_bi_1|         array|
|RunSubbandRealtimeTopCoreQ610_stream_stream_ap_uint_const_int_bool_stream_bi_1_address1  |  out|    8|   ap_memory|    RunSubbandRealtimeTopCoreQ610_stream_stream_ap_uint_const_int_bool_stream_bi_1|         array|
|RunSubbandRealtimeTopCoreQ610_stream_stream_ap_uint_const_int_bool_stream_bi_1_ce1       |  out|    1|   ap_memory|    RunSubbandRealtimeTopCoreQ610_stream_stream_ap_uint_const_int_bool_stream_bi_1|         array|
|RunSubbandRealtimeTopCoreQ610_stream_stream_ap_uint_const_int_bool_stream_bi_1_we1       |  out|    1|   ap_memory|    RunSubbandRealtimeTopCoreQ610_stream_stream_ap_uint_const_int_bool_stream_bi_1|         array|
|RunSubbandRealtimeTopCoreQ610_stream_stream_ap_uint_const_int_bool_stream_bi_1_d1        |  out|   16|   ap_memory|    RunSubbandRealtimeTopCoreQ610_stream_stream_ap_uint_const_int_bool_stream_bi_1|         array|
|RunSubbandRealtimeTopCoreQ610_stream_stream_ap_uint_const_int_bool_stream_bi_address0    |  out|    8|   ap_memory|      RunSubbandRealtimeTopCoreQ610_stream_stream_ap_uint_const_int_bool_stream_bi|         array|
|RunSubbandRealtimeTopCoreQ610_stream_stream_ap_uint_const_int_bool_stream_bi_ce0         |  out|    1|   ap_memory|      RunSubbandRealtimeTopCoreQ610_stream_stream_ap_uint_const_int_bool_stream_bi|         array|
|RunSubbandRealtimeTopCoreQ610_stream_stream_ap_uint_const_int_bool_stream_bi_we0         |  out|    1|   ap_memory|      RunSubbandRealtimeTopCoreQ610_stream_stream_ap_uint_const_int_bool_stream_bi|         array|
|RunSubbandRealtimeTopCoreQ610_stream_stream_ap_uint_const_int_bool_stream_bi_d0          |  out|   16|   ap_memory|      RunSubbandRealtimeTopCoreQ610_stream_stream_ap_uint_const_int_bool_stream_bi|         array|
|RunSubbandRealtimeTopCoreQ610_stream_stream_ap_uint_const_int_bool_stream_bi_address1    |  out|    8|   ap_memory|      RunSubbandRealtimeTopCoreQ610_stream_stream_ap_uint_const_int_bool_stream_bi|         array|
|RunSubbandRealtimeTopCoreQ610_stream_stream_ap_uint_const_int_bool_stream_bi_ce1         |  out|    1|   ap_memory|      RunSubbandRealtimeTopCoreQ610_stream_stream_ap_uint_const_int_bool_stream_bi|         array|
|RunSubbandRealtimeTopCoreQ610_stream_stream_ap_uint_const_int_bool_stream_bi_we1         |  out|    1|   ap_memory|      RunSubbandRealtimeTopCoreQ610_stream_stream_ap_uint_const_int_bool_stream_bi|         array|
|RunSubbandRealtimeTopCoreQ610_stream_stream_ap_uint_const_int_bool_stream_bi_d1          |  out|   16|   ap_memory|      RunSubbandRealtimeTopCoreQ610_stream_stream_ap_uint_const_int_bool_stream_bi|         array|
+-----------------------------------------------------------------------------------------+-----+-----+------------+----------------------------------------------------------------------------------+--------------+

