

================================================================
== Vitis HLS Report for 'p_anonymous_namespace_RunRealtimeGSUMacPhaseFixedQ610_Pipeline_VITIS_LOOP_2713_29'
================================================================
* Date:           Thu May 14 12:27:27 2026

* Version:        2023.2 (Build 4023990 on Oct 11 2023)
* Project:        subband_q610_realtime_hls
* Solution:       solution1 (Vivado IP Flow Target)
* Product family: zynq
* Target device:  xc7z020-clg400-1


================================================================
== Performance Estimates
================================================================
+ Timing: 
    * Summary: 
    +--------+----------+----------+------------+
    |  Clock |  Target  | Estimated| Uncertainty|
    +--------+----------+----------+------------+
    |ap_clk  |  10.00 ns|  6.573 ns|     2.70 ns|
    +--------+----------+----------+------------+

+ Latency: 
    * Summary: 
    +---------+---------+----------+----------+-----+-----+---------+
    |  Latency (cycles) |  Latency (absolute) |  Interval | Pipeline|
    |   min   |   max   |    min   |    max   | min | max |   Type  |
    +---------+---------+----------+----------+-----+-----+---------+
    |       11|       11|  0.110 us|  0.110 us|   11|   11|       no|
    +---------+---------+----------+----------+-----+-----+---------+

    + Detail: 
        * Instance: 
        N/A

        * Loop: 
        +---------------------+---------+---------+----------+-----------+-----------+------+----------+
        |                     |  Latency (cycles) | Iteration|  Initiation Interval  | Trip |          |
        |      Loop Name      |   min   |   max   |  Latency |  achieved |   target  | Count| Pipelined|
        +---------------------+---------+---------+----------+-----------+-----------+------+----------+
        |- VITIS_LOOP_2713_2  |        9|        9|         4|          1|          1|     7|       yes|
        +---------------------+---------+---------+----------+-----------+-----------+------+----------+



================================================================
== Utilization Estimates
================================================================
* Summary: 
+-----------------+---------+-----+--------+-------+-----+
|       Name      | BRAM_18K| DSP |   FF   |  LUT  | URAM|
+-----------------+---------+-----+--------+-------+-----+
|DSP              |        -|   32|       -|      -|    -|
|Expression       |        -|    -|       0|     45|    -|
|FIFO             |        -|    -|       -|      -|    -|
|Instance         |        -|    -|       0|   1184|    -|
|Memory           |        -|    -|       -|      -|    -|
|Multiplexer      |        -|    -|       -|    324|    -|
|Register         |        -|    -|    1617|      -|    -|
+-----------------+---------+-----+--------+-------+-----+
|Total            |        0|   32|    1617|   1553|    0|
+-----------------+---------+-----+--------+-------+-----+
|Available        |      280|  220|  106400|  53200|    0|
+-----------------+---------+-----+--------+-------+-----+
|Utilization (%)  |        0|   14|       1|      2|    0|
+-----------------+---------+-----+--------+-------+-----+

+ Detail: 
    * Instance: 
    +-----------------------------+-----------------------+---------+----+---+----+-----+
    |           Instance          |         Module        | BRAM_18K| DSP| FF| LUT| URAM|
    +-----------------------------+-----------------------+---------+----+---+----+-----+
    |sparsemux_15_8_16_1_1_U2405  |sparsemux_15_8_16_1_1  |        0|   0|  0|  37|    0|
    |sparsemux_15_8_16_1_1_U2406  |sparsemux_15_8_16_1_1  |        0|   0|  0|  37|    0|
    |sparsemux_15_8_16_1_1_U2407  |sparsemux_15_8_16_1_1  |        0|   0|  0|  37|    0|
    |sparsemux_15_8_16_1_1_U2408  |sparsemux_15_8_16_1_1  |        0|   0|  0|  37|    0|
    |sparsemux_15_8_16_1_1_U2409  |sparsemux_15_8_16_1_1  |        0|   0|  0|  37|    0|
    |sparsemux_15_8_16_1_1_U2410  |sparsemux_15_8_16_1_1  |        0|   0|  0|  37|    0|
    |sparsemux_15_8_16_1_1_U2411  |sparsemux_15_8_16_1_1  |        0|   0|  0|  37|    0|
    |sparsemux_15_8_16_1_1_U2412  |sparsemux_15_8_16_1_1  |        0|   0|  0|  37|    0|
    |sparsemux_15_8_16_1_1_U2413  |sparsemux_15_8_16_1_1  |        0|   0|  0|  37|    0|
    |sparsemux_15_8_16_1_1_U2414  |sparsemux_15_8_16_1_1  |        0|   0|  0|  37|    0|
    |sparsemux_15_8_16_1_1_U2415  |sparsemux_15_8_16_1_1  |        0|   0|  0|  37|    0|
    |sparsemux_15_8_16_1_1_U2416  |sparsemux_15_8_16_1_1  |        0|   0|  0|  37|    0|
    |sparsemux_15_8_16_1_1_U2417  |sparsemux_15_8_16_1_1  |        0|   0|  0|  37|    0|
    |sparsemux_15_8_16_1_1_U2418  |sparsemux_15_8_16_1_1  |        0|   0|  0|  37|    0|
    |sparsemux_15_8_16_1_1_U2419  |sparsemux_15_8_16_1_1  |        0|   0|  0|  37|    0|
    |sparsemux_15_8_16_1_1_U2420  |sparsemux_15_8_16_1_1  |        0|   0|  0|  37|    0|
    |sparsemux_15_8_16_1_1_U2421  |sparsemux_15_8_16_1_1  |        0|   0|  0|  37|    0|
    |sparsemux_15_8_16_1_1_U2422  |sparsemux_15_8_16_1_1  |        0|   0|  0|  37|    0|
    |sparsemux_15_8_16_1_1_U2423  |sparsemux_15_8_16_1_1  |        0|   0|  0|  37|    0|
    |sparsemux_15_8_16_1_1_U2424  |sparsemux_15_8_16_1_1  |        0|   0|  0|  37|    0|
    |sparsemux_15_8_16_1_1_U2425  |sparsemux_15_8_16_1_1  |        0|   0|  0|  37|    0|
    |sparsemux_15_8_16_1_1_U2426  |sparsemux_15_8_16_1_1  |        0|   0|  0|  37|    0|
    |sparsemux_15_8_16_1_1_U2427  |sparsemux_15_8_16_1_1  |        0|   0|  0|  37|    0|
    |sparsemux_15_8_16_1_1_U2428  |sparsemux_15_8_16_1_1  |        0|   0|  0|  37|    0|
    |sparsemux_15_8_16_1_1_U2429  |sparsemux_15_8_16_1_1  |        0|   0|  0|  37|    0|
    |sparsemux_15_8_16_1_1_U2430  |sparsemux_15_8_16_1_1  |        0|   0|  0|  37|    0|
    |sparsemux_15_8_16_1_1_U2431  |sparsemux_15_8_16_1_1  |        0|   0|  0|  37|    0|
    |sparsemux_15_8_16_1_1_U2432  |sparsemux_15_8_16_1_1  |        0|   0|  0|  37|    0|
    |sparsemux_15_8_16_1_1_U2433  |sparsemux_15_8_16_1_1  |        0|   0|  0|  37|    0|
    |sparsemux_15_8_16_1_1_U2434  |sparsemux_15_8_16_1_1  |        0|   0|  0|  37|    0|
    |sparsemux_15_8_16_1_1_U2435  |sparsemux_15_8_16_1_1  |        0|   0|  0|  37|    0|
    |sparsemux_15_8_16_1_1_U2436  |sparsemux_15_8_16_1_1  |        0|   0|  0|  37|    0|
    +-----------------------------+-----------------------+---------+----+---+----+-----+
    |Total                        |                       |        0|   0|  0|1184|    0|
    +-----------------------------+-----------------------+---------+----+---+----+-----+

    * DSP: 
    +-------------------------------------+-------------------------------+--------------+
    |               Instance              |             Module            |  Expression  |
    +-------------------------------------+-------------------------------+--------------+
    |mac_muladd_16s_16s_34s_34_3_1_U2437  |mac_muladd_16s_16s_34s_34_3_1  |  i0 * i1 + i2|
    |mac_muladd_16s_16s_34s_34_3_1_U2438  |mac_muladd_16s_16s_34s_34_3_1  |  i0 * i1 + i2|
    |mac_muladd_16s_16s_34s_34_3_1_U2439  |mac_muladd_16s_16s_34s_34_3_1  |  i0 * i1 + i2|
    |mac_muladd_16s_16s_34s_34_3_1_U2440  |mac_muladd_16s_16s_34s_34_3_1  |  i0 * i1 + i2|
    |mac_muladd_16s_16s_34s_34_3_1_U2441  |mac_muladd_16s_16s_34s_34_3_1  |  i0 * i1 + i2|
    |mac_muladd_16s_16s_34s_34_3_1_U2442  |mac_muladd_16s_16s_34s_34_3_1  |  i0 * i1 + i2|
    |mac_muladd_16s_16s_34s_34_3_1_U2443  |mac_muladd_16s_16s_34s_34_3_1  |  i0 * i1 + i2|
    |mac_muladd_16s_16s_34s_34_3_1_U2444  |mac_muladd_16s_16s_34s_34_3_1  |  i0 * i1 + i2|
    |mac_muladd_16s_16s_34s_34_3_1_U2445  |mac_muladd_16s_16s_34s_34_3_1  |  i0 * i1 + i2|
    |mac_muladd_16s_16s_34s_34_3_1_U2446  |mac_muladd_16s_16s_34s_34_3_1  |  i0 * i1 + i2|
    |mac_muladd_16s_16s_34s_34_3_1_U2447  |mac_muladd_16s_16s_34s_34_3_1  |  i0 * i1 + i2|
    |mac_muladd_16s_16s_34s_34_3_1_U2448  |mac_muladd_16s_16s_34s_34_3_1  |  i0 * i1 + i2|
    |mac_muladd_16s_16s_34s_34_3_1_U2449  |mac_muladd_16s_16s_34s_34_3_1  |  i0 * i1 + i2|
    |mac_muladd_16s_16s_34s_34_3_1_U2450  |mac_muladd_16s_16s_34s_34_3_1  |  i0 * i1 + i2|
    |mac_muladd_16s_16s_34s_34_3_1_U2451  |mac_muladd_16s_16s_34s_34_3_1  |  i0 * i1 + i2|
    |mac_muladd_16s_16s_34s_34_3_1_U2452  |mac_muladd_16s_16s_34s_34_3_1  |  i0 * i1 + i2|
    |mac_muladd_16s_16s_34s_34_3_1_U2453  |mac_muladd_16s_16s_34s_34_3_1  |  i0 * i1 + i2|
    |mac_muladd_16s_16s_34s_34_3_1_U2454  |mac_muladd_16s_16s_34s_34_3_1  |  i0 * i1 + i2|
    |mac_muladd_16s_16s_34s_34_3_1_U2455  |mac_muladd_16s_16s_34s_34_3_1  |  i0 * i1 + i2|
    |mac_muladd_16s_16s_34s_34_3_1_U2456  |mac_muladd_16s_16s_34s_34_3_1  |  i0 * i1 + i2|
    |mac_muladd_16s_16s_34s_34_3_1_U2457  |mac_muladd_16s_16s_34s_34_3_1  |  i0 * i1 + i2|
    |mac_muladd_16s_16s_34s_34_3_1_U2458  |mac_muladd_16s_16s_34s_34_3_1  |  i0 * i1 + i2|
    |mac_muladd_16s_16s_34s_34_3_1_U2459  |mac_muladd_16s_16s_34s_34_3_1  |  i0 * i1 + i2|
    |mac_muladd_16s_16s_34s_34_3_1_U2460  |mac_muladd_16s_16s_34s_34_3_1  |  i0 * i1 + i2|
    |mac_muladd_16s_16s_34s_34_3_1_U2461  |mac_muladd_16s_16s_34s_34_3_1  |  i0 * i1 + i2|
    |mac_muladd_16s_16s_34s_34_3_1_U2462  |mac_muladd_16s_16s_34s_34_3_1  |  i0 * i1 + i2|
    |mac_muladd_16s_16s_34s_34_3_1_U2463  |mac_muladd_16s_16s_34s_34_3_1  |  i0 * i1 + i2|
    |mac_muladd_16s_16s_34s_34_3_1_U2464  |mac_muladd_16s_16s_34s_34_3_1  |  i0 * i1 + i2|
    |mac_muladd_16s_16s_34s_34_3_1_U2465  |mac_muladd_16s_16s_34s_34_3_1  |  i0 * i1 + i2|
    |mac_muladd_16s_16s_34s_34_3_1_U2466  |mac_muladd_16s_16s_34s_34_3_1  |  i0 * i1 + i2|
    |mac_muladd_16s_16s_34s_34_3_1_U2467  |mac_muladd_16s_16s_34s_34_3_1  |  i0 * i1 + i2|
    |mac_muladd_16s_16s_34s_34_3_1_U2468  |mac_muladd_16s_16s_34s_34_3_1  |  i0 * i1 + i2|
    +-------------------------------------+-------------------------------+--------------+

    * Memory: 
    N/A

    * FIFO: 
    N/A

    * Expression: 
    +------------------------+----------+----+---+----+------------+------------+
    |      Variable Name     | Operation| DSP| FF| LUT| Bitwidth P0| Bitwidth P1|
    +------------------------+----------+----+---+----+------------+------------+
    |add_ln2713_fu_3846_p2   |         +|   0|  0|  15|           8|           6|
    |add_ln2719_fu_2719_p2   |         +|   0|  0|  13|          10|          10|
    |icmp_ln2713_fu_2663_p2  |      icmp|   0|  0|  15|           8|           7|
    |ap_enable_pp0           |       xor|   0|  0|   2|           1|           2|
    +------------------------+----------+----+---+----+------------+------------+
    |Total                   |          |   0|  0|  45|          27|          25|
    +------------------------+----------+----+---+----+------------+------------+

    * Multiplexer: 
    +-----------------------------+----+-----------+-----+-----------+
    |             Name            | LUT| Input Size| Bits| Total Bits|
    +-----------------------------+----+-----------+-----+-----------+
    |ap_done_int                  |   9|          2|    1|          2|
    |ap_enable_reg_pp0_iter1      |   9|          2|    1|          2|
    |ap_sig_allocacmp_base_index  |   9|          2|    8|         16|
    |empty_505_fu_780             |   9|          2|   34|         68|
    |empty_506_fu_784             |   9|          2|   34|         68|
    |empty_507_fu_788             |   9|          2|   34|         68|
    |empty_508_fu_792             |   9|          2|   34|         68|
    |empty_509_fu_796             |   9|          2|   34|         68|
    |empty_510_fu_800             |   9|          2|   34|         68|
    |empty_511_fu_804             |   9|          2|   34|         68|
    |empty_512_fu_808             |   9|          2|   34|         68|
    |empty_513_fu_812             |   9|          2|   34|         68|
    |empty_514_fu_816             |   9|          2|   34|         68|
    |empty_515_fu_820             |   9|          2|   34|         68|
    |empty_516_fu_824             |   9|          2|   34|         68|
    |empty_517_fu_828             |   9|          2|   34|         68|
    |empty_518_fu_832             |   9|          2|   34|         68|
    |empty_519_fu_836             |   9|          2|   34|         68|
    |empty_520_fu_840             |   9|          2|   34|         68|
    |empty_521_fu_844             |   9|          2|   34|         68|
    |empty_522_fu_848             |   9|          2|   34|         68|
    |empty_523_fu_852             |   9|          2|   34|         68|
    |empty_524_fu_856             |   9|          2|   34|         68|
    |empty_525_fu_860             |   9|          2|   34|         68|
    |empty_526_fu_864             |   9|          2|   34|         68|
    |empty_527_fu_868             |   9|          2|   34|         68|
    |empty_528_fu_872             |   9|          2|   34|         68|
    |empty_529_fu_876             |   9|          2|   34|         68|
    |empty_530_fu_880             |   9|          2|   34|         68|
    |empty_531_fu_884             |   9|          2|   34|         68|
    |empty_532_fu_888             |   9|          2|   34|         68|
    |empty_533_fu_892             |   9|          2|   34|         68|
    |empty_534_fu_896             |   9|          2|   34|         68|
    |empty_535_fu_900             |   9|          2|   34|         68|
    |empty_fu_776                 |   9|          2|   34|         68|
    |index_fu_904                 |   9|          2|    8|         16|
    +-----------------------------+----+-----------+-----+-----------+
    |Total                        | 324|         72| 1106|       2212|
    +-----------------------------+----+-----------+-----+-----------+

    * Register: 
    +------------------------------------+----+----+-----+-----------+
    |                Name                | FF | LUT| Bits| Const Bits|
    +------------------------------------+----+----+-----+-----------+
    |ap_CS_fsm                           |   1|   0|    1|          0|
    |ap_done_reg                         |   1|   0|    1|          0|
    |ap_enable_reg_pp0_iter1             |   1|   0|    1|          0|
    |ap_enable_reg_pp0_iter2             |   1|   0|    1|          0|
    |ap_enable_reg_pp0_iter3             |   1|   0|    1|          0|
    |ap_loop_exit_ready_pp0_iter1_reg    |   1|   0|    1|          0|
    |ap_loop_exit_ready_pp0_iter2_reg    |   1|   0|    1|          0|
    |empty_505_fu_780                    |  34|   0|   34|          0|
    |empty_506_fu_784                    |  34|   0|   34|          0|
    |empty_507_fu_788                    |  34|   0|   34|          0|
    |empty_508_fu_792                    |  34|   0|   34|          0|
    |empty_509_fu_796                    |  34|   0|   34|          0|
    |empty_510_fu_800                    |  34|   0|   34|          0|
    |empty_511_fu_804                    |  34|   0|   34|          0|
    |empty_512_fu_808                    |  34|   0|   34|          0|
    |empty_513_fu_812                    |  34|   0|   34|          0|
    |empty_514_fu_816                    |  34|   0|   34|          0|
    |empty_515_fu_820                    |  34|   0|   34|          0|
    |empty_516_fu_824                    |  34|   0|   34|          0|
    |empty_517_fu_828                    |  34|   0|   34|          0|
    |empty_518_fu_832                    |  34|   0|   34|          0|
    |empty_519_fu_836                    |  34|   0|   34|          0|
    |empty_520_fu_840                    |  34|   0|   34|          0|
    |empty_521_fu_844                    |  34|   0|   34|          0|
    |empty_522_fu_848                    |  34|   0|   34|          0|
    |empty_523_fu_852                    |  34|   0|   34|          0|
    |empty_524_fu_856                    |  34|   0|   34|          0|
    |empty_525_fu_860                    |  34|   0|   34|          0|
    |empty_526_fu_864                    |  34|   0|   34|          0|
    |empty_527_fu_868                    |  34|   0|   34|          0|
    |empty_528_fu_872                    |  34|   0|   34|          0|
    |empty_529_fu_876                    |  34|   0|   34|          0|
    |empty_530_fu_880                    |  34|   0|   34|          0|
    |empty_531_fu_884                    |  34|   0|   34|          0|
    |empty_532_fu_888                    |  34|   0|   34|          0|
    |empty_533_fu_892                    |  34|   0|   34|          0|
    |empty_534_fu_896                    |  34|   0|   34|          0|
    |empty_535_fu_900                    |  34|   0|   34|          0|
    |empty_fu_776                        |  34|   0|   34|          0|
    |icmp_ln2713_reg_5298                |   1|   0|    1|          0|
    |icmp_ln2713_reg_5298_pp0_iter1_reg  |   1|   0|    1|          0|
    |index_fu_904                        |   8|   0|    8|          0|
    |lhs_32_reg_5312                     |  16|   0|   16|          0|
    |lhs_33_reg_5317                     |  16|   0|   16|          0|
    |lhs_34_reg_5322                     |  16|   0|   16|          0|
    |lhs_35_reg_5327                     |  16|   0|   16|          0|
    |lhs_36_reg_5332                     |  16|   0|   16|          0|
    |lhs_37_reg_5337                     |  16|   0|   16|          0|
    |lhs_38_reg_5342                     |  16|   0|   16|          0|
    |lhs_39_reg_5347                     |  16|   0|   16|          0|
    |lhs_40_reg_5352                     |  16|   0|   16|          0|
    |lhs_41_reg_5357                     |  16|   0|   16|          0|
    |lhs_42_reg_5362                     |  16|   0|   16|          0|
    |lhs_43_reg_5367                     |  16|   0|   16|          0|
    |lhs_44_reg_5372                     |  16|   0|   16|          0|
    |lhs_45_reg_5377                     |  16|   0|   16|          0|
    |lhs_46_reg_5382                     |  16|   0|   16|          0|
    |lhs_47_reg_5387                     |  16|   0|   16|          0|
    |lhs_48_reg_5392                     |  16|   0|   16|          0|
    |lhs_49_reg_5397                     |  16|   0|   16|          0|
    |lhs_50_reg_5402                     |  16|   0|   16|          0|
    |lhs_51_reg_5407                     |  16|   0|   16|          0|
    |lhs_52_reg_5412                     |  16|   0|   16|          0|
    |lhs_53_reg_5417                     |  16|   0|   16|          0|
    |lhs_54_reg_5422                     |  16|   0|   16|          0|
    |lhs_55_reg_5427                     |  16|   0|   16|          0|
    |lhs_56_reg_5432                     |  16|   0|   16|          0|
    |lhs_57_reg_5437                     |  16|   0|   16|          0|
    |lhs_58_reg_5442                     |  16|   0|   16|          0|
    |lhs_59_reg_5447                     |  16|   0|   16|          0|
    |lhs_60_reg_5452                     |  16|   0|   16|          0|
    |lhs_61_reg_5457                     |  16|   0|   16|          0|
    |lhs_62_reg_5462                     |  16|   0|   16|          0|
    |lhs_reg_5302                        |  16|   0|   16|          0|
    +------------------------------------+----+----+-----+-----------+
    |Total                               |1617|   0| 1617|          0|
    +------------------------------------+----+----+-----+-----------+



================================================================
== Interface
================================================================
* Summary: 
+----------------------+-----+-----+------------+----------------------------------------------------------------------------------+--------------+
|       RTL Ports      | Dir | Bits|  Protocol  |                                   Source Object                                  |    C Type    |
+----------------------+-----+-----+------------+----------------------------------------------------------------------------------+--------------+
|ap_clk                |   in|    1|  ap_ctrl_hs|  (anonymous namespace)RunRealtimeGSUMacPhaseFixedQ610_Pipeline_VITIS_LOOP_2713_29|  return value|
|ap_rst                |   in|    1|  ap_ctrl_hs|  (anonymous namespace)RunRealtimeGSUMacPhaseFixedQ610_Pipeline_VITIS_LOOP_2713_29|  return value|
|ap_start              |   in|    1|  ap_ctrl_hs|  (anonymous namespace)RunRealtimeGSUMacPhaseFixedQ610_Pipeline_VITIS_LOOP_2713_29|  return value|
|ap_done               |  out|    1|  ap_ctrl_hs|  (anonymous namespace)RunRealtimeGSUMacPhaseFixedQ610_Pipeline_VITIS_LOOP_2713_29|  return value|
|ap_idle               |  out|    1|  ap_ctrl_hs|  (anonymous namespace)RunRealtimeGSUMacPhaseFixedQ610_Pipeline_VITIS_LOOP_2713_29|  return value|
|ap_ready              |  out|    1|  ap_ctrl_hs|  (anonymous namespace)RunRealtimeGSUMacPhaseFixedQ610_Pipeline_VITIS_LOOP_2713_29|  return value|
|prev_hx_q610_0_val    |   in|   16|     ap_none|                                                                prev_hx_q610_0_val|        scalar|
|prev_hx_q610_32_val   |   in|   16|     ap_none|                                                               prev_hx_q610_32_val|        scalar|
|prev_hx_q610_64_val   |   in|   16|     ap_none|                                                               prev_hx_q610_64_val|        scalar|
|prev_hx_q610_96_val   |   in|   16|     ap_none|                                                               prev_hx_q610_96_val|        scalar|
|prev_hx_q610_128_val  |   in|   16|     ap_none|                                                              prev_hx_q610_128_val|        scalar|
|prev_hx_q610_160_val  |   in|   16|     ap_none|                                                              prev_hx_q610_160_val|        scalar|
|prev_hx_q610_192_val  |   in|   16|     ap_none|                                                              prev_hx_q610_192_val|        scalar|
|sub_ln2719            |   in|   10|     ap_none|                                                                        sub_ln2719|        scalar|
|weight_hh_1_address0  |  out|   10|   ap_memory|                                                                       weight_hh_1|         array|
|weight_hh_1_ce0       |  out|    1|   ap_memory|                                                                       weight_hh_1|         array|
|weight_hh_1_q0        |   in|  512|   ap_memory|                                                                       weight_hh_1|         array|
|prev_hx_q610_1_val    |   in|   16|     ap_none|                                                                prev_hx_q610_1_val|        scalar|
|prev_hx_q610_33_val   |   in|   16|     ap_none|                                                               prev_hx_q610_33_val|        scalar|
|prev_hx_q610_65_val   |   in|   16|     ap_none|                                                               prev_hx_q610_65_val|        scalar|
|prev_hx_q610_97_val   |   in|   16|     ap_none|                                                               prev_hx_q610_97_val|        scalar|
|prev_hx_q610_129_val  |   in|   16|     ap_none|                                                              prev_hx_q610_129_val|        scalar|
|prev_hx_q610_161_val  |   in|   16|     ap_none|                                                              prev_hx_q610_161_val|        scalar|
|prev_hx_q610_193_val  |   in|   16|     ap_none|                                                              prev_hx_q610_193_val|        scalar|
|prev_hx_q610_2_val    |   in|   16|     ap_none|                                                                prev_hx_q610_2_val|        scalar|
|prev_hx_q610_34_val   |   in|   16|     ap_none|                                                               prev_hx_q610_34_val|        scalar|
|prev_hx_q610_66_val   |   in|   16|     ap_none|                                                               prev_hx_q610_66_val|        scalar|
|prev_hx_q610_98_val   |   in|   16|     ap_none|                                                               prev_hx_q610_98_val|        scalar|
|prev_hx_q610_130_val  |   in|   16|     ap_none|                                                              prev_hx_q610_130_val|        scalar|
|prev_hx_q610_162_val  |   in|   16|     ap_none|                                                              prev_hx_q610_162_val|        scalar|
|prev_hx_q610_194_val  |   in|   16|     ap_none|                                                              prev_hx_q610_194_val|        scalar|
|prev_hx_q610_3_val    |   in|   16|     ap_none|                                                                prev_hx_q610_3_val|        scalar|
|prev_hx_q610_35_val   |   in|   16|     ap_none|                                                               prev_hx_q610_35_val|        scalar|
|prev_hx_q610_67_val   |   in|   16|     ap_none|                                                               prev_hx_q610_67_val|        scalar|
|prev_hx_q610_99_val   |   in|   16|     ap_none|                                                               prev_hx_q610_99_val|        scalar|
|prev_hx_q610_131_val  |   in|   16|     ap_none|                                                              prev_hx_q610_131_val|        scalar|
|prev_hx_q610_163_val  |   in|   16|     ap_none|                                                              prev_hx_q610_163_val|        scalar|
|prev_hx_q610_195_val  |   in|   16|     ap_none|                                                              prev_hx_q610_195_val|        scalar|
|prev_hx_q610_4_val    |   in|   16|     ap_none|                                                                prev_hx_q610_4_val|        scalar|
|prev_hx_q610_36_val   |   in|   16|     ap_none|                                                               prev_hx_q610_36_val|        scalar|
|prev_hx_q610_68_val   |   in|   16|     ap_none|                                                               prev_hx_q610_68_val|        scalar|
|prev_hx_q610_100_val  |   in|   16|     ap_none|                                                              prev_hx_q610_100_val|        scalar|
|prev_hx_q610_132_val  |   in|   16|     ap_none|                                                              prev_hx_q610_132_val|        scalar|
|prev_hx_q610_164_val  |   in|   16|     ap_none|                                                              prev_hx_q610_164_val|        scalar|
|prev_hx_q610_196_val  |   in|   16|     ap_none|                                                              prev_hx_q610_196_val|        scalar|
|prev_hx_q610_5_val    |   in|   16|     ap_none|                                                                prev_hx_q610_5_val|        scalar|
|prev_hx_q610_37_val   |   in|   16|     ap_none|                                                               prev_hx_q610_37_val|        scalar|
|prev_hx_q610_69_val   |   in|   16|     ap_none|                                                               prev_hx_q610_69_val|        scalar|
|prev_hx_q610_101_val  |   in|   16|     ap_none|                                                              prev_hx_q610_101_val|        scalar|
|prev_hx_q610_133_val  |   in|   16|     ap_none|                                                              prev_hx_q610_133_val|        scalar|
|prev_hx_q610_165_val  |   in|   16|     ap_none|                                                              prev_hx_q610_165_val|        scalar|
|prev_hx_q610_197_val  |   in|   16|     ap_none|                                                              prev_hx_q610_197_val|        scalar|
|prev_hx_q610_6_val    |   in|   16|     ap_none|                                                                prev_hx_q610_6_val|        scalar|
|prev_hx_q610_38_val   |   in|   16|     ap_none|                                                               prev_hx_q610_38_val|        scalar|
|prev_hx_q610_70_val   |   in|   16|     ap_none|                                                               prev_hx_q610_70_val|        scalar|
|prev_hx_q610_102_val  |   in|   16|     ap_none|                                                              prev_hx_q610_102_val|        scalar|
|prev_hx_q610_134_val  |   in|   16|     ap_none|                                                              prev_hx_q610_134_val|        scalar|
|prev_hx_q610_166_val  |   in|   16|     ap_none|                                                              prev_hx_q610_166_val|        scalar|
|prev_hx_q610_198_val  |   in|   16|     ap_none|                                                              prev_hx_q610_198_val|        scalar|
|prev_hx_q610_7_val    |   in|   16|     ap_none|                                                                prev_hx_q610_7_val|        scalar|
|prev_hx_q610_39_val   |   in|   16|     ap_none|                                                               prev_hx_q610_39_val|        scalar|
|prev_hx_q610_71_val   |   in|   16|     ap_none|                                                               prev_hx_q610_71_val|        scalar|
|prev_hx_q610_103_val  |   in|   16|     ap_none|                                                              prev_hx_q610_103_val|        scalar|
|prev_hx_q610_135_val  |   in|   16|     ap_none|                                                              prev_hx_q610_135_val|        scalar|
|prev_hx_q610_167_val  |   in|   16|     ap_none|                                                              prev_hx_q610_167_val|        scalar|
|prev_hx_q610_199_val  |   in|   16|     ap_none|                                                              prev_hx_q610_199_val|        scalar|
|prev_hx_q610_8_val    |   in|   16|     ap_none|                                                                prev_hx_q610_8_val|        scalar|
|prev_hx_q610_40_val   |   in|   16|     ap_none|                                                               prev_hx_q610_40_val|        scalar|
|prev_hx_q610_72_val   |   in|   16|     ap_none|                                                               prev_hx_q610_72_val|        scalar|
|prev_hx_q610_104_val  |   in|   16|     ap_none|                                                              prev_hx_q610_104_val|        scalar|
|prev_hx_q610_136_val  |   in|   16|     ap_none|                                                              prev_hx_q610_136_val|        scalar|
|prev_hx_q610_168_val  |   in|   16|     ap_none|                                                              prev_hx_q610_168_val|        scalar|
|prev_hx_q610_200_val  |   in|   16|     ap_none|                                                              prev_hx_q610_200_val|        scalar|
|prev_hx_q610_9_val    |   in|   16|     ap_none|                                                                prev_hx_q610_9_val|        scalar|
|prev_hx_q610_41_val   |   in|   16|     ap_none|                                                               prev_hx_q610_41_val|        scalar|
|prev_hx_q610_73_val   |   in|   16|     ap_none|                                                               prev_hx_q610_73_val|        scalar|
|prev_hx_q610_105_val  |   in|   16|     ap_none|                                                              prev_hx_q610_105_val|        scalar|
|prev_hx_q610_137_val  |   in|   16|     ap_none|                                                              prev_hx_q610_137_val|        scalar|
|prev_hx_q610_169_val  |   in|   16|     ap_none|                                                              prev_hx_q610_169_val|        scalar|
|prev_hx_q610_201_val  |   in|   16|     ap_none|                                                              prev_hx_q610_201_val|        scalar|
|prev_hx_q610_10_val   |   in|   16|     ap_none|                                                               prev_hx_q610_10_val|        scalar|
|prev_hx_q610_42_val   |   in|   16|     ap_none|                                                               prev_hx_q610_42_val|        scalar|
|prev_hx_q610_74_val   |   in|   16|     ap_none|                                                               prev_hx_q610_74_val|        scalar|
|prev_hx_q610_106_val  |   in|   16|     ap_none|                                                              prev_hx_q610_106_val|        scalar|
|prev_hx_q610_138_val  |   in|   16|     ap_none|                                                              prev_hx_q610_138_val|        scalar|
|prev_hx_q610_170_val  |   in|   16|     ap_none|                                                              prev_hx_q610_170_val|        scalar|
|prev_hx_q610_202_val  |   in|   16|     ap_none|                                                              prev_hx_q610_202_val|        scalar|
|prev_hx_q610_11_val   |   in|   16|     ap_none|                                                               prev_hx_q610_11_val|        scalar|
|prev_hx_q610_43_val   |   in|   16|     ap_none|                                                               prev_hx_q610_43_val|        scalar|
|prev_hx_q610_75_val   |   in|   16|     ap_none|                                                               prev_hx_q610_75_val|        scalar|
|prev_hx_q610_107_val  |   in|   16|     ap_none|                                                              prev_hx_q610_107_val|        scalar|
|prev_hx_q610_139_val  |   in|   16|     ap_none|                                                              prev_hx_q610_139_val|        scalar|
|prev_hx_q610_171_val  |   in|   16|     ap_none|                                                              prev_hx_q610_171_val|        scalar|
|prev_hx_q610_203_val  |   in|   16|     ap_none|                                                              prev_hx_q610_203_val|        scalar|
|prev_hx_q610_12_val   |   in|   16|     ap_none|                                                               prev_hx_q610_12_val|        scalar|
|prev_hx_q610_44_val   |   in|   16|     ap_none|                                                               prev_hx_q610_44_val|        scalar|
|prev_hx_q610_76_val   |   in|   16|     ap_none|                                                               prev_hx_q610_76_val|        scalar|
|prev_hx_q610_108_val  |   in|   16|     ap_none|                                                              prev_hx_q610_108_val|        scalar|
|prev_hx_q610_140_val  |   in|   16|     ap_none|                                                              prev_hx_q610_140_val|        scalar|
|prev_hx_q610_172_val  |   in|   16|     ap_none|                                                              prev_hx_q610_172_val|        scalar|
|prev_hx_q610_204_val  |   in|   16|     ap_none|                                                              prev_hx_q610_204_val|        scalar|
|prev_hx_q610_13_val   |   in|   16|     ap_none|                                                               prev_hx_q610_13_val|        scalar|
|prev_hx_q610_45_val   |   in|   16|     ap_none|                                                               prev_hx_q610_45_val|        scalar|
|prev_hx_q610_77_val   |   in|   16|     ap_none|                                                               prev_hx_q610_77_val|        scalar|
|prev_hx_q610_109_val  |   in|   16|     ap_none|                                                              prev_hx_q610_109_val|        scalar|
|prev_hx_q610_141_val  |   in|   16|     ap_none|                                                              prev_hx_q610_141_val|        scalar|
|prev_hx_q610_173_val  |   in|   16|     ap_none|                                                              prev_hx_q610_173_val|        scalar|
|prev_hx_q610_205_val  |   in|   16|     ap_none|                                                              prev_hx_q610_205_val|        scalar|
|prev_hx_q610_14_val   |   in|   16|     ap_none|                                                               prev_hx_q610_14_val|        scalar|
|prev_hx_q610_46_val   |   in|   16|     ap_none|                                                               prev_hx_q610_46_val|        scalar|
|prev_hx_q610_78_val   |   in|   16|     ap_none|                                                               prev_hx_q610_78_val|        scalar|
|prev_hx_q610_110_val  |   in|   16|     ap_none|                                                              prev_hx_q610_110_val|        scalar|
|prev_hx_q610_142_val  |   in|   16|     ap_none|                                                              prev_hx_q610_142_val|        scalar|
|prev_hx_q610_174_val  |   in|   16|     ap_none|                                                              prev_hx_q610_174_val|        scalar|
|prev_hx_q610_206_val  |   in|   16|     ap_none|                                                              prev_hx_q610_206_val|        scalar|
|prev_hx_q610_15_val   |   in|   16|     ap_none|                                                               prev_hx_q610_15_val|        scalar|
|prev_hx_q610_47_val   |   in|   16|     ap_none|                                                               prev_hx_q610_47_val|        scalar|
|prev_hx_q610_79_val   |   in|   16|     ap_none|                                                               prev_hx_q610_79_val|        scalar|
|prev_hx_q610_111_val  |   in|   16|     ap_none|                                                              prev_hx_q610_111_val|        scalar|
|prev_hx_q610_143_val  |   in|   16|     ap_none|                                                              prev_hx_q610_143_val|        scalar|
|prev_hx_q610_175_val  |   in|   16|     ap_none|                                                              prev_hx_q610_175_val|        scalar|
|prev_hx_q610_207_val  |   in|   16|     ap_none|                                                              prev_hx_q610_207_val|        scalar|
|prev_hx_q610_16_val   |   in|   16|     ap_none|                                                               prev_hx_q610_16_val|        scalar|
|prev_hx_q610_48_val   |   in|   16|     ap_none|                                                               prev_hx_q610_48_val|        scalar|
|prev_hx_q610_80_val   |   in|   16|     ap_none|                                                               prev_hx_q610_80_val|        scalar|
|prev_hx_q610_112_val  |   in|   16|     ap_none|                                                              prev_hx_q610_112_val|        scalar|
|prev_hx_q610_144_val  |   in|   16|     ap_none|                                                              prev_hx_q610_144_val|        scalar|
|prev_hx_q610_176_val  |   in|   16|     ap_none|                                                              prev_hx_q610_176_val|        scalar|
|prev_hx_q610_208_val  |   in|   16|     ap_none|                                                              prev_hx_q610_208_val|        scalar|
|prev_hx_q610_17_val   |   in|   16|     ap_none|                                                               prev_hx_q610_17_val|        scalar|
|prev_hx_q610_49_val   |   in|   16|     ap_none|                                                               prev_hx_q610_49_val|        scalar|
|prev_hx_q610_81_val   |   in|   16|     ap_none|                                                               prev_hx_q610_81_val|        scalar|
|prev_hx_q610_113_val  |   in|   16|     ap_none|                                                              prev_hx_q610_113_val|        scalar|
|prev_hx_q610_145_val  |   in|   16|     ap_none|                                                              prev_hx_q610_145_val|        scalar|
|prev_hx_q610_177_val  |   in|   16|     ap_none|                                                              prev_hx_q610_177_val|        scalar|
|prev_hx_q610_209_val  |   in|   16|     ap_none|                                                              prev_hx_q610_209_val|        scalar|
|prev_hx_q610_18_val   |   in|   16|     ap_none|                                                               prev_hx_q610_18_val|        scalar|
|prev_hx_q610_50_val   |   in|   16|     ap_none|                                                               prev_hx_q610_50_val|        scalar|
|prev_hx_q610_82_val   |   in|   16|     ap_none|                                                               prev_hx_q610_82_val|        scalar|
|prev_hx_q610_114_val  |   in|   16|     ap_none|                                                              prev_hx_q610_114_val|        scalar|
|prev_hx_q610_146_val  |   in|   16|     ap_none|                                                              prev_hx_q610_146_val|        scalar|
|prev_hx_q610_178_val  |   in|   16|     ap_none|                                                              prev_hx_q610_178_val|        scalar|
|prev_hx_q610_210_val  |   in|   16|     ap_none|                                                              prev_hx_q610_210_val|        scalar|
|prev_hx_q610_19_val   |   in|   16|     ap_none|                                                               prev_hx_q610_19_val|        scalar|
|prev_hx_q610_51_val   |   in|   16|     ap_none|                                                               prev_hx_q610_51_val|        scalar|
|prev_hx_q610_83_val   |   in|   16|     ap_none|                                                               prev_hx_q610_83_val|        scalar|
|prev_hx_q610_115_val  |   in|   16|     ap_none|                                                              prev_hx_q610_115_val|        scalar|
|prev_hx_q610_147_val  |   in|   16|     ap_none|                                                              prev_hx_q610_147_val|        scalar|
|prev_hx_q610_179_val  |   in|   16|     ap_none|                                                              prev_hx_q610_179_val|        scalar|
|prev_hx_q610_211_val  |   in|   16|     ap_none|                                                              prev_hx_q610_211_val|        scalar|
|prev_hx_q610_20_val   |   in|   16|     ap_none|                                                               prev_hx_q610_20_val|        scalar|
|prev_hx_q610_52_val   |   in|   16|     ap_none|                                                               prev_hx_q610_52_val|        scalar|
|prev_hx_q610_84_val   |   in|   16|     ap_none|                                                               prev_hx_q610_84_val|        scalar|
|prev_hx_q610_116_val  |   in|   16|     ap_none|                                                              prev_hx_q610_116_val|        scalar|
|prev_hx_q610_148_val  |   in|   16|     ap_none|                                                              prev_hx_q610_148_val|        scalar|
|prev_hx_q610_180_val  |   in|   16|     ap_none|                                                              prev_hx_q610_180_val|        scalar|
|prev_hx_q610_212_val  |   in|   16|     ap_none|                                                              prev_hx_q610_212_val|        scalar|
|prev_hx_q610_21_val   |   in|   16|     ap_none|                                                               prev_hx_q610_21_val|        scalar|
|prev_hx_q610_53_val   |   in|   16|     ap_none|                                                               prev_hx_q610_53_val|        scalar|
|prev_hx_q610_85_val   |   in|   16|     ap_none|                                                               prev_hx_q610_85_val|        scalar|
|prev_hx_q610_117_val  |   in|   16|     ap_none|                                                              prev_hx_q610_117_val|        scalar|
|prev_hx_q610_149_val  |   in|   16|     ap_none|                                                              prev_hx_q610_149_val|        scalar|
|prev_hx_q610_181_val  |   in|   16|     ap_none|                                                              prev_hx_q610_181_val|        scalar|
|prev_hx_q610_213_val  |   in|   16|     ap_none|                                                              prev_hx_q610_213_val|        scalar|
|prev_hx_q610_22_val   |   in|   16|     ap_none|                                                               prev_hx_q610_22_val|        scalar|
|prev_hx_q610_54_val   |   in|   16|     ap_none|                                                               prev_hx_q610_54_val|        scalar|
|prev_hx_q610_86_val   |   in|   16|     ap_none|                                                               prev_hx_q610_86_val|        scalar|
|prev_hx_q610_118_val  |   in|   16|     ap_none|                                                              prev_hx_q610_118_val|        scalar|
|prev_hx_q610_150_val  |   in|   16|     ap_none|                                                              prev_hx_q610_150_val|        scalar|
|prev_hx_q610_182_val  |   in|   16|     ap_none|                                                              prev_hx_q610_182_val|        scalar|
|prev_hx_q610_214_val  |   in|   16|     ap_none|                                                              prev_hx_q610_214_val|        scalar|
|prev_hx_q610_23_val   |   in|   16|     ap_none|                                                               prev_hx_q610_23_val|        scalar|
|prev_hx_q610_55_val   |   in|   16|     ap_none|                                                               prev_hx_q610_55_val|        scalar|
|prev_hx_q610_87_val   |   in|   16|     ap_none|                                                               prev_hx_q610_87_val|        scalar|
|prev_hx_q610_119_val  |   in|   16|     ap_none|                                                              prev_hx_q610_119_val|        scalar|
|prev_hx_q610_151_val  |   in|   16|     ap_none|                                                              prev_hx_q610_151_val|        scalar|
|prev_hx_q610_183_val  |   in|   16|     ap_none|                                                              prev_hx_q610_183_val|        scalar|
|prev_hx_q610_215_val  |   in|   16|     ap_none|                                                              prev_hx_q610_215_val|        scalar|
|prev_hx_q610_24_val   |   in|   16|     ap_none|                                                               prev_hx_q610_24_val|        scalar|
|prev_hx_q610_56_val   |   in|   16|     ap_none|                                                               prev_hx_q610_56_val|        scalar|
|prev_hx_q610_88_val   |   in|   16|     ap_none|                                                               prev_hx_q610_88_val|        scalar|
|prev_hx_q610_120_val  |   in|   16|     ap_none|                                                              prev_hx_q610_120_val|        scalar|
|prev_hx_q610_152_val  |   in|   16|     ap_none|                                                              prev_hx_q610_152_val|        scalar|
|prev_hx_q610_184_val  |   in|   16|     ap_none|                                                              prev_hx_q610_184_val|        scalar|
|prev_hx_q610_216_val  |   in|   16|     ap_none|                                                              prev_hx_q610_216_val|        scalar|
|prev_hx_q610_25_val   |   in|   16|     ap_none|                                                               prev_hx_q610_25_val|        scalar|
|prev_hx_q610_57_val   |   in|   16|     ap_none|                                                               prev_hx_q610_57_val|        scalar|
|prev_hx_q610_89_val   |   in|   16|     ap_none|                                                               prev_hx_q610_89_val|        scalar|
|prev_hx_q610_121_val  |   in|   16|     ap_none|                                                              prev_hx_q610_121_val|        scalar|
|prev_hx_q610_153_val  |   in|   16|     ap_none|                                                              prev_hx_q610_153_val|        scalar|
|prev_hx_q610_185_val  |   in|   16|     ap_none|                                                              prev_hx_q610_185_val|        scalar|
|prev_hx_q610_217_val  |   in|   16|     ap_none|                                                              prev_hx_q610_217_val|        scalar|
|prev_hx_q610_26_val   |   in|   16|     ap_none|                                                               prev_hx_q610_26_val|        scalar|
|prev_hx_q610_58_val   |   in|   16|     ap_none|                                                               prev_hx_q610_58_val|        scalar|
|prev_hx_q610_90_val   |   in|   16|     ap_none|                                                               prev_hx_q610_90_val|        scalar|
|prev_hx_q610_122_val  |   in|   16|     ap_none|                                                              prev_hx_q610_122_val|        scalar|
|prev_hx_q610_154_val  |   in|   16|     ap_none|                                                              prev_hx_q610_154_val|        scalar|
|prev_hx_q610_186_val  |   in|   16|     ap_none|                                                              prev_hx_q610_186_val|        scalar|
|prev_hx_q610_218_val  |   in|   16|     ap_none|                                                              prev_hx_q610_218_val|        scalar|
|prev_hx_q610_27_val   |   in|   16|     ap_none|                                                               prev_hx_q610_27_val|        scalar|
|prev_hx_q610_59_val   |   in|   16|     ap_none|                                                               prev_hx_q610_59_val|        scalar|
|prev_hx_q610_91_val   |   in|   16|     ap_none|                                                               prev_hx_q610_91_val|        scalar|
|prev_hx_q610_123_val  |   in|   16|     ap_none|                                                              prev_hx_q610_123_val|        scalar|
|prev_hx_q610_155_val  |   in|   16|     ap_none|                                                              prev_hx_q610_155_val|        scalar|
|prev_hx_q610_187_val  |   in|   16|     ap_none|                                                              prev_hx_q610_187_val|        scalar|
|prev_hx_q610_219_val  |   in|   16|     ap_none|                                                              prev_hx_q610_219_val|        scalar|
|prev_hx_q610_28_val   |   in|   16|     ap_none|                                                               prev_hx_q610_28_val|        scalar|
|prev_hx_q610_60_val   |   in|   16|     ap_none|                                                               prev_hx_q610_60_val|        scalar|
|prev_hx_q610_92_val   |   in|   16|     ap_none|                                                               prev_hx_q610_92_val|        scalar|
|prev_hx_q610_124_val  |   in|   16|     ap_none|                                                              prev_hx_q610_124_val|        scalar|
|prev_hx_q610_156_val  |   in|   16|     ap_none|                                                              prev_hx_q610_156_val|        scalar|
|prev_hx_q610_188_val  |   in|   16|     ap_none|                                                              prev_hx_q610_188_val|        scalar|
|prev_hx_q610_220_val  |   in|   16|     ap_none|                                                              prev_hx_q610_220_val|        scalar|
|prev_hx_q610_29_val   |   in|   16|     ap_none|                                                               prev_hx_q610_29_val|        scalar|
|prev_hx_q610_61_val   |   in|   16|     ap_none|                                                               prev_hx_q610_61_val|        scalar|
|prev_hx_q610_93_val   |   in|   16|     ap_none|                                                               prev_hx_q610_93_val|        scalar|
|prev_hx_q610_125_val  |   in|   16|     ap_none|                                                              prev_hx_q610_125_val|        scalar|
|prev_hx_q610_157_val  |   in|   16|     ap_none|                                                              prev_hx_q610_157_val|        scalar|
|prev_hx_q610_189_val  |   in|   16|     ap_none|                                                              prev_hx_q610_189_val|        scalar|
|prev_hx_q610_221_val  |   in|   16|     ap_none|                                                              prev_hx_q610_221_val|        scalar|
|prev_hx_q610_30_val   |   in|   16|     ap_none|                                                               prev_hx_q610_30_val|        scalar|
|prev_hx_q610_62_val   |   in|   16|     ap_none|                                                               prev_hx_q610_62_val|        scalar|
|prev_hx_q610_94_val   |   in|   16|     ap_none|                                                               prev_hx_q610_94_val|        scalar|
|prev_hx_q610_126_val  |   in|   16|     ap_none|                                                              prev_hx_q610_126_val|        scalar|
|prev_hx_q610_158_val  |   in|   16|     ap_none|                                                              prev_hx_q610_158_val|        scalar|
|prev_hx_q610_190_val  |   in|   16|     ap_none|                                                              prev_hx_q610_190_val|        scalar|
|prev_hx_q610_222_val  |   in|   16|     ap_none|                                                              prev_hx_q610_222_val|        scalar|
|prev_hx_q610_31_val   |   in|   16|     ap_none|                                                               prev_hx_q610_31_val|        scalar|
|prev_hx_q610_63_val   |   in|   16|     ap_none|                                                               prev_hx_q610_63_val|        scalar|
|prev_hx_q610_95_val   |   in|   16|     ap_none|                                                               prev_hx_q610_95_val|        scalar|
|prev_hx_q610_127_val  |   in|   16|     ap_none|                                                              prev_hx_q610_127_val|        scalar|
|prev_hx_q610_159_val  |   in|   16|     ap_none|                                                              prev_hx_q610_159_val|        scalar|
|prev_hx_q610_191_val  |   in|   16|     ap_none|                                                              prev_hx_q610_191_val|        scalar|
|prev_hx_q610_223_val  |   in|   16|     ap_none|                                                              prev_hx_q610_223_val|        scalar|
|p_out                 |  out|   34|      ap_vld|                                                                             p_out|       pointer|
|p_out_ap_vld          |  out|    1|      ap_vld|                                                                             p_out|       pointer|
|p_out1                |  out|   34|      ap_vld|                                                                            p_out1|       pointer|
|p_out1_ap_vld         |  out|    1|      ap_vld|                                                                            p_out1|       pointer|
|p_out2                |  out|   34|      ap_vld|                                                                            p_out2|       pointer|
|p_out2_ap_vld         |  out|    1|      ap_vld|                                                                            p_out2|       pointer|
|p_out3                |  out|   34|      ap_vld|                                                                            p_out3|       pointer|
|p_out3_ap_vld         |  out|    1|      ap_vld|                                                                            p_out3|       pointer|
|p_out4                |  out|   34|      ap_vld|                                                                            p_out4|       pointer|
|p_out4_ap_vld         |  out|    1|      ap_vld|                                                                            p_out4|       pointer|
|p_out5                |  out|   34|      ap_vld|                                                                            p_out5|       pointer|
|p_out5_ap_vld         |  out|    1|      ap_vld|                                                                            p_out5|       pointer|
|p_out6                |  out|   34|      ap_vld|                                                                            p_out6|       pointer|
|p_out6_ap_vld         |  out|    1|      ap_vld|                                                                            p_out6|       pointer|
|p_out7                |  out|   34|      ap_vld|                                                                            p_out7|       pointer|
|p_out7_ap_vld         |  out|    1|      ap_vld|                                                                            p_out7|       pointer|
|p_out8                |  out|   34|      ap_vld|                                                                            p_out8|       pointer|
|p_out8_ap_vld         |  out|    1|      ap_vld|                                                                            p_out8|       pointer|
|p_out9                |  out|   34|      ap_vld|                                                                            p_out9|       pointer|
|p_out9_ap_vld         |  out|    1|      ap_vld|                                                                            p_out9|       pointer|
|p_out10               |  out|   34|      ap_vld|                                                                           p_out10|       pointer|
|p_out10_ap_vld        |  out|    1|      ap_vld|                                                                           p_out10|       pointer|
|p_out11               |  out|   34|      ap_vld|                                                                           p_out11|       pointer|
|p_out11_ap_vld        |  out|    1|      ap_vld|                                                                           p_out11|       pointer|
|p_out12               |  out|   34|      ap_vld|                                                                           p_out12|       pointer|
|p_out12_ap_vld        |  out|    1|      ap_vld|                                                                           p_out12|       pointer|
|p_out13               |  out|   34|      ap_vld|                                                                           p_out13|       pointer|
|p_out13_ap_vld        |  out|    1|      ap_vld|                                                                           p_out13|       pointer|
|p_out14               |  out|   34|      ap_vld|                                                                           p_out14|       pointer|
|p_out14_ap_vld        |  out|    1|      ap_vld|                                                                           p_out14|       pointer|
|p_out15               |  out|   34|      ap_vld|                                                                           p_out15|       pointer|
|p_out15_ap_vld        |  out|    1|      ap_vld|                                                                           p_out15|       pointer|
|p_out16               |  out|   34|      ap_vld|                                                                           p_out16|       pointer|
|p_out16_ap_vld        |  out|    1|      ap_vld|                                                                           p_out16|       pointer|
|p_out17               |  out|   34|      ap_vld|                                                                           p_out17|       pointer|
|p_out17_ap_vld        |  out|    1|      ap_vld|                                                                           p_out17|       pointer|
|p_out18               |  out|   34|      ap_vld|                                                                           p_out18|       pointer|
|p_out18_ap_vld        |  out|    1|      ap_vld|                                                                           p_out18|       pointer|
|p_out19               |  out|   34|      ap_vld|                                                                           p_out19|       pointer|
|p_out19_ap_vld        |  out|    1|      ap_vld|                                                                           p_out19|       pointer|
|p_out20               |  out|   34|      ap_vld|                                                                           p_out20|       pointer|
|p_out20_ap_vld        |  out|    1|      ap_vld|                                                                           p_out20|       pointer|
|p_out21               |  out|   34|      ap_vld|                                                                           p_out21|       pointer|
|p_out21_ap_vld        |  out|    1|      ap_vld|                                                                           p_out21|       pointer|
|p_out22               |  out|   34|      ap_vld|                                                                           p_out22|       pointer|
|p_out22_ap_vld        |  out|    1|      ap_vld|                                                                           p_out22|       pointer|
|p_out23               |  out|   34|      ap_vld|                                                                           p_out23|       pointer|
|p_out23_ap_vld        |  out|    1|      ap_vld|                                                                           p_out23|       pointer|
|p_out24               |  out|   34|      ap_vld|                                                                           p_out24|       pointer|
|p_out24_ap_vld        |  out|    1|      ap_vld|                                                                           p_out24|       pointer|
|p_out25               |  out|   34|      ap_vld|                                                                           p_out25|       pointer|
|p_out25_ap_vld        |  out|    1|      ap_vld|                                                                           p_out25|       pointer|
|p_out26               |  out|   34|      ap_vld|                                                                           p_out26|       pointer|
|p_out26_ap_vld        |  out|    1|      ap_vld|                                                                           p_out26|       pointer|
|p_out27               |  out|   34|      ap_vld|                                                                           p_out27|       pointer|
|p_out27_ap_vld        |  out|    1|      ap_vld|                                                                           p_out27|       pointer|
|p_out28               |  out|   34|      ap_vld|                                                                           p_out28|       pointer|
|p_out28_ap_vld        |  out|    1|      ap_vld|                                                                           p_out28|       pointer|
|p_out29               |  out|   34|      ap_vld|                                                                           p_out29|       pointer|
|p_out29_ap_vld        |  out|    1|      ap_vld|                                                                           p_out29|       pointer|
|p_out30               |  out|   34|      ap_vld|                                                                           p_out30|       pointer|
|p_out30_ap_vld        |  out|    1|      ap_vld|                                                                           p_out30|       pointer|
|p_out31               |  out|   34|      ap_vld|                                                                           p_out31|       pointer|
|p_out31_ap_vld        |  out|    1|      ap_vld|                                                                           p_out31|       pointer|
+----------------------+-----+-----+------------+----------------------------------------------------------------------------------+--------------+

