

================================================================
== Vitis HLS Report for 'p_anonymous_namespace_LoadRealtimeGSULayerWeightsQ610_Pipeline_VITIS_LOOP_2534_5_s'
================================================================
* Date:           Thu May 14 12:27:21 2026

* Version:        2023.2 (Build 4023990 on Oct 11 2023)
* Project:        subband_q610_realtime_hls
* Solution:       solution1 (Vivado IP Flow Target)
* Product family: zynq
* Target device:  xc7z020-clg400-1


================================================================
== Performance Estimates
================================================================
+ Timing: 
    * Summary: 
    +--------+----------+----------+------------+
    |  Clock |  Target  | Estimated| Uncertainty|
    +--------+----------+----------+------------+
    |ap_clk  |  10.00 ns|  8.254 ns|     2.70 ns|
    +--------+----------+----------+------------+

+ Latency: 
    * Summary: 
    +---------+---------+-----------+-----------+------+------+---------+
    |  Latency (cycles) |   Latency (absolute)  |   Interval  | Pipeline|
    |   min   |   max   |    min    |    max    |  min |  max |   Type  |
    +---------+---------+-----------+-----------+------+------+---------+
    |     3149|     3149|  31.490 us|  31.490 us|  3149|  3149|       no|
    +---------+---------+-----------+-----------+------+------+---------+

    + Detail: 
        * Instance: 
        N/A

        * Loop: 
        +---------------------------------------+---------+---------+----------+-----------+-----------+------+----------+
        |                                       |  Latency (cycles) | Iteration|  Initiation Interval  | Trip |          |
        |               Loop Name               |   min   |   max   |  Latency |  achieved |   target  | Count| Pipelined|
        +---------------------------------------+---------+---------+----------+-----------+-----------+------+----------+
        |- VITIS_LOOP_2534_5_VITIS_LOOP_2535_6  |     3147|     3147|        14|          2|          1|  1568|       yes|
        +---------------------------------------+---------+---------+----------+-----------+-----------+------+----------+



================================================================
== Utilization Estimates
================================================================
* Summary: 
+-----------------+---------+-----+--------+-------+-----+
|       Name      | BRAM_18K| DSP |   FF   |  LUT  | URAM|
+-----------------+---------+-----+--------+-------+-----+
|DSP              |        -|    -|       -|      -|    -|
|Expression       |        -|    -|       0|    514|    -|
|FIFO             |        -|    -|       -|      -|    -|
|Instance         |        -|    -|       -|      -|    -|
|Memory           |        -|    -|       -|      -|    -|
|Multiplexer      |        -|    -|       -|    127|    -|
|Register         |        -|    -|    1174|     96|    -|
+-----------------+---------+-----+--------+-------+-----+
|Total            |        0|    0|    1174|    737|    0|
+-----------------+---------+-----+--------+-------+-----+
|Available        |      280|  220|  106400|  53200|    0|
+-----------------+---------+-----+--------+-------+-----+
|Utilization (%)  |        0|    0|       1|      1|    0|
+-----------------+---------+-----+--------+-------+-----+

+ Detail: 
    * Instance: 
    N/A

    * DSP: 
    N/A

    * Memory: 
    N/A

    * FIFO: 
    N/A

    * Expression: 
    +---------------------------+----------+----+---+----+------------+------------+
    |       Variable Name       | Operation| DSP| FF| LUT| Bitwidth P0| Bitwidth P1|
    +---------------------------+----------+----+---+----+------------+------------+
    |add_ln2373_2_fu_450_p2     |         +|   0|  0|  39|          32|           5|
    |add_ln2373_5_fu_356_p2     |         +|   0|  0|  32|          32|          32|
    |add_ln2373_fu_336_p2       |         +|   0|  0|  32|          32|          32|
    |add_ln2534_1_fu_218_p2     |         +|   0|  0|  12|          11|           1|
    |add_ln2534_fu_230_p2       |         +|   0|  0|  15|           8|           1|
    |add_ln2535_fu_312_p2       |         +|   0|  0|  15|           8|           6|
    |add_ln2538_fu_435_p2       |         +|   0|  0|  39|          32|          32|
    |add_ln2540_fu_494_p2       |         +|   0|  0|  39|          32|          32|
    |add_ln2548_fu_555_p2       |         +|   0|  0|  10|          10|          10|
    |empty_fu_296_p2            |         -|   0|  0|  24|          17|          17|
    |sub_ln2373_10_fu_463_p2    |         -|   0|  0|  34|           1|          27|
    |sub_ln2373_8_fu_405_p2     |         -|   0|  0|  34|           1|          27|
    |sub_ln2373_9_fu_382_p2     |         -|   0|  0|  38|           6|          31|
    |sub_ln2373_fu_366_p2       |         -|   0|  0|  38|           1|          31|
    |sub_ln2548_fu_546_p2       |         -|   0|  0|  10|          10|          10|
    |icmp_ln2534_fu_212_p2      |      icmp|   0|  0|  12|          11|          10|
    |icmp_ln2535_fu_236_p2      |      icmp|   0|  0|  15|           8|           7|
    |ap_block_pp0_stage0_11001  |        or|   0|  0|   2|           1|           1|
    |ap_block_pp0_stage1_11001  |        or|   0|  0|   2|           1|           1|
    |select_ln2373_2_fu_478_p3  |    select|   0|  0|  27|           1|          27|
    |select_ln2373_fu_419_p3    |    select|   0|  0|  27|           1|          27|
    |select_ln2534_1_fu_250_p3  |    select|   0|  0|   8|           1|           8|
    |select_ln2534_fu_242_p3    |    select|   0|  0|   8|           1|           1|
    |ap_enable_pp0              |       xor|   0|  0|   2|           1|           2|
    +---------------------------+----------+----+---+----+------------+------------+
    |Total                      |          |   0|  0| 514|         259|         378|
    +---------------------------+----------+----+---+----+------------+------------+

    * Multiplexer: 
    +---------------------------------------+----+-----------+-----+-----------+
    |                  Name                 | LUT| Input Size| Bits| Total Bits|
    +---------------------------------------+----+-----------+-----+-----------+
    |ap_NS_fsm                              |  14|          3|    1|          3|
    |ap_done_int                            |   9|          2|    1|          2|
    |ap_enable_reg_pp0_iter0                |   9|          2|    1|          2|
    |ap_enable_reg_pp0_iter1                |   9|          2|    1|          2|
    |ap_sig_allocacmp_col_base_load         |   9|          2|    8|         16|
    |ap_sig_allocacmp_indvar_flatten6_load  |   9|          2|   11|         22|
    |ap_sig_allocacmp_row_load              |   9|          2|    8|         16|
    |col_base_fu_112                        |   9|          2|    8|         16|
    |indvar_flatten6_fu_120                 |   9|          2|   11|         22|
    |m_axi_weights_ARADDR                   |  14|          3|   32|         96|
    |row_fu_116                             |   9|          2|    8|         16|
    |weights_blk_n_AR                       |   9|          2|    1|          2|
    |weights_blk_n_R                        |   9|          2|    1|          2|
    +---------------------------------------+----+-----------+-----+-----------+
    |Total                                  | 127|         28|   92|        217|
    +---------------------------------------+----+-----------+-----+-----------+

    * Register: 
    +----------------------------------+-----+----+-----+-----------+
    |               Name               |  FF | LUT| Bits| Const Bits|
    +----------------------------------+-----+----+-----+-----------+
    |add_ln2373_5_reg_628              |   32|   0|   32|          0|
    |ap_CS_fsm                         |    2|   0|    2|          0|
    |ap_done_reg                       |    1|   0|    1|          0|
    |ap_enable_reg_pp0_iter0_reg       |    1|   0|    1|          0|
    |ap_enable_reg_pp0_iter1           |    1|   0|    1|          0|
    |ap_enable_reg_pp0_iter2           |    1|   0|    1|          0|
    |ap_enable_reg_pp0_iter3           |    1|   0|    1|          0|
    |ap_enable_reg_pp0_iter4           |    1|   0|    1|          0|
    |ap_enable_reg_pp0_iter5           |    1|   0|    1|          0|
    |ap_enable_reg_pp0_iter6           |    1|   0|    1|          0|
    |ap_loop_exit_ready_pp0_iter1_reg  |    1|   0|    1|          0|
    |ap_loop_exit_ready_pp0_iter2_reg  |    1|   0|    1|          0|
    |ap_loop_exit_ready_pp0_iter3_reg  |    1|   0|    1|          0|
    |ap_loop_exit_ready_pp0_iter4_reg  |    1|   0|    1|          0|
    |ap_loop_exit_ready_pp0_iter5_reg  |    1|   0|    1|          0|
    |col_base_fu_112                   |    8|   0|    8|          0|
    |empty_reg_618                     |   12|   0|   17|          5|
    |icmp_ln2534_reg_599               |    1|   0|    1|          0|
    |indvar_flatten6_fu_120            |   11|   0|   11|          0|
    |lshr_ln5_reg_612                  |    7|   0|    7|          0|
    |lshr_ln6_reg_623                  |    3|   0|    3|          0|
    |row_fu_116                        |    8|   0|    8|          0|
    |select_ln2534_reg_603             |    8|   0|    8|          0|
    |tmp_s_reg_672                     |  512|   0|  512|          0|
    |trunc_ln2373_5_reg_635            |   27|   0|   27|          0|
    |trunc_ln2373_7_reg_640            |   27|   0|   27|          0|
    |trunc_ln2534_reg_608              |    1|   0|    1|          0|
    |trunc_ln5_reg_650                 |   27|   0|   27|          0|
    |trunc_ln_reg_645                  |   27|   0|   27|          0|
    |word_lo_reg_667                   |  256|   0|  256|          0|
    |lshr_ln5_reg_612                  |   64|  32|    7|          0|
    |lshr_ln6_reg_623                  |   64|  32|    3|          0|
    |trunc_ln2534_reg_608              |   64|  32|    1|          0|
    +----------------------------------+-----+----+-----+-----------+
    |Total                             | 1174|  96|  998|          5|
    +----------------------------------+-----+----+-----+-----------+



================================================================
== Interface
================================================================
* Summary: 
+-----------------------------------------------------------------------------------------+-----+-----+------------+----------------------------------------------------------------------------------+--------------+
|                                        RTL Ports                                        | Dir | Bits|  Protocol  |                                   Source Object                                  |    C Type    |
+-----------------------------------------------------------------------------------------+-----+-----+------------+----------------------------------------------------------------------------------+--------------+
|ap_clk                                                                                   |   in|    1|  ap_ctrl_hs|  (anonymous namespace)LoadRealtimeGSULayerWeightsQ610_Pipeline_VITIS_LOOP_2534_5_|  return value|
|ap_rst                                                                                   |   in|    1|  ap_ctrl_hs|  (anonymous namespace)LoadRealtimeGSULayerWeightsQ610_Pipeline_VITIS_LOOP_2534_5_|  return value|
|ap_start                                                                                 |   in|    1|  ap_ctrl_hs|  (anonymous namespace)LoadRealtimeGSULayerWeightsQ610_Pipeline_VITIS_LOOP_2534_5_|  return value|
|ap_done                                                                                  |  out|    1|  ap_ctrl_hs|  (anonymous namespace)LoadRealtimeGSULayerWeightsQ610_Pipeline_VITIS_LOOP_2534_5_|  return value|
|ap_idle                                                                                  |  out|    1|  ap_ctrl_hs|  (anonymous namespace)LoadRealtimeGSULayerWeightsQ610_Pipeline_VITIS_LOOP_2534_5_|  return value|
|ap_ready                                                                                 |  out|    1|  ap_ctrl_hs|  (anonymous namespace)LoadRealtimeGSULayerWeightsQ610_Pipeline_VITIS_LOOP_2534_5_|  return value|
|m_axi_weights_AWVALID                                                                    |  out|    1|       m_axi|                                                                           weights|       pointer|
|m_axi_weights_AWREADY                                                                    |   in|    1|       m_axi|                                                                           weights|       pointer|
|m_axi_weights_AWADDR                                                                     |  out|   32|       m_axi|                                                                           weights|       pointer|
|m_axi_weights_AWID                                                                       |  out|    1|       m_axi|                                                                           weights|       pointer|
|m_axi_weights_AWLEN                                                                      |  out|   32|       m_axi|                                                                           weights|       pointer|
|m_axi_weights_AWSIZE                                                                     |  out|    3|       m_axi|                                                                           weights|       pointer|
|m_axi_weights_AWBURST                                                                    |  out|    2|       m_axi|                                                                           weights|       pointer|
|m_axi_weights_AWLOCK                                                                     |  out|    2|       m_axi|                                                                           weights|       pointer|
|m_axi_weights_AWCACHE                                                                    |  out|    4|       m_axi|                                                                           weights|       pointer|
|m_axi_weights_AWPROT                                                                     |  out|    3|       m_axi|                                                                           weights|       pointer|
|m_axi_weights_AWQOS                                                                      |  out|    4|       m_axi|                                                                           weights|       pointer|
|m_axi_weights_AWREGION                                                                   |  out|    4|       m_axi|                                                                           weights|       pointer|
|m_axi_weights_AWUSER                                                                     |  out|    1|       m_axi|                                                                           weights|       pointer|
|m_axi_weights_WVALID                                                                     |  out|    1|       m_axi|                                                                           weights|       pointer|
|m_axi_weights_WREADY                                                                     |   in|    1|       m_axi|                                                                           weights|       pointer|
|m_axi_weights_WDATA                                                                      |  out|  256|       m_axi|                                                                           weights|       pointer|
|m_axi_weights_WSTRB                                                                      |  out|   32|       m_axi|                                                                           weights|       pointer|
|m_axi_weights_WLAST                                                                      |  out|    1|       m_axi|                                                                           weights|       pointer|
|m_axi_weights_WID                                                                        |  out|    1|       m_axi|                                                                           weights|       pointer|
|m_axi_weights_WUSER                                                                      |  out|    1|       m_axi|                                                                           weights|       pointer|
|m_axi_weights_ARVALID                                                                    |  out|    1|       m_axi|                                                                           weights|       pointer|
|m_axi_weights_ARREADY                                                                    |   in|    1|       m_axi|                                                                           weights|       pointer|
|m_axi_weights_ARADDR                                                                     |  out|   32|       m_axi|                                                                           weights|       pointer|
|m_axi_weights_ARID                                                                       |  out|    1|       m_axi|                                                                           weights|       pointer|
|m_axi_weights_ARLEN                                                                      |  out|   32|       m_axi|                                                                           weights|       pointer|
|m_axi_weights_ARSIZE                                                                     |  out|    3|       m_axi|                                                                           weights|       pointer|
|m_axi_weights_ARBURST                                                                    |  out|    2|       m_axi|                                                                           weights|       pointer|
|m_axi_weights_ARLOCK                                                                     |  out|    2|       m_axi|                                                                           weights|       pointer|
|m_axi_weights_ARCACHE                                                                    |  out|    4|       m_axi|                                                                           weights|       pointer|
|m_axi_weights_ARPROT                                                                     |  out|    3|       m_axi|                                                                           weights|       pointer|
|m_axi_weights_ARQOS                                                                      |  out|    4|       m_axi|                                                                           weights|       pointer|
|m_axi_weights_ARREGION                                                                   |  out|    4|       m_axi|                                                                           weights|       pointer|
|m_axi_weights_ARUSER                                                                     |  out|    1|       m_axi|                                                                           weights|       pointer|
|m_axi_weights_RVALID                                                                     |   in|    1|       m_axi|                                                                           weights|       pointer|
|m_axi_weights_RREADY                                                                     |  out|    1|       m_axi|                                                                           weights|       pointer|
|m_axi_weights_RDATA                                                                      |   in|  256|       m_axi|                                                                           weights|       pointer|
|m_axi_weights_RLAST                                                                      |   in|    1|       m_axi|                                                                           weights|       pointer|
|m_axi_weights_RID                                                                        |   in|    1|       m_axi|                                                                           weights|       pointer|
|m_axi_weights_RFIFONUM                                                                   |   in|    5|       m_axi|                                                                           weights|       pointer|
|m_axi_weights_RUSER                                                                      |   in|    1|       m_axi|                                                                           weights|       pointer|
|m_axi_weights_RRESP                                                                      |   in|    2|       m_axi|                                                                           weights|       pointer|
|m_axi_weights_BVALID                                                                     |   in|    1|       m_axi|                                                                           weights|       pointer|
|m_axi_weights_BREADY                                                                     |  out|    1|       m_axi|                                                                           weights|       pointer|
|m_axi_weights_BRESP                                                                      |   in|    2|       m_axi|                                                                           weights|       pointer|
|m_axi_weights_BID                                                                        |   in|    1|       m_axi|                                                                           weights|       pointer|
|m_axi_weights_BUSER                                                                      |   in|    1|       m_axi|                                                                           weights|       pointer|
|weight_offset_read                                                                       |   in|   32|     ap_none|                                                                weight_offset_read|        scalar|
|weights_q610                                                                             |   in|   32|     ap_none|                                                                      weights_q610|        scalar|
|RunSubbandRealtimeTopCoreQ610_stream_stream_ap_uint_const_int_bool_stream_we_3_address1  |  out|   10|   ap_memory|    RunSubbandRealtimeTopCoreQ610_stream_stream_ap_uint_const_int_bool_stream_we_3|         array|
|RunSubbandRealtimeTopCoreQ610_stream_stream_ap_uint_const_int_bool_stream_we_3_ce1       |  out|    1|   ap_memory|    RunSubbandRealtimeTopCoreQ610_stream_stream_ap_uint_const_int_bool_stream_we_3|         array|
|RunSubbandRealtimeTopCoreQ610_stream_stream_ap_uint_const_int_bool_stream_we_3_we1       |  out|    1|   ap_memory|    RunSubbandRealtimeTopCoreQ610_stream_stream_ap_uint_const_int_bool_stream_we_3|         array|
|RunSubbandRealtimeTopCoreQ610_stream_stream_ap_uint_const_int_bool_stream_we_3_d1        |  out|  512|   ap_memory|    RunSubbandRealtimeTopCoreQ610_stream_stream_ap_uint_const_int_bool_stream_we_3|         array|
|RunSubbandRealtimeTopCoreQ610_stream_stream_ap_uint_const_int_bool_stream_we_2_address1  |  out|   10|   ap_memory|    RunSubbandRealtimeTopCoreQ610_stream_stream_ap_uint_const_int_bool_stream_we_2|         array|
|RunSubbandRealtimeTopCoreQ610_stream_stream_ap_uint_const_int_bool_stream_we_2_ce1       |  out|    1|   ap_memory|    RunSubbandRealtimeTopCoreQ610_stream_stream_ap_uint_const_int_bool_stream_we_2|         array|
|RunSubbandRealtimeTopCoreQ610_stream_stream_ap_uint_const_int_bool_stream_we_2_we1       |  out|    1|   ap_memory|    RunSubbandRealtimeTopCoreQ610_stream_stream_ap_uint_const_int_bool_stream_we_2|         array|
|RunSubbandRealtimeTopCoreQ610_stream_stream_ap_uint_const_int_bool_stream_we_2_d1        |  out|  512|   ap_memory|    RunSubbandRealtimeTopCoreQ610_stream_stream_ap_uint_const_int_bool_stream_we_2|         array|
+-----------------------------------------------------------------------------------------+-----+-----+------------+----------------------------------------------------------------------------------+--------------+

