

================================================================
== Vitis HLS Report for 'p_anonymous_namespace_LoadRealtimeProjectionWeightsQ610_Pipeline_VITIS_LOOP_2599_s'
================================================================
* Date:           Thu May 14 12:27:33 2026

* Version:        2023.2 (Build 4023990 on Oct 11 2023)
* Project:        subband_q610_realtime_hls
* Solution:       solution1 (Vivado IP Flow Target)
* Product family: zynq
* Target device:  xc7z020-clg400-1


================================================================
== Performance Estimates
================================================================
+ Timing: 
    * Summary: 
    +--------+----------+----------+------------+
    |  Clock |  Target  | Estimated| Uncertainty|
    +--------+----------+----------+------------+
    |ap_clk  |  10.00 ns|  8.254 ns|     2.70 ns|
    +--------+----------+----------+------------+

+ Latency: 
    * Summary: 
    +---------+---------+-----------+-----------+------+------+---------+
    |  Latency (cycles) |   Latency (absolute)  |   Interval  | Pipeline|
    |   min   |   max   |    min    |    max    |  min |  max |   Type  |
    +---------+---------+-----------+-----------+------+------+---------+
    |     2701|     2701|  27.010 us|  27.010 us|  2701|  2701|       no|
    +---------+---------+-----------+-----------+------+------+---------+

    + Detail: 
        * Instance: 
        N/A

        * Loop: 
        +---------------------------------------+---------+---------+----------+-----------+-----------+------+----------+
        |                                       |  Latency (cycles) | Iteration|  Initiation Interval  | Trip |          |
        |               Loop Name               |   min   |   max   |  Latency |  achieved |   target  | Count| Pipelined|
        +---------------------------------------+---------+---------+----------+-----------+-----------+------+----------+
        |- VITIS_LOOP_2599_1_VITIS_LOOP_2600_2  |     2699|     2699|        14|          2|          1|  1344|       yes|
        +---------------------------------------+---------+---------+----------+-----------+-----------+------+----------+



================================================================
== Utilization Estimates
================================================================
* Summary: 
+-----------------+---------+-----+--------+-------+-----+
|       Name      | BRAM_18K| DSP |   FF   |  LUT  | URAM|
+-----------------+---------+-----+--------+-------+-----+
|DSP              |        -|    -|       -|      -|    -|
|Expression       |        -|    -|       0|    545|    -|
|FIFO             |        -|    -|       -|      -|    -|
|Instance         |        -|    -|       -|      -|    -|
|Memory           |        -|    -|       -|      -|    -|
|Multiplexer      |        -|    -|       -|    145|    -|
|Register         |        -|    -|     927|     96|    -|
+-----------------+---------+-----+--------+-------+-----+
|Total            |        0|    0|     927|    786|    0|
+-----------------+---------+-----+--------+-------+-----+
|Available        |      280|  220|  106400|  53200|    0|
+-----------------+---------+-----+--------+-------+-----+
|Utilization (%)  |        0|    0|      ~0|      1|    0|
+-----------------+---------+-----+--------+-------+-----+

+ Detail: 
    * Instance: 
    N/A

    * DSP: 
    N/A

    * Memory: 
    N/A

    * FIFO: 
    N/A

    * Expression: 
    +-----------------------------------+----------+----+---+----+------------+------------+
    |           Variable Name           | Operation| DSP| FF| LUT| Bitwidth P0| Bitwidth P1|
    +-----------------------------------+----------+----+---+----+------------+------------+
    |add_ln2373_1_fu_464_p2             |         +|   0|  0|  39|          32|           5|
    |add_ln2373_2_fu_351_p2             |         +|   0|  0|  32|          32|          32|
    |add_ln2373_fu_346_p2               |         +|   0|  0|  32|          32|          32|
    |add_ln2599_1_fu_227_p2             |         +|   0|  0|  12|          11|           1|
    |add_ln2599_fu_239_p2               |         +|   0|  0|  15|           8|           1|
    |add_ln2600_fu_303_p2               |         +|   0|  0|  15|           8|           6|
    |add_ln2606_fu_449_p2               |         +|   0|  0|  39|          32|          32|
    |add_ln2607_fu_508_p2               |         +|   0|  0|  39|          32|          32|
    |add_ln2616_fu_406_p2               |         +|   0|  0|  12|          11|          11|
    |empty_fu_297_p2                    |         -|   0|  0|  24|          17|          17|
    |sub_ln2373_2_fu_419_p2             |         -|   0|  0|  34|           1|          27|
    |sub_ln2373_3_fu_377_p2             |         -|   0|  0|  38|           6|          31|
    |sub_ln2373_4_fu_477_p2             |         -|   0|  0|  34|           1|          27|
    |sub_ln2373_fu_361_p2               |         -|   0|  0|  38|           1|          31|
    |sub_ln2616_fu_337_p2               |         -|   0|  0|  12|          11|          11|
    |ap_block_state12_pp0_stage1_iter5  |       and|   0|  0|   2|           1|           1|
    |ap_block_state13_pp0_stage0_iter6  |       and|   0|  0|   2|           1|           1|
    |ap_block_state4_io                 |       and|   0|  0|   2|           1|           1|
    |ap_block_state5_io                 |       and|   0|  0|   2|           1|           1|
    |ap_predicate_op102_read_state12    |       and|   0|  0|   2|           1|           1|
    |ap_predicate_op85_readreq_state4   |       and|   0|  0|   2|           1|           1|
    |cmp5_fu_267_p2                     |      icmp|   0|  0|  15|           8|           8|
    |icmp_ln2599_fu_221_p2              |      icmp|   0|  0|  12|          11|          11|
    |icmp_ln2600_fu_245_p2              |      icmp|   0|  0|  15|           8|           7|
    |ap_block_pp0_stage0_11001          |        or|   0|  0|   2|           1|           1|
    |ap_block_pp0_stage1_11001          |        or|   0|  0|   2|           1|           1|
    |select_ln2373_1_fu_492_p3          |    select|   0|  0|  27|           1|          27|
    |select_ln2373_fu_433_p3            |    select|   0|  0|  27|           1|          27|
    |select_ln2599_1_fu_259_p3          |    select|   0|  0|   8|           1|           8|
    |select_ln2599_fu_251_p3            |    select|   0|  0|   8|           1|           1|
    |ap_enable_pp0                      |       xor|   0|  0|   2|           1|           2|
    +-----------------------------------+----------+----+---+----+------------+------------+
    |Total                              |          |   0|  0| 545|         275|         395|
    +-----------------------------------+----------+----+---+----+------------+------------+

    * Multiplexer: 
    +--------------------------------------+----+-----------+-----+-----------+
    |                 Name                 | LUT| Input Size| Bits| Total Bits|
    +--------------------------------------+----+-----------+-----+-----------+
    |ap_NS_fsm                             |  14|          3|    1|          3|
    |ap_done_int                           |   9|          2|    1|          2|
    |ap_enable_reg_pp0_iter0               |   9|          2|    1|          2|
    |ap_enable_reg_pp0_iter1               |   9|          2|    1|          2|
    |ap_phi_mux_word_hi_1_phi_fu_185_p4    |   9|          2|  256|        512|
    |ap_phi_mux_word_lo_1_phi_fu_196_p4    |   9|          2|  256|        512|
    |ap_sig_allocacmp_hidden_base_load     |   9|          2|    8|         16|
    |ap_sig_allocacmp_indvar_flatten_load  |   9|          2|   11|         22|
    |ap_sig_allocacmp_proj_index_load      |   9|          2|    8|         16|
    |hidden_base_fu_110                    |   9|          2|    8|         16|
    |indvar_flatten_fu_118                 |   9|          2|   11|         22|
    |m_axi_weights_ARADDR                  |  14|          3|   32|         96|
    |proj_index_fu_114                     |   9|          2|    8|         16|
    |weights_blk_n_AR                      |   9|          2|    1|          2|
    |weights_blk_n_R                       |   9|          2|    1|          2|
    +--------------------------------------+----+-----------+-----+-----------+
    |Total                                 | 145|         32|  604|       1241|
    +--------------------------------------+----+-----------+-----+-----------+

    * Register: 
    +----------------------------------+-----+----+-----+-----------+
    |               Name               |  FF | LUT| Bits| Const Bits|
    +----------------------------------+-----+----+-----+-----------+
    |add_ln2373_2_reg_613              |   32|   0|   32|          0|
    |add_ln2616_reg_630                |   11|   0|   11|          0|
    |ap_CS_fsm                         |    2|   0|    2|          0|
    |ap_done_reg                       |    1|   0|    1|          0|
    |ap_enable_reg_pp0_iter0_reg       |    1|   0|    1|          0|
    |ap_enable_reg_pp0_iter1           |    1|   0|    1|          0|
    |ap_enable_reg_pp0_iter2           |    1|   0|    1|          0|
    |ap_enable_reg_pp0_iter3           |    1|   0|    1|          0|
    |ap_enable_reg_pp0_iter4           |    1|   0|    1|          0|
    |ap_enable_reg_pp0_iter5           |    1|   0|    1|          0|
    |ap_enable_reg_pp0_iter6           |    1|   0|    1|          0|
    |ap_loop_exit_ready_pp0_iter1_reg  |    1|   0|    1|          0|
    |ap_loop_exit_ready_pp0_iter2_reg  |    1|   0|    1|          0|
    |ap_loop_exit_ready_pp0_iter3_reg  |    1|   0|    1|          0|
    |ap_loop_exit_ready_pp0_iter4_reg  |    1|   0|    1|          0|
    |ap_loop_exit_ready_pp0_iter5_reg  |    1|   0|    1|          0|
    |cmp5_reg_604                      |    1|   0|    1|          0|
    |empty_reg_608                     |   12|   0|   17|          5|
    |hidden_base_fu_110                |    8|   0|    8|          0|
    |icmp_ln2599_reg_588               |    1|   0|    1|          0|
    |indvar_flatten_fu_118             |   11|   0|   11|          0|
    |proj_index_fu_114                 |    8|   0|    8|          0|
    |select_ln2599_1_reg_598           |    8|   0|    8|          0|
    |select_ln2599_reg_592             |    8|   0|    8|          0|
    |trunc_ln2373_4_reg_620            |   27|   0|   27|          0|
    |trunc_ln2373_7_reg_625            |   27|   0|   27|          0|
    |trunc_ln4_reg_640                 |   27|   0|   27|          0|
    |trunc_ln_reg_635                  |   27|   0|   27|          0|
    |word_hi_reg_662                   |  256|   0|  256|          0|
    |word_lo_reg_657                   |  256|   0|  256|          0|
    |add_ln2616_reg_630                |   64|  32|   11|          0|
    |cmp5_reg_604                      |   64|  32|    1|          0|
    |icmp_ln2599_reg_588               |   64|  32|    1|          0|
    +----------------------------------+-----+----+-----+-----------+
    |Total                             |  927|  96|  753|          5|
    +----------------------------------+-----+----+-----+-----------+



================================================================
== Interface
================================================================
* Summary: 
+---------------------------------------------------------------------------------------+-----+-----+------------+----------------------------------------------------------------------------------+--------------+
|                                       RTL Ports                                       | Dir | Bits|  Protocol  |                                   Source Object                                  |    C Type    |
+---------------------------------------------------------------------------------------+-----+-----+------------+----------------------------------------------------------------------------------+--------------+
|ap_clk                                                                                 |   in|    1|  ap_ctrl_hs|  (anonymous namespace)LoadRealtimeProjectionWeightsQ610_Pipeline_VITIS_LOOP_2599_|  return value|
|ap_rst                                                                                 |   in|    1|  ap_ctrl_hs|  (anonymous namespace)LoadRealtimeProjectionWeightsQ610_Pipeline_VITIS_LOOP_2599_|  return value|
|ap_start                                                                               |   in|    1|  ap_ctrl_hs|  (anonymous namespace)LoadRealtimeProjectionWeightsQ610_Pipeline_VITIS_LOOP_2599_|  return value|
|ap_done                                                                                |  out|    1|  ap_ctrl_hs|  (anonymous namespace)LoadRealtimeProjectionWeightsQ610_Pipeline_VITIS_LOOP_2599_|  return value|
|ap_idle                                                                                |  out|    1|  ap_ctrl_hs|  (anonymous namespace)LoadRealtimeProjectionWeightsQ610_Pipeline_VITIS_LOOP_2599_|  return value|
|ap_ready                                                                               |  out|    1|  ap_ctrl_hs|  (anonymous namespace)LoadRealtimeProjectionWeightsQ610_Pipeline_VITIS_LOOP_2599_|  return value|
|m_axi_weights_AWVALID                                                                  |  out|    1|       m_axi|                                                                           weights|       pointer|
|m_axi_weights_AWREADY                                                                  |   in|    1|       m_axi|                                                                           weights|       pointer|
|m_axi_weights_AWADDR                                                                   |  out|   32|       m_axi|                                                                           weights|       pointer|
|m_axi_weights_AWID                                                                     |  out|    1|       m_axi|                                                                           weights|       pointer|
|m_axi_weights_AWLEN                                                                    |  out|   32|       m_axi|                                                                           weights|       pointer|
|m_axi_weights_AWSIZE                                                                   |  out|    3|       m_axi|                                                                           weights|       pointer|
|m_axi_weights_AWBURST                                                                  |  out|    2|       m_axi|                                                                           weights|       pointer|
|m_axi_weights_AWLOCK                                                                   |  out|    2|       m_axi|                                                                           weights|       pointer|
|m_axi_weights_AWCACHE                                                                  |  out|    4|       m_axi|                                                                           weights|       pointer|
|m_axi_weights_AWPROT                                                                   |  out|    3|       m_axi|                                                                           weights|       pointer|
|m_axi_weights_AWQOS                                                                    |  out|    4|       m_axi|                                                                           weights|       pointer|
|m_axi_weights_AWREGION                                                                 |  out|    4|       m_axi|                                                                           weights|       pointer|
|m_axi_weights_AWUSER                                                                   |  out|    1|       m_axi|                                                                           weights|       pointer|
|m_axi_weights_WVALID                                                                   |  out|    1|       m_axi|                                                                           weights|       pointer|
|m_axi_weights_WREADY                                                                   |   in|    1|       m_axi|                                                                           weights|       pointer|
|m_axi_weights_WDATA                                                                    |  out|  256|       m_axi|                                                                           weights|       pointer|
|m_axi_weights_WSTRB                                                                    |  out|   32|       m_axi|                                                                           weights|       pointer|
|m_axi_weights_WLAST                                                                    |  out|    1|       m_axi|                                                                           weights|       pointer|
|m_axi_weights_WID                                                                      |  out|    1|       m_axi|                                                                           weights|       pointer|
|m_axi_weights_WUSER                                                                    |  out|    1|       m_axi|                                                                           weights|       pointer|
|m_axi_weights_ARVALID                                                                  |  out|    1|       m_axi|                                                                           weights|       pointer|
|m_axi_weights_ARREADY                                                                  |   in|    1|       m_axi|                                                                           weights|       pointer|
|m_axi_weights_ARADDR                                                                   |  out|   32|       m_axi|                                                                           weights|       pointer|
|m_axi_weights_ARID                                                                     |  out|    1|       m_axi|                                                                           weights|       pointer|
|m_axi_weights_ARLEN                                                                    |  out|   32|       m_axi|                                                                           weights|       pointer|
|m_axi_weights_ARSIZE                                                                   |  out|    3|       m_axi|                                                                           weights|       pointer|
|m_axi_weights_ARBURST                                                                  |  out|    2|       m_axi|                                                                           weights|       pointer|
|m_axi_weights_ARLOCK                                                                   |  out|    2|       m_axi|                                                                           weights|       pointer|
|m_axi_weights_ARCACHE                                                                  |  out|    4|       m_axi|                                                                           weights|       pointer|
|m_axi_weights_ARPROT                                                                   |  out|    3|       m_axi|                                                                           weights|       pointer|
|m_axi_weights_ARQOS                                                                    |  out|    4|       m_axi|                                                                           weights|       pointer|
|m_axi_weights_ARREGION                                                                 |  out|    4|       m_axi|                                                                           weights|       pointer|
|m_axi_weights_ARUSER                                                                   |  out|    1|       m_axi|                                                                           weights|       pointer|
|m_axi_weights_RVALID                                                                   |   in|    1|       m_axi|                                                                           weights|       pointer|
|m_axi_weights_RREADY                                                                   |  out|    1|       m_axi|                                                                           weights|       pointer|
|m_axi_weights_RDATA                                                                    |   in|  256|       m_axi|                                                                           weights|       pointer|
|m_axi_weights_RLAST                                                                    |   in|    1|       m_axi|                                                                           weights|       pointer|
|m_axi_weights_RID                                                                      |   in|    1|       m_axi|                                                                           weights|       pointer|
|m_axi_weights_RFIFONUM                                                                 |   in|    5|       m_axi|                                                                           weights|       pointer|
|m_axi_weights_RUSER                                                                    |   in|    1|       m_axi|                                                                           weights|       pointer|
|m_axi_weights_RRESP                                                                    |   in|    2|       m_axi|                                                                           weights|       pointer|
|m_axi_weights_BVALID                                                                   |   in|    1|       m_axi|                                                                           weights|       pointer|
|m_axi_weights_BREADY                                                                   |  out|    1|       m_axi|                                                                           weights|       pointer|
|m_axi_weights_BRESP                                                                    |   in|    2|       m_axi|                                                                           weights|       pointer|
|m_axi_weights_BID                                                                      |   in|    1|       m_axi|                                                                           weights|       pointer|
|m_axi_weights_BUSER                                                                    |   in|    1|       m_axi|                                                                           weights|       pointer|
|proj_size                                                                              |   in|    8|     ap_none|                                                                         proj_size|        scalar|
|weight_offset_read                                                                     |   in|   32|     ap_none|                                                                weight_offset_read|        scalar|
|weights_q610                                                                           |   in|   32|     ap_none|                                                                      weights_q610|        scalar|
|RunSubbandRealtimeTopCoreQ610_stream_stream_ap_uint_const_int_bool_stream_pr_address1  |  out|   11|   ap_memory|      RunSubbandRealtimeTopCoreQ610_stream_stream_ap_uint_const_int_bool_stream_pr|         array|
|RunSubbandRealtimeTopCoreQ610_stream_stream_ap_uint_const_int_bool_stream_pr_ce1       |  out|    1|   ap_memory|      RunSubbandRealtimeTopCoreQ610_stream_stream_ap_uint_const_int_bool_stream_pr|         array|
|RunSubbandRealtimeTopCoreQ610_stream_stream_ap_uint_const_int_bool_stream_pr_we1       |  out|    1|   ap_memory|      RunSubbandRealtimeTopCoreQ610_stream_stream_ap_uint_const_int_bool_stream_pr|         array|
|RunSubbandRealtimeTopCoreQ610_stream_stream_ap_uint_const_int_bool_stream_pr_d1        |  out|  512|   ap_memory|      RunSubbandRealtimeTopCoreQ610_stream_stream_ap_uint_const_int_bool_stream_pr|         array|
+---------------------------------------------------------------------------------------+-----+-----+------------+----------------------------------------------------------------------------------+--------------+

