

================================================================
== Vitis HLS Report for 'p_anonymous_namespace_RunRealtimeGSUMacPhaseFixedQ610_Pipeline_VITIS_LOOP_2713_28'
================================================================
* Date:           Thu May 14 12:27:26 2026

* Version:        2023.2 (Build 4023990 on Oct 11 2023)
* Project:        subband_q610_realtime_hls
* Solution:       solution1 (Vivado IP Flow Target)
* Product family: zynq
* Target device:  xc7z020-clg400-1


================================================================
== Performance Estimates
================================================================
+ Timing: 
    * Summary: 
    +--------+----------+----------+------------+
    |  Clock |  Target  | Estimated| Uncertainty|
    +--------+----------+----------+------------+
    |ap_clk  |  10.00 ns|  6.573 ns|     2.70 ns|
    +--------+----------+----------+------------+

+ Latency: 
    * Summary: 
    +---------+---------+----------+----------+-----+-----+---------+
    |  Latency (cycles) |  Latency (absolute) |  Interval | Pipeline|
    |   min   |   max   |    min   |    max   | min | max |   Type  |
    +---------+---------+----------+----------+-----+-----+---------+
    |       11|       11|  0.110 us|  0.110 us|   11|   11|       no|
    +---------+---------+----------+----------+-----+-----+---------+

    + Detail: 
        * Instance: 
        N/A

        * Loop: 
        +---------------------+---------+---------+----------+-----------+-----------+------+----------+
        |                     |  Latency (cycles) | Iteration|  Initiation Interval  | Trip |          |
        |      Loop Name      |   min   |   max   |  Latency |  achieved |   target  | Count| Pipelined|
        +---------------------+---------+---------+----------+-----------+-----------+------+----------+
        |- VITIS_LOOP_2713_2  |        9|        9|         4|          1|          1|     7|       yes|
        +---------------------+---------+---------+----------+-----------+-----------+------+----------+



================================================================
== Utilization Estimates
================================================================
* Summary: 
+-----------------+---------+-----+--------+-------+-----+
|       Name      | BRAM_18K| DSP |   FF   |  LUT  | URAM|
+-----------------+---------+-----+--------+-------+-----+
|DSP              |        -|   32|       -|      -|    -|
|Expression       |        -|    -|       0|     45|    -|
|FIFO             |        -|    -|       -|      -|    -|
|Instance         |        -|    -|       0|   1184|    -|
|Memory           |        -|    -|       -|      -|    -|
|Multiplexer      |        -|    -|       -|    324|    -|
|Register         |        -|    -|    1617|      -|    -|
+-----------------+---------+-----+--------+-------+-----+
|Total            |        0|   32|    1617|   1553|    0|
+-----------------+---------+-----+--------+-------+-----+
|Available        |      280|  220|  106400|  53200|    0|
+-----------------+---------+-----+--------+-------+-----+
|Utilization (%)  |        0|   14|       1|      2|    0|
+-----------------+---------+-----+--------+-------+-----+

+ Detail: 
    * Instance: 
    +-----------------------------+-----------------------+---------+----+---+----+-----+
    |           Instance          |         Module        | BRAM_18K| DSP| FF| LUT| URAM|
    +-----------------------------+-----------------------+---------+----+---+----+-----+
    |sparsemux_15_8_16_1_1_U2083  |sparsemux_15_8_16_1_1  |        0|   0|  0|  37|    0|
    |sparsemux_15_8_16_1_1_U2084  |sparsemux_15_8_16_1_1  |        0|   0|  0|  37|    0|
    |sparsemux_15_8_16_1_1_U2085  |sparsemux_15_8_16_1_1  |        0|   0|  0|  37|    0|
    |sparsemux_15_8_16_1_1_U2086  |sparsemux_15_8_16_1_1  |        0|   0|  0|  37|    0|
    |sparsemux_15_8_16_1_1_U2087  |sparsemux_15_8_16_1_1  |        0|   0|  0|  37|    0|
    |sparsemux_15_8_16_1_1_U2088  |sparsemux_15_8_16_1_1  |        0|   0|  0|  37|    0|
    |sparsemux_15_8_16_1_1_U2089  |sparsemux_15_8_16_1_1  |        0|   0|  0|  37|    0|
    |sparsemux_15_8_16_1_1_U2090  |sparsemux_15_8_16_1_1  |        0|   0|  0|  37|    0|
    |sparsemux_15_8_16_1_1_U2091  |sparsemux_15_8_16_1_1  |        0|   0|  0|  37|    0|
    |sparsemux_15_8_16_1_1_U2092  |sparsemux_15_8_16_1_1  |        0|   0|  0|  37|    0|
    |sparsemux_15_8_16_1_1_U2093  |sparsemux_15_8_16_1_1  |        0|   0|  0|  37|    0|
    |sparsemux_15_8_16_1_1_U2094  |sparsemux_15_8_16_1_1  |        0|   0|  0|  37|    0|
    |sparsemux_15_8_16_1_1_U2095  |sparsemux_15_8_16_1_1  |        0|   0|  0|  37|    0|
    |sparsemux_15_8_16_1_1_U2096  |sparsemux_15_8_16_1_1  |        0|   0|  0|  37|    0|
    |sparsemux_15_8_16_1_1_U2097  |sparsemux_15_8_16_1_1  |        0|   0|  0|  37|    0|
    |sparsemux_15_8_16_1_1_U2098  |sparsemux_15_8_16_1_1  |        0|   0|  0|  37|    0|
    |sparsemux_15_8_16_1_1_U2099  |sparsemux_15_8_16_1_1  |        0|   0|  0|  37|    0|
    |sparsemux_15_8_16_1_1_U2100  |sparsemux_15_8_16_1_1  |        0|   0|  0|  37|    0|
    |sparsemux_15_8_16_1_1_U2101  |sparsemux_15_8_16_1_1  |        0|   0|  0|  37|    0|
    |sparsemux_15_8_16_1_1_U2102  |sparsemux_15_8_16_1_1  |        0|   0|  0|  37|    0|
    |sparsemux_15_8_16_1_1_U2103  |sparsemux_15_8_16_1_1  |        0|   0|  0|  37|    0|
    |sparsemux_15_8_16_1_1_U2104  |sparsemux_15_8_16_1_1  |        0|   0|  0|  37|    0|
    |sparsemux_15_8_16_1_1_U2105  |sparsemux_15_8_16_1_1  |        0|   0|  0|  37|    0|
    |sparsemux_15_8_16_1_1_U2106  |sparsemux_15_8_16_1_1  |        0|   0|  0|  37|    0|
    |sparsemux_15_8_16_1_1_U2107  |sparsemux_15_8_16_1_1  |        0|   0|  0|  37|    0|
    |sparsemux_15_8_16_1_1_U2108  |sparsemux_15_8_16_1_1  |        0|   0|  0|  37|    0|
    |sparsemux_15_8_16_1_1_U2109  |sparsemux_15_8_16_1_1  |        0|   0|  0|  37|    0|
    |sparsemux_15_8_16_1_1_U2110  |sparsemux_15_8_16_1_1  |        0|   0|  0|  37|    0|
    |sparsemux_15_8_16_1_1_U2111  |sparsemux_15_8_16_1_1  |        0|   0|  0|  37|    0|
    |sparsemux_15_8_16_1_1_U2112  |sparsemux_15_8_16_1_1  |        0|   0|  0|  37|    0|
    |sparsemux_15_8_16_1_1_U2113  |sparsemux_15_8_16_1_1  |        0|   0|  0|  37|    0|
    |sparsemux_15_8_16_1_1_U2114  |sparsemux_15_8_16_1_1  |        0|   0|  0|  37|    0|
    +-----------------------------+-----------------------+---------+----+---+----+-----+
    |Total                        |                       |        0|   0|  0|1184|    0|
    +-----------------------------+-----------------------+---------+----+---+----+-----+

    * DSP: 
    +-------------------------------------+-------------------------------+--------------+
    |               Instance              |             Module            |  Expression  |
    +-------------------------------------+-------------------------------+--------------+
    |mac_muladd_16s_16s_34s_34_3_1_U2115  |mac_muladd_16s_16s_34s_34_3_1  |  i0 * i1 + i2|
    |mac_muladd_16s_16s_34s_34_3_1_U2116  |mac_muladd_16s_16s_34s_34_3_1  |  i0 * i1 + i2|
    |mac_muladd_16s_16s_34s_34_3_1_U2117  |mac_muladd_16s_16s_34s_34_3_1  |  i0 * i1 + i2|
    |mac_muladd_16s_16s_34s_34_3_1_U2118  |mac_muladd_16s_16s_34s_34_3_1  |  i0 * i1 + i2|
    |mac_muladd_16s_16s_34s_34_3_1_U2119  |mac_muladd_16s_16s_34s_34_3_1  |  i0 * i1 + i2|
    |mac_muladd_16s_16s_34s_34_3_1_U2120  |mac_muladd_16s_16s_34s_34_3_1  |  i0 * i1 + i2|
    |mac_muladd_16s_16s_34s_34_3_1_U2121  |mac_muladd_16s_16s_34s_34_3_1  |  i0 * i1 + i2|
    |mac_muladd_16s_16s_34s_34_3_1_U2122  |mac_muladd_16s_16s_34s_34_3_1  |  i0 * i1 + i2|
    |mac_muladd_16s_16s_34s_34_3_1_U2123  |mac_muladd_16s_16s_34s_34_3_1  |  i0 * i1 + i2|
    |mac_muladd_16s_16s_34s_34_3_1_U2124  |mac_muladd_16s_16s_34s_34_3_1  |  i0 * i1 + i2|
    |mac_muladd_16s_16s_34s_34_3_1_U2125  |mac_muladd_16s_16s_34s_34_3_1  |  i0 * i1 + i2|
    |mac_muladd_16s_16s_34s_34_3_1_U2126  |mac_muladd_16s_16s_34s_34_3_1  |  i0 * i1 + i2|
    |mac_muladd_16s_16s_34s_34_3_1_U2127  |mac_muladd_16s_16s_34s_34_3_1  |  i0 * i1 + i2|
    |mac_muladd_16s_16s_34s_34_3_1_U2128  |mac_muladd_16s_16s_34s_34_3_1  |  i0 * i1 + i2|
    |mac_muladd_16s_16s_34s_34_3_1_U2129  |mac_muladd_16s_16s_34s_34_3_1  |  i0 * i1 + i2|
    |mac_muladd_16s_16s_34s_34_3_1_U2130  |mac_muladd_16s_16s_34s_34_3_1  |  i0 * i1 + i2|
    |mac_muladd_16s_16s_34s_34_3_1_U2131  |mac_muladd_16s_16s_34s_34_3_1  |  i0 * i1 + i2|
    |mac_muladd_16s_16s_34s_34_3_1_U2132  |mac_muladd_16s_16s_34s_34_3_1  |  i0 * i1 + i2|
    |mac_muladd_16s_16s_34s_34_3_1_U2133  |mac_muladd_16s_16s_34s_34_3_1  |  i0 * i1 + i2|
    |mac_muladd_16s_16s_34s_34_3_1_U2134  |mac_muladd_16s_16s_34s_34_3_1  |  i0 * i1 + i2|
    |mac_muladd_16s_16s_34s_34_3_1_U2135  |mac_muladd_16s_16s_34s_34_3_1  |  i0 * i1 + i2|
    |mac_muladd_16s_16s_34s_34_3_1_U2136  |mac_muladd_16s_16s_34s_34_3_1  |  i0 * i1 + i2|
    |mac_muladd_16s_16s_34s_34_3_1_U2137  |mac_muladd_16s_16s_34s_34_3_1  |  i0 * i1 + i2|
    |mac_muladd_16s_16s_34s_34_3_1_U2138  |mac_muladd_16s_16s_34s_34_3_1  |  i0 * i1 + i2|
    |mac_muladd_16s_16s_34s_34_3_1_U2139  |mac_muladd_16s_16s_34s_34_3_1  |  i0 * i1 + i2|
    |mac_muladd_16s_16s_34s_34_3_1_U2140  |mac_muladd_16s_16s_34s_34_3_1  |  i0 * i1 + i2|
    |mac_muladd_16s_16s_34s_34_3_1_U2141  |mac_muladd_16s_16s_34s_34_3_1  |  i0 * i1 + i2|
    |mac_muladd_16s_16s_34s_34_3_1_U2142  |mac_muladd_16s_16s_34s_34_3_1  |  i0 * i1 + i2|
    |mac_muladd_16s_16s_34s_34_3_1_U2143  |mac_muladd_16s_16s_34s_34_3_1  |  i0 * i1 + i2|
    |mac_muladd_16s_16s_34s_34_3_1_U2144  |mac_muladd_16s_16s_34s_34_3_1  |  i0 * i1 + i2|
    |mac_muladd_16s_16s_34s_34_3_1_U2145  |mac_muladd_16s_16s_34s_34_3_1  |  i0 * i1 + i2|
    |mac_muladd_16s_16s_34s_34_3_1_U2146  |mac_muladd_16s_16s_34s_34_3_1  |  i0 * i1 + i2|
    +-------------------------------------+-------------------------------+--------------+

    * Memory: 
    N/A

    * FIFO: 
    N/A

    * Expression: 
    +------------------------+----------+----+---+----+------------+------------+
    |      Variable Name     | Operation| DSP| FF| LUT| Bitwidth P0| Bitwidth P1|
    +------------------------+----------+----+---+----+------------+------------+
    |add_ln2713_fu_3846_p2   |         +|   0|  0|  15|           8|           6|
    |add_ln2719_fu_2719_p2   |         +|   0|  0|  13|          10|          10|
    |icmp_ln2713_fu_2663_p2  |      icmp|   0|  0|  15|           8|           7|
    |ap_enable_pp0           |       xor|   0|  0|   2|           1|           2|
    +------------------------+----------+----+---+----+------------+------------+
    |Total                   |          |   0|  0|  45|          27|          25|
    +------------------------+----------+----+---+----+------------+------------+

    * Multiplexer: 
    +-----------------------------+----+-----------+-----+-----------+
    |             Name            | LUT| Input Size| Bits| Total Bits|
    +-----------------------------+----+-----------+-----+-----------+
    |ap_done_int                  |   9|          2|    1|          2|
    |ap_enable_reg_pp0_iter1      |   9|          2|    1|          2|
    |ap_sig_allocacmp_base_index  |   9|          2|    8|         16|
    |empty_536_fu_780             |   9|          2|   34|         68|
    |empty_537_fu_784             |   9|          2|   34|         68|
    |empty_538_fu_788             |   9|          2|   34|         68|
    |empty_539_fu_792             |   9|          2|   34|         68|
    |empty_540_fu_796             |   9|          2|   34|         68|
    |empty_541_fu_800             |   9|          2|   34|         68|
    |empty_542_fu_804             |   9|          2|   34|         68|
    |empty_543_fu_808             |   9|          2|   34|         68|
    |empty_544_fu_812             |   9|          2|   34|         68|
    |empty_545_fu_816             |   9|          2|   34|         68|
    |empty_546_fu_820             |   9|          2|   34|         68|
    |empty_547_fu_824             |   9|          2|   34|         68|
    |empty_548_fu_828             |   9|          2|   34|         68|
    |empty_549_fu_832             |   9|          2|   34|         68|
    |empty_550_fu_836             |   9|          2|   34|         68|
    |empty_551_fu_840             |   9|          2|   34|         68|
    |empty_552_fu_844             |   9|          2|   34|         68|
    |empty_553_fu_848             |   9|          2|   34|         68|
    |empty_554_fu_852             |   9|          2|   34|         68|
    |empty_555_fu_856             |   9|          2|   34|         68|
    |empty_556_fu_860             |   9|          2|   34|         68|
    |empty_557_fu_864             |   9|          2|   34|         68|
    |empty_558_fu_868             |   9|          2|   34|         68|
    |empty_559_fu_872             |   9|          2|   34|         68|
    |empty_560_fu_876             |   9|          2|   34|         68|
    |empty_561_fu_880             |   9|          2|   34|         68|
    |empty_562_fu_884             |   9|          2|   34|         68|
    |empty_563_fu_888             |   9|          2|   34|         68|
    |empty_564_fu_892             |   9|          2|   34|         68|
    |empty_565_fu_896             |   9|          2|   34|         68|
    |empty_566_fu_900             |   9|          2|   34|         68|
    |empty_fu_776                 |   9|          2|   34|         68|
    |index_fu_904                 |   9|          2|    8|         16|
    +-----------------------------+----+-----------+-----+-----------+
    |Total                        | 324|         72| 1106|       2212|
    +-----------------------------+----+-----------+-----+-----------+

    * Register: 
    +------------------------------------+----+----+-----+-----------+
    |                Name                | FF | LUT| Bits| Const Bits|
    +------------------------------------+----+----+-----+-----------+
    |ap_CS_fsm                           |   1|   0|    1|          0|
    |ap_done_reg                         |   1|   0|    1|          0|
    |ap_enable_reg_pp0_iter1             |   1|   0|    1|          0|
    |ap_enable_reg_pp0_iter2             |   1|   0|    1|          0|
    |ap_enable_reg_pp0_iter3             |   1|   0|    1|          0|
    |ap_loop_exit_ready_pp0_iter1_reg    |   1|   0|    1|          0|
    |ap_loop_exit_ready_pp0_iter2_reg    |   1|   0|    1|          0|
    |empty_536_fu_780                    |  34|   0|   34|          0|
    |empty_537_fu_784                    |  34|   0|   34|          0|
    |empty_538_fu_788                    |  34|   0|   34|          0|
    |empty_539_fu_792                    |  34|   0|   34|          0|
    |empty_540_fu_796                    |  34|   0|   34|          0|
    |empty_541_fu_800                    |  34|   0|   34|          0|
    |empty_542_fu_804                    |  34|   0|   34|          0|
    |empty_543_fu_808                    |  34|   0|   34|          0|
    |empty_544_fu_812                    |  34|   0|   34|          0|
    |empty_545_fu_816                    |  34|   0|   34|          0|
    |empty_546_fu_820                    |  34|   0|   34|          0|
    |empty_547_fu_824                    |  34|   0|   34|          0|
    |empty_548_fu_828                    |  34|   0|   34|          0|
    |empty_549_fu_832                    |  34|   0|   34|          0|
    |empty_550_fu_836                    |  34|   0|   34|          0|
    |empty_551_fu_840                    |  34|   0|   34|          0|
    |empty_552_fu_844                    |  34|   0|   34|          0|
    |empty_553_fu_848                    |  34|   0|   34|          0|
    |empty_554_fu_852                    |  34|   0|   34|          0|
    |empty_555_fu_856                    |  34|   0|   34|          0|
    |empty_556_fu_860                    |  34|   0|   34|          0|
    |empty_557_fu_864                    |  34|   0|   34|          0|
    |empty_558_fu_868                    |  34|   0|   34|          0|
    |empty_559_fu_872                    |  34|   0|   34|          0|
    |empty_560_fu_876                    |  34|   0|   34|          0|
    |empty_561_fu_880                    |  34|   0|   34|          0|
    |empty_562_fu_884                    |  34|   0|   34|          0|
    |empty_563_fu_888                    |  34|   0|   34|          0|
    |empty_564_fu_892                    |  34|   0|   34|          0|
    |empty_565_fu_896                    |  34|   0|   34|          0|
    |empty_566_fu_900                    |  34|   0|   34|          0|
    |empty_fu_776                        |  34|   0|   34|          0|
    |icmp_ln2713_reg_5298                |   1|   0|    1|          0|
    |icmp_ln2713_reg_5298_pp0_iter1_reg  |   1|   0|    1|          0|
    |index_fu_904                        |   8|   0|    8|          0|
    |lhs_63_reg_5312                     |  16|   0|   16|          0|
    |lhs_64_reg_5317                     |  16|   0|   16|          0|
    |lhs_65_reg_5322                     |  16|   0|   16|          0|
    |lhs_66_reg_5327                     |  16|   0|   16|          0|
    |lhs_67_reg_5332                     |  16|   0|   16|          0|
    |lhs_68_reg_5337                     |  16|   0|   16|          0|
    |lhs_69_reg_5342                     |  16|   0|   16|          0|
    |lhs_70_reg_5347                     |  16|   0|   16|          0|
    |lhs_71_reg_5352                     |  16|   0|   16|          0|
    |lhs_72_reg_5357                     |  16|   0|   16|          0|
    |lhs_73_reg_5362                     |  16|   0|   16|          0|
    |lhs_74_reg_5367                     |  16|   0|   16|          0|
    |lhs_75_reg_5372                     |  16|   0|   16|          0|
    |lhs_76_reg_5377                     |  16|   0|   16|          0|
    |lhs_77_reg_5382                     |  16|   0|   16|          0|
    |lhs_78_reg_5387                     |  16|   0|   16|          0|
    |lhs_79_reg_5392                     |  16|   0|   16|          0|
    |lhs_80_reg_5397                     |  16|   0|   16|          0|
    |lhs_81_reg_5402                     |  16|   0|   16|          0|
    |lhs_82_reg_5407                     |  16|   0|   16|          0|
    |lhs_83_reg_5412                     |  16|   0|   16|          0|
    |lhs_84_reg_5417                     |  16|   0|   16|          0|
    |lhs_85_reg_5422                     |  16|   0|   16|          0|
    |lhs_86_reg_5427                     |  16|   0|   16|          0|
    |lhs_87_reg_5432                     |  16|   0|   16|          0|
    |lhs_88_reg_5437                     |  16|   0|   16|          0|
    |lhs_89_reg_5442                     |  16|   0|   16|          0|
    |lhs_90_reg_5447                     |  16|   0|   16|          0|
    |lhs_91_reg_5452                     |  16|   0|   16|          0|
    |lhs_92_reg_5457                     |  16|   0|   16|          0|
    |lhs_93_reg_5462                     |  16|   0|   16|          0|
    |lhs_reg_5302                        |  16|   0|   16|          0|
    +------------------------------------+----+----+-----+-----------+
    |Total                               |1617|   0| 1617|          0|
    +------------------------------------+----+----+-----+-----------+



================================================================
== Interface
================================================================
* Summary: 
+----------------------+-----+-----+------------+----------------------------------------------------------------------------------+--------------+
|       RTL Ports      | Dir | Bits|  Protocol  |                                   Source Object                                  |    C Type    |
+----------------------+-----+-----+------------+----------------------------------------------------------------------------------+--------------+
|ap_clk                |   in|    1|  ap_ctrl_hs|  (anonymous namespace)RunRealtimeGSUMacPhaseFixedQ610_Pipeline_VITIS_LOOP_2713_28|  return value|
|ap_rst                |   in|    1|  ap_ctrl_hs|  (anonymous namespace)RunRealtimeGSUMacPhaseFixedQ610_Pipeline_VITIS_LOOP_2713_28|  return value|
|ap_start              |   in|    1|  ap_ctrl_hs|  (anonymous namespace)RunRealtimeGSUMacPhaseFixedQ610_Pipeline_VITIS_LOOP_2713_28|  return value|
|ap_done               |  out|    1|  ap_ctrl_hs|  (anonymous namespace)RunRealtimeGSUMacPhaseFixedQ610_Pipeline_VITIS_LOOP_2713_28|  return value|
|ap_idle               |  out|    1|  ap_ctrl_hs|  (anonymous namespace)RunRealtimeGSUMacPhaseFixedQ610_Pipeline_VITIS_LOOP_2713_28|  return value|
|ap_ready              |  out|    1|  ap_ctrl_hs|  (anonymous namespace)RunRealtimeGSUMacPhaseFixedQ610_Pipeline_VITIS_LOOP_2713_28|  return value|
|input_ptr_0_val       |   in|   16|     ap_none|                                                                   input_ptr_0_val|        scalar|
|input_ptr_32_val      |   in|   16|     ap_none|                                                                  input_ptr_32_val|        scalar|
|input_ptr_64_val      |   in|   16|     ap_none|                                                                  input_ptr_64_val|        scalar|
|input_ptr_96_val      |   in|   16|     ap_none|                                                                  input_ptr_96_val|        scalar|
|input_ptr_128_val     |   in|   16|     ap_none|                                                                 input_ptr_128_val|        scalar|
|input_ptr_160_val     |   in|   16|     ap_none|                                                                 input_ptr_160_val|        scalar|
|input_ptr_192_val     |   in|   16|     ap_none|                                                                 input_ptr_192_val|        scalar|
|sub_ln2719            |   in|   10|     ap_none|                                                                        sub_ln2719|        scalar|
|weight_ih_1_address0  |  out|   10|   ap_memory|                                                                       weight_ih_1|         array|
|weight_ih_1_ce0       |  out|    1|   ap_memory|                                                                       weight_ih_1|         array|
|weight_ih_1_q0        |   in|  512|   ap_memory|                                                                       weight_ih_1|         array|
|input_ptr_1_val       |   in|   16|     ap_none|                                                                   input_ptr_1_val|        scalar|
|input_ptr_33_val      |   in|   16|     ap_none|                                                                  input_ptr_33_val|        scalar|
|input_ptr_65_val      |   in|   16|     ap_none|                                                                  input_ptr_65_val|        scalar|
|input_ptr_97_val      |   in|   16|     ap_none|                                                                  input_ptr_97_val|        scalar|
|input_ptr_129_val     |   in|   16|     ap_none|                                                                 input_ptr_129_val|        scalar|
|input_ptr_161_val     |   in|   16|     ap_none|                                                                 input_ptr_161_val|        scalar|
|input_ptr_193_val     |   in|   16|     ap_none|                                                                 input_ptr_193_val|        scalar|
|input_ptr_2_val       |   in|   16|     ap_none|                                                                   input_ptr_2_val|        scalar|
|input_ptr_34_val      |   in|   16|     ap_none|                                                                  input_ptr_34_val|        scalar|
|input_ptr_66_val      |   in|   16|     ap_none|                                                                  input_ptr_66_val|        scalar|
|input_ptr_98_val      |   in|   16|     ap_none|                                                                  input_ptr_98_val|        scalar|
|input_ptr_130_val     |   in|   16|     ap_none|                                                                 input_ptr_130_val|        scalar|
|input_ptr_162_val     |   in|   16|     ap_none|                                                                 input_ptr_162_val|        scalar|
|input_ptr_194_val     |   in|   16|     ap_none|                                                                 input_ptr_194_val|        scalar|
|input_ptr_3_val       |   in|   16|     ap_none|                                                                   input_ptr_3_val|        scalar|
|input_ptr_35_val      |   in|   16|     ap_none|                                                                  input_ptr_35_val|        scalar|
|input_ptr_67_val      |   in|   16|     ap_none|                                                                  input_ptr_67_val|        scalar|
|input_ptr_99_val      |   in|   16|     ap_none|                                                                  input_ptr_99_val|        scalar|
|input_ptr_131_val     |   in|   16|     ap_none|                                                                 input_ptr_131_val|        scalar|
|input_ptr_163_val     |   in|   16|     ap_none|                                                                 input_ptr_163_val|        scalar|
|input_ptr_195_val     |   in|   16|     ap_none|                                                                 input_ptr_195_val|        scalar|
|input_ptr_4_val       |   in|   16|     ap_none|                                                                   input_ptr_4_val|        scalar|
|input_ptr_36_val      |   in|   16|     ap_none|                                                                  input_ptr_36_val|        scalar|
|input_ptr_68_val      |   in|   16|     ap_none|                                                                  input_ptr_68_val|        scalar|
|input_ptr_100_val     |   in|   16|     ap_none|                                                                 input_ptr_100_val|        scalar|
|input_ptr_132_val     |   in|   16|     ap_none|                                                                 input_ptr_132_val|        scalar|
|input_ptr_164_val     |   in|   16|     ap_none|                                                                 input_ptr_164_val|        scalar|
|input_ptr_196_val     |   in|   16|     ap_none|                                                                 input_ptr_196_val|        scalar|
|input_ptr_5_val       |   in|   16|     ap_none|                                                                   input_ptr_5_val|        scalar|
|input_ptr_37_val      |   in|   16|     ap_none|                                                                  input_ptr_37_val|        scalar|
|input_ptr_69_val      |   in|   16|     ap_none|                                                                  input_ptr_69_val|        scalar|
|input_ptr_101_val     |   in|   16|     ap_none|                                                                 input_ptr_101_val|        scalar|
|input_ptr_133_val     |   in|   16|     ap_none|                                                                 input_ptr_133_val|        scalar|
|input_ptr_165_val     |   in|   16|     ap_none|                                                                 input_ptr_165_val|        scalar|
|input_ptr_197_val     |   in|   16|     ap_none|                                                                 input_ptr_197_val|        scalar|
|input_ptr_6_val       |   in|   16|     ap_none|                                                                   input_ptr_6_val|        scalar|
|input_ptr_38_val      |   in|   16|     ap_none|                                                                  input_ptr_38_val|        scalar|
|input_ptr_70_val      |   in|   16|     ap_none|                                                                  input_ptr_70_val|        scalar|
|input_ptr_102_val     |   in|   16|     ap_none|                                                                 input_ptr_102_val|        scalar|
|input_ptr_134_val     |   in|   16|     ap_none|                                                                 input_ptr_134_val|        scalar|
|input_ptr_166_val     |   in|   16|     ap_none|                                                                 input_ptr_166_val|        scalar|
|input_ptr_198_val     |   in|   16|     ap_none|                                                                 input_ptr_198_val|        scalar|
|input_ptr_7_val       |   in|   16|     ap_none|                                                                   input_ptr_7_val|        scalar|
|input_ptr_39_val      |   in|   16|     ap_none|                                                                  input_ptr_39_val|        scalar|
|input_ptr_71_val      |   in|   16|     ap_none|                                                                  input_ptr_71_val|        scalar|
|input_ptr_103_val     |   in|   16|     ap_none|                                                                 input_ptr_103_val|        scalar|
|input_ptr_135_val     |   in|   16|     ap_none|                                                                 input_ptr_135_val|        scalar|
|input_ptr_167_val     |   in|   16|     ap_none|                                                                 input_ptr_167_val|        scalar|
|input_ptr_199_val     |   in|   16|     ap_none|                                                                 input_ptr_199_val|        scalar|
|input_ptr_8_val       |   in|   16|     ap_none|                                                                   input_ptr_8_val|        scalar|
|input_ptr_40_val      |   in|   16|     ap_none|                                                                  input_ptr_40_val|        scalar|
|input_ptr_72_val      |   in|   16|     ap_none|                                                                  input_ptr_72_val|        scalar|
|input_ptr_104_val     |   in|   16|     ap_none|                                                                 input_ptr_104_val|        scalar|
|input_ptr_136_val     |   in|   16|     ap_none|                                                                 input_ptr_136_val|        scalar|
|input_ptr_168_val     |   in|   16|     ap_none|                                                                 input_ptr_168_val|        scalar|
|input_ptr_200_val     |   in|   16|     ap_none|                                                                 input_ptr_200_val|        scalar|
|input_ptr_9_val       |   in|   16|     ap_none|                                                                   input_ptr_9_val|        scalar|
|input_ptr_41_val      |   in|   16|     ap_none|                                                                  input_ptr_41_val|        scalar|
|input_ptr_73_val      |   in|   16|     ap_none|                                                                  input_ptr_73_val|        scalar|
|input_ptr_105_val     |   in|   16|     ap_none|                                                                 input_ptr_105_val|        scalar|
|input_ptr_137_val     |   in|   16|     ap_none|                                                                 input_ptr_137_val|        scalar|
|input_ptr_169_val     |   in|   16|     ap_none|                                                                 input_ptr_169_val|        scalar|
|input_ptr_201_val     |   in|   16|     ap_none|                                                                 input_ptr_201_val|        scalar|
|input_ptr_10_val      |   in|   16|     ap_none|                                                                  input_ptr_10_val|        scalar|
|input_ptr_42_val      |   in|   16|     ap_none|                                                                  input_ptr_42_val|        scalar|
|input_ptr_74_val      |   in|   16|     ap_none|                                                                  input_ptr_74_val|        scalar|
|input_ptr_106_val     |   in|   16|     ap_none|                                                                 input_ptr_106_val|        scalar|
|input_ptr_138_val     |   in|   16|     ap_none|                                                                 input_ptr_138_val|        scalar|
|input_ptr_170_val     |   in|   16|     ap_none|                                                                 input_ptr_170_val|        scalar|
|input_ptr_202_val     |   in|   16|     ap_none|                                                                 input_ptr_202_val|        scalar|
|input_ptr_11_val      |   in|   16|     ap_none|                                                                  input_ptr_11_val|        scalar|
|input_ptr_43_val      |   in|   16|     ap_none|                                                                  input_ptr_43_val|        scalar|
|input_ptr_75_val      |   in|   16|     ap_none|                                                                  input_ptr_75_val|        scalar|
|input_ptr_107_val     |   in|   16|     ap_none|                                                                 input_ptr_107_val|        scalar|
|input_ptr_139_val     |   in|   16|     ap_none|                                                                 input_ptr_139_val|        scalar|
|input_ptr_171_val     |   in|   16|     ap_none|                                                                 input_ptr_171_val|        scalar|
|input_ptr_203_val     |   in|   16|     ap_none|                                                                 input_ptr_203_val|        scalar|
|input_ptr_12_val      |   in|   16|     ap_none|                                                                  input_ptr_12_val|        scalar|
|input_ptr_44_val      |   in|   16|     ap_none|                                                                  input_ptr_44_val|        scalar|
|input_ptr_76_val      |   in|   16|     ap_none|                                                                  input_ptr_76_val|        scalar|
|input_ptr_108_val     |   in|   16|     ap_none|                                                                 input_ptr_108_val|        scalar|
|input_ptr_140_val     |   in|   16|     ap_none|                                                                 input_ptr_140_val|        scalar|
|input_ptr_172_val     |   in|   16|     ap_none|                                                                 input_ptr_172_val|        scalar|
|input_ptr_204_val     |   in|   16|     ap_none|                                                                 input_ptr_204_val|        scalar|
|input_ptr_13_val      |   in|   16|     ap_none|                                                                  input_ptr_13_val|        scalar|
|input_ptr_45_val      |   in|   16|     ap_none|                                                                  input_ptr_45_val|        scalar|
|input_ptr_77_val      |   in|   16|     ap_none|                                                                  input_ptr_77_val|        scalar|
|input_ptr_109_val     |   in|   16|     ap_none|                                                                 input_ptr_109_val|        scalar|
|input_ptr_141_val     |   in|   16|     ap_none|                                                                 input_ptr_141_val|        scalar|
|input_ptr_173_val     |   in|   16|     ap_none|                                                                 input_ptr_173_val|        scalar|
|input_ptr_205_val     |   in|   16|     ap_none|                                                                 input_ptr_205_val|        scalar|
|input_ptr_14_val      |   in|   16|     ap_none|                                                                  input_ptr_14_val|        scalar|
|input_ptr_46_val      |   in|   16|     ap_none|                                                                  input_ptr_46_val|        scalar|
|input_ptr_78_val      |   in|   16|     ap_none|                                                                  input_ptr_78_val|        scalar|
|input_ptr_110_val     |   in|   16|     ap_none|                                                                 input_ptr_110_val|        scalar|
|input_ptr_142_val     |   in|   16|     ap_none|                                                                 input_ptr_142_val|        scalar|
|input_ptr_174_val     |   in|   16|     ap_none|                                                                 input_ptr_174_val|        scalar|
|input_ptr_206_val     |   in|   16|     ap_none|                                                                 input_ptr_206_val|        scalar|
|input_ptr_15_val      |   in|   16|     ap_none|                                                                  input_ptr_15_val|        scalar|
|input_ptr_47_val      |   in|   16|     ap_none|                                                                  input_ptr_47_val|        scalar|
|input_ptr_79_val      |   in|   16|     ap_none|                                                                  input_ptr_79_val|        scalar|
|input_ptr_111_val     |   in|   16|     ap_none|                                                                 input_ptr_111_val|        scalar|
|input_ptr_143_val     |   in|   16|     ap_none|                                                                 input_ptr_143_val|        scalar|
|input_ptr_175_val     |   in|   16|     ap_none|                                                                 input_ptr_175_val|        scalar|
|input_ptr_207_val     |   in|   16|     ap_none|                                                                 input_ptr_207_val|        scalar|
|input_ptr_16_val      |   in|   16|     ap_none|                                                                  input_ptr_16_val|        scalar|
|input_ptr_48_val      |   in|   16|     ap_none|                                                                  input_ptr_48_val|        scalar|
|input_ptr_80_val      |   in|   16|     ap_none|                                                                  input_ptr_80_val|        scalar|
|input_ptr_112_val     |   in|   16|     ap_none|                                                                 input_ptr_112_val|        scalar|
|input_ptr_144_val     |   in|   16|     ap_none|                                                                 input_ptr_144_val|        scalar|
|input_ptr_176_val     |   in|   16|     ap_none|                                                                 input_ptr_176_val|        scalar|
|input_ptr_208_val     |   in|   16|     ap_none|                                                                 input_ptr_208_val|        scalar|
|input_ptr_17_val      |   in|   16|     ap_none|                                                                  input_ptr_17_val|        scalar|
|input_ptr_49_val      |   in|   16|     ap_none|                                                                  input_ptr_49_val|        scalar|
|input_ptr_81_val      |   in|   16|     ap_none|                                                                  input_ptr_81_val|        scalar|
|input_ptr_113_val     |   in|   16|     ap_none|                                                                 input_ptr_113_val|        scalar|
|input_ptr_145_val     |   in|   16|     ap_none|                                                                 input_ptr_145_val|        scalar|
|input_ptr_177_val     |   in|   16|     ap_none|                                                                 input_ptr_177_val|        scalar|
|input_ptr_209_val     |   in|   16|     ap_none|                                                                 input_ptr_209_val|        scalar|
|input_ptr_18_val      |   in|   16|     ap_none|                                                                  input_ptr_18_val|        scalar|
|input_ptr_50_val      |   in|   16|     ap_none|                                                                  input_ptr_50_val|        scalar|
|input_ptr_82_val      |   in|   16|     ap_none|                                                                  input_ptr_82_val|        scalar|
|input_ptr_114_val     |   in|   16|     ap_none|                                                                 input_ptr_114_val|        scalar|
|input_ptr_146_val     |   in|   16|     ap_none|                                                                 input_ptr_146_val|        scalar|
|input_ptr_178_val     |   in|   16|     ap_none|                                                                 input_ptr_178_val|        scalar|
|input_ptr_210_val     |   in|   16|     ap_none|                                                                 input_ptr_210_val|        scalar|
|input_ptr_19_val      |   in|   16|     ap_none|                                                                  input_ptr_19_val|        scalar|
|input_ptr_51_val      |   in|   16|     ap_none|                                                                  input_ptr_51_val|        scalar|
|input_ptr_83_val      |   in|   16|     ap_none|                                                                  input_ptr_83_val|        scalar|
|input_ptr_115_val     |   in|   16|     ap_none|                                                                 input_ptr_115_val|        scalar|
|input_ptr_147_val     |   in|   16|     ap_none|                                                                 input_ptr_147_val|        scalar|
|input_ptr_179_val     |   in|   16|     ap_none|                                                                 input_ptr_179_val|        scalar|
|input_ptr_211_val     |   in|   16|     ap_none|                                                                 input_ptr_211_val|        scalar|
|input_ptr_20_val      |   in|   16|     ap_none|                                                                  input_ptr_20_val|        scalar|
|input_ptr_52_val      |   in|   16|     ap_none|                                                                  input_ptr_52_val|        scalar|
|input_ptr_84_val      |   in|   16|     ap_none|                                                                  input_ptr_84_val|        scalar|
|input_ptr_116_val     |   in|   16|     ap_none|                                                                 input_ptr_116_val|        scalar|
|input_ptr_148_val     |   in|   16|     ap_none|                                                                 input_ptr_148_val|        scalar|
|input_ptr_180_val     |   in|   16|     ap_none|                                                                 input_ptr_180_val|        scalar|
|input_ptr_212_val     |   in|   16|     ap_none|                                                                 input_ptr_212_val|        scalar|
|input_ptr_21_val      |   in|   16|     ap_none|                                                                  input_ptr_21_val|        scalar|
|input_ptr_53_val      |   in|   16|     ap_none|                                                                  input_ptr_53_val|        scalar|
|input_ptr_85_val      |   in|   16|     ap_none|                                                                  input_ptr_85_val|        scalar|
|input_ptr_117_val     |   in|   16|     ap_none|                                                                 input_ptr_117_val|        scalar|
|input_ptr_149_val     |   in|   16|     ap_none|                                                                 input_ptr_149_val|        scalar|
|input_ptr_181_val     |   in|   16|     ap_none|                                                                 input_ptr_181_val|        scalar|
|input_ptr_213_val     |   in|   16|     ap_none|                                                                 input_ptr_213_val|        scalar|
|input_ptr_22_val      |   in|   16|     ap_none|                                                                  input_ptr_22_val|        scalar|
|input_ptr_54_val      |   in|   16|     ap_none|                                                                  input_ptr_54_val|        scalar|
|input_ptr_86_val      |   in|   16|     ap_none|                                                                  input_ptr_86_val|        scalar|
|input_ptr_118_val     |   in|   16|     ap_none|                                                                 input_ptr_118_val|        scalar|
|input_ptr_150_val     |   in|   16|     ap_none|                                                                 input_ptr_150_val|        scalar|
|input_ptr_182_val     |   in|   16|     ap_none|                                                                 input_ptr_182_val|        scalar|
|input_ptr_214_val     |   in|   16|     ap_none|                                                                 input_ptr_214_val|        scalar|
|input_ptr_23_val      |   in|   16|     ap_none|                                                                  input_ptr_23_val|        scalar|
|input_ptr_55_val      |   in|   16|     ap_none|                                                                  input_ptr_55_val|        scalar|
|input_ptr_87_val      |   in|   16|     ap_none|                                                                  input_ptr_87_val|        scalar|
|input_ptr_119_val     |   in|   16|     ap_none|                                                                 input_ptr_119_val|        scalar|
|input_ptr_151_val     |   in|   16|     ap_none|                                                                 input_ptr_151_val|        scalar|
|input_ptr_183_val     |   in|   16|     ap_none|                                                                 input_ptr_183_val|        scalar|
|input_ptr_215_val     |   in|   16|     ap_none|                                                                 input_ptr_215_val|        scalar|
|input_ptr_24_val      |   in|   16|     ap_none|                                                                  input_ptr_24_val|        scalar|
|input_ptr_56_val      |   in|   16|     ap_none|                                                                  input_ptr_56_val|        scalar|
|input_ptr_88_val      |   in|   16|     ap_none|                                                                  input_ptr_88_val|        scalar|
|input_ptr_120_val     |   in|   16|     ap_none|                                                                 input_ptr_120_val|        scalar|
|input_ptr_152_val     |   in|   16|     ap_none|                                                                 input_ptr_152_val|        scalar|
|input_ptr_184_val     |   in|   16|     ap_none|                                                                 input_ptr_184_val|        scalar|
|input_ptr_216_val     |   in|   16|     ap_none|                                                                 input_ptr_216_val|        scalar|
|input_ptr_25_val      |   in|   16|     ap_none|                                                                  input_ptr_25_val|        scalar|
|input_ptr_57_val      |   in|   16|     ap_none|                                                                  input_ptr_57_val|        scalar|
|input_ptr_89_val      |   in|   16|     ap_none|                                                                  input_ptr_89_val|        scalar|
|input_ptr_121_val     |   in|   16|     ap_none|                                                                 input_ptr_121_val|        scalar|
|input_ptr_153_val     |   in|   16|     ap_none|                                                                 input_ptr_153_val|        scalar|
|input_ptr_185_val     |   in|   16|     ap_none|                                                                 input_ptr_185_val|        scalar|
|input_ptr_217_val     |   in|   16|     ap_none|                                                                 input_ptr_217_val|        scalar|
|input_ptr_26_val      |   in|   16|     ap_none|                                                                  input_ptr_26_val|        scalar|
|input_ptr_58_val      |   in|   16|     ap_none|                                                                  input_ptr_58_val|        scalar|
|input_ptr_90_val      |   in|   16|     ap_none|                                                                  input_ptr_90_val|        scalar|
|input_ptr_122_val     |   in|   16|     ap_none|                                                                 input_ptr_122_val|        scalar|
|input_ptr_154_val     |   in|   16|     ap_none|                                                                 input_ptr_154_val|        scalar|
|input_ptr_186_val     |   in|   16|     ap_none|                                                                 input_ptr_186_val|        scalar|
|input_ptr_218_val     |   in|   16|     ap_none|                                                                 input_ptr_218_val|        scalar|
|input_ptr_27_val      |   in|   16|     ap_none|                                                                  input_ptr_27_val|        scalar|
|input_ptr_59_val      |   in|   16|     ap_none|                                                                  input_ptr_59_val|        scalar|
|input_ptr_91_val      |   in|   16|     ap_none|                                                                  input_ptr_91_val|        scalar|
|input_ptr_123_val     |   in|   16|     ap_none|                                                                 input_ptr_123_val|        scalar|
|input_ptr_155_val     |   in|   16|     ap_none|                                                                 input_ptr_155_val|        scalar|
|input_ptr_187_val     |   in|   16|     ap_none|                                                                 input_ptr_187_val|        scalar|
|input_ptr_219_val     |   in|   16|     ap_none|                                                                 input_ptr_219_val|        scalar|
|input_ptr_28_val      |   in|   16|     ap_none|                                                                  input_ptr_28_val|        scalar|
|input_ptr_60_val      |   in|   16|     ap_none|                                                                  input_ptr_60_val|        scalar|
|input_ptr_92_val      |   in|   16|     ap_none|                                                                  input_ptr_92_val|        scalar|
|input_ptr_124_val     |   in|   16|     ap_none|                                                                 input_ptr_124_val|        scalar|
|input_ptr_156_val     |   in|   16|     ap_none|                                                                 input_ptr_156_val|        scalar|
|input_ptr_188_val     |   in|   16|     ap_none|                                                                 input_ptr_188_val|        scalar|
|input_ptr_220_val     |   in|   16|     ap_none|                                                                 input_ptr_220_val|        scalar|
|input_ptr_29_val      |   in|   16|     ap_none|                                                                  input_ptr_29_val|        scalar|
|input_ptr_61_val      |   in|   16|     ap_none|                                                                  input_ptr_61_val|        scalar|
|input_ptr_93_val      |   in|   16|     ap_none|                                                                  input_ptr_93_val|        scalar|
|input_ptr_125_val     |   in|   16|     ap_none|                                                                 input_ptr_125_val|        scalar|
|input_ptr_157_val     |   in|   16|     ap_none|                                                                 input_ptr_157_val|        scalar|
|input_ptr_189_val     |   in|   16|     ap_none|                                                                 input_ptr_189_val|        scalar|
|input_ptr_221_val     |   in|   16|     ap_none|                                                                 input_ptr_221_val|        scalar|
|input_ptr_30_val      |   in|   16|     ap_none|                                                                  input_ptr_30_val|        scalar|
|input_ptr_62_val      |   in|   16|     ap_none|                                                                  input_ptr_62_val|        scalar|
|input_ptr_94_val      |   in|   16|     ap_none|                                                                  input_ptr_94_val|        scalar|
|input_ptr_126_val     |   in|   16|     ap_none|                                                                 input_ptr_126_val|        scalar|
|input_ptr_158_val     |   in|   16|     ap_none|                                                                 input_ptr_158_val|        scalar|
|input_ptr_190_val     |   in|   16|     ap_none|                                                                 input_ptr_190_val|        scalar|
|input_ptr_222_val     |   in|   16|     ap_none|                                                                 input_ptr_222_val|        scalar|
|input_ptr_31_val      |   in|   16|     ap_none|                                                                  input_ptr_31_val|        scalar|
|input_ptr_63_val      |   in|   16|     ap_none|                                                                  input_ptr_63_val|        scalar|
|input_ptr_95_val      |   in|   16|     ap_none|                                                                  input_ptr_95_val|        scalar|
|input_ptr_127_val     |   in|   16|     ap_none|                                                                 input_ptr_127_val|        scalar|
|input_ptr_159_val     |   in|   16|     ap_none|                                                                 input_ptr_159_val|        scalar|
|input_ptr_191_val     |   in|   16|     ap_none|                                                                 input_ptr_191_val|        scalar|
|input_ptr_223_val     |   in|   16|     ap_none|                                                                 input_ptr_223_val|        scalar|
|p_out                 |  out|   34|      ap_vld|                                                                             p_out|       pointer|
|p_out_ap_vld          |  out|    1|      ap_vld|                                                                             p_out|       pointer|
|p_out1                |  out|   34|      ap_vld|                                                                            p_out1|       pointer|
|p_out1_ap_vld         |  out|    1|      ap_vld|                                                                            p_out1|       pointer|
|p_out2                |  out|   34|      ap_vld|                                                                            p_out2|       pointer|
|p_out2_ap_vld         |  out|    1|      ap_vld|                                                                            p_out2|       pointer|
|p_out3                |  out|   34|      ap_vld|                                                                            p_out3|       pointer|
|p_out3_ap_vld         |  out|    1|      ap_vld|                                                                            p_out3|       pointer|
|p_out4                |  out|   34|      ap_vld|                                                                            p_out4|       pointer|
|p_out4_ap_vld         |  out|    1|      ap_vld|                                                                            p_out4|       pointer|
|p_out5                |  out|   34|      ap_vld|                                                                            p_out5|       pointer|
|p_out5_ap_vld         |  out|    1|      ap_vld|                                                                            p_out5|       pointer|
|p_out6                |  out|   34|      ap_vld|                                                                            p_out6|       pointer|
|p_out6_ap_vld         |  out|    1|      ap_vld|                                                                            p_out6|       pointer|
|p_out7                |  out|   34|      ap_vld|                                                                            p_out7|       pointer|
|p_out7_ap_vld         |  out|    1|      ap_vld|                                                                            p_out7|       pointer|
|p_out8                |  out|   34|      ap_vld|                                                                            p_out8|       pointer|
|p_out8_ap_vld         |  out|    1|      ap_vld|                                                                            p_out8|       pointer|
|p_out9                |  out|   34|      ap_vld|                                                                            p_out9|       pointer|
|p_out9_ap_vld         |  out|    1|      ap_vld|                                                                            p_out9|       pointer|
|p_out10               |  out|   34|      ap_vld|                                                                           p_out10|       pointer|
|p_out10_ap_vld        |  out|    1|      ap_vld|                                                                           p_out10|       pointer|
|p_out11               |  out|   34|      ap_vld|                                                                           p_out11|       pointer|
|p_out11_ap_vld        |  out|    1|      ap_vld|                                                                           p_out11|       pointer|
|p_out12               |  out|   34|      ap_vld|                                                                           p_out12|       pointer|
|p_out12_ap_vld        |  out|    1|      ap_vld|                                                                           p_out12|       pointer|
|p_out13               |  out|   34|      ap_vld|                                                                           p_out13|       pointer|
|p_out13_ap_vld        |  out|    1|      ap_vld|                                                                           p_out13|       pointer|
|p_out14               |  out|   34|      ap_vld|                                                                           p_out14|       pointer|
|p_out14_ap_vld        |  out|    1|      ap_vld|                                                                           p_out14|       pointer|
|p_out15               |  out|   34|      ap_vld|                                                                           p_out15|       pointer|
|p_out15_ap_vld        |  out|    1|      ap_vld|                                                                           p_out15|       pointer|
|p_out16               |  out|   34|      ap_vld|                                                                           p_out16|       pointer|
|p_out16_ap_vld        |  out|    1|      ap_vld|                                                                           p_out16|       pointer|
|p_out17               |  out|   34|      ap_vld|                                                                           p_out17|       pointer|
|p_out17_ap_vld        |  out|    1|      ap_vld|                                                                           p_out17|       pointer|
|p_out18               |  out|   34|      ap_vld|                                                                           p_out18|       pointer|
|p_out18_ap_vld        |  out|    1|      ap_vld|                                                                           p_out18|       pointer|
|p_out19               |  out|   34|      ap_vld|                                                                           p_out19|       pointer|
|p_out19_ap_vld        |  out|    1|      ap_vld|                                                                           p_out19|       pointer|
|p_out20               |  out|   34|      ap_vld|                                                                           p_out20|       pointer|
|p_out20_ap_vld        |  out|    1|      ap_vld|                                                                           p_out20|       pointer|
|p_out21               |  out|   34|      ap_vld|                                                                           p_out21|       pointer|
|p_out21_ap_vld        |  out|    1|      ap_vld|                                                                           p_out21|       pointer|
|p_out22               |  out|   34|      ap_vld|                                                                           p_out22|       pointer|
|p_out22_ap_vld        |  out|    1|      ap_vld|                                                                           p_out22|       pointer|
|p_out23               |  out|   34|      ap_vld|                                                                           p_out23|       pointer|
|p_out23_ap_vld        |  out|    1|      ap_vld|                                                                           p_out23|       pointer|
|p_out24               |  out|   34|      ap_vld|                                                                           p_out24|       pointer|
|p_out24_ap_vld        |  out|    1|      ap_vld|                                                                           p_out24|       pointer|
|p_out25               |  out|   34|      ap_vld|                                                                           p_out25|       pointer|
|p_out25_ap_vld        |  out|    1|      ap_vld|                                                                           p_out25|       pointer|
|p_out26               |  out|   34|      ap_vld|                                                                           p_out26|       pointer|
|p_out26_ap_vld        |  out|    1|      ap_vld|                                                                           p_out26|       pointer|
|p_out27               |  out|   34|      ap_vld|                                                                           p_out27|       pointer|
|p_out27_ap_vld        |  out|    1|      ap_vld|                                                                           p_out27|       pointer|
|p_out28               |  out|   34|      ap_vld|                                                                           p_out28|       pointer|
|p_out28_ap_vld        |  out|    1|      ap_vld|                                                                           p_out28|       pointer|
|p_out29               |  out|   34|      ap_vld|                                                                           p_out29|       pointer|
|p_out29_ap_vld        |  out|    1|      ap_vld|                                                                           p_out29|       pointer|
|p_out30               |  out|   34|      ap_vld|                                                                           p_out30|       pointer|
|p_out30_ap_vld        |  out|    1|      ap_vld|                                                                           p_out30|       pointer|
|p_out31               |  out|   34|      ap_vld|                                                                           p_out31|       pointer|
|p_out31_ap_vld        |  out|    1|      ap_vld|                                                                           p_out31|       pointer|
+----------------------+-----+-----+------------+----------------------------------------------------------------------------------+--------------+

