

================================================================
== Vitis HLS Report for 'p_anonymous_namespace_LoadRealtimeGSULayerWeightsQ610'
================================================================
* Date:           Thu May 14 12:27:22 2026

* Version:        2023.2 (Build 4023990 on Oct 11 2023)
* Project:        subband_q610_realtime_hls
* Solution:       solution1 (Vivado IP Flow Target)
* Product family: zynq
* Target device:  xc7z020-clg400-1


================================================================
== Performance Estimates
================================================================
+ Timing: 
    * Summary: 
    +--------+----------+----------+------------+
    |  Clock |  Target  | Estimated| Uncertainty|
    +--------+----------+----------+------------+
    |ap_clk  |  10.00 ns|  8.739 ns|     2.70 ns|
    +--------+----------+----------+------------+

+ Latency: 
    * Summary: 
    +---------+---------+-----------+-----------+------+------+---------+
    |  Latency (cycles) |   Latency (absolute)  |   Interval  | Pipeline|
    |   min   |   max   |    min    |    max    |  min |  max |   Type  |
    +---------+---------+-----------+-----------+------+------+---------+
    |     6568|     6568|  65.680 us|  65.680 us|  6568|  6568|       no|
    +---------+---------+-----------+-----------+------+------+---------+

    + Detail: 
        * Instance: 
        +-----------------------------------------------------------------------------------------------+------------------------------------------------------------------------------------+---------+---------+-----------+-----------+------+------+---------+
        |                                                                                               |                                                                                    |  Latency (cycles) |   Latency (absolute)  |   Interval  | Pipeline|
        |                                            Instance                                           |                                       Module                                       |   min   |   max   |    min    |    max    |  min |  max |   Type  |
        +-----------------------------------------------------------------------------------------------+------------------------------------------------------------------------------------+---------+---------+-----------+-----------+------+------+---------+
        |grp_p_anonymous_namespace_LoadRealtimeGSULayerWeightsQ610_Pipeline_VITIS_LOOP_2513_1_s_fu_80   |p_anonymous_namespace_LoadRealtimeGSULayerWeightsQ610_Pipeline_VITIS_LOOP_2513_1_s  |     3149|     3149|  31.490 us|  31.490 us|  3149|  3149|       no|
        |grp_p_anonymous_namespace_LoadRealtimeGSULayerWeightsQ610_Pipeline_VITIS_LOOP_2534_5_s_fu_94   |p_anonymous_namespace_LoadRealtimeGSULayerWeightsQ610_Pipeline_VITIS_LOOP_2534_5_s  |     3149|     3149|  31.490 us|  31.490 us|  3149|  3149|       no|
        |grp_p_anonymous_namespace_LoadRealtimeGSULayerWeightsQ610_Pipeline_VITIS_LOOP_2555_9_s_fu_106  |p_anonymous_namespace_LoadRealtimeGSULayerWeightsQ610_Pipeline_VITIS_LOOP_2555_9_s  |      125|      125|   1.250 us|   1.250 us|   125|   125|       no|
        |grp_p_anonymous_namespace_LoadRealtimeGSULayerWeightsQ610_Pipeline_VITIS_LOOP_2569_12_fu_118   |p_anonymous_namespace_LoadRealtimeGSULayerWeightsQ610_Pipeline_VITIS_LOOP_2569_12   |       68|       68|   0.680 us|   0.680 us|    68|    68|       no|
        |grp_p_anonymous_namespace_LoadRealtimeGSULayerWeightsQ610_Pipeline_VITIS_LOOP_2580_14_fu_130   |p_anonymous_namespace_LoadRealtimeGSULayerWeightsQ610_Pipeline_VITIS_LOOP_2580_14   |       68|       68|   0.680 us|   0.680 us|    68|    68|       no|
        +-----------------------------------------------------------------------------------------------+------------------------------------------------------------------------------------+---------+---------+-----------+-----------+------+------+---------+

        * Loop: 
        N/A



================================================================
== Utilization Estimates
================================================================
* Summary: 
+-----------------+---------+-----+--------+-------+-----+
|       Name      | BRAM_18K| DSP |   FF   |  LUT  | URAM|
+-----------------+---------+-----+--------+-------+-----+
|DSP              |        -|    -|       -|      -|    -|
|Expression       |        -|    -|       0|     39|    -|
|FIFO             |        -|    -|       -|      -|    -|
|Instance         |        -|    -|    3863|   3663|    -|
|Memory           |        -|    -|       -|      -|    -|
|Multiplexer      |        -|    -|       -|    462|    -|
|Register         |        -|    -|      15|      -|    -|
+-----------------+---------+-----+--------+-------+-----+
|Total            |        0|    0|    3878|   4164|    0|
+-----------------+---------+-----+--------+-------+-----+
|Available        |      280|  220|  106400|  53200|    0|
+-----------------+---------+-----+--------+-------+-----+
|Utilization (%)  |        0|    0|       3|      7|    0|
+-----------------+---------+-----+--------+-------+-----+

+ Detail: 
    * Instance: 
    +-----------------------------------------------------------------------------------------------+------------------------------------------------------------------------------------+---------+----+------+-----+-----+
    |                                            Instance                                           |                                       Module                                       | BRAM_18K| DSP|  FF  | LUT | URAM|
    +-----------------------------------------------------------------------------------------------+------------------------------------------------------------------------------------+---------+----+------+-----+-----+
    |grp_p_anonymous_namespace_LoadRealtimeGSULayerWeightsQ610_Pipeline_VITIS_LOOP_2513_1_s_fu_80   |p_anonymous_namespace_LoadRealtimeGSULayerWeightsQ610_Pipeline_VITIS_LOOP_2513_1_s  |        0|   0|  1174|  737|    0|
    |grp_p_anonymous_namespace_LoadRealtimeGSULayerWeightsQ610_Pipeline_VITIS_LOOP_2534_5_s_fu_94   |p_anonymous_namespace_LoadRealtimeGSULayerWeightsQ610_Pipeline_VITIS_LOOP_2534_5_s  |        0|   0|  1174|  737|    0|
    |grp_p_anonymous_namespace_LoadRealtimeGSULayerWeightsQ610_Pipeline_VITIS_LOOP_2555_9_s_fu_106  |p_anonymous_namespace_LoadRealtimeGSULayerWeightsQ610_Pipeline_VITIS_LOOP_2555_9_s  |        0|   0|   521|  861|    0|
    |grp_p_anonymous_namespace_LoadRealtimeGSULayerWeightsQ610_Pipeline_VITIS_LOOP_2569_12_fu_118   |p_anonymous_namespace_LoadRealtimeGSULayerWeightsQ610_Pipeline_VITIS_LOOP_2569_12   |        0|   0|   497|  664|    0|
    |grp_p_anonymous_namespace_LoadRealtimeGSULayerWeightsQ610_Pipeline_VITIS_LOOP_2580_14_fu_130   |p_anonymous_namespace_LoadRealtimeGSULayerWeightsQ610_Pipeline_VITIS_LOOP_2580_14   |        0|   0|   497|  664|    0|
    +-----------------------------------------------------------------------------------------------+------------------------------------------------------------------------------------+---------+----+------+-----+-----+
    |Total                                                                                          |                                                                                    |        0|   0|  3863| 3663|    0|
    +-----------------------------------------------------------------------------------------------+------------------------------------------------------------------------------------+---------+----+------+-----+-----+

    * DSP: 
    N/A

    * Memory: 
    N/A

    * FIFO: 
    N/A

    * Expression: 
    +--------------+----------+----+---+----+------------+------------+
    | Variable Name| Operation| DSP| FF| LUT| Bitwidth P0| Bitwidth P1|
    +--------------+----------+----+---+----+------------+------------+
    |ap_return     |         +|   0|  0|  39|          32|          17|
    +--------------+----------+----+---+----+------------+------------+
    |Total         |          |   0|  0|  39|          32|          17|
    +--------------+----------+----+---+----+------------+------------+

    * Multiplexer: 
    +------------------------+----+-----------+-----+-----------+
    |          Name          | LUT| Input Size| Bits| Total Bits|
    +------------------------+----+-----------+-----+-----------+
    |ap_NS_fsm               |  59|         11|    1|         11|
    |m_axi_weights_ARADDR    |  31|          6|   32|        192|
    |m_axi_weights_ARBURST   |  31|          6|    2|         12|
    |m_axi_weights_ARCACHE   |  31|          6|    4|         24|
    |m_axi_weights_ARID      |  31|          6|    1|          6|
    |m_axi_weights_ARLEN     |  31|          6|   32|        192|
    |m_axi_weights_ARLOCK    |  31|          6|    2|         12|
    |m_axi_weights_ARPROT    |  31|          6|    3|         18|
    |m_axi_weights_ARQOS     |  31|          6|    4|         24|
    |m_axi_weights_ARREGION  |  31|          6|    4|         24|
    |m_axi_weights_ARSIZE    |  31|          6|    3|         18|
    |m_axi_weights_ARUSER    |  31|          6|    1|          6|
    |m_axi_weights_ARVALID   |  31|          6|    1|          6|
    |m_axi_weights_RREADY    |  31|          6|    1|          6|
    +------------------------+----+-----------+-----+-----------+
    |Total                   | 462|         89|   91|        551|
    +------------------------+----+-----------+-----+-----------+

    * Register: 
    +------------------------------------------------------------------------------------------------------------+----+----+-----+-----------+
    |                                                    Name                                                    | FF | LUT| Bits| Const Bits|
    +------------------------------------------------------------------------------------------------------------+----+----+-----+-----------+
    |ap_CS_fsm                                                                                                   |  10|   0|   10|          0|
    |grp_p_anonymous_namespace_LoadRealtimeGSULayerWeightsQ610_Pipeline_VITIS_LOOP_2513_1_s_fu_80_ap_start_reg   |   1|   0|    1|          0|
    |grp_p_anonymous_namespace_LoadRealtimeGSULayerWeightsQ610_Pipeline_VITIS_LOOP_2534_5_s_fu_94_ap_start_reg   |   1|   0|    1|          0|
    |grp_p_anonymous_namespace_LoadRealtimeGSULayerWeightsQ610_Pipeline_VITIS_LOOP_2555_9_s_fu_106_ap_start_reg  |   1|   0|    1|          0|
    |grp_p_anonymous_namespace_LoadRealtimeGSULayerWeightsQ610_Pipeline_VITIS_LOOP_2569_12_fu_118_ap_start_reg   |   1|   0|    1|          0|
    |grp_p_anonymous_namespace_LoadRealtimeGSULayerWeightsQ610_Pipeline_VITIS_LOOP_2580_14_fu_130_ap_start_reg   |   1|   0|    1|          0|
    +------------------------------------------------------------------------------------------------------------+----+----+-----+-----------+
    |Total                                                                                                       |  15|   0|   15|          0|
    +------------------------------------------------------------------------------------------------------------+----+----+-----+-----------+



================================================================
== Interface
================================================================
* Summary: 
+-----------------------------------------------------------------------------------------+-----+-----+------------+--------------------------------------------------------------------------------+--------------+
|                                        RTL Ports                                        | Dir | Bits|  Protocol  |                                  Source Object                                 |    C Type    |
+-----------------------------------------------------------------------------------------+-----+-----+------------+--------------------------------------------------------------------------------+--------------+
|ap_clk                                                                                   |   in|    1|  ap_ctrl_hs|                            (anonymous namespace)LoadRealtimeGSULayerWeightsQ610|  return value|
|ap_rst                                                                                   |   in|    1|  ap_ctrl_hs|                            (anonymous namespace)LoadRealtimeGSULayerWeightsQ610|  return value|
|ap_start                                                                                 |   in|    1|  ap_ctrl_hs|                            (anonymous namespace)LoadRealtimeGSULayerWeightsQ610|  return value|
|ap_done                                                                                  |  out|    1|  ap_ctrl_hs|                            (anonymous namespace)LoadRealtimeGSULayerWeightsQ610|  return value|
|ap_idle                                                                                  |  out|    1|  ap_ctrl_hs|                            (anonymous namespace)LoadRealtimeGSULayerWeightsQ610|  return value|
|ap_ready                                                                                 |  out|    1|  ap_ctrl_hs|                            (anonymous namespace)LoadRealtimeGSULayerWeightsQ610|  return value|
|ap_return                                                                                |  out|   32|  ap_ctrl_hs|                            (anonymous namespace)LoadRealtimeGSULayerWeightsQ610|  return value|
|m_axi_weights_AWVALID                                                                    |  out|    1|       m_axi|                                                                         weights|       pointer|
|m_axi_weights_AWREADY                                                                    |   in|    1|       m_axi|                                                                         weights|       pointer|
|m_axi_weights_AWADDR                                                                     |  out|   32|       m_axi|                                                                         weights|       pointer|
|m_axi_weights_AWID                                                                       |  out|    1|       m_axi|                                                                         weights|       pointer|
|m_axi_weights_AWLEN                                                                      |  out|   32|       m_axi|                                                                         weights|       pointer|
|m_axi_weights_AWSIZE                                                                     |  out|    3|       m_axi|                                                                         weights|       pointer|
|m_axi_weights_AWBURST                                                                    |  out|    2|       m_axi|                                                                         weights|       pointer|
|m_axi_weights_AWLOCK                                                                     |  out|    2|       m_axi|                                                                         weights|       pointer|
|m_axi_weights_AWCACHE                                                                    |  out|    4|       m_axi|                                                                         weights|       pointer|
|m_axi_weights_AWPROT                                                                     |  out|    3|       m_axi|                                                                         weights|       pointer|
|m_axi_weights_AWQOS                                                                      |  out|    4|       m_axi|                                                                         weights|       pointer|
|m_axi_weights_AWREGION                                                                   |  out|    4|       m_axi|                                                                         weights|       pointer|
|m_axi_weights_AWUSER                                                                     |  out|    1|       m_axi|                                                                         weights|       pointer|
|m_axi_weights_WVALID                                                                     |  out|    1|       m_axi|                                                                         weights|       pointer|
|m_axi_weights_WREADY                                                                     |   in|    1|       m_axi|                                                                         weights|       pointer|
|m_axi_weights_WDATA                                                                      |  out|  256|       m_axi|                                                                         weights|       pointer|
|m_axi_weights_WSTRB                                                                      |  out|   32|       m_axi|                                                                         weights|       pointer|
|m_axi_weights_WLAST                                                                      |  out|    1|       m_axi|                                                                         weights|       pointer|
|m_axi_weights_WID                                                                        |  out|    1|       m_axi|                                                                         weights|       pointer|
|m_axi_weights_WUSER                                                                      |  out|    1|       m_axi|                                                                         weights|       pointer|
|m_axi_weights_ARVALID                                                                    |  out|    1|       m_axi|                                                                         weights|       pointer|
|m_axi_weights_ARREADY                                                                    |   in|    1|       m_axi|                                                                         weights|       pointer|
|m_axi_weights_ARADDR                                                                     |  out|   32|       m_axi|                                                                         weights|       pointer|
|m_axi_weights_ARID                                                                       |  out|    1|       m_axi|                                                                         weights|       pointer|
|m_axi_weights_ARLEN                                                                      |  out|   32|       m_axi|                                                                         weights|       pointer|
|m_axi_weights_ARSIZE                                                                     |  out|    3|       m_axi|                                                                         weights|       pointer|
|m_axi_weights_ARBURST                                                                    |  out|    2|       m_axi|                                                                         weights|       pointer|
|m_axi_weights_ARLOCK                                                                     |  out|    2|       m_axi|                                                                         weights|       pointer|
|m_axi_weights_ARCACHE                                                                    |  out|    4|       m_axi|                                                                         weights|       pointer|
|m_axi_weights_ARPROT                                                                     |  out|    3|       m_axi|                                                                         weights|       pointer|
|m_axi_weights_ARQOS                                                                      |  out|    4|       m_axi|                                                                         weights|       pointer|
|m_axi_weights_ARREGION                                                                   |  out|    4|       m_axi|                                                                         weights|       pointer|
|m_axi_weights_ARUSER                                                                     |  out|    1|       m_axi|                                                                         weights|       pointer|
|m_axi_weights_RVALID                                                                     |   in|    1|       m_axi|                                                                         weights|       pointer|
|m_axi_weights_RREADY                                                                     |  out|    1|       m_axi|                                                                         weights|       pointer|
|m_axi_weights_RDATA                                                                      |   in|  256|       m_axi|                                                                         weights|       pointer|
|m_axi_weights_RLAST                                                                      |   in|    1|       m_axi|                                                                         weights|       pointer|
|m_axi_weights_RID                                                                        |   in|    1|       m_axi|                                                                         weights|       pointer|
|m_axi_weights_RFIFONUM                                                                   |   in|    5|       m_axi|                                                                         weights|       pointer|
|m_axi_weights_RUSER                                                                      |   in|    1|       m_axi|                                                                         weights|       pointer|
|m_axi_weights_RRESP                                                                      |   in|    2|       m_axi|                                                                         weights|       pointer|
|m_axi_weights_BVALID                                                                     |   in|    1|       m_axi|                                                                         weights|       pointer|
|m_axi_weights_BREADY                                                                     |  out|    1|       m_axi|                                                                         weights|       pointer|
|m_axi_weights_BRESP                                                                      |   in|    2|       m_axi|                                                                         weights|       pointer|
|m_axi_weights_BID                                                                        |   in|    1|       m_axi|                                                                         weights|       pointer|
|m_axi_weights_BUSER                                                                      |   in|    1|       m_axi|                                                                         weights|       pointer|
|weights_q610                                                                             |   in|   32|     ap_none|                                                                    weights_q610|        scalar|
|weight_offset_read                                                                       |   in|   32|     ap_none|                                                              weight_offset_read|        scalar|
|RunSubbandRealtimeTopCoreQ610_stream_stream_ap_uint_const_int_bool_stream_we_1_address1  |  out|   10|   ap_memory|  RunSubbandRealtimeTopCoreQ610_stream_stream_ap_uint_const_int_bool_stream_we_1|         array|
|RunSubbandRealtimeTopCoreQ610_stream_stream_ap_uint_const_int_bool_stream_we_1_ce1       |  out|    1|   ap_memory|  RunSubbandRealtimeTopCoreQ610_stream_stream_ap_uint_const_int_bool_stream_we_1|         array|
|RunSubbandRealtimeTopCoreQ610_stream_stream_ap_uint_const_int_bool_stream_we_1_we1       |  out|    1|   ap_memory|  RunSubbandRealtimeTopCoreQ610_stream_stream_ap_uint_const_int_bool_stream_we_1|         array|
|RunSubbandRealtimeTopCoreQ610_stream_stream_ap_uint_const_int_bool_stream_we_1_d1        |  out|  512|   ap_memory|  RunSubbandRealtimeTopCoreQ610_stream_stream_ap_uint_const_int_bool_stream_we_1|         array|
|RunSubbandRealtimeTopCoreQ610_stream_stream_ap_uint_const_int_bool_stream_we_address1    |  out|   10|   ap_memory|    RunSubbandRealtimeTopCoreQ610_stream_stream_ap_uint_const_int_bool_stream_we|         array|
|RunSubbandRealtimeTopCoreQ610_stream_stream_ap_uint_const_int_bool_stream_we_ce1         |  out|    1|   ap_memory|    RunSubbandRealtimeTopCoreQ610_stream_stream_ap_uint_const_int_bool_stream_we|         array|
|RunSubbandRealtimeTopCoreQ610_stream_stream_ap_uint_const_int_bool_stream_we_we1         |  out|    1|   ap_memory|    RunSubbandRealtimeTopCoreQ610_stream_stream_ap_uint_const_int_bool_stream_we|         array|
|RunSubbandRealtimeTopCoreQ610_stream_stream_ap_uint_const_int_bool_stream_we_d1          |  out|  512|   ap_memory|    RunSubbandRealtimeTopCoreQ610_stream_stream_ap_uint_const_int_bool_stream_we|         array|
|RunSubbandRealtimeTopCoreQ610_stream_stream_ap_uint_const_int_bool_stream_we_3_address1  |  out|   10|   ap_memory|  RunSubbandRealtimeTopCoreQ610_stream_stream_ap_uint_const_int_bool_stream_we_3|         array|
|RunSubbandRealtimeTopCoreQ610_stream_stream_ap_uint_const_int_bool_stream_we_3_ce1       |  out|    1|   ap_memory|  RunSubbandRealtimeTopCoreQ610_stream_stream_ap_uint_const_int_bool_stream_we_3|         array|
|RunSubbandRealtimeTopCoreQ610_stream_stream_ap_uint_const_int_bool_stream_we_3_we1       |  out|    1|   ap_memory|  RunSubbandRealtimeTopCoreQ610_stream_stream_ap_uint_const_int_bool_stream_we_3|         array|
|RunSubbandRealtimeTopCoreQ610_stream_stream_ap_uint_const_int_bool_stream_we_3_d1        |  out|  512|   ap_memory|  RunSubbandRealtimeTopCoreQ610_stream_stream_ap_uint_const_int_bool_stream_we_3|         array|
|RunSubbandRealtimeTopCoreQ610_stream_stream_ap_uint_const_int_bool_stream_we_2_address1  |  out|   10|   ap_memory|  RunSubbandRealtimeTopCoreQ610_stream_stream_ap_uint_const_int_bool_stream_we_2|         array|
|RunSubbandRealtimeTopCoreQ610_stream_stream_ap_uint_const_int_bool_stream_we_2_ce1       |  out|    1|   ap_memory|  RunSubbandRealtimeTopCoreQ610_stream_stream_ap_uint_const_int_bool_stream_we_2|         array|
|RunSubbandRealtimeTopCoreQ610_stream_stream_ap_uint_const_int_bool_stream_we_2_we1       |  out|    1|   ap_memory|  RunSubbandRealtimeTopCoreQ610_stream_stream_ap_uint_const_int_bool_stream_we_2|         array|
|RunSubbandRealtimeTopCoreQ610_stream_stream_ap_uint_const_int_bool_stream_we_2_d1        |  out|  512|   ap_memory|  RunSubbandRealtimeTopCoreQ610_stream_stream_ap_uint_const_int_bool_stream_we_2|         array|
|RunSubbandRealtimeTopCoreQ610_stream_stream_ap_uint_const_int_bool_stream_bi_1_address0  |  out|    8|   ap_memory|  RunSubbandRealtimeTopCoreQ610_stream_stream_ap_uint_const_int_bool_stream_bi_1|         array|
|RunSubbandRealtimeTopCoreQ610_stream_stream_ap_uint_const_int_bool_stream_bi_1_ce0       |  out|    1|   ap_memory|  RunSubbandRealtimeTopCoreQ610_stream_stream_ap_uint_const_int_bool_stream_bi_1|         array|
|RunSubbandRealtimeTopCoreQ610_stream_stream_ap_uint_const_int_bool_stream_bi_1_we0       |  out|    1|   ap_memory|  RunSubbandRealtimeTopCoreQ610_stream_stream_ap_uint_const_int_bool_stream_bi_1|         array|
|RunSubbandRealtimeTopCoreQ610_stream_stream_ap_uint_const_int_bool_stream_bi_1_d0        |  out|   16|   ap_memory|  RunSubbandRealtimeTopCoreQ610_stream_stream_ap_uint_const_int_bool_stream_bi_1|         array|
|RunSubbandRealtimeTopCoreQ610_stream_stream_ap_uint_const_int_bool_stream_bi_1_address1  |  out|    8|   ap_memory|  RunSubbandRealtimeTopCoreQ610_stream_stream_ap_uint_const_int_bool_stream_bi_1|         array|
|RunSubbandRealtimeTopCoreQ610_stream_stream_ap_uint_const_int_bool_stream_bi_1_ce1       |  out|    1|   ap_memory|  RunSubbandRealtimeTopCoreQ610_stream_stream_ap_uint_const_int_bool_stream_bi_1|         array|
|RunSubbandRealtimeTopCoreQ610_stream_stream_ap_uint_const_int_bool_stream_bi_1_we1       |  out|    1|   ap_memory|  RunSubbandRealtimeTopCoreQ610_stream_stream_ap_uint_const_int_bool_stream_bi_1|         array|
|RunSubbandRealtimeTopCoreQ610_stream_stream_ap_uint_const_int_bool_stream_bi_1_d1        |  out|   16|   ap_memory|  RunSubbandRealtimeTopCoreQ610_stream_stream_ap_uint_const_int_bool_stream_bi_1|         array|
|RunSubbandRealtimeTopCoreQ610_stream_stream_ap_uint_const_int_bool_stream_bi_address0    |  out|    8|   ap_memory|    RunSubbandRealtimeTopCoreQ610_stream_stream_ap_uint_const_int_bool_stream_bi|         array|
|RunSubbandRealtimeTopCoreQ610_stream_stream_ap_uint_const_int_bool_stream_bi_ce0         |  out|    1|   ap_memory|    RunSubbandRealtimeTopCoreQ610_stream_stream_ap_uint_const_int_bool_stream_bi|         array|
|RunSubbandRealtimeTopCoreQ610_stream_stream_ap_uint_const_int_bool_stream_bi_we0         |  out|    1|   ap_memory|    RunSubbandRealtimeTopCoreQ610_stream_stream_ap_uint_const_int_bool_stream_bi|         array|
|RunSubbandRealtimeTopCoreQ610_stream_stream_ap_uint_const_int_bool_stream_bi_d0          |  out|   16|   ap_memory|    RunSubbandRealtimeTopCoreQ610_stream_stream_ap_uint_const_int_bool_stream_bi|         array|
|RunSubbandRealtimeTopCoreQ610_stream_stream_ap_uint_const_int_bool_stream_bi_address1    |  out|    8|   ap_memory|    RunSubbandRealtimeTopCoreQ610_stream_stream_ap_uint_const_int_bool_stream_bi|         array|
|RunSubbandRealtimeTopCoreQ610_stream_stream_ap_uint_const_int_bool_stream_bi_ce1         |  out|    1|   ap_memory|    RunSubbandRealtimeTopCoreQ610_stream_stream_ap_uint_const_int_bool_stream_bi|         array|
|RunSubbandRealtimeTopCoreQ610_stream_stream_ap_uint_const_int_bool_stream_bi_we1         |  out|    1|   ap_memory|    RunSubbandRealtimeTopCoreQ610_stream_stream_ap_uint_const_int_bool_stream_bi|         array|
|RunSubbandRealtimeTopCoreQ610_stream_stream_ap_uint_const_int_bool_stream_bi_d1          |  out|   16|   ap_memory|    RunSubbandRealtimeTopCoreQ610_stream_stream_ap_uint_const_int_bool_stream_bi|         array|
|RunSubbandRealtimeTopCoreQ610_stream_stream_ap_uint_const_int_bool_stream_bn_1_address0  |  out|    7|   ap_memory|  RunSubbandRealtimeTopCoreQ610_stream_stream_ap_uint_const_int_bool_stream_bn_1|         array|
|RunSubbandRealtimeTopCoreQ610_stream_stream_ap_uint_const_int_bool_stream_bn_1_ce0       |  out|    1|   ap_memory|  RunSubbandRealtimeTopCoreQ610_stream_stream_ap_uint_const_int_bool_stream_bn_1|         array|
|RunSubbandRealtimeTopCoreQ610_stream_stream_ap_uint_const_int_bool_stream_bn_1_we0       |  out|    1|   ap_memory|  RunSubbandRealtimeTopCoreQ610_stream_stream_ap_uint_const_int_bool_stream_bn_1|         array|
|RunSubbandRealtimeTopCoreQ610_stream_stream_ap_uint_const_int_bool_stream_bn_1_d0        |  out|   16|   ap_memory|  RunSubbandRealtimeTopCoreQ610_stream_stream_ap_uint_const_int_bool_stream_bn_1|         array|
|RunSubbandRealtimeTopCoreQ610_stream_stream_ap_uint_const_int_bool_stream_bn_1_address1  |  out|    7|   ap_memory|  RunSubbandRealtimeTopCoreQ610_stream_stream_ap_uint_const_int_bool_stream_bn_1|         array|
|RunSubbandRealtimeTopCoreQ610_stream_stream_ap_uint_const_int_bool_stream_bn_1_ce1       |  out|    1|   ap_memory|  RunSubbandRealtimeTopCoreQ610_stream_stream_ap_uint_const_int_bool_stream_bn_1|         array|
|RunSubbandRealtimeTopCoreQ610_stream_stream_ap_uint_const_int_bool_stream_bn_1_we1       |  out|    1|   ap_memory|  RunSubbandRealtimeTopCoreQ610_stream_stream_ap_uint_const_int_bool_stream_bn_1|         array|
|RunSubbandRealtimeTopCoreQ610_stream_stream_ap_uint_const_int_bool_stream_bn_1_d1        |  out|   16|   ap_memory|  RunSubbandRealtimeTopCoreQ610_stream_stream_ap_uint_const_int_bool_stream_bn_1|         array|
|RunSubbandRealtimeTopCoreQ610_stream_stream_ap_uint_const_int_bool_stream_bn_address0    |  out|    7|   ap_memory|    RunSubbandRealtimeTopCoreQ610_stream_stream_ap_uint_const_int_bool_stream_bn|         array|
|RunSubbandRealtimeTopCoreQ610_stream_stream_ap_uint_const_int_bool_stream_bn_ce0         |  out|    1|   ap_memory|    RunSubbandRealtimeTopCoreQ610_stream_stream_ap_uint_const_int_bool_stream_bn|         array|
|RunSubbandRealtimeTopCoreQ610_stream_stream_ap_uint_const_int_bool_stream_bn_we0         |  out|    1|   ap_memory|    RunSubbandRealtimeTopCoreQ610_stream_stream_ap_uint_const_int_bool_stream_bn|         array|
|RunSubbandRealtimeTopCoreQ610_stream_stream_ap_uint_const_int_bool_stream_bn_d0          |  out|   16|   ap_memory|    RunSubbandRealtimeTopCoreQ610_stream_stream_ap_uint_const_int_bool_stream_bn|         array|
|RunSubbandRealtimeTopCoreQ610_stream_stream_ap_uint_const_int_bool_stream_bn_address1    |  out|    7|   ap_memory|    RunSubbandRealtimeTopCoreQ610_stream_stream_ap_uint_const_int_bool_stream_bn|         array|
|RunSubbandRealtimeTopCoreQ610_stream_stream_ap_uint_const_int_bool_stream_bn_ce1         |  out|    1|   ap_memory|    RunSubbandRealtimeTopCoreQ610_stream_stream_ap_uint_const_int_bool_stream_bn|         array|
|RunSubbandRealtimeTopCoreQ610_stream_stream_ap_uint_const_int_bool_stream_bn_we1         |  out|    1|   ap_memory|    RunSubbandRealtimeTopCoreQ610_stream_stream_ap_uint_const_int_bool_stream_bn|         array|
|RunSubbandRealtimeTopCoreQ610_stream_stream_ap_uint_const_int_bool_stream_bn_d1          |  out|   16|   ap_memory|    RunSubbandRealtimeTopCoreQ610_stream_stream_ap_uint_const_int_bool_stream_bn|         array|
|RunSubbandRealtimeTopCoreQ610_stream_stream_ap_uint_const_int_bool_stream_bn_3_address0  |  out|    7|   ap_memory|  RunSubbandRealtimeTopCoreQ610_stream_stream_ap_uint_const_int_bool_stream_bn_3|         array|
|RunSubbandRealtimeTopCoreQ610_stream_stream_ap_uint_const_int_bool_stream_bn_3_ce0       |  out|    1|   ap_memory|  RunSubbandRealtimeTopCoreQ610_stream_stream_ap_uint_const_int_bool_stream_bn_3|         array|
|RunSubbandRealtimeTopCoreQ610_stream_stream_ap_uint_const_int_bool_stream_bn_3_we0       |  out|    1|   ap_memory|  RunSubbandRealtimeTopCoreQ610_stream_stream_ap_uint_const_int_bool_stream_bn_3|         array|
|RunSubbandRealtimeTopCoreQ610_stream_stream_ap_uint_const_int_bool_stream_bn_3_d0        |  out|   16|   ap_memory|  RunSubbandRealtimeTopCoreQ610_stream_stream_ap_uint_const_int_bool_stream_bn_3|         array|
|RunSubbandRealtimeTopCoreQ610_stream_stream_ap_uint_const_int_bool_stream_bn_3_address1  |  out|    7|   ap_memory|  RunSubbandRealtimeTopCoreQ610_stream_stream_ap_uint_const_int_bool_stream_bn_3|         array|
|RunSubbandRealtimeTopCoreQ610_stream_stream_ap_uint_const_int_bool_stream_bn_3_ce1       |  out|    1|   ap_memory|  RunSubbandRealtimeTopCoreQ610_stream_stream_ap_uint_const_int_bool_stream_bn_3|         array|
|RunSubbandRealtimeTopCoreQ610_stream_stream_ap_uint_const_int_bool_stream_bn_3_we1       |  out|    1|   ap_memory|  RunSubbandRealtimeTopCoreQ610_stream_stream_ap_uint_const_int_bool_stream_bn_3|         array|
|RunSubbandRealtimeTopCoreQ610_stream_stream_ap_uint_const_int_bool_stream_bn_3_d1        |  out|   16|   ap_memory|  RunSubbandRealtimeTopCoreQ610_stream_stream_ap_uint_const_int_bool_stream_bn_3|         array|
|RunSubbandRealtimeTopCoreQ610_stream_stream_ap_uint_const_int_bool_stream_bn_2_address0  |  out|    7|   ap_memory|  RunSubbandRealtimeTopCoreQ610_stream_stream_ap_uint_const_int_bool_stream_bn_2|         array|
|RunSubbandRealtimeTopCoreQ610_stream_stream_ap_uint_const_int_bool_stream_bn_2_ce0       |  out|    1|   ap_memory|  RunSubbandRealtimeTopCoreQ610_stream_stream_ap_uint_const_int_bool_stream_bn_2|         array|
|RunSubbandRealtimeTopCoreQ610_stream_stream_ap_uint_const_int_bool_stream_bn_2_we0       |  out|    1|   ap_memory|  RunSubbandRealtimeTopCoreQ610_stream_stream_ap_uint_const_int_bool_stream_bn_2|         array|
|RunSubbandRealtimeTopCoreQ610_stream_stream_ap_uint_const_int_bool_stream_bn_2_d0        |  out|   16|   ap_memory|  RunSubbandRealtimeTopCoreQ610_stream_stream_ap_uint_const_int_bool_stream_bn_2|         array|
|RunSubbandRealtimeTopCoreQ610_stream_stream_ap_uint_const_int_bool_stream_bn_2_address1  |  out|    7|   ap_memory|  RunSubbandRealtimeTopCoreQ610_stream_stream_ap_uint_const_int_bool_stream_bn_2|         array|
|RunSubbandRealtimeTopCoreQ610_stream_stream_ap_uint_const_int_bool_stream_bn_2_ce1       |  out|    1|   ap_memory|  RunSubbandRealtimeTopCoreQ610_stream_stream_ap_uint_const_int_bool_stream_bn_2|         array|
|RunSubbandRealtimeTopCoreQ610_stream_stream_ap_uint_const_int_bool_stream_bn_2_we1       |  out|    1|   ap_memory|  RunSubbandRealtimeTopCoreQ610_stream_stream_ap_uint_const_int_bool_stream_bn_2|         array|
|RunSubbandRealtimeTopCoreQ610_stream_stream_ap_uint_const_int_bool_stream_bn_2_d1        |  out|   16|   ap_memory|  RunSubbandRealtimeTopCoreQ610_stream_stream_ap_uint_const_int_bool_stream_bn_2|         array|
+-----------------------------------------------------------------------------------------+-----+-----+------------+--------------------------------------------------------------------------------+--------------+

