

================================================================
== Vitis HLS Report for 'p_anonymous_namespace_ReadRealtimeInputChunkQ610'
================================================================
* Date:           Thu May 14 12:27:21 2026

* Version:        2023.2 (Build 4023990 on Oct 11 2023)
* Project:        subband_q610_realtime_hls
* Solution:       solution1 (Vivado IP Flow Target)
* Product family: zynq
* Target device:  xc7z020-clg400-1


================================================================
== Performance Estimates
================================================================
+ Timing: 
    * Summary: 
    +--------+----------+----------+------------+
    |  Clock |  Target  | Estimated| Uncertainty|
    +--------+----------+----------+------------+
    |ap_clk  |  10.00 ns|  7.665 ns|     2.70 ns|
    +--------+----------+----------+------------+

+ Latency: 
    * Summary: 
    +---------+---------+-----------+-----------+-----+------+---------+
    |  Latency (cycles) |   Latency (absolute)  |  Interval  | Pipeline|
    |   min   |   max   |    min    |    max    | min |  max |   Type  |
    +---------+---------+-----------+-----------+-----+------+---------+
    |        9|     2085|  90.000 ns|  20.850 us|    9|  2085|       no|
    +---------+---------+-----------+-----------+-----+------+---------+

    + Detail: 
        * Instance: 
        +---------------------------------------------------------------------------------------+-----------------------------------------------------------------------------+---------+---------+----------+----------+-----+-----+---------+
        |                                                                                       |                                                                             |  Latency (cycles) |  Latency (absolute) |  Interval | Pipeline|
        |                                        Instance                                       |                                    Module                                   |   min   |   max   |    min   |    max   | min | max |   Type  |
        +---------------------------------------------------------------------------------------+-----------------------------------------------------------------------------+---------+---------+----------+----------+-----+-----+---------+
        |grp_p_anonymous_namespace_ReadRealtimeInputChunkQ610_Pipeline_VITIS_LOOP_2453_2_fu_84  |p_anonymous_namespace_ReadRealtimeInputChunkQ610_Pipeline_VITIS_LOOP_2453_2  |      258|      258|  2.580 us|  2.580 us|  258|  258|       no|
        |grp_p_anonymous_namespace_ReadRealtimeInputChunkQ610_Pipeline_VITIS_LOOP_2457_3_fu_99  |p_anonymous_namespace_ReadRealtimeInputChunkQ610_Pipeline_VITIS_LOOP_2457_3  |      258|      258|  2.580 us|  2.580 us|  258|  258|       no|
        +---------------------------------------------------------------------------------------+-----------------------------------------------------------------------------+---------+---------+----------+----------+-----+-----+---------+

        * Loop: 
        +---------------------+---------+---------+----------+-----------+-----------+------+----------+
        |                     |  Latency (cycles) | Iteration|  Initiation Interval  | Trip |          |
        |      Loop Name      |   min   |   max   |  Latency |  achieved |   target  | Count| Pipelined|
        +---------------------+---------+---------+----------+-----------+-----------+------+----------+
        |- VITIS_LOOP_2450_1  |        8|     2084|   2 ~ 521|          -|          -|     4|        no|
        +---------------------+---------+---------+----------+-----------+-----------+------+----------+



================================================================
== Utilization Estimates
================================================================
* Summary: 
+-----------------+---------+-----+--------+-------+-----+
|       Name      | BRAM_18K| DSP |   FF   |  LUT  | URAM|
+-----------------+---------+-----+--------+-------+-----+
|DSP              |        -|    -|       -|      -|    -|
|Expression       |        -|    -|       0|     37|    -|
|FIFO             |        -|    -|       -|      -|    -|
|Instance         |        -|    -|      22|    130|    -|
|Memory           |        -|    -|       -|      -|    -|
|Multiplexer      |        -|    -|       -|     64|    -|
|Register         |        -|    -|      17|      -|    -|
+-----------------+---------+-----+--------+-------+-----+
|Total            |        0|    0|      39|    231|    0|
+-----------------+---------+-----+--------+-------+-----+
|Available        |      280|  220|  106400|  53200|    0|
+-----------------+---------+-----+--------+-------+-----+
|Utilization (%)  |        0|    0|      ~0|     ~0|    0|
+-----------------+---------+-----+--------+-------+-----+

+ Detail: 
    * Instance: 
    +---------------------------------------------------------------------------------------+-----------------------------------------------------------------------------+---------+----+----+----+-----+
    |                                        Instance                                       |                                    Module                                   | BRAM_18K| DSP| FF | LUT| URAM|
    +---------------------------------------------------------------------------------------+-----------------------------------------------------------------------------+---------+----+----+----+-----+
    |grp_p_anonymous_namespace_ReadRealtimeInputChunkQ610_Pipeline_VITIS_LOOP_2453_2_fu_84  |p_anonymous_namespace_ReadRealtimeInputChunkQ610_Pipeline_VITIS_LOOP_2453_2  |        0|   0|  11|  65|    0|
    |grp_p_anonymous_namespace_ReadRealtimeInputChunkQ610_Pipeline_VITIS_LOOP_2457_3_fu_99  |p_anonymous_namespace_ReadRealtimeInputChunkQ610_Pipeline_VITIS_LOOP_2457_3  |        0|   0|  11|  65|    0|
    +---------------------------------------------------------------------------------------+-----------------------------------------------------------------------------+---------+----+----+----+-----+
    |Total                                                                                  |                                                                             |        0|   0|  22| 130|    0|
    +---------------------------------------------------------------------------------------+-----------------------------------------------------------------------------+---------+----+----+----+-----+

    * DSP: 
    N/A

    * Memory: 
    N/A

    * FIFO: 
    N/A

    * Expression: 
    +---------------------------------+----------+----+---+----+------------+------------+
    |          Variable Name          | Operation| DSP| FF| LUT| Bitwidth P0| Bitwidth P1|
    +---------------------------------+----------+----+---+----+------------+------------+
    |add_ln2450_fu_128_p2             |         +|   0|  0|  11|           3|           1|
    |ap_block_state6_on_subcall_done  |       and|   0|  0|   2|           1|           1|
    |icmp_ln2450_fu_122_p2            |      icmp|   0|  0|  13|           3|           4|
    |icmp_ln2452_fu_134_p2            |      icmp|   0|  0|  11|           3|           3|
    +---------------------------------+----------+----+---+----+------------+------------+
    |Total                            |          |   0|  0|  37|          10|           9|
    +---------------------------------+----------+----+---+----+------------+------------+

    * Multiplexer: 
    +-------------------------+----+-----------+-----+-----------+
    |           Name          | LUT| Input Size| Bits| Total Bits|
    +-------------------------+----+-----------+-----+-----------+
    |ap_NS_fsm                |  37|          7|    1|          7|
    |fb_fft_stream_TREADY     |   9|          2|    1|          2|
    |frame_index_fu_74        |   9|          2|    3|          6|
    |noisy_fft_stream_TREADY  |   9|          2|    1|          2|
    +-------------------------+----+-----------+-----+-----------+
    |Total                    |  64|         13|    6|         17|
    +-------------------------+----+-----------+-----+-----------+

    * Register: 
    +----------------------------------------------------------------------------------------------------+---+----+-----+-----------+
    |                                                Name                                                | FF| LUT| Bits| Const Bits|
    +----------------------------------------------------------------------------------------------------+---+----+-----+-----------+
    |add_ln2450_reg_163                                                                                  |  3|   0|    3|          0|
    |ap_CS_fsm                                                                                           |  6|   0|    6|          0|
    |frame_index_fu_74                                                                                   |  3|   0|    3|          0|
    |grp_p_anonymous_namespace_ReadRealtimeInputChunkQ610_Pipeline_VITIS_LOOP_2453_2_fu_84_ap_start_reg  |  1|   0|    1|          0|
    |grp_p_anonymous_namespace_ReadRealtimeInputChunkQ610_Pipeline_VITIS_LOOP_2457_3_fu_99_ap_start_reg  |  1|   0|    1|          0|
    |icmp_ln2452_reg_168                                                                                 |  1|   0|    1|          0|
    |trunc_ln2459_reg_172                                                                                |  2|   0|    2|          0|
    +----------------------------------------------------------------------------------------------------+---+----+-----+-----------+
    |Total                                                                                               | 17|   0|   17|          0|
    +----------------------------------------------------------------------------------------------------+---+----+-----+-----------+



================================================================
== Interface
================================================================
* Summary: 
+-------------------------+-----+-----+------------+-------------------------------------------------+--------------+
|        RTL Ports        | Dir | Bits|  Protocol  |                  Source Object                  |    C Type    |
+-------------------------+-----+-----+------------+-------------------------------------------------+--------------+
|ap_clk                   |   in|    1|  ap_ctrl_hs|  (anonymous namespace)ReadRealtimeInputChunkQ610|  return value|
|ap_rst                   |   in|    1|  ap_ctrl_hs|  (anonymous namespace)ReadRealtimeInputChunkQ610|  return value|
|ap_start                 |   in|    1|  ap_ctrl_hs|  (anonymous namespace)ReadRealtimeInputChunkQ610|  return value|
|ap_done                  |  out|    1|  ap_ctrl_hs|  (anonymous namespace)ReadRealtimeInputChunkQ610|  return value|
|ap_idle                  |  out|    1|  ap_ctrl_hs|  (anonymous namespace)ReadRealtimeInputChunkQ610|  return value|
|ap_ready                 |  out|    1|  ap_ctrl_hs|  (anonymous namespace)ReadRealtimeInputChunkQ610|  return value|
|noisy_fft_stream_TDATA   |   in|   16|        axis|                        noisy_fft_stream_V_data_V|       pointer|
|noisy_fft_stream_TVALID  |   in|    1|        axis|                        noisy_fft_stream_V_last_V|       pointer|
|noisy_fft_stream_TREADY  |  out|    1|        axis|                        noisy_fft_stream_V_last_V|       pointer|
|noisy_fft_stream_TLAST   |   in|    1|        axis|                        noisy_fft_stream_V_last_V|       pointer|
|noisy_fft_stream_TKEEP   |   in|    2|        axis|                        noisy_fft_stream_V_keep_V|       pointer|
|noisy_fft_stream_TSTRB   |   in|    2|        axis|                        noisy_fft_stream_V_strb_V|       pointer|
|fb_fft_stream_TDATA      |   in|   16|        axis|                           fb_fft_stream_V_data_V|       pointer|
|fb_fft_stream_TVALID     |   in|    1|        axis|                           fb_fft_stream_V_last_V|       pointer|
|fb_fft_stream_TREADY     |  out|    1|        axis|                           fb_fft_stream_V_last_V|       pointer|
|fb_fft_stream_TLAST      |   in|    1|        axis|                           fb_fft_stream_V_last_V|       pointer|
|fb_fft_stream_TKEEP      |   in|    2|        axis|                           fb_fft_stream_V_keep_V|       pointer|
|fb_fft_stream_TSTRB      |   in|    2|        axis|                           fb_fft_stream_V_strb_V|       pointer|
|num_frames               |   in|    3|     ap_none|                                       num_frames|        scalar|
|noisy_chunk_address1     |  out|   10|   ap_memory|                                      noisy_chunk|         array|
|noisy_chunk_ce1          |  out|    1|   ap_memory|                                      noisy_chunk|         array|
|noisy_chunk_we1          |  out|    1|   ap_memory|                                      noisy_chunk|         array|
|noisy_chunk_d1           |  out|   16|   ap_memory|                                      noisy_chunk|         array|
|fb_chunk_address1        |  out|   10|   ap_memory|                                         fb_chunk|         array|
|fb_chunk_ce1             |  out|    1|   ap_memory|                                         fb_chunk|         array|
|fb_chunk_we1             |  out|    1|   ap_memory|                                         fb_chunk|         array|
|fb_chunk_d1              |  out|   16|   ap_memory|                                         fb_chunk|         array|
+-------------------------+-----+-----+------------+-------------------------------------------------+--------------+

