

================================================================
== Vitis HLS Report for 'p_anonymous_namespace_BuildRealtimeBandInputQ610_Pipeline_VITIS_LOOP_2651_1'
================================================================
* Date:           Thu May 14 12:27:30 2026

* Version:        2023.2 (Build 4023990 on Oct 11 2023)
* Project:        subband_q610_realtime_hls
* Solution:       solution1 (Vivado IP Flow Target)
* Product family: zynq
* Target device:  xc7z020-clg400-1


================================================================
== Performance Estimates
================================================================
+ Timing: 
    * Summary: 
    +--------+----------+----------+------------+
    |  Clock |  Target  | Estimated| Uncertainty|
    +--------+----------+----------+------------+
    |ap_clk  |  10.00 ns|  8.726 ns|     2.70 ns|
    +--------+----------+----------+------------+

+ Latency: 
    * Summary: 
    +---------+---------+----------+----------+-----+-----+---------+
    |  Latency (cycles) |  Latency (absolute) |  Interval | Pipeline|
    |   min   |   max   |    min   |    max   | min | max |   Type  |
    +---------+---------+----------+----------+-----+-----+---------+
    |      227|      227|  2.270 us|  2.270 us|  227|  227|       no|
    +---------+---------+----------+----------+-----+-----+---------+

    + Detail: 
        * Instance: 
        N/A

        * Loop: 
        +---------------------+---------+---------+----------+-----------+-----------+------+----------+
        |                     |  Latency (cycles) | Iteration|  Initiation Interval  | Trip |          |
        |      Loop Name      |   min   |   max   |  Latency |  achieved |   target  | Count| Pipelined|
        +---------------------+---------+---------+----------+-----------+-----------+------+----------+
        |- VITIS_LOOP_2651_1  |      225|      225|         3|          1|          1|   224|       yes|
        +---------------------+---------+---------+----------+-----------+-----------+------+----------+



================================================================
== Utilization Estimates
================================================================
* Summary: 
+-----------------+---------+-----+--------+-------+-----+
|       Name      | BRAM_18K| DSP |   FF   |  LUT  | URAM|
+-----------------+---------+-----+--------+-------+-----+
|DSP              |        -|    -|       -|      -|    -|
|Expression       |        -|    -|       0|    328|    -|
|FIFO             |        -|    -|       -|      -|    -|
|Instance         |        -|    -|       -|      -|    -|
|Memory           |        -|    -|       -|      -|    -|
|Multiplexer      |        -|    -|       -|     36|    -|
|Register         |        -|    -|     269|      -|    -|
+-----------------+---------+-----+--------+-------+-----+
|Total            |        0|    0|     269|    364|    0|
+-----------------+---------+-----+--------+-------+-----+
|Available        |      280|  220|  106400|  53200|    0|
+-----------------+---------+-----+--------+-------+-----+
|Utilization (%)  |        0|    0|      ~0|     ~0|    0|
+-----------------+---------+-----+--------+-------+-----+

+ Detail: 
    * Instance: 
    N/A

    * DSP: 
    N/A

    * Memory: 
    N/A

    * FIFO: 
    N/A

    * Expression: 
    +------------------------------+----------+----+---+----+------------+------------+
    |         Variable Name        | Operation| DSP| FF| LUT| Bitwidth P0| Bitwidth P1|
    +------------------------------+----------+----+---+----+------------+------------+
    |add_ln2655_1_fu_2638_p2       |         +|   0|  0|  11|          11|           5|
    |add_ln2655_2_fu_2650_p2       |         +|   0|  0|  14|           9|           5|
    |add_ln2655_3_fu_2660_p2       |         +|   0|  0|  13|          10|          10|
    |add_ln2655_fu_2644_p2         |         +|   0|  0|  11|          11|          11|
    |add_ln2656_fu_2768_p2         |         +|   0|  0|  13|          10|          10|
    |add_ln2659_1_fu_2740_p2       |         +|   0|  0|  13|          10|          10|
    |add_ln2659_fu_2734_p2         |         +|   0|  0|  12|          11|          11|
    |add_ln2660_fu_2816_p2         |         +|   0|  0|  13|          10|          10|
    |input_index_2_fu_2618_p2      |         +|   0|  0|  15|           8|           1|
    |fb_index_fu_2720_p2           |         -|   0|  0|  14|           9|           9|
    |sub_ln2435_1_fu_2746_p2       |         -|   0|  0|  13|           1|          10|
    |sub_ln2435_fu_2666_p2         |         -|   0|  0|  13|           1|          10|
    |sub_ln2438_1_fu_2794_p2       |         -|   0|  0|  13|           9|          10|
    |sub_ln2438_fu_2706_p2         |         -|   0|  0|  13|           9|          10|
    |and_ln2657_fu_2847_p2         |       and|   0|  0|   2|           1|           1|
    |icmp_ln2437_1_fu_2784_p2      |      icmp|   0|  0|  11|           3|           1|
    |icmp_ln2437_fu_2696_p2        |      icmp|   0|  0|  11|           3|           1|
    |icmp_ln2651_fu_2612_p2        |      icmp|   0|  0|  15|           8|           7|
    |icmp_ln2654_fu_2632_p2        |      icmp|   0|  0|  15|           8|           8|
    |icmp_ln2657_fu_2680_p2        |      icmp|   0|  0|  15|           8|           8|
    |ap_predicate_pred2009_state3  |        or|   0|  0|   2|           1|           1|
    |select_ln2437_1_fu_2800_p3    |    select|   0|  0|  10|           1|          10|
    |select_ln2437_fu_2712_p3      |    select|   0|  0|  10|           1|          10|
    |source_freq_1_fu_2808_p3      |    select|   0|  0|  10|           1|          10|
    |source_freq_fu_2760_p3        |    select|   0|  0|  10|           1|          10|
    |value_87_fu_2835_p3           |    select|   0|  0|  16|           1|          16|
    |value_88_fu_2852_p3           |    select|   0|  0|  16|           1|          16|
    |ap_enable_pp0                 |       xor|   0|  0|   2|           1|           2|
    |xor_ln2654_fu_2842_p2         |       xor|   0|  0|   2|           1|           2|
    +------------------------------+----------+----+---+----+------------+------------+
    |Total                         |          |   0|  0| 328|         159|         225|
    +------------------------------+----------+----+---+----+------------+------------+

    * Multiplexer: 
    +--------------------------------+----+-----------+-----+-----------+
    |              Name              | LUT| Input Size| Bits| Total Bits|
    +--------------------------------+----+-----------+-----+-----------+
    |ap_done_int                     |   9|          2|    1|          2|
    |ap_enable_reg_pp0_iter1         |   9|          2|    1|          2|
    |ap_sig_allocacmp_input_index_1  |   9|          2|    8|         16|
    |input_index_fu_964              |   9|          2|    8|         16|
    +--------------------------------+----+-----------+-----+-----------+
    |Total                           |  36|          8|   18|         36|
    +--------------------------------+----+-----------+-----+-----------+

    * Register: 
    +------------------------------------+----+----+-----+-----------+
    |                Name                | FF | LUT| Bits| Const Bits|
    +------------------------------------+----+----+-----+-----------+
    |add_ln2656_reg_3110                 |  10|   0|   10|          0|
    |add_ln2660_reg_3115                 |  10|   0|   10|          0|
    |ap_CS_fsm                           |   1|   0|    1|          0|
    |ap_done_reg                         |   1|   0|    1|          0|
    |ap_enable_reg_pp0_iter1             |   1|   0|    1|          0|
    |ap_enable_reg_pp0_iter2             |   1|   0|    1|          0|
    |ap_loop_exit_ready_pp0_iter1_reg    |   1|   0|    1|          0|
    |ap_predicate_pred1002_state3        |   1|   0|    1|          0|
    |ap_predicate_pred1008_state3        |   1|   0|    1|          0|
    |ap_predicate_pred1014_state3        |   1|   0|    1|          0|
    |ap_predicate_pred1020_state3        |   1|   0|    1|          0|
    |ap_predicate_pred1026_state3        |   1|   0|    1|          0|
    |ap_predicate_pred1032_state3        |   1|   0|    1|          0|
    |ap_predicate_pred1038_state3        |   1|   0|    1|          0|
    |ap_predicate_pred1044_state3        |   1|   0|    1|          0|
    |ap_predicate_pred1050_state3        |   1|   0|    1|          0|
    |ap_predicate_pred1056_state3        |   1|   0|    1|          0|
    |ap_predicate_pred1062_state3        |   1|   0|    1|          0|
    |ap_predicate_pred1068_state3        |   1|   0|    1|          0|
    |ap_predicate_pred1074_state3        |   1|   0|    1|          0|
    |ap_predicate_pred1080_state3        |   1|   0|    1|          0|
    |ap_predicate_pred1086_state3        |   1|   0|    1|          0|
    |ap_predicate_pred1092_state3        |   1|   0|    1|          0|
    |ap_predicate_pred1098_state3        |   1|   0|    1|          0|
    |ap_predicate_pred1104_state3        |   1|   0|    1|          0|
    |ap_predicate_pred1110_state3        |   1|   0|    1|          0|
    |ap_predicate_pred1116_state3        |   1|   0|    1|          0|
    |ap_predicate_pred1122_state3        |   1|   0|    1|          0|
    |ap_predicate_pred1128_state3        |   1|   0|    1|          0|
    |ap_predicate_pred1134_state3        |   1|   0|    1|          0|
    |ap_predicate_pred1140_state3        |   1|   0|    1|          0|
    |ap_predicate_pred1146_state3        |   1|   0|    1|          0|
    |ap_predicate_pred1152_state3        |   1|   0|    1|          0|
    |ap_predicate_pred1158_state3        |   1|   0|    1|          0|
    |ap_predicate_pred1164_state3        |   1|   0|    1|          0|
    |ap_predicate_pred1170_state3        |   1|   0|    1|          0|
    |ap_predicate_pred1176_state3        |   1|   0|    1|          0|
    |ap_predicate_pred1182_state3        |   1|   0|    1|          0|
    |ap_predicate_pred1188_state3        |   1|   0|    1|          0|
    |ap_predicate_pred1194_state3        |   1|   0|    1|          0|
    |ap_predicate_pred1200_state3        |   1|   0|    1|          0|
    |ap_predicate_pred1206_state3        |   1|   0|    1|          0|
    |ap_predicate_pred1212_state3        |   1|   0|    1|          0|
    |ap_predicate_pred1218_state3        |   1|   0|    1|          0|
    |ap_predicate_pred1224_state3        |   1|   0|    1|          0|
    |ap_predicate_pred1230_state3        |   1|   0|    1|          0|
    |ap_predicate_pred1236_state3        |   1|   0|    1|          0|
    |ap_predicate_pred1242_state3        |   1|   0|    1|          0|
    |ap_predicate_pred1248_state3        |   1|   0|    1|          0|
    |ap_predicate_pred1254_state3        |   1|   0|    1|          0|
    |ap_predicate_pred1260_state3        |   1|   0|    1|          0|
    |ap_predicate_pred1266_state3        |   1|   0|    1|          0|
    |ap_predicate_pred1272_state3        |   1|   0|    1|          0|
    |ap_predicate_pred1278_state3        |   1|   0|    1|          0|
    |ap_predicate_pred1284_state3        |   1|   0|    1|          0|
    |ap_predicate_pred1290_state3        |   1|   0|    1|          0|
    |ap_predicate_pred1296_state3        |   1|   0|    1|          0|
    |ap_predicate_pred1302_state3        |   1|   0|    1|          0|
    |ap_predicate_pred1308_state3        |   1|   0|    1|          0|
    |ap_predicate_pred1314_state3        |   1|   0|    1|          0|
    |ap_predicate_pred1320_state3        |   1|   0|    1|          0|
    |ap_predicate_pred1326_state3        |   1|   0|    1|          0|
    |ap_predicate_pred1332_state3        |   1|   0|    1|          0|
    |ap_predicate_pred1338_state3        |   1|   0|    1|          0|
    |ap_predicate_pred1344_state3        |   1|   0|    1|          0|
    |ap_predicate_pred1350_state3        |   1|   0|    1|          0|
    |ap_predicate_pred1356_state3        |   1|   0|    1|          0|
    |ap_predicate_pred1362_state3        |   1|   0|    1|          0|
    |ap_predicate_pred1368_state3        |   1|   0|    1|          0|
    |ap_predicate_pred1374_state3        |   1|   0|    1|          0|
    |ap_predicate_pred1380_state3        |   1|   0|    1|          0|
    |ap_predicate_pred1386_state3        |   1|   0|    1|          0|
    |ap_predicate_pred1392_state3        |   1|   0|    1|          0|
    |ap_predicate_pred1398_state3        |   1|   0|    1|          0|
    |ap_predicate_pred1404_state3        |   1|   0|    1|          0|
    |ap_predicate_pred1410_state3        |   1|   0|    1|          0|
    |ap_predicate_pred1416_state3        |   1|   0|    1|          0|
    |ap_predicate_pred1422_state3        |   1|   0|    1|          0|
    |ap_predicate_pred1428_state3        |   1|   0|    1|          0|
    |ap_predicate_pred1434_state3        |   1|   0|    1|          0|
    |ap_predicate_pred1440_state3        |   1|   0|    1|          0|
    |ap_predicate_pred1446_state3        |   1|   0|    1|          0|
    |ap_predicate_pred1452_state3        |   1|   0|    1|          0|
    |ap_predicate_pred1458_state3        |   1|   0|    1|          0|
    |ap_predicate_pred1464_state3        |   1|   0|    1|          0|
    |ap_predicate_pred1470_state3        |   1|   0|    1|          0|
    |ap_predicate_pred1476_state3        |   1|   0|    1|          0|
    |ap_predicate_pred1482_state3        |   1|   0|    1|          0|
    |ap_predicate_pred1488_state3        |   1|   0|    1|          0|
    |ap_predicate_pred1494_state3        |   1|   0|    1|          0|
    |ap_predicate_pred1500_state3        |   1|   0|    1|          0|
    |ap_predicate_pred1506_state3        |   1|   0|    1|          0|
    |ap_predicate_pred1512_state3        |   1|   0|    1|          0|
    |ap_predicate_pred1518_state3        |   1|   0|    1|          0|
    |ap_predicate_pred1524_state3        |   1|   0|    1|          0|
    |ap_predicate_pred1530_state3        |   1|   0|    1|          0|
    |ap_predicate_pred1536_state3        |   1|   0|    1|          0|
    |ap_predicate_pred1542_state3        |   1|   0|    1|          0|
    |ap_predicate_pred1548_state3        |   1|   0|    1|          0|
    |ap_predicate_pred1554_state3        |   1|   0|    1|          0|
    |ap_predicate_pred1560_state3        |   1|   0|    1|          0|
    |ap_predicate_pred1566_state3        |   1|   0|    1|          0|
    |ap_predicate_pred1572_state3        |   1|   0|    1|          0|
    |ap_predicate_pred1578_state3        |   1|   0|    1|          0|
    |ap_predicate_pred1584_state3        |   1|   0|    1|          0|
    |ap_predicate_pred1590_state3        |   1|   0|    1|          0|
    |ap_predicate_pred1596_state3        |   1|   0|    1|          0|
    |ap_predicate_pred1602_state3        |   1|   0|    1|          0|
    |ap_predicate_pred1608_state3        |   1|   0|    1|          0|
    |ap_predicate_pred1614_state3        |   1|   0|    1|          0|
    |ap_predicate_pred1620_state3        |   1|   0|    1|          0|
    |ap_predicate_pred1626_state3        |   1|   0|    1|          0|
    |ap_predicate_pred1632_state3        |   1|   0|    1|          0|
    |ap_predicate_pred1638_state3        |   1|   0|    1|          0|
    |ap_predicate_pred1644_state3        |   1|   0|    1|          0|
    |ap_predicate_pred1650_state3        |   1|   0|    1|          0|
    |ap_predicate_pred1656_state3        |   1|   0|    1|          0|
    |ap_predicate_pred1662_state3        |   1|   0|    1|          0|
    |ap_predicate_pred1668_state3        |   1|   0|    1|          0|
    |ap_predicate_pred1674_state3        |   1|   0|    1|          0|
    |ap_predicate_pred1680_state3        |   1|   0|    1|          0|
    |ap_predicate_pred1686_state3        |   1|   0|    1|          0|
    |ap_predicate_pred1692_state3        |   1|   0|    1|          0|
    |ap_predicate_pred1698_state3        |   1|   0|    1|          0|
    |ap_predicate_pred1704_state3        |   1|   0|    1|          0|
    |ap_predicate_pred1710_state3        |   1|   0|    1|          0|
    |ap_predicate_pred1716_state3        |   1|   0|    1|          0|
    |ap_predicate_pred1722_state3        |   1|   0|    1|          0|
    |ap_predicate_pred1728_state3        |   1|   0|    1|          0|
    |ap_predicate_pred1734_state3        |   1|   0|    1|          0|
    |ap_predicate_pred1740_state3        |   1|   0|    1|          0|
    |ap_predicate_pred1746_state3        |   1|   0|    1|          0|
    |ap_predicate_pred1752_state3        |   1|   0|    1|          0|
    |ap_predicate_pred1758_state3        |   1|   0|    1|          0|
    |ap_predicate_pred1764_state3        |   1|   0|    1|          0|
    |ap_predicate_pred1770_state3        |   1|   0|    1|          0|
    |ap_predicate_pred1776_state3        |   1|   0|    1|          0|
    |ap_predicate_pred1782_state3        |   1|   0|    1|          0|
    |ap_predicate_pred1788_state3        |   1|   0|    1|          0|
    |ap_predicate_pred1794_state3        |   1|   0|    1|          0|
    |ap_predicate_pred1800_state3        |   1|   0|    1|          0|
    |ap_predicate_pred1806_state3        |   1|   0|    1|          0|
    |ap_predicate_pred1812_state3        |   1|   0|    1|          0|
    |ap_predicate_pred1818_state3        |   1|   0|    1|          0|
    |ap_predicate_pred1824_state3        |   1|   0|    1|          0|
    |ap_predicate_pred1830_state3        |   1|   0|    1|          0|
    |ap_predicate_pred1836_state3        |   1|   0|    1|          0|
    |ap_predicate_pred1842_state3        |   1|   0|    1|          0|
    |ap_predicate_pred1848_state3        |   1|   0|    1|          0|
    |ap_predicate_pred1854_state3        |   1|   0|    1|          0|
    |ap_predicate_pred1860_state3        |   1|   0|    1|          0|
    |ap_predicate_pred1866_state3        |   1|   0|    1|          0|
    |ap_predicate_pred1872_state3        |   1|   0|    1|          0|
    |ap_predicate_pred1878_state3        |   1|   0|    1|          0|
    |ap_predicate_pred1884_state3        |   1|   0|    1|          0|
    |ap_predicate_pred1890_state3        |   1|   0|    1|          0|
    |ap_predicate_pred1896_state3        |   1|   0|    1|          0|
    |ap_predicate_pred1902_state3        |   1|   0|    1|          0|
    |ap_predicate_pred1907_state3        |   1|   0|    1|          0|
    |ap_predicate_pred2009_state3        |   1|   0|    1|          0|
    |ap_predicate_pred575_state3         |   1|   0|    1|          0|
    |ap_predicate_pred582_state3         |   1|   0|    1|          0|
    |ap_predicate_pred588_state3         |   1|   0|    1|          0|
    |ap_predicate_pred594_state3         |   1|   0|    1|          0|
    |ap_predicate_pred600_state3         |   1|   0|    1|          0|
    |ap_predicate_pred606_state3         |   1|   0|    1|          0|
    |ap_predicate_pred612_state3         |   1|   0|    1|          0|
    |ap_predicate_pred618_state3         |   1|   0|    1|          0|
    |ap_predicate_pred624_state3         |   1|   0|    1|          0|
    |ap_predicate_pred630_state3         |   1|   0|    1|          0|
    |ap_predicate_pred636_state3         |   1|   0|    1|          0|
    |ap_predicate_pred642_state3         |   1|   0|    1|          0|
    |ap_predicate_pred648_state3         |   1|   0|    1|          0|
    |ap_predicate_pred654_state3         |   1|   0|    1|          0|
    |ap_predicate_pred660_state3         |   1|   0|    1|          0|
    |ap_predicate_pred666_state3         |   1|   0|    1|          0|
    |ap_predicate_pred672_state3         |   1|   0|    1|          0|
    |ap_predicate_pred678_state3         |   1|   0|    1|          0|
    |ap_predicate_pred684_state3         |   1|   0|    1|          0|
    |ap_predicate_pred690_state3         |   1|   0|    1|          0|
    |ap_predicate_pred696_state3         |   1|   0|    1|          0|
    |ap_predicate_pred702_state3         |   1|   0|    1|          0|
    |ap_predicate_pred708_state3         |   1|   0|    1|          0|
    |ap_predicate_pred714_state3         |   1|   0|    1|          0|
    |ap_predicate_pred720_state3         |   1|   0|    1|          0|
    |ap_predicate_pred726_state3         |   1|   0|    1|          0|
    |ap_predicate_pred732_state3         |   1|   0|    1|          0|
    |ap_predicate_pred738_state3         |   1|   0|    1|          0|
    |ap_predicate_pred744_state3         |   1|   0|    1|          0|
    |ap_predicate_pred750_state3         |   1|   0|    1|          0|
    |ap_predicate_pred756_state3         |   1|   0|    1|          0|
    |ap_predicate_pred762_state3         |   1|   0|    1|          0|
    |ap_predicate_pred768_state3         |   1|   0|    1|          0|
    |ap_predicate_pred774_state3         |   1|   0|    1|          0|
    |ap_predicate_pred780_state3         |   1|   0|    1|          0|
    |ap_predicate_pred786_state3         |   1|   0|    1|          0|
    |ap_predicate_pred792_state3         |   1|   0|    1|          0|
    |ap_predicate_pred798_state3         |   1|   0|    1|          0|
    |ap_predicate_pred804_state3         |   1|   0|    1|          0|
    |ap_predicate_pred810_state3         |   1|   0|    1|          0|
    |ap_predicate_pred816_state3         |   1|   0|    1|          0|
    |ap_predicate_pred822_state3         |   1|   0|    1|          0|
    |ap_predicate_pred828_state3         |   1|   0|    1|          0|
    |ap_predicate_pred834_state3         |   1|   0|    1|          0|
    |ap_predicate_pred840_state3         |   1|   0|    1|          0|
    |ap_predicate_pred846_state3         |   1|   0|    1|          0|
    |ap_predicate_pred852_state3         |   1|   0|    1|          0|
    |ap_predicate_pred858_state3         |   1|   0|    1|          0|
    |ap_predicate_pred864_state3         |   1|   0|    1|          0|
    |ap_predicate_pred870_state3         |   1|   0|    1|          0|
    |ap_predicate_pred876_state3         |   1|   0|    1|          0|
    |ap_predicate_pred882_state3         |   1|   0|    1|          0|
    |ap_predicate_pred888_state3         |   1|   0|    1|          0|
    |ap_predicate_pred894_state3         |   1|   0|    1|          0|
    |ap_predicate_pred900_state3         |   1|   0|    1|          0|
    |ap_predicate_pred906_state3         |   1|   0|    1|          0|
    |ap_predicate_pred912_state3         |   1|   0|    1|          0|
    |ap_predicate_pred918_state3         |   1|   0|    1|          0|
    |ap_predicate_pred924_state3         |   1|   0|    1|          0|
    |ap_predicate_pred930_state3         |   1|   0|    1|          0|
    |ap_predicate_pred936_state3         |   1|   0|    1|          0|
    |ap_predicate_pred942_state3         |   1|   0|    1|          0|
    |ap_predicate_pred948_state3         |   1|   0|    1|          0|
    |ap_predicate_pred954_state3         |   1|   0|    1|          0|
    |ap_predicate_pred960_state3         |   1|   0|    1|          0|
    |ap_predicate_pred966_state3         |   1|   0|    1|          0|
    |ap_predicate_pred972_state3         |   1|   0|    1|          0|
    |ap_predicate_pred978_state3         |   1|   0|    1|          0|
    |ap_predicate_pred984_state3         |   1|   0|    1|          0|
    |ap_predicate_pred990_state3         |   1|   0|    1|          0|
    |ap_predicate_pred996_state3         |   1|   0|    1|          0|
    |icmp_ln2654_reg_3099                |   1|   0|    1|          0|
    |icmp_ln2654_reg_3099_pp0_iter1_reg  |   1|   0|    1|          0|
    |icmp_ln2657_reg_3105                |   1|   0|    1|          0|
    |icmp_ln2657_reg_3105_pp0_iter1_reg  |   1|   0|    1|          0|
    |input_index_1_reg_3091              |   8|   0|    8|          0|
    |input_index_fu_964                  |   8|   0|    8|          0|
    +------------------------------------+----+----+-----+-----------+
    |Total                               | 269|   0|  269|          0|
    +------------------------------------+----+----+-----+-----------+



================================================================
== Interface
================================================================
* Summary: 
+-------------------------+-----+-----+------------+----------------------------------------------------------------------------+--------------+
|        RTL Ports        | Dir | Bits|  Protocol  |                                Source Object                               |    C Type    |
+-------------------------+-----+-----+------------+----------------------------------------------------------------------------+--------------+
|ap_clk                   |   in|    1|  ap_ctrl_hs|  (anonymous namespace)BuildRealtimeBandInputQ610_Pipeline_VITIS_LOOP_2651_1|  return value|
|ap_rst                   |   in|    1|  ap_ctrl_hs|  (anonymous namespace)BuildRealtimeBandInputQ610_Pipeline_VITIS_LOOP_2651_1|  return value|
|ap_start                 |   in|    1|  ap_ctrl_hs|  (anonymous namespace)BuildRealtimeBandInputQ610_Pipeline_VITIS_LOOP_2651_1|  return value|
|ap_done                  |  out|    1|  ap_ctrl_hs|  (anonymous namespace)BuildRealtimeBandInputQ610_Pipeline_VITIS_LOOP_2651_1|  return value|
|ap_idle                  |  out|    1|  ap_ctrl_hs|  (anonymous namespace)BuildRealtimeBandInputQ610_Pipeline_VITIS_LOOP_2651_1|  return value|
|ap_ready                 |  out|    1|  ap_ctrl_hs|  (anonymous namespace)BuildRealtimeBandInputQ610_Pipeline_VITIS_LOOP_2651_1|  return value|
|input_buffer_0           |  out|   16|      ap_vld|                                                              input_buffer_0|       pointer|
|input_buffer_0_ap_vld    |  out|    1|      ap_vld|                                                              input_buffer_0|       pointer|
|input_buffer_223         |  out|   16|      ap_vld|                                                            input_buffer_223|       pointer|
|input_buffer_223_ap_vld  |  out|    1|      ap_vld|                                                            input_buffer_223|       pointer|
|input_buffer_222         |  out|   16|      ap_vld|                                                            input_buffer_222|       pointer|
|input_buffer_222_ap_vld  |  out|    1|      ap_vld|                                                            input_buffer_222|       pointer|
|input_buffer_221         |  out|   16|      ap_vld|                                                            input_buffer_221|       pointer|
|input_buffer_221_ap_vld  |  out|    1|      ap_vld|                                                            input_buffer_221|       pointer|
|input_buffer_220         |  out|   16|      ap_vld|                                                            input_buffer_220|       pointer|
|input_buffer_220_ap_vld  |  out|    1|      ap_vld|                                                            input_buffer_220|       pointer|
|input_buffer_219         |  out|   16|      ap_vld|                                                            input_buffer_219|       pointer|
|input_buffer_219_ap_vld  |  out|    1|      ap_vld|                                                            input_buffer_219|       pointer|
|input_buffer_218         |  out|   16|      ap_vld|                                                            input_buffer_218|       pointer|
|input_buffer_218_ap_vld  |  out|    1|      ap_vld|                                                            input_buffer_218|       pointer|
|input_buffer_217         |  out|   16|      ap_vld|                                                            input_buffer_217|       pointer|
|input_buffer_217_ap_vld  |  out|    1|      ap_vld|                                                            input_buffer_217|       pointer|
|input_buffer_216         |  out|   16|      ap_vld|                                                            input_buffer_216|       pointer|
|input_buffer_216_ap_vld  |  out|    1|      ap_vld|                                                            input_buffer_216|       pointer|
|input_buffer_215         |  out|   16|      ap_vld|                                                            input_buffer_215|       pointer|
|input_buffer_215_ap_vld  |  out|    1|      ap_vld|                                                            input_buffer_215|       pointer|
|input_buffer_214         |  out|   16|      ap_vld|                                                            input_buffer_214|       pointer|
|input_buffer_214_ap_vld  |  out|    1|      ap_vld|                                                            input_buffer_214|       pointer|
|input_buffer_213         |  out|   16|      ap_vld|                                                            input_buffer_213|       pointer|
|input_buffer_213_ap_vld  |  out|    1|      ap_vld|                                                            input_buffer_213|       pointer|
|input_buffer_212         |  out|   16|      ap_vld|                                                            input_buffer_212|       pointer|
|input_buffer_212_ap_vld  |  out|    1|      ap_vld|                                                            input_buffer_212|       pointer|
|input_buffer_211         |  out|   16|      ap_vld|                                                            input_buffer_211|       pointer|
|input_buffer_211_ap_vld  |  out|    1|      ap_vld|                                                            input_buffer_211|       pointer|
|input_buffer_210         |  out|   16|      ap_vld|                                                            input_buffer_210|       pointer|
|input_buffer_210_ap_vld  |  out|    1|      ap_vld|                                                            input_buffer_210|       pointer|
|input_buffer_209         |  out|   16|      ap_vld|                                                            input_buffer_209|       pointer|
|input_buffer_209_ap_vld  |  out|    1|      ap_vld|                                                            input_buffer_209|       pointer|
|input_buffer_208         |  out|   16|      ap_vld|                                                            input_buffer_208|       pointer|
|input_buffer_208_ap_vld  |  out|    1|      ap_vld|                                                            input_buffer_208|       pointer|
|input_buffer_207         |  out|   16|      ap_vld|                                                            input_buffer_207|       pointer|
|input_buffer_207_ap_vld  |  out|    1|      ap_vld|                                                            input_buffer_207|       pointer|
|input_buffer_206         |  out|   16|      ap_vld|                                                            input_buffer_206|       pointer|
|input_buffer_206_ap_vld  |  out|    1|      ap_vld|                                                            input_buffer_206|       pointer|
|input_buffer_205         |  out|   16|      ap_vld|                                                            input_buffer_205|       pointer|
|input_buffer_205_ap_vld  |  out|    1|      ap_vld|                                                            input_buffer_205|       pointer|
|input_buffer_204         |  out|   16|      ap_vld|                                                            input_buffer_204|       pointer|
|input_buffer_204_ap_vld  |  out|    1|      ap_vld|                                                            input_buffer_204|       pointer|
|input_buffer_203         |  out|   16|      ap_vld|                                                            input_buffer_203|       pointer|
|input_buffer_203_ap_vld  |  out|    1|      ap_vld|                                                            input_buffer_203|       pointer|
|input_buffer_202         |  out|   16|      ap_vld|                                                            input_buffer_202|       pointer|
|input_buffer_202_ap_vld  |  out|    1|      ap_vld|                                                            input_buffer_202|       pointer|
|input_buffer_201         |  out|   16|      ap_vld|                                                            input_buffer_201|       pointer|
|input_buffer_201_ap_vld  |  out|    1|      ap_vld|                                                            input_buffer_201|       pointer|
|input_buffer_200         |  out|   16|      ap_vld|                                                            input_buffer_200|       pointer|
|input_buffer_200_ap_vld  |  out|    1|      ap_vld|                                                            input_buffer_200|       pointer|
|input_buffer_199         |  out|   16|      ap_vld|                                                            input_buffer_199|       pointer|
|input_buffer_199_ap_vld  |  out|    1|      ap_vld|                                                            input_buffer_199|       pointer|
|input_buffer_198         |  out|   16|      ap_vld|                                                            input_buffer_198|       pointer|
|input_buffer_198_ap_vld  |  out|    1|      ap_vld|                                                            input_buffer_198|       pointer|
|input_buffer_197         |  out|   16|      ap_vld|                                                            input_buffer_197|       pointer|
|input_buffer_197_ap_vld  |  out|    1|      ap_vld|                                                            input_buffer_197|       pointer|
|input_buffer_196         |  out|   16|      ap_vld|                                                            input_buffer_196|       pointer|
|input_buffer_196_ap_vld  |  out|    1|      ap_vld|                                                            input_buffer_196|       pointer|
|input_buffer_195         |  out|   16|      ap_vld|                                                            input_buffer_195|       pointer|
|input_buffer_195_ap_vld  |  out|    1|      ap_vld|                                                            input_buffer_195|       pointer|
|input_buffer_194         |  out|   16|      ap_vld|                                                            input_buffer_194|       pointer|
|input_buffer_194_ap_vld  |  out|    1|      ap_vld|                                                            input_buffer_194|       pointer|
|input_buffer_193         |  out|   16|      ap_vld|                                                            input_buffer_193|       pointer|
|input_buffer_193_ap_vld  |  out|    1|      ap_vld|                                                            input_buffer_193|       pointer|
|input_buffer_192         |  out|   16|      ap_vld|                                                            input_buffer_192|       pointer|
|input_buffer_192_ap_vld  |  out|    1|      ap_vld|                                                            input_buffer_192|       pointer|
|input_buffer_191         |  out|   16|      ap_vld|                                                            input_buffer_191|       pointer|
|input_buffer_191_ap_vld  |  out|    1|      ap_vld|                                                            input_buffer_191|       pointer|
|input_buffer_190         |  out|   16|      ap_vld|                                                            input_buffer_190|       pointer|
|input_buffer_190_ap_vld  |  out|    1|      ap_vld|                                                            input_buffer_190|       pointer|
|input_buffer_189         |  out|   16|      ap_vld|                                                            input_buffer_189|       pointer|
|input_buffer_189_ap_vld  |  out|    1|      ap_vld|                                                            input_buffer_189|       pointer|
|input_buffer_188         |  out|   16|      ap_vld|                                                            input_buffer_188|       pointer|
|input_buffer_188_ap_vld  |  out|    1|      ap_vld|                                                            input_buffer_188|       pointer|
|input_buffer_187         |  out|   16|      ap_vld|                                                            input_buffer_187|       pointer|
|input_buffer_187_ap_vld  |  out|    1|      ap_vld|                                                            input_buffer_187|       pointer|
|input_buffer_186         |  out|   16|      ap_vld|                                                            input_buffer_186|       pointer|
|input_buffer_186_ap_vld  |  out|    1|      ap_vld|                                                            input_buffer_186|       pointer|
|input_buffer_185         |  out|   16|      ap_vld|                                                            input_buffer_185|       pointer|
|input_buffer_185_ap_vld  |  out|    1|      ap_vld|                                                            input_buffer_185|       pointer|
|input_buffer_184         |  out|   16|      ap_vld|                                                            input_buffer_184|       pointer|
|input_buffer_184_ap_vld  |  out|    1|      ap_vld|                                                            input_buffer_184|       pointer|
|input_buffer_183         |  out|   16|      ap_vld|                                                            input_buffer_183|       pointer|
|input_buffer_183_ap_vld  |  out|    1|      ap_vld|                                                            input_buffer_183|       pointer|
|input_buffer_182         |  out|   16|      ap_vld|                                                            input_buffer_182|       pointer|
|input_buffer_182_ap_vld  |  out|    1|      ap_vld|                                                            input_buffer_182|       pointer|
|input_buffer_181         |  out|   16|      ap_vld|                                                            input_buffer_181|       pointer|
|input_buffer_181_ap_vld  |  out|    1|      ap_vld|                                                            input_buffer_181|       pointer|
|input_buffer_180         |  out|   16|      ap_vld|                                                            input_buffer_180|       pointer|
|input_buffer_180_ap_vld  |  out|    1|      ap_vld|                                                            input_buffer_180|       pointer|
|input_buffer_179         |  out|   16|      ap_vld|                                                            input_buffer_179|       pointer|
|input_buffer_179_ap_vld  |  out|    1|      ap_vld|                                                            input_buffer_179|       pointer|
|input_buffer_178         |  out|   16|      ap_vld|                                                            input_buffer_178|       pointer|
|input_buffer_178_ap_vld  |  out|    1|      ap_vld|                                                            input_buffer_178|       pointer|
|input_buffer_177         |  out|   16|      ap_vld|                                                            input_buffer_177|       pointer|
|input_buffer_177_ap_vld  |  out|    1|      ap_vld|                                                            input_buffer_177|       pointer|
|input_buffer_176         |  out|   16|      ap_vld|                                                            input_buffer_176|       pointer|
|input_buffer_176_ap_vld  |  out|    1|      ap_vld|                                                            input_buffer_176|       pointer|
|input_buffer_175         |  out|   16|      ap_vld|                                                            input_buffer_175|       pointer|
|input_buffer_175_ap_vld  |  out|    1|      ap_vld|                                                            input_buffer_175|       pointer|
|input_buffer_174         |  out|   16|      ap_vld|                                                            input_buffer_174|       pointer|
|input_buffer_174_ap_vld  |  out|    1|      ap_vld|                                                            input_buffer_174|       pointer|
|input_buffer_173         |  out|   16|      ap_vld|                                                            input_buffer_173|       pointer|
|input_buffer_173_ap_vld  |  out|    1|      ap_vld|                                                            input_buffer_173|       pointer|
|input_buffer_172         |  out|   16|      ap_vld|                                                            input_buffer_172|       pointer|
|input_buffer_172_ap_vld  |  out|    1|      ap_vld|                                                            input_buffer_172|       pointer|
|input_buffer_171         |  out|   16|      ap_vld|                                                            input_buffer_171|       pointer|
|input_buffer_171_ap_vld  |  out|    1|      ap_vld|                                                            input_buffer_171|       pointer|
|input_buffer_170         |  out|   16|      ap_vld|                                                            input_buffer_170|       pointer|
|input_buffer_170_ap_vld  |  out|    1|      ap_vld|                                                            input_buffer_170|       pointer|
|input_buffer_169         |  out|   16|      ap_vld|                                                            input_buffer_169|       pointer|
|input_buffer_169_ap_vld  |  out|    1|      ap_vld|                                                            input_buffer_169|       pointer|
|input_buffer_168         |  out|   16|      ap_vld|                                                            input_buffer_168|       pointer|
|input_buffer_168_ap_vld  |  out|    1|      ap_vld|                                                            input_buffer_168|       pointer|
|input_buffer_167         |  out|   16|      ap_vld|                                                            input_buffer_167|       pointer|
|input_buffer_167_ap_vld  |  out|    1|      ap_vld|                                                            input_buffer_167|       pointer|
|input_buffer_166         |  out|   16|      ap_vld|                                                            input_buffer_166|       pointer|
|input_buffer_166_ap_vld  |  out|    1|      ap_vld|                                                            input_buffer_166|       pointer|
|input_buffer_165         |  out|   16|      ap_vld|                                                            input_buffer_165|       pointer|
|input_buffer_165_ap_vld  |  out|    1|      ap_vld|                                                            input_buffer_165|       pointer|
|input_buffer_164         |  out|   16|      ap_vld|                                                            input_buffer_164|       pointer|
|input_buffer_164_ap_vld  |  out|    1|      ap_vld|                                                            input_buffer_164|       pointer|
|input_buffer_163         |  out|   16|      ap_vld|                                                            input_buffer_163|       pointer|
|input_buffer_163_ap_vld  |  out|    1|      ap_vld|                                                            input_buffer_163|       pointer|
|input_buffer_162         |  out|   16|      ap_vld|                                                            input_buffer_162|       pointer|
|input_buffer_162_ap_vld  |  out|    1|      ap_vld|                                                            input_buffer_162|       pointer|
|input_buffer_161         |  out|   16|      ap_vld|                                                            input_buffer_161|       pointer|
|input_buffer_161_ap_vld  |  out|    1|      ap_vld|                                                            input_buffer_161|       pointer|
|input_buffer_160         |  out|   16|      ap_vld|                                                            input_buffer_160|       pointer|
|input_buffer_160_ap_vld  |  out|    1|      ap_vld|                                                            input_buffer_160|       pointer|
|input_buffer_159         |  out|   16|      ap_vld|                                                            input_buffer_159|       pointer|
|input_buffer_159_ap_vld  |  out|    1|      ap_vld|                                                            input_buffer_159|       pointer|
|input_buffer_158         |  out|   16|      ap_vld|                                                            input_buffer_158|       pointer|
|input_buffer_158_ap_vld  |  out|    1|      ap_vld|                                                            input_buffer_158|       pointer|
|input_buffer_157         |  out|   16|      ap_vld|                                                            input_buffer_157|       pointer|
|input_buffer_157_ap_vld  |  out|    1|      ap_vld|                                                            input_buffer_157|       pointer|
|input_buffer_156         |  out|   16|      ap_vld|                                                            input_buffer_156|       pointer|
|input_buffer_156_ap_vld  |  out|    1|      ap_vld|                                                            input_buffer_156|       pointer|
|input_buffer_155         |  out|   16|      ap_vld|                                                            input_buffer_155|       pointer|
|input_buffer_155_ap_vld  |  out|    1|      ap_vld|                                                            input_buffer_155|       pointer|
|input_buffer_154         |  out|   16|      ap_vld|                                                            input_buffer_154|       pointer|
|input_buffer_154_ap_vld  |  out|    1|      ap_vld|                                                            input_buffer_154|       pointer|
|input_buffer_153         |  out|   16|      ap_vld|                                                            input_buffer_153|       pointer|
|input_buffer_153_ap_vld  |  out|    1|      ap_vld|                                                            input_buffer_153|       pointer|
|input_buffer_152         |  out|   16|      ap_vld|                                                            input_buffer_152|       pointer|
|input_buffer_152_ap_vld  |  out|    1|      ap_vld|                                                            input_buffer_152|       pointer|
|input_buffer_151         |  out|   16|      ap_vld|                                                            input_buffer_151|       pointer|
|input_buffer_151_ap_vld  |  out|    1|      ap_vld|                                                            input_buffer_151|       pointer|
|input_buffer_150         |  out|   16|      ap_vld|                                                            input_buffer_150|       pointer|
|input_buffer_150_ap_vld  |  out|    1|      ap_vld|                                                            input_buffer_150|       pointer|
|input_buffer_149         |  out|   16|      ap_vld|                                                            input_buffer_149|       pointer|
|input_buffer_149_ap_vld  |  out|    1|      ap_vld|                                                            input_buffer_149|       pointer|
|input_buffer_148         |  out|   16|      ap_vld|                                                            input_buffer_148|       pointer|
|input_buffer_148_ap_vld  |  out|    1|      ap_vld|                                                            input_buffer_148|       pointer|
|input_buffer_147         |  out|   16|      ap_vld|                                                            input_buffer_147|       pointer|
|input_buffer_147_ap_vld  |  out|    1|      ap_vld|                                                            input_buffer_147|       pointer|
|input_buffer_146         |  out|   16|      ap_vld|                                                            input_buffer_146|       pointer|
|input_buffer_146_ap_vld  |  out|    1|      ap_vld|                                                            input_buffer_146|       pointer|
|input_buffer_145         |  out|   16|      ap_vld|                                                            input_buffer_145|       pointer|
|input_buffer_145_ap_vld  |  out|    1|      ap_vld|                                                            input_buffer_145|       pointer|
|input_buffer_144         |  out|   16|      ap_vld|                                                            input_buffer_144|       pointer|
|input_buffer_144_ap_vld  |  out|    1|      ap_vld|                                                            input_buffer_144|       pointer|
|input_buffer_143         |  out|   16|      ap_vld|                                                            input_buffer_143|       pointer|
|input_buffer_143_ap_vld  |  out|    1|      ap_vld|                                                            input_buffer_143|       pointer|
|input_buffer_142         |  out|   16|      ap_vld|                                                            input_buffer_142|       pointer|
|input_buffer_142_ap_vld  |  out|    1|      ap_vld|                                                            input_buffer_142|       pointer|
|input_buffer_141         |  out|   16|      ap_vld|                                                            input_buffer_141|       pointer|
|input_buffer_141_ap_vld  |  out|    1|      ap_vld|                                                            input_buffer_141|       pointer|
|input_buffer_140         |  out|   16|      ap_vld|                                                            input_buffer_140|       pointer|
|input_buffer_140_ap_vld  |  out|    1|      ap_vld|                                                            input_buffer_140|       pointer|
|input_buffer_139         |  out|   16|      ap_vld|                                                            input_buffer_139|       pointer|
|input_buffer_139_ap_vld  |  out|    1|      ap_vld|                                                            input_buffer_139|       pointer|
|input_buffer_138         |  out|   16|      ap_vld|                                                            input_buffer_138|       pointer|
|input_buffer_138_ap_vld  |  out|    1|      ap_vld|                                                            input_buffer_138|       pointer|
|input_buffer_137         |  out|   16|      ap_vld|                                                            input_buffer_137|       pointer|
|input_buffer_137_ap_vld  |  out|    1|      ap_vld|                                                            input_buffer_137|       pointer|
|input_buffer_136         |  out|   16|      ap_vld|                                                            input_buffer_136|       pointer|
|input_buffer_136_ap_vld  |  out|    1|      ap_vld|                                                            input_buffer_136|       pointer|
|input_buffer_135         |  out|   16|      ap_vld|                                                            input_buffer_135|       pointer|
|input_buffer_135_ap_vld  |  out|    1|      ap_vld|                                                            input_buffer_135|       pointer|
|input_buffer_134         |  out|   16|      ap_vld|                                                            input_buffer_134|       pointer|
|input_buffer_134_ap_vld  |  out|    1|      ap_vld|                                                            input_buffer_134|       pointer|
|input_buffer_133         |  out|   16|      ap_vld|                                                            input_buffer_133|       pointer|
|input_buffer_133_ap_vld  |  out|    1|      ap_vld|                                                            input_buffer_133|       pointer|
|input_buffer_132         |  out|   16|      ap_vld|                                                            input_buffer_132|       pointer|
|input_buffer_132_ap_vld  |  out|    1|      ap_vld|                                                            input_buffer_132|       pointer|
|input_buffer_131         |  out|   16|      ap_vld|                                                            input_buffer_131|       pointer|
|input_buffer_131_ap_vld  |  out|    1|      ap_vld|                                                            input_buffer_131|       pointer|
|input_buffer_130         |  out|   16|      ap_vld|                                                            input_buffer_130|       pointer|
|input_buffer_130_ap_vld  |  out|    1|      ap_vld|                                                            input_buffer_130|       pointer|
|input_buffer_129         |  out|   16|      ap_vld|                                                            input_buffer_129|       pointer|
|input_buffer_129_ap_vld  |  out|    1|      ap_vld|                                                            input_buffer_129|       pointer|
|input_buffer_128         |  out|   16|      ap_vld|                                                            input_buffer_128|       pointer|
|input_buffer_128_ap_vld  |  out|    1|      ap_vld|                                                            input_buffer_128|       pointer|
|input_buffer_127         |  out|   16|      ap_vld|                                                            input_buffer_127|       pointer|
|input_buffer_127_ap_vld  |  out|    1|      ap_vld|                                                            input_buffer_127|       pointer|
|input_buffer_126         |  out|   16|      ap_vld|                                                            input_buffer_126|       pointer|
|input_buffer_126_ap_vld  |  out|    1|      ap_vld|                                                            input_buffer_126|       pointer|
|input_buffer_125         |  out|   16|      ap_vld|                                                            input_buffer_125|       pointer|
|input_buffer_125_ap_vld  |  out|    1|      ap_vld|                                                            input_buffer_125|       pointer|
|input_buffer_124         |  out|   16|      ap_vld|                                                            input_buffer_124|       pointer|
|input_buffer_124_ap_vld  |  out|    1|      ap_vld|                                                            input_buffer_124|       pointer|
|input_buffer_123         |  out|   16|      ap_vld|                                                            input_buffer_123|       pointer|
|input_buffer_123_ap_vld  |  out|    1|      ap_vld|                                                            input_buffer_123|       pointer|
|input_buffer_122         |  out|   16|      ap_vld|                                                            input_buffer_122|       pointer|
|input_buffer_122_ap_vld  |  out|    1|      ap_vld|                                                            input_buffer_122|       pointer|
|input_buffer_121         |  out|   16|      ap_vld|                                                            input_buffer_121|       pointer|
|input_buffer_121_ap_vld  |  out|    1|      ap_vld|                                                            input_buffer_121|       pointer|
|input_buffer_120         |  out|   16|      ap_vld|                                                            input_buffer_120|       pointer|
|input_buffer_120_ap_vld  |  out|    1|      ap_vld|                                                            input_buffer_120|       pointer|
|input_buffer_119         |  out|   16|      ap_vld|                                                            input_buffer_119|       pointer|
|input_buffer_119_ap_vld  |  out|    1|      ap_vld|                                                            input_buffer_119|       pointer|
|input_buffer_118         |  out|   16|      ap_vld|                                                            input_buffer_118|       pointer|
|input_buffer_118_ap_vld  |  out|    1|      ap_vld|                                                            input_buffer_118|       pointer|
|input_buffer_117         |  out|   16|      ap_vld|                                                            input_buffer_117|       pointer|
|input_buffer_117_ap_vld  |  out|    1|      ap_vld|                                                            input_buffer_117|       pointer|
|input_buffer_116         |  out|   16|      ap_vld|                                                            input_buffer_116|       pointer|
|input_buffer_116_ap_vld  |  out|    1|      ap_vld|                                                            input_buffer_116|       pointer|
|input_buffer_115         |  out|   16|      ap_vld|                                                            input_buffer_115|       pointer|
|input_buffer_115_ap_vld  |  out|    1|      ap_vld|                                                            input_buffer_115|       pointer|
|input_buffer_114         |  out|   16|      ap_vld|                                                            input_buffer_114|       pointer|
|input_buffer_114_ap_vld  |  out|    1|      ap_vld|                                                            input_buffer_114|       pointer|
|input_buffer_113         |  out|   16|      ap_vld|                                                            input_buffer_113|       pointer|
|input_buffer_113_ap_vld  |  out|    1|      ap_vld|                                                            input_buffer_113|       pointer|
|input_buffer_112         |  out|   16|      ap_vld|                                                            input_buffer_112|       pointer|
|input_buffer_112_ap_vld  |  out|    1|      ap_vld|                                                            input_buffer_112|       pointer|
|input_buffer_111         |  out|   16|      ap_vld|                                                            input_buffer_111|       pointer|
|input_buffer_111_ap_vld  |  out|    1|      ap_vld|                                                            input_buffer_111|       pointer|
|input_buffer_110         |  out|   16|      ap_vld|                                                            input_buffer_110|       pointer|
|input_buffer_110_ap_vld  |  out|    1|      ap_vld|                                                            input_buffer_110|       pointer|
|input_buffer_109         |  out|   16|      ap_vld|                                                            input_buffer_109|       pointer|
|input_buffer_109_ap_vld  |  out|    1|      ap_vld|                                                            input_buffer_109|       pointer|
|input_buffer_108         |  out|   16|      ap_vld|                                                            input_buffer_108|       pointer|
|input_buffer_108_ap_vld  |  out|    1|      ap_vld|                                                            input_buffer_108|       pointer|
|input_buffer_107         |  out|   16|      ap_vld|                                                            input_buffer_107|       pointer|
|input_buffer_107_ap_vld  |  out|    1|      ap_vld|                                                            input_buffer_107|       pointer|
|input_buffer_106         |  out|   16|      ap_vld|                                                            input_buffer_106|       pointer|
|input_buffer_106_ap_vld  |  out|    1|      ap_vld|                                                            input_buffer_106|       pointer|
|input_buffer_105         |  out|   16|      ap_vld|                                                            input_buffer_105|       pointer|
|input_buffer_105_ap_vld  |  out|    1|      ap_vld|                                                            input_buffer_105|       pointer|
|input_buffer_104         |  out|   16|      ap_vld|                                                            input_buffer_104|       pointer|
|input_buffer_104_ap_vld  |  out|    1|      ap_vld|                                                            input_buffer_104|       pointer|
|input_buffer_103         |  out|   16|      ap_vld|                                                            input_buffer_103|       pointer|
|input_buffer_103_ap_vld  |  out|    1|      ap_vld|                                                            input_buffer_103|       pointer|
|input_buffer_102         |  out|   16|      ap_vld|                                                            input_buffer_102|       pointer|
|input_buffer_102_ap_vld  |  out|    1|      ap_vld|                                                            input_buffer_102|       pointer|
|input_buffer_101         |  out|   16|      ap_vld|                                                            input_buffer_101|       pointer|
|input_buffer_101_ap_vld  |  out|    1|      ap_vld|                                                            input_buffer_101|       pointer|
|input_buffer_100         |  out|   16|      ap_vld|                                                            input_buffer_100|       pointer|
|input_buffer_100_ap_vld  |  out|    1|      ap_vld|                                                            input_buffer_100|       pointer|
|input_buffer_99          |  out|   16|      ap_vld|                                                             input_buffer_99|       pointer|
|input_buffer_99_ap_vld   |  out|    1|      ap_vld|                                                             input_buffer_99|       pointer|
|input_buffer_98          |  out|   16|      ap_vld|                                                             input_buffer_98|       pointer|
|input_buffer_98_ap_vld   |  out|    1|      ap_vld|                                                             input_buffer_98|       pointer|
|input_buffer_97          |  out|   16|      ap_vld|                                                             input_buffer_97|       pointer|
|input_buffer_97_ap_vld   |  out|    1|      ap_vld|                                                             input_buffer_97|       pointer|
|input_buffer_96          |  out|   16|      ap_vld|                                                             input_buffer_96|       pointer|
|input_buffer_96_ap_vld   |  out|    1|      ap_vld|                                                             input_buffer_96|       pointer|
|input_buffer_95          |  out|   16|      ap_vld|                                                             input_buffer_95|       pointer|
|input_buffer_95_ap_vld   |  out|    1|      ap_vld|                                                             input_buffer_95|       pointer|
|input_buffer_94          |  out|   16|      ap_vld|                                                             input_buffer_94|       pointer|
|input_buffer_94_ap_vld   |  out|    1|      ap_vld|                                                             input_buffer_94|       pointer|
|input_buffer_93          |  out|   16|      ap_vld|                                                             input_buffer_93|       pointer|
|input_buffer_93_ap_vld   |  out|    1|      ap_vld|                                                             input_buffer_93|       pointer|
|input_buffer_92          |  out|   16|      ap_vld|                                                             input_buffer_92|       pointer|
|input_buffer_92_ap_vld   |  out|    1|      ap_vld|                                                             input_buffer_92|       pointer|
|input_buffer_91          |  out|   16|      ap_vld|                                                             input_buffer_91|       pointer|
|input_buffer_91_ap_vld   |  out|    1|      ap_vld|                                                             input_buffer_91|       pointer|
|input_buffer_90          |  out|   16|      ap_vld|                                                             input_buffer_90|       pointer|
|input_buffer_90_ap_vld   |  out|    1|      ap_vld|                                                             input_buffer_90|       pointer|
|input_buffer_89          |  out|   16|      ap_vld|                                                             input_buffer_89|       pointer|
|input_buffer_89_ap_vld   |  out|    1|      ap_vld|                                                             input_buffer_89|       pointer|
|input_buffer_88          |  out|   16|      ap_vld|                                                             input_buffer_88|       pointer|
|input_buffer_88_ap_vld   |  out|    1|      ap_vld|                                                             input_buffer_88|       pointer|
|input_buffer_87          |  out|   16|      ap_vld|                                                             input_buffer_87|       pointer|
|input_buffer_87_ap_vld   |  out|    1|      ap_vld|                                                             input_buffer_87|       pointer|
|input_buffer_86          |  out|   16|      ap_vld|                                                             input_buffer_86|       pointer|
|input_buffer_86_ap_vld   |  out|    1|      ap_vld|                                                             input_buffer_86|       pointer|
|input_buffer_85          |  out|   16|      ap_vld|                                                             input_buffer_85|       pointer|
|input_buffer_85_ap_vld   |  out|    1|      ap_vld|                                                             input_buffer_85|       pointer|
|input_buffer_84          |  out|   16|      ap_vld|                                                             input_buffer_84|       pointer|
|input_buffer_84_ap_vld   |  out|    1|      ap_vld|                                                             input_buffer_84|       pointer|
|input_buffer_83          |  out|   16|      ap_vld|                                                             input_buffer_83|       pointer|
|input_buffer_83_ap_vld   |  out|    1|      ap_vld|                                                             input_buffer_83|       pointer|
|input_buffer_82          |  out|   16|      ap_vld|                                                             input_buffer_82|       pointer|
|input_buffer_82_ap_vld   |  out|    1|      ap_vld|                                                             input_buffer_82|       pointer|
|input_buffer_81          |  out|   16|      ap_vld|                                                             input_buffer_81|       pointer|
|input_buffer_81_ap_vld   |  out|    1|      ap_vld|                                                             input_buffer_81|       pointer|
|input_buffer_80          |  out|   16|      ap_vld|                                                             input_buffer_80|       pointer|
|input_buffer_80_ap_vld   |  out|    1|      ap_vld|                                                             input_buffer_80|       pointer|
|input_buffer_79          |  out|   16|      ap_vld|                                                             input_buffer_79|       pointer|
|input_buffer_79_ap_vld   |  out|    1|      ap_vld|                                                             input_buffer_79|       pointer|
|input_buffer_78          |  out|   16|      ap_vld|                                                             input_buffer_78|       pointer|
|input_buffer_78_ap_vld   |  out|    1|      ap_vld|                                                             input_buffer_78|       pointer|
|input_buffer_77          |  out|   16|      ap_vld|                                                             input_buffer_77|       pointer|
|input_buffer_77_ap_vld   |  out|    1|      ap_vld|                                                             input_buffer_77|       pointer|
|input_buffer_76          |  out|   16|      ap_vld|                                                             input_buffer_76|       pointer|
|input_buffer_76_ap_vld   |  out|    1|      ap_vld|                                                             input_buffer_76|       pointer|
|input_buffer_75          |  out|   16|      ap_vld|                                                             input_buffer_75|       pointer|
|input_buffer_75_ap_vld   |  out|    1|      ap_vld|                                                             input_buffer_75|       pointer|
|input_buffer_74          |  out|   16|      ap_vld|                                                             input_buffer_74|       pointer|
|input_buffer_74_ap_vld   |  out|    1|      ap_vld|                                                             input_buffer_74|       pointer|
|input_buffer_73          |  out|   16|      ap_vld|                                                             input_buffer_73|       pointer|
|input_buffer_73_ap_vld   |  out|    1|      ap_vld|                                                             input_buffer_73|       pointer|
|input_buffer_72          |  out|   16|      ap_vld|                                                             input_buffer_72|       pointer|
|input_buffer_72_ap_vld   |  out|    1|      ap_vld|                                                             input_buffer_72|       pointer|
|input_buffer_71          |  out|   16|      ap_vld|                                                             input_buffer_71|       pointer|
|input_buffer_71_ap_vld   |  out|    1|      ap_vld|                                                             input_buffer_71|       pointer|
|input_buffer_70          |  out|   16|      ap_vld|                                                             input_buffer_70|       pointer|
|input_buffer_70_ap_vld   |  out|    1|      ap_vld|                                                             input_buffer_70|       pointer|
|input_buffer_69          |  out|   16|      ap_vld|                                                             input_buffer_69|       pointer|
|input_buffer_69_ap_vld   |  out|    1|      ap_vld|                                                             input_buffer_69|       pointer|
|input_buffer_68          |  out|   16|      ap_vld|                                                             input_buffer_68|       pointer|
|input_buffer_68_ap_vld   |  out|    1|      ap_vld|                                                             input_buffer_68|       pointer|
|input_buffer_67          |  out|   16|      ap_vld|                                                             input_buffer_67|       pointer|
|input_buffer_67_ap_vld   |  out|    1|      ap_vld|                                                             input_buffer_67|       pointer|
|input_buffer_66          |  out|   16|      ap_vld|                                                             input_buffer_66|       pointer|
|input_buffer_66_ap_vld   |  out|    1|      ap_vld|                                                             input_buffer_66|       pointer|
|input_buffer_65          |  out|   16|      ap_vld|                                                             input_buffer_65|       pointer|
|input_buffer_65_ap_vld   |  out|    1|      ap_vld|                                                             input_buffer_65|       pointer|
|input_buffer_64          |  out|   16|      ap_vld|                                                             input_buffer_64|       pointer|
|input_buffer_64_ap_vld   |  out|    1|      ap_vld|                                                             input_buffer_64|       pointer|
|input_buffer_63          |  out|   16|      ap_vld|                                                             input_buffer_63|       pointer|
|input_buffer_63_ap_vld   |  out|    1|      ap_vld|                                                             input_buffer_63|       pointer|
|input_buffer_62          |  out|   16|      ap_vld|                                                             input_buffer_62|       pointer|
|input_buffer_62_ap_vld   |  out|    1|      ap_vld|                                                             input_buffer_62|       pointer|
|input_buffer_61          |  out|   16|      ap_vld|                                                             input_buffer_61|       pointer|
|input_buffer_61_ap_vld   |  out|    1|      ap_vld|                                                             input_buffer_61|       pointer|
|input_buffer_60          |  out|   16|      ap_vld|                                                             input_buffer_60|       pointer|
|input_buffer_60_ap_vld   |  out|    1|      ap_vld|                                                             input_buffer_60|       pointer|
|input_buffer_59          |  out|   16|      ap_vld|                                                             input_buffer_59|       pointer|
|input_buffer_59_ap_vld   |  out|    1|      ap_vld|                                                             input_buffer_59|       pointer|
|input_buffer_58          |  out|   16|      ap_vld|                                                             input_buffer_58|       pointer|
|input_buffer_58_ap_vld   |  out|    1|      ap_vld|                                                             input_buffer_58|       pointer|
|input_buffer_57          |  out|   16|      ap_vld|                                                             input_buffer_57|       pointer|
|input_buffer_57_ap_vld   |  out|    1|      ap_vld|                                                             input_buffer_57|       pointer|
|input_buffer_56          |  out|   16|      ap_vld|                                                             input_buffer_56|       pointer|
|input_buffer_56_ap_vld   |  out|    1|      ap_vld|                                                             input_buffer_56|       pointer|
|input_buffer_55          |  out|   16|      ap_vld|                                                             input_buffer_55|       pointer|
|input_buffer_55_ap_vld   |  out|    1|      ap_vld|                                                             input_buffer_55|       pointer|
|input_buffer_54          |  out|   16|      ap_vld|                                                             input_buffer_54|       pointer|
|input_buffer_54_ap_vld   |  out|    1|      ap_vld|                                                             input_buffer_54|       pointer|
|input_buffer_53          |  out|   16|      ap_vld|                                                             input_buffer_53|       pointer|
|input_buffer_53_ap_vld   |  out|    1|      ap_vld|                                                             input_buffer_53|       pointer|
|input_buffer_52          |  out|   16|      ap_vld|                                                             input_buffer_52|       pointer|
|input_buffer_52_ap_vld   |  out|    1|      ap_vld|                                                             input_buffer_52|       pointer|
|input_buffer_51          |  out|   16|      ap_vld|                                                             input_buffer_51|       pointer|
|input_buffer_51_ap_vld   |  out|    1|      ap_vld|                                                             input_buffer_51|       pointer|
|input_buffer_50          |  out|   16|      ap_vld|                                                             input_buffer_50|       pointer|
|input_buffer_50_ap_vld   |  out|    1|      ap_vld|                                                             input_buffer_50|       pointer|
|input_buffer_49          |  out|   16|      ap_vld|                                                             input_buffer_49|       pointer|
|input_buffer_49_ap_vld   |  out|    1|      ap_vld|                                                             input_buffer_49|       pointer|
|input_buffer_48          |  out|   16|      ap_vld|                                                             input_buffer_48|       pointer|
|input_buffer_48_ap_vld   |  out|    1|      ap_vld|                                                             input_buffer_48|       pointer|
|input_buffer_47          |  out|   16|      ap_vld|                                                             input_buffer_47|       pointer|
|input_buffer_47_ap_vld   |  out|    1|      ap_vld|                                                             input_buffer_47|       pointer|
|input_buffer_46          |  out|   16|      ap_vld|                                                             input_buffer_46|       pointer|
|input_buffer_46_ap_vld   |  out|    1|      ap_vld|                                                             input_buffer_46|       pointer|
|input_buffer_45          |  out|   16|      ap_vld|                                                             input_buffer_45|       pointer|
|input_buffer_45_ap_vld   |  out|    1|      ap_vld|                                                             input_buffer_45|       pointer|
|input_buffer_44          |  out|   16|      ap_vld|                                                             input_buffer_44|       pointer|
|input_buffer_44_ap_vld   |  out|    1|      ap_vld|                                                             input_buffer_44|       pointer|
|input_buffer_43          |  out|   16|      ap_vld|                                                             input_buffer_43|       pointer|
|input_buffer_43_ap_vld   |  out|    1|      ap_vld|                                                             input_buffer_43|       pointer|
|input_buffer_42          |  out|   16|      ap_vld|                                                             input_buffer_42|       pointer|
|input_buffer_42_ap_vld   |  out|    1|      ap_vld|                                                             input_buffer_42|       pointer|
|input_buffer_41          |  out|   16|      ap_vld|                                                             input_buffer_41|       pointer|
|input_buffer_41_ap_vld   |  out|    1|      ap_vld|                                                             input_buffer_41|       pointer|
|input_buffer_40          |  out|   16|      ap_vld|                                                             input_buffer_40|       pointer|
|input_buffer_40_ap_vld   |  out|    1|      ap_vld|                                                             input_buffer_40|       pointer|
|input_buffer_39          |  out|   16|      ap_vld|                                                             input_buffer_39|       pointer|
|input_buffer_39_ap_vld   |  out|    1|      ap_vld|                                                             input_buffer_39|       pointer|
|input_buffer_38          |  out|   16|      ap_vld|                                                             input_buffer_38|       pointer|
|input_buffer_38_ap_vld   |  out|    1|      ap_vld|                                                             input_buffer_38|       pointer|
|input_buffer_37          |  out|   16|      ap_vld|                                                             input_buffer_37|       pointer|
|input_buffer_37_ap_vld   |  out|    1|      ap_vld|                                                             input_buffer_37|       pointer|
|input_buffer_36          |  out|   16|      ap_vld|                                                             input_buffer_36|       pointer|
|input_buffer_36_ap_vld   |  out|    1|      ap_vld|                                                             input_buffer_36|       pointer|
|input_buffer_35          |  out|   16|      ap_vld|                                                             input_buffer_35|       pointer|
|input_buffer_35_ap_vld   |  out|    1|      ap_vld|                                                             input_buffer_35|       pointer|
|input_buffer_34          |  out|   16|      ap_vld|                                                             input_buffer_34|       pointer|
|input_buffer_34_ap_vld   |  out|    1|      ap_vld|                                                             input_buffer_34|       pointer|
|input_buffer_33          |  out|   16|      ap_vld|                                                             input_buffer_33|       pointer|
|input_buffer_33_ap_vld   |  out|    1|      ap_vld|                                                             input_buffer_33|       pointer|
|input_buffer_32          |  out|   16|      ap_vld|                                                             input_buffer_32|       pointer|
|input_buffer_32_ap_vld   |  out|    1|      ap_vld|                                                             input_buffer_32|       pointer|
|input_buffer_31          |  out|   16|      ap_vld|                                                             input_buffer_31|       pointer|
|input_buffer_31_ap_vld   |  out|    1|      ap_vld|                                                             input_buffer_31|       pointer|
|input_buffer_30          |  out|   16|      ap_vld|                                                             input_buffer_30|       pointer|
|input_buffer_30_ap_vld   |  out|    1|      ap_vld|                                                             input_buffer_30|       pointer|
|input_buffer_29          |  out|   16|      ap_vld|                                                             input_buffer_29|       pointer|
|input_buffer_29_ap_vld   |  out|    1|      ap_vld|                                                             input_buffer_29|       pointer|
|input_buffer_28          |  out|   16|      ap_vld|                                                             input_buffer_28|       pointer|
|input_buffer_28_ap_vld   |  out|    1|      ap_vld|                                                             input_buffer_28|       pointer|
|input_buffer_27          |  out|   16|      ap_vld|                                                             input_buffer_27|       pointer|
|input_buffer_27_ap_vld   |  out|    1|      ap_vld|                                                             input_buffer_27|       pointer|
|input_buffer_26          |  out|   16|      ap_vld|                                                             input_buffer_26|       pointer|
|input_buffer_26_ap_vld   |  out|    1|      ap_vld|                                                             input_buffer_26|       pointer|
|input_buffer_25          |  out|   16|      ap_vld|                                                             input_buffer_25|       pointer|
|input_buffer_25_ap_vld   |  out|    1|      ap_vld|                                                             input_buffer_25|       pointer|
|input_buffer_24          |  out|   16|      ap_vld|                                                             input_buffer_24|       pointer|
|input_buffer_24_ap_vld   |  out|    1|      ap_vld|                                                             input_buffer_24|       pointer|
|input_buffer_23          |  out|   16|      ap_vld|                                                             input_buffer_23|       pointer|
|input_buffer_23_ap_vld   |  out|    1|      ap_vld|                                                             input_buffer_23|       pointer|
|input_buffer_22          |  out|   16|      ap_vld|                                                             input_buffer_22|       pointer|
|input_buffer_22_ap_vld   |  out|    1|      ap_vld|                                                             input_buffer_22|       pointer|
|input_buffer_21          |  out|   16|      ap_vld|                                                             input_buffer_21|       pointer|
|input_buffer_21_ap_vld   |  out|    1|      ap_vld|                                                             input_buffer_21|       pointer|
|input_buffer_20          |  out|   16|      ap_vld|                                                             input_buffer_20|       pointer|
|input_buffer_20_ap_vld   |  out|    1|      ap_vld|                                                             input_buffer_20|       pointer|
|input_buffer_19          |  out|   16|      ap_vld|                                                             input_buffer_19|       pointer|
|input_buffer_19_ap_vld   |  out|    1|      ap_vld|                                                             input_buffer_19|       pointer|
|input_buffer_18          |  out|   16|      ap_vld|                                                             input_buffer_18|       pointer|
|input_buffer_18_ap_vld   |  out|    1|      ap_vld|                                                             input_buffer_18|       pointer|
|input_buffer_17          |  out|   16|      ap_vld|                                                             input_buffer_17|       pointer|
|input_buffer_17_ap_vld   |  out|    1|      ap_vld|                                                             input_buffer_17|       pointer|
|input_buffer_16          |  out|   16|      ap_vld|                                                             input_buffer_16|       pointer|
|input_buffer_16_ap_vld   |  out|    1|      ap_vld|                                                             input_buffer_16|       pointer|
|input_buffer_15          |  out|   16|      ap_vld|                                                             input_buffer_15|       pointer|
|input_buffer_15_ap_vld   |  out|    1|      ap_vld|                                                             input_buffer_15|       pointer|
|input_buffer_14          |  out|   16|      ap_vld|                                                             input_buffer_14|       pointer|
|input_buffer_14_ap_vld   |  out|    1|      ap_vld|                                                             input_buffer_14|       pointer|
|input_buffer_13          |  out|   16|      ap_vld|                                                             input_buffer_13|       pointer|
|input_buffer_13_ap_vld   |  out|    1|      ap_vld|                                                             input_buffer_13|       pointer|
|input_buffer_12          |  out|   16|      ap_vld|                                                             input_buffer_12|       pointer|
|input_buffer_12_ap_vld   |  out|    1|      ap_vld|                                                             input_buffer_12|       pointer|
|input_buffer_11          |  out|   16|      ap_vld|                                                             input_buffer_11|       pointer|
|input_buffer_11_ap_vld   |  out|    1|      ap_vld|                                                             input_buffer_11|       pointer|
|input_buffer_10          |  out|   16|      ap_vld|                                                             input_buffer_10|       pointer|
|input_buffer_10_ap_vld   |  out|    1|      ap_vld|                                                             input_buffer_10|       pointer|
|input_buffer_9           |  out|   16|      ap_vld|                                                              input_buffer_9|       pointer|
|input_buffer_9_ap_vld    |  out|    1|      ap_vld|                                                              input_buffer_9|       pointer|
|input_buffer_8           |  out|   16|      ap_vld|                                                              input_buffer_8|       pointer|
|input_buffer_8_ap_vld    |  out|    1|      ap_vld|                                                              input_buffer_8|       pointer|
|input_buffer_7           |  out|   16|      ap_vld|                                                              input_buffer_7|       pointer|
|input_buffer_7_ap_vld    |  out|    1|      ap_vld|                                                              input_buffer_7|       pointer|
|input_buffer_6           |  out|   16|      ap_vld|                                                              input_buffer_6|       pointer|
|input_buffer_6_ap_vld    |  out|    1|      ap_vld|                                                              input_buffer_6|       pointer|
|input_buffer_5           |  out|   16|      ap_vld|                                                              input_buffer_5|       pointer|
|input_buffer_5_ap_vld    |  out|    1|      ap_vld|                                                              input_buffer_5|       pointer|
|input_buffer_4           |  out|   16|      ap_vld|                                                              input_buffer_4|       pointer|
|input_buffer_4_ap_vld    |  out|    1|      ap_vld|                                                              input_buffer_4|       pointer|
|input_buffer_3           |  out|   16|      ap_vld|                                                              input_buffer_3|       pointer|
|input_buffer_3_ap_vld    |  out|    1|      ap_vld|                                                              input_buffer_3|       pointer|
|input_buffer_2           |  out|   16|      ap_vld|                                                              input_buffer_2|       pointer|
|input_buffer_2_ap_vld    |  out|    1|      ap_vld|                                                              input_buffer_2|       pointer|
|input_buffer_1           |  out|   16|      ap_vld|                                                              input_buffer_1|       pointer|
|input_buffer_1_ap_vld    |  out|    1|      ap_vld|                                                              input_buffer_1|       pointer|
|p_read3_cast2            |   in|    7|     ap_none|                                                               p_read3_cast2|        scalar|
|zext_ln2651              |   in|   10|     ap_none|                                                                 zext_ln2651|        scalar|
|center_start             |   in|   10|     ap_none|                                                                center_start|        scalar|
|p_read4                  |   in|    8|     ap_none|                                                                     p_read4|        scalar|
|zext_ln2656              |   in|   10|     ap_none|                                                                 zext_ln2656|        scalar|
|noisy_frame_address0     |  out|   10|   ap_memory|                                                                 noisy_frame|         array|
|noisy_frame_ce0          |  out|    1|   ap_memory|                                                                 noisy_frame|         array|
|noisy_frame_q0           |   in|   16|   ap_memory|                                                                 noisy_frame|         array|
|fb_frame_address0        |  out|   10|   ap_memory|                                                                    fb_frame|         array|
|fb_frame_ce0             |  out|    1|   ap_memory|                                                                    fb_frame|         array|
|fb_frame_q0              |   in|   16|   ap_memory|                                                                    fb_frame|         array|
+-------------------------+-----+-----+------------+----------------------------------------------------------------------------+--------------+

