

================================================================
== Vitis HLS Report for 'SubbandRealtimeTopQ610Ip'
================================================================
* Date:           Thu May 14 12:27:38 2026

* Version:        2023.2 (Build 4023990 on Oct 11 2023)
* Project:        subband_q610_realtime_hls
* Solution:       solution1 (Vivado IP Flow Target)
* Product family: zynq
* Target device:  xc7z020-clg400-1


================================================================
== Performance Estimates
================================================================
+ Timing: 
    * Summary: 
    +--------+----------+----------+------------+
    |  Clock |  Target  | Estimated| Uncertainty|
    +--------+----------+----------+------------+
    |ap_clk  |  10.00 ns|  8.739 ns|     2.70 ns|
    +--------+----------+----------+------------+

+ Latency: 
    * Summary: 
    +---------+---------+----------+----------+-------+--------+---------+
    |  Latency (cycles) |  Latency (absolute) |    Interval    | Pipeline|
    |   min   |   max   |    min   |    max   |  min  |   max  |   Type  |
    +---------+---------+----------+----------+-------+--------+---------+
    |    47732|   892507|  0.477 ms|  8.925 ms|  47733|  892508|       no|
    +---------+---------+----------+----------+-------+--------+---------+

    + Detail: 
        * Instance: 
        +--------------------------------------------------------------+---------------------------------------------------+---------+---------+-----------+-----------+-------+--------+---------+
        |                                                              |                                                   |  Latency (cycles) |   Latency (absolute)  |    Interval    | Pipeline|
        |                           Instance                           |                       Module                      |   min   |   max   |    min    |    max    |  min  |   max  |   Type  |
        +--------------------------------------------------------------+---------------------------------------------------+---------+---------+-----------+-----------+-------+--------+---------+
        |grp_p_anonymous_namespace_ReadRealtimeInputChunkQ610_fu_252   |p_anonymous_namespace_ReadRealtimeInputChunkQ610   |        9|     2085|  90.000 ns|  20.850 us|      9|    2085|       no|
        |grp_p_anonymous_namespace_ClearRealtimeStatesQ610_fu_277      |p_anonymous_namespace_ClearRealtimeStatesQ610      |     5378|     5378|  53.780 us|  53.780 us|   5378|    5378|       no|
        |grp_p_anonymous_namespace_RunRealtimeBandQ610_fu_297          |p_anonymous_namespace_RunRealtimeBandQ610          |    15901|   293469|   0.159 ms|   2.935 ms|  15901|  293469|       no|
        |grp_p_anonymous_namespace_EmitRealtimeOutputChunkQ610_fu_409  |p_anonymous_namespace_EmitRealtimeOutputChunkQ610  |        9|     4625|  90.000 ns|  46.250 us|      9|    4625|       no|
        +--------------------------------------------------------------+---------------------------------------------------+---------+---------+-----------+-----------+-------+--------+---------+

        * Loop: 
        N/A



================================================================
== Utilization Estimates
================================================================
* Summary: 
+-----------------+---------+-----+--------+-------+-----+
|       Name      | BRAM_18K| DSP |   FF   |  LUT  | URAM|
+-----------------+---------+-----+--------+-------+-----+
|DSP              |        -|    -|       -|      -|    -|
|Expression       |        -|    -|       0|     75|    -|
|FIFO             |        -|    -|       -|      -|    -|
|Instance         |      225|  168|   52856|  42826|    0|
|Memory           |       42|    -|       0|      0|    -|
|Multiplexer      |        -|    -|       -|    862|    -|
|Register         |        -|    -|      53|      -|    -|
+-----------------+---------+-----+--------+-------+-----+
|Total            |      267|  168|   52909|  43763|    0|
+-----------------+---------+-----+--------+-------+-----+
|Available        |      280|  220|  106400|  53200|    0|
+-----------------+---------+-----+--------+-------+-----+
|Utilization (%)  |       95|   76|      49|     82|    0|
+-----------------+---------+-----+--------+-------+-----+

+ Detail: 
    * Instance: 
    +--------------------------------------------------------------+---------------------------------------------------+---------+-----+-------+-------+-----+
    |                           Instance                           |                       Module                      | BRAM_18K| DSP |   FF  |  LUT  | URAM|
    +--------------------------------------------------------------+---------------------------------------------------+---------+-----+-------+-------+-----+
    |control_s_axi_U                                               |control_s_axi                                      |        0|    0|    119|    170|    0|
    |grp_p_anonymous_namespace_ClearRealtimeStatesQ610_fu_277      |p_anonymous_namespace_ClearRealtimeStatesQ610      |        0|    0|     56|    239|    0|
    |grp_p_anonymous_namespace_EmitRealtimeOutputChunkQ610_fu_409  |p_anonymous_namespace_EmitRealtimeOutputChunkQ610  |        0|    0|     34|    193|    0|
    |grp_p_anonymous_namespace_ReadRealtimeInputChunkQ610_fu_252   |p_anonymous_namespace_ReadRealtimeInputChunkQ610   |        0|    0|     39|    231|    0|
    |grp_p_anonymous_namespace_RunRealtimeBandQ610_fu_297          |p_anonymous_namespace_RunRealtimeBandQ610          |      195|  168|  51411|  40781|    0|
    |weights_m_axi_U                                               |weights_m_axi                                      |       30|    0|   1197|   1212|    0|
    +--------------------------------------------------------------+---------------------------------------------------+---------+-----+-------+-------+-----+
    |Total                                                         |                                                   |      225|  168|  52856|  42826|    0|
    +--------------------------------------------------------------+---------------------------------------------------+---------+-----+-------+-------+-----+

    * DSP: 
    N/A

    * Memory: 
    +-----------------------------------------------------------------------------------+----------------------------------------------------------------------------------+---------+---+----+-----+------+-----+------+-------------+
    |                                       Memory                                      |                                      Module                                      | BRAM_18K| FF| LUT| URAM| Words| Bits| Banks| W*Bits*Banks|
    +-----------------------------------------------------------------------------------+----------------------------------------------------------------------------------+---------+---+----+-----+------+-----+------+-------------+
    |RunSubbandRealtimeTopCoreQ610_stream_stream_ap_uint_const_int_bool_stream_la_9_U   |RunSubbandRealtimeTopCoreQ610_stream_stream_ap_uint_const_int_bool_stream_la_Aem  |        4|  0|   0|    0|  2688|   16|     1|        43008|
    |RunSubbandRealtimeTopCoreQ610_stream_stream_ap_uint_const_int_bool_stream_la_11_U  |RunSubbandRealtimeTopCoreQ610_stream_stream_ap_uint_const_int_bool_stream_la_Aem  |        4|  0|   0|    0|  2688|   16|     1|        43008|
    |RunSubbandRealtimeTopCoreQ610_stream_stream_ap_uint_const_int_bool_stream_la_3_U   |RunSubbandRealtimeTopCoreQ610_stream_stream_ap_uint_const_int_bool_stream_la_Aem  |        4|  0|   0|    0|  2688|   16|     1|        43008|
    |RunSubbandRealtimeTopCoreQ610_stream_stream_ap_uint_const_int_bool_stream_la_5_U   |RunSubbandRealtimeTopCoreQ610_stream_stream_ap_uint_const_int_bool_stream_la_Aem  |        4|  0|   0|    0|  2688|   16|     1|        43008|
    |RunSubbandRealtimeTopCoreQ610_stream_stream_ap_uint_const_int_bool_stream_la_8_U   |RunSubbandRealtimeTopCoreQ610_stream_stream_ap_uint_const_int_bool_stream_la_Aem  |        4|  0|   0|    0|  2688|   16|     1|        43008|
    |RunSubbandRealtimeTopCoreQ610_stream_stream_ap_uint_const_int_bool_stream_la_10_U  |RunSubbandRealtimeTopCoreQ610_stream_stream_ap_uint_const_int_bool_stream_la_Aem  |        4|  0|   0|    0|  2688|   16|     1|        43008|
    |RunSubbandRealtimeTopCoreQ610_stream_stream_ap_uint_const_int_bool_stream_la_2_U   |RunSubbandRealtimeTopCoreQ610_stream_stream_ap_uint_const_int_bool_stream_la_Aem  |        4|  0|   0|    0|  2688|   16|     1|        43008|
    |RunSubbandRealtimeTopCoreQ610_stream_stream_ap_uint_const_int_bool_stream_la_4_U   |RunSubbandRealtimeTopCoreQ610_stream_stream_ap_uint_const_int_bool_stream_la_Aem  |        4|  0|   0|    0|  2688|   16|     1|        43008|
    |noisy_chunk_U                                                                      |noisy_chunk_RAM_2P_BRAM_1R1W                                                      |        1|  0|   0|    0|  1024|   16|     1|        16384|
    |fb_chunk_U                                                                         |noisy_chunk_RAM_2P_BRAM_1R1W                                                      |        1|  0|   0|    0|  1024|   16|     1|        16384|
    |output_chunk_U                                                                     |output_chunk_RAM_2P_BRAM_1R1W                                                     |        8|  0|   0|    0|  4608|   16|     1|        73728|
    +-----------------------------------------------------------------------------------+----------------------------------------------------------------------------------+---------+---+----+-----+------+-----+------+-------------+
    |Total                                                                              |                                                                                  |       42|  0|   0|    0| 28160|  176|    11|       450560|
    +-----------------------------------------------------------------------------------+----------------------------------------------------------------------------------+---------+---+----+-----+------+-----+------+-------------+

    * FIFO: 
    N/A

    * Expression: 
    +------------------------------------------------------------------------------------+----------+----+---+----+------------+------------+
    |                                    Variable Name                                   | Operation| DSP| FF| LUT| Bitwidth P0| Bitwidth P1|
    +------------------------------------------------------------------------------------+----------+----+---+----+------------+------------+
    |grp_p_anonymous_namespace_EmitRealtimeOutputChunkQ610_fu_409_df_coef_stream_TREADY  |       and|   0|  0|   2|           1|           1|
    |icmp_ln2399_fu_448_p2                                                               |      icmp|   0|  0|  38|          31|           3|
    |frames_1_fu_454_p3                                                                  |    select|   0|  0|   4|           1|           4|
    |frames_fu_436_p3                                                                    |    select|   0|  0|  31|           1|           1|
    +------------------------------------------------------------------------------------+----------+----+---+----+------------+------------+
    |Total                                                                               |          |   0|  0|  75|          34|           9|
    +------------------------------------------------------------------------------------+----------+----+---+----+------------+------------+

    * Multiplexer: 
    +------------------------------------------------------------------------------------------+----+-----------+-----+-----------+
    |                                           Name                                           | LUT| Input Size| Bits| Total Bits|
    +------------------------------------------------------------------------------------------+----+-----------+-----+-----------+
    |RunSubbandRealtimeTopCoreQ610_stream_stream_ap_uint_const_int_bool_stream_la_10_address1  |  14|          3|   12|         36|
    |RunSubbandRealtimeTopCoreQ610_stream_stream_ap_uint_const_int_bool_stream_la_10_ce0       |   9|          2|    1|          2|
    |RunSubbandRealtimeTopCoreQ610_stream_stream_ap_uint_const_int_bool_stream_la_10_ce1       |  14|          3|    1|          3|
    |RunSubbandRealtimeTopCoreQ610_stream_stream_ap_uint_const_int_bool_stream_la_10_d1        |  14|          3|   16|         48|
    |RunSubbandRealtimeTopCoreQ610_stream_stream_ap_uint_const_int_bool_stream_la_10_we1       |  14|          3|    1|          3|
    |RunSubbandRealtimeTopCoreQ610_stream_stream_ap_uint_const_int_bool_stream_la_11_address1  |  14|          3|   12|         36|
    |RunSubbandRealtimeTopCoreQ610_stream_stream_ap_uint_const_int_bool_stream_la_11_ce0       |   9|          2|    1|          2|
    |RunSubbandRealtimeTopCoreQ610_stream_stream_ap_uint_const_int_bool_stream_la_11_ce1       |  14|          3|    1|          3|
    |RunSubbandRealtimeTopCoreQ610_stream_stream_ap_uint_const_int_bool_stream_la_11_d1        |  14|          3|   16|         48|
    |RunSubbandRealtimeTopCoreQ610_stream_stream_ap_uint_const_int_bool_stream_la_11_we1       |  14|          3|    1|          3|
    |RunSubbandRealtimeTopCoreQ610_stream_stream_ap_uint_const_int_bool_stream_la_2_address1   |  14|          3|   12|         36|
    |RunSubbandRealtimeTopCoreQ610_stream_stream_ap_uint_const_int_bool_stream_la_2_ce0        |   9|          2|    1|          2|
    |RunSubbandRealtimeTopCoreQ610_stream_stream_ap_uint_const_int_bool_stream_la_2_ce1        |  14|          3|    1|          3|
    |RunSubbandRealtimeTopCoreQ610_stream_stream_ap_uint_const_int_bool_stream_la_2_d1         |  14|          3|   16|         48|
    |RunSubbandRealtimeTopCoreQ610_stream_stream_ap_uint_const_int_bool_stream_la_2_we1        |  14|          3|    1|          3|
    |RunSubbandRealtimeTopCoreQ610_stream_stream_ap_uint_const_int_bool_stream_la_3_address1   |  14|          3|   12|         36|
    |RunSubbandRealtimeTopCoreQ610_stream_stream_ap_uint_const_int_bool_stream_la_3_ce0        |   9|          2|    1|          2|
    |RunSubbandRealtimeTopCoreQ610_stream_stream_ap_uint_const_int_bool_stream_la_3_ce1        |  14|          3|    1|          3|
    |RunSubbandRealtimeTopCoreQ610_stream_stream_ap_uint_const_int_bool_stream_la_3_d1         |  14|          3|   16|         48|
    |RunSubbandRealtimeTopCoreQ610_stream_stream_ap_uint_const_int_bool_stream_la_3_we1        |  14|          3|    1|          3|
    |RunSubbandRealtimeTopCoreQ610_stream_stream_ap_uint_const_int_bool_stream_la_4_address1   |  14|          3|   12|         36|
    |RunSubbandRealtimeTopCoreQ610_stream_stream_ap_uint_const_int_bool_stream_la_4_ce0        |   9|          2|    1|          2|
    |RunSubbandRealtimeTopCoreQ610_stream_stream_ap_uint_const_int_bool_stream_la_4_ce1        |  14|          3|    1|          3|
    |RunSubbandRealtimeTopCoreQ610_stream_stream_ap_uint_const_int_bool_stream_la_4_d1         |  14|          3|   16|         48|
    |RunSubbandRealtimeTopCoreQ610_stream_stream_ap_uint_const_int_bool_stream_la_4_we1        |  14|          3|    1|          3|
    |RunSubbandRealtimeTopCoreQ610_stream_stream_ap_uint_const_int_bool_stream_la_5_address1   |  14|          3|   12|         36|
    |RunSubbandRealtimeTopCoreQ610_stream_stream_ap_uint_const_int_bool_stream_la_5_ce0        |   9|          2|    1|          2|
    |RunSubbandRealtimeTopCoreQ610_stream_stream_ap_uint_const_int_bool_stream_la_5_ce1        |  14|          3|    1|          3|
    |RunSubbandRealtimeTopCoreQ610_stream_stream_ap_uint_const_int_bool_stream_la_5_d1         |  14|          3|   16|         48|
    |RunSubbandRealtimeTopCoreQ610_stream_stream_ap_uint_const_int_bool_stream_la_5_we1        |  14|          3|    1|          3|
    |RunSubbandRealtimeTopCoreQ610_stream_stream_ap_uint_const_int_bool_stream_la_8_address1   |  14|          3|   12|         36|
    |RunSubbandRealtimeTopCoreQ610_stream_stream_ap_uint_const_int_bool_stream_la_8_ce0        |   9|          2|    1|          2|
    |RunSubbandRealtimeTopCoreQ610_stream_stream_ap_uint_const_int_bool_stream_la_8_ce1        |  14|          3|    1|          3|
    |RunSubbandRealtimeTopCoreQ610_stream_stream_ap_uint_const_int_bool_stream_la_8_d1         |  14|          3|   16|         48|
    |RunSubbandRealtimeTopCoreQ610_stream_stream_ap_uint_const_int_bool_stream_la_8_we1        |  14|          3|    1|          3|
    |RunSubbandRealtimeTopCoreQ610_stream_stream_ap_uint_const_int_bool_stream_la_9_address1   |  14|          3|   12|         36|
    |RunSubbandRealtimeTopCoreQ610_stream_stream_ap_uint_const_int_bool_stream_la_9_ce0        |   9|          2|    1|          2|
    |RunSubbandRealtimeTopCoreQ610_stream_stream_ap_uint_const_int_bool_stream_la_9_ce1        |  14|          3|    1|          3|
    |RunSubbandRealtimeTopCoreQ610_stream_stream_ap_uint_const_int_bool_stream_la_9_d1         |  14|          3|   16|         48|
    |RunSubbandRealtimeTopCoreQ610_stream_stream_ap_uint_const_int_bool_stream_la_9_we1        |  14|          3|    1|          3|
    |ap_NS_fsm                                                                                 |  65|         14|    1|         14|
    |fb_chunk_ce0                                                                              |   9|          2|    1|          2|
    |fb_chunk_ce1                                                                              |   9|          2|    1|          2|
    |fb_chunk_we1                                                                              |   9|          2|    1|          2|
    |fb_fft_stream_TREADY_int_regslice                                                         |   9|          2|    1|          2|
    |grp_p_anonymous_namespace_RunRealtimeBandQ610_fu_297_p_read                               |  20|          4|    2|          8|
    |grp_p_anonymous_namespace_RunRealtimeBandQ610_fu_297_p_read1                              |  20|          4|    8|         32|
    |grp_p_anonymous_namespace_RunRealtimeBandQ610_fu_297_p_read14                             |  20|          4|    3|         12|
    |grp_p_anonymous_namespace_RunRealtimeBandQ610_fu_297_p_read2                              |  20|          4|    7|         28|
    |grp_p_anonymous_namespace_RunRealtimeBandQ610_fu_297_p_read25                             |  20|          4|    4|         16|
    |grp_p_anonymous_namespace_RunRealtimeBandQ610_fu_297_p_read38                             |  20|          4|    8|         32|
    |grp_p_anonymous_namespace_RunRealtimeBandQ610_fu_297_p_read6                              |  20|          4|    7|         28|
    |grp_p_anonymous_namespace_RunRealtimeBandQ610_fu_297_p_read7                              |  20|          4|    8|         32|
    |noisy_chunk_ce0                                                                           |   9|          2|    1|          2|
    |noisy_chunk_ce1                                                                           |   9|          2|    1|          2|
    |noisy_chunk_we1                                                                           |   9|          2|    1|          2|
    |noisy_fft_stream_TREADY_int_regslice                                                      |   9|          2|    1|          2|
    |output_chunk_ce0                                                                          |   9|          2|    1|          2|
    |output_chunk_ce1                                                                          |   9|          2|    1|          2|
    |output_chunk_we1                                                                          |   9|          2|    1|          2|
    |weights_ARVALID                                                                           |   9|          2|    1|          2|
    |weights_RREADY                                                                            |   9|          2|    1|          2|
    +------------------------------------------------------------------------------------------+----+-----------+-----+-----------+
    |Total                                                                                     | 862|        184|  309|        964|
    +------------------------------------------------------------------------------------------+----+-----------+-----+-----------+

    * Register: 
    +---------------------------------------------------------------------------+----+----+-----+-----------+
    |                                    Name                                   | FF | LUT| Bits| Const Bits|
    +---------------------------------------------------------------------------+----+----+-----+-----------+
    |ap_CS_fsm                                                                  |  13|   0|   13|          0|
    |frames_1_reg_472                                                           |   3|   0|    3|          0|
    |grp_p_anonymous_namespace_ClearRealtimeStatesQ610_fu_277_ap_start_reg      |   1|   0|    1|          0|
    |grp_p_anonymous_namespace_EmitRealtimeOutputChunkQ610_fu_409_ap_start_reg  |   1|   0|    1|          0|
    |grp_p_anonymous_namespace_ReadRealtimeInputChunkQ610_fu_252_ap_start_reg   |   1|   0|    1|          0|
    |grp_p_anonymous_namespace_RunRealtimeBandQ610_fu_297_ap_start_reg          |   1|   0|    1|          0|
    |reset_state_read_reg_463                                                   |   1|   0|    1|          0|
    |weights_q610_read_reg_467                                                  |  32|   0|   32|          0|
    +---------------------------------------------------------------------------+----+----+-----+-----------+
    |Total                                                                      |  53|   0|   53|          0|
    +---------------------------------------------------------------------------+----+----+-----+-----------+



================================================================
== Interface
================================================================
* Summary: 
+-------------------------+-----+-----+------------+---------------------------+--------------+
|        RTL Ports        | Dir | Bits|  Protocol  |       Source Object       |    C Type    |
+-------------------------+-----+-----+------------+---------------------------+--------------+
|s_axi_control_AWVALID    |   in|    1|       s_axi|                    control|        scalar|
|s_axi_control_AWREADY    |  out|    1|       s_axi|                    control|        scalar|
|s_axi_control_AWADDR     |   in|    6|       s_axi|                    control|        scalar|
|s_axi_control_WVALID     |   in|    1|       s_axi|                    control|        scalar|
|s_axi_control_WREADY     |  out|    1|       s_axi|                    control|        scalar|
|s_axi_control_WDATA      |   in|   32|       s_axi|                    control|        scalar|
|s_axi_control_WSTRB      |   in|    4|       s_axi|                    control|        scalar|
|s_axi_control_ARVALID    |   in|    1|       s_axi|                    control|        scalar|
|s_axi_control_ARREADY    |  out|    1|       s_axi|                    control|        scalar|
|s_axi_control_ARADDR     |   in|    6|       s_axi|                    control|        scalar|
|s_axi_control_RVALID     |  out|    1|       s_axi|                    control|        scalar|
|s_axi_control_RREADY     |   in|    1|       s_axi|                    control|        scalar|
|s_axi_control_RDATA      |  out|   32|       s_axi|                    control|        scalar|
|s_axi_control_RRESP      |  out|    2|       s_axi|                    control|        scalar|
|s_axi_control_BVALID     |  out|    1|       s_axi|                    control|        scalar|
|s_axi_control_BREADY     |   in|    1|       s_axi|                    control|        scalar|
|s_axi_control_BRESP      |  out|    2|       s_axi|                    control|        scalar|
|ap_clk                   |   in|    1|  ap_ctrl_hs|   SubbandRealtimeTopQ610Ip|  return value|
|ap_rst_n                 |   in|    1|  ap_ctrl_hs|   SubbandRealtimeTopQ610Ip|  return value|
|interrupt                |  out|    1|  ap_ctrl_hs|   SubbandRealtimeTopQ610Ip|  return value|
|m_axi_weights_AWVALID    |  out|    1|       m_axi|                    weights|       pointer|
|m_axi_weights_AWREADY    |   in|    1|       m_axi|                    weights|       pointer|
|m_axi_weights_AWADDR     |  out|   32|       m_axi|                    weights|       pointer|
|m_axi_weights_AWID       |  out|    1|       m_axi|                    weights|       pointer|
|m_axi_weights_AWLEN      |  out|    8|       m_axi|                    weights|       pointer|
|m_axi_weights_AWSIZE     |  out|    3|       m_axi|                    weights|       pointer|
|m_axi_weights_AWBURST    |  out|    2|       m_axi|                    weights|       pointer|
|m_axi_weights_AWLOCK     |  out|    2|       m_axi|                    weights|       pointer|
|m_axi_weights_AWCACHE    |  out|    4|       m_axi|                    weights|       pointer|
|m_axi_weights_AWPROT     |  out|    3|       m_axi|                    weights|       pointer|
|m_axi_weights_AWQOS      |  out|    4|       m_axi|                    weights|       pointer|
|m_axi_weights_AWREGION   |  out|    4|       m_axi|                    weights|       pointer|
|m_axi_weights_AWUSER     |  out|    1|       m_axi|                    weights|       pointer|
|m_axi_weights_WVALID     |  out|    1|       m_axi|                    weights|       pointer|
|m_axi_weights_WREADY     |   in|    1|       m_axi|                    weights|       pointer|
|m_axi_weights_WDATA      |  out|  256|       m_axi|                    weights|       pointer|
|m_axi_weights_WSTRB      |  out|   32|       m_axi|                    weights|       pointer|
|m_axi_weights_WLAST      |  out|    1|       m_axi|                    weights|       pointer|
|m_axi_weights_WID        |  out|    1|       m_axi|                    weights|       pointer|
|m_axi_weights_WUSER      |  out|    1|       m_axi|                    weights|       pointer|
|m_axi_weights_ARVALID    |  out|    1|       m_axi|                    weights|       pointer|
|m_axi_weights_ARREADY    |   in|    1|       m_axi|                    weights|       pointer|
|m_axi_weights_ARADDR     |  out|   32|       m_axi|                    weights|       pointer|
|m_axi_weights_ARID       |  out|    1|       m_axi|                    weights|       pointer|
|m_axi_weights_ARLEN      |  out|    8|       m_axi|                    weights|       pointer|
|m_axi_weights_ARSIZE     |  out|    3|       m_axi|                    weights|       pointer|
|m_axi_weights_ARBURST    |  out|    2|       m_axi|                    weights|       pointer|
|m_axi_weights_ARLOCK     |  out|    2|       m_axi|                    weights|       pointer|
|m_axi_weights_ARCACHE    |  out|    4|       m_axi|                    weights|       pointer|
|m_axi_weights_ARPROT     |  out|    3|       m_axi|                    weights|       pointer|
|m_axi_weights_ARQOS      |  out|    4|       m_axi|                    weights|       pointer|
|m_axi_weights_ARREGION   |  out|    4|       m_axi|                    weights|       pointer|
|m_axi_weights_ARUSER     |  out|    1|       m_axi|                    weights|       pointer|
|m_axi_weights_RVALID     |   in|    1|       m_axi|                    weights|       pointer|
|m_axi_weights_RREADY     |  out|    1|       m_axi|                    weights|       pointer|
|m_axi_weights_RDATA      |   in|  256|       m_axi|                    weights|       pointer|
|m_axi_weights_RLAST      |   in|    1|       m_axi|                    weights|       pointer|
|m_axi_weights_RID        |   in|    1|       m_axi|                    weights|       pointer|
|m_axi_weights_RUSER      |   in|    1|       m_axi|                    weights|       pointer|
|m_axi_weights_RRESP      |   in|    2|       m_axi|                    weights|       pointer|
|m_axi_weights_BVALID     |   in|    1|       m_axi|                    weights|       pointer|
|m_axi_weights_BREADY     |  out|    1|       m_axi|                    weights|       pointer|
|m_axi_weights_BRESP      |   in|    2|       m_axi|                    weights|       pointer|
|m_axi_weights_BID        |   in|    1|       m_axi|                    weights|       pointer|
|m_axi_weights_BUSER      |   in|    1|       m_axi|                    weights|       pointer|
|noisy_fft_stream_TDATA   |   in|   16|        axis|  noisy_fft_stream_V_data_V|       pointer|
|noisy_fft_stream_TVALID  |   in|    1|        axis|  noisy_fft_stream_V_last_V|       pointer|
|noisy_fft_stream_TREADY  |  out|    1|        axis|  noisy_fft_stream_V_last_V|       pointer|
|noisy_fft_stream_TLAST   |   in|    1|        axis|  noisy_fft_stream_V_last_V|       pointer|
|noisy_fft_stream_TKEEP   |   in|    2|        axis|  noisy_fft_stream_V_keep_V|       pointer|
|noisy_fft_stream_TSTRB   |   in|    2|        axis|  noisy_fft_stream_V_strb_V|       pointer|
|fb_fft_stream_TDATA      |   in|   16|        axis|     fb_fft_stream_V_data_V|       pointer|
|fb_fft_stream_TVALID     |   in|    1|        axis|     fb_fft_stream_V_last_V|       pointer|
|fb_fft_stream_TREADY     |  out|    1|        axis|     fb_fft_stream_V_last_V|       pointer|
|fb_fft_stream_TLAST      |   in|    1|        axis|     fb_fft_stream_V_last_V|       pointer|
|fb_fft_stream_TKEEP      |   in|    2|        axis|     fb_fft_stream_V_keep_V|       pointer|
|fb_fft_stream_TSTRB      |   in|    2|        axis|     fb_fft_stream_V_strb_V|       pointer|
|df_coef_stream_TDATA     |  out|   16|        axis|    df_coef_stream_V_data_V|       pointer|
|df_coef_stream_TVALID    |  out|    1|        axis|    df_coef_stream_V_last_V|       pointer|
|df_coef_stream_TREADY    |   in|    1|        axis|    df_coef_stream_V_last_V|       pointer|
|df_coef_stream_TLAST     |  out|    1|        axis|    df_coef_stream_V_last_V|       pointer|
|df_coef_stream_TKEEP     |  out|    2|        axis|    df_coef_stream_V_keep_V|       pointer|
|df_coef_stream_TSTRB     |  out|    2|        axis|    df_coef_stream_V_strb_V|       pointer|
+-------------------------+-----+-----+------------+---------------------------+--------------+

