Copyright 1986-2022 Xilinx, Inc. All Rights Reserved. Copyright 2022-2023 Advanced Micro Devices, Inc. All Rights Reserved.
---------------------------------------------------------------------------------------------------------------------------------------------
| Tool Version : Vivado v.2023.2 (win64) Build 4029153 Fri Oct 13 20:14:34 MDT 2023
| Date         : Sat May 23 20:47:54 2026
| Host         : DESKTOP-PMQ3QCF running 64-bit major release  (build 9200)
| Command      : report_timing_summary -file H:/build/vivado/rtdma_rtl/reports/post_route_timing_summary.rpt
| Design       : bd_wrapper
| Device       : 7z020-clg400
| Speed File   : -1  PRODUCTION 1.12 2019-11-22
| Design State : Routed
---------------------------------------------------------------------------------------------------------------------------------------------

Timing Summary Report

------------------------------------------------------------------------------------------------
| Timer Settings
| --------------
------------------------------------------------------------------------------------------------

  Enable Multi Corner Analysis               :  Yes
  Enable Pessimism Removal                   :  Yes
  Pessimism Removal Resolution               :  Nearest Common Node
  Enable Input Delay Default Clock           :  No
  Enable Preset / Clear Arcs                 :  No
  Disable Flight Delays                      :  No
  Ignore I/O Paths                           :  No
  Timing Early Launch at Borrowing Latches   :  No
  Borrow Time for Max Delay Exceptions       :  Yes
  Merge Timing Exceptions                    :  Yes
  Inter-SLR Compensation                     :  Conservative

  Corner  Analyze    Analyze    
  Name    Max Paths  Min Paths  
  ------  ---------  ---------  
  Slow    Yes        Yes        
  Fast    Yes        Yes        


------------------------------------------------------------------------------------------------
| Report Methodology
| ------------------
------------------------------------------------------------------------------------------------

No report available as report_methodology has not been run prior. Run report_methodology on the current design for the summary of methodology violations.



check_timing report

Table of Contents
-----------------
1. checking no_clock (0)
2. checking constant_clock (0)
3. checking pulse_width_clock (0)
4. checking unconstrained_internal_endpoints (0)
5. checking no_input_delay (0)
6. checking no_output_delay (0)
7. checking multiple_clock (0)
8. checking generated_clocks (0)
9. checking loops (0)
10. checking partial_input_delay (0)
11. checking partial_output_delay (0)
12. checking latch_loops (0)

1. checking no_clock (0)
------------------------
 There are 0 register/latch pins with no clock.


2. checking constant_clock (0)
------------------------------
 There are 0 register/latch pins with constant_clock.


3. checking pulse_width_clock (0)
---------------------------------
 There are 0 register/latch pins which need pulse_width check


4. checking unconstrained_internal_endpoints (0)
------------------------------------------------
 There are 0 pins that are not constrained for maximum delay.

 There are 0 pins that are not constrained for maximum delay due to constant clock.


5. checking no_input_delay (0)
------------------------------
 There are 0 input ports with no input delay specified.

 There are 0 input ports with no input delay but user has a false path constraint.


6. checking no_output_delay (0)
-------------------------------
 There are 0 ports with no output delay specified.

 There are 0 ports with no output delay but user has a false path constraint

 There are 0 ports with no output delay but with a timing clock defined on it or propagating through it


7. checking multiple_clock (0)
------------------------------
 There are 0 register/latch pins with multiple clocks.


8. checking generated_clocks (0)
--------------------------------
 There are 0 generated clocks that are not connected to a clock source.


9. checking loops (0)
---------------------
 There are 0 combinational loops in the design.


10. checking partial_input_delay (0)
------------------------------------
 There are 0 input ports with partial input delay specified.


11. checking partial_output_delay (0)
-------------------------------------
 There are 0 ports with partial output delay specified.


12. checking latch_loops (0)
----------------------------
 There are 0 combinational latch loops in the design through latch input



------------------------------------------------------------------------------------------------
| Design Timing Summary
| ---------------------
------------------------------------------------------------------------------------------------

    WNS(ns)      TNS(ns)  TNS Failing Endpoints  TNS Total Endpoints      WHS(ns)      THS(ns)  THS Failing Endpoints  THS Total Endpoints     WPWS(ns)     TPWS(ns)  TPWS Failing Endpoints  TPWS Total Endpoints  
    -------      -------  ---------------------  -------------------      -------      -------  ---------------------  -------------------     --------     --------  ----------------------  --------------------  
      0.136        0.000                      0               147454        0.020        0.000                      0               147454        3.750        0.000                       0                 57688  


All user specified timing constraints are met.


------------------------------------------------------------------------------------------------
| Clock Summary
| -------------
------------------------------------------------------------------------------------------------

Clock       Waveform(ns)       Period(ns)      Frequency(MHz)
-----       ------------       ----------      --------------
clk_fpga_0  {0.000 5.000}      10.000          100.000         


------------------------------------------------------------------------------------------------
| Intra Clock Table
| -----------------
------------------------------------------------------------------------------------------------

Clock             WNS(ns)      TNS(ns)  TNS Failing Endpoints  TNS Total Endpoints      WHS(ns)      THS(ns)  THS Failing Endpoints  THS Total Endpoints     WPWS(ns)     TPWS(ns)  TPWS Failing Endpoints  TPWS Total Endpoints  
-----             -------      -------  ---------------------  -------------------      -------      -------  ---------------------  -------------------     --------     --------  ----------------------  --------------------  
clk_fpga_0          0.136        0.000                      0               147454        0.020        0.000                      0               147454        3.750        0.000                       0                 57688  


------------------------------------------------------------------------------------------------
| Inter Clock Table
| -----------------
------------------------------------------------------------------------------------------------

From Clock    To Clock          WNS(ns)      TNS(ns)  TNS Failing Endpoints  TNS Total Endpoints      WHS(ns)      THS(ns)  THS Failing Endpoints  THS Total Endpoints  
----------    --------          -------      -------  ---------------------  -------------------      -------      -------  ---------------------  -------------------  


------------------------------------------------------------------------------------------------
| Other Path Groups Table
| -----------------------
------------------------------------------------------------------------------------------------

Path Group    From Clock    To Clock          WNS(ns)      TNS(ns)  TNS Failing Endpoints  TNS Total Endpoints      WHS(ns)      THS(ns)  THS Failing Endpoints  THS Total Endpoints  
----------    ----------    --------          -------      -------  ---------------------  -------------------      -------      -------  ---------------------  -------------------  


------------------------------------------------------------------------------------------------
| Timing Details
| --------------
------------------------------------------------------------------------------------------------


---------------------------------------------------------------------------------------------------
From Clock:  clk_fpga_0
  To Clock:  clk_fpga_0

Setup :            0  Failing Endpoints,  Worst Slack        0.136ns,  Total Violation        0.000ns
Hold  :            0  Failing Endpoints,  Worst Slack        0.020ns,  Total Violation        0.000ns
PW    :            0  Failing Endpoints,  Worst Slack        3.750ns,  Total Violation        0.000ns
---------------------------------------------------------------------------------------------------


Max Delay Paths
--------------------------------------------------------------------------------------
Slack (MET) :             0.136ns  (required time - arrival time)
  Source:                 bd_i/subband_realtime_0/inst/noisy_chunk_U/ram_reg/CLKBWRCLK
                            (rising edge-triggered cell RAMB18E1 clocked by clk_fpga_0  {rise@0.000ns fall@5.000ns period=10.000ns})
  Destination:            bd_i/subband_realtime_0/inst/grp_p_anonymous_namespace_RunRealtimeGSULayersSharedBandCompactStateQ610_fu_281/cell_input_318_fu_1582_reg[11]/D
                            (rising edge-triggered cell FDRE clocked by clk_fpga_0  {rise@0.000ns fall@5.000ns period=10.000ns})
  Path Group:             clk_fpga_0
  Path Type:              Setup (Max at Slow Process Corner)
  Requirement:            10.000ns  (clk_fpga_0 rise@10.000ns - clk_fpga_0 rise@0.000ns)
  Data Path Delay:        9.719ns  (logic 2.578ns (26.527%)  route 7.141ns (73.473%))
  Logic Levels:           1  (LUT6=1)
  Clock Path Skew:        -0.068ns (DCD - SCD + CPR)
    Destination Clock Delay (DCD):    2.953ns = ( 12.953 - 10.000 ) 
    Source Clock Delay      (SCD):    3.136ns
    Clock Pessimism Removal (CPR):    0.115ns
  Clock Uncertainty:      0.154ns  ((TSJ^2 + TIJ^2)^1/2 + DJ) / 2 + PE
    Total System Jitter     (TSJ):    0.071ns
    Total Input Jitter      (TIJ):    0.300ns
    Discrete Jitter          (DJ):    0.000ns
    Phase Error              (PE):    0.000ns

    Location             Delay type                Incr(ns)  Path(ns)    Netlist Resource(s)
  -------------------------------------------------------------------    -------------------
                         (clock clk_fpga_0 rise edge)
                                                      0.000     0.000 r  
    PS7_X0Y0             PS7                          0.000     0.000 r  bd_i/ps7_0/inst/PS7_i/FCLKCLK[0]
                         net (fo=1, routed)           1.193     1.193    bd_i/ps7_0/inst/FCLK_CLK_unbuffered[0]
    BUFGCTRL_X0Y16       BUFG (Prop_bufg_I_O)         0.101     1.294 r  bd_i/ps7_0/inst/buffer_fclk_clk_0.FCLK_CLK_0_BUFG/O
                         net (fo=57689, routed)       1.842     3.136    bd_i/subband_realtime_0/inst/noisy_chunk_U/ap_clk
    RAMB18_X4Y19         RAMB18E1                                     r  bd_i/subband_realtime_0/inst/noisy_chunk_U/ram_reg/CLKBWRCLK
  -------------------------------------------------------------------    -------------------
    RAMB18_X4Y19         RAMB18E1 (Prop_ramb18e1_CLKBWRCLK_DOBDO[11])
                                                      2.454     5.590 r  bd_i/subband_realtime_0/inst/noisy_chunk_U/ram_reg/DOBDO[11]
                         net (fo=224, routed)         7.141    12.731    bd_i/subband_realtime_0/inst/grp_p_anonymous_namespace_RunRealtimeGSULayersSharedBandCompactStateQ610_fu_281/grp_p_anonymous_namespace_BuildRealtimeBandInputQ610_fu_3093/grp_p_anonymous_namespace_BuildRealtimeBandInputQ610_Pipeline_VITIS_LOOP_3921_1_fu_522/cell_input_446_fu_1966_reg[15][11]
    SLICE_X92Y134        LUT6 (Prop_lut6_I3_O)        0.124    12.855 r  bd_i/subband_realtime_0/inst/grp_p_anonymous_namespace_RunRealtimeGSULayersSharedBandCompactStateQ610_fu_281/grp_p_anonymous_namespace_BuildRealtimeBandInputQ610_fu_3093/grp_p_anonymous_namespace_BuildRealtimeBandInputQ610_Pipeline_VITIS_LOOP_3921_1_fu_522/cell_input_318_fu_1582[11]_i_1/O
                         net (fo=1, routed)           0.000    12.855    bd_i/subband_realtime_0/inst/grp_p_anonymous_namespace_RunRealtimeGSULayersSharedBandCompactStateQ610_fu_281/grp_p_anonymous_namespace_BuildRealtimeBandInputQ610_fu_3093_n_1523
    SLICE_X92Y134        FDRE                                         r  bd_i/subband_realtime_0/inst/grp_p_anonymous_namespace_RunRealtimeGSULayersSharedBandCompactStateQ610_fu_281/cell_input_318_fu_1582_reg[11]/D
  -------------------------------------------------------------------    -------------------

                         (clock clk_fpga_0 rise edge)
                                                     10.000    10.000 r  
    PS7_X0Y0             PS7                          0.000    10.000 r  bd_i/ps7_0/inst/PS7_i/FCLKCLK[0]
                         net (fo=1, routed)           1.088    11.088    bd_i/ps7_0/inst/FCLK_CLK_unbuffered[0]
    BUFGCTRL_X0Y16       BUFG (Prop_bufg_I_O)         0.091    11.179 r  bd_i/ps7_0/inst/buffer_fclk_clk_0.FCLK_CLK_0_BUFG/O
                         net (fo=57689, routed)       1.774    12.953    bd_i/subband_realtime_0/inst/grp_p_anonymous_namespace_RunRealtimeGSULayersSharedBandCompactStateQ610_fu_281/ap_clk
    SLICE_X92Y134        FDRE                                         r  bd_i/subband_realtime_0/inst/grp_p_anonymous_namespace_RunRealtimeGSULayersSharedBandCompactStateQ610_fu_281/cell_input_318_fu_1582_reg[11]/C
                         clock pessimism              0.115    13.068    
                         clock uncertainty           -0.154    12.914    
    SLICE_X92Y134        FDRE (Setup_fdre_C_D)        0.077    12.991    bd_i/subband_realtime_0/inst/grp_p_anonymous_namespace_RunRealtimeGSULayersSharedBandCompactStateQ610_fu_281/cell_input_318_fu_1582_reg[11]
  -------------------------------------------------------------------
                         required time                         12.991    
                         arrival time                         -12.855    
  -------------------------------------------------------------------
                         slack                                  0.136    





Min Delay Paths
--------------------------------------------------------------------------------------
Slack (MET) :             0.020ns  (arrival time - required time)
  Source:                 bd_i/subband_realtime_0/inst/grp_p_anonymous_namespace_RunRealtimeGSULayersSharedBandCompactStateQ610_fu_281/grp_p_anonymous_namespace_LoadRealtimeGSULayerWeightsQ610_fu_2608/grp_p_anonymous_namespace_LoadRealtimeGSULayerWeightsQ610_Pipeline_VITIS_LOOP_3804_5_s_fu_94/word_lo_reg_667_reg[250]/C
                            (rising edge-triggered cell FDRE clocked by clk_fpga_0  {rise@0.000ns fall@5.000ns period=10.000ns})
  Destination:            bd_i/subband_realtime_0/inst/grp_p_anonymous_namespace_RunRealtimeGSULayersSharedBandCompactStateQ610_fu_281/grp_p_anonymous_namespace_LoadRealtimeGSULayerWeightsQ610_fu_2608/grp_p_anonymous_namespace_LoadRealtimeGSULayerWeightsQ610_Pipeline_VITIS_LOOP_3804_5_s_fu_94/tmp_s_reg_672_reg[250]/D
                            (rising edge-triggered cell FDRE clocked by clk_fpga_0  {rise@0.000ns fall@5.000ns period=10.000ns})
  Path Group:             clk_fpga_0
  Path Type:              Hold (Min at Fast Process Corner)
  Requirement:            0.000ns  (clk_fpga_0 rise@0.000ns - clk_fpga_0 rise@0.000ns)
  Data Path Delay:        0.306ns  (logic 0.148ns (48.317%)  route 0.158ns (51.683%))
  Logic Levels:           0  
  Clock Path Skew:        0.264ns (DCD - SCD - CPR)
    Destination Clock Delay (DCD):    1.186ns
    Source Clock Delay      (SCD):    0.887ns
    Clock Pessimism Removal (CPR):    0.035ns

    Location             Delay type                Incr(ns)  Path(ns)    Netlist Resource(s)
  -------------------------------------------------------------------    -------------------
                         (clock clk_fpga_0 rise edge)
                                                      0.000     0.000 r  
    PS7_X0Y0             PS7                          0.000     0.000 r  bd_i/ps7_0/inst/PS7_i/FCLKCLK[0]
                         net (fo=1, routed)           0.310     0.310    bd_i/ps7_0/inst/FCLK_CLK_unbuffered[0]
    BUFGCTRL_X0Y16       BUFG (Prop_bufg_I_O)         0.026     0.336 r  bd_i/ps7_0/inst/buffer_fclk_clk_0.FCLK_CLK_0_BUFG/O
                         net (fo=57689, routed)       0.551     0.887    bd_i/subband_realtime_0/inst/grp_p_anonymous_namespace_RunRealtimeGSULayersSharedBandCompactStateQ610_fu_281/grp_p_anonymous_namespace_LoadRealtimeGSULayerWeightsQ610_fu_2608/grp_p_anonymous_namespace_LoadRealtimeGSULayerWeightsQ610_Pipeline_VITIS_LOOP_3804_5_s_fu_94/ap_clk
    SLICE_X50Y18         FDRE                                         r  bd_i/subband_realtime_0/inst/grp_p_anonymous_namespace_RunRealtimeGSULayersSharedBandCompactStateQ610_fu_281/grp_p_anonymous_namespace_LoadRealtimeGSULayerWeightsQ610_fu_2608/grp_p_anonymous_namespace_LoadRealtimeGSULayerWeightsQ610_Pipeline_VITIS_LOOP_3804_5_s_fu_94/word_lo_reg_667_reg[250]/C
  -------------------------------------------------------------------    -------------------
    SLICE_X50Y18         FDRE (Prop_fdre_C_Q)         0.148     1.035 r  bd_i/subband_realtime_0/inst/grp_p_anonymous_namespace_RunRealtimeGSULayersSharedBandCompactStateQ610_fu_281/grp_p_anonymous_namespace_LoadRealtimeGSULayerWeightsQ610_fu_2608/grp_p_anonymous_namespace_LoadRealtimeGSULayerWeightsQ610_Pipeline_VITIS_LOOP_3804_5_s_fu_94/word_lo_reg_667_reg[250]/Q
                         net (fo=1, routed)           0.158     1.193    bd_i/subband_realtime_0/inst/grp_p_anonymous_namespace_RunRealtimeGSULayersSharedBandCompactStateQ610_fu_281/grp_p_anonymous_namespace_LoadRealtimeGSULayerWeightsQ610_fu_2608/grp_p_anonymous_namespace_LoadRealtimeGSULayerWeightsQ610_Pipeline_VITIS_LOOP_3804_5_s_fu_94/tmp_s_fu_529_p3[250]
    SLICE_X48Y18         FDRE                                         r  bd_i/subband_realtime_0/inst/grp_p_anonymous_namespace_RunRealtimeGSULayersSharedBandCompactStateQ610_fu_281/grp_p_anonymous_namespace_LoadRealtimeGSULayerWeightsQ610_fu_2608/grp_p_anonymous_namespace_LoadRealtimeGSULayerWeightsQ610_Pipeline_VITIS_LOOP_3804_5_s_fu_94/tmp_s_reg_672_reg[250]/D
  -------------------------------------------------------------------    -------------------

                         (clock clk_fpga_0 rise edge)
                                                      0.000     0.000 r  
    PS7_X0Y0             PS7                          0.000     0.000 r  bd_i/ps7_0/inst/PS7_i/FCLKCLK[0]
                         net (fo=1, routed)           0.337     0.337    bd_i/ps7_0/inst/FCLK_CLK_unbuffered[0]
    BUFGCTRL_X0Y16       BUFG (Prop_bufg_I_O)         0.029     0.366 r  bd_i/ps7_0/inst/buffer_fclk_clk_0.FCLK_CLK_0_BUFG/O
                         net (fo=57689, routed)       0.820     1.186    bd_i/subband_realtime_0/inst/grp_p_anonymous_namespace_RunRealtimeGSULayersSharedBandCompactStateQ610_fu_281/grp_p_anonymous_namespace_LoadRealtimeGSULayerWeightsQ610_fu_2608/grp_p_anonymous_namespace_LoadRealtimeGSULayerWeightsQ610_Pipeline_VITIS_LOOP_3804_5_s_fu_94/ap_clk
    SLICE_X48Y18         FDRE                                         r  bd_i/subband_realtime_0/inst/grp_p_anonymous_namespace_RunRealtimeGSULayersSharedBandCompactStateQ610_fu_281/grp_p_anonymous_namespace_LoadRealtimeGSULayerWeightsQ610_fu_2608/grp_p_anonymous_namespace_LoadRealtimeGSULayerWeightsQ610_Pipeline_VITIS_LOOP_3804_5_s_fu_94/tmp_s_reg_672_reg[250]/C
                         clock pessimism             -0.035     1.151    
    SLICE_X48Y18         FDRE (Hold_fdre_C_D)         0.022     1.173    bd_i/subband_realtime_0/inst/grp_p_anonymous_namespace_RunRealtimeGSULayersSharedBandCompactStateQ610_fu_281/grp_p_anonymous_namespace_LoadRealtimeGSULayerWeightsQ610_fu_2608/grp_p_anonymous_namespace_LoadRealtimeGSULayerWeightsQ610_Pipeline_VITIS_LOOP_3804_5_s_fu_94/tmp_s_reg_672_reg[250]
  -------------------------------------------------------------------
                         required time                         -1.173    
                         arrival time                           1.193    
  -------------------------------------------------------------------
                         slack                                  0.020    





Pulse Width Checks
--------------------------------------------------------------------------------------
Clock Name:         clk_fpga_0
Waveform(ns):       { 0.000 5.000 }
Period(ns):         10.000
Sources:            { bd_i/ps7_0/inst/PS7_i/FCLKCLK[0] }

Check Type        Corner  Lib Pin      Reference Pin  Required(ns)  Actual(ns)  Slack(ns)  Location      Pin
Min Period        n/a     DSP48E1/CLK  n/a            3.884         10.000      6.116      DSP48_X1Y16   bd_i/subband_realtime_0/inst/grp_p_anonymous_namespace_RunRealtimeGSULayersSharedBandCompactStateQ610_fu_281/grp_p_anonymous_namespace_RunRealtimeGSUCellSharedQ610_fu_2046/grp_p_anonymous_namespace_RunRealtimeGSUCellFixedQ610_224_2_32_32_true_s_fu_1906/grp_p_anonymous_namespace_RunGSUGatePhaseBand0Q610_2_true_s_fu_4883/grp_p_anonymous_namespace_RunGSUGatePhaseBand0Q610_Pipeline_VITIS_LOOP_2759_1_fu_1928/mul_16s_16s_32_3_1_U3180/buff0_reg/CLK
Low Pulse Width   Slow    RAMD32/CLK   n/a            1.250         5.000       3.750      SLICE_X30Y91  bd_i/axi_dma0/U0/I_PRMRY_DATAMOVER/GEN_S2MM_FULL.I_S2MM_FULL_WRAPPER/GEN_ENABLE_INDET_BTT_SF.I_INDET_BTT/I_XD_FIFO/NON_BLK_MEM.I_SYNC_FIFOGEN_FIFO/xpm_fifo_instance.xpm_fifo_sync_inst/xpm_fifo_base_inst/gen_sdpram.xpm_memory_base_inst/gen_wr_a.gen_word_narrow.mem_reg_0_15_0_5/RAMA/CLK
High Pulse Width  Slow    RAMD32/CLK   n/a            1.250         5.000       3.750      SLICE_X30Y91  bd_i/axi_dma0/U0/I_PRMRY_DATAMOVER/GEN_S2MM_FULL.I_S2MM_FULL_WRAPPER/GEN_ENABLE_INDET_BTT_SF.I_INDET_BTT/I_XD_FIFO/NON_BLK_MEM.I_SYNC_FIFOGEN_FIFO/xpm_fifo_instance.xpm_fifo_sync_inst/xpm_fifo_base_inst/gen_sdpram.xpm_memory_base_inst/gen_wr_a.gen_word_narrow.mem_reg_0_15_0_5/RAMA/CLK



