#-----------------------------------------------------------
# Vivado v2023.2 (64-bit)
# SW Build 4029153 on Fri Oct 13 20:14:34 MDT 2023
# IP Build 4028589 on Sat Oct 14 00:45:43 MDT 2023
# SharedData Build 4025554 on Tue Oct 10 17:18:54 MDT 2023
# Start of session at: Thu May 14 12:29:16 2026
# Process ID: 15048
# Current directory: H:/
# Command line: vivado.exe -mode batch -source run_vivado_realtime_dma_impl.tcl -journal vivado_realtime_dma.jou -log vivado_realtime_dma.log
# Log file: H:/vivado_realtime_dma.log
# Journal file: H:/vivado_realtime_dma.jou
# Running On: DESKTOP-PMQ3QCF, OS: Windows, CPU Frequency: 3418 MHz, CPU Physical cores: 4, Host memory: 17016 MB
#-----------------------------------------------------------
CRITICAL WARNING: [Common 17-741] No write access right to the local Tcl store at 'C'. XilinxTclStore is reverted to the installation area. If you want to use local Tcl Store, please change the access right and relaunch Vivado.
source run_vivado_realtime_dma_impl.tcl
# set script_dir [file dirname [file normalize [info script]]]
# set proj_name vivado_realtime_dma_zybo_z7_20
# set proj_dir [file join $script_dir $proj_name]
# set bd_name realtime_dma_bd
# set reports_dir [file join $proj_dir reports]
# set hls_ip_repo [file join $script_dir subband_q610_realtime_hls solution1 impl ip]
# proc warn_msg {msg} {
#   puts "WARNING: $msg"
# }
# proc set_config_if_exists {cell key value} {
#   if {[catch {set_property CONFIG.$key $value $cell} msg]} {
#     warn_msg "Could not set CONFIG.$key on [get_property NAME $cell]: $msg"
#   }
# }
# proc require_intf_pin {candidates} {
#   foreach candidate $candidates {
#     set pin [get_bd_intf_pins -quiet $candidate]
#     if {[llength $pin] > 0} {
#       return $pin
#     }
#   }
#   error "None of these interface pins exist: $candidates"
# }
# proc connect_pin_if_exists {net cell pin_name} {
#   set pin [get_bd_pins -quiet "$cell/$pin_name"]
#   if {[llength $pin] > 0} {
#     connect_bd_net $net $pin
#   }
# }
# if {![file exists $hls_ip_repo]} {
#   error "HLS IP repo was not found: $hls_ip_repo"
# }
# file mkdir $reports_dir
# create_project -force $proj_name $proj_dir -part xc7z020clg400-1
create_project: Time (s): cpu = 00:00:06 ; elapsed = 00:00:07 . Memory (MB): peak = 474.172 ; gain = 178.113
# set_property ip_repo_paths [list [file normalize $hls_ip_repo]] [current_project]
# update_ip_catalog
INFO: [IP_Flow 19-234] Refreshing IP repositories
INFO: [IP_Flow 19-1700] Loaded user IP repository 'h:/subband_q610_realtime_hls/solution1/impl/ip'.
INFO: [IP_Flow 19-2313] Loaded Vivado IP repository 'C:/Xilinx/Vivado/2023.2/data/ip'.
# create_bd_design $bd_name
Wrote  : <H:\vivado_realtime_dma_zybo_z7_20\vivado_realtime_dma_zybo_z7_20.srcs\sources_1\bd\realtime_dma_bd\realtime_dma_bd.bd> 
# set ps7 [create_bd_cell -type ip -vlnv xilinx.com:ip:processing_system7:5.5 ps7_0]
# set_config_if_exists $ps7 PCW_USE_M_AXI_GP0 1
# set_config_if_exists $ps7 PCW_USE_S_AXI_HP0 1
# set_config_if_exists $ps7 PCW_EN_CLK0_PORT 1
# set_config_if_exists $ps7 PCW_FPGA0_PERIPHERAL_FREQMHZ 100.0
# set_config_if_exists $ps7 PCW_QSPI_PERIPHERAL_ENABLE 0
# set_config_if_exists $ps7 PCW_SD0_PERIPHERAL_ENABLE 0
# if {[catch {apply_bd_automation -rule xilinx.com:bd_rule:processing_system7 -config {make_external "FIXED_IO, DDR"} $ps7} msg]} {
#   warn_msg "PS7 automation failed; exporting DDR/FIXED_IO manually: $msg"
#   make_bd_intf_pins_external [get_bd_intf_pins $ps7/DDR]
#   make_bd_intf_pins_external [get_bd_intf_pins $ps7/FIXED_IO]
# }
# set_config_if_exists $ps7 PCW_USE_M_AXI_GP0 1
# set_config_if_exists $ps7 PCW_USE_S_AXI_HP0 1
# set_config_if_exists $ps7 PCW_EN_CLK0_PORT 1
# set_config_if_exists $ps7 PCW_FPGA0_PERIPHERAL_FREQMHZ 100.0
# set hls_defs [get_ipdefs -all *SubbandRealtimeTopQ610Ip*]
# if {[llength $hls_defs] == 0} {
#   error "SubbandRealtimeTopQ610Ip IP was not found in IP catalog path: $hls_ip_repo"
# }
# set hls_ip [create_bd_cell -type ip -vlnv [lindex $hls_defs 0] subband_realtime_0]
# set dma0 [create_bd_cell -type ip -vlnv xilinx.com:ip:axi_dma:7.1 axi_dma0]
# set dma1 [create_bd_cell -type ip -vlnv xilinx.com:ip:axi_dma:7.1 axi_dma1]
# foreach dma [list $dma0 $dma1] {
#   set_config_if_exists $dma c_include_sg 0
#   set_config_if_exists $dma c_addr_width 32
#   set_config_if_exists $dma c_m_axis_mm2s_tdata_width 16
#   set_config_if_exists $dma c_s_axis_s2mm_tdata_width 16
# }
# set_config_if_exists $dma0 c_include_mm2s 1
# set_config_if_exists $dma0 c_include_s2mm 1
# set_config_if_exists $dma1 c_include_mm2s 1
# set_config_if_exists $dma1 c_include_s2mm 0
# set ctrl_smc [create_bd_cell -type ip -vlnv xilinx.com:ip:smartconnect:1.0 axi_smc_ctrl]
# set_property -dict [list CONFIG.NUM_SI {1} CONFIG.NUM_MI {3}] $ctrl_smc
# set mem_smc [create_bd_cell -type ip -vlnv xilinx.com:ip:smartconnect:1.0 axi_smc_mem]
# set_property -dict [list CONFIG.NUM_SI {4} CONFIG.NUM_MI {1}] $mem_smc
# set rst [create_bd_cell -type ip -vlnv xilinx.com:ip:proc_sys_reset:5.0 rst_ps7_100m]
# set clk [get_bd_pins $ps7/FCLK_CLK0]
# set rstn [get_bd_pins $rst/peripheral_aresetn]
# connect_bd_net $clk [get_bd_pins $rst/slowest_sync_clk]
# connect_bd_net [get_bd_pins $ps7/FCLK_RESET0_N] [get_bd_pins $rst/ext_reset_in]
# connect_bd_net $clk [get_bd_pins $ps7/M_AXI_GP0_ACLK]
# connect_bd_net $clk [get_bd_pins $ps7/S_AXI_HP0_ACLK]
# connect_bd_net $clk [get_bd_pins $hls_ip/ap_clk]
# connect_bd_net $rstn [get_bd_pins $hls_ip/ap_rst_n]
# connect_bd_net $clk [get_bd_pins $ctrl_smc/aclk]
# connect_bd_net $rstn [get_bd_pins $ctrl_smc/aresetn]
# connect_bd_net $clk [get_bd_pins $mem_smc/aclk]
# connect_bd_net $rstn [get_bd_pins $mem_smc/aresetn]
# foreach dma [list $dma0 $dma1] {
#   connect_pin_if_exists $clk $dma s_axi_lite_aclk
#   connect_pin_if_exists $clk $dma m_axi_mm2s_aclk
#   connect_pin_if_exists $clk $dma m_axi_s2mm_aclk
#   connect_pin_if_exists $rstn $dma axi_resetn
# }
# connect_bd_intf_net [get_bd_intf_pins $ps7/M_AXI_GP0] [get_bd_intf_pins $ctrl_smc/S00_AXI]
# connect_bd_intf_net [get_bd_intf_pins $ctrl_smc/M00_AXI] [require_intf_pin [list $hls_ip/s_axi_control]]
# connect_bd_intf_net [get_bd_intf_pins $ctrl_smc/M01_AXI] [get_bd_intf_pins $dma0/S_AXI_LITE]
# connect_bd_intf_net [get_bd_intf_pins $ctrl_smc/M02_AXI] [get_bd_intf_pins $dma1/S_AXI_LITE]
# connect_bd_intf_net [get_bd_intf_pins $dma0/M_AXI_MM2S] [get_bd_intf_pins $mem_smc/S00_AXI]
# connect_bd_intf_net [get_bd_intf_pins $dma0/M_AXI_S2MM] [get_bd_intf_pins $mem_smc/S01_AXI]
# connect_bd_intf_net [get_bd_intf_pins $dma1/M_AXI_MM2S] [get_bd_intf_pins $mem_smc/S02_AXI]
# connect_bd_intf_net [require_intf_pin [list $hls_ip/m_axi_weights $hls_ip/weights]] [get_bd_intf_pins $mem_smc/S03_AXI]
# connect_bd_intf_net [get_bd_intf_pins $mem_smc/M00_AXI] [get_bd_intf_pins $ps7/S_AXI_HP0]
# connect_bd_intf_net [get_bd_intf_pins $dma0/M_AXIS_MM2S] [require_intf_pin [list $hls_ip/noisy_fft_stream $hls_ip/noisy_fft_stream_V]]
# connect_bd_intf_net [get_bd_intf_pins $dma1/M_AXIS_MM2S] [require_intf_pin [list $hls_ip/fb_fft_stream $hls_ip/fb_fft_stream_V]]
# connect_bd_intf_net [require_intf_pin [list $hls_ip/df_coef_stream $hls_ip/df_coef_stream_V]] [get_bd_intf_pins $dma0/S_AXIS_S2MM]
# assign_bd_address
Slave segment '/ps7_0/S_AXI_HP0/HP0_DDR_LOWOCM' is being assigned into address space '/axi_dma0/Data_MM2S' at <0x0000_0000 [ 512M ]>.
Slave segment '/ps7_0/S_AXI_HP0/HP0_DDR_LOWOCM' is being assigned into address space '/axi_dma0/Data_S2MM' at <0x0000_0000 [ 512M ]>.
Slave segment '/ps7_0/S_AXI_HP0/HP0_DDR_LOWOCM' is being assigned into address space '/axi_dma1/Data_MM2S' at <0x0000_0000 [ 512M ]>.
Slave segment '/ps7_0/S_AXI_HP0/HP0_DDR_LOWOCM' is being assigned into address space '/subband_realtime_0/Data_m_axi_weights' at <0x0000_0000 [ 512M ]>.
Slave segment '/axi_dma0/S_AXI_LITE/Reg' is being assigned into address space '/ps7_0/Data' at <0x41E0_0000 [ 64K ]>.
Slave segment '/axi_dma1/S_AXI_LITE/Reg' is being assigned into address space '/ps7_0/Data' at <0x41E1_0000 [ 64K ]>.
Slave segment '/subband_realtime_0/s_axi_control/Reg' is being assigned into address space '/ps7_0/Data' at <0x4000_0000 [ 64K ]>.
# validate_bd_design
INFO: [BD 5-943] Reserving offset range <0x4000_0000 [ 64K ]> from slave interface '/axi_smc_ctrl/S00_AXI' to master interface '/axi_smc_ctrl/M00_AXI'. This will be used by smartconnect on path for routing.
INFO: [BD 5-943] Reserving offset range <0x41E0_0000 [ 64K ]> from slave interface '/axi_smc_ctrl/S00_AXI' to master interface '/axi_smc_ctrl/M01_AXI'. This will be used by smartconnect on path for routing.
INFO: [BD 5-943] Reserving offset range <0x41E1_0000 [ 64K ]> from slave interface '/axi_smc_ctrl/S00_AXI' to master interface '/axi_smc_ctrl/M02_AXI'. This will be used by smartconnect on path for routing.
INFO: [xilinx.com:ip:smartconnect:1.0-1] realtime_dma_bd_axi_smc_ctrl_0: SmartConnect realtime_dma_bd_axi_smc_ctrl_0 is in Low-Area Mode.
WARNING: [xilinx.com:ip:smartconnect:1.0-1] realtime_dma_bd_axi_smc_ctrl_0: IP realtime_dma_bd_axi_smc_ctrl_0 is configured in Low-area mode as all propagated traffic is low-bandwidth (AXI4LITE). SI S00_AXI has property HAS_BURST == 1. WRAP bursts are not supported in Low-area mode and will result in DECERR if received.
WARNING: [xilinx.com:ip:smartconnect:1.0-1] realtime_dma_bd_axi_smc_ctrl_0: If WRAP transactions are required then turn off Low-area mode using ADVANCED_PROPERTIES. Execute following: set_property CONFIG.ADVANCED_PROPERTIES {__experimental_features__ {disable_low_area_mode 1}} [get_bd_cells /realtime_dma_bd_axi_smc_ctrl_0]
INFO: [BD 5-943] Reserving offset range <0x0000_0000 [ 512M ]> from slave interface '/axi_smc_mem/S00_AXI' to master interface '/axi_smc_mem/M00_AXI'. This will be used by smartconnect on path for routing.
INFO: [BD 5-943] Reserving offset range <0x0000_0000 [ 512M ]> from slave interface '/axi_smc_mem/S01_AXI' to master interface '/axi_smc_mem/M00_AXI'. This will be used by smartconnect on path for routing.
INFO: [BD 5-943] Reserving offset range <0x0000_0000 [ 512M ]> from slave interface '/axi_smc_mem/S02_AXI' to master interface '/axi_smc_mem/M00_AXI'. This will be used by smartconnect on path for routing.
INFO: [BD 5-943] Reserving offset range <0x0000_0000 [ 512M ]> from slave interface '/axi_smc_mem/S03_AXI' to master interface '/axi_smc_mem/M00_AXI'. This will be used by smartconnect on path for routing.
INFO: [xilinx.com:ip:smartconnect:1.0-1] realtime_dma_bd_axi_smc_mem_0: SmartConnect realtime_dma_bd_axi_smc_mem_0 is in High-performance Mode.
xit::source_ipfile: Time (s): cpu = 00:00:07 ; elapsed = 00:00:07 . Memory (MB): peak = 709.297 ; gain = 37.258
validate_bd_design: Time (s): cpu = 00:00:12 ; elapsed = 00:00:14 . Memory (MB): peak = 738.133 ; gain = 153.320
# save_bd_design
Wrote  : <H:\vivado_realtime_dma_zybo_z7_20\vivado_realtime_dma_zybo_z7_20.srcs\sources_1\bd\realtime_dma_bd\realtime_dma_bd.bd> 
# set bd_file [get_files [file join $proj_dir $proj_name.srcs sources_1 bd $bd_name ${bd_name}.bd]]
# make_wrapper -files $bd_file -top
INFO: [BD 41-1662] The design 'realtime_dma_bd.bd' is already validated. Therefore parameter propagation will not be re-run.
WARNING: [BD 41-2384] Width mismatch when connecting pin: '/axi_smc_mem/S03_AXI_arlock'(1) to pin: '/subband_realtime_0/m_axi_weights_ARLOCK'(2) - Only lower order bits will be connected.
Verilog Output written to : H:/vivado_realtime_dma_zybo_z7_20/vivado_realtime_dma_zybo_z7_20.gen/sources_1/bd/realtime_dma_bd/synth/realtime_dma_bd.v
WARNING: [BD 41-2384] Width mismatch when connecting pin: '/axi_smc_mem/S03_AXI_arlock'(1) to pin: '/subband_realtime_0/m_axi_weights_ARLOCK'(2) - Only lower order bits will be connected.
Verilog Output written to : H:/vivado_realtime_dma_zybo_z7_20/vivado_realtime_dma_zybo_z7_20.gen/sources_1/bd/realtime_dma_bd/sim/realtime_dma_bd.v
Verilog Output written to : H:/vivado_realtime_dma_zybo_z7_20/vivado_realtime_dma_zybo_z7_20.gen/sources_1/bd/realtime_dma_bd/hdl/realtime_dma_bd_wrapper.v
make_wrapper: Time (s): cpu = 00:00:01 ; elapsed = 00:00:09 . Memory (MB): peak = 997.152 ; gain = 259.020
# add_files -norecurse [file join $proj_dir $proj_name.gen sources_1 bd $bd_name hdl ${bd_name}_wrapper.v]
# update_compile_order -fileset sources_1
# launch_runs synth_1 -jobs 4
INFO: [BD 41-1662] The design 'realtime_dma_bd.bd' is already validated. Therefore parameter propagation will not be re-run.
WARNING: [BD 41-2384] Width mismatch when connecting pin: '/axi_smc_mem/S03_AXI_arlock'(1) to pin: '/subband_realtime_0/m_axi_weights_ARLOCK'(2) - Only lower order bits will be connected.
Verilog Output written to : H:/vivado_realtime_dma_zybo_z7_20/vivado_realtime_dma_zybo_z7_20.gen/sources_1/bd/realtime_dma_bd/synth/realtime_dma_bd.v
WARNING: [BD 41-2384] Width mismatch when connecting pin: '/axi_smc_mem/S03_AXI_arlock'(1) to pin: '/subband_realtime_0/m_axi_weights_ARLOCK'(2) - Only lower order bits will be connected.
Verilog Output written to : H:/vivado_realtime_dma_zybo_z7_20/vivado_realtime_dma_zybo_z7_20.gen/sources_1/bd/realtime_dma_bd/sim/realtime_dma_bd.v
Verilog Output written to : H:/vivado_realtime_dma_zybo_z7_20/vivado_realtime_dma_zybo_z7_20.gen/sources_1/bd/realtime_dma_bd/hdl/realtime_dma_bd_wrapper.v
INFO: [IP_Flow 19-5611] Unable to find an associated reset port for the interface 'M_AXI_GP0'. A default connection has been created.
INFO: [IP_Flow 19-5611] Unable to find an associated reset port for the interface 'S_AXI_HP0'. A default connection has been created.
INFO: [BD 41-1029] Generation completed for the IP Integrator block ps7_0 .
INFO: [BD 41-1029] Generation completed for the IP Integrator block subband_realtime_0 .
INFO: [BD 41-1029] Generation completed for the IP Integrator block axi_dma0 .
INFO: [BD 41-1029] Generation completed for the IP Integrator block axi_dma1 .
WARNING: [BD 41-2384] Width mismatch when connecting pin: '/s00_nodes/s00_ar_node/s_sc_payld'(150) to pin: '/s00_nodes/S_SC_AR_payld'(146) - Only lower order bits will be connected.
WARNING: [BD 41-2384] Width mismatch when connecting pin: '/s00_nodes/s00_aw_node/s_sc_payld'(150) to pin: '/s00_nodes/S_SC_AW_payld'(146) - Only lower order bits will be connected.
WARNING: [BD 41-2384] Width mismatch when connecting pin: '/m00_nodes/m00_r_node/s_sc_payld'(57) to pin: '/m00_nodes/S_SC_R_payld'(55) - Only lower order bits will be connected.
WARNING: [BD 41-2384] Width mismatch when connecting pin: '/m00_nodes/m00_b_node/s_sc_payld'(11) to pin: '/m00_nodes/S_SC_B_payld'(9) - Only lower order bits will be connected.
WARNING: [BD 41-2384] Width mismatch when connecting pin: '/m01_nodes/m01_r_node/s_sc_payld'(57) to pin: '/m01_nodes/S_SC_R_payld'(55) - Only lower order bits will be connected.
WARNING: [BD 41-2384] Width mismatch when connecting pin: '/m01_nodes/m01_b_node/s_sc_payld'(11) to pin: '/m01_nodes/S_SC_B_payld'(9) - Only lower order bits will be connected.
WARNING: [BD 41-2384] Width mismatch when connecting pin: '/m02_nodes/m02_r_node/s_sc_payld'(57) to pin: '/m02_nodes/S_SC_R_payld'(55) - Only lower order bits will be connected.
WARNING: [BD 41-2384] Width mismatch when connecting pin: '/m02_nodes/m02_b_node/s_sc_payld'(11) to pin: '/m02_nodes/S_SC_B_payld'(9) - Only lower order bits will be connected.
WARNING: [BD 41-2384] Width mismatch when connecting pin: '/s00_axi2sc/s_sc_r_payld'(55) to pin: '/s00_nodes/M_SC_R_payld'(57) - Only lower order bits will be connected.
WARNING: [BD 41-2384] Width mismatch when connecting pin: '/s00_axi2sc/s_sc_b_payld'(9) to pin: '/s00_nodes/M_SC_B_payld'(11) - Only lower order bits will be connected.
WARNING: [BD 41-2384] Width mismatch when connecting pin: '/m00_sc2axi/s_sc_ar_payld'(146) to pin: '/m00_nodes/M_SC_AR_payld'(150) - Only lower order bits will be connected.
WARNING: [BD 41-2384] Width mismatch when connecting pin: '/m00_sc2axi/s_sc_aw_payld'(146) to pin: '/m00_nodes/M_SC_AW_payld'(150) - Only lower order bits will be connected.
WARNING: [BD 41-2384] Width mismatch when connecting pin: '/m01_sc2axi/s_sc_ar_payld'(146) to pin: '/m01_nodes/M_SC_AR_payld'(150) - Only lower order bits will be connected.
WARNING: [BD 41-2384] Width mismatch when connecting pin: '/m01_sc2axi/s_sc_aw_payld'(146) to pin: '/m01_nodes/M_SC_AW_payld'(150) - Only lower order bits will be connected.
WARNING: [BD 41-2384] Width mismatch when connecting pin: '/m02_sc2axi/s_sc_ar_payld'(146) to pin: '/m02_nodes/M_SC_AR_payld'(150) - Only lower order bits will be connected.
WARNING: [BD 41-2384] Width mismatch when connecting pin: '/m02_sc2axi/s_sc_aw_payld'(146) to pin: '/m02_nodes/M_SC_AW_payld'(150) - Only lower order bits will be connected.
WARNING: [BD 41-2384] Width mismatch when connecting pin: '/s00_nodes/s00_ar_node/s_sc_payld'(150) to pin: '/s00_nodes/S_SC_AR_payld'(146) - Only lower order bits will be connected.
WARNING: [BD 41-2384] Width mismatch when connecting pin: '/s00_nodes/s00_aw_node/s_sc_payld'(150) to pin: '/s00_nodes/S_SC_AW_payld'(146) - Only lower order bits will be connected.
WARNING: [BD 41-2384] Width mismatch when connecting pin: '/m00_nodes/m00_r_node/s_sc_payld'(57) to pin: '/m00_nodes/S_SC_R_payld'(55) - Only lower order bits will be connected.
WARNING: [BD 41-2384] Width mismatch when connecting pin: '/m00_nodes/m00_b_node/s_sc_payld'(11) to pin: '/m00_nodes/S_SC_B_payld'(9) - Only lower order bits will be connected.
WARNING: [BD 41-2384] Width mismatch when connecting pin: '/m01_nodes/m01_r_node/s_sc_payld'(57) to pin: '/m01_nodes/S_SC_R_payld'(55) - Only lower order bits will be connected.
WARNING: [BD 41-2384] Width mismatch when connecting pin: '/m01_nodes/m01_b_node/s_sc_payld'(11) to pin: '/m01_nodes/S_SC_B_payld'(9) - Only lower order bits will be connected.
WARNING: [BD 41-2384] Width mismatch when connecting pin: '/m02_nodes/m02_r_node/s_sc_payld'(57) to pin: '/m02_nodes/S_SC_R_payld'(55) - Only lower order bits will be connected.
WARNING: [BD 41-2384] Width mismatch when connecting pin: '/m02_nodes/m02_b_node/s_sc_payld'(11) to pin: '/m02_nodes/S_SC_B_payld'(9) - Only lower order bits will be connected.
WARNING: [BD 41-2384] Width mismatch when connecting pin: '/s00_axi2sc/s_sc_r_payld'(55) to pin: '/s00_nodes/M_SC_R_payld'(57) - Only lower order bits will be connected.
WARNING: [BD 41-2384] Width mismatch when connecting pin: '/s00_axi2sc/s_sc_b_payld'(9) to pin: '/s00_nodes/M_SC_B_payld'(11) - Only lower order bits will be connected.
WARNING: [BD 41-2384] Width mismatch when connecting pin: '/m00_sc2axi/s_sc_ar_payld'(146) to pin: '/m00_nodes/M_SC_AR_payld'(150) - Only lower order bits will be connected.
WARNING: [BD 41-2384] Width mismatch when connecting pin: '/m00_sc2axi/s_sc_aw_payld'(146) to pin: '/m00_nodes/M_SC_AW_payld'(150) - Only lower order bits will be connected.
WARNING: [BD 41-2384] Width mismatch when connecting pin: '/m01_sc2axi/s_sc_ar_payld'(146) to pin: '/m01_nodes/M_SC_AR_payld'(150) - Only lower order bits will be connected.
WARNING: [BD 41-2384] Width mismatch when connecting pin: '/m01_sc2axi/s_sc_aw_payld'(146) to pin: '/m01_nodes/M_SC_AW_payld'(150) - Only lower order bits will be connected.
WARNING: [BD 41-2384] Width mismatch when connecting pin: '/m02_sc2axi/s_sc_ar_payld'(146) to pin: '/m02_nodes/M_SC_AR_payld'(150) - Only lower order bits will be connected.
WARNING: [BD 41-2384] Width mismatch when connecting pin: '/m02_sc2axi/s_sc_aw_payld'(146) to pin: '/m02_nodes/M_SC_AW_payld'(150) - Only lower order bits will be connected.
Exporting to file h:/vivado_realtime_dma_zybo_z7_20/vivado_realtime_dma_zybo_z7_20.gen/sources_1/bd/realtime_dma_bd/ip/realtime_dma_bd_axi_smc_ctrl_0/bd_0/hw_handoff/realtime_dma_bd_axi_smc_ctrl_0.hwh
Generated Hardware Definition File h:/vivado_realtime_dma_zybo_z7_20/vivado_realtime_dma_zybo_z7_20.gen/sources_1/bd/realtime_dma_bd/ip/realtime_dma_bd_axi_smc_ctrl_0/bd_0/synth/realtime_dma_bd_axi_smc_ctrl_0.hwdef
INFO: [BD 41-1029] Generation completed for the IP Integrator block axi_smc_ctrl .
Exporting to file h:/vivado_realtime_dma_zybo_z7_20/vivado_realtime_dma_zybo_z7_20.gen/sources_1/bd/realtime_dma_bd/ip/realtime_dma_bd_axi_smc_mem_0/bd_0/hw_handoff/realtime_dma_bd_axi_smc_mem_0.hwh
Generated Hardware Definition File h:/vivado_realtime_dma_zybo_z7_20/vivado_realtime_dma_zybo_z7_20.gen/sources_1/bd/realtime_dma_bd/ip/realtime_dma_bd_axi_smc_mem_0/bd_0/synth/realtime_dma_bd_axi_smc_mem_0.hwdef
INFO: [BD 41-1029] Generation completed for the IP Integrator block axi_smc_mem .
INFO: [BD 41-1029] Generation completed for the IP Integrator block rst_ps7_100m .
Exporting to file H:/vivado_realtime_dma_zybo_z7_20/vivado_realtime_dma_zybo_z7_20.gen/sources_1/bd/realtime_dma_bd/hw_handoff/realtime_dma_bd.hwh
Generated Hardware Definition File H:/vivado_realtime_dma_zybo_z7_20/vivado_realtime_dma_zybo_z7_20.gen/sources_1/bd/realtime_dma_bd/synth/realtime_dma_bd.hwdef
INFO: [IP_Flow 19-6930] IPCACHE: runCacheChecks() number of threads = 8
INFO: [IP_Flow 19-6921] IPCACHE: Adding cache check func to thread queue for IP realtime_dma_bd_axi_dma0_0
INFO: [IP_Flow 19-6921] IPCACHE: Adding cache check func to thread queue for IP realtime_dma_bd_axi_dma1_0
INFO: [IP_Flow 19-6921] IPCACHE: Adding cache check func to thread queue for IP realtime_dma_bd_axi_smc_ctrl_0
INFO: [IP_Flow 19-6921] IPCACHE: Adding cache check func to thread queue for IP realtime_dma_bd_axi_smc_mem_0
INFO: [IP_Flow 19-6921] IPCACHE: Adding cache check func to thread queue for IP realtime_dma_bd_rst_ps7_100m_0
INFO: [IP_Flow 19-6921] IPCACHE: Adding cache check func to thread queue for IP realtime_dma_bd_subband_realtime_0_0
INFO: [IP_Flow 19-8020] IPCACHE: runCacheChecks() calling threadPool finishWork()
INFO: [IP_Flow 19-6924] IPCACHE: Running cache check for IP inst: realtime_dma_bd_axi_dma0_0
INFO: [IP_Flow 19-6924] IPCACHE: Running cache check for IP inst: realtime_dma_bd_axi_dma1_0
INFO: [IP_Flow 19-6924] IPCACHE: Running cache check for IP inst: realtime_dma_bd_axi_smc_ctrl_0
INFO: [IP_Flow 19-6924] IPCACHE: Running cache check for IP inst: realtime_dma_bd_axi_smc_mem_0
INFO: [IP_Flow 19-6924] IPCACHE: Running cache check for IP inst: realtime_dma_bd_rst_ps7_100m_0
INFO: [IP_Flow 19-6924] IPCACHE: Running cache check for IP inst: realtime_dma_bd_subband_realtime_0_0
WARNING: [Vivado 12-7122] Auto Incremental Compile:: No reference checkpoint was found in run synth_1. Auto-incremental flow will not be run, the standard flow will be run instead.
[Thu May 14 12:30:27 2026] Launched realtime_dma_bd_rst_ps7_100m_0_synth_1, realtime_dma_bd_ps7_0_0_synth_1, realtime_dma_bd_subband_realtime_0_0_synth_1, realtime_dma_bd_axi_dma0_0_synth_1, realtime_dma_bd_axi_dma1_0_synth_1, realtime_dma_bd_axi_smc_ctrl_0_synth_1, realtime_dma_bd_axi_smc_mem_0_synth_1...
Run output will be captured here:
realtime_dma_bd_rst_ps7_100m_0_synth_1: H:/vivado_realtime_dma_zybo_z7_20/vivado_realtime_dma_zybo_z7_20.runs/realtime_dma_bd_rst_ps7_100m_0_synth_1/runme.log
realtime_dma_bd_ps7_0_0_synth_1: H:/vivado_realtime_dma_zybo_z7_20/vivado_realtime_dma_zybo_z7_20.runs/realtime_dma_bd_ps7_0_0_synth_1/runme.log
realtime_dma_bd_subband_realtime_0_0_synth_1: H:/vivado_realtime_dma_zybo_z7_20/vivado_realtime_dma_zybo_z7_20.runs/realtime_dma_bd_subband_realtime_0_0_synth_1/runme.log
realtime_dma_bd_axi_dma0_0_synth_1: H:/vivado_realtime_dma_zybo_z7_20/vivado_realtime_dma_zybo_z7_20.runs/realtime_dma_bd_axi_dma0_0_synth_1/runme.log
realtime_dma_bd_axi_dma1_0_synth_1: H:/vivado_realtime_dma_zybo_z7_20/vivado_realtime_dma_zybo_z7_20.runs/realtime_dma_bd_axi_dma1_0_synth_1/runme.log
realtime_dma_bd_axi_smc_ctrl_0_synth_1: H:/vivado_realtime_dma_zybo_z7_20/vivado_realtime_dma_zybo_z7_20.runs/realtime_dma_bd_axi_smc_ctrl_0_synth_1/runme.log
realtime_dma_bd_axi_smc_mem_0_synth_1: H:/vivado_realtime_dma_zybo_z7_20/vivado_realtime_dma_zybo_z7_20.runs/realtime_dma_bd_axi_smc_mem_0_synth_1/runme.log
[Thu May 14 12:30:27 2026] Launched synth_1...
Run output will be captured here: H:/vivado_realtime_dma_zybo_z7_20/vivado_realtime_dma_zybo_z7_20.runs/synth_1/runme.log
launch_runs: Time (s): cpu = 00:00:21 ; elapsed = 00:00:28 . Memory (MB): peak = 1073.727 ; gain = 76.574
# wait_on_run synth_1
[Thu May 14 12:30:27 2026] Waiting for synth_1 to finish...
