

================================================================
== Vitis HLS Report for 'p_anonymous_namespace_LoadVectorQ610_40_Pipeline_VITIS_LOOP_1716_1'
================================================================
* Date:           Wed May 13 19:58:43 2026

* Version:        2023.2 (Build 4023990 on Oct 11 2023)
* Project:        subband_q610_zybo_z7_20_hls
* Solution:       solution1 (Vivado IP Flow Target)
* Product family: zynq
* Target device:  xc7z020-clg400-1


================================================================
== Performance Estimates
================================================================
+ Timing: 
    * Summary: 
    +--------+----------+----------+------------+
    |  Clock |  Target  | Estimated| Uncertainty|
    +--------+----------+----------+------------+
    |ap_clk  |  10.00 ns|  7.300 ns|     2.70 ns|
    +--------+----------+----------+------------+

+ Latency: 
    * Summary: 
    +---------+---------+----------+----------+-----+-----+---------+
    |  Latency (cycles) |  Latency (absolute) |  Interval | Pipeline|
    |   min   |   max   |    min   |    max   | min | max |   Type  |
    +---------+---------+----------+----------+-----+-----+---------+
    |       43|       43|  0.430 us|  0.430 us|   43|   43|       no|
    +---------+---------+----------+----------+-----+-----+---------+

    + Detail: 
        * Instance: 
        N/A

        * Loop: 
        +---------------------+---------+---------+----------+-----------+-----------+------+----------+
        |                     |  Latency (cycles) | Iteration|  Initiation Interval  | Trip |          |
        |      Loop Name      |   min   |   max   |  Latency |  achieved |   target  | Count| Pipelined|
        +---------------------+---------+---------+----------+-----------+-----------+------+----------+
        |- VITIS_LOOP_1716_1  |       41|       41|         3|          1|          1|    40|       yes|
        +---------------------+---------+---------+----------+-----------+-----------+------+----------+



================================================================
== Utilization Estimates
================================================================
* Summary: 
+-----------------+---------+-----+--------+-------+-----+
|       Name      | BRAM_18K| DSP |   FF   |  LUT  | URAM|
+-----------------+---------+-----+--------+-------+-----+
|DSP              |        -|    -|       -|      -|    -|
|Expression       |        -|    -|       0|     32|    -|
|FIFO             |        -|    -|       -|      -|    -|
|Instance         |        -|    -|       -|      -|    -|
|Memory           |        -|    -|       -|      -|    -|
|Multiplexer      |        -|    -|       -|     45|    -|
|Register         |        -|    -|      39|      -|    -|
+-----------------+---------+-----+--------+-------+-----+
|Total            |        0|    0|      39|     77|    0|
+-----------------+---------+-----+--------+-------+-----+
|Available        |      280|  220|  106400|  53200|    0|
+-----------------+---------+-----+--------+-------+-----+
|Utilization (%)  |        0|    0|      ~0|     ~0|    0|
+-----------------+---------+-----+--------+-------+-----+

+ Detail: 
    * Instance: 
    N/A

    * DSP: 
    N/A

    * Memory: 
    N/A

    * FIFO: 
    N/A

    * Expression: 
    +---------------------------+----------+----+---+----+------------+------------+
    |       Variable Name       | Operation| DSP| FF| LUT| Bitwidth P0| Bitwidth P1|
    +---------------------------+----------+----+---+----+------------+------------+
    |add_ln1716_fu_92_p2        |         +|   0|  0|  14|           6|           1|
    |ap_block_pp0_stage0_11001  |       and|   0|  0|   2|           1|           1|
    |icmp_ln1716_fu_86_p2       |      icmp|   0|  0|  14|           6|           6|
    |ap_enable_pp0              |       xor|   0|  0|   2|           1|           2|
    +---------------------------+----------+----+---+----+------------+------------+
    |Total                      |          |   0|  0|  32|          14|          10|
    +---------------------------+----------+----+---+----+------------+------------+

    * Multiplexer: 
    +---------------------------+----+-----------+-----+-----------+
    |            Name           | LUT| Input Size| Bits| Total Bits|
    +---------------------------+----+-----------+-----+-----------+
    |ap_done_int                |   9|          2|    1|          2|
    |ap_enable_reg_pp0_iter1    |   9|          2|    1|          2|
    |ap_sig_allocacmp_index_12  |   9|          2|    6|         12|
    |index_fu_46                |   9|          2|    6|         12|
    |weights_blk_n_R            |   9|          2|    1|          2|
    +---------------------------+----+-----------+-----+-----------+
    |Total                      |  45|         10|   15|         30|
    +---------------------------+----+-----------+-----+-----------+

    * Register: 
    +----------------------------------+----+----+-----+-----------+
    |               Name               | FF | LUT| Bits| Const Bits|
    +----------------------------------+----+----+-----+-----------+
    |ap_CS_fsm                         |   1|   0|    1|          0|
    |ap_done_reg                       |   1|   0|    1|          0|
    |ap_enable_reg_pp0_iter1           |   1|   0|    1|          0|
    |ap_enable_reg_pp0_iter2           |   1|   0|    1|          0|
    |ap_loop_exit_ready_pp0_iter1_reg  |   1|   0|    1|          0|
    |index_12_reg_125                  |   6|   0|    6|          0|
    |index_12_reg_125_pp0_iter1_reg    |   6|   0|    6|          0|
    |index_fu_46                       |   6|   0|    6|          0|
    |weights_addr_read_reg_134         |  16|   0|   16|          0|
    +----------------------------------+----+----+-----+-----------+
    |Total                             |  39|   0|   39|          0|
    +----------------------------------+----+----+-----+-----------+



================================================================
== Interface
================================================================
* Summary: 
+--------------------------+-----+-----+------------+--------------------------------------------------------------------+--------------+
|         RTL Ports        | Dir | Bits|  Protocol  |                            Source Object                           |    C Type    |
+--------------------------+-----+-----+------------+--------------------------------------------------------------------+--------------+
|ap_clk                    |   in|    1|  ap_ctrl_hs|  (anonymous namespace)LoadVectorQ610<40>_Pipeline_VITIS_LOOP_1716_1|  return value|
|ap_rst                    |   in|    1|  ap_ctrl_hs|  (anonymous namespace)LoadVectorQ610<40>_Pipeline_VITIS_LOOP_1716_1|  return value|
|ap_start                  |   in|    1|  ap_ctrl_hs|  (anonymous namespace)LoadVectorQ610<40>_Pipeline_VITIS_LOOP_1716_1|  return value|
|ap_done                   |  out|    1|  ap_ctrl_hs|  (anonymous namespace)LoadVectorQ610<40>_Pipeline_VITIS_LOOP_1716_1|  return value|
|ap_idle                   |  out|    1|  ap_ctrl_hs|  (anonymous namespace)LoadVectorQ610<40>_Pipeline_VITIS_LOOP_1716_1|  return value|
|ap_ready                  |  out|    1|  ap_ctrl_hs|  (anonymous namespace)LoadVectorQ610<40>_Pipeline_VITIS_LOOP_1716_1|  return value|
|m_axi_weights_AWVALID     |  out|    1|       m_axi|                                                             weights|       pointer|
|m_axi_weights_AWREADY     |   in|    1|       m_axi|                                                             weights|       pointer|
|m_axi_weights_AWADDR      |  out|   32|       m_axi|                                                             weights|       pointer|
|m_axi_weights_AWID        |  out|    1|       m_axi|                                                             weights|       pointer|
|m_axi_weights_AWLEN       |  out|   32|       m_axi|                                                             weights|       pointer|
|m_axi_weights_AWSIZE      |  out|    3|       m_axi|                                                             weights|       pointer|
|m_axi_weights_AWBURST     |  out|    2|       m_axi|                                                             weights|       pointer|
|m_axi_weights_AWLOCK      |  out|    2|       m_axi|                                                             weights|       pointer|
|m_axi_weights_AWCACHE     |  out|    4|       m_axi|                                                             weights|       pointer|
|m_axi_weights_AWPROT      |  out|    3|       m_axi|                                                             weights|       pointer|
|m_axi_weights_AWQOS       |  out|    4|       m_axi|                                                             weights|       pointer|
|m_axi_weights_AWREGION    |  out|    4|       m_axi|                                                             weights|       pointer|
|m_axi_weights_AWUSER      |  out|    1|       m_axi|                                                             weights|       pointer|
|m_axi_weights_WVALID      |  out|    1|       m_axi|                                                             weights|       pointer|
|m_axi_weights_WREADY      |   in|    1|       m_axi|                                                             weights|       pointer|
|m_axi_weights_WDATA       |  out|   16|       m_axi|                                                             weights|       pointer|
|m_axi_weights_WSTRB       |  out|    2|       m_axi|                                                             weights|       pointer|
|m_axi_weights_WLAST       |  out|    1|       m_axi|                                                             weights|       pointer|
|m_axi_weights_WID         |  out|    1|       m_axi|                                                             weights|       pointer|
|m_axi_weights_WUSER       |  out|    1|       m_axi|                                                             weights|       pointer|
|m_axi_weights_ARVALID     |  out|    1|       m_axi|                                                             weights|       pointer|
|m_axi_weights_ARREADY     |   in|    1|       m_axi|                                                             weights|       pointer|
|m_axi_weights_ARADDR      |  out|   32|       m_axi|                                                             weights|       pointer|
|m_axi_weights_ARID        |  out|    1|       m_axi|                                                             weights|       pointer|
|m_axi_weights_ARLEN       |  out|   32|       m_axi|                                                             weights|       pointer|
|m_axi_weights_ARSIZE      |  out|    3|       m_axi|                                                             weights|       pointer|
|m_axi_weights_ARBURST     |  out|    2|       m_axi|                                                             weights|       pointer|
|m_axi_weights_ARLOCK      |  out|    2|       m_axi|                                                             weights|       pointer|
|m_axi_weights_ARCACHE     |  out|    4|       m_axi|                                                             weights|       pointer|
|m_axi_weights_ARPROT      |  out|    3|       m_axi|                                                             weights|       pointer|
|m_axi_weights_ARQOS       |  out|    4|       m_axi|                                                             weights|       pointer|
|m_axi_weights_ARREGION    |  out|    4|       m_axi|                                                             weights|       pointer|
|m_axi_weights_ARUSER      |  out|    1|       m_axi|                                                             weights|       pointer|
|m_axi_weights_RVALID      |   in|    1|       m_axi|                                                             weights|       pointer|
|m_axi_weights_RREADY      |  out|    1|       m_axi|                                                             weights|       pointer|
|m_axi_weights_RDATA       |   in|   16|       m_axi|                                                             weights|       pointer|
|m_axi_weights_RLAST       |   in|    1|       m_axi|                                                             weights|       pointer|
|m_axi_weights_RID         |   in|    1|       m_axi|                                                             weights|       pointer|
|m_axi_weights_RFIFONUM    |   in|    6|       m_axi|                                                             weights|       pointer|
|m_axi_weights_RUSER       |   in|    1|       m_axi|                                                             weights|       pointer|
|m_axi_weights_RRESP       |   in|    2|       m_axi|                                                             weights|       pointer|
|m_axi_weights_BVALID      |   in|    1|       m_axi|                                                             weights|       pointer|
|m_axi_weights_BREADY      |  out|    1|       m_axi|                                                             weights|       pointer|
|m_axi_weights_BRESP       |   in|    2|       m_axi|                                                             weights|       pointer|
|m_axi_weights_BID         |   in|    1|       m_axi|                                                             weights|       pointer|
|m_axi_weights_BUSER       |   in|    1|       m_axi|                                                             weights|       pointer|
|sext_ln1716               |   in|   31|     ap_none|                                                         sext_ln1716|        scalar|
|proj_bias_local_address0  |  out|    6|   ap_memory|                                                     proj_bias_local|         array|
|proj_bias_local_ce0       |  out|    1|   ap_memory|                                                     proj_bias_local|         array|
|proj_bias_local_we0       |  out|    1|   ap_memory|                                                     proj_bias_local|         array|
|proj_bias_local_d0        |  out|   16|   ap_memory|                                                     proj_bias_local|         array|
+--------------------------+-----+-----+------------+--------------------------------------------------------------------+--------------+

