

================================================================
== Vitis HLS Report for 'p_anonymous_namespace_RunGSUMacPhaseBand0Q610_38_2_4_32_s'
================================================================
* Date:           Wed May 13 19:58:47 2026

* Version:        2023.2 (Build 4023990 on Oct 11 2023)
* Project:        subband_q610_zybo_z7_20_hls
* Solution:       solution1 (Vivado IP Flow Target)
* Product family: zynq
* Target device:  xc7z020-clg400-1


================================================================
== Performance Estimates
================================================================
+ Timing: 
    * Summary: 
    +--------+----------+----------+------------+
    |  Clock |  Target  | Estimated| Uncertainty|
    +--------+----------+----------+------------+
    |ap_clk  |  10.00 ns|  6.993 ns|     2.70 ns|
    +--------+----------+----------+------------+

+ Latency: 
    * Summary: 
    +---------+---------+-----------+-----------+------+------+---------+
    |  Latency (cycles) |   Latency (absolute)  |   Interval  | Pipeline|
    |   min   |   max   |    min    |    max    |  min |  max |   Type  |
    +---------+---------+-----------+-----------+------+------+---------+
    |     2241|     2241|  22.410 us|  22.410 us|  2241|  2241|       no|
    +---------+---------+-----------+-----------+------+------+---------+

    + Detail: 
        * Instance: 
        +---------------------------------------------------------------------------------------+---------------------------------------------------------------------------+---------+---------+----------+----------+-----+-----+---------+
        |                                                                                       |                                                                           |  Latency (cycles) |  Latency (absolute) |  Interval | Pipeline|
        |                                        Instance                                       |                                   Module                                  |   min   |   max   |    min   |    max   | min | max |   Type  |
        +---------------------------------------------------------------------------------------+---------------------------------------------------------------------------+---------+---------+----------+----------+-----+-----+---------+
        |grp_p_anonymous_namespace_RunGSUMacPhaseBand0Q610_Pipeline_VITIS_LOOP_1833_2_fu_2469   |p_anonymous_namespace_RunGSUMacPhaseBand0Q610_Pipeline_VITIS_LOOP_1833_2   |       14|       14|  0.140 us|  0.140 us|   14|   14|       no|
        |grp_p_anonymous_namespace_RunGSUMacPhaseBand0Q610_Pipeline_VITIS_LOOP_1833_25_fu_2518  |p_anonymous_namespace_RunGSUMacPhaseBand0Q610_Pipeline_VITIS_LOOP_1833_25  |       11|       11|  0.110 us|  0.110 us|   11|   11|       no|
        |grp_p_anonymous_namespace_RunGSUMacPhaseBand0Q610_Pipeline_VITIS_LOOP_1833_26_fu_2781  |p_anonymous_namespace_RunGSUMacPhaseBand0Q610_Pipeline_VITIS_LOOP_1833_26  |       14|       14|  0.140 us|  0.140 us|   14|   14|       no|
        |grp_p_anonymous_namespace_RunGSUMacPhaseBand0Q610_Pipeline_VITIS_LOOP_1833_27_fu_2830  |p_anonymous_namespace_RunGSUMacPhaseBand0Q610_Pipeline_VITIS_LOOP_1833_27  |       11|       11|  0.110 us|  0.110 us|   11|   11|       no|
        +---------------------------------------------------------------------------------------+---------------------------------------------------------------------------+---------+---------+----------+----------+-----+-----+---------+

        * Loop: 
        +---------------------+---------+---------+----------+-----------+-----------+------+----------+
        |                     |  Latency (cycles) | Iteration|  Initiation Interval  | Trip |          |
        |      Loop Name      |   min   |   max   |  Latency |  achieved |   target  | Count| Pipelined|
        +---------------------+---------+---------+----------+-----------+-----------+------+----------+
        |- VITIS_LOOP_1860_1  |     2240|     2240|        20|          -|          -|   112|        no|
        +---------------------+---------+---------+----------+-----------+-----------+------+----------+



================================================================
== Utilization Estimates
================================================================
* Summary: 
+-----------------+---------+-----+--------+-------+-----+
|       Name      | BRAM_18K| DSP |   FF   |  LUT  | URAM|
+-----------------+---------+-----+--------+-------+-----+
|DSP              |        -|    -|       -|      -|    -|
|Expression       |        -|    -|       0|   2783|    -|
|FIFO             |        -|    -|       -|      -|    -|
|Instance         |        -|   72|    3278|   4034|    -|
|Memory           |        -|    -|       -|      -|    -|
|Multiplexer      |        -|    -|       -|     60|    -|
|Register         |        -|    -|    1103|      -|    -|
+-----------------+---------+-----+--------+-------+-----+
|Total            |        0|   72|    4381|   6877|    0|
+-----------------+---------+-----+--------+-------+-----+
|Available        |      280|  220|  106400|  53200|    0|
+-----------------+---------+-----+--------+-------+-----+
|Utilization (%)  |        0|   32|       4|     12|    0|
+-----------------+---------+-----+--------+-------+-----+

+ Detail: 
    * Instance: 
    +---------------------------------------------------------------------------------------+---------------------------------------------------------------------------+---------+----+------+------+-----+
    |                                        Instance                                       |                                   Module                                  | BRAM_18K| DSP|  FF  |  LUT | URAM|
    +---------------------------------------------------------------------------------------+---------------------------------------------------------------------------+---------+----+------+------+-----+
    |grp_p_anonymous_namespace_RunGSUMacPhaseBand0Q610_Pipeline_VITIS_LOOP_1833_2_fu_2469   |p_anonymous_namespace_RunGSUMacPhaseBand0Q610_Pipeline_VITIS_LOOP_1833_2   |        0|   4|   310|   464|    0|
    |grp_p_anonymous_namespace_RunGSUMacPhaseBand0Q610_Pipeline_VITIS_LOOP_1833_25_fu_2518  |p_anonymous_namespace_RunGSUMacPhaseBand0Q610_Pipeline_VITIS_LOOP_1833_25  |        0|  32|  1329|  1553|    0|
    |grp_p_anonymous_namespace_RunGSUMacPhaseBand0Q610_Pipeline_VITIS_LOOP_1833_26_fu_2781  |p_anonymous_namespace_RunGSUMacPhaseBand0Q610_Pipeline_VITIS_LOOP_1833_26  |        0|   4|   310|   464|    0|
    |grp_p_anonymous_namespace_RunGSUMacPhaseBand0Q610_Pipeline_VITIS_LOOP_1833_27_fu_2830  |p_anonymous_namespace_RunGSUMacPhaseBand0Q610_Pipeline_VITIS_LOOP_1833_27  |        0|  32|  1329|  1553|    0|
    +---------------------------------------------------------------------------------------+---------------------------------------------------------------------------+---------+----+------+------+-----+
    |Total                                                                                  |                                                                           |        0|  72|  3278|  4034|    0|
    +---------------------------------------------------------------------------------------+---------------------------------------------------------------------------+---------+----+------+------+-----+

    * DSP: 
    N/A

    * Memory: 
    N/A

    * FIFO: 
    N/A

    * Expression: 
    +---------------------------------+----------+----+---+----+------------+------------+
    |          Variable Name          | Operation| DSP| FF| LUT| Bitwidth P0| Bitwidth P1|
    +---------------------------------+----------+----+---+----+------------+------------+
    |add_ln1839_3_fu_3153_p2          |         +|   0|  0|  12|          11|          11|
    |add_ln1860_fu_3161_p2            |         +|   0|  0|  15|           8|           2|
    |add_ln1869_10_fu_4024_p2         |         +|   0|  0|  38|          31|          31|
    |add_ln1869_11_fu_3688_p2         |         +|   0|  0|  38|          31|          31|
    |add_ln1869_12_fu_4037_p2         |         +|   0|  0|  39|          32|          32|
    |add_ln1869_13_fu_4047_p2         |         +|   0|  0|  33|          33|          33|
    |add_ln1869_14_fu_4053_p2         |         +|   0|  0|  33|          33|          33|
    |add_ln1869_15_fu_4229_p2         |         +|   0|  0|  48|          48|          48|
    |add_ln1869_16_fu_3694_p2         |         +|   0|  0|  38|          31|          31|
    |add_ln1869_17_fu_3704_p2         |         +|   0|  0|  38|          31|          31|
    |add_ln1869_18_fu_3714_p2         |         +|   0|  0|  39|          32|          32|
    |add_ln1869_19_fu_3720_p2         |         +|   0|  0|  38|          31|          31|
    |add_ln1869_1_fu_3630_p2          |         +|   0|  0|  36|          36|          36|
    |add_ln1869_20_fu_3726_p2         |         +|   0|  0|  38|          31|          31|
    |add_ln1869_21_fu_3736_p2         |         +|   0|  0|  39|          32|          32|
    |add_ln1869_22_fu_4068_p2         |         +|   0|  0|  33|          33|          33|
    |add_ln1869_23_fu_4074_p2         |         +|   0|  0|  33|          33|          33|
    |add_ln1869_24_fu_3742_p2         |         +|   0|  0|  38|          31|          31|
    |add_ln1869_25_fu_3752_p2         |         +|   0|  0|  38|          31|          31|
    |add_ln1869_26_fu_3762_p2         |         +|   0|  0|  39|          32|          32|
    |add_ln1869_27_fu_3768_p2         |         +|   0|  0|  38|          31|          31|
    |add_ln1869_28_fu_3774_p2         |         +|   0|  0|  38|          31|          31|
    |add_ln1869_29_fu_3784_p2         |         +|   0|  0|  39|          32|          32|
    |add_ln1869_2_fu_4007_p2          |         +|   0|  0|  48|          48|          48|
    |add_ln1869_30_fu_4093_p2         |         +|   0|  0|  33|          33|          33|
    |add_ln1869_31_fu_4099_p2         |         +|   0|  0|  33|          33|          33|
    |add_ln1869_32_fu_4109_p2         |         +|   0|  0|  41|          34|          34|
    |add_ln1869_34_fu_3796_p2         |         +|   0|  0|  55|          48|          48|
    |add_ln1869_35_fu_3802_p2         |         +|   0|  0|  36|          36|          36|
    |add_ln1869_36_fu_4118_p2         |         +|   0|  0|  48|          48|          48|
    |add_ln1869_37_fu_3808_p2         |         +|   0|  0|  38|          31|          31|
    |add_ln1869_38_fu_3818_p2         |         +|   0|  0|  38|          31|          31|
    |add_ln1869_39_fu_3828_p2         |         +|   0|  0|  39|          32|          32|
    |add_ln1869_3_fu_3636_p2          |         +|   0|  0|  38|          31|          31|
    |add_ln1869_40_fu_4126_p2         |         +|   0|  0|  48|          48|          48|
    |add_ln1869_41_fu_3834_p2         |         +|   0|  0|  38|          31|          31|
    |add_ln1869_42_fu_3844_p2         |         +|   0|  0|  38|          31|          31|
    |add_ln1869_43_fu_3854_p2         |         +|   0|  0|  39|          32|          32|
    |add_ln1869_44_fu_4135_p2         |         +|   0|  0|  38|          31|          31|
    |add_ln1869_45_fu_3860_p2         |         +|   0|  0|  38|          31|          31|
    |add_ln1869_46_fu_4148_p2         |         +|   0|  0|  39|          32|          32|
    |add_ln1869_47_fu_4158_p2         |         +|   0|  0|  33|          33|          33|
    |add_ln1869_48_fu_4164_p2         |         +|   0|  0|  33|          33|          33|
    |add_ln1869_49_fu_4246_p2         |         +|   0|  0|  48|          48|          48|
    |add_ln1869_4_fu_3646_p2          |         +|   0|  0|  38|          31|          31|
    |add_ln1869_50_fu_3866_p2         |         +|   0|  0|  38|          31|          31|
    |add_ln1869_51_fu_3876_p2         |         +|   0|  0|  38|          31|          31|
    |add_ln1869_52_fu_3886_p2         |         +|   0|  0|  39|          32|          32|
    |add_ln1869_53_fu_3892_p2         |         +|   0|  0|  38|          31|          31|
    |add_ln1869_54_fu_3898_p2         |         +|   0|  0|  38|          31|          31|
    |add_ln1869_55_fu_3908_p2         |         +|   0|  0|  39|          32|          32|
    |add_ln1869_56_fu_4179_p2         |         +|   0|  0|  33|          33|          33|
    |add_ln1869_57_fu_4185_p2         |         +|   0|  0|  33|          33|          33|
    |add_ln1869_58_fu_3914_p2         |         +|   0|  0|  38|          31|          31|
    |add_ln1869_59_fu_3924_p2         |         +|   0|  0|  38|          31|          31|
    |add_ln1869_5_fu_3656_p2          |         +|   0|  0|  39|          32|          32|
    |add_ln1869_60_fu_3934_p2         |         +|   0|  0|  39|          32|          32|
    |add_ln1869_61_fu_3940_p2         |         +|   0|  0|  38|          31|          31|
    |add_ln1869_62_fu_3946_p2         |         +|   0|  0|  38|          31|          31|
    |add_ln1869_63_fu_3956_p2         |         +|   0|  0|  39|          32|          32|
    |add_ln1869_64_fu_4204_p2         |         +|   0|  0|  33|          33|          33|
    |add_ln1869_65_fu_4210_p2         |         +|   0|  0|  33|          33|          33|
    |add_ln1869_66_fu_4220_p2         |         +|   0|  0|  41|          34|          34|
    |add_ln1869_6_fu_4015_p2          |         +|   0|  0|  48|          48|          48|
    |add_ln1869_7_fu_3662_p2          |         +|   0|  0|  38|          31|          31|
    |add_ln1869_8_fu_3672_p2          |         +|   0|  0|  38|          31|          31|
    |add_ln1869_9_fu_3682_p2          |         +|   0|  0|  39|          32|          32|
    |add_ln1869_fu_3624_p2            |         +|   0|  0|  55|          48|          48|
    |common_q20_1_fu_4254_p2          |         +|   0|  0|  48|          48|          48|
    |common_q20_fu_4237_p2            |         +|   0|  0|  48|          48|          48|
    |total_q20_5_fu_3790_p2           |         +|   0|  0|  36|          36|          36|
    |total_q20_fu_3618_p2             |         +|   0|  0|  36|          36|          36|
    |sub_ln1839_fu_3133_p2            |         -|   0|  0|  13|          10|          10|
    |icmp_ln1860_fu_3101_p2           |      icmp|   0|  0|  15|           8|           7|
    |ap_block_state3_on_subcall_done  |        or|   0|  0|   2|           1|           1|
    +---------------------------------+----------+----+---+----+------------+------------+
    |Total                            |          |   0|  0|2783|        2442|        2435|
    +---------------------------------+----------+----+---+----+------------+------------+

    * Multiplexer: 
    +-------------------------+----+-----------+-----+-----------+
    |           Name          | LUT| Input Size| Bits| Total Bits|
    +-------------------------+----+-----------+-----+-----------+
    |ap_NS_fsm                |  42|          8|    1|          8|
    |common_sum_stream_blk_n  |   9|          2|    1|          2|
    |hidden_index_fu_598      |   9|          2|    8|         16|
    +-------------------------+----+-----------+-----+-----------+
    |Total                    |  60|         12|   10|         26|
    +-------------------------+----+-----------+-----+-----------+

    * Register: 
    +----------------------------------------------------------------------------------------------------+----+----+-----+-----------+
    |                                                Name                                                | FF | LUT| Bits| Const Bits|
    +----------------------------------------------------------------------------------------------------+----+----+-----+-----------+
    |add_ln1839_3_reg_6287                                                                               |  10|   0|   11|          1|
    |add_ln1869_11_reg_6313                                                                              |  31|   0|   31|          0|
    |add_ln1869_14_reg_6408                                                                              |  33|   0|   33|          0|
    |add_ln1869_18_reg_6318                                                                              |  32|   0|   32|          0|
    |add_ln1869_19_reg_6323                                                                              |  31|   0|   31|          0|
    |add_ln1869_1_reg_6298                                                                               |  36|   0|   36|          0|
    |add_ln1869_21_reg_6328                                                                              |  32|   0|   32|          0|
    |add_ln1869_26_reg_6333                                                                              |  32|   0|   32|          0|
    |add_ln1869_27_reg_6338                                                                              |  31|   0|   31|          0|
    |add_ln1869_29_reg_6343                                                                              |  32|   0|   32|          0|
    |add_ln1869_32_reg_6413                                                                              |  34|   0|   34|          0|
    |add_ln1869_34_reg_6348                                                                              |  48|   0|   48|          0|
    |add_ln1869_35_reg_6353                                                                              |  36|   0|   36|          0|
    |add_ln1869_39_reg_6358                                                                              |  32|   0|   32|          0|
    |add_ln1869_40_reg_6418                                                                              |  48|   0|   48|          0|
    |add_ln1869_43_reg_6363                                                                              |  32|   0|   32|          0|
    |add_ln1869_45_reg_6368                                                                              |  31|   0|   31|          0|
    |add_ln1869_48_reg_6423                                                                              |  33|   0|   33|          0|
    |add_ln1869_52_reg_6373                                                                              |  32|   0|   32|          0|
    |add_ln1869_53_reg_6378                                                                              |  31|   0|   31|          0|
    |add_ln1869_55_reg_6383                                                                              |  32|   0|   32|          0|
    |add_ln1869_5_reg_6303                                                                               |  32|   0|   32|          0|
    |add_ln1869_60_reg_6388                                                                              |  32|   0|   32|          0|
    |add_ln1869_61_reg_6393                                                                              |  31|   0|   31|          0|
    |add_ln1869_63_reg_6398                                                                              |  32|   0|   32|          0|
    |add_ln1869_66_reg_6428                                                                              |  34|   0|   34|          0|
    |add_ln1869_6_reg_6403                                                                               |  48|   0|   48|          0|
    |add_ln1869_9_reg_6308                                                                               |  32|   0|   32|          0|
    |add_ln1869_reg_6293                                                                                 |  48|   0|   48|          0|
    |ap_CS_fsm                                                                                           |   7|   0|    7|          0|
    |common_q20_1_reg_6438                                                                               |  48|   0|   48|          0|
    |common_q20_reg_6433                                                                                 |  48|   0|   48|          0|
    |grp_p_anonymous_namespace_RunGSUMacPhaseBand0Q610_Pipeline_VITIS_LOOP_1833_25_fu_2518_ap_start_reg  |   1|   0|    1|          0|
    |grp_p_anonymous_namespace_RunGSUMacPhaseBand0Q610_Pipeline_VITIS_LOOP_1833_26_fu_2781_ap_start_reg  |   1|   0|    1|          0|
    |grp_p_anonymous_namespace_RunGSUMacPhaseBand0Q610_Pipeline_VITIS_LOOP_1833_27_fu_2830_ap_start_reg  |   1|   0|    1|          0|
    |grp_p_anonymous_namespace_RunGSUMacPhaseBand0Q610_Pipeline_VITIS_LOOP_1833_2_fu_2469_ap_start_reg   |   1|   0|    1|          0|
    |hidden_index_fu_598                                                                                 |   8|   0|    8|          0|
    |sub_ln1839_reg_6281                                                                                 |  10|   0|   10|          0|
    +----------------------------------------------------------------------------------------------------+----+----+-----+-----------+
    |Total                                                                                               |1103|   0| 1104|          1|
    +----------------------------------------------------------------------------------------------------+----+----+-----+-----------+



================================================================
== Interface
================================================================
* Summary: 
+------------------------------------------------------------------------------------------+-----+-----+------------+---------------------------------------------------------------------------------+--------------+
|                                         RTL Ports                                        | Dir | Bits|  Protocol  |                                  Source Object                                  |    C Type    |
+------------------------------------------------------------------------------------------+-----+-----+------------+---------------------------------------------------------------------------------+--------------+
|ap_clk                                                                                    |   in|    1|  ap_ctrl_hs|                       (anonymous namespace)RunGSUMacPhaseBand0Q610<38, 2, 4, 32>|  return value|
|ap_rst                                                                                    |   in|    1|  ap_ctrl_hs|                       (anonymous namespace)RunGSUMacPhaseBand0Q610<38, 2, 4, 32>|  return value|
|ap_start                                                                                  |   in|    1|  ap_ctrl_hs|                       (anonymous namespace)RunGSUMacPhaseBand0Q610<38, 2, 4, 32>|  return value|
|ap_done                                                                                   |  out|    1|  ap_ctrl_hs|                       (anonymous namespace)RunGSUMacPhaseBand0Q610<38, 2, 4, 32>|  return value|
|ap_idle                                                                                   |  out|    1|  ap_ctrl_hs|                       (anonymous namespace)RunGSUMacPhaseBand0Q610<38, 2, 4, 32>|  return value|
|ap_ready                                                                                  |  out|    1|  ap_ctrl_hs|                       (anonymous namespace)RunGSUMacPhaseBand0Q610<38, 2, 4, 32>|  return value|
|input_ptr_0_val                                                                           |   in|   16|     ap_none|                                                                  input_ptr_0_val|        scalar|
|input_ptr_1_val                                                                           |   in|   16|     ap_none|                                                                  input_ptr_1_val|        scalar|
|input_ptr_2_val                                                                           |   in|   16|     ap_none|                                                                  input_ptr_2_val|        scalar|
|input_ptr_3_val                                                                           |   in|   16|     ap_none|                                                                  input_ptr_3_val|        scalar|
|input_ptr_4_val                                                                           |   in|   16|     ap_none|                                                                  input_ptr_4_val|        scalar|
|input_ptr_5_val                                                                           |   in|   16|     ap_none|                                                                  input_ptr_5_val|        scalar|
|input_ptr_6_val                                                                           |   in|   16|     ap_none|                                                                  input_ptr_6_val|        scalar|
|input_ptr_7_val                                                                           |   in|   16|     ap_none|                                                                  input_ptr_7_val|        scalar|
|input_ptr_8_val                                                                           |   in|   16|     ap_none|                                                                  input_ptr_8_val|        scalar|
|input_ptr_9_val                                                                           |   in|   16|     ap_none|                                                                  input_ptr_9_val|        scalar|
|input_ptr_10_val                                                                          |   in|   16|     ap_none|                                                                 input_ptr_10_val|        scalar|
|input_ptr_11_val                                                                          |   in|   16|     ap_none|                                                                 input_ptr_11_val|        scalar|
|input_ptr_12_val                                                                          |   in|   16|     ap_none|                                                                 input_ptr_12_val|        scalar|
|input_ptr_13_val                                                                          |   in|   16|     ap_none|                                                                 input_ptr_13_val|        scalar|
|input_ptr_14_val                                                                          |   in|   16|     ap_none|                                                                 input_ptr_14_val|        scalar|
|input_ptr_15_val                                                                          |   in|   16|     ap_none|                                                                 input_ptr_15_val|        scalar|
|input_ptr_16_val                                                                          |   in|   16|     ap_none|                                                                 input_ptr_16_val|        scalar|
|input_ptr_17_val                                                                          |   in|   16|     ap_none|                                                                 input_ptr_17_val|        scalar|
|input_ptr_18_val                                                                          |   in|   16|     ap_none|                                                                 input_ptr_18_val|        scalar|
|input_ptr_19_val                                                                          |   in|   16|     ap_none|                                                                 input_ptr_19_val|        scalar|
|input_ptr_20_val                                                                          |   in|   16|     ap_none|                                                                 input_ptr_20_val|        scalar|
|input_ptr_21_val                                                                          |   in|   16|     ap_none|                                                                 input_ptr_21_val|        scalar|
|input_ptr_22_val                                                                          |   in|   16|     ap_none|                                                                 input_ptr_22_val|        scalar|
|input_ptr_23_val                                                                          |   in|   16|     ap_none|                                                                 input_ptr_23_val|        scalar|
|input_ptr_24_val                                                                          |   in|   16|     ap_none|                                                                 input_ptr_24_val|        scalar|
|input_ptr_25_val                                                                          |   in|   16|     ap_none|                                                                 input_ptr_25_val|        scalar|
|input_ptr_26_val                                                                          |   in|   16|     ap_none|                                                                 input_ptr_26_val|        scalar|
|input_ptr_27_val                                                                          |   in|   16|     ap_none|                                                                 input_ptr_27_val|        scalar|
|input_ptr_28_val                                                                          |   in|   16|     ap_none|                                                                 input_ptr_28_val|        scalar|
|input_ptr_29_val                                                                          |   in|   16|     ap_none|                                                                 input_ptr_29_val|        scalar|
|input_ptr_30_val                                                                          |   in|   16|     ap_none|                                                                 input_ptr_30_val|        scalar|
|input_ptr_31_val                                                                          |   in|   16|     ap_none|                                                                 input_ptr_31_val|        scalar|
|input_ptr_32_val                                                                          |   in|   16|     ap_none|                                                                 input_ptr_32_val|        scalar|
|input_ptr_33_val                                                                          |   in|   16|     ap_none|                                                                 input_ptr_33_val|        scalar|
|input_ptr_34_val                                                                          |   in|   16|     ap_none|                                                                 input_ptr_34_val|        scalar|
|input_ptr_35_val                                                                          |   in|   16|     ap_none|                                                                 input_ptr_35_val|        scalar|
|input_ptr_36_val                                                                          |   in|   16|     ap_none|                                                                 input_ptr_36_val|        scalar|
|input_ptr_37_val                                                                          |   in|   16|     ap_none|                                                                 input_ptr_37_val|        scalar|
|prev_hx_q610_0_val                                                                        |   in|   11|     ap_none|                                                               prev_hx_q610_0_val|        scalar|
|prev_hx_q610_1_val                                                                        |   in|   11|     ap_none|                                                               prev_hx_q610_1_val|        scalar|
|prev_hx_q610_2_val                                                                        |   in|   11|     ap_none|                                                               prev_hx_q610_2_val|        scalar|
|prev_hx_q610_3_val                                                                        |   in|   11|     ap_none|                                                               prev_hx_q610_3_val|        scalar|
|prev_hx_q610_4_val                                                                        |   in|   11|     ap_none|                                                               prev_hx_q610_4_val|        scalar|
|prev_hx_q610_5_val                                                                        |   in|   11|     ap_none|                                                               prev_hx_q610_5_val|        scalar|
|prev_hx_q610_6_val                                                                        |   in|   11|     ap_none|                                                               prev_hx_q610_6_val|        scalar|
|prev_hx_q610_7_val                                                                        |   in|   11|     ap_none|                                                               prev_hx_q610_7_val|        scalar|
|prev_hx_q610_8_val                                                                        |   in|   11|     ap_none|                                                               prev_hx_q610_8_val|        scalar|
|prev_hx_q610_9_val                                                                        |   in|   11|     ap_none|                                                               prev_hx_q610_9_val|        scalar|
|prev_hx_q610_10_val                                                                       |   in|   11|     ap_none|                                                              prev_hx_q610_10_val|        scalar|
|prev_hx_q610_11_val                                                                       |   in|   11|     ap_none|                                                              prev_hx_q610_11_val|        scalar|
|prev_hx_q610_12_val                                                                       |   in|   11|     ap_none|                                                              prev_hx_q610_12_val|        scalar|
|prev_hx_q610_13_val                                                                       |   in|   11|     ap_none|                                                              prev_hx_q610_13_val|        scalar|
|prev_hx_q610_14_val                                                                       |   in|   11|     ap_none|                                                              prev_hx_q610_14_val|        scalar|
|prev_hx_q610_15_val                                                                       |   in|   11|     ap_none|                                                              prev_hx_q610_15_val|        scalar|
|prev_hx_q610_16_val                                                                       |   in|   11|     ap_none|                                                              prev_hx_q610_16_val|        scalar|
|prev_hx_q610_17_val                                                                       |   in|   11|     ap_none|                                                              prev_hx_q610_17_val|        scalar|
|prev_hx_q610_18_val                                                                       |   in|   11|     ap_none|                                                              prev_hx_q610_18_val|        scalar|
|prev_hx_q610_19_val                                                                       |   in|   11|     ap_none|                                                              prev_hx_q610_19_val|        scalar|
|prev_hx_q610_20_val                                                                       |   in|   11|     ap_none|                                                              prev_hx_q610_20_val|        scalar|
|prev_hx_q610_21_val                                                                       |   in|   11|     ap_none|                                                              prev_hx_q610_21_val|        scalar|
|prev_hx_q610_22_val                                                                       |   in|   11|     ap_none|                                                              prev_hx_q610_22_val|        scalar|
|prev_hx_q610_23_val                                                                       |   in|   11|     ap_none|                                                              prev_hx_q610_23_val|        scalar|
|prev_hx_q610_24_val                                                                       |   in|   11|     ap_none|                                                              prev_hx_q610_24_val|        scalar|
|prev_hx_q610_25_val                                                                       |   in|   11|     ap_none|                                                              prev_hx_q610_25_val|        scalar|
|prev_hx_q610_26_val                                                                       |   in|   11|     ap_none|                                                              prev_hx_q610_26_val|        scalar|
|prev_hx_q610_27_val                                                                       |   in|   11|     ap_none|                                                              prev_hx_q610_27_val|        scalar|
|prev_hx_q610_28_val                                                                       |   in|   11|     ap_none|                                                              prev_hx_q610_28_val|        scalar|
|prev_hx_q610_29_val                                                                       |   in|   11|     ap_none|                                                              prev_hx_q610_29_val|        scalar|
|prev_hx_q610_30_val                                                                       |   in|   11|     ap_none|                                                              prev_hx_q610_30_val|        scalar|
|prev_hx_q610_31_val                                                                       |   in|   11|     ap_none|                                                              prev_hx_q610_31_val|        scalar|
|prev_hx_q610_32_val                                                                       |   in|   11|     ap_none|                                                              prev_hx_q610_32_val|        scalar|
|prev_hx_q610_33_val                                                                       |   in|   11|     ap_none|                                                              prev_hx_q610_33_val|        scalar|
|prev_hx_q610_34_val                                                                       |   in|   11|     ap_none|                                                              prev_hx_q610_34_val|        scalar|
|prev_hx_q610_35_val                                                                       |   in|   11|     ap_none|                                                              prev_hx_q610_35_val|        scalar|
|prev_hx_q610_36_val                                                                       |   in|   11|     ap_none|                                                              prev_hx_q610_36_val|        scalar|
|prev_hx_q610_37_val                                                                       |   in|   11|     ap_none|                                                              prev_hx_q610_37_val|        scalar|
|prev_hx_q610_38_val                                                                       |   in|   11|     ap_none|                                                              prev_hx_q610_38_val|        scalar|
|prev_hx_q610_39_val                                                                       |   in|   11|     ap_none|                                                              prev_hx_q610_39_val|        scalar|
|prev_hx_q610_40_val                                                                       |   in|   11|     ap_none|                                                              prev_hx_q610_40_val|        scalar|
|prev_hx_q610_41_val                                                                       |   in|   11|     ap_none|                                                              prev_hx_q610_41_val|        scalar|
|prev_hx_q610_42_val                                                                       |   in|   11|     ap_none|                                                              prev_hx_q610_42_val|        scalar|
|prev_hx_q610_43_val                                                                       |   in|   11|     ap_none|                                                              prev_hx_q610_43_val|        scalar|
|prev_hx_q610_44_val                                                                       |   in|   11|     ap_none|                                                              prev_hx_q610_44_val|        scalar|
|prev_hx_q610_45_val                                                                       |   in|   11|     ap_none|                                                              prev_hx_q610_45_val|        scalar|
|prev_hx_q610_46_val                                                                       |   in|   11|     ap_none|                                                              prev_hx_q610_46_val|        scalar|
|prev_hx_q610_47_val                                                                       |   in|   11|     ap_none|                                                              prev_hx_q610_47_val|        scalar|
|prev_hx_q610_48_val                                                                       |   in|   11|     ap_none|                                                              prev_hx_q610_48_val|        scalar|
|prev_hx_q610_49_val                                                                       |   in|   11|     ap_none|                                                              prev_hx_q610_49_val|        scalar|
|prev_hx_q610_50_val                                                                       |   in|   11|     ap_none|                                                              prev_hx_q610_50_val|        scalar|
|prev_hx_q610_51_val                                                                       |   in|   11|     ap_none|                                                              prev_hx_q610_51_val|        scalar|
|prev_hx_q610_52_val                                                                       |   in|   11|     ap_none|                                                              prev_hx_q610_52_val|        scalar|
|prev_hx_q610_53_val                                                                       |   in|   11|     ap_none|                                                              prev_hx_q610_53_val|        scalar|
|prev_hx_q610_54_val                                                                       |   in|   11|     ap_none|                                                              prev_hx_q610_54_val|        scalar|
|prev_hx_q610_55_val                                                                       |   in|   11|     ap_none|                                                              prev_hx_q610_55_val|        scalar|
|prev_hx_q610_56_val                                                                       |   in|   11|     ap_none|                                                              prev_hx_q610_56_val|        scalar|
|prev_hx_q610_57_val                                                                       |   in|   11|     ap_none|                                                              prev_hx_q610_57_val|        scalar|
|prev_hx_q610_58_val                                                                       |   in|   11|     ap_none|                                                              prev_hx_q610_58_val|        scalar|
|prev_hx_q610_59_val                                                                       |   in|   11|     ap_none|                                                              prev_hx_q610_59_val|        scalar|
|prev_hx_q610_60_val                                                                       |   in|   11|     ap_none|                                                              prev_hx_q610_60_val|        scalar|
|prev_hx_q610_61_val                                                                       |   in|   11|     ap_none|                                                              prev_hx_q610_61_val|        scalar|
|prev_hx_q610_62_val                                                                       |   in|   11|     ap_none|                                                              prev_hx_q610_62_val|        scalar|
|prev_hx_q610_63_val                                                                       |   in|   11|     ap_none|                                                              prev_hx_q610_63_val|        scalar|
|prev_hx_q610_64_val                                                                       |   in|   11|     ap_none|                                                              prev_hx_q610_64_val|        scalar|
|prev_hx_q610_65_val                                                                       |   in|   11|     ap_none|                                                              prev_hx_q610_65_val|        scalar|
|prev_hx_q610_66_val                                                                       |   in|   11|     ap_none|                                                              prev_hx_q610_66_val|        scalar|
|prev_hx_q610_67_val                                                                       |   in|   11|     ap_none|                                                              prev_hx_q610_67_val|        scalar|
|prev_hx_q610_68_val                                                                       |   in|   11|     ap_none|                                                              prev_hx_q610_68_val|        scalar|
|prev_hx_q610_69_val                                                                       |   in|   11|     ap_none|                                                              prev_hx_q610_69_val|        scalar|
|prev_hx_q610_70_val                                                                       |   in|   11|     ap_none|                                                              prev_hx_q610_70_val|        scalar|
|prev_hx_q610_71_val                                                                       |   in|   11|     ap_none|                                                              prev_hx_q610_71_val|        scalar|
|prev_hx_q610_72_val                                                                       |   in|   11|     ap_none|                                                              prev_hx_q610_72_val|        scalar|
|prev_hx_q610_73_val                                                                       |   in|   11|     ap_none|                                                              prev_hx_q610_73_val|        scalar|
|prev_hx_q610_74_val                                                                       |   in|   11|     ap_none|                                                              prev_hx_q610_74_val|        scalar|
|prev_hx_q610_75_val                                                                       |   in|   11|     ap_none|                                                              prev_hx_q610_75_val|        scalar|
|prev_hx_q610_76_val                                                                       |   in|   11|     ap_none|                                                              prev_hx_q610_76_val|        scalar|
|prev_hx_q610_77_val                                                                       |   in|   11|     ap_none|                                                              prev_hx_q610_77_val|        scalar|
|prev_hx_q610_78_val                                                                       |   in|   11|     ap_none|                                                              prev_hx_q610_78_val|        scalar|
|prev_hx_q610_79_val                                                                       |   in|   11|     ap_none|                                                              prev_hx_q610_79_val|        scalar|
|prev_hx_q610_80_val                                                                       |   in|   11|     ap_none|                                                              prev_hx_q610_80_val|        scalar|
|prev_hx_q610_81_val                                                                       |   in|   11|     ap_none|                                                              prev_hx_q610_81_val|        scalar|
|prev_hx_q610_82_val                                                                       |   in|   11|     ap_none|                                                              prev_hx_q610_82_val|        scalar|
|prev_hx_q610_83_val                                                                       |   in|   11|     ap_none|                                                              prev_hx_q610_83_val|        scalar|
|prev_hx_q610_84_val                                                                       |   in|   11|     ap_none|                                                              prev_hx_q610_84_val|        scalar|
|prev_hx_q610_85_val                                                                       |   in|   11|     ap_none|                                                              prev_hx_q610_85_val|        scalar|
|prev_hx_q610_86_val                                                                       |   in|   11|     ap_none|                                                              prev_hx_q610_86_val|        scalar|
|prev_hx_q610_87_val                                                                       |   in|   11|     ap_none|                                                              prev_hx_q610_87_val|        scalar|
|prev_hx_q610_88_val                                                                       |   in|   11|     ap_none|                                                              prev_hx_q610_88_val|        scalar|
|prev_hx_q610_89_val                                                                       |   in|   11|     ap_none|                                                              prev_hx_q610_89_val|        scalar|
|prev_hx_q610_90_val                                                                       |   in|   11|     ap_none|                                                              prev_hx_q610_90_val|        scalar|
|prev_hx_q610_91_val                                                                       |   in|   11|     ap_none|                                                              prev_hx_q610_91_val|        scalar|
|prev_hx_q610_92_val                                                                       |   in|   11|     ap_none|                                                              prev_hx_q610_92_val|        scalar|
|prev_hx_q610_93_val                                                                       |   in|   11|     ap_none|                                                              prev_hx_q610_93_val|        scalar|
|prev_hx_q610_94_val                                                                       |   in|   11|     ap_none|                                                              prev_hx_q610_94_val|        scalar|
|prev_hx_q610_95_val                                                                       |   in|   11|     ap_none|                                                              prev_hx_q610_95_val|        scalar|
|prev_hx_q610_96_val                                                                       |   in|   11|     ap_none|                                                              prev_hx_q610_96_val|        scalar|
|prev_hx_q610_97_val                                                                       |   in|   11|     ap_none|                                                              prev_hx_q610_97_val|        scalar|
|prev_hx_q610_98_val                                                                       |   in|   11|     ap_none|                                                              prev_hx_q610_98_val|        scalar|
|prev_hx_q610_99_val                                                                       |   in|   11|     ap_none|                                                              prev_hx_q610_99_val|        scalar|
|prev_hx_q610_100_val                                                                      |   in|   11|     ap_none|                                                             prev_hx_q610_100_val|        scalar|
|prev_hx_q610_101_val                                                                      |   in|   11|     ap_none|                                                             prev_hx_q610_101_val|        scalar|
|prev_hx_q610_102_val                                                                      |   in|   11|     ap_none|                                                             prev_hx_q610_102_val|        scalar|
|prev_hx_q610_103_val                                                                      |   in|   11|     ap_none|                                                             prev_hx_q610_103_val|        scalar|
|prev_hx_q610_104_val                                                                      |   in|   11|     ap_none|                                                             prev_hx_q610_104_val|        scalar|
|prev_hx_q610_105_val                                                                      |   in|   11|     ap_none|                                                             prev_hx_q610_105_val|        scalar|
|prev_hx_q610_106_val                                                                      |   in|   11|     ap_none|                                                             prev_hx_q610_106_val|        scalar|
|prev_hx_q610_107_val                                                                      |   in|   11|     ap_none|                                                             prev_hx_q610_107_val|        scalar|
|prev_hx_q610_108_val                                                                      |   in|   11|     ap_none|                                                             prev_hx_q610_108_val|        scalar|
|prev_hx_q610_109_val                                                                      |   in|   11|     ap_none|                                                             prev_hx_q610_109_val|        scalar|
|prev_hx_q610_110_val                                                                      |   in|   11|     ap_none|                                                             prev_hx_q610_110_val|        scalar|
|prev_hx_q610_111_val                                                                      |   in|   11|     ap_none|                                                             prev_hx_q610_111_val|        scalar|
|prev_hx_q610_112_val                                                                      |   in|   11|     ap_none|                                                             prev_hx_q610_112_val|        scalar|
|prev_hx_q610_113_val                                                                      |   in|   11|     ap_none|                                                             prev_hx_q610_113_val|        scalar|
|prev_hx_q610_114_val                                                                      |   in|   11|     ap_none|                                                             prev_hx_q610_114_val|        scalar|
|prev_hx_q610_115_val                                                                      |   in|   11|     ap_none|                                                             prev_hx_q610_115_val|        scalar|
|prev_hx_q610_116_val                                                                      |   in|   11|     ap_none|                                                             prev_hx_q610_116_val|        scalar|
|prev_hx_q610_117_val                                                                      |   in|   11|     ap_none|                                                             prev_hx_q610_117_val|        scalar|
|prev_hx_q610_118_val                                                                      |   in|   11|     ap_none|                                                             prev_hx_q610_118_val|        scalar|
|prev_hx_q610_119_val                                                                      |   in|   11|     ap_none|                                                             prev_hx_q610_119_val|        scalar|
|prev_hx_q610_120_val                                                                      |   in|   11|     ap_none|                                                             prev_hx_q610_120_val|        scalar|
|prev_hx_q610_121_val                                                                      |   in|   11|     ap_none|                                                             prev_hx_q610_121_val|        scalar|
|prev_hx_q610_122_val                                                                      |   in|   11|     ap_none|                                                             prev_hx_q610_122_val|        scalar|
|prev_hx_q610_123_val                                                                      |   in|   11|     ap_none|                                                             prev_hx_q610_123_val|        scalar|
|prev_hx_q610_124_val                                                                      |   in|   11|     ap_none|                                                             prev_hx_q610_124_val|        scalar|
|prev_hx_q610_125_val                                                                      |   in|   11|     ap_none|                                                             prev_hx_q610_125_val|        scalar|
|prev_hx_q610_126_val                                                                      |   in|   11|     ap_none|                                                             prev_hx_q610_126_val|        scalar|
|prev_hx_q610_127_val                                                                      |   in|   11|     ap_none|                                                             prev_hx_q610_127_val|        scalar|
|prev_hx_q610_128_val                                                                      |   in|   11|     ap_none|                                                             prev_hx_q610_128_val|        scalar|
|prev_hx_q610_129_val                                                                      |   in|   11|     ap_none|                                                             prev_hx_q610_129_val|        scalar|
|prev_hx_q610_130_val                                                                      |   in|   11|     ap_none|                                                             prev_hx_q610_130_val|        scalar|
|prev_hx_q610_131_val                                                                      |   in|   11|     ap_none|                                                             prev_hx_q610_131_val|        scalar|
|prev_hx_q610_132_val                                                                      |   in|   11|     ap_none|                                                             prev_hx_q610_132_val|        scalar|
|prev_hx_q610_133_val                                                                      |   in|   11|     ap_none|                                                             prev_hx_q610_133_val|        scalar|
|prev_hx_q610_134_val                                                                      |   in|   11|     ap_none|                                                             prev_hx_q610_134_val|        scalar|
|prev_hx_q610_135_val                                                                      |   in|   11|     ap_none|                                                             prev_hx_q610_135_val|        scalar|
|prev_hx_q610_136_val                                                                      |   in|   11|     ap_none|                                                             prev_hx_q610_136_val|        scalar|
|prev_hx_q610_137_val                                                                      |   in|   11|     ap_none|                                                             prev_hx_q610_137_val|        scalar|
|prev_hx_q610_138_val                                                                      |   in|   11|     ap_none|                                                             prev_hx_q610_138_val|        scalar|
|prev_hx_q610_139_val                                                                      |   in|   11|     ap_none|                                                             prev_hx_q610_139_val|        scalar|
|prev_hx_q610_140_val                                                                      |   in|   11|     ap_none|                                                             prev_hx_q610_140_val|        scalar|
|prev_hx_q610_141_val                                                                      |   in|   11|     ap_none|                                                             prev_hx_q610_141_val|        scalar|
|prev_hx_q610_142_val                                                                      |   in|   11|     ap_none|                                                             prev_hx_q610_142_val|        scalar|
|prev_hx_q610_143_val                                                                      |   in|   11|     ap_none|                                                             prev_hx_q610_143_val|        scalar|
|prev_hx_q610_144_val                                                                      |   in|   11|     ap_none|                                                             prev_hx_q610_144_val|        scalar|
|prev_hx_q610_145_val                                                                      |   in|   11|     ap_none|                                                             prev_hx_q610_145_val|        scalar|
|prev_hx_q610_146_val                                                                      |   in|   11|     ap_none|                                                             prev_hx_q610_146_val|        scalar|
|prev_hx_q610_147_val                                                                      |   in|   11|     ap_none|                                                             prev_hx_q610_147_val|        scalar|
|prev_hx_q610_148_val                                                                      |   in|   11|     ap_none|                                                             prev_hx_q610_148_val|        scalar|
|prev_hx_q610_149_val                                                                      |   in|   11|     ap_none|                                                             prev_hx_q610_149_val|        scalar|
|prev_hx_q610_150_val                                                                      |   in|   11|     ap_none|                                                             prev_hx_q610_150_val|        scalar|
|prev_hx_q610_151_val                                                                      |   in|   11|     ap_none|                                                             prev_hx_q610_151_val|        scalar|
|prev_hx_q610_152_val                                                                      |   in|   11|     ap_none|                                                             prev_hx_q610_152_val|        scalar|
|prev_hx_q610_153_val                                                                      |   in|   11|     ap_none|                                                             prev_hx_q610_153_val|        scalar|
|prev_hx_q610_154_val                                                                      |   in|   11|     ap_none|                                                             prev_hx_q610_154_val|        scalar|
|prev_hx_q610_155_val                                                                      |   in|   11|     ap_none|                                                             prev_hx_q610_155_val|        scalar|
|prev_hx_q610_156_val                                                                      |   in|   11|     ap_none|                                                             prev_hx_q610_156_val|        scalar|
|prev_hx_q610_157_val                                                                      |   in|   11|     ap_none|                                                             prev_hx_q610_157_val|        scalar|
|prev_hx_q610_158_val                                                                      |   in|   11|     ap_none|                                                             prev_hx_q610_158_val|        scalar|
|prev_hx_q610_159_val                                                                      |   in|   11|     ap_none|                                                             prev_hx_q610_159_val|        scalar|
|prev_hx_q610_160_val                                                                      |   in|   11|     ap_none|                                                             prev_hx_q610_160_val|        scalar|
|prev_hx_q610_161_val                                                                      |   in|   11|     ap_none|                                                             prev_hx_q610_161_val|        scalar|
|prev_hx_q610_162_val                                                                      |   in|   11|     ap_none|                                                             prev_hx_q610_162_val|        scalar|
|prev_hx_q610_163_val                                                                      |   in|   11|     ap_none|                                                             prev_hx_q610_163_val|        scalar|
|prev_hx_q610_164_val                                                                      |   in|   11|     ap_none|                                                             prev_hx_q610_164_val|        scalar|
|prev_hx_q610_165_val                                                                      |   in|   11|     ap_none|                                                             prev_hx_q610_165_val|        scalar|
|prev_hx_q610_166_val                                                                      |   in|   11|     ap_none|                                                             prev_hx_q610_166_val|        scalar|
|prev_hx_q610_167_val                                                                      |   in|   11|     ap_none|                                                             prev_hx_q610_167_val|        scalar|
|prev_hx_q610_168_val                                                                      |   in|   11|     ap_none|                                                             prev_hx_q610_168_val|        scalar|
|prev_hx_q610_169_val                                                                      |   in|   11|     ap_none|                                                             prev_hx_q610_169_val|        scalar|
|prev_hx_q610_170_val                                                                      |   in|   11|     ap_none|                                                             prev_hx_q610_170_val|        scalar|
|prev_hx_q610_171_val                                                                      |   in|   11|     ap_none|                                                             prev_hx_q610_171_val|        scalar|
|prev_hx_q610_172_val                                                                      |   in|   11|     ap_none|                                                             prev_hx_q610_172_val|        scalar|
|prev_hx_q610_173_val                                                                      |   in|   11|     ap_none|                                                             prev_hx_q610_173_val|        scalar|
|prev_hx_q610_174_val                                                                      |   in|   11|     ap_none|                                                             prev_hx_q610_174_val|        scalar|
|prev_hx_q610_175_val                                                                      |   in|   11|     ap_none|                                                             prev_hx_q610_175_val|        scalar|
|prev_hx_q610_176_val                                                                      |   in|   11|     ap_none|                                                             prev_hx_q610_176_val|        scalar|
|prev_hx_q610_177_val                                                                      |   in|   11|     ap_none|                                                             prev_hx_q610_177_val|        scalar|
|prev_hx_q610_178_val                                                                      |   in|   11|     ap_none|                                                             prev_hx_q610_178_val|        scalar|
|prev_hx_q610_179_val                                                                      |   in|   11|     ap_none|                                                             prev_hx_q610_179_val|        scalar|
|prev_hx_q610_180_val                                                                      |   in|   11|     ap_none|                                                             prev_hx_q610_180_val|        scalar|
|prev_hx_q610_181_val                                                                      |   in|   11|     ap_none|                                                             prev_hx_q610_181_val|        scalar|
|prev_hx_q610_182_val                                                                      |   in|   11|     ap_none|                                                             prev_hx_q610_182_val|        scalar|
|prev_hx_q610_183_val                                                                      |   in|   11|     ap_none|                                                             prev_hx_q610_183_val|        scalar|
|prev_hx_q610_184_val                                                                      |   in|   11|     ap_none|                                                             prev_hx_q610_184_val|        scalar|
|prev_hx_q610_185_val                                                                      |   in|   11|     ap_none|                                                             prev_hx_q610_185_val|        scalar|
|prev_hx_q610_186_val                                                                      |   in|   11|     ap_none|                                                             prev_hx_q610_186_val|        scalar|
|prev_hx_q610_187_val                                                                      |   in|   11|     ap_none|                                                             prev_hx_q610_187_val|        scalar|
|prev_hx_q610_188_val                                                                      |   in|   11|     ap_none|                                                             prev_hx_q610_188_val|        scalar|
|prev_hx_q610_189_val                                                                      |   in|   11|     ap_none|                                                             prev_hx_q610_189_val|        scalar|
|prev_hx_q610_190_val                                                                      |   in|   11|     ap_none|                                                             prev_hx_q610_190_val|        scalar|
|prev_hx_q610_191_val                                                                      |   in|   11|     ap_none|                                                             prev_hx_q610_191_val|        scalar|
|prev_hx_q610_192_val                                                                      |   in|   11|     ap_none|                                                             prev_hx_q610_192_val|        scalar|
|prev_hx_q610_193_val                                                                      |   in|   11|     ap_none|                                                             prev_hx_q610_193_val|        scalar|
|prev_hx_q610_194_val                                                                      |   in|   11|     ap_none|                                                             prev_hx_q610_194_val|        scalar|
|prev_hx_q610_195_val                                                                      |   in|   11|     ap_none|                                                             prev_hx_q610_195_val|        scalar|
|prev_hx_q610_196_val                                                                      |   in|   11|     ap_none|                                                             prev_hx_q610_196_val|        scalar|
|prev_hx_q610_197_val                                                                      |   in|   11|     ap_none|                                                             prev_hx_q610_197_val|        scalar|
|prev_hx_q610_198_val                                                                      |   in|   11|     ap_none|                                                             prev_hx_q610_198_val|        scalar|
|prev_hx_q610_199_val                                                                      |   in|   11|     ap_none|                                                             prev_hx_q610_199_val|        scalar|
|prev_hx_q610_200_val                                                                      |   in|   11|     ap_none|                                                             prev_hx_q610_200_val|        scalar|
|prev_hx_q610_201_val                                                                      |   in|   11|     ap_none|                                                             prev_hx_q610_201_val|        scalar|
|prev_hx_q610_202_val                                                                      |   in|   11|     ap_none|                                                             prev_hx_q610_202_val|        scalar|
|prev_hx_q610_203_val                                                                      |   in|   11|     ap_none|                                                             prev_hx_q610_203_val|        scalar|
|prev_hx_q610_204_val                                                                      |   in|   11|     ap_none|                                                             prev_hx_q610_204_val|        scalar|
|prev_hx_q610_205_val                                                                      |   in|   11|     ap_none|                                                             prev_hx_q610_205_val|        scalar|
|prev_hx_q610_206_val                                                                      |   in|   11|     ap_none|                                                             prev_hx_q610_206_val|        scalar|
|prev_hx_q610_207_val                                                                      |   in|   11|     ap_none|                                                             prev_hx_q610_207_val|        scalar|
|prev_hx_q610_208_val                                                                      |   in|   11|     ap_none|                                                             prev_hx_q610_208_val|        scalar|
|prev_hx_q610_209_val                                                                      |   in|   11|     ap_none|                                                             prev_hx_q610_209_val|        scalar|
|prev_hx_q610_210_val                                                                      |   in|   11|     ap_none|                                                             prev_hx_q610_210_val|        scalar|
|prev_hx_q610_211_val                                                                      |   in|   11|     ap_none|                                                             prev_hx_q610_211_val|        scalar|
|prev_hx_q610_212_val                                                                      |   in|   11|     ap_none|                                                             prev_hx_q610_212_val|        scalar|
|prev_hx_q610_213_val                                                                      |   in|   11|     ap_none|                                                             prev_hx_q610_213_val|        scalar|
|prev_hx_q610_214_val                                                                      |   in|   11|     ap_none|                                                             prev_hx_q610_214_val|        scalar|
|prev_hx_q610_215_val                                                                      |   in|   11|     ap_none|                                                             prev_hx_q610_215_val|        scalar|
|prev_hx_q610_216_val                                                                      |   in|   11|     ap_none|                                                             prev_hx_q610_216_val|        scalar|
|prev_hx_q610_217_val                                                                      |   in|   11|     ap_none|                                                             prev_hx_q610_217_val|        scalar|
|prev_hx_q610_218_val                                                                      |   in|   11|     ap_none|                                                             prev_hx_q610_218_val|        scalar|
|prev_hx_q610_219_val                                                                      |   in|   11|     ap_none|                                                             prev_hx_q610_219_val|        scalar|
|prev_hx_q610_220_val                                                                      |   in|   11|     ap_none|                                                             prev_hx_q610_220_val|        scalar|
|prev_hx_q610_221_val                                                                      |   in|   11|     ap_none|                                                             prev_hx_q610_221_val|        scalar|
|prev_hx_q610_222_val                                                                      |   in|   11|     ap_none|                                                             prev_hx_q610_222_val|        scalar|
|prev_hx_q610_223_val                                                                      |   in|   11|     ap_none|                                                             prev_hx_q610_223_val|        scalar|
|common_sum_stream_din                                                                     |  out|   96|     ap_fifo|                                                                common_sum_stream|       pointer|
|common_sum_stream_full_n                                                                  |   in|    1|     ap_fifo|                                                                common_sum_stream|       pointer|
|common_sum_stream_write                                                                   |  out|    1|     ap_fifo|                                                                common_sum_stream|       pointer|
|SubbandBand0TopQ610_ap_int_const_ap_int_const_ap_int_const_ap_int_const_ap_i_12_address0  |  out|   11|   ap_stable|  SubbandBand0TopQ610_ap_int_const_ap_int_const_ap_int_const_ap_int_const_ap_i_12|         array|
|SubbandBand0TopQ610_ap_int_const_ap_int_const_ap_int_const_ap_int_const_ap_i_12_ce0       |  out|    1|   ap_stable|  SubbandBand0TopQ610_ap_int_const_ap_int_const_ap_int_const_ap_int_const_ap_i_12|         array|
|SubbandBand0TopQ610_ap_int_const_ap_int_const_ap_int_const_ap_int_const_ap_i_12_q0        |   in|   64|   ap_stable|  SubbandBand0TopQ610_ap_int_const_ap_int_const_ap_int_const_ap_int_const_ap_i_12|         array|
|SubbandBand0TopQ610_ap_int_const_ap_int_const_ap_int_const_ap_int_const_ap_i_14_address0  |  out|   10|   ap_stable|  SubbandBand0TopQ610_ap_int_const_ap_int_const_ap_int_const_ap_int_const_ap_i_14|         array|
|SubbandBand0TopQ610_ap_int_const_ap_int_const_ap_int_const_ap_int_const_ap_i_14_ce0       |  out|    1|   ap_stable|  SubbandBand0TopQ610_ap_int_const_ap_int_const_ap_int_const_ap_int_const_ap_i_14|         array|
|SubbandBand0TopQ610_ap_int_const_ap_int_const_ap_int_const_ap_int_const_ap_i_14_q0        |   in|  512|   ap_stable|  SubbandBand0TopQ610_ap_int_const_ap_int_const_ap_int_const_ap_int_const_ap_i_14|         array|
|SubbandBand0TopQ610_ap_int_const_ap_int_const_ap_int_const_ap_int_const_ap_i_11_address0  |  out|   11|   ap_stable|  SubbandBand0TopQ610_ap_int_const_ap_int_const_ap_int_const_ap_int_const_ap_i_11|         array|
|SubbandBand0TopQ610_ap_int_const_ap_int_const_ap_int_const_ap_int_const_ap_i_11_ce0       |  out|    1|   ap_stable|  SubbandBand0TopQ610_ap_int_const_ap_int_const_ap_int_const_ap_int_const_ap_i_11|         array|
|SubbandBand0TopQ610_ap_int_const_ap_int_const_ap_int_const_ap_int_const_ap_i_11_q0        |   in|   64|   ap_stable|  SubbandBand0TopQ610_ap_int_const_ap_int_const_ap_int_const_ap_int_const_ap_i_11|         array|
|SubbandBand0TopQ610_ap_int_const_ap_int_const_ap_int_const_ap_int_const_ap_i_13_address0  |  out|   10|   ap_stable|  SubbandBand0TopQ610_ap_int_const_ap_int_const_ap_int_const_ap_int_const_ap_i_13|         array|
|SubbandBand0TopQ610_ap_int_const_ap_int_const_ap_int_const_ap_int_const_ap_i_13_ce0       |  out|    1|   ap_stable|  SubbandBand0TopQ610_ap_int_const_ap_int_const_ap_int_const_ap_int_const_ap_i_13|         array|
|SubbandBand0TopQ610_ap_int_const_ap_int_const_ap_int_const_ap_int_const_ap_i_13_q0        |   in|  512|   ap_stable|  SubbandBand0TopQ610_ap_int_const_ap_int_const_ap_int_const_ap_int_const_ap_i_13|         array|
+------------------------------------------------------------------------------------------+-----+-----+------------+---------------------------------------------------------------------------------+--------------+

