

================================================================
== Vitis HLS Report for 'p_anonymous_namespace_RunGSUGatePhaseBand0Q610_Pipeline_VITIS_LOOP_1887_1'
================================================================
* Date:           Wed May 13 19:58:47 2026

* Version:        2023.2 (Build 4023990 on Oct 11 2023)
* Project:        subband_q610_zybo_z7_20_hls
* Solution:       solution1 (Vivado IP Flow Target)
* Product family: zynq
* Target device:  xc7z020-clg400-1


================================================================
== Performance Estimates
================================================================
+ Timing: 
    * Summary: 
    +--------+----------+----------+------------+
    |  Clock |  Target  | Estimated| Uncertainty|
    +--------+----------+----------+------------+
    |ap_clk  |  10.00 ns|  8.563 ns|     2.70 ns|
    +--------+----------+----------+------------+

+ Latency: 
    * Summary: 
    +---------+---------+----------+----------+-----+-----+---------+
    |  Latency (cycles) |  Latency (absolute) |  Interval | Pipeline|
    |   min   |   max   |    min   |    max   | min | max |   Type  |
    +---------+---------+----------+----------+-----+-----+---------+
    |      134|      134|  1.340 us|  1.340 us|  134|  134|       no|
    +---------+---------+----------+----------+-----+-----+---------+

    + Detail: 
        * Instance: 
        N/A

        * Loop: 
        +---------------------+---------+---------+----------+-----------+-----------+------+----------+
        |                     |  Latency (cycles) | Iteration|  Initiation Interval  | Trip |          |
        |      Loop Name      |   min   |   max   |  Latency |  achieved |   target  | Count| Pipelined|
        +---------------------+---------+---------+----------+-----------+-----------+------+----------+
        |- VITIS_LOOP_1887_1  |      132|      132|        22|          1|          1|   112|       yes|
        +---------------------+---------+---------+----------+-----------+-----------+------+----------+



================================================================
== Utilization Estimates
================================================================
* Summary: 
+-----------------+---------+-----+--------+-------+-----+
|       Name      | BRAM_18K| DSP |   FF   |  LUT  | URAM|
+-----------------+---------+-----+--------+-------+-----+
|DSP              |        -|    -|       -|      -|    -|
|Expression       |        -|    -|       0|   4465|    -|
|FIFO             |        -|    -|       -|      -|    -|
|Instance         |        -|    6|       0|   1554|    -|
|Memory           |        0|    -|      72|      7|    -|
|Multiplexer      |        -|    -|       -|    119|    -|
|Register         |        -|    -|    2818|    480|    -|
+-----------------+---------+-----+--------+-------+-----+
|Total            |        0|    6|    2890|   6625|    0|
+-----------------+---------+-----+--------+-------+-----+
|Available        |      280|  220|  106400|  53200|    0|
+-----------------+---------+-----+--------+-------+-----+
|Utilization (%)  |        0|    2|       2|     12|    0|
+-----------------+---------+-----+--------+-------+-----+

+ Detail: 
    * Instance: 
    +------------------------------+------------------------+---------+----+---+-----+-----+
    |           Instance           |         Module         | BRAM_18K| DSP| FF| LUT | URAM|
    +------------------------------+------------------------+---------+----+---+-----+-----+
    |mul_14s_11s_25_1_1_U2112      |mul_14s_11s_25_1_1      |        0|   0|  0|  218|    0|
    |mul_14s_11s_25_1_1_U2113      |mul_14s_11s_25_1_1      |        0|   0|  0|  218|    0|
    |mul_16s_16s_32_3_1_U2114      |mul_16s_16s_32_3_1      |        0|   1|  0|    0|    0|
    |mul_16s_16s_32_3_1_U2115      |mul_16s_16s_32_3_1      |        0|   1|  0|    0|    0|
    |mul_16s_16s_32_3_1_U2116      |mul_16s_16s_32_3_1      |        0|   1|  0|    0|    0|
    |mul_16s_16s_32_3_1_U2117      |mul_16s_16s_32_3_1      |        0|   1|  0|    0|    0|
    |mul_16s_16s_32_3_1_U2118      |mul_16s_16s_32_3_1      |        0|   1|  0|    0|    0|
    |mul_16s_16s_32_3_1_U2119      |mul_16s_16s_32_3_1      |        0|   1|  0|    0|    0|
    |sparsemux_225_8_16_1_1_U2110  |sparsemux_225_8_16_1_1  |        0|   0|  0|  559|    0|
    |sparsemux_225_8_16_1_1_U2111  |sparsemux_225_8_16_1_1  |        0|   0|  0|  559|    0|
    +------------------------------+------------------------+---------+----+---+-----+-----+
    |Total                         |                        |        0|   6|  0| 1554|    0|
    +------------------------------+------------------------+---------+----+---+-----+-----+

    * DSP: 
    N/A

    * Memory: 
    +----------------------------------------------------------+----------------------------------------------------------------------------------+---------+----+----+-----+------+-----+------+-------------+
    |                          Memory                          |                                      Module                                      | BRAM_18K| FF | LUT| URAM| Words| Bits| Banks| W*Bits*Banks|
    +----------------------------------------------------------+----------------------------------------------------------------------------------+---------+----+----+-----+------+-----+------+-------------+
    |subband_q610_anonymous_namespace_kSigmoidPwlKnotsQ610_U   |p_anonymous_namespace_RunGSUGatePhaseBand0Q610_Pipeline_VITIS_LOOP_1887_1_subbkb  |        0|  28|   4|    0|    17|   14|     1|          238|
    |subband_q610_anonymous_namespace_kSigmoidPwlValuesQ610_U  |p_anonymous_namespace_RunGSUGatePhaseBand0Q610_Pipeline_VITIS_LOOP_1887_1_subcud  |        0|  44|   3|    0|    17|   11|     1|          187|
    +----------------------------------------------------------+----------------------------------------------------------------------------------+---------+----+----+-----+------+-----+------+-------------+
    |Total                                                     |                                                                                  |        0|  72|   7|    0|    34|   25|     2|          425|
    +----------------------------------------------------------+----------------------------------------------------------------------------------+---------+----+----+-----+------+-----+------+-------------+

    * FIFO: 
    N/A

    * Expression: 
    +------------------------------------+----------+----+---+----+------------+------------+
    |            Variable Name           | Operation| DSP| FF| LUT| Bitwidth P0| Bitwidth P1|
    +------------------------------------+----------+----+---+----+------------+------------+
    |add_ln1680_1_fu_4158_p2             |         +|   0|  0|  12|          11|           2|
    |add_ln1680_fu_4083_p2               |         +|   0|  0|  12|          11|           2|
    |add_ln1682_2_fu_4015_p2             |         +|   0|  0|  14|          13|          13|
    |add_ln1682_fu_3910_p2               |         +|   0|  0|  14|          13|          13|
    |add_ln1684_2_fu_4041_p2             |         +|   0|  0|  17|          14|          14|
    |add_ln1684_fu_3936_p2               |         +|   0|  0|  17|          14|          14|
    |add_ln1689_1_fu_4200_p2             |         +|   0|  0|  13|           5|           1|
    |add_ln1689_fu_4125_p2               |         +|   0|  0|  13|           5|           1|
    |add_ln1697_1_fu_4368_p2             |         +|   0|  0|  31|          24|          24|
    |add_ln1697_3_fu_4331_p2             |         +|   0|  0|  13|           4|           2|
    |add_ln1697_4_fu_4389_p2             |         +|   0|  0|  31|          24|          24|
    |add_ln1697_fu_4285_p2               |         +|   0|  0|  13|           4|           2|
    |add_ln171_1_fu_4558_p2              |         +|   0|  0|  55|          48|          10|
    |add_ln171_2_fu_4926_p2              |         +|   0|  0|  39|          32|          10|
    |add_ln171_3_fu_5065_p2              |         +|   0|  0|  39|          32|          10|
    |add_ln171_4_fu_5468_p2              |         +|   0|  0|  39|          32|          10|
    |add_ln171_5_fu_3647_p2              |         +|   0|  0|  55|          48|          10|
    |add_ln171_6_fu_4690_p2              |         +|   0|  0|  55|          48|          10|
    |add_ln171_7_fu_4966_p2              |         +|   0|  0|  39|          32|          10|
    |add_ln171_8_fu_5164_p2              |         +|   0|  0|  39|          32|          10|
    |add_ln171_9_fu_5508_p2              |         +|   0|  0|  39|          32|          10|
    |add_ln171_fu_3611_p2                |         +|   0|  0|  55|          48|          10|
    |add_ln182_2_fu_5665_p2              |         +|   0|  0|  23|          16|          16|
    |add_ln182_4_fu_5380_p2              |         +|   0|  0|  23|          16|          16|
    |add_ln182_6_fu_5699_p2              |         +|   0|  0|  23|          16|          16|
    |add_ln182_fu_5320_p2                |         +|   0|  0|  23|          16|          16|
    |add_ln1887_fu_3534_p2               |         +|   0|  0|  15|           8|           2|
    |add_ln1896_fu_4350_p2               |         +|   0|  0|  15|           8|           7|
    |add_ln1913_1_fu_5759_p2             |         +|   0|  0|  13|          10|          10|
    |add_ln1913_fu_5749_p2               |         +|   0|  0|  13|          10|          10|
    |add_ln1914_1_fu_5739_p2             |         +|   0|  0|  13|          10|          10|
    |add_ln1914_fu_5729_p2               |         +|   0|  0|  13|          10|          10|
    |cell_q20_1_fu_4493_p2               |         +|   0|  0|  55|          48|          48|
    |cell_q20_fu_4416_p2                 |         +|   0|  0|  55|          48|          48|
    |forget_q20_2_fu_3597_p2             |         +|   0|  0|  55|          48|          48|
    |forget_q20_fu_3561_p2               |         +|   0|  0|  55|          48|          48|
    |interpolated_q610_1_fu_4509_p2      |         +|   0|  0|  23|          16|          16|
    |interpolated_q610_fu_4432_p2        |         +|   0|  0|  23|          16|          16|
    |segment_index_1_fu_3956_p2          |         +|   0|  0|  13|           5|           4|
    |segment_index_4_fu_4035_p2          |         +|   0|  0|  13|           5|           4|
    |segment_index_5_fu_4061_p2          |         +|   0|  0|  13|           5|           4|
    |segment_index_fu_3930_p2            |         +|   0|  0|  13|           5|           4|
    |value_3_fu_5324_p2                  |         +|   0|  0|  24|          17|          17|
    |value_4_fu_5670_p2                  |         +|   0|  0|  24|          17|          17|
    |value_7_fu_5384_p2                  |         +|   0|  0|  24|          17|          17|
    |value_8_fu_5704_p2                  |         +|   0|  0|  24|          17|          17|
    |abs_input_q610_2_fu_3873_p2         |         -|   0|  0|  14|           1|          13|
    |abs_input_q610_3_fu_3978_p2         |         -|   0|  0|  14|           1|          13|
    |delta_y_q610_1_fu_4244_p2           |         -|   0|  0|  12|          11|          11|
    |delta_y_q610_fu_4233_p2             |         -|   0|  0|  12|          11|          11|
    |offset_x_q610_1_fu_4250_p2          |         -|   0|  0|  17|          14|          14|
    |offset_x_q610_fu_4239_p2            |         -|   0|  0|  17|          14|          14|
    |sub_ln173_10_fu_5540_p2             |         -|   0|  0|  29|           1|          22|
    |sub_ln173_11_fu_3662_p2             |         -|   0|  0|  55|          10|          48|
    |sub_ln173_12_fu_3677_p2             |         -|   0|  0|  45|           1|          38|
    |sub_ln173_13_fu_4709_p2             |         -|   0|  0|  55|          10|          48|
    |sub_ln173_14_fu_4724_p2             |         -|   0|  0|  45|           1|          38|
    |sub_ln173_15_fu_4982_p2             |         -|   0|  0|  39|          10|          32|
    |sub_ln173_16_fu_5097_p2             |         -|   0|  0|  29|           1|          22|
    |sub_ln173_17_fu_5180_p2             |         -|   0|  0|  39|          10|          32|
    |sub_ln173_18_fu_5255_p2             |         -|   0|  0|  29|           1|          22|
    |sub_ln173_19_fu_5524_p2             |         -|   0|  0|  39|          10|          32|
    |sub_ln173_20_fu_5599_p2             |         -|   0|  0|  29|           1|          22|
    |sub_ln173_2_fu_3641_p2              |         -|   0|  0|  45|           1|          38|
    |sub_ln173_3_fu_4577_p2              |         -|   0|  0|  55|          10|          48|
    |sub_ln173_4_fu_4592_p2              |         -|   0|  0|  45|           1|          38|
    |sub_ln173_5_fu_4942_p2              |         -|   0|  0|  39|          10|          32|
    |sub_ln173_6_fu_4998_p2              |         -|   0|  0|  29|           1|          22|
    |sub_ln173_7_fu_5081_p2              |         -|   0|  0|  39|          10|          32|
    |sub_ln173_8_fu_5196_p2              |         -|   0|  0|  29|           1|          22|
    |sub_ln173_9_fu_5484_p2              |         -|   0|  0|  39|          10|          32|
    |sub_ln173_fu_3626_p2                |         -|   0|  0|  55|          10|          48|
    |value_2_fu_4623_p2                  |         -|   0|  0|  24|          11|          17|
    |value_5_fu_4518_p2                  |         -|   0|  0|  24|          11|          17|
    |value_6_fu_4755_p2                  |         -|   0|  0|  24|          11|          17|
    |value_fu_4441_p2                    |         -|   0|  0|  24|          11|          17|
    |and_ln1679_1_fu_4182_p2             |       and|   0|  0|   2|           1|           1|
    |and_ln1679_fu_4107_p2               |       and|   0|  0|   2|           1|           1|
    |ap_block_pp0_stage0_11001           |       and|   0|  0|   2|           1|           1|
    |ap_block_state2_pp0_stage0_iter1    |       and|   0|  0|   2|           1|           1|
    |ap_condition_1117                   |       and|   0|  0|   2|           1|           1|
    |ap_condition_1157                   |       and|   0|  0|   2|           1|           1|
    |ap_condition_1160                   |       and|   0|  0|   2|           1|           1|
    |ap_condition_1179                   |       and|   0|  0|   2|           1|           1|
    |ap_condition_1199                   |       and|   0|  0|   2|           1|           1|
    |ap_condition_1202                   |       and|   0|  0|   2|           1|           1|
    |ashr_ln1697_1_fu_4394_p2            |      ashr|   0|  0|  67|          24|          24|
    |ashr_ln1697_fu_4373_p2              |      ashr|   0|  0|  67|          24|          24|
    |icmp_ln155_10_fu_4870_p2            |      icmp|   0|  0|  31|          24|           1|
    |icmp_ln155_11_fu_4534_p2            |      icmp|   0|  0|  10|           2|           1|
    |icmp_ln155_12_fu_4771_p2            |      icmp|   0|  0|  10|           2|           1|
    |icmp_ln155_13_fu_5118_p2            |      icmp|   0|  0|  14|           7|           1|
    |icmp_ln155_14_fu_5276_p2            |      icmp|   0|  0|  14|           7|           1|
    |icmp_ln155_15_fu_5400_p2            |      icmp|   0|  0|  10|           2|           1|
    |icmp_ln155_16_fu_5620_p2            |      icmp|   0|  0|  14|           7|           1|
    |icmp_ln155_17_fu_5720_p2            |      icmp|   0|  0|  10|           2|           1|
    |icmp_ln155_1_fu_4822_p2             |      icmp|   0|  0|  31|          24|           1|
    |icmp_ln155_2_fu_4457_p2             |      icmp|   0|  0|  10|           2|           1|
    |icmp_ln155_3_fu_4639_p2             |      icmp|   0|  0|  10|           2|           1|
    |icmp_ln155_4_fu_5019_p2             |      icmp|   0|  0|  14|           7|           1|
    |icmp_ln155_5_fu_5217_p2             |      icmp|   0|  0|  14|           7|           1|
    |icmp_ln155_6_fu_5340_p2             |      icmp|   0|  0|  10|           2|           1|
    |icmp_ln155_7_fu_5561_p2             |      icmp|   0|  0|  14|           7|           1|
    |icmp_ln155_8_fu_5686_p2             |      icmp|   0|  0|  10|           2|           1|
    |icmp_ln155_9_fu_3801_p2             |      icmp|   0|  0|  31|          24|           1|
    |icmp_ln155_fu_3706_p2               |      icmp|   0|  0|  31|          24|           1|
    |icmp_ln158_10_fu_5025_p2            |      icmp|   0|  0|  29|          22|          17|
    |icmp_ln158_11_fu_5223_p2            |      icmp|   0|  0|  29|          22|          17|
    |icmp_ln158_12_fu_5567_p2            |      icmp|   0|  0|  29|          22|          17|
    |icmp_ln158_13_fu_3807_p2            |      icmp|   0|  0|  46|          39|          17|
    |icmp_ln158_14_fu_4875_p2            |      icmp|   0|  0|  46|          39|          17|
    |icmp_ln158_15_fu_5124_p2            |      icmp|   0|  0|  29|          22|          17|
    |icmp_ln158_16_fu_5282_p2            |      icmp|   0|  0|  29|          22|          17|
    |icmp_ln158_17_fu_5626_p2            |      icmp|   0|  0|  29|          22|          17|
    |icmp_ln158_1_fu_4645_p2             |      icmp|   0|  0|  24|          17|          17|
    |icmp_ln158_2_fu_5346_p2             |      icmp|   0|  0|  24|          17|          17|
    |icmp_ln158_3_fu_5769_p2             |      icmp|   0|  0|  24|          17|          17|
    |icmp_ln158_4_fu_4540_p2             |      icmp|   0|  0|  24|          17|          17|
    |icmp_ln158_5_fu_4777_p2             |      icmp|   0|  0|  24|          17|          17|
    |icmp_ln158_6_fu_5406_p2             |      icmp|   0|  0|  24|          17|          17|
    |icmp_ln158_7_fu_5812_p2             |      icmp|   0|  0|  24|          17|          17|
    |icmp_ln158_8_fu_3712_p2             |      icmp|   0|  0|  46|          39|          17|
    |icmp_ln158_9_fu_4827_p2             |      icmp|   0|  0|  46|          39|          17|
    |icmp_ln158_fu_4463_p2               |      icmp|   0|  0|  24|          17|          17|
    |icmp_ln1662_1_fu_3853_p2            |      icmp|   0|  0|  11|           3|           1|
    |icmp_ln1662_fu_3758_p2              |      icmp|   0|  0|  11|           3|           1|
    |icmp_ln1665_1_fu_3859_p2            |      icmp|   0|  0|  23|          16|          14|
    |icmp_ln1665_fu_3764_p2              |      icmp|   0|  0|  23|          16|          14|
    |icmp_ln1677_1_fu_3997_p2            |      icmp|   0|  0|  14|          13|           9|
    |icmp_ln1677_fu_3892_p2              |      icmp|   0|  0|  14|          13|           9|
    |icmp_ln1679_1_fu_4003_p2            |      icmp|   0|  0|  14|          13|          12|
    |icmp_ln1679_fu_3898_p2              |      icmp|   0|  0|  14|          13|          12|
    |icmp_ln1681_1_fu_4009_p2            |      icmp|   0|  0|  14|          13|          13|
    |icmp_ln1681_fu_3904_p2              |      icmp|   0|  0|  14|          13|          13|
    |icmp_ln1690_1_fu_4152_p2            |      icmp|   0|  0|  13|           5|           4|
    |icmp_ln1690_2_fu_4221_p2            |      icmp|   0|  0|  10|           2|           1|
    |icmp_ln1690_3_fu_4227_p2            |      icmp|   0|  0|  13|           5|           4|
    |icmp_ln1690_fu_4146_p2              |      icmp|   0|  0|  10|           2|           1|
    |icmp_ln1887_fu_2600_p2              |      icmp|   0|  0|  15|           8|           7|
    |or_ln155_10_fu_5585_p2              |        or|   0|  0|   2|           1|           1|
    |or_ln155_11_fu_3825_p2              |        or|   0|  0|   2|           1|           1|
    |or_ln155_12_fu_4891_p2              |        or|   0|  0|   2|           1|           1|
    |or_ln155_13_fu_5142_p2              |        or|   0|  0|   2|           1|           1|
    |or_ln155_14_fu_5300_p2              |        or|   0|  0|   2|           1|           1|
    |or_ln155_15_fu_5644_p2              |        or|   0|  0|   2|           1|           1|
    |or_ln155_1_fu_5360_p2               |        or|   0|  0|   2|           1|           1|
    |or_ln155_2_fu_5781_p2               |        or|   0|  0|   2|           1|           1|
    |or_ln155_3_fu_4795_p2               |        or|   0|  0|   2|           1|           1|
    |or_ln155_4_fu_5420_p2               |        or|   0|  0|   2|           1|           1|
    |or_ln155_5_fu_5824_p2               |        or|   0|  0|   2|           1|           1|
    |or_ln155_6_fu_3730_p2               |        or|   0|  0|   2|           1|           1|
    |or_ln155_7_fu_4843_p2               |        or|   0|  0|   2|           1|           1|
    |or_ln155_8_fu_5043_p2               |        or|   0|  0|   2|           1|           1|
    |or_ln155_9_fu_5241_p2               |        or|   0|  0|   2|           1|           1|
    |or_ln155_fu_4663_p2                 |        or|   0|  0|   2|           1|           1|
    |abs_input_q610_5_fu_3983_p3         |    select|   0|  0|  13|           1|          13|
    |abs_input_q610_fu_3878_p3           |    select|   0|  0|  13|           1|          13|
    |cy_q610_1_fu_5366_p3                |    select|   0|  0|  16|           1|          16|
    |cy_q610_fu_5426_p3                  |    select|   0|  0|  16|           1|          16|
    |forget_preact_q610_1_fu_3736_p3     |    select|   0|  0|  16|           1|          16|
    |forget_preact_q610_fu_3831_p3       |    select|   0|  0|  16|           1|          16|
    |hy_q610_1_fu_5845_p3                |    select|   0|  0|  12|           1|           1|
    |hy_q610_fu_5802_p3                  |    select|   0|  0|  12|           1|           1|
    |injected_q610_1_fu_5247_p3          |    select|   0|  0|  16|           1|          16|
    |injected_q610_fu_5306_p3            |    select|   0|  0|  16|           1|          16|
    |input_value_1_fu_5829_p3            |    select|   0|  0|  16|           1|          16|
    |input_value_fu_5786_p3              |    select|   0|  0|  16|           1|          16|
    |one_minus_forget_q610_1_fu_4669_p3  |    select|   0|  0|  16|           1|          16|
    |one_minus_forget_q610_fu_4801_p3    |    select|   0|  0|  16|           1|          16|
    |retained_q610_1_fu_5049_p3          |    select|   0|  0|  16|           1|          16|
    |retained_q610_fu_5148_p3            |    select|   0|  0|  16|           1|          16|
    |rhs_198_fu_4849_p3                  |    select|   0|  0|  16|           1|          16|
    |rhs_205_fu_4897_p3                  |    select|   0|  0|  16|           1|          16|
    |scaled_q610_1_fu_5591_p3            |    select|   0|  0|  16|           1|          16|
    |scaled_q610_fu_5650_p3              |    select|   0|  0|  16|           1|          16|
    |segment_index_2_fu_3962_p3          |    select|   0|  0|   5|           1|           5|
    |segment_index_3_fu_4112_p3          |    select|   0|  0|   5|           1|           5|
    |segment_index_6_fu_4067_p3          |    select|   0|  0|   5|           1|           5|
    |segment_index_7_fu_4187_p3          |    select|   0|  0|   5|           1|           5|
    |select_ln155_11_fu_5817_p3          |    select|   0|  0|  17|           1|          15|
    |select_ln155_12_fu_5035_p3          |    select|   0|  0|  17|           1|          15|
    |select_ln155_14_fu_5233_p3          |    select|   0|  0|  17|           1|          15|
    |select_ln155_17_fu_5577_p3          |    select|   0|  0|  17|           1|          15|
    |select_ln155_20_fu_3817_p3          |    select|   0|  0|  17|           1|          15|
    |select_ln155_22_fu_4883_p3          |    select|   0|  0|  17|           1|          15|
    |select_ln155_25_fu_5134_p3          |    select|   0|  0|  17|           1|          15|
    |select_ln155_27_fu_5292_p3          |    select|   0|  0|  17|           1|          15|
    |select_ln155_2_fu_3722_p3           |    select|   0|  0|  17|           1|          15|
    |select_ln155_30_fu_5636_p3          |    select|   0|  0|  17|           1|          15|
    |select_ln155_3_fu_5352_p3           |    select|   0|  0|  17|           1|          15|
    |select_ln155_5_fu_5774_p3           |    select|   0|  0|  17|           1|          15|
    |select_ln155_6_fu_4835_p3           |    select|   0|  0|  17|           1|          15|
    |select_ln155_7_fu_4787_p3           |    select|   0|  0|  17|           1|          15|
    |select_ln155_9_fu_5412_p3           |    select|   0|  0|  17|           1|          15|
    |select_ln155_fu_4655_p3             |    select|   0|  0|  17|           1|          15|
    |select_ln158_1_fu_4550_p3           |    select|   0|  0|  17|           1|          17|
    |select_ln158_fu_4473_p3             |    select|   0|  0|  17|           1|          17|
    |select_ln1677_1_fu_4075_p3          |    select|   0|  0|   5|           1|           1|
    |select_ln1677_fu_3970_p3            |    select|   0|  0|   5|           1|           1|
    |select_ln1690_2_fu_4301_p3          |    select|   0|  0|   5|           1|           5|
    |select_ln1690_fu_4255_p3            |    select|   0|  0|   5|           1|           5|
    |select_ln170_1_fu_4602_p3           |    select|   0|  0|  39|           1|          39|
    |select_ln170_2_fu_5003_p3           |    select|   0|  0|  22|           1|          22|
    |select_ln170_3_fu_5201_p3           |    select|   0|  0|  22|           1|          22|
    |select_ln170_4_fu_5545_p3           |    select|   0|  0|  22|           1|          22|
    |select_ln170_5_fu_3784_p3           |    select|   0|  0|  39|           1|          39|
    |select_ln170_6_fu_4734_p3           |    select|   0|  0|  39|           1|          39|
    |select_ln170_7_fu_5102_p3           |    select|   0|  0|  22|           1|          22|
    |select_ln170_8_fu_5260_p3           |    select|   0|  0|  22|           1|          22|
    |select_ln170_9_fu_5604_p3           |    select|   0|  0|  22|           1|          22|
    |select_ln170_fu_3689_p3             |    select|   0|  0|  39|           1|          39|
    |shift_bits_1_fu_4308_p3             |    select|   0|  0|   4|           1|           4|
    |shift_bits_fu_4262_p3               |    select|   0|  0|   4|           1|           4|
    |shl_ln1697_1_fu_4341_p2             |       shl|   0|  0|  21|           1|          10|
    |shl_ln1697_fu_4295_p2               |       shl|   0|  0|  21|           1|          10|
    |ap_enable_pp0                       |       xor|   0|  0|   2|           1|           2|
    |xor_ln1677_1_fu_4177_p2             |       xor|   0|  0|   2|           1|           2|
    |xor_ln1677_fu_4102_p2               |       xor|   0|  0|   2|           1|           2|
    +------------------------------------+----------+----+---+----+------------+------------+
    |Total                               |          |   0|  0|4465|        2017|        2870|
    +------------------------------------+----------+----+---+----+------------+------------+

    * Multiplexer: 
    +---------------------------------------------------+----+-----------+-----+-----------+
    |                        Name                       | LUT| Input Size| Bits| Total Bits|
    +---------------------------------------------------+----+-----------+-----+-----------+
    |ap_done_int                                        |   9|          2|    1|          2|
    |ap_enable_reg_pp0_iter1                            |   9|          2|    1|          2|
    |ap_phi_mux_forget_gate_q610_1_phi_fu_2557_p10      |  14|          3|   16|         48|
    |ap_phi_mux_forget_gate_q610_phi_fu_2577_p10        |  14|          3|   16|         48|
    |ap_phi_reg_pp0_iter10_forget_gate_q610_1_reg_2552  |   9|          2|   16|         32|
    |ap_phi_reg_pp0_iter10_forget_gate_q610_reg_2572    |   9|          2|   16|         32|
    |ap_phi_reg_pp0_iter5_forget_gate_q610_1_reg_2552   |  14|          3|   16|         48|
    |ap_phi_reg_pp0_iter5_forget_gate_q610_reg_2572     |  14|          3|   16|         48|
    |ap_sig_allocacmp_hidden_base                       |   9|          2|    8|         16|
    |common_sum_stream_blk_n                            |   9|          2|    1|          2|
    |hidden_index_fu_920                                |   9|          2|    8|         16|
    +---------------------------------------------------+----+-----------+-----+-----------+
    |Total                                              | 119|         26|  115|        294|
    +---------------------------------------------------+----+-----------+-----+-----------+

    * Register: 
    +---------------------------------------------------+----+----+-----+-----------+
    |                        Name                       | FF | LUT| Bits| Const Bits|
    +---------------------------------------------------+----+----+-----+-----------+
    |add_ln182_2_reg_6490                               |  16|   0|   16|          0|
    |add_ln182_6_reg_6506                               |  16|   0|   16|          0|
    |ap_CS_fsm                                          |   1|   0|    1|          0|
    |ap_done_reg                                        |   1|   0|    1|          0|
    |ap_enable_reg_pp0_iter1                            |   1|   0|    1|          0|
    |ap_enable_reg_pp0_iter10                           |   1|   0|    1|          0|
    |ap_enable_reg_pp0_iter11                           |   1|   0|    1|          0|
    |ap_enable_reg_pp0_iter12                           |   1|   0|    1|          0|
    |ap_enable_reg_pp0_iter13                           |   1|   0|    1|          0|
    |ap_enable_reg_pp0_iter14                           |   1|   0|    1|          0|
    |ap_enable_reg_pp0_iter15                           |   1|   0|    1|          0|
    |ap_enable_reg_pp0_iter16                           |   1|   0|    1|          0|
    |ap_enable_reg_pp0_iter17                           |   1|   0|    1|          0|
    |ap_enable_reg_pp0_iter18                           |   1|   0|    1|          0|
    |ap_enable_reg_pp0_iter19                           |   1|   0|    1|          0|
    |ap_enable_reg_pp0_iter2                            |   1|   0|    1|          0|
    |ap_enable_reg_pp0_iter20                           |   1|   0|    1|          0|
    |ap_enable_reg_pp0_iter21                           |   1|   0|    1|          0|
    |ap_enable_reg_pp0_iter3                            |   1|   0|    1|          0|
    |ap_enable_reg_pp0_iter4                            |   1|   0|    1|          0|
    |ap_enable_reg_pp0_iter5                            |   1|   0|    1|          0|
    |ap_enable_reg_pp0_iter6                            |   1|   0|    1|          0|
    |ap_enable_reg_pp0_iter7                            |   1|   0|    1|          0|
    |ap_enable_reg_pp0_iter8                            |   1|   0|    1|          0|
    |ap_enable_reg_pp0_iter9                            |   1|   0|    1|          0|
    |ap_loop_exit_ready_pp0_iter10_reg                  |   1|   0|    1|          0|
    |ap_loop_exit_ready_pp0_iter11_reg                  |   1|   0|    1|          0|
    |ap_loop_exit_ready_pp0_iter12_reg                  |   1|   0|    1|          0|
    |ap_loop_exit_ready_pp0_iter13_reg                  |   1|   0|    1|          0|
    |ap_loop_exit_ready_pp0_iter14_reg                  |   1|   0|    1|          0|
    |ap_loop_exit_ready_pp0_iter15_reg                  |   1|   0|    1|          0|
    |ap_loop_exit_ready_pp0_iter16_reg                  |   1|   0|    1|          0|
    |ap_loop_exit_ready_pp0_iter17_reg                  |   1|   0|    1|          0|
    |ap_loop_exit_ready_pp0_iter18_reg                  |   1|   0|    1|          0|
    |ap_loop_exit_ready_pp0_iter19_reg                  |   1|   0|    1|          0|
    |ap_loop_exit_ready_pp0_iter1_reg                   |   1|   0|    1|          0|
    |ap_loop_exit_ready_pp0_iter20_reg                  |   1|   0|    1|          0|
    |ap_loop_exit_ready_pp0_iter2_reg                   |   1|   0|    1|          0|
    |ap_loop_exit_ready_pp0_iter3_reg                   |   1|   0|    1|          0|
    |ap_loop_exit_ready_pp0_iter4_reg                   |   1|   0|    1|          0|
    |ap_loop_exit_ready_pp0_iter5_reg                   |   1|   0|    1|          0|
    |ap_loop_exit_ready_pp0_iter6_reg                   |   1|   0|    1|          0|
    |ap_loop_exit_ready_pp0_iter7_reg                   |   1|   0|    1|          0|
    |ap_loop_exit_ready_pp0_iter8_reg                   |   1|   0|    1|          0|
    |ap_loop_exit_ready_pp0_iter9_reg                   |   1|   0|    1|          0|
    |ap_phi_reg_pp0_iter10_forget_gate_q610_1_reg_2552  |  16|   0|   16|          0|
    |ap_phi_reg_pp0_iter10_forget_gate_q610_reg_2572    |  16|   0|   16|          0|
    |ap_phi_reg_pp0_iter1_forget_gate_q610_1_reg_2552   |  16|   0|   16|          0|
    |ap_phi_reg_pp0_iter1_forget_gate_q610_reg_2572     |  16|   0|   16|          0|
    |ap_phi_reg_pp0_iter2_forget_gate_q610_1_reg_2552   |  16|   0|   16|          0|
    |ap_phi_reg_pp0_iter2_forget_gate_q610_reg_2572     |  16|   0|   16|          0|
    |ap_phi_reg_pp0_iter3_forget_gate_q610_1_reg_2552   |  16|   0|   16|          0|
    |ap_phi_reg_pp0_iter3_forget_gate_q610_reg_2572     |  16|   0|   16|          0|
    |ap_phi_reg_pp0_iter4_forget_gate_q610_1_reg_2552   |  16|   0|   16|          0|
    |ap_phi_reg_pp0_iter4_forget_gate_q610_reg_2572     |  16|   0|   16|          0|
    |ap_phi_reg_pp0_iter5_forget_gate_q610_1_reg_2552   |  16|   0|   16|          0|
    |ap_phi_reg_pp0_iter5_forget_gate_q610_reg_2572     |  16|   0|   16|          0|
    |ap_phi_reg_pp0_iter6_forget_gate_q610_1_reg_2552   |  16|   0|   16|          0|
    |ap_phi_reg_pp0_iter6_forget_gate_q610_reg_2572     |  16|   0|   16|          0|
    |ap_phi_reg_pp0_iter7_forget_gate_q610_1_reg_2552   |  16|   0|   16|          0|
    |ap_phi_reg_pp0_iter7_forget_gate_q610_reg_2572     |  16|   0|   16|          0|
    |ap_phi_reg_pp0_iter8_forget_gate_q610_1_reg_2552   |  16|   0|   16|          0|
    |ap_phi_reg_pp0_iter8_forget_gate_q610_reg_2572     |  16|   0|   16|          0|
    |ap_phi_reg_pp0_iter9_forget_gate_q610_1_reg_2552   |  16|   0|   16|          0|
    |ap_phi_reg_pp0_iter9_forget_gate_q610_reg_2572     |  16|   0|   16|          0|
    |cell_q20_1_reg_6217                                |  48|   0|   48|          0|
    |cell_q20_reg_6192                                  |  48|   0|   48|          0|
    |common_q20_3_reg_5938                              |  48|   0|   48|          0|
    |common_q20_reg_5922                                |  48|   0|   48|          0|
    |cy_q610_1_reg_6398                                 |  16|   0|   16|          0|
    |cy_q610_reg_6408                                   |  16|   0|   16|          0|
    |delta_y_q610_1_reg_6132                            |  11|   0|   11|          0|
    |delta_y_q610_reg_6117                              |  11|   0|   11|          0|
    |forget_q20_2_reg_5943                              |  48|   0|   48|          0|
    |forget_q20_reg_5927                                |  48|   0|   48|          0|
    |hidden_index_fu_920                                |   8|   0|    8|          0|
    |icmp_ln155_11_reg_6233                             |   1|   0|    1|          0|
    |icmp_ln155_17_reg_6516                             |   1|   0|    1|          0|
    |icmp_ln155_2_reg_6208                              |   1|   0|    1|          0|
    |icmp_ln155_8_reg_6500                              |   1|   0|    1|          0|
    |icmp_ln1662_1_reg_5999                             |   1|   0|    1|          0|
    |icmp_ln1662_reg_5980                               |   1|   0|    1|          0|
    |icmp_ln1665_1_reg_6003                             |   1|   0|    1|          0|
    |icmp_ln1665_reg_5984                               |   1|   0|    1|          0|
    |icmp_ln1677_1_reg_6047                             |   1|   0|    1|          0|
    |icmp_ln1677_reg_6022                               |   1|   0|    1|          0|
    |icmp_ln1679_1_reg_6052                             |   1|   0|    1|          0|
    |icmp_ln1679_reg_6027                               |   1|   0|    1|          0|
    |icmp_ln1690_1_reg_6082                             |   1|   0|    1|          0|
    |icmp_ln1690_1_reg_6082_pp0_iter6_reg               |   1|   0|    1|          0|
    |icmp_ln1690_2_reg_6102                             |   1|   0|    1|          0|
    |icmp_ln1690_2_reg_6102_pp0_iter6_reg               |   1|   0|    1|          0|
    |icmp_ln1690_3_reg_6107                             |   1|   0|    1|          0|
    |icmp_ln1690_3_reg_6107_pp0_iter6_reg               |   1|   0|    1|          0|
    |icmp_ln1690_reg_6077                               |   1|   0|    1|          0|
    |icmp_ln1690_reg_6077_pp0_iter6_reg                 |   1|   0|    1|          0|
    |icmp_ln1887_reg_5882                               |   1|   0|    1|          0|
    |injected_q610_1_reg_6386                           |  16|   0|   16|          0|
    |injected_q610_reg_6392                             |  16|   0|   16|          0|
    |is_negative_1_reg_6007                             |   1|   0|    1|          0|
    |is_negative_reg_5988                               |   1|   0|    1|          0|
    |lshr_ln_reg_5886                                   |   7|   0|    7|          0|
    |offset_x_q610_1_reg_6137                           |  14|   0|   14|          0|
    |offset_x_q610_reg_6122                             |  14|   0|   14|          0|
    |one_minus_forget_q610_1_reg_6253                   |  16|   0|   16|          0|
    |one_minus_forget_q610_reg_6279                     |  16|   0|   16|          0|
    |retained_q610_1_reg_6344                           |  16|   0|   16|          0|
    |retained_q610_1_reg_6344_pp0_iter14_reg            |  16|   0|   16|          0|
    |retained_q610_reg_6365                             |  16|   0|   16|          0|
    |retained_q610_reg_6365_pp0_iter14_reg              |  16|   0|   16|          0|
    |rhs_197_reg_5912                                   |  16|   0|   16|          0|
    |rhs_204_reg_5917                                   |  16|   0|   16|          0|
    |scaled_q610_1_reg_6468                             |  16|   0|   16|          0|
    |scaled_q610_reg_6479                               |  16|   0|   16|          0|
    |select_ln158_1_reg_6237                            |  16|   0|   16|          0|
    |select_ln158_reg_6212                              |  16|   0|   16|          0|
    |select_ln1677_1_reg_6057                           |   5|   0|    5|          0|
    |select_ln1677_reg_6032                             |   5|   0|    5|          0|
    |select_ln170_1_reg_6242                            |  39|   0|   39|          0|
    |select_ln170_6_reg_6268                            |  39|   0|   39|          0|
    |shift_bits_1_reg_6157                              |   2|   0|    4|          2|
    |shift_bits_reg_6142                                |   2|   0|    4|          2|
    |shl_ln1697_1_reg_6167                              |  10|   0|   10|          0|
    |shl_ln1697_reg_6152                                |  10|   0|   10|          0|
    |sub_ln173_12_reg_5969                              |  38|   0|   38|          0|
    |sub_ln173_2_reg_5959                               |  38|   0|   38|          0|
    |tmp_12_reg_6314                                    |   1|   0|    1|          0|
    |tmp_14_reg_6350                                    |   1|   0|    1|          0|
    |tmp_17_reg_6438                                    |   1|   0|    1|          0|
    |tmp_21_reg_5949                                    |   1|   0|    1|          0|
    |tmp_21_reg_5949_pp0_iter2_reg                      |   1|   0|    1|          0|
    |tmp_23_reg_6223                                    |   1|   0|    1|          0|
    |tmp_25_reg_6274                                    |  24|   0|   24|          0|
    |tmp_33_reg_6329                                    |   1|   0|    1|          0|
    |tmp_35_reg_6371                                    |   1|   0|    1|          0|
    |tmp_38_reg_6453                                    |   1|   0|    1|          0|
    |tmp_5_reg_6198                                     |   1|   0|    1|          0|
    |tmp_6_reg_6248                                     |  24|   0|   24|          0|
    |tmp_8_reg_5964                                     |  38|   0|   38|          0|
    |tmp_reg_5933                                       |   1|   0|    1|          0|
    |tmp_reg_5933_pp0_iter2_reg                         |   1|   0|    1|          0|
    |tmp_s_reg_5954                                     |  38|   0|   38|          0|
    |trunc_ln1675_1_reg_6037                            |  11|   0|   11|          0|
    |trunc_ln1675_reg_6012                              |  11|   0|   11|          0|
    |trunc_ln1694_1_reg_6162                            |  24|   0|   24|          0|
    |trunc_ln1694_reg_6147                              |  24|   0|   24|          0|
    |trunc_ln1697_1_reg_6187                            |  16|   0|   16|          0|
    |trunc_ln1697_reg_6182                              |  16|   0|   16|          0|
    |trunc_ln171_2_reg_6319                             |  22|   0|   22|          0|
    |trunc_ln171_3_reg_6355                             |  22|   0|   22|          0|
    |trunc_ln171_4_reg_6443                             |  22|   0|   22|          0|
    |trunc_ln171_7_reg_6334                             |  22|   0|   22|          0|
    |trunc_ln171_8_reg_6376                             |  22|   0|   22|          0|
    |trunc_ln171_9_reg_6458                             |  22|   0|   22|          0|
    |trunc_ln173_2_reg_6324                             |  22|   0|   22|          0|
    |trunc_ln173_3_reg_6360                             |  22|   0|   22|          0|
    |trunc_ln173_4_reg_6448                             |  22|   0|   22|          0|
    |trunc_ln173_7_reg_6339                             |  22|   0|   22|          0|
    |trunc_ln173_8_reg_6381                             |  22|   0|   22|          0|
    |trunc_ln173_9_reg_6463                             |  22|   0|   22|          0|
    |trunc_ln1898_1_reg_5993                            |  13|   0|   13|          0|
    |trunc_ln1898_reg_5974                              |  13|   0|   13|          0|
    |value_4_reg_6495                                   |  17|   0|   17|          0|
    |value_8_reg_6511                                   |  17|   0|   17|          0|
    |y0_q610_1_reg_6127                                 |  11|   0|   11|          0|
    |y0_q610_reg_6112                                   |  11|   0|   11|          0|
    |zext_ln1675_1_reg_6042                             |  13|   0|   14|          1|
    |zext_ln1675_1_reg_6042_pp0_iter5_reg               |  13|   0|   14|          1|
    |zext_ln1675_reg_6017                               |  13|   0|   14|          1|
    |zext_ln1675_reg_6017_pp0_iter5_reg                 |  13|   0|   14|          1|
    |zext_ln1895_reg_5892                               |   7|   0|   32|         25|
    |common_q20_3_reg_5938                              |  64|  32|   48|          0|
    |common_q20_reg_5922                                |  64|  32|   48|          0|
    |icmp_ln1662_1_reg_5999                             |  64|  32|    1|          0|
    |icmp_ln1662_reg_5980                               |  64|  32|    1|          0|
    |icmp_ln1665_1_reg_6003                             |  64|  32|    1|          0|
    |icmp_ln1665_reg_5984                               |  64|  32|    1|          0|
    |icmp_ln1887_reg_5882                               |  64|  32|    1|          0|
    |is_negative_1_reg_6007                             |  64|  32|    1|          0|
    |is_negative_reg_5988                               |  64|  32|    1|          0|
    |lshr_ln_reg_5886                                   |  64|  32|    7|          0|
    |rhs_197_reg_5912                                   |  64|  32|   16|          0|
    |rhs_204_reg_5917                                   |  64|  32|   16|          0|
    |y0_q610_1_reg_6127                                 |  64|  32|   11|          0|
    |y0_q610_reg_6112                                   |  64|  32|   11|          0|
    |zext_ln1895_reg_5892                               |  64|  32|   32|         25|
    +---------------------------------------------------+----+----+-----+-----------+
    |Total                                              |2818| 480| 2087|         58|
    +---------------------------------------------------+----+----+-----+-----------+



================================================================
== Interface
================================================================
* Summary: 
+---------------------------+-----+-----+------------+--------------------------------------------------------------------------+--------------+
|         RTL Ports         | Dir | Bits|  Protocol  |                               Source Object                              |    C Type    |
+---------------------------+-----+-----+------------+--------------------------------------------------------------------------+--------------+
|ap_clk                     |   in|    1|  ap_ctrl_hs|  (anonymous namespace)RunGSUGatePhaseBand0Q610_Pipeline_VITIS_LOOP_1887_1|  return value|
|ap_rst                     |   in|    1|  ap_ctrl_hs|  (anonymous namespace)RunGSUGatePhaseBand0Q610_Pipeline_VITIS_LOOP_1887_1|  return value|
|ap_start                   |   in|    1|  ap_ctrl_hs|  (anonymous namespace)RunGSUGatePhaseBand0Q610_Pipeline_VITIS_LOOP_1887_1|  return value|
|ap_done                    |  out|    1|  ap_ctrl_hs|  (anonymous namespace)RunGSUGatePhaseBand0Q610_Pipeline_VITIS_LOOP_1887_1|  return value|
|ap_idle                    |  out|    1|  ap_ctrl_hs|  (anonymous namespace)RunGSUGatePhaseBand0Q610_Pipeline_VITIS_LOOP_1887_1|  return value|
|ap_ready                   |  out|    1|  ap_ctrl_hs|  (anonymous namespace)RunGSUGatePhaseBand0Q610_Pipeline_VITIS_LOOP_1887_1|  return value|
|common_sum_stream_dout     |   in|   96|     ap_fifo|                                                         common_sum_stream|       pointer|
|common_sum_stream_empty_n  |   in|    1|     ap_fifo|                                                         common_sum_stream|       pointer|
|common_sum_stream_read     |  out|    1|     ap_fifo|                                                         common_sum_stream|       pointer|
|prev_cx_q610_1_val         |   in|   16|     ap_none|                                                        prev_cx_q610_1_val|        scalar|
|prev_cx_q610_3_val         |   in|   16|     ap_none|                                                        prev_cx_q610_3_val|        scalar|
|prev_cx_q610_5_val         |   in|   16|     ap_none|                                                        prev_cx_q610_5_val|        scalar|
|prev_cx_q610_7_val         |   in|   16|     ap_none|                                                        prev_cx_q610_7_val|        scalar|
|prev_cx_q610_9_val         |   in|   16|     ap_none|                                                        prev_cx_q610_9_val|        scalar|
|prev_cx_q610_11_val        |   in|   16|     ap_none|                                                       prev_cx_q610_11_val|        scalar|
|prev_cx_q610_13_val        |   in|   16|     ap_none|                                                       prev_cx_q610_13_val|        scalar|
|prev_cx_q610_15_val        |   in|   16|     ap_none|                                                       prev_cx_q610_15_val|        scalar|
|prev_cx_q610_17_val        |   in|   16|     ap_none|                                                       prev_cx_q610_17_val|        scalar|
|prev_cx_q610_19_val        |   in|   16|     ap_none|                                                       prev_cx_q610_19_val|        scalar|
|prev_cx_q610_21_val        |   in|   16|     ap_none|                                                       prev_cx_q610_21_val|        scalar|
|prev_cx_q610_23_val        |   in|   16|     ap_none|                                                       prev_cx_q610_23_val|        scalar|
|prev_cx_q610_25_val        |   in|   16|     ap_none|                                                       prev_cx_q610_25_val|        scalar|
|prev_cx_q610_27_val        |   in|   16|     ap_none|                                                       prev_cx_q610_27_val|        scalar|
|prev_cx_q610_29_val        |   in|   16|     ap_none|                                                       prev_cx_q610_29_val|        scalar|
|prev_cx_q610_31_val        |   in|   16|     ap_none|                                                       prev_cx_q610_31_val|        scalar|
|prev_cx_q610_33_val        |   in|   16|     ap_none|                                                       prev_cx_q610_33_val|        scalar|
|prev_cx_q610_35_val        |   in|   16|     ap_none|                                                       prev_cx_q610_35_val|        scalar|
|prev_cx_q610_37_val        |   in|   16|     ap_none|                                                       prev_cx_q610_37_val|        scalar|
|prev_cx_q610_39_val        |   in|   16|     ap_none|                                                       prev_cx_q610_39_val|        scalar|
|prev_cx_q610_41_val        |   in|   16|     ap_none|                                                       prev_cx_q610_41_val|        scalar|
|prev_cx_q610_43_val        |   in|   16|     ap_none|                                                       prev_cx_q610_43_val|        scalar|
|prev_cx_q610_45_val        |   in|   16|     ap_none|                                                       prev_cx_q610_45_val|        scalar|
|prev_cx_q610_47_val        |   in|   16|     ap_none|                                                       prev_cx_q610_47_val|        scalar|
|prev_cx_q610_49_val        |   in|   16|     ap_none|                                                       prev_cx_q610_49_val|        scalar|
|prev_cx_q610_51_val        |   in|   16|     ap_none|                                                       prev_cx_q610_51_val|        scalar|
|prev_cx_q610_53_val        |   in|   16|     ap_none|                                                       prev_cx_q610_53_val|        scalar|
|prev_cx_q610_55_val        |   in|   16|     ap_none|                                                       prev_cx_q610_55_val|        scalar|
|prev_cx_q610_57_val        |   in|   16|     ap_none|                                                       prev_cx_q610_57_val|        scalar|
|prev_cx_q610_59_val        |   in|   16|     ap_none|                                                       prev_cx_q610_59_val|        scalar|
|prev_cx_q610_61_val        |   in|   16|     ap_none|                                                       prev_cx_q610_61_val|        scalar|
|prev_cx_q610_63_val        |   in|   16|     ap_none|                                                       prev_cx_q610_63_val|        scalar|
|prev_cx_q610_65_val        |   in|   16|     ap_none|                                                       prev_cx_q610_65_val|        scalar|
|prev_cx_q610_67_val        |   in|   16|     ap_none|                                                       prev_cx_q610_67_val|        scalar|
|prev_cx_q610_69_val        |   in|   16|     ap_none|                                                       prev_cx_q610_69_val|        scalar|
|prev_cx_q610_71_val        |   in|   16|     ap_none|                                                       prev_cx_q610_71_val|        scalar|
|prev_cx_q610_73_val        |   in|   16|     ap_none|                                                       prev_cx_q610_73_val|        scalar|
|prev_cx_q610_75_val        |   in|   16|     ap_none|                                                       prev_cx_q610_75_val|        scalar|
|prev_cx_q610_77_val        |   in|   16|     ap_none|                                                       prev_cx_q610_77_val|        scalar|
|prev_cx_q610_79_val        |   in|   16|     ap_none|                                                       prev_cx_q610_79_val|        scalar|
|prev_cx_q610_81_val        |   in|   16|     ap_none|                                                       prev_cx_q610_81_val|        scalar|
|prev_cx_q610_83_val        |   in|   16|     ap_none|                                                       prev_cx_q610_83_val|        scalar|
|prev_cx_q610_85_val        |   in|   16|     ap_none|                                                       prev_cx_q610_85_val|        scalar|
|prev_cx_q610_87_val        |   in|   16|     ap_none|                                                       prev_cx_q610_87_val|        scalar|
|prev_cx_q610_89_val        |   in|   16|     ap_none|                                                       prev_cx_q610_89_val|        scalar|
|prev_cx_q610_91_val        |   in|   16|     ap_none|                                                       prev_cx_q610_91_val|        scalar|
|prev_cx_q610_93_val        |   in|   16|     ap_none|                                                       prev_cx_q610_93_val|        scalar|
|prev_cx_q610_95_val        |   in|   16|     ap_none|                                                       prev_cx_q610_95_val|        scalar|
|prev_cx_q610_97_val        |   in|   16|     ap_none|                                                       prev_cx_q610_97_val|        scalar|
|prev_cx_q610_99_val        |   in|   16|     ap_none|                                                       prev_cx_q610_99_val|        scalar|
|prev_cx_q610_101_val       |   in|   16|     ap_none|                                                      prev_cx_q610_101_val|        scalar|
|prev_cx_q610_103_val       |   in|   16|     ap_none|                                                      prev_cx_q610_103_val|        scalar|
|prev_cx_q610_105_val       |   in|   16|     ap_none|                                                      prev_cx_q610_105_val|        scalar|
|prev_cx_q610_107_val       |   in|   16|     ap_none|                                                      prev_cx_q610_107_val|        scalar|
|prev_cx_q610_109_val       |   in|   16|     ap_none|                                                      prev_cx_q610_109_val|        scalar|
|prev_cx_q610_111_val       |   in|   16|     ap_none|                                                      prev_cx_q610_111_val|        scalar|
|prev_cx_q610_113_val       |   in|   16|     ap_none|                                                      prev_cx_q610_113_val|        scalar|
|prev_cx_q610_115_val       |   in|   16|     ap_none|                                                      prev_cx_q610_115_val|        scalar|
|prev_cx_q610_117_val       |   in|   16|     ap_none|                                                      prev_cx_q610_117_val|        scalar|
|prev_cx_q610_119_val       |   in|   16|     ap_none|                                                      prev_cx_q610_119_val|        scalar|
|prev_cx_q610_121_val       |   in|   16|     ap_none|                                                      prev_cx_q610_121_val|        scalar|
|prev_cx_q610_123_val       |   in|   16|     ap_none|                                                      prev_cx_q610_123_val|        scalar|
|prev_cx_q610_125_val       |   in|   16|     ap_none|                                                      prev_cx_q610_125_val|        scalar|
|prev_cx_q610_127_val       |   in|   16|     ap_none|                                                      prev_cx_q610_127_val|        scalar|
|prev_cx_q610_129_val       |   in|   16|     ap_none|                                                      prev_cx_q610_129_val|        scalar|
|prev_cx_q610_131_val       |   in|   16|     ap_none|                                                      prev_cx_q610_131_val|        scalar|
|prev_cx_q610_133_val       |   in|   16|     ap_none|                                                      prev_cx_q610_133_val|        scalar|
|prev_cx_q610_135_val       |   in|   16|     ap_none|                                                      prev_cx_q610_135_val|        scalar|
|prev_cx_q610_137_val       |   in|   16|     ap_none|                                                      prev_cx_q610_137_val|        scalar|
|prev_cx_q610_139_val       |   in|   16|     ap_none|                                                      prev_cx_q610_139_val|        scalar|
|prev_cx_q610_141_val       |   in|   16|     ap_none|                                                      prev_cx_q610_141_val|        scalar|
|prev_cx_q610_143_val       |   in|   16|     ap_none|                                                      prev_cx_q610_143_val|        scalar|
|prev_cx_q610_145_val       |   in|   16|     ap_none|                                                      prev_cx_q610_145_val|        scalar|
|prev_cx_q610_147_val       |   in|   16|     ap_none|                                                      prev_cx_q610_147_val|        scalar|
|prev_cx_q610_149_val       |   in|   16|     ap_none|                                                      prev_cx_q610_149_val|        scalar|
|prev_cx_q610_151_val       |   in|   16|     ap_none|                                                      prev_cx_q610_151_val|        scalar|
|prev_cx_q610_153_val       |   in|   16|     ap_none|                                                      prev_cx_q610_153_val|        scalar|
|prev_cx_q610_155_val       |   in|   16|     ap_none|                                                      prev_cx_q610_155_val|        scalar|
|prev_cx_q610_157_val       |   in|   16|     ap_none|                                                      prev_cx_q610_157_val|        scalar|
|prev_cx_q610_159_val       |   in|   16|     ap_none|                                                      prev_cx_q610_159_val|        scalar|
|prev_cx_q610_161_val       |   in|   16|     ap_none|                                                      prev_cx_q610_161_val|        scalar|
|prev_cx_q610_163_val       |   in|   16|     ap_none|                                                      prev_cx_q610_163_val|        scalar|
|prev_cx_q610_165_val       |   in|   16|     ap_none|                                                      prev_cx_q610_165_val|        scalar|
|prev_cx_q610_167_val       |   in|   16|     ap_none|                                                      prev_cx_q610_167_val|        scalar|
|prev_cx_q610_169_val       |   in|   16|     ap_none|                                                      prev_cx_q610_169_val|        scalar|
|prev_cx_q610_171_val       |   in|   16|     ap_none|                                                      prev_cx_q610_171_val|        scalar|
|prev_cx_q610_173_val       |   in|   16|     ap_none|                                                      prev_cx_q610_173_val|        scalar|
|prev_cx_q610_175_val       |   in|   16|     ap_none|                                                      prev_cx_q610_175_val|        scalar|
|prev_cx_q610_177_val       |   in|   16|     ap_none|                                                      prev_cx_q610_177_val|        scalar|
|prev_cx_q610_179_val       |   in|   16|     ap_none|                                                      prev_cx_q610_179_val|        scalar|
|prev_cx_q610_181_val       |   in|   16|     ap_none|                                                      prev_cx_q610_181_val|        scalar|
|prev_cx_q610_183_val       |   in|   16|     ap_none|                                                      prev_cx_q610_183_val|        scalar|
|prev_cx_q610_185_val       |   in|   16|     ap_none|                                                      prev_cx_q610_185_val|        scalar|
|prev_cx_q610_187_val       |   in|   16|     ap_none|                                                      prev_cx_q610_187_val|        scalar|
|prev_cx_q610_189_val       |   in|   16|     ap_none|                                                      prev_cx_q610_189_val|        scalar|
|prev_cx_q610_191_val       |   in|   16|     ap_none|                                                      prev_cx_q610_191_val|        scalar|
|prev_cx_q610_193_val       |   in|   16|     ap_none|                                                      prev_cx_q610_193_val|        scalar|
|prev_cx_q610_195_val       |   in|   16|     ap_none|                                                      prev_cx_q610_195_val|        scalar|
|prev_cx_q610_197_val       |   in|   16|     ap_none|                                                      prev_cx_q610_197_val|        scalar|
|prev_cx_q610_199_val       |   in|   16|     ap_none|                                                      prev_cx_q610_199_val|        scalar|
|prev_cx_q610_201_val       |   in|   16|     ap_none|                                                      prev_cx_q610_201_val|        scalar|
|prev_cx_q610_203_val       |   in|   16|     ap_none|                                                      prev_cx_q610_203_val|        scalar|
|prev_cx_q610_205_val       |   in|   16|     ap_none|                                                      prev_cx_q610_205_val|        scalar|
|prev_cx_q610_207_val       |   in|   16|     ap_none|                                                      prev_cx_q610_207_val|        scalar|
|prev_cx_q610_209_val       |   in|   16|     ap_none|                                                      prev_cx_q610_209_val|        scalar|
|prev_cx_q610_211_val       |   in|   16|     ap_none|                                                      prev_cx_q610_211_val|        scalar|
|prev_cx_q610_213_val       |   in|   16|     ap_none|                                                      prev_cx_q610_213_val|        scalar|
|prev_cx_q610_215_val       |   in|   16|     ap_none|                                                      prev_cx_q610_215_val|        scalar|
|prev_cx_q610_217_val       |   in|   16|     ap_none|                                                      prev_cx_q610_217_val|        scalar|
|prev_cx_q610_219_val       |   in|   16|     ap_none|                                                      prev_cx_q610_219_val|        scalar|
|prev_cx_q610_221_val       |   in|   16|     ap_none|                                                      prev_cx_q610_221_val|        scalar|
|prev_cx_q610_223_val       |   in|   16|     ap_none|                                                      prev_cx_q610_223_val|        scalar|
|bn_mul_1_address0          |  out|    7|   ap_stable|                                                                  bn_mul_1|         array|
|bn_mul_1_ce0               |  out|    1|   ap_stable|                                                                  bn_mul_1|         array|
|bn_mul_1_q0                |   in|   16|   ap_stable|                                                                  bn_mul_1|         array|
|bn_add_1_address0          |  out|    7|   ap_stable|                                                                  bn_add_1|         array|
|bn_add_1_ce0               |  out|    1|   ap_stable|                                                                  bn_add_1|         array|
|bn_add_1_q0                |   in|   16|   ap_stable|                                                                  bn_add_1|         array|
|output_hy_q610_1_address0  |  out|    7|   ap_memory|                                                          output_hy_q610_1|         array|
|output_hy_q610_1_ce0       |  out|    1|   ap_memory|                                                          output_hy_q610_1|         array|
|output_hy_q610_1_we0       |  out|    1|   ap_memory|                                                          output_hy_q610_1|         array|
|output_hy_q610_1_d0        |  out|   11|   ap_memory|                                                          output_hy_q610_1|         array|
|prev_cx_q610_0_val         |   in|   16|     ap_none|                                                        prev_cx_q610_0_val|        scalar|
|prev_cx_q610_2_val         |   in|   16|     ap_none|                                                        prev_cx_q610_2_val|        scalar|
|prev_cx_q610_4_val         |   in|   16|     ap_none|                                                        prev_cx_q610_4_val|        scalar|
|prev_cx_q610_6_val         |   in|   16|     ap_none|                                                        prev_cx_q610_6_val|        scalar|
|prev_cx_q610_8_val         |   in|   16|     ap_none|                                                        prev_cx_q610_8_val|        scalar|
|prev_cx_q610_10_val        |   in|   16|     ap_none|                                                       prev_cx_q610_10_val|        scalar|
|prev_cx_q610_12_val        |   in|   16|     ap_none|                                                       prev_cx_q610_12_val|        scalar|
|prev_cx_q610_14_val        |   in|   16|     ap_none|                                                       prev_cx_q610_14_val|        scalar|
|prev_cx_q610_16_val        |   in|   16|     ap_none|                                                       prev_cx_q610_16_val|        scalar|
|prev_cx_q610_18_val        |   in|   16|     ap_none|                                                       prev_cx_q610_18_val|        scalar|
|prev_cx_q610_20_val        |   in|   16|     ap_none|                                                       prev_cx_q610_20_val|        scalar|
|prev_cx_q610_22_val        |   in|   16|     ap_none|                                                       prev_cx_q610_22_val|        scalar|
|prev_cx_q610_24_val        |   in|   16|     ap_none|                                                       prev_cx_q610_24_val|        scalar|
|prev_cx_q610_26_val        |   in|   16|     ap_none|                                                       prev_cx_q610_26_val|        scalar|
|prev_cx_q610_28_val        |   in|   16|     ap_none|                                                       prev_cx_q610_28_val|        scalar|
|prev_cx_q610_30_val        |   in|   16|     ap_none|                                                       prev_cx_q610_30_val|        scalar|
|prev_cx_q610_32_val        |   in|   16|     ap_none|                                                       prev_cx_q610_32_val|        scalar|
|prev_cx_q610_34_val        |   in|   16|     ap_none|                                                       prev_cx_q610_34_val|        scalar|
|prev_cx_q610_36_val        |   in|   16|     ap_none|                                                       prev_cx_q610_36_val|        scalar|
|prev_cx_q610_38_val        |   in|   16|     ap_none|                                                       prev_cx_q610_38_val|        scalar|
|prev_cx_q610_40_val        |   in|   16|     ap_none|                                                       prev_cx_q610_40_val|        scalar|
|prev_cx_q610_42_val        |   in|   16|     ap_none|                                                       prev_cx_q610_42_val|        scalar|
|prev_cx_q610_44_val        |   in|   16|     ap_none|                                                       prev_cx_q610_44_val|        scalar|
|prev_cx_q610_46_val        |   in|   16|     ap_none|                                                       prev_cx_q610_46_val|        scalar|
|prev_cx_q610_48_val        |   in|   16|     ap_none|                                                       prev_cx_q610_48_val|        scalar|
|prev_cx_q610_50_val        |   in|   16|     ap_none|                                                       prev_cx_q610_50_val|        scalar|
|prev_cx_q610_52_val        |   in|   16|     ap_none|                                                       prev_cx_q610_52_val|        scalar|
|prev_cx_q610_54_val        |   in|   16|     ap_none|                                                       prev_cx_q610_54_val|        scalar|
|prev_cx_q610_56_val        |   in|   16|     ap_none|                                                       prev_cx_q610_56_val|        scalar|
|prev_cx_q610_58_val        |   in|   16|     ap_none|                                                       prev_cx_q610_58_val|        scalar|
|prev_cx_q610_60_val        |   in|   16|     ap_none|                                                       prev_cx_q610_60_val|        scalar|
|prev_cx_q610_62_val        |   in|   16|     ap_none|                                                       prev_cx_q610_62_val|        scalar|
|prev_cx_q610_64_val        |   in|   16|     ap_none|                                                       prev_cx_q610_64_val|        scalar|
|prev_cx_q610_66_val        |   in|   16|     ap_none|                                                       prev_cx_q610_66_val|        scalar|
|prev_cx_q610_68_val        |   in|   16|     ap_none|                                                       prev_cx_q610_68_val|        scalar|
|prev_cx_q610_70_val        |   in|   16|     ap_none|                                                       prev_cx_q610_70_val|        scalar|
|prev_cx_q610_72_val        |   in|   16|     ap_none|                                                       prev_cx_q610_72_val|        scalar|
|prev_cx_q610_74_val        |   in|   16|     ap_none|                                                       prev_cx_q610_74_val|        scalar|
|prev_cx_q610_76_val        |   in|   16|     ap_none|                                                       prev_cx_q610_76_val|        scalar|
|prev_cx_q610_78_val        |   in|   16|     ap_none|                                                       prev_cx_q610_78_val|        scalar|
|prev_cx_q610_80_val        |   in|   16|     ap_none|                                                       prev_cx_q610_80_val|        scalar|
|prev_cx_q610_82_val        |   in|   16|     ap_none|                                                       prev_cx_q610_82_val|        scalar|
|prev_cx_q610_84_val        |   in|   16|     ap_none|                                                       prev_cx_q610_84_val|        scalar|
|prev_cx_q610_86_val        |   in|   16|     ap_none|                                                       prev_cx_q610_86_val|        scalar|
|prev_cx_q610_88_val        |   in|   16|     ap_none|                                                       prev_cx_q610_88_val|        scalar|
|prev_cx_q610_90_val        |   in|   16|     ap_none|                                                       prev_cx_q610_90_val|        scalar|
|prev_cx_q610_92_val        |   in|   16|     ap_none|                                                       prev_cx_q610_92_val|        scalar|
|prev_cx_q610_94_val        |   in|   16|     ap_none|                                                       prev_cx_q610_94_val|        scalar|
|prev_cx_q610_96_val        |   in|   16|     ap_none|                                                       prev_cx_q610_96_val|        scalar|
|prev_cx_q610_98_val        |   in|   16|     ap_none|                                                       prev_cx_q610_98_val|        scalar|
|prev_cx_q610_100_val       |   in|   16|     ap_none|                                                      prev_cx_q610_100_val|        scalar|
|prev_cx_q610_102_val       |   in|   16|     ap_none|                                                      prev_cx_q610_102_val|        scalar|
|prev_cx_q610_104_val       |   in|   16|     ap_none|                                                      prev_cx_q610_104_val|        scalar|
|prev_cx_q610_106_val       |   in|   16|     ap_none|                                                      prev_cx_q610_106_val|        scalar|
|prev_cx_q610_108_val       |   in|   16|     ap_none|                                                      prev_cx_q610_108_val|        scalar|
|prev_cx_q610_110_val       |   in|   16|     ap_none|                                                      prev_cx_q610_110_val|        scalar|
|prev_cx_q610_112_val       |   in|   16|     ap_none|                                                      prev_cx_q610_112_val|        scalar|
|prev_cx_q610_114_val       |   in|   16|     ap_none|                                                      prev_cx_q610_114_val|        scalar|
|prev_cx_q610_116_val       |   in|   16|     ap_none|                                                      prev_cx_q610_116_val|        scalar|
|prev_cx_q610_118_val       |   in|   16|     ap_none|                                                      prev_cx_q610_118_val|        scalar|
|prev_cx_q610_120_val       |   in|   16|     ap_none|                                                      prev_cx_q610_120_val|        scalar|
|prev_cx_q610_122_val       |   in|   16|     ap_none|                                                      prev_cx_q610_122_val|        scalar|
|prev_cx_q610_124_val       |   in|   16|     ap_none|                                                      prev_cx_q610_124_val|        scalar|
|prev_cx_q610_126_val       |   in|   16|     ap_none|                                                      prev_cx_q610_126_val|        scalar|
|prev_cx_q610_128_val       |   in|   16|     ap_none|                                                      prev_cx_q610_128_val|        scalar|
|prev_cx_q610_130_val       |   in|   16|     ap_none|                                                      prev_cx_q610_130_val|        scalar|
|prev_cx_q610_132_val       |   in|   16|     ap_none|                                                      prev_cx_q610_132_val|        scalar|
|prev_cx_q610_134_val       |   in|   16|     ap_none|                                                      prev_cx_q610_134_val|        scalar|
|prev_cx_q610_136_val       |   in|   16|     ap_none|                                                      prev_cx_q610_136_val|        scalar|
|prev_cx_q610_138_val       |   in|   16|     ap_none|                                                      prev_cx_q610_138_val|        scalar|
|prev_cx_q610_140_val       |   in|   16|     ap_none|                                                      prev_cx_q610_140_val|        scalar|
|prev_cx_q610_142_val       |   in|   16|     ap_none|                                                      prev_cx_q610_142_val|        scalar|
|prev_cx_q610_144_val       |   in|   16|     ap_none|                                                      prev_cx_q610_144_val|        scalar|
|prev_cx_q610_146_val       |   in|   16|     ap_none|                                                      prev_cx_q610_146_val|        scalar|
|prev_cx_q610_148_val       |   in|   16|     ap_none|                                                      prev_cx_q610_148_val|        scalar|
|prev_cx_q610_150_val       |   in|   16|     ap_none|                                                      prev_cx_q610_150_val|        scalar|
|prev_cx_q610_152_val       |   in|   16|     ap_none|                                                      prev_cx_q610_152_val|        scalar|
|prev_cx_q610_154_val       |   in|   16|     ap_none|                                                      prev_cx_q610_154_val|        scalar|
|prev_cx_q610_156_val       |   in|   16|     ap_none|                                                      prev_cx_q610_156_val|        scalar|
|prev_cx_q610_158_val       |   in|   16|     ap_none|                                                      prev_cx_q610_158_val|        scalar|
|prev_cx_q610_160_val       |   in|   16|     ap_none|                                                      prev_cx_q610_160_val|        scalar|
|prev_cx_q610_162_val       |   in|   16|     ap_none|                                                      prev_cx_q610_162_val|        scalar|
|prev_cx_q610_164_val       |   in|   16|     ap_none|                                                      prev_cx_q610_164_val|        scalar|
|prev_cx_q610_166_val       |   in|   16|     ap_none|                                                      prev_cx_q610_166_val|        scalar|
|prev_cx_q610_168_val       |   in|   16|     ap_none|                                                      prev_cx_q610_168_val|        scalar|
|prev_cx_q610_170_val       |   in|   16|     ap_none|                                                      prev_cx_q610_170_val|        scalar|
|prev_cx_q610_172_val       |   in|   16|     ap_none|                                                      prev_cx_q610_172_val|        scalar|
|prev_cx_q610_174_val       |   in|   16|     ap_none|                                                      prev_cx_q610_174_val|        scalar|
|prev_cx_q610_176_val       |   in|   16|     ap_none|                                                      prev_cx_q610_176_val|        scalar|
|prev_cx_q610_178_val       |   in|   16|     ap_none|                                                      prev_cx_q610_178_val|        scalar|
|prev_cx_q610_180_val       |   in|   16|     ap_none|                                                      prev_cx_q610_180_val|        scalar|
|prev_cx_q610_182_val       |   in|   16|     ap_none|                                                      prev_cx_q610_182_val|        scalar|
|prev_cx_q610_184_val       |   in|   16|     ap_none|                                                      prev_cx_q610_184_val|        scalar|
|prev_cx_q610_186_val       |   in|   16|     ap_none|                                                      prev_cx_q610_186_val|        scalar|
|prev_cx_q610_188_val       |   in|   16|     ap_none|                                                      prev_cx_q610_188_val|        scalar|
|prev_cx_q610_190_val       |   in|   16|     ap_none|                                                      prev_cx_q610_190_val|        scalar|
|prev_cx_q610_192_val       |   in|   16|     ap_none|                                                      prev_cx_q610_192_val|        scalar|
|prev_cx_q610_194_val       |   in|   16|     ap_none|                                                      prev_cx_q610_194_val|        scalar|
|prev_cx_q610_196_val       |   in|   16|     ap_none|                                                      prev_cx_q610_196_val|        scalar|
|prev_cx_q610_198_val       |   in|   16|     ap_none|                                                      prev_cx_q610_198_val|        scalar|
|prev_cx_q610_200_val       |   in|   16|     ap_none|                                                      prev_cx_q610_200_val|        scalar|
|prev_cx_q610_202_val       |   in|   16|     ap_none|                                                      prev_cx_q610_202_val|        scalar|
|prev_cx_q610_204_val       |   in|   16|     ap_none|                                                      prev_cx_q610_204_val|        scalar|
|prev_cx_q610_206_val       |   in|   16|     ap_none|                                                      prev_cx_q610_206_val|        scalar|
|prev_cx_q610_208_val       |   in|   16|     ap_none|                                                      prev_cx_q610_208_val|        scalar|
|prev_cx_q610_210_val       |   in|   16|     ap_none|                                                      prev_cx_q610_210_val|        scalar|
|prev_cx_q610_212_val       |   in|   16|     ap_none|                                                      prev_cx_q610_212_val|        scalar|
|prev_cx_q610_214_val       |   in|   16|     ap_none|                                                      prev_cx_q610_214_val|        scalar|
|prev_cx_q610_216_val       |   in|   16|     ap_none|                                                      prev_cx_q610_216_val|        scalar|
|prev_cx_q610_218_val       |   in|   16|     ap_none|                                                      prev_cx_q610_218_val|        scalar|
|prev_cx_q610_220_val       |   in|   16|     ap_none|                                                      prev_cx_q610_220_val|        scalar|
|prev_cx_q610_222_val       |   in|   16|     ap_none|                                                      prev_cx_q610_222_val|        scalar|
|bn_mul_0_address0          |  out|    7|   ap_stable|                                                                  bn_mul_0|         array|
|bn_mul_0_ce0               |  out|    1|   ap_stable|                                                                  bn_mul_0|         array|
|bn_mul_0_q0                |   in|   16|   ap_stable|                                                                  bn_mul_0|         array|
|bn_add_0_address0          |  out|    7|   ap_stable|                                                                  bn_add_0|         array|
|bn_add_0_ce0               |  out|    1|   ap_stable|                                                                  bn_add_0|         array|
|bn_add_0_q0                |   in|   16|   ap_stable|                                                                  bn_add_0|         array|
|output_hy_q610_0_address0  |  out|    7|   ap_memory|                                                          output_hy_q610_0|         array|
|output_hy_q610_0_ce0       |  out|    1|   ap_memory|                                                          output_hy_q610_0|         array|
|output_hy_q610_0_we0       |  out|    1|   ap_memory|                                                          output_hy_q610_0|         array|
|output_hy_q610_0_d0        |  out|   11|   ap_memory|                                                          output_hy_q610_0|         array|
|hx_state_q610_1_address0   |  out|   10|   ap_memory|                                                           hx_state_q610_1|         array|
|hx_state_q610_1_ce0        |  out|    1|   ap_memory|                                                           hx_state_q610_1|         array|
|hx_state_q610_1_we0        |  out|    1|   ap_memory|                                                           hx_state_q610_1|         array|
|hx_state_q610_1_d0         |  out|   11|   ap_memory|                                                           hx_state_q610_1|         array|
|sub_ln1914                 |   in|   10|     ap_none|                                                                sub_ln1914|        scalar|
|hx_state_q610_0_address0   |  out|   10|   ap_memory|                                                           hx_state_q610_0|         array|
|hx_state_q610_0_ce0        |  out|    1|   ap_memory|                                                           hx_state_q610_0|         array|
|hx_state_q610_0_we0        |  out|    1|   ap_memory|                                                           hx_state_q610_0|         array|
|hx_state_q610_0_d0         |  out|   11|   ap_memory|                                                           hx_state_q610_0|         array|
|sub_ln1914_1               |   in|   10|     ap_none|                                                              sub_ln1914_1|        scalar|
|cx_state_q610_1_address0   |  out|   10|   ap_memory|                                                           cx_state_q610_1|         array|
|cx_state_q610_1_ce0        |  out|    1|   ap_memory|                                                           cx_state_q610_1|         array|
|cx_state_q610_1_we0        |  out|    1|   ap_memory|                                                           cx_state_q610_1|         array|
|cx_state_q610_1_d0         |  out|   16|   ap_memory|                                                           cx_state_q610_1|         array|
|sub_ln1913                 |   in|   10|     ap_none|                                                                sub_ln1913|        scalar|
|cx_state_q610_0_address0   |  out|   10|   ap_memory|                                                           cx_state_q610_0|         array|
|cx_state_q610_0_ce0        |  out|    1|   ap_memory|                                                           cx_state_q610_0|         array|
|cx_state_q610_0_we0        |  out|    1|   ap_memory|                                                           cx_state_q610_0|         array|
|cx_state_q610_0_d0         |  out|   16|   ap_memory|                                                           cx_state_q610_0|         array|
|sub_ln1913_1               |   in|   10|     ap_none|                                                              sub_ln1913_1|        scalar|
|bias_ih_0_address0         |  out|    8|   ap_stable|                                                                 bias_ih_0|         array|
|bias_ih_0_ce0              |  out|    1|   ap_stable|                                                                 bias_ih_0|         array|
|bias_ih_0_q0               |   in|   16|   ap_stable|                                                                 bias_ih_0|         array|
|bias_ih_0_address1         |  out|    8|   ap_stable|                                                                 bias_ih_0|         array|
|bias_ih_0_ce1              |  out|    1|   ap_stable|                                                                 bias_ih_0|         array|
|bias_ih_0_q1               |   in|   16|   ap_stable|                                                                 bias_ih_0|         array|
|bias_ih_1_address0         |  out|    8|   ap_stable|                                                                 bias_ih_1|         array|
|bias_ih_1_ce0              |  out|    1|   ap_stable|                                                                 bias_ih_1|         array|
|bias_ih_1_q0               |   in|   16|   ap_stable|                                                                 bias_ih_1|         array|
|bias_ih_1_address1         |  out|    8|   ap_stable|                                                                 bias_ih_1|         array|
|bias_ih_1_ce1              |  out|    1|   ap_stable|                                                                 bias_ih_1|         array|
|bias_ih_1_q1               |   in|   16|   ap_stable|                                                                 bias_ih_1|         array|
+---------------------------+-----+-----+------------+--------------------------------------------------------------------------+--------------+

