

================================================================
== Vitis HLS Report for 'p_anonymous_namespace_RunProjectionStoreBand0StreamParallelQ610_Pipeline_VITIS_LO'
================================================================
* Date:           Wed May 13 19:58:57 2026

* Version:        2023.2 (Build 4023990 on Oct 11 2023)
* Project:        subband_q610_zybo_z7_20_hls
* Solution:       solution1 (Vivado IP Flow Target)
* Product family: zynq
* Target device:  xc7z020-clg400-1


================================================================
== Performance Estimates
================================================================
+ Timing: 
    * Summary: 
    +--------+----------+----------+------------+
    |  Clock |  Target  | Estimated| Uncertainty|
    +--------+----------+----------+------------+
    |ap_clk  |  10.00 ns|  8.733 ns|     2.70 ns|
    +--------+----------+----------+------------+

+ Latency: 
    * Summary: 
    +---------+---------+-----------+-----------+------+------+---------+
    |  Latency (cycles) |   Latency (absolute)  |   Interval  | Pipeline|
    |   min   |   max   |    min    |    max    |  min |  max |   Type  |
    +---------+---------+-----------+-----------+------+------+---------+
    |     2268|     2268|  22.680 us|  22.680 us|  2268|  2268|       no|
    +---------+---------+-----------+-----------+------+------+---------+

    + Detail: 
        * Instance: 
        N/A

        * Loop: 
        +---------------------------------------+---------+---------+----------+-----------+-----------+------+----------+
        |                                       |  Latency (cycles) | Iteration|  Initiation Interval  | Trip |          |
        |               Loop Name               |   min   |   max   |  Latency |  achieved |   target  | Count| Pipelined|
        +---------------------------------------+---------+---------+----------+-----------+-----------+------+----------+
        |- VITIS_LOOP_2077_3_VITIS_LOOP_2047_2  |     2266|     2266|        28|          1|          1|  2240|       yes|
        +---------------------------------------+---------+---------+----------+-----------+-----------+------+----------+



================================================================
== Utilization Estimates
================================================================
* Summary: 
+-----------------+---------+-----+--------+-------+-----+
|       Name      | BRAM_18K| DSP |   FF   |  LUT  | URAM|
+-----------------+---------+-----+--------+-------+-----+
|DSP              |        -|    5|       -|      -|    -|
|Expression       |        -|    -|       0|    790|    -|
|FIFO             |        -|    -|       -|      -|    -|
|Instance         |        -|    0|     229|   1172|    -|
|Memory           |        -|    -|       -|      -|    -|
|Multiplexer      |        -|    -|       -|    135|    -|
|Register         |        -|    -|    1228|    320|    -|
+-----------------+---------+-----+--------+-------+-----+
|Total            |        0|    5|    1457|   2417|    0|
+-----------------+---------+-----+--------+-------+-----+
|Available        |      280|  220|  106400|  53200|    0|
+-----------------+---------+-----+--------+-------+-----+
|Utilization (%)  |        0|    2|       1|      4|    0|
+-----------------+---------+-----+--------+-------+-----+

+ Detail: 
    * Instance: 
    +------------------------------+------------------------+---------+----+-----+-----+-----+
    |           Instance           |         Module         | BRAM_18K| DSP|  FF | LUT | URAM|
    +------------------------------+------------------------+---------+----+-----+-----+-----+
    |mul_5ns_7ns_11_1_1_U5580      |mul_5ns_7ns_11_1_1      |        0|   0|    0|   33|    0|
    |mul_6ns_8ns_13_1_1_U5581      |mul_6ns_8ns_13_1_1      |        0|   0|    0|   41|    0|
    |sparsemux_113_8_16_1_1_U5574  |sparsemux_113_8_16_1_1  |        0|   0|    0|  241|    0|
    |sparsemux_113_8_16_1_1_U5575  |sparsemux_113_8_16_1_1  |        0|   0|    0|  241|    0|
    |sparsemux_113_8_16_1_1_U5576  |sparsemux_113_8_16_1_1  |        0|   0|    0|  241|    0|
    |sparsemux_113_8_16_1_1_U5577  |sparsemux_113_8_16_1_1  |        0|   0|    0|  241|    0|
    |urem_5ns_4ns_3_9_1_U5579      |urem_5ns_4ns_3_9_1      |        0|   0|   99|   55|    0|
    |urem_6ns_6ns_5_10_1_U5578     |urem_6ns_6ns_5_10_1     |        0|   0|  130|   79|    0|
    +------------------------------+------------------------+---------+----+-----+-----+-----+
    |Total                         |                        |        0|   0|  229| 1172|    0|
    +------------------------------+------------------------+---------+----+-----+-----+-----+

    * DSP: 
    +---------------------------------------+---------------------------------+--------------+
    |                Instance               |              Module             |  Expression  |
    +---------------------------------------+---------------------------------+--------------+
    |mac_muladd_16s_16s_37s_37_3_1_U5582    |mac_muladd_16s_16s_37s_37_3_1    |  i0 * i1 + i2|
    |mac_muladd_16s_16s_37s_37_3_1_U5583    |mac_muladd_16s_16s_37s_37_3_1    |  i0 * i1 + i2|
    |mac_muladd_16s_16s_37s_37_3_1_U5584    |mac_muladd_16s_16s_37s_37_3_1    |  i0 * i1 + i2|
    |mac_muladd_16s_16s_37s_37_3_1_U5585    |mac_muladd_16s_16s_37s_37_3_1    |  i0 * i1 + i2|
    |mac_muladd_8ns_12ns_12ns_19_4_1_U5586  |mac_muladd_8ns_12ns_12ns_19_4_1  |  i0 * i1 + i2|
    +---------------------------------------+---------------------------------+--------------+

    * Memory: 
    N/A

    * FIFO: 
    N/A

    * Expression: 
    +------------------------------------+----------+----+---+----+------------+------------+
    |            Variable Name           | Operation| DSP| FF| LUT| Bitwidth P0| Bitwidth P1|
    +------------------------------------+----------+----+---+----+------------+------------+
    |add_ln171_fu_3535_p2                |         +|   0|  0|  46|          39|          10|
    |add_ln2047_fu_3208_p2               |         +|   0|  0|  15|           8|           3|
    |add_ln2052_fu_3297_p2               |         +|   0|  0|  12|          12|          12|
    |add_ln2077_1_fu_2230_p2             |         +|   0|  0|  12|          12|           1|
    |add_ln2077_fu_2242_p2               |         +|   0|  0|  14|           6|           1|
    |add_ln2079_fu_3480_p2               |         +|   0|  0|  45|          38|          38|
    |add_ln2087_1_fu_3575_p2             |         +|   0|  0|  27|          20|          20|
    |add_ln2087_fu_3593_p2               |         +|   0|  0|  39|          32|          32|
    |merged_freq_index_fu_3396_p2        |         +|   0|  0|  13|           5|           5|
    |sum_q20_fu_3521_p2                  |         +|   0|  0|  46|          39|          39|
    |total_q20_3_fu_3508_p2              |         +|   0|  0|  45|          38|          38|
    |total_q20_fu_3475_p2                |         +|   0|  0|  44|          37|          37|
    |sub_ln173_1_fu_3621_p2              |         -|   0|  0|  36|           1|          29|
    |sub_ln173_fu_3550_p2                |         -|   0|  0|  46|          10|          39|
    |sub_ln2052_fu_3288_p2               |         -|   0|  0|  12|          12|          12|
    |ap_block_pp0_stage0_01001           |       and|   0|  0|   2|           1|           1|
    |ap_block_state22_io                 |       and|   0|  0|   2|           1|           1|
    |ap_block_state23_io                 |       and|   0|  0|   2|           1|           1|
    |ap_block_state28_pp0_stage0_iter27  |       and|   0|  0|   2|           1|           1|
    |icmp_ln155_fu_3647_p2               |      icmp|   0|  0|  20|          15|           1|
    |icmp_ln158_fu_3653_p2               |      icmp|   0|  0|  37|          30|          17|
    |icmp_ln2047_1_fu_3214_p2            |      icmp|   0|  0|  15|           8|           7|
    |icmp_ln2047_fu_2248_p2              |      icmp|   0|  0|  15|           8|           7|
    |icmp_ln2077_fu_2224_p2              |      icmp|   0|  0|  12|          12|          12|
    |ap_block_pp0_stage0_11001           |        or|   0|  0|   2|           1|           1|
    |or_ln155_fu_3671_p2                 |        or|   0|  0|   2|           1|           1|
    |grp_fu_3220_p0                      |    select|   0|  0|   6|           1|           6|
    |grp_fu_3685_p2                      |    select|   0|  0|  37|           1|          37|
    |grp_fu_3695_p2                      |    select|   0|  0|  37|           1|          37|
    |grp_fu_3704_p2                      |    select|   0|  0|  37|           1|          37|
    |grp_fu_3714_p2                      |    select|   0|  0|  37|           1|          37|
    |select_ln155_fu_3663_p3             |    select|   0|  0|  17|           1|          15|
    |select_ln2077_fu_2254_p3            |    select|   0|  0|   8|           1|           8|
    |value_1_fu_3630_p3                  |    select|   0|  0|  30|           1|          30|
    |value_q610_fu_3677_p3               |    select|   0|  0|  16|           1|          16|
    |ap_enable_pp0                       |       xor|   0|  0|   2|           1|           2|
    +------------------------------------+----------+----+---+----+------------+------------+
    |Total                               |          |   0|  0| 790|         398|         591|
    +------------------------------------+----------+----+---+----+------------+------------+

    * Multiplexer: 
    +--------------------------------------+----+-----------+-----+-----------+
    |                 Name                 | LUT| Input Size| Bits| Total Bits|
    +--------------------------------------+----+-----------+-----+-----------+
    |ap_done_int                           |   9|          2|    1|          2|
    |ap_enable_reg_pp0_iter1               |   9|          2|    1|          2|
    |ap_sig_allocacmp_hidden_index_load    |   9|          2|    8|         16|
    |ap_sig_allocacmp_indvar_flatten_load  |   9|          2|   12|         24|
    |ap_sig_allocacmp_proj_index_load      |   9|          2|    6|         12|
    |empty_586_fu_754                      |   9|          2|   37|         74|
    |empty_587_fu_758                      |   9|          2|   37|         74|
    |empty_588_fu_762                      |   9|          2|   37|         74|
    |empty_fu_750                          |   9|          2|   37|         74|
    |gmem_out_blk_n_AW                     |   9|          2|    1|          2|
    |gmem_out_blk_n_B                      |   9|          2|    1|          2|
    |gmem_out_blk_n_W                      |   9|          2|    1|          2|
    |hidden_index_fu_766                   |   9|          2|    8|         16|
    |indvar_flatten_fu_774                 |   9|          2|   12|         24|
    |proj_index_fu_770                     |   9|          2|    6|         12|
    +--------------------------------------+----+-----------+-----+-----------+
    |Total                                 | 135|         30|  205|        410|
    +--------------------------------------+----+-----------+-----+-----------+

    * Register: 
    +-----------------------------------+----+----+-----+-----------+
    |                Name               | FF | LUT| Bits| Const Bits|
    +-----------------------------------+----+----+-----+-----------+
    |add_ln2052_1_reg_3917              |  37|   0|   37|          0|
    |add_ln2079_reg_3927                |  38|   0|   38|          0|
    |ap_CS_fsm                          |   1|   0|    1|          0|
    |ap_done_reg                        |   1|   0|    1|          0|
    |ap_enable_reg_pp0_iter1            |   1|   0|    1|          0|
    |ap_enable_reg_pp0_iter10           |   1|   0|    1|          0|
    |ap_enable_reg_pp0_iter11           |   1|   0|    1|          0|
    |ap_enable_reg_pp0_iter12           |   1|   0|    1|          0|
    |ap_enable_reg_pp0_iter13           |   1|   0|    1|          0|
    |ap_enable_reg_pp0_iter14           |   1|   0|    1|          0|
    |ap_enable_reg_pp0_iter15           |   1|   0|    1|          0|
    |ap_enable_reg_pp0_iter16           |   1|   0|    1|          0|
    |ap_enable_reg_pp0_iter17           |   1|   0|    1|          0|
    |ap_enable_reg_pp0_iter18           |   1|   0|    1|          0|
    |ap_enable_reg_pp0_iter19           |   1|   0|    1|          0|
    |ap_enable_reg_pp0_iter2            |   1|   0|    1|          0|
    |ap_enable_reg_pp0_iter20           |   1|   0|    1|          0|
    |ap_enable_reg_pp0_iter21           |   1|   0|    1|          0|
    |ap_enable_reg_pp0_iter22           |   1|   0|    1|          0|
    |ap_enable_reg_pp0_iter23           |   1|   0|    1|          0|
    |ap_enable_reg_pp0_iter24           |   1|   0|    1|          0|
    |ap_enable_reg_pp0_iter25           |   1|   0|    1|          0|
    |ap_enable_reg_pp0_iter26           |   1|   0|    1|          0|
    |ap_enable_reg_pp0_iter27           |   1|   0|    1|          0|
    |ap_enable_reg_pp0_iter3            |   1|   0|    1|          0|
    |ap_enable_reg_pp0_iter4            |   1|   0|    1|          0|
    |ap_enable_reg_pp0_iter5            |   1|   0|    1|          0|
    |ap_enable_reg_pp0_iter6            |   1|   0|    1|          0|
    |ap_enable_reg_pp0_iter7            |   1|   0|    1|          0|
    |ap_enable_reg_pp0_iter8            |   1|   0|    1|          0|
    |ap_enable_reg_pp0_iter9            |   1|   0|    1|          0|
    |ap_loop_exit_ready_pp0_iter10_reg  |   1|   0|    1|          0|
    |ap_loop_exit_ready_pp0_iter11_reg  |   1|   0|    1|          0|
    |ap_loop_exit_ready_pp0_iter12_reg  |   1|   0|    1|          0|
    |ap_loop_exit_ready_pp0_iter13_reg  |   1|   0|    1|          0|
    |ap_loop_exit_ready_pp0_iter14_reg  |   1|   0|    1|          0|
    |ap_loop_exit_ready_pp0_iter15_reg  |   1|   0|    1|          0|
    |ap_loop_exit_ready_pp0_iter16_reg  |   1|   0|    1|          0|
    |ap_loop_exit_ready_pp0_iter17_reg  |   1|   0|    1|          0|
    |ap_loop_exit_ready_pp0_iter18_reg  |   1|   0|    1|          0|
    |ap_loop_exit_ready_pp0_iter19_reg  |   1|   0|    1|          0|
    |ap_loop_exit_ready_pp0_iter1_reg   |   1|   0|    1|          0|
    |ap_loop_exit_ready_pp0_iter20_reg  |   1|   0|    1|          0|
    |ap_loop_exit_ready_pp0_iter21_reg  |   1|   0|    1|          0|
    |ap_loop_exit_ready_pp0_iter22_reg  |   1|   0|    1|          0|
    |ap_loop_exit_ready_pp0_iter23_reg  |   1|   0|    1|          0|
    |ap_loop_exit_ready_pp0_iter24_reg  |   1|   0|    1|          0|
    |ap_loop_exit_ready_pp0_iter25_reg  |   1|   0|    1|          0|
    |ap_loop_exit_ready_pp0_iter26_reg  |   1|   0|    1|          0|
    |ap_loop_exit_ready_pp0_iter2_reg   |   1|   0|    1|          0|
    |ap_loop_exit_ready_pp0_iter3_reg   |   1|   0|    1|          0|
    |ap_loop_exit_ready_pp0_iter4_reg   |   1|   0|    1|          0|
    |ap_loop_exit_ready_pp0_iter5_reg   |   1|   0|    1|          0|
    |ap_loop_exit_ready_pp0_iter6_reg   |   1|   0|    1|          0|
    |ap_loop_exit_ready_pp0_iter7_reg   |   1|   0|    1|          0|
    |ap_loop_exit_ready_pp0_iter8_reg   |   1|   0|    1|          0|
    |ap_loop_exit_ready_pp0_iter9_reg   |   1|   0|    1|          0|
    |empty_586_fu_754                   |  37|   0|   37|          0|
    |empty_587_fu_758                   |  37|   0|   37|          0|
    |empty_588_fu_762                   |  37|   0|   37|          0|
    |empty_fu_750                       |  37|   0|   37|          0|
    |gmem_out_addr_reg_3953             |  32|   0|   32|          0|
    |hidden_index_fu_766                |   8|   0|    8|          0|
    |icmp_ln2047_1_reg_3842             |   1|   0|    1|          0|
    |icmp_ln2047_reg_3800               |   1|   0|    1|          0|
    |indvar_flatten_fu_774              |  12|   0|   12|          0|
    |lhs_1_reg_3827                     |  16|   0|   16|          0|
    |lhs_2_reg_3832                     |  16|   0|   16|          0|
    |lhs_3_reg_3837                     |  16|   0|   16|          0|
    |lhs_reg_3822                       |  16|   0|   16|          0|
    |lshr_ln_reg_3817                   |   6|   0|    6|          0|
    |proj_index_fu_770                  |   6|   0|    6|          0|
    |select_ln2077_5_reg_3808           |   6|   0|    6|          0|
    |sum_q20_reg_3932                   |  39|   0|   39|          0|
    |tmp_2_reg_3907                     |   2|   0|    2|          0|
    |tmp_3_reg_3852                     |   3|   0|    3|          0|
    |tmp_reg_3938                       |   1|   0|    1|          0|
    |tmp_reg_3938_pp0_iter20_reg        |   1|   0|    1|          0|
    |tmp_s_reg_3943                     |  29|   0|   29|          0|
    |total_q20_reg_3922                 |  37|   0|   37|          0|
    |trunc_ln2083_reg_3846              |   5|   0|    5|          0|
    |trunc_ln_reg_3948                  |  29|   0|   29|          0|
    |value_q610_reg_3959                |  16|   0|   16|          0|
    |zext_ln2073_cast_reg_3791          |  12|   0|   19|          7|
    |icmp_ln2047_1_reg_3842             |  64|  32|    1|          0|
    |icmp_ln2047_reg_3800               |  64|  32|    1|          0|
    |lhs_1_reg_3827                     |  64|  32|   16|          0|
    |lhs_2_reg_3832                     |  64|  32|   16|          0|
    |lhs_3_reg_3837                     |  64|  32|   16|          0|
    |lhs_reg_3822                       |  64|  32|   16|          0|
    |lshr_ln_reg_3817                   |  64|  32|    6|          0|
    |select_ln2077_5_reg_3808           |  64|  32|    6|          0|
    |tmp_2_reg_3907                     |  64|  32|    2|          0|
    |tmp_3_reg_3852                     |  64|  32|    3|          0|
    +-----------------------------------+----+----+-----+-----------+
    |Total                              |1228| 320|  678|          7|
    +-----------------------------------+----+----+-----+-----------+



================================================================
== Interface
================================================================
* Summary: 
+---------------------------------------------------------------------------------------+-----+-----+------------+----------------------------------------------------------------------------------+--------------+
|                                       RTL Ports                                       | Dir | Bits|  Protocol  |                                   Source Object                                  |    C Type    |
+---------------------------------------------------------------------------------------+-----+-----+------------+----------------------------------------------------------------------------------+--------------+
|ap_clk                                                                                 |   in|    1|  ap_ctrl_hs|  (anonymous namespace)RunProjectionStoreBand0StreamParallelQ610_Pipeline_VITIS_LO|  return value|
|ap_rst                                                                                 |   in|    1|  ap_ctrl_hs|  (anonymous namespace)RunProjectionStoreBand0StreamParallelQ610_Pipeline_VITIS_LO|  return value|
|ap_start                                                                               |   in|    1|  ap_ctrl_hs|  (anonymous namespace)RunProjectionStoreBand0StreamParallelQ610_Pipeline_VITIS_LO|  return value|
|ap_done                                                                                |  out|    1|  ap_ctrl_hs|  (anonymous namespace)RunProjectionStoreBand0StreamParallelQ610_Pipeline_VITIS_LO|  return value|
|ap_idle                                                                                |  out|    1|  ap_ctrl_hs|  (anonymous namespace)RunProjectionStoreBand0StreamParallelQ610_Pipeline_VITIS_LO|  return value|
|ap_ready                                                                               |  out|    1|  ap_ctrl_hs|  (anonymous namespace)RunProjectionStoreBand0StreamParallelQ610_Pipeline_VITIS_LO|  return value|
|m_axi_gmem_out_AWVALID                                                                 |  out|    1|       m_axi|                                                                          gmem_out|       pointer|
|m_axi_gmem_out_AWREADY                                                                 |   in|    1|       m_axi|                                                                          gmem_out|       pointer|
|m_axi_gmem_out_AWADDR                                                                  |  out|   32|       m_axi|                                                                          gmem_out|       pointer|
|m_axi_gmem_out_AWID                                                                    |  out|    1|       m_axi|                                                                          gmem_out|       pointer|
|m_axi_gmem_out_AWLEN                                                                   |  out|   32|       m_axi|                                                                          gmem_out|       pointer|
|m_axi_gmem_out_AWSIZE                                                                  |  out|    3|       m_axi|                                                                          gmem_out|       pointer|
|m_axi_gmem_out_AWBURST                                                                 |  out|    2|       m_axi|                                                                          gmem_out|       pointer|
|m_axi_gmem_out_AWLOCK                                                                  |  out|    2|       m_axi|                                                                          gmem_out|       pointer|
|m_axi_gmem_out_AWCACHE                                                                 |  out|    4|       m_axi|                                                                          gmem_out|       pointer|
|m_axi_gmem_out_AWPROT                                                                  |  out|    3|       m_axi|                                                                          gmem_out|       pointer|
|m_axi_gmem_out_AWQOS                                                                   |  out|    4|       m_axi|                                                                          gmem_out|       pointer|
|m_axi_gmem_out_AWREGION                                                                |  out|    4|       m_axi|                                                                          gmem_out|       pointer|
|m_axi_gmem_out_AWUSER                                                                  |  out|    1|       m_axi|                                                                          gmem_out|       pointer|
|m_axi_gmem_out_WVALID                                                                  |  out|    1|       m_axi|                                                                          gmem_out|       pointer|
|m_axi_gmem_out_WREADY                                                                  |   in|    1|       m_axi|                                                                          gmem_out|       pointer|
|m_axi_gmem_out_WDATA                                                                   |  out|   16|       m_axi|                                                                          gmem_out|       pointer|
|m_axi_gmem_out_WSTRB                                                                   |  out|    2|       m_axi|                                                                          gmem_out|       pointer|
|m_axi_gmem_out_WLAST                                                                   |  out|    1|       m_axi|                                                                          gmem_out|       pointer|
|m_axi_gmem_out_WID                                                                     |  out|    1|       m_axi|                                                                          gmem_out|       pointer|
|m_axi_gmem_out_WUSER                                                                   |  out|    1|       m_axi|                                                                          gmem_out|       pointer|
|m_axi_gmem_out_ARVALID                                                                 |  out|    1|       m_axi|                                                                          gmem_out|       pointer|
|m_axi_gmem_out_ARREADY                                                                 |   in|    1|       m_axi|                                                                          gmem_out|       pointer|
|m_axi_gmem_out_ARADDR                                                                  |  out|   32|       m_axi|                                                                          gmem_out|       pointer|
|m_axi_gmem_out_ARID                                                                    |  out|    1|       m_axi|                                                                          gmem_out|       pointer|
|m_axi_gmem_out_ARLEN                                                                   |  out|   32|       m_axi|                                                                          gmem_out|       pointer|
|m_axi_gmem_out_ARSIZE                                                                  |  out|    3|       m_axi|                                                                          gmem_out|       pointer|
|m_axi_gmem_out_ARBURST                                                                 |  out|    2|       m_axi|                                                                          gmem_out|       pointer|
|m_axi_gmem_out_ARLOCK                                                                  |  out|    2|       m_axi|                                                                          gmem_out|       pointer|
|m_axi_gmem_out_ARCACHE                                                                 |  out|    4|       m_axi|                                                                          gmem_out|       pointer|
|m_axi_gmem_out_ARPROT                                                                  |  out|    3|       m_axi|                                                                          gmem_out|       pointer|
|m_axi_gmem_out_ARQOS                                                                   |  out|    4|       m_axi|                                                                          gmem_out|       pointer|
|m_axi_gmem_out_ARREGION                                                                |  out|    4|       m_axi|                                                                          gmem_out|       pointer|
|m_axi_gmem_out_ARUSER                                                                  |  out|    1|       m_axi|                                                                          gmem_out|       pointer|
|m_axi_gmem_out_RVALID                                                                  |   in|    1|       m_axi|                                                                          gmem_out|       pointer|
|m_axi_gmem_out_RREADY                                                                  |  out|    1|       m_axi|                                                                          gmem_out|       pointer|
|m_axi_gmem_out_RDATA                                                                   |   in|   16|       m_axi|                                                                          gmem_out|       pointer|
|m_axi_gmem_out_RLAST                                                                   |   in|    1|       m_axi|                                                                          gmem_out|       pointer|
|m_axi_gmem_out_RID                                                                     |   in|    1|       m_axi|                                                                          gmem_out|       pointer|
|m_axi_gmem_out_RFIFONUM                                                                |   in|    6|       m_axi|                                                                          gmem_out|       pointer|
|m_axi_gmem_out_RUSER                                                                   |   in|    1|       m_axi|                                                                          gmem_out|       pointer|
|m_axi_gmem_out_RRESP                                                                   |   in|    2|       m_axi|                                                                          gmem_out|       pointer|
|m_axi_gmem_out_BVALID                                                                  |   in|    1|       m_axi|                                                                          gmem_out|       pointer|
|m_axi_gmem_out_BREADY                                                                  |  out|    1|       m_axi|                                                                          gmem_out|       pointer|
|m_axi_gmem_out_BRESP                                                                   |   in|    2|       m_axi|                                                                          gmem_out|       pointer|
|m_axi_gmem_out_BID                                                                     |   in|    1|       m_axi|                                                                          gmem_out|       pointer|
|m_axi_gmem_out_BUSER                                                                   |   in|    1|       m_axi|                                                                          gmem_out|       pointer|
|input_buffer_224_reload                                                                |   in|   16|     ap_none|                                                           input_buffer_224_reload|        scalar|
|input_buffer_228_reload                                                                |   in|   16|     ap_none|                                                           input_buffer_228_reload|        scalar|
|input_buffer_232_reload                                                                |   in|   16|     ap_none|                                                           input_buffer_232_reload|        scalar|
|input_buffer_236_reload                                                                |   in|   16|     ap_none|                                                           input_buffer_236_reload|        scalar|
|input_buffer_240_reload                                                                |   in|   16|     ap_none|                                                           input_buffer_240_reload|        scalar|
|input_buffer_244_reload                                                                |   in|   16|     ap_none|                                                           input_buffer_244_reload|        scalar|
|input_buffer_248_reload                                                                |   in|   16|     ap_none|                                                           input_buffer_248_reload|        scalar|
|input_buffer_252_reload                                                                |   in|   16|     ap_none|                                                           input_buffer_252_reload|        scalar|
|input_buffer_256_reload                                                                |   in|   16|     ap_none|                                                           input_buffer_256_reload|        scalar|
|input_buffer_260_reload                                                                |   in|   16|     ap_none|                                                           input_buffer_260_reload|        scalar|
|input_buffer_264_reload                                                                |   in|   16|     ap_none|                                                           input_buffer_264_reload|        scalar|
|input_buffer_268_reload                                                                |   in|   16|     ap_none|                                                           input_buffer_268_reload|        scalar|
|input_buffer_272_reload                                                                |   in|   16|     ap_none|                                                           input_buffer_272_reload|        scalar|
|input_buffer_276_reload                                                                |   in|   16|     ap_none|                                                           input_buffer_276_reload|        scalar|
|input_buffer_280_reload                                                                |   in|   16|     ap_none|                                                           input_buffer_280_reload|        scalar|
|input_buffer_284_reload                                                                |   in|   16|     ap_none|                                                           input_buffer_284_reload|        scalar|
|input_buffer_288_reload                                                                |   in|   16|     ap_none|                                                           input_buffer_288_reload|        scalar|
|input_buffer_292_reload                                                                |   in|   16|     ap_none|                                                           input_buffer_292_reload|        scalar|
|input_buffer_296_reload                                                                |   in|   16|     ap_none|                                                           input_buffer_296_reload|        scalar|
|input_buffer_300_reload                                                                |   in|   16|     ap_none|                                                           input_buffer_300_reload|        scalar|
|input_buffer_304_reload                                                                |   in|   16|     ap_none|                                                           input_buffer_304_reload|        scalar|
|input_buffer_308_reload                                                                |   in|   16|     ap_none|                                                           input_buffer_308_reload|        scalar|
|input_buffer_312_reload                                                                |   in|   16|     ap_none|                                                           input_buffer_312_reload|        scalar|
|input_buffer_316_reload                                                                |   in|   16|     ap_none|                                                           input_buffer_316_reload|        scalar|
|input_buffer_320_reload                                                                |   in|   16|     ap_none|                                                           input_buffer_320_reload|        scalar|
|input_buffer_324_reload                                                                |   in|   16|     ap_none|                                                           input_buffer_324_reload|        scalar|
|input_buffer_328_reload                                                                |   in|   16|     ap_none|                                                           input_buffer_328_reload|        scalar|
|input_buffer_332_reload                                                                |   in|   16|     ap_none|                                                           input_buffer_332_reload|        scalar|
|input_buffer_336_reload                                                                |   in|   16|     ap_none|                                                           input_buffer_336_reload|        scalar|
|input_buffer_340_reload                                                                |   in|   16|     ap_none|                                                           input_buffer_340_reload|        scalar|
|input_buffer_344_reload                                                                |   in|   16|     ap_none|                                                           input_buffer_344_reload|        scalar|
|input_buffer_348_reload                                                                |   in|   16|     ap_none|                                                           input_buffer_348_reload|        scalar|
|input_buffer_352_reload                                                                |   in|   16|     ap_none|                                                           input_buffer_352_reload|        scalar|
|input_buffer_356_reload                                                                |   in|   16|     ap_none|                                                           input_buffer_356_reload|        scalar|
|input_buffer_360_reload                                                                |   in|   16|     ap_none|                                                           input_buffer_360_reload|        scalar|
|input_buffer_364_reload                                                                |   in|   16|     ap_none|                                                           input_buffer_364_reload|        scalar|
|input_buffer_368_reload                                                                |   in|   16|     ap_none|                                                           input_buffer_368_reload|        scalar|
|input_buffer_372_reload                                                                |   in|   16|     ap_none|                                                           input_buffer_372_reload|        scalar|
|input_buffer_376_reload                                                                |   in|   16|     ap_none|                                                           input_buffer_376_reload|        scalar|
|input_buffer_380_reload                                                                |   in|   16|     ap_none|                                                           input_buffer_380_reload|        scalar|
|input_buffer_384_reload                                                                |   in|   16|     ap_none|                                                           input_buffer_384_reload|        scalar|
|input_buffer_388_reload                                                                |   in|   16|     ap_none|                                                           input_buffer_388_reload|        scalar|
|input_buffer_392_reload                                                                |   in|   16|     ap_none|                                                           input_buffer_392_reload|        scalar|
|input_buffer_396_reload                                                                |   in|   16|     ap_none|                                                           input_buffer_396_reload|        scalar|
|input_buffer_400_reload                                                                |   in|   16|     ap_none|                                                           input_buffer_400_reload|        scalar|
|input_buffer_404_reload                                                                |   in|   16|     ap_none|                                                           input_buffer_404_reload|        scalar|
|input_buffer_408_reload                                                                |   in|   16|     ap_none|                                                           input_buffer_408_reload|        scalar|
|input_buffer_412_reload                                                                |   in|   16|     ap_none|                                                           input_buffer_412_reload|        scalar|
|input_buffer_416_reload                                                                |   in|   16|     ap_none|                                                           input_buffer_416_reload|        scalar|
|input_buffer_420_reload                                                                |   in|   16|     ap_none|                                                           input_buffer_420_reload|        scalar|
|input_buffer_424_reload                                                                |   in|   16|     ap_none|                                                           input_buffer_424_reload|        scalar|
|input_buffer_428_reload                                                                |   in|   16|     ap_none|                                                           input_buffer_428_reload|        scalar|
|input_buffer_432_reload                                                                |   in|   16|     ap_none|                                                           input_buffer_432_reload|        scalar|
|input_buffer_436_reload                                                                |   in|   16|     ap_none|                                                           input_buffer_436_reload|        scalar|
|input_buffer_440_reload                                                                |   in|   16|     ap_none|                                                           input_buffer_440_reload|        scalar|
|input_buffer_444_reload                                                                |   in|   16|     ap_none|                                                           input_buffer_444_reload|        scalar|
|input_buffer_225_reload                                                                |   in|   16|     ap_none|                                                           input_buffer_225_reload|        scalar|
|input_buffer_229_reload                                                                |   in|   16|     ap_none|                                                           input_buffer_229_reload|        scalar|
|input_buffer_233_reload                                                                |   in|   16|     ap_none|                                                           input_buffer_233_reload|        scalar|
|input_buffer_237_reload                                                                |   in|   16|     ap_none|                                                           input_buffer_237_reload|        scalar|
|input_buffer_241_reload                                                                |   in|   16|     ap_none|                                                           input_buffer_241_reload|        scalar|
|input_buffer_245_reload                                                                |   in|   16|     ap_none|                                                           input_buffer_245_reload|        scalar|
|input_buffer_249_reload                                                                |   in|   16|     ap_none|                                                           input_buffer_249_reload|        scalar|
|input_buffer_253_reload                                                                |   in|   16|     ap_none|                                                           input_buffer_253_reload|        scalar|
|input_buffer_257_reload                                                                |   in|   16|     ap_none|                                                           input_buffer_257_reload|        scalar|
|input_buffer_261_reload                                                                |   in|   16|     ap_none|                                                           input_buffer_261_reload|        scalar|
|input_buffer_265_reload                                                                |   in|   16|     ap_none|                                                           input_buffer_265_reload|        scalar|
|input_buffer_269_reload                                                                |   in|   16|     ap_none|                                                           input_buffer_269_reload|        scalar|
|input_buffer_273_reload                                                                |   in|   16|     ap_none|                                                           input_buffer_273_reload|        scalar|
|input_buffer_277_reload                                                                |   in|   16|     ap_none|                                                           input_buffer_277_reload|        scalar|
|input_buffer_281_reload                                                                |   in|   16|     ap_none|                                                           input_buffer_281_reload|        scalar|
|input_buffer_285_reload                                                                |   in|   16|     ap_none|                                                           input_buffer_285_reload|        scalar|
|input_buffer_289_reload                                                                |   in|   16|     ap_none|                                                           input_buffer_289_reload|        scalar|
|input_buffer_293_reload                                                                |   in|   16|     ap_none|                                                           input_buffer_293_reload|        scalar|
|input_buffer_297_reload                                                                |   in|   16|     ap_none|                                                           input_buffer_297_reload|        scalar|
|input_buffer_301_reload                                                                |   in|   16|     ap_none|                                                           input_buffer_301_reload|        scalar|
|input_buffer_305_reload                                                                |   in|   16|     ap_none|                                                           input_buffer_305_reload|        scalar|
|input_buffer_309_reload                                                                |   in|   16|     ap_none|                                                           input_buffer_309_reload|        scalar|
|input_buffer_313_reload                                                                |   in|   16|     ap_none|                                                           input_buffer_313_reload|        scalar|
|input_buffer_317_reload                                                                |   in|   16|     ap_none|                                                           input_buffer_317_reload|        scalar|
|input_buffer_321_reload                                                                |   in|   16|     ap_none|                                                           input_buffer_321_reload|        scalar|
|input_buffer_325_reload                                                                |   in|   16|     ap_none|                                                           input_buffer_325_reload|        scalar|
|input_buffer_329_reload                                                                |   in|   16|     ap_none|                                                           input_buffer_329_reload|        scalar|
|input_buffer_333_reload                                                                |   in|   16|     ap_none|                                                           input_buffer_333_reload|        scalar|
|input_buffer_337_reload                                                                |   in|   16|     ap_none|                                                           input_buffer_337_reload|        scalar|
|input_buffer_341_reload                                                                |   in|   16|     ap_none|                                                           input_buffer_341_reload|        scalar|
|input_buffer_345_reload                                                                |   in|   16|     ap_none|                                                           input_buffer_345_reload|        scalar|
|input_buffer_349_reload                                                                |   in|   16|     ap_none|                                                           input_buffer_349_reload|        scalar|
|input_buffer_353_reload                                                                |   in|   16|     ap_none|                                                           input_buffer_353_reload|        scalar|
|input_buffer_357_reload                                                                |   in|   16|     ap_none|                                                           input_buffer_357_reload|        scalar|
|input_buffer_361_reload                                                                |   in|   16|     ap_none|                                                           input_buffer_361_reload|        scalar|
|input_buffer_365_reload                                                                |   in|   16|     ap_none|                                                           input_buffer_365_reload|        scalar|
|input_buffer_369_reload                                                                |   in|   16|     ap_none|                                                           input_buffer_369_reload|        scalar|
|input_buffer_373_reload                                                                |   in|   16|     ap_none|                                                           input_buffer_373_reload|        scalar|
|input_buffer_377_reload                                                                |   in|   16|     ap_none|                                                           input_buffer_377_reload|        scalar|
|input_buffer_381_reload                                                                |   in|   16|     ap_none|                                                           input_buffer_381_reload|        scalar|
|input_buffer_385_reload                                                                |   in|   16|     ap_none|                                                           input_buffer_385_reload|        scalar|
|input_buffer_389_reload                                                                |   in|   16|     ap_none|                                                           input_buffer_389_reload|        scalar|
|input_buffer_393_reload                                                                |   in|   16|     ap_none|                                                           input_buffer_393_reload|        scalar|
|input_buffer_397_reload                                                                |   in|   16|     ap_none|                                                           input_buffer_397_reload|        scalar|
|input_buffer_401_reload                                                                |   in|   16|     ap_none|                                                           input_buffer_401_reload|        scalar|
|input_buffer_405_reload                                                                |   in|   16|     ap_none|                                                           input_buffer_405_reload|        scalar|
|input_buffer_409_reload                                                                |   in|   16|     ap_none|                                                           input_buffer_409_reload|        scalar|
|input_buffer_413_reload                                                                |   in|   16|     ap_none|                                                           input_buffer_413_reload|        scalar|
|input_buffer_417_reload                                                                |   in|   16|     ap_none|                                                           input_buffer_417_reload|        scalar|
|input_buffer_421_reload                                                                |   in|   16|     ap_none|                                                           input_buffer_421_reload|        scalar|
|input_buffer_425_reload                                                                |   in|   16|     ap_none|                                                           input_buffer_425_reload|        scalar|
|input_buffer_429_reload                                                                |   in|   16|     ap_none|                                                           input_buffer_429_reload|        scalar|
|input_buffer_433_reload                                                                |   in|   16|     ap_none|                                                           input_buffer_433_reload|        scalar|
|input_buffer_437_reload                                                                |   in|   16|     ap_none|                                                           input_buffer_437_reload|        scalar|
|input_buffer_441_reload                                                                |   in|   16|     ap_none|                                                           input_buffer_441_reload|        scalar|
|input_buffer_445_reload                                                                |   in|   16|     ap_none|                                                           input_buffer_445_reload|        scalar|
|input_buffer_226_reload                                                                |   in|   16|     ap_none|                                                           input_buffer_226_reload|        scalar|
|input_buffer_230_reload                                                                |   in|   16|     ap_none|                                                           input_buffer_230_reload|        scalar|
|input_buffer_234_reload                                                                |   in|   16|     ap_none|                                                           input_buffer_234_reload|        scalar|
|input_buffer_238_reload                                                                |   in|   16|     ap_none|                                                           input_buffer_238_reload|        scalar|
|input_buffer_242_reload                                                                |   in|   16|     ap_none|                                                           input_buffer_242_reload|        scalar|
|input_buffer_246_reload                                                                |   in|   16|     ap_none|                                                           input_buffer_246_reload|        scalar|
|input_buffer_250_reload                                                                |   in|   16|     ap_none|                                                           input_buffer_250_reload|        scalar|
|input_buffer_254_reload                                                                |   in|   16|     ap_none|                                                           input_buffer_254_reload|        scalar|
|input_buffer_258_reload                                                                |   in|   16|     ap_none|                                                           input_buffer_258_reload|        scalar|
|input_buffer_262_reload                                                                |   in|   16|     ap_none|                                                           input_buffer_262_reload|        scalar|
|input_buffer_266_reload                                                                |   in|   16|     ap_none|                                                           input_buffer_266_reload|        scalar|
|input_buffer_270_reload                                                                |   in|   16|     ap_none|                                                           input_buffer_270_reload|        scalar|
|input_buffer_274_reload                                                                |   in|   16|     ap_none|                                                           input_buffer_274_reload|        scalar|
|input_buffer_278_reload                                                                |   in|   16|     ap_none|                                                           input_buffer_278_reload|        scalar|
|input_buffer_282_reload                                                                |   in|   16|     ap_none|                                                           input_buffer_282_reload|        scalar|
|input_buffer_286_reload                                                                |   in|   16|     ap_none|                                                           input_buffer_286_reload|        scalar|
|input_buffer_290_reload                                                                |   in|   16|     ap_none|                                                           input_buffer_290_reload|        scalar|
|input_buffer_294_reload                                                                |   in|   16|     ap_none|                                                           input_buffer_294_reload|        scalar|
|input_buffer_298_reload                                                                |   in|   16|     ap_none|                                                           input_buffer_298_reload|        scalar|
|input_buffer_302_reload                                                                |   in|   16|     ap_none|                                                           input_buffer_302_reload|        scalar|
|input_buffer_306_reload                                                                |   in|   16|     ap_none|                                                           input_buffer_306_reload|        scalar|
|input_buffer_310_reload                                                                |   in|   16|     ap_none|                                                           input_buffer_310_reload|        scalar|
|input_buffer_314_reload                                                                |   in|   16|     ap_none|                                                           input_buffer_314_reload|        scalar|
|input_buffer_318_reload                                                                |   in|   16|     ap_none|                                                           input_buffer_318_reload|        scalar|
|input_buffer_322_reload                                                                |   in|   16|     ap_none|                                                           input_buffer_322_reload|        scalar|
|input_buffer_326_reload                                                                |   in|   16|     ap_none|                                                           input_buffer_326_reload|        scalar|
|input_buffer_330_reload                                                                |   in|   16|     ap_none|                                                           input_buffer_330_reload|        scalar|
|input_buffer_334_reload                                                                |   in|   16|     ap_none|                                                           input_buffer_334_reload|        scalar|
|input_buffer_338_reload                                                                |   in|   16|     ap_none|                                                           input_buffer_338_reload|        scalar|
|input_buffer_342_reload                                                                |   in|   16|     ap_none|                                                           input_buffer_342_reload|        scalar|
|input_buffer_346_reload                                                                |   in|   16|     ap_none|                                                           input_buffer_346_reload|        scalar|
|input_buffer_350_reload                                                                |   in|   16|     ap_none|                                                           input_buffer_350_reload|        scalar|
|input_buffer_354_reload                                                                |   in|   16|     ap_none|                                                           input_buffer_354_reload|        scalar|
|input_buffer_358_reload                                                                |   in|   16|     ap_none|                                                           input_buffer_358_reload|        scalar|
|input_buffer_362_reload                                                                |   in|   16|     ap_none|                                                           input_buffer_362_reload|        scalar|
|input_buffer_366_reload                                                                |   in|   16|     ap_none|                                                           input_buffer_366_reload|        scalar|
|input_buffer_370_reload                                                                |   in|   16|     ap_none|                                                           input_buffer_370_reload|        scalar|
|input_buffer_374_reload                                                                |   in|   16|     ap_none|                                                           input_buffer_374_reload|        scalar|
|input_buffer_378_reload                                                                |   in|   16|     ap_none|                                                           input_buffer_378_reload|        scalar|
|input_buffer_382_reload                                                                |   in|   16|     ap_none|                                                           input_buffer_382_reload|        scalar|
|input_buffer_386_reload                                                                |   in|   16|     ap_none|                                                           input_buffer_386_reload|        scalar|
|input_buffer_390_reload                                                                |   in|   16|     ap_none|                                                           input_buffer_390_reload|        scalar|
|input_buffer_394_reload                                                                |   in|   16|     ap_none|                                                           input_buffer_394_reload|        scalar|
|input_buffer_398_reload                                                                |   in|   16|     ap_none|                                                           input_buffer_398_reload|        scalar|
|input_buffer_402_reload                                                                |   in|   16|     ap_none|                                                           input_buffer_402_reload|        scalar|
|input_buffer_406_reload                                                                |   in|   16|     ap_none|                                                           input_buffer_406_reload|        scalar|
|input_buffer_410_reload                                                                |   in|   16|     ap_none|                                                           input_buffer_410_reload|        scalar|
|input_buffer_414_reload                                                                |   in|   16|     ap_none|                                                           input_buffer_414_reload|        scalar|
|input_buffer_418_reload                                                                |   in|   16|     ap_none|                                                           input_buffer_418_reload|        scalar|
|input_buffer_422_reload                                                                |   in|   16|     ap_none|                                                           input_buffer_422_reload|        scalar|
|input_buffer_426_reload                                                                |   in|   16|     ap_none|                                                           input_buffer_426_reload|        scalar|
|input_buffer_430_reload                                                                |   in|   16|     ap_none|                                                           input_buffer_430_reload|        scalar|
|input_buffer_434_reload                                                                |   in|   16|     ap_none|                                                           input_buffer_434_reload|        scalar|
|input_buffer_438_reload                                                                |   in|   16|     ap_none|                                                           input_buffer_438_reload|        scalar|
|input_buffer_442_reload                                                                |   in|   16|     ap_none|                                                           input_buffer_442_reload|        scalar|
|input_buffer_446_reload                                                                |   in|   16|     ap_none|                                                           input_buffer_446_reload|        scalar|
|input_buffer_227_reload                                                                |   in|   16|     ap_none|                                                           input_buffer_227_reload|        scalar|
|input_buffer_231_reload                                                                |   in|   16|     ap_none|                                                           input_buffer_231_reload|        scalar|
|input_buffer_235_reload                                                                |   in|   16|     ap_none|                                                           input_buffer_235_reload|        scalar|
|input_buffer_239_reload                                                                |   in|   16|     ap_none|                                                           input_buffer_239_reload|        scalar|
|input_buffer_243_reload                                                                |   in|   16|     ap_none|                                                           input_buffer_243_reload|        scalar|
|input_buffer_247_reload                                                                |   in|   16|     ap_none|                                                           input_buffer_247_reload|        scalar|
|input_buffer_251_reload                                                                |   in|   16|     ap_none|                                                           input_buffer_251_reload|        scalar|
|input_buffer_255_reload                                                                |   in|   16|     ap_none|                                                           input_buffer_255_reload|        scalar|
|input_buffer_259_reload                                                                |   in|   16|     ap_none|                                                           input_buffer_259_reload|        scalar|
|input_buffer_263_reload                                                                |   in|   16|     ap_none|                                                           input_buffer_263_reload|        scalar|
|input_buffer_267_reload                                                                |   in|   16|     ap_none|                                                           input_buffer_267_reload|        scalar|
|input_buffer_271_reload                                                                |   in|   16|     ap_none|                                                           input_buffer_271_reload|        scalar|
|input_buffer_275_reload                                                                |   in|   16|     ap_none|                                                           input_buffer_275_reload|        scalar|
|input_buffer_279_reload                                                                |   in|   16|     ap_none|                                                           input_buffer_279_reload|        scalar|
|input_buffer_283_reload                                                                |   in|   16|     ap_none|                                                           input_buffer_283_reload|        scalar|
|input_buffer_287_reload                                                                |   in|   16|     ap_none|                                                           input_buffer_287_reload|        scalar|
|input_buffer_291_reload                                                                |   in|   16|     ap_none|                                                           input_buffer_291_reload|        scalar|
|input_buffer_295_reload                                                                |   in|   16|     ap_none|                                                           input_buffer_295_reload|        scalar|
|input_buffer_299_reload                                                                |   in|   16|     ap_none|                                                           input_buffer_299_reload|        scalar|
|input_buffer_303_reload                                                                |   in|   16|     ap_none|                                                           input_buffer_303_reload|        scalar|
|input_buffer_307_reload                                                                |   in|   16|     ap_none|                                                           input_buffer_307_reload|        scalar|
|input_buffer_311_reload                                                                |   in|   16|     ap_none|                                                           input_buffer_311_reload|        scalar|
|input_buffer_315_reload                                                                |   in|   16|     ap_none|                                                           input_buffer_315_reload|        scalar|
|input_buffer_319_reload                                                                |   in|   16|     ap_none|                                                           input_buffer_319_reload|        scalar|
|input_buffer_323_reload                                                                |   in|   16|     ap_none|                                                           input_buffer_323_reload|        scalar|
|input_buffer_327_reload                                                                |   in|   16|     ap_none|                                                           input_buffer_327_reload|        scalar|
|input_buffer_331_reload                                                                |   in|   16|     ap_none|                                                           input_buffer_331_reload|        scalar|
|input_buffer_335_reload                                                                |   in|   16|     ap_none|                                                           input_buffer_335_reload|        scalar|
|input_buffer_339_reload                                                                |   in|   16|     ap_none|                                                           input_buffer_339_reload|        scalar|
|input_buffer_343_reload                                                                |   in|   16|     ap_none|                                                           input_buffer_343_reload|        scalar|
|input_buffer_347_reload                                                                |   in|   16|     ap_none|                                                           input_buffer_347_reload|        scalar|
|input_buffer_351_reload                                                                |   in|   16|     ap_none|                                                           input_buffer_351_reload|        scalar|
|input_buffer_355_reload                                                                |   in|   16|     ap_none|                                                           input_buffer_355_reload|        scalar|
|input_buffer_359_reload                                                                |   in|   16|     ap_none|                                                           input_buffer_359_reload|        scalar|
|input_buffer_363_reload                                                                |   in|   16|     ap_none|                                                           input_buffer_363_reload|        scalar|
|input_buffer_367_reload                                                                |   in|   16|     ap_none|                                                           input_buffer_367_reload|        scalar|
|input_buffer_371_reload                                                                |   in|   16|     ap_none|                                                           input_buffer_371_reload|        scalar|
|input_buffer_375_reload                                                                |   in|   16|     ap_none|                                                           input_buffer_375_reload|        scalar|
|input_buffer_379_reload                                                                |   in|   16|     ap_none|                                                           input_buffer_379_reload|        scalar|
|input_buffer_383_reload                                                                |   in|   16|     ap_none|                                                           input_buffer_383_reload|        scalar|
|input_buffer_387_reload                                                                |   in|   16|     ap_none|                                                           input_buffer_387_reload|        scalar|
|input_buffer_391_reload                                                                |   in|   16|     ap_none|                                                           input_buffer_391_reload|        scalar|
|input_buffer_395_reload                                                                |   in|   16|     ap_none|                                                           input_buffer_395_reload|        scalar|
|input_buffer_399_reload                                                                |   in|   16|     ap_none|                                                           input_buffer_399_reload|        scalar|
|input_buffer_403_reload                                                                |   in|   16|     ap_none|                                                           input_buffer_403_reload|        scalar|
|input_buffer_407_reload                                                                |   in|   16|     ap_none|                                                           input_buffer_407_reload|        scalar|
|input_buffer_411_reload                                                                |   in|   16|     ap_none|                                                           input_buffer_411_reload|        scalar|
|input_buffer_415_reload                                                                |   in|   16|     ap_none|                                                           input_buffer_415_reload|        scalar|
|input_buffer_419_reload                                                                |   in|   16|     ap_none|                                                           input_buffer_419_reload|        scalar|
|input_buffer_423_reload                                                                |   in|   16|     ap_none|                                                           input_buffer_423_reload|        scalar|
|input_buffer_427_reload                                                                |   in|   16|     ap_none|                                                           input_buffer_427_reload|        scalar|
|input_buffer_431_reload                                                                |   in|   16|     ap_none|                                                           input_buffer_431_reload|        scalar|
|input_buffer_435_reload                                                                |   in|   16|     ap_none|                                                           input_buffer_435_reload|        scalar|
|input_buffer_439_reload                                                                |   in|   16|     ap_none|                                                           input_buffer_439_reload|        scalar|
|input_buffer_443_reload                                                                |   in|   16|     ap_none|                                                           input_buffer_443_reload|        scalar|
|input_buffer_447_reload                                                                |   in|   16|     ap_none|                                                           input_buffer_447_reload|        scalar|
|mul                                                                                    |   in|    5|     ap_none|                                                                               mul|        scalar|
|zext_ln2073                                                                            |   in|   12|     ap_none|                                                                       zext_ln2073|        scalar|
|df_coef_q610_load                                                                      |   in|   32|     ap_none|                                                                 df_coef_q610_load|        scalar|
|proj_bias_local_address0                                                               |  out|    6|   ap_stable|                                                                   proj_bias_local|         array|
|proj_bias_local_ce0                                                                    |  out|    1|   ap_stable|                                                                   proj_bias_local|         array|
|proj_bias_local_q0                                                                     |   in|   16|   ap_stable|                                                                   proj_bias_local|         array|
|SubbandBand0TopQ610_ap_int_const_ap_int_const_ap_int_const_ap_int_const_ap_i_address0  |  out|   12|   ap_stable|      SubbandBand0TopQ610_ap_int_const_ap_int_const_ap_int_const_ap_int_const_ap_i|         array|
|SubbandBand0TopQ610_ap_int_const_ap_int_const_ap_int_const_ap_int_const_ap_i_ce0       |  out|    1|   ap_stable|      SubbandBand0TopQ610_ap_int_const_ap_int_const_ap_int_const_ap_int_const_ap_i|         array|
|SubbandBand0TopQ610_ap_int_const_ap_int_const_ap_int_const_ap_int_const_ap_i_q0        |   in|   64|   ap_stable|      SubbandBand0TopQ610_ap_int_const_ap_int_const_ap_int_const_ap_int_const_ap_i|         array|
+---------------------------------------------------------------------------------------+-----+-----+------------+----------------------------------------------------------------------------------+--------------+

