

================================================================
== Vitis HLS Report for 'p_anonymous_namespace_RunGSUMacPhaseBand0Q610_Pipeline_VITIS_LOOP_1833_2_1'
================================================================
* Date:           Wed May 13 19:58:51 2026

* Version:        2023.2 (Build 4023990 on Oct 11 2023)
* Project:        subband_q610_zybo_z7_20_hls
* Solution:       solution1 (Vivado IP Flow Target)
* Product family: zynq
* Target device:  xc7z020-clg400-1


================================================================
== Performance Estimates
================================================================
+ Timing: 
    * Summary: 
    +--------+----------+----------+------------+
    |  Clock |  Target  | Estimated| Uncertainty|
    +--------+----------+----------+------------+
    |ap_clk  |  10.00 ns|  6.573 ns|     2.70 ns|
    +--------+----------+----------+------------+

+ Latency: 
    * Summary: 
    +---------+---------+----------+----------+-----+-----+---------+
    |  Latency (cycles) |  Latency (absolute) |  Interval | Pipeline|
    |   min   |   max   |    min   |    max   | min | max |   Type  |
    +---------+---------+----------+----------+-----+-----+---------+
    |       11|       11|  0.110 us|  0.110 us|   11|   11|       no|
    +---------+---------+----------+----------+-----+-----+---------+

    + Detail: 
        * Instance: 
        N/A

        * Loop: 
        +---------------------+---------+---------+----------+-----------+-----------+------+----------+
        |                     |  Latency (cycles) | Iteration|  Initiation Interval  | Trip |          |
        |      Loop Name      |   min   |   max   |  Latency |  achieved |   target  | Count| Pipelined|
        +---------------------+---------+---------+----------+-----------+-----------+------+----------+
        |- VITIS_LOOP_1833_2  |        9|        9|         4|          1|          1|     7|       yes|
        +---------------------+---------+---------+----------+-----------+-----------+------+----------+



================================================================
== Utilization Estimates
================================================================
* Summary: 
+-----------------+---------+-----+--------+-------+-----+
|       Name      | BRAM_18K| DSP |   FF   |  LUT  | URAM|
+-----------------+---------+-----+--------+-------+-----+
|DSP              |        -|   32|       -|      -|    -|
|Expression       |        -|    -|       0|     45|    -|
|FIFO             |        -|    -|       -|      -|    -|
|Instance         |        -|    -|       0|   1184|    -|
|Memory           |        -|    -|       -|      -|    -|
|Multiplexer      |        -|    -|       -|    324|    -|
|Register         |        -|    -|    1617|      -|    -|
+-----------------+---------+-----+--------+-------+-----+
|Total            |        0|   32|    1617|   1553|    0|
+-----------------+---------+-----+--------+-------+-----+
|Available        |      280|  220|  106400|  53200|    0|
+-----------------+---------+-----+--------+-------+-----+
|Utilization (%)  |        0|   14|       1|      2|    0|
+-----------------+---------+-----+--------+-------+-----+

+ Detail: 
    * Instance: 
    +-----------------------------+-----------------------+---------+----+---+----+-----+
    |           Instance          |         Module        | BRAM_18K| DSP| FF| LUT| URAM|
    +-----------------------------+-----------------------+---------+----+---+----+-----+
    |sparsemux_15_8_16_1_1_U3126  |sparsemux_15_8_16_1_1  |        0|   0|  0|  37|    0|
    |sparsemux_15_8_16_1_1_U3127  |sparsemux_15_8_16_1_1  |        0|   0|  0|  37|    0|
    |sparsemux_15_8_16_1_1_U3128  |sparsemux_15_8_16_1_1  |        0|   0|  0|  37|    0|
    |sparsemux_15_8_16_1_1_U3129  |sparsemux_15_8_16_1_1  |        0|   0|  0|  37|    0|
    |sparsemux_15_8_16_1_1_U3130  |sparsemux_15_8_16_1_1  |        0|   0|  0|  37|    0|
    |sparsemux_15_8_16_1_1_U3131  |sparsemux_15_8_16_1_1  |        0|   0|  0|  37|    0|
    |sparsemux_15_8_16_1_1_U3132  |sparsemux_15_8_16_1_1  |        0|   0|  0|  37|    0|
    |sparsemux_15_8_16_1_1_U3133  |sparsemux_15_8_16_1_1  |        0|   0|  0|  37|    0|
    |sparsemux_15_8_16_1_1_U3134  |sparsemux_15_8_16_1_1  |        0|   0|  0|  37|    0|
    |sparsemux_15_8_16_1_1_U3135  |sparsemux_15_8_16_1_1  |        0|   0|  0|  37|    0|
    |sparsemux_15_8_16_1_1_U3136  |sparsemux_15_8_16_1_1  |        0|   0|  0|  37|    0|
    |sparsemux_15_8_16_1_1_U3137  |sparsemux_15_8_16_1_1  |        0|   0|  0|  37|    0|
    |sparsemux_15_8_16_1_1_U3138  |sparsemux_15_8_16_1_1  |        0|   0|  0|  37|    0|
    |sparsemux_15_8_16_1_1_U3139  |sparsemux_15_8_16_1_1  |        0|   0|  0|  37|    0|
    |sparsemux_15_8_16_1_1_U3140  |sparsemux_15_8_16_1_1  |        0|   0|  0|  37|    0|
    |sparsemux_15_8_16_1_1_U3141  |sparsemux_15_8_16_1_1  |        0|   0|  0|  37|    0|
    |sparsemux_15_8_16_1_1_U3142  |sparsemux_15_8_16_1_1  |        0|   0|  0|  37|    0|
    |sparsemux_15_8_16_1_1_U3143  |sparsemux_15_8_16_1_1  |        0|   0|  0|  37|    0|
    |sparsemux_15_8_16_1_1_U3144  |sparsemux_15_8_16_1_1  |        0|   0|  0|  37|    0|
    |sparsemux_15_8_16_1_1_U3145  |sparsemux_15_8_16_1_1  |        0|   0|  0|  37|    0|
    |sparsemux_15_8_16_1_1_U3146  |sparsemux_15_8_16_1_1  |        0|   0|  0|  37|    0|
    |sparsemux_15_8_16_1_1_U3147  |sparsemux_15_8_16_1_1  |        0|   0|  0|  37|    0|
    |sparsemux_15_8_16_1_1_U3148  |sparsemux_15_8_16_1_1  |        0|   0|  0|  37|    0|
    |sparsemux_15_8_16_1_1_U3149  |sparsemux_15_8_16_1_1  |        0|   0|  0|  37|    0|
    |sparsemux_15_8_16_1_1_U3150  |sparsemux_15_8_16_1_1  |        0|   0|  0|  37|    0|
    |sparsemux_15_8_16_1_1_U3151  |sparsemux_15_8_16_1_1  |        0|   0|  0|  37|    0|
    |sparsemux_15_8_16_1_1_U3152  |sparsemux_15_8_16_1_1  |        0|   0|  0|  37|    0|
    |sparsemux_15_8_16_1_1_U3153  |sparsemux_15_8_16_1_1  |        0|   0|  0|  37|    0|
    |sparsemux_15_8_16_1_1_U3154  |sparsemux_15_8_16_1_1  |        0|   0|  0|  37|    0|
    |sparsemux_15_8_16_1_1_U3155  |sparsemux_15_8_16_1_1  |        0|   0|  0|  37|    0|
    |sparsemux_15_8_16_1_1_U3156  |sparsemux_15_8_16_1_1  |        0|   0|  0|  37|    0|
    |sparsemux_15_8_16_1_1_U3157  |sparsemux_15_8_16_1_1  |        0|   0|  0|  37|    0|
    +-----------------------------+-----------------------+---------+----+---+----+-----+
    |Total                        |                       |        0|   0|  0|1184|    0|
    +-----------------------------+-----------------------+---------+----+---+----+-----+

    * DSP: 
    +-------------------------------------+-------------------------------+--------------+
    |               Instance              |             Module            |  Expression  |
    +-------------------------------------+-------------------------------+--------------+
    |mac_muladd_16s_16s_34s_34_3_1_U3158  |mac_muladd_16s_16s_34s_34_3_1  |  i0 * i1 + i2|
    |mac_muladd_16s_16s_34s_34_3_1_U3159  |mac_muladd_16s_16s_34s_34_3_1  |  i0 * i1 + i2|
    |mac_muladd_16s_16s_34s_34_3_1_U3160  |mac_muladd_16s_16s_34s_34_3_1  |  i0 * i1 + i2|
    |mac_muladd_16s_16s_34s_34_3_1_U3161  |mac_muladd_16s_16s_34s_34_3_1  |  i0 * i1 + i2|
    |mac_muladd_16s_16s_34s_34_3_1_U3162  |mac_muladd_16s_16s_34s_34_3_1  |  i0 * i1 + i2|
    |mac_muladd_16s_16s_34s_34_3_1_U3163  |mac_muladd_16s_16s_34s_34_3_1  |  i0 * i1 + i2|
    |mac_muladd_16s_16s_34s_34_3_1_U3164  |mac_muladd_16s_16s_34s_34_3_1  |  i0 * i1 + i2|
    |mac_muladd_16s_16s_34s_34_3_1_U3165  |mac_muladd_16s_16s_34s_34_3_1  |  i0 * i1 + i2|
    |mac_muladd_16s_16s_34s_34_3_1_U3166  |mac_muladd_16s_16s_34s_34_3_1  |  i0 * i1 + i2|
    |mac_muladd_16s_16s_34s_34_3_1_U3167  |mac_muladd_16s_16s_34s_34_3_1  |  i0 * i1 + i2|
    |mac_muladd_16s_16s_34s_34_3_1_U3168  |mac_muladd_16s_16s_34s_34_3_1  |  i0 * i1 + i2|
    |mac_muladd_16s_16s_34s_34_3_1_U3169  |mac_muladd_16s_16s_34s_34_3_1  |  i0 * i1 + i2|
    |mac_muladd_16s_16s_34s_34_3_1_U3170  |mac_muladd_16s_16s_34s_34_3_1  |  i0 * i1 + i2|
    |mac_muladd_16s_16s_34s_34_3_1_U3171  |mac_muladd_16s_16s_34s_34_3_1  |  i0 * i1 + i2|
    |mac_muladd_16s_16s_34s_34_3_1_U3172  |mac_muladd_16s_16s_34s_34_3_1  |  i0 * i1 + i2|
    |mac_muladd_16s_16s_34s_34_3_1_U3173  |mac_muladd_16s_16s_34s_34_3_1  |  i0 * i1 + i2|
    |mac_muladd_16s_16s_34s_34_3_1_U3174  |mac_muladd_16s_16s_34s_34_3_1  |  i0 * i1 + i2|
    |mac_muladd_16s_16s_34s_34_3_1_U3175  |mac_muladd_16s_16s_34s_34_3_1  |  i0 * i1 + i2|
    |mac_muladd_16s_16s_34s_34_3_1_U3176  |mac_muladd_16s_16s_34s_34_3_1  |  i0 * i1 + i2|
    |mac_muladd_16s_16s_34s_34_3_1_U3177  |mac_muladd_16s_16s_34s_34_3_1  |  i0 * i1 + i2|
    |mac_muladd_16s_16s_34s_34_3_1_U3178  |mac_muladd_16s_16s_34s_34_3_1  |  i0 * i1 + i2|
    |mac_muladd_16s_16s_34s_34_3_1_U3179  |mac_muladd_16s_16s_34s_34_3_1  |  i0 * i1 + i2|
    |mac_muladd_16s_16s_34s_34_3_1_U3180  |mac_muladd_16s_16s_34s_34_3_1  |  i0 * i1 + i2|
    |mac_muladd_16s_16s_34s_34_3_1_U3181  |mac_muladd_16s_16s_34s_34_3_1  |  i0 * i1 + i2|
    |mac_muladd_16s_16s_34s_34_3_1_U3182  |mac_muladd_16s_16s_34s_34_3_1  |  i0 * i1 + i2|
    |mac_muladd_16s_16s_34s_34_3_1_U3183  |mac_muladd_16s_16s_34s_34_3_1  |  i0 * i1 + i2|
    |mac_muladd_16s_16s_34s_34_3_1_U3184  |mac_muladd_16s_16s_34s_34_3_1  |  i0 * i1 + i2|
    |mac_muladd_16s_16s_34s_34_3_1_U3185  |mac_muladd_16s_16s_34s_34_3_1  |  i0 * i1 + i2|
    |mac_muladd_16s_16s_34s_34_3_1_U3186  |mac_muladd_16s_16s_34s_34_3_1  |  i0 * i1 + i2|
    |mac_muladd_16s_16s_34s_34_3_1_U3187  |mac_muladd_16s_16s_34s_34_3_1  |  i0 * i1 + i2|
    |mac_muladd_16s_16s_34s_34_3_1_U3188  |mac_muladd_16s_16s_34s_34_3_1  |  i0 * i1 + i2|
    |mac_muladd_16s_16s_34s_34_3_1_U3189  |mac_muladd_16s_16s_34s_34_3_1  |  i0 * i1 + i2|
    +-------------------------------------+-------------------------------+--------------+

    * Memory: 
    N/A

    * FIFO: 
    N/A

    * Expression: 
    +---------------------------+----------+----+---+----+------------+------------+
    |       Variable Name       | Operation| DSP| FF| LUT| Bitwidth P0| Bitwidth P1|
    +---------------------------+----------+----+---+----+------------+------------+
    |add_ln1833_fu_3848_p2      |         +|   0|  0|  15|           8|           6|
    |add_ln1839_101_fu_2721_p2  |         +|   0|  0|  13|          10|          10|
    |icmp_ln1833_fu_2665_p2     |      icmp|   0|  0|  15|           8|           7|
    |ap_enable_pp0              |       xor|   0|  0|   2|           1|           2|
    +---------------------------+----------+----+---+----+------------+------------+
    |Total                      |          |   0|  0|  45|          27|          25|
    +---------------------------+----------+----+---+----+------------+------------+

    * Multiplexer: 
    +-----------------------------+----+-----------+-----+-----------+
    |             Name            | LUT| Input Size| Bits| Total Bits|
    +-----------------------------+----+-----------+-----+-----------+
    |ap_done_int                  |   9|          2|    1|          2|
    |ap_enable_reg_pp0_iter1      |   9|          2|    1|          2|
    |ap_sig_allocacmp_base_index  |   9|          2|    8|         16|
    |empty_748_fu_782             |   9|          2|   34|         68|
    |empty_749_fu_786             |   9|          2|   34|         68|
    |empty_750_fu_790             |   9|          2|   34|         68|
    |empty_751_fu_794             |   9|          2|   34|         68|
    |empty_752_fu_798             |   9|          2|   34|         68|
    |empty_753_fu_802             |   9|          2|   34|         68|
    |empty_754_fu_806             |   9|          2|   34|         68|
    |empty_755_fu_810             |   9|          2|   34|         68|
    |empty_756_fu_814             |   9|          2|   34|         68|
    |empty_757_fu_818             |   9|          2|   34|         68|
    |empty_758_fu_822             |   9|          2|   34|         68|
    |empty_759_fu_826             |   9|          2|   34|         68|
    |empty_760_fu_830             |   9|          2|   34|         68|
    |empty_761_fu_834             |   9|          2|   34|         68|
    |empty_762_fu_838             |   9|          2|   34|         68|
    |empty_763_fu_842             |   9|          2|   34|         68|
    |empty_764_fu_846             |   9|          2|   34|         68|
    |empty_765_fu_850             |   9|          2|   34|         68|
    |empty_766_fu_854             |   9|          2|   34|         68|
    |empty_767_fu_858             |   9|          2|   34|         68|
    |empty_768_fu_862             |   9|          2|   34|         68|
    |empty_769_fu_866             |   9|          2|   34|         68|
    |empty_770_fu_870             |   9|          2|   34|         68|
    |empty_771_fu_874             |   9|          2|   34|         68|
    |empty_772_fu_878             |   9|          2|   34|         68|
    |empty_773_fu_882             |   9|          2|   34|         68|
    |empty_774_fu_886             |   9|          2|   34|         68|
    |empty_775_fu_890             |   9|          2|   34|         68|
    |empty_776_fu_894             |   9|          2|   34|         68|
    |empty_777_fu_898             |   9|          2|   34|         68|
    |empty_778_fu_902             |   9|          2|   34|         68|
    |empty_fu_778                 |   9|          2|   34|         68|
    |index_fu_906                 |   9|          2|    8|         16|
    +-----------------------------+----+-----------+-----+-----------+
    |Total                        | 324|         72| 1106|       2212|
    +-----------------------------+----+-----------+-----+-----------+

    * Register: 
    +------------------------------------+----+----+-----+-----------+
    |                Name                | FF | LUT| Bits| Const Bits|
    +------------------------------------+----+----+-----+-----------+
    |ap_CS_fsm                           |   1|   0|    1|          0|
    |ap_done_reg                         |   1|   0|    1|          0|
    |ap_enable_reg_pp0_iter1             |   1|   0|    1|          0|
    |ap_enable_reg_pp0_iter2             |   1|   0|    1|          0|
    |ap_enable_reg_pp0_iter3             |   1|   0|    1|          0|
    |ap_loop_exit_ready_pp0_iter1_reg    |   1|   0|    1|          0|
    |ap_loop_exit_ready_pp0_iter2_reg    |   1|   0|    1|          0|
    |empty_748_fu_782                    |  34|   0|   34|          0|
    |empty_749_fu_786                    |  34|   0|   34|          0|
    |empty_750_fu_790                    |  34|   0|   34|          0|
    |empty_751_fu_794                    |  34|   0|   34|          0|
    |empty_752_fu_798                    |  34|   0|   34|          0|
    |empty_753_fu_802                    |  34|   0|   34|          0|
    |empty_754_fu_806                    |  34|   0|   34|          0|
    |empty_755_fu_810                    |  34|   0|   34|          0|
    |empty_756_fu_814                    |  34|   0|   34|          0|
    |empty_757_fu_818                    |  34|   0|   34|          0|
    |empty_758_fu_822                    |  34|   0|   34|          0|
    |empty_759_fu_826                    |  34|   0|   34|          0|
    |empty_760_fu_830                    |  34|   0|   34|          0|
    |empty_761_fu_834                    |  34|   0|   34|          0|
    |empty_762_fu_838                    |  34|   0|   34|          0|
    |empty_763_fu_842                    |  34|   0|   34|          0|
    |empty_764_fu_846                    |  34|   0|   34|          0|
    |empty_765_fu_850                    |  34|   0|   34|          0|
    |empty_766_fu_854                    |  34|   0|   34|          0|
    |empty_767_fu_858                    |  34|   0|   34|          0|
    |empty_768_fu_862                    |  34|   0|   34|          0|
    |empty_769_fu_866                    |  34|   0|   34|          0|
    |empty_770_fu_870                    |  34|   0|   34|          0|
    |empty_771_fu_874                    |  34|   0|   34|          0|
    |empty_772_fu_878                    |  34|   0|   34|          0|
    |empty_773_fu_882                    |  34|   0|   34|          0|
    |empty_774_fu_886                    |  34|   0|   34|          0|
    |empty_775_fu_890                    |  34|   0|   34|          0|
    |empty_776_fu_894                    |  34|   0|   34|          0|
    |empty_777_fu_898                    |  34|   0|   34|          0|
    |empty_778_fu_902                    |  34|   0|   34|          0|
    |empty_fu_778                        |  34|   0|   34|          0|
    |icmp_ln1833_reg_5300                |   1|   0|    1|          0|
    |icmp_ln1833_reg_5300_pp0_iter1_reg  |   1|   0|    1|          0|
    |index_fu_906                        |   8|   0|    8|          0|
    |lhs_168_reg_5314                    |  16|   0|   16|          0|
    |lhs_169_reg_5319                    |  16|   0|   16|          0|
    |lhs_170_reg_5324                    |  16|   0|   16|          0|
    |lhs_171_reg_5329                    |  16|   0|   16|          0|
    |lhs_172_reg_5334                    |  16|   0|   16|          0|
    |lhs_173_reg_5339                    |  16|   0|   16|          0|
    |lhs_174_reg_5344                    |  16|   0|   16|          0|
    |lhs_175_reg_5349                    |  16|   0|   16|          0|
    |lhs_176_reg_5354                    |  16|   0|   16|          0|
    |lhs_177_reg_5359                    |  16|   0|   16|          0|
    |lhs_178_reg_5364                    |  16|   0|   16|          0|
    |lhs_179_reg_5369                    |  16|   0|   16|          0|
    |lhs_180_reg_5374                    |  16|   0|   16|          0|
    |lhs_181_reg_5379                    |  16|   0|   16|          0|
    |lhs_182_reg_5384                    |  16|   0|   16|          0|
    |lhs_183_reg_5389                    |  16|   0|   16|          0|
    |lhs_184_reg_5394                    |  16|   0|   16|          0|
    |lhs_185_reg_5399                    |  16|   0|   16|          0|
    |lhs_186_reg_5404                    |  16|   0|   16|          0|
    |lhs_187_reg_5409                    |  16|   0|   16|          0|
    |lhs_188_reg_5414                    |  16|   0|   16|          0|
    |lhs_189_reg_5419                    |  16|   0|   16|          0|
    |lhs_190_reg_5424                    |  16|   0|   16|          0|
    |lhs_191_reg_5429                    |  16|   0|   16|          0|
    |lhs_192_reg_5434                    |  16|   0|   16|          0|
    |lhs_193_reg_5439                    |  16|   0|   16|          0|
    |lhs_194_reg_5444                    |  16|   0|   16|          0|
    |lhs_195_reg_5449                    |  16|   0|   16|          0|
    |lhs_196_reg_5454                    |  16|   0|   16|          0|
    |lhs_197_reg_5459                    |  16|   0|   16|          0|
    |lhs_198_reg_5464                    |  16|   0|   16|          0|
    |lhs_reg_5304                        |  16|   0|   16|          0|
    +------------------------------------+----+----+-----+-----------+
    |Total                               |1617|   0| 1617|          0|
    +------------------------------------+----+----+-----+-----------+



================================================================
== Interface
================================================================
* Summary: 
+-----------------------------------------------------------------------------------------+-----+-----+------------+--------------------------------------------------------------------------------+--------------+
|                                        RTL Ports                                        | Dir | Bits|  Protocol  |                                  Source Object                                 |    C Type    |
+-----------------------------------------------------------------------------------------+-----+-----+------------+--------------------------------------------------------------------------------+--------------+
|ap_clk                                                                                   |   in|    1|  ap_ctrl_hs|       (anonymous namespace)RunGSUMacPhaseBand0Q610_Pipeline_VITIS_LOOP_1833_2.1|  return value|
|ap_rst                                                                                   |   in|    1|  ap_ctrl_hs|       (anonymous namespace)RunGSUMacPhaseBand0Q610_Pipeline_VITIS_LOOP_1833_2.1|  return value|
|ap_start                                                                                 |   in|    1|  ap_ctrl_hs|       (anonymous namespace)RunGSUMacPhaseBand0Q610_Pipeline_VITIS_LOOP_1833_2.1|  return value|
|ap_done                                                                                  |  out|    1|  ap_ctrl_hs|       (anonymous namespace)RunGSUMacPhaseBand0Q610_Pipeline_VITIS_LOOP_1833_2.1|  return value|
|ap_idle                                                                                  |  out|    1|  ap_ctrl_hs|       (anonymous namespace)RunGSUMacPhaseBand0Q610_Pipeline_VITIS_LOOP_1833_2.1|  return value|
|ap_ready                                                                                 |  out|    1|  ap_ctrl_hs|       (anonymous namespace)RunGSUMacPhaseBand0Q610_Pipeline_VITIS_LOOP_1833_2.1|  return value|
|input_ptr_0_val                                                                          |   in|   16|     ap_none|                                                                 input_ptr_0_val|        scalar|
|input_ptr_32_val                                                                         |   in|   16|     ap_none|                                                                input_ptr_32_val|        scalar|
|input_ptr_64_val                                                                         |   in|   16|     ap_none|                                                                input_ptr_64_val|        scalar|
|input_ptr_96_val                                                                         |   in|   16|     ap_none|                                                                input_ptr_96_val|        scalar|
|input_ptr_128_val                                                                        |   in|   16|     ap_none|                                                               input_ptr_128_val|        scalar|
|input_ptr_160_val                                                                        |   in|   16|     ap_none|                                                               input_ptr_160_val|        scalar|
|input_ptr_192_val                                                                        |   in|   16|     ap_none|                                                               input_ptr_192_val|        scalar|
|sub_ln1839                                                                               |   in|   10|     ap_none|                                                                      sub_ln1839|        scalar|
|input_ptr_1_val                                                                          |   in|   16|     ap_none|                                                                 input_ptr_1_val|        scalar|
|input_ptr_33_val                                                                         |   in|   16|     ap_none|                                                                input_ptr_33_val|        scalar|
|input_ptr_65_val                                                                         |   in|   16|     ap_none|                                                                input_ptr_65_val|        scalar|
|input_ptr_97_val                                                                         |   in|   16|     ap_none|                                                                input_ptr_97_val|        scalar|
|input_ptr_129_val                                                                        |   in|   16|     ap_none|                                                               input_ptr_129_val|        scalar|
|input_ptr_161_val                                                                        |   in|   16|     ap_none|                                                               input_ptr_161_val|        scalar|
|input_ptr_193_val                                                                        |   in|   16|     ap_none|                                                               input_ptr_193_val|        scalar|
|input_ptr_2_val                                                                          |   in|   16|     ap_none|                                                                 input_ptr_2_val|        scalar|
|input_ptr_34_val                                                                         |   in|   16|     ap_none|                                                                input_ptr_34_val|        scalar|
|input_ptr_66_val                                                                         |   in|   16|     ap_none|                                                                input_ptr_66_val|        scalar|
|input_ptr_98_val                                                                         |   in|   16|     ap_none|                                                                input_ptr_98_val|        scalar|
|input_ptr_130_val                                                                        |   in|   16|     ap_none|                                                               input_ptr_130_val|        scalar|
|input_ptr_162_val                                                                        |   in|   16|     ap_none|                                                               input_ptr_162_val|        scalar|
|input_ptr_194_val                                                                        |   in|   16|     ap_none|                                                               input_ptr_194_val|        scalar|
|input_ptr_3_val                                                                          |   in|   16|     ap_none|                                                                 input_ptr_3_val|        scalar|
|input_ptr_35_val                                                                         |   in|   16|     ap_none|                                                                input_ptr_35_val|        scalar|
|input_ptr_67_val                                                                         |   in|   16|     ap_none|                                                                input_ptr_67_val|        scalar|
|input_ptr_99_val                                                                         |   in|   16|     ap_none|                                                                input_ptr_99_val|        scalar|
|input_ptr_131_val                                                                        |   in|   16|     ap_none|                                                               input_ptr_131_val|        scalar|
|input_ptr_163_val                                                                        |   in|   16|     ap_none|                                                               input_ptr_163_val|        scalar|
|input_ptr_195_val                                                                        |   in|   16|     ap_none|                                                               input_ptr_195_val|        scalar|
|input_ptr_4_val                                                                          |   in|   16|     ap_none|                                                                 input_ptr_4_val|        scalar|
|input_ptr_36_val                                                                         |   in|   16|     ap_none|                                                                input_ptr_36_val|        scalar|
|input_ptr_68_val                                                                         |   in|   16|     ap_none|                                                                input_ptr_68_val|        scalar|
|input_ptr_100_val                                                                        |   in|   16|     ap_none|                                                               input_ptr_100_val|        scalar|
|input_ptr_132_val                                                                        |   in|   16|     ap_none|                                                               input_ptr_132_val|        scalar|
|input_ptr_164_val                                                                        |   in|   16|     ap_none|                                                               input_ptr_164_val|        scalar|
|input_ptr_196_val                                                                        |   in|   16|     ap_none|                                                               input_ptr_196_val|        scalar|
|input_ptr_5_val                                                                          |   in|   16|     ap_none|                                                                 input_ptr_5_val|        scalar|
|input_ptr_37_val                                                                         |   in|   16|     ap_none|                                                                input_ptr_37_val|        scalar|
|input_ptr_69_val                                                                         |   in|   16|     ap_none|                                                                input_ptr_69_val|        scalar|
|input_ptr_101_val                                                                        |   in|   16|     ap_none|                                                               input_ptr_101_val|        scalar|
|input_ptr_133_val                                                                        |   in|   16|     ap_none|                                                               input_ptr_133_val|        scalar|
|input_ptr_165_val                                                                        |   in|   16|     ap_none|                                                               input_ptr_165_val|        scalar|
|input_ptr_197_val                                                                        |   in|   16|     ap_none|                                                               input_ptr_197_val|        scalar|
|input_ptr_6_val                                                                          |   in|   16|     ap_none|                                                                 input_ptr_6_val|        scalar|
|input_ptr_38_val                                                                         |   in|   16|     ap_none|                                                                input_ptr_38_val|        scalar|
|input_ptr_70_val                                                                         |   in|   16|     ap_none|                                                                input_ptr_70_val|        scalar|
|input_ptr_102_val                                                                        |   in|   16|     ap_none|                                                               input_ptr_102_val|        scalar|
|input_ptr_134_val                                                                        |   in|   16|     ap_none|                                                               input_ptr_134_val|        scalar|
|input_ptr_166_val                                                                        |   in|   16|     ap_none|                                                               input_ptr_166_val|        scalar|
|input_ptr_198_val                                                                        |   in|   16|     ap_none|                                                               input_ptr_198_val|        scalar|
|input_ptr_7_val                                                                          |   in|   16|     ap_none|                                                                 input_ptr_7_val|        scalar|
|input_ptr_39_val                                                                         |   in|   16|     ap_none|                                                                input_ptr_39_val|        scalar|
|input_ptr_71_val                                                                         |   in|   16|     ap_none|                                                                input_ptr_71_val|        scalar|
|input_ptr_103_val                                                                        |   in|   16|     ap_none|                                                               input_ptr_103_val|        scalar|
|input_ptr_135_val                                                                        |   in|   16|     ap_none|                                                               input_ptr_135_val|        scalar|
|input_ptr_167_val                                                                        |   in|   16|     ap_none|                                                               input_ptr_167_val|        scalar|
|input_ptr_199_val                                                                        |   in|   16|     ap_none|                                                               input_ptr_199_val|        scalar|
|input_ptr_8_val                                                                          |   in|   16|     ap_none|                                                                 input_ptr_8_val|        scalar|
|input_ptr_40_val                                                                         |   in|   16|     ap_none|                                                                input_ptr_40_val|        scalar|
|input_ptr_72_val                                                                         |   in|   16|     ap_none|                                                                input_ptr_72_val|        scalar|
|input_ptr_104_val                                                                        |   in|   16|     ap_none|                                                               input_ptr_104_val|        scalar|
|input_ptr_136_val                                                                        |   in|   16|     ap_none|                                                               input_ptr_136_val|        scalar|
|input_ptr_168_val                                                                        |   in|   16|     ap_none|                                                               input_ptr_168_val|        scalar|
|input_ptr_200_val                                                                        |   in|   16|     ap_none|                                                               input_ptr_200_val|        scalar|
|input_ptr_9_val                                                                          |   in|   16|     ap_none|                                                                 input_ptr_9_val|        scalar|
|input_ptr_41_val                                                                         |   in|   16|     ap_none|                                                                input_ptr_41_val|        scalar|
|input_ptr_73_val                                                                         |   in|   16|     ap_none|                                                                input_ptr_73_val|        scalar|
|input_ptr_105_val                                                                        |   in|   16|     ap_none|                                                               input_ptr_105_val|        scalar|
|input_ptr_137_val                                                                        |   in|   16|     ap_none|                                                               input_ptr_137_val|        scalar|
|input_ptr_169_val                                                                        |   in|   16|     ap_none|                                                               input_ptr_169_val|        scalar|
|input_ptr_201_val                                                                        |   in|   16|     ap_none|                                                               input_ptr_201_val|        scalar|
|input_ptr_10_val                                                                         |   in|   16|     ap_none|                                                                input_ptr_10_val|        scalar|
|input_ptr_42_val                                                                         |   in|   16|     ap_none|                                                                input_ptr_42_val|        scalar|
|input_ptr_74_val                                                                         |   in|   16|     ap_none|                                                                input_ptr_74_val|        scalar|
|input_ptr_106_val                                                                        |   in|   16|     ap_none|                                                               input_ptr_106_val|        scalar|
|input_ptr_138_val                                                                        |   in|   16|     ap_none|                                                               input_ptr_138_val|        scalar|
|input_ptr_170_val                                                                        |   in|   16|     ap_none|                                                               input_ptr_170_val|        scalar|
|input_ptr_202_val                                                                        |   in|   16|     ap_none|                                                               input_ptr_202_val|        scalar|
|input_ptr_11_val                                                                         |   in|   16|     ap_none|                                                                input_ptr_11_val|        scalar|
|input_ptr_43_val                                                                         |   in|   16|     ap_none|                                                                input_ptr_43_val|        scalar|
|input_ptr_75_val                                                                         |   in|   16|     ap_none|                                                                input_ptr_75_val|        scalar|
|input_ptr_107_val                                                                        |   in|   16|     ap_none|                                                               input_ptr_107_val|        scalar|
|input_ptr_139_val                                                                        |   in|   16|     ap_none|                                                               input_ptr_139_val|        scalar|
|input_ptr_171_val                                                                        |   in|   16|     ap_none|                                                               input_ptr_171_val|        scalar|
|input_ptr_203_val                                                                        |   in|   16|     ap_none|                                                               input_ptr_203_val|        scalar|
|input_ptr_12_val                                                                         |   in|   16|     ap_none|                                                                input_ptr_12_val|        scalar|
|input_ptr_44_val                                                                         |   in|   16|     ap_none|                                                                input_ptr_44_val|        scalar|
|input_ptr_76_val                                                                         |   in|   16|     ap_none|                                                                input_ptr_76_val|        scalar|
|input_ptr_108_val                                                                        |   in|   16|     ap_none|                                                               input_ptr_108_val|        scalar|
|input_ptr_140_val                                                                        |   in|   16|     ap_none|                                                               input_ptr_140_val|        scalar|
|input_ptr_172_val                                                                        |   in|   16|     ap_none|                                                               input_ptr_172_val|        scalar|
|input_ptr_204_val                                                                        |   in|   16|     ap_none|                                                               input_ptr_204_val|        scalar|
|input_ptr_13_val                                                                         |   in|   16|     ap_none|                                                                input_ptr_13_val|        scalar|
|input_ptr_45_val                                                                         |   in|   16|     ap_none|                                                                input_ptr_45_val|        scalar|
|input_ptr_77_val                                                                         |   in|   16|     ap_none|                                                                input_ptr_77_val|        scalar|
|input_ptr_109_val                                                                        |   in|   16|     ap_none|                                                               input_ptr_109_val|        scalar|
|input_ptr_141_val                                                                        |   in|   16|     ap_none|                                                               input_ptr_141_val|        scalar|
|input_ptr_173_val                                                                        |   in|   16|     ap_none|                                                               input_ptr_173_val|        scalar|
|input_ptr_205_val                                                                        |   in|   16|     ap_none|                                                               input_ptr_205_val|        scalar|
|input_ptr_14_val                                                                         |   in|   16|     ap_none|                                                                input_ptr_14_val|        scalar|
|input_ptr_46_val                                                                         |   in|   16|     ap_none|                                                                input_ptr_46_val|        scalar|
|input_ptr_78_val                                                                         |   in|   16|     ap_none|                                                                input_ptr_78_val|        scalar|
|input_ptr_110_val                                                                        |   in|   16|     ap_none|                                                               input_ptr_110_val|        scalar|
|input_ptr_142_val                                                                        |   in|   16|     ap_none|                                                               input_ptr_142_val|        scalar|
|input_ptr_174_val                                                                        |   in|   16|     ap_none|                                                               input_ptr_174_val|        scalar|
|input_ptr_206_val                                                                        |   in|   16|     ap_none|                                                               input_ptr_206_val|        scalar|
|input_ptr_15_val                                                                         |   in|   16|     ap_none|                                                                input_ptr_15_val|        scalar|
|input_ptr_47_val                                                                         |   in|   16|     ap_none|                                                                input_ptr_47_val|        scalar|
|input_ptr_79_val                                                                         |   in|   16|     ap_none|                                                                input_ptr_79_val|        scalar|
|input_ptr_111_val                                                                        |   in|   16|     ap_none|                                                               input_ptr_111_val|        scalar|
|input_ptr_143_val                                                                        |   in|   16|     ap_none|                                                               input_ptr_143_val|        scalar|
|input_ptr_175_val                                                                        |   in|   16|     ap_none|                                                               input_ptr_175_val|        scalar|
|input_ptr_207_val                                                                        |   in|   16|     ap_none|                                                               input_ptr_207_val|        scalar|
|input_ptr_16_val                                                                         |   in|   16|     ap_none|                                                                input_ptr_16_val|        scalar|
|input_ptr_48_val                                                                         |   in|   16|     ap_none|                                                                input_ptr_48_val|        scalar|
|input_ptr_80_val                                                                         |   in|   16|     ap_none|                                                                input_ptr_80_val|        scalar|
|input_ptr_112_val                                                                        |   in|   16|     ap_none|                                                               input_ptr_112_val|        scalar|
|input_ptr_144_val                                                                        |   in|   16|     ap_none|                                                               input_ptr_144_val|        scalar|
|input_ptr_176_val                                                                        |   in|   16|     ap_none|                                                               input_ptr_176_val|        scalar|
|input_ptr_208_val                                                                        |   in|   16|     ap_none|                                                               input_ptr_208_val|        scalar|
|input_ptr_17_val                                                                         |   in|   16|     ap_none|                                                                input_ptr_17_val|        scalar|
|input_ptr_49_val                                                                         |   in|   16|     ap_none|                                                                input_ptr_49_val|        scalar|
|input_ptr_81_val                                                                         |   in|   16|     ap_none|                                                                input_ptr_81_val|        scalar|
|input_ptr_113_val                                                                        |   in|   16|     ap_none|                                                               input_ptr_113_val|        scalar|
|input_ptr_145_val                                                                        |   in|   16|     ap_none|                                                               input_ptr_145_val|        scalar|
|input_ptr_177_val                                                                        |   in|   16|     ap_none|                                                               input_ptr_177_val|        scalar|
|input_ptr_209_val                                                                        |   in|   16|     ap_none|                                                               input_ptr_209_val|        scalar|
|input_ptr_18_val                                                                         |   in|   16|     ap_none|                                                                input_ptr_18_val|        scalar|
|input_ptr_50_val                                                                         |   in|   16|     ap_none|                                                                input_ptr_50_val|        scalar|
|input_ptr_82_val                                                                         |   in|   16|     ap_none|                                                                input_ptr_82_val|        scalar|
|input_ptr_114_val                                                                        |   in|   16|     ap_none|                                                               input_ptr_114_val|        scalar|
|input_ptr_146_val                                                                        |   in|   16|     ap_none|                                                               input_ptr_146_val|        scalar|
|input_ptr_178_val                                                                        |   in|   16|     ap_none|                                                               input_ptr_178_val|        scalar|
|input_ptr_210_val                                                                        |   in|   16|     ap_none|                                                               input_ptr_210_val|        scalar|
|input_ptr_19_val                                                                         |   in|   16|     ap_none|                                                                input_ptr_19_val|        scalar|
|input_ptr_51_val                                                                         |   in|   16|     ap_none|                                                                input_ptr_51_val|        scalar|
|input_ptr_83_val                                                                         |   in|   16|     ap_none|                                                                input_ptr_83_val|        scalar|
|input_ptr_115_val                                                                        |   in|   16|     ap_none|                                                               input_ptr_115_val|        scalar|
|input_ptr_147_val                                                                        |   in|   16|     ap_none|                                                               input_ptr_147_val|        scalar|
|input_ptr_179_val                                                                        |   in|   16|     ap_none|                                                               input_ptr_179_val|        scalar|
|input_ptr_211_val                                                                        |   in|   16|     ap_none|                                                               input_ptr_211_val|        scalar|
|input_ptr_20_val                                                                         |   in|   16|     ap_none|                                                                input_ptr_20_val|        scalar|
|input_ptr_52_val                                                                         |   in|   16|     ap_none|                                                                input_ptr_52_val|        scalar|
|input_ptr_84_val                                                                         |   in|   16|     ap_none|                                                                input_ptr_84_val|        scalar|
|input_ptr_116_val                                                                        |   in|   16|     ap_none|                                                               input_ptr_116_val|        scalar|
|input_ptr_148_val                                                                        |   in|   16|     ap_none|                                                               input_ptr_148_val|        scalar|
|input_ptr_180_val                                                                        |   in|   16|     ap_none|                                                               input_ptr_180_val|        scalar|
|input_ptr_212_val                                                                        |   in|   16|     ap_none|                                                               input_ptr_212_val|        scalar|
|input_ptr_21_val                                                                         |   in|   16|     ap_none|                                                                input_ptr_21_val|        scalar|
|input_ptr_53_val                                                                         |   in|   16|     ap_none|                                                                input_ptr_53_val|        scalar|
|input_ptr_85_val                                                                         |   in|   16|     ap_none|                                                                input_ptr_85_val|        scalar|
|input_ptr_117_val                                                                        |   in|   16|     ap_none|                                                               input_ptr_117_val|        scalar|
|input_ptr_149_val                                                                        |   in|   16|     ap_none|                                                               input_ptr_149_val|        scalar|
|input_ptr_181_val                                                                        |   in|   16|     ap_none|                                                               input_ptr_181_val|        scalar|
|input_ptr_213_val                                                                        |   in|   16|     ap_none|                                                               input_ptr_213_val|        scalar|
|input_ptr_22_val                                                                         |   in|   16|     ap_none|                                                                input_ptr_22_val|        scalar|
|input_ptr_54_val                                                                         |   in|   16|     ap_none|                                                                input_ptr_54_val|        scalar|
|input_ptr_86_val                                                                         |   in|   16|     ap_none|                                                                input_ptr_86_val|        scalar|
|input_ptr_118_val                                                                        |   in|   16|     ap_none|                                                               input_ptr_118_val|        scalar|
|input_ptr_150_val                                                                        |   in|   16|     ap_none|                                                               input_ptr_150_val|        scalar|
|input_ptr_182_val                                                                        |   in|   16|     ap_none|                                                               input_ptr_182_val|        scalar|
|input_ptr_214_val                                                                        |   in|   16|     ap_none|                                                               input_ptr_214_val|        scalar|
|input_ptr_23_val                                                                         |   in|   16|     ap_none|                                                                input_ptr_23_val|        scalar|
|input_ptr_55_val                                                                         |   in|   16|     ap_none|                                                                input_ptr_55_val|        scalar|
|input_ptr_87_val                                                                         |   in|   16|     ap_none|                                                                input_ptr_87_val|        scalar|
|input_ptr_119_val                                                                        |   in|   16|     ap_none|                                                               input_ptr_119_val|        scalar|
|input_ptr_151_val                                                                        |   in|   16|     ap_none|                                                               input_ptr_151_val|        scalar|
|input_ptr_183_val                                                                        |   in|   16|     ap_none|                                                               input_ptr_183_val|        scalar|
|input_ptr_215_val                                                                        |   in|   16|     ap_none|                                                               input_ptr_215_val|        scalar|
|input_ptr_24_val                                                                         |   in|   16|     ap_none|                                                                input_ptr_24_val|        scalar|
|input_ptr_56_val                                                                         |   in|   16|     ap_none|                                                                input_ptr_56_val|        scalar|
|input_ptr_88_val                                                                         |   in|   16|     ap_none|                                                                input_ptr_88_val|        scalar|
|input_ptr_120_val                                                                        |   in|   16|     ap_none|                                                               input_ptr_120_val|        scalar|
|input_ptr_152_val                                                                        |   in|   16|     ap_none|                                                               input_ptr_152_val|        scalar|
|input_ptr_184_val                                                                        |   in|   16|     ap_none|                                                               input_ptr_184_val|        scalar|
|input_ptr_216_val                                                                        |   in|   16|     ap_none|                                                               input_ptr_216_val|        scalar|
|input_ptr_25_val                                                                         |   in|   16|     ap_none|                                                                input_ptr_25_val|        scalar|
|input_ptr_57_val                                                                         |   in|   16|     ap_none|                                                                input_ptr_57_val|        scalar|
|input_ptr_89_val                                                                         |   in|   16|     ap_none|                                                                input_ptr_89_val|        scalar|
|input_ptr_121_val                                                                        |   in|   16|     ap_none|                                                               input_ptr_121_val|        scalar|
|input_ptr_153_val                                                                        |   in|   16|     ap_none|                                                               input_ptr_153_val|        scalar|
|input_ptr_185_val                                                                        |   in|   16|     ap_none|                                                               input_ptr_185_val|        scalar|
|input_ptr_217_val                                                                        |   in|   16|     ap_none|                                                               input_ptr_217_val|        scalar|
|input_ptr_26_val                                                                         |   in|   16|     ap_none|                                                                input_ptr_26_val|        scalar|
|input_ptr_58_val                                                                         |   in|   16|     ap_none|                                                                input_ptr_58_val|        scalar|
|input_ptr_90_val                                                                         |   in|   16|     ap_none|                                                                input_ptr_90_val|        scalar|
|input_ptr_122_val                                                                        |   in|   16|     ap_none|                                                               input_ptr_122_val|        scalar|
|input_ptr_154_val                                                                        |   in|   16|     ap_none|                                                               input_ptr_154_val|        scalar|
|input_ptr_186_val                                                                        |   in|   16|     ap_none|                                                               input_ptr_186_val|        scalar|
|input_ptr_218_val                                                                        |   in|   16|     ap_none|                                                               input_ptr_218_val|        scalar|
|input_ptr_27_val                                                                         |   in|   16|     ap_none|                                                                input_ptr_27_val|        scalar|
|input_ptr_59_val                                                                         |   in|   16|     ap_none|                                                                input_ptr_59_val|        scalar|
|input_ptr_91_val                                                                         |   in|   16|     ap_none|                                                                input_ptr_91_val|        scalar|
|input_ptr_123_val                                                                        |   in|   16|     ap_none|                                                               input_ptr_123_val|        scalar|
|input_ptr_155_val                                                                        |   in|   16|     ap_none|                                                               input_ptr_155_val|        scalar|
|input_ptr_187_val                                                                        |   in|   16|     ap_none|                                                               input_ptr_187_val|        scalar|
|input_ptr_219_val                                                                        |   in|   16|     ap_none|                                                               input_ptr_219_val|        scalar|
|input_ptr_28_val                                                                         |   in|   16|     ap_none|                                                                input_ptr_28_val|        scalar|
|input_ptr_60_val                                                                         |   in|   16|     ap_none|                                                                input_ptr_60_val|        scalar|
|input_ptr_92_val                                                                         |   in|   16|     ap_none|                                                                input_ptr_92_val|        scalar|
|input_ptr_124_val                                                                        |   in|   16|     ap_none|                                                               input_ptr_124_val|        scalar|
|input_ptr_156_val                                                                        |   in|   16|     ap_none|                                                               input_ptr_156_val|        scalar|
|input_ptr_188_val                                                                        |   in|   16|     ap_none|                                                               input_ptr_188_val|        scalar|
|input_ptr_220_val                                                                        |   in|   16|     ap_none|                                                               input_ptr_220_val|        scalar|
|input_ptr_29_val                                                                         |   in|   16|     ap_none|                                                                input_ptr_29_val|        scalar|
|input_ptr_61_val                                                                         |   in|   16|     ap_none|                                                                input_ptr_61_val|        scalar|
|input_ptr_93_val                                                                         |   in|   16|     ap_none|                                                                input_ptr_93_val|        scalar|
|input_ptr_125_val                                                                        |   in|   16|     ap_none|                                                               input_ptr_125_val|        scalar|
|input_ptr_157_val                                                                        |   in|   16|     ap_none|                                                               input_ptr_157_val|        scalar|
|input_ptr_189_val                                                                        |   in|   16|     ap_none|                                                               input_ptr_189_val|        scalar|
|input_ptr_221_val                                                                        |   in|   16|     ap_none|                                                               input_ptr_221_val|        scalar|
|input_ptr_30_val                                                                         |   in|   16|     ap_none|                                                                input_ptr_30_val|        scalar|
|input_ptr_62_val                                                                         |   in|   16|     ap_none|                                                                input_ptr_62_val|        scalar|
|input_ptr_94_val                                                                         |   in|   16|     ap_none|                                                                input_ptr_94_val|        scalar|
|input_ptr_126_val                                                                        |   in|   16|     ap_none|                                                               input_ptr_126_val|        scalar|
|input_ptr_158_val                                                                        |   in|   16|     ap_none|                                                               input_ptr_158_val|        scalar|
|input_ptr_190_val                                                                        |   in|   16|     ap_none|                                                               input_ptr_190_val|        scalar|
|input_ptr_222_val                                                                        |   in|   16|     ap_none|                                                               input_ptr_222_val|        scalar|
|input_ptr_31_val                                                                         |   in|   16|     ap_none|                                                                input_ptr_31_val|        scalar|
|input_ptr_63_val                                                                         |   in|   16|     ap_none|                                                                input_ptr_63_val|        scalar|
|input_ptr_95_val                                                                         |   in|   16|     ap_none|                                                                input_ptr_95_val|        scalar|
|input_ptr_127_val                                                                        |   in|   16|     ap_none|                                                               input_ptr_127_val|        scalar|
|input_ptr_159_val                                                                        |   in|   16|     ap_none|                                                               input_ptr_159_val|        scalar|
|input_ptr_191_val                                                                        |   in|   16|     ap_none|                                                               input_ptr_191_val|        scalar|
|input_ptr_223_val                                                                        |   in|   16|     ap_none|                                                               input_ptr_223_val|        scalar|
|p_out                                                                                    |  out|   34|      ap_vld|                                                                           p_out|       pointer|
|p_out_ap_vld                                                                             |  out|    1|      ap_vld|                                                                           p_out|       pointer|
|p_out1                                                                                   |  out|   34|      ap_vld|                                                                          p_out1|       pointer|
|p_out1_ap_vld                                                                            |  out|    1|      ap_vld|                                                                          p_out1|       pointer|
|p_out2                                                                                   |  out|   34|      ap_vld|                                                                          p_out2|       pointer|
|p_out2_ap_vld                                                                            |  out|    1|      ap_vld|                                                                          p_out2|       pointer|
|p_out3                                                                                   |  out|   34|      ap_vld|                                                                          p_out3|       pointer|
|p_out3_ap_vld                                                                            |  out|    1|      ap_vld|                                                                          p_out3|       pointer|
|p_out4                                                                                   |  out|   34|      ap_vld|                                                                          p_out4|       pointer|
|p_out4_ap_vld                                                                            |  out|    1|      ap_vld|                                                                          p_out4|       pointer|
|p_out5                                                                                   |  out|   34|      ap_vld|                                                                          p_out5|       pointer|
|p_out5_ap_vld                                                                            |  out|    1|      ap_vld|                                                                          p_out5|       pointer|
|p_out6                                                                                   |  out|   34|      ap_vld|                                                                          p_out6|       pointer|
|p_out6_ap_vld                                                                            |  out|    1|      ap_vld|                                                                          p_out6|       pointer|
|p_out7                                                                                   |  out|   34|      ap_vld|                                                                          p_out7|       pointer|
|p_out7_ap_vld                                                                            |  out|    1|      ap_vld|                                                                          p_out7|       pointer|
|p_out8                                                                                   |  out|   34|      ap_vld|                                                                          p_out8|       pointer|
|p_out8_ap_vld                                                                            |  out|    1|      ap_vld|                                                                          p_out8|       pointer|
|p_out9                                                                                   |  out|   34|      ap_vld|                                                                          p_out9|       pointer|
|p_out9_ap_vld                                                                            |  out|    1|      ap_vld|                                                                          p_out9|       pointer|
|p_out10                                                                                  |  out|   34|      ap_vld|                                                                         p_out10|       pointer|
|p_out10_ap_vld                                                                           |  out|    1|      ap_vld|                                                                         p_out10|       pointer|
|p_out11                                                                                  |  out|   34|      ap_vld|                                                                         p_out11|       pointer|
|p_out11_ap_vld                                                                           |  out|    1|      ap_vld|                                                                         p_out11|       pointer|
|p_out12                                                                                  |  out|   34|      ap_vld|                                                                         p_out12|       pointer|
|p_out12_ap_vld                                                                           |  out|    1|      ap_vld|                                                                         p_out12|       pointer|
|p_out13                                                                                  |  out|   34|      ap_vld|                                                                         p_out13|       pointer|
|p_out13_ap_vld                                                                           |  out|    1|      ap_vld|                                                                         p_out13|       pointer|
|p_out14                                                                                  |  out|   34|      ap_vld|                                                                         p_out14|       pointer|
|p_out14_ap_vld                                                                           |  out|    1|      ap_vld|                                                                         p_out14|       pointer|
|p_out15                                                                                  |  out|   34|      ap_vld|                                                                         p_out15|       pointer|
|p_out15_ap_vld                                                                           |  out|    1|      ap_vld|                                                                         p_out15|       pointer|
|p_out16                                                                                  |  out|   34|      ap_vld|                                                                         p_out16|       pointer|
|p_out16_ap_vld                                                                           |  out|    1|      ap_vld|                                                                         p_out16|       pointer|
|p_out17                                                                                  |  out|   34|      ap_vld|                                                                         p_out17|       pointer|
|p_out17_ap_vld                                                                           |  out|    1|      ap_vld|                                                                         p_out17|       pointer|
|p_out18                                                                                  |  out|   34|      ap_vld|                                                                         p_out18|       pointer|
|p_out18_ap_vld                                                                           |  out|    1|      ap_vld|                                                                         p_out18|       pointer|
|p_out19                                                                                  |  out|   34|      ap_vld|                                                                         p_out19|       pointer|
|p_out19_ap_vld                                                                           |  out|    1|      ap_vld|                                                                         p_out19|       pointer|
|p_out20                                                                                  |  out|   34|      ap_vld|                                                                         p_out20|       pointer|
|p_out20_ap_vld                                                                           |  out|    1|      ap_vld|                                                                         p_out20|       pointer|
|p_out21                                                                                  |  out|   34|      ap_vld|                                                                         p_out21|       pointer|
|p_out21_ap_vld                                                                           |  out|    1|      ap_vld|                                                                         p_out21|       pointer|
|p_out22                                                                                  |  out|   34|      ap_vld|                                                                         p_out22|       pointer|
|p_out22_ap_vld                                                                           |  out|    1|      ap_vld|                                                                         p_out22|       pointer|
|p_out23                                                                                  |  out|   34|      ap_vld|                                                                         p_out23|       pointer|
|p_out23_ap_vld                                                                           |  out|    1|      ap_vld|                                                                         p_out23|       pointer|
|p_out24                                                                                  |  out|   34|      ap_vld|                                                                         p_out24|       pointer|
|p_out24_ap_vld                                                                           |  out|    1|      ap_vld|                                                                         p_out24|       pointer|
|p_out25                                                                                  |  out|   34|      ap_vld|                                                                         p_out25|       pointer|
|p_out25_ap_vld                                                                           |  out|    1|      ap_vld|                                                                         p_out25|       pointer|
|p_out26                                                                                  |  out|   34|      ap_vld|                                                                         p_out26|       pointer|
|p_out26_ap_vld                                                                           |  out|    1|      ap_vld|                                                                         p_out26|       pointer|
|p_out27                                                                                  |  out|   34|      ap_vld|                                                                         p_out27|       pointer|
|p_out27_ap_vld                                                                           |  out|    1|      ap_vld|                                                                         p_out27|       pointer|
|p_out28                                                                                  |  out|   34|      ap_vld|                                                                         p_out28|       pointer|
|p_out28_ap_vld                                                                           |  out|    1|      ap_vld|                                                                         p_out28|       pointer|
|p_out29                                                                                  |  out|   34|      ap_vld|                                                                         p_out29|       pointer|
|p_out29_ap_vld                                                                           |  out|    1|      ap_vld|                                                                         p_out29|       pointer|
|p_out30                                                                                  |  out|   34|      ap_vld|                                                                         p_out30|       pointer|
|p_out30_ap_vld                                                                           |  out|    1|      ap_vld|                                                                         p_out30|       pointer|
|p_out31                                                                                  |  out|   34|      ap_vld|                                                                         p_out31|       pointer|
|p_out31_ap_vld                                                                           |  out|    1|      ap_vld|                                                                         p_out31|       pointer|
|SubbandBand0TopQ610_ap_int_const_ap_int_const_ap_int_const_ap_int_const_ap_i_2_address0  |  out|   10|   ap_stable|  SubbandBand0TopQ610_ap_int_const_ap_int_const_ap_int_const_ap_int_const_ap_i_2|         array|
|SubbandBand0TopQ610_ap_int_const_ap_int_const_ap_int_const_ap_int_const_ap_i_2_ce0       |  out|    1|   ap_stable|  SubbandBand0TopQ610_ap_int_const_ap_int_const_ap_int_const_ap_int_const_ap_i_2|         array|
|SubbandBand0TopQ610_ap_int_const_ap_int_const_ap_int_const_ap_int_const_ap_i_2_q0        |   in|  512|   ap_stable|  SubbandBand0TopQ610_ap_int_const_ap_int_const_ap_int_const_ap_int_const_ap_i_2|         array|
+-----------------------------------------------------------------------------------------+-----+-----+------------+--------------------------------------------------------------------------------+--------------+

