

================================================================
== Vitis HLS Report for 'p_anonymous_namespace_RunBand0OptimizedCoreQ610'
================================================================
* Date:           Wed May 13 19:58:59 2026

* Version:        2023.2 (Build 4023990 on Oct 11 2023)
* Project:        subband_q610_zybo_z7_20_hls
* Solution:       solution1 (Vivado IP Flow Target)
* Product family: zynq
* Target device:  xc7z020-clg400-1


================================================================
== Performance Estimates
================================================================
+ Timing: 
    * Summary: 
    +--------+----------+----------+------------+
    |  Clock |  Target  | Estimated| Uncertainty|
    +--------+----------+----------+------------+
    |ap_clk  |  10.00 ns|  8.733 ns|     2.70 ns|
    +--------+----------+----------+------------+

+ Latency: 
    * Summary: 
    +----------+----------+-----------+-----------+----------+----------+---------+
    |   Latency (cycles)  |   Latency (absolute)  |       Interval      | Pipeline|
    |    min   |    max   |    min    |    max    |    min   |    max   |   Type  |
    +----------+----------+-----------+-----------+----------+----------+---------+
    |  57109945|  57109945|  0.571 sec|  0.571 sec|  57109945|  57109945|       no|
    +----------+----------+-----------+-----------+----------+----------+---------+

    + Detail: 
        * Instance: 
        +----------------------------------------------------------------+-----------------------------------------------------+----------+----------+-----------+-----------+----------+----------+----------+
        |                                                                |                                                     |   Latency (cycles)  |   Latency (absolute)  |       Interval      | Pipeline |
        |                            Instance                            |                        Module                       |    min   |    max   |    min    |    max    |    min   |    max   |   Type   |
        +----------------------------------------------------------------+-----------------------------------------------------+----------+----------+-----------+-----------+----------+----------+----------+
        |grp_p_anonymous_namespace_RunBand0OptimizedDataflowQ610_fu_122  |p_anonymous_namespace_RunBand0OptimizedDataflowQ610  |  57109944|  57109944|  0.571 sec|  0.571 sec|  57109922|  57109922|  dataflow|
        +----------------------------------------------------------------+-----------------------------------------------------+----------+----------+-----------+-----------+----------+----------+----------+

        * Loop: 
        N/A



================================================================
== Utilization Estimates
================================================================
* Summary: 
+-----------------+---------+-----+--------+-------+-----+
|       Name      | BRAM_18K| DSP |   FF   |  LUT  | URAM|
+-----------------+---------+-----+--------+-------+-----+
|DSP              |        -|    -|       -|      -|    -|
|Expression       |        -|    -|       0|      4|    -|
|FIFO             |        -|    -|       -|      -|    -|
|Instance         |       15|  219|   48642|  41567|    0|
|Memory           |        -|    -|       -|      -|    -|
|Multiplexer      |        -|    -|       -|     59|    -|
|Register         |        -|    -|       5|      -|    -|
+-----------------+---------+-----+--------+-------+-----+
|Total            |       15|  219|   48647|  41630|    0|
+-----------------+---------+-----+--------+-------+-----+
|Available        |      280|  220|  106400|  53200|    0|
+-----------------+---------+-----+--------+-------+-----+
|Utilization (%)  |        5|   99|      45|     78|    0|
+-----------------+---------+-----+--------+-------+-----+

+ Detail: 
    * Instance: 
    +----------------------------------------------------------------+-----------------------------------------------------+---------+-----+-------+-------+-----+
    |                            Instance                            |                        Module                       | BRAM_18K| DSP |   FF  |  LUT  | URAM|
    +----------------------------------------------------------------+-----------------------------------------------------+---------+-----+-------+-------+-----+
    |grp_p_anonymous_namespace_RunBand0OptimizedDataflowQ610_fu_122  |p_anonymous_namespace_RunBand0OptimizedDataflowQ610  |       15|  219|  48642|  41567|    0|
    +----------------------------------------------------------------+-----------------------------------------------------+---------+-----+-------+-------+-----+
    |Total                                                           |                                                     |       15|  219|  48642|  41567|    0|
    +----------------------------------------------------------------+-----------------------------------------------------+---------+-----+-------+-------+-----+

    * DSP: 
    N/A

    * Memory: 
    N/A

    * FIFO: 
    N/A

    * Expression: 
    +---------------------------------------------------------------------------------+----------+----+---+----+------------+------------+
    |                                  Variable Name                                  | Operation| DSP| FF| LUT| Bitwidth P0| Bitwidth P1|
    +---------------------------------------------------------------------------------+----------+----+---+----+------------+------------+
    |ap_sync_grp_p_anonymous_namespace_RunBand0OptimizedDataflowQ610_fu_122_ap_done   |        or|   0|  0|   2|           1|           1|
    |ap_sync_grp_p_anonymous_namespace_RunBand0OptimizedDataflowQ610_fu_122_ap_ready  |        or|   0|  0|   2|           1|           1|
    +---------------------------------------------------------------------------------+----------+----+---+----+------------+------------+
    |Total                                                                            |          |   0|  0|   4|           2|           2|
    +---------------------------------------------------------------------------------+----------+----+---+----+------------+------------+

    * Multiplexer: 
    +------------------------+----+-----------+-----+-----------+
    |          Name          | LUT| Input Size| Bits| Total Bits|
    +------------------------+----+-----------+-----+-----------+
    |ap_NS_fsm               |  14|          3|    1|          3|
    |m_axi_gmem_in_ARVALID   |   9|          2|    1|          2|
    |m_axi_gmem_in_RREADY    |   9|          2|    1|          2|
    |m_axi_gmem_out_AWVALID  |   9|          2|    1|          2|
    |m_axi_gmem_out_BREADY   |   9|          2|    1|          2|
    |m_axi_gmem_out_WVALID   |   9|          2|    1|          2|
    +------------------------+----+-----------+-----+-----------+
    |Total                   |  59|         13|    6|         13|
    +------------------------+----+-----------+-----+-----------+

    * Register: 
    +-------------------------------------------------------------------------------------+---+----+-----+-----------+
    |                                         Name                                        | FF| LUT| Bits| Const Bits|
    +-------------------------------------------------------------------------------------+---+----+-----+-----------+
    |ap_CS_fsm                                                                            |  2|   0|    2|          0|
    |ap_sync_reg_grp_p_anonymous_namespace_RunBand0OptimizedDataflowQ610_fu_122_ap_done   |  1|   0|    1|          0|
    |ap_sync_reg_grp_p_anonymous_namespace_RunBand0OptimizedDataflowQ610_fu_122_ap_ready  |  1|   0|    1|          0|
    |grp_p_anonymous_namespace_RunBand0OptimizedDataflowQ610_fu_122_ap_start_reg          |  1|   0|    1|          0|
    +-------------------------------------------------------------------------------------+---+----+-----+-----------+
    |Total                                                                                |  5|   0|    5|          0|
    +-------------------------------------------------------------------------------------+---+----+-----+-----------+



================================================================
== Interface
================================================================
* Summary: 
+------------------------------------------------------------------------------------------+-----+-----+------------+---------------------------------------------------------------------------------+--------------+
|                                         RTL Ports                                        | Dir | Bits|  Protocol  |                                  Source Object                                  |    C Type    |
+------------------------------------------------------------------------------------------+-----+-----+------------+---------------------------------------------------------------------------------+--------------+
|ap_clk                                                                                    |   in|    1|  ap_ctrl_hs|                                   (anonymous namespace)RunBand0OptimizedCoreQ610|  return value|
|ap_rst                                                                                    |   in|    1|  ap_ctrl_hs|                                   (anonymous namespace)RunBand0OptimizedCoreQ610|  return value|
|ap_start                                                                                  |   in|    1|  ap_ctrl_hs|                                   (anonymous namespace)RunBand0OptimizedCoreQ610|  return value|
|ap_done                                                                                   |  out|    1|  ap_ctrl_hs|                                   (anonymous namespace)RunBand0OptimizedCoreQ610|  return value|
|ap_idle                                                                                   |  out|    1|  ap_ctrl_hs|                                   (anonymous namespace)RunBand0OptimizedCoreQ610|  return value|
|ap_ready                                                                                  |  out|    1|  ap_ctrl_hs|                                   (anonymous namespace)RunBand0OptimizedCoreQ610|  return value|
|m_axi_gmem_in_AWVALID                                                                     |  out|    1|       m_axi|                                                                          gmem_in|       pointer|
|m_axi_gmem_in_AWREADY                                                                     |   in|    1|       m_axi|                                                                          gmem_in|       pointer|
|m_axi_gmem_in_AWADDR                                                                      |  out|   32|       m_axi|                                                                          gmem_in|       pointer|
|m_axi_gmem_in_AWID                                                                        |  out|    1|       m_axi|                                                                          gmem_in|       pointer|
|m_axi_gmem_in_AWLEN                                                                       |  out|   32|       m_axi|                                                                          gmem_in|       pointer|
|m_axi_gmem_in_AWSIZE                                                                      |  out|    3|       m_axi|                                                                          gmem_in|       pointer|
|m_axi_gmem_in_AWBURST                                                                     |  out|    2|       m_axi|                                                                          gmem_in|       pointer|
|m_axi_gmem_in_AWLOCK                                                                      |  out|    2|       m_axi|                                                                          gmem_in|       pointer|
|m_axi_gmem_in_AWCACHE                                                                     |  out|    4|       m_axi|                                                                          gmem_in|       pointer|
|m_axi_gmem_in_AWPROT                                                                      |  out|    3|       m_axi|                                                                          gmem_in|       pointer|
|m_axi_gmem_in_AWQOS                                                                       |  out|    4|       m_axi|                                                                          gmem_in|       pointer|
|m_axi_gmem_in_AWREGION                                                                    |  out|    4|       m_axi|                                                                          gmem_in|       pointer|
|m_axi_gmem_in_AWUSER                                                                      |  out|    1|       m_axi|                                                                          gmem_in|       pointer|
|m_axi_gmem_in_WVALID                                                                      |  out|    1|       m_axi|                                                                          gmem_in|       pointer|
|m_axi_gmem_in_WREADY                                                                      |   in|    1|       m_axi|                                                                          gmem_in|       pointer|
|m_axi_gmem_in_WDATA                                                                       |  out|   16|       m_axi|                                                                          gmem_in|       pointer|
|m_axi_gmem_in_WSTRB                                                                       |  out|    2|       m_axi|                                                                          gmem_in|       pointer|
|m_axi_gmem_in_WLAST                                                                       |  out|    1|       m_axi|                                                                          gmem_in|       pointer|
|m_axi_gmem_in_WID                                                                         |  out|    1|       m_axi|                                                                          gmem_in|       pointer|
|m_axi_gmem_in_WUSER                                                                       |  out|    1|       m_axi|                                                                          gmem_in|       pointer|
|m_axi_gmem_in_ARVALID                                                                     |  out|    1|       m_axi|                                                                          gmem_in|       pointer|
|m_axi_gmem_in_ARREADY                                                                     |   in|    1|       m_axi|                                                                          gmem_in|       pointer|
|m_axi_gmem_in_ARADDR                                                                      |  out|   32|       m_axi|                                                                          gmem_in|       pointer|
|m_axi_gmem_in_ARID                                                                        |  out|    1|       m_axi|                                                                          gmem_in|       pointer|
|m_axi_gmem_in_ARLEN                                                                       |  out|   32|       m_axi|                                                                          gmem_in|       pointer|
|m_axi_gmem_in_ARSIZE                                                                      |  out|    3|       m_axi|                                                                          gmem_in|       pointer|
|m_axi_gmem_in_ARBURST                                                                     |  out|    2|       m_axi|                                                                          gmem_in|       pointer|
|m_axi_gmem_in_ARLOCK                                                                      |  out|    2|       m_axi|                                                                          gmem_in|       pointer|
|m_axi_gmem_in_ARCACHE                                                                     |  out|    4|       m_axi|                                                                          gmem_in|       pointer|
|m_axi_gmem_in_ARPROT                                                                      |  out|    3|       m_axi|                                                                          gmem_in|       pointer|
|m_axi_gmem_in_ARQOS                                                                       |  out|    4|       m_axi|                                                                          gmem_in|       pointer|
|m_axi_gmem_in_ARREGION                                                                    |  out|    4|       m_axi|                                                                          gmem_in|       pointer|
|m_axi_gmem_in_ARUSER                                                                      |  out|    1|       m_axi|                                                                          gmem_in|       pointer|
|m_axi_gmem_in_RVALID                                                                      |   in|    1|       m_axi|                                                                          gmem_in|       pointer|
|m_axi_gmem_in_RREADY                                                                      |  out|    1|       m_axi|                                                                          gmem_in|       pointer|
|m_axi_gmem_in_RDATA                                                                       |   in|   16|       m_axi|                                                                          gmem_in|       pointer|
|m_axi_gmem_in_RLAST                                                                       |   in|    1|       m_axi|                                                                          gmem_in|       pointer|
|m_axi_gmem_in_RID                                                                         |   in|    1|       m_axi|                                                                          gmem_in|       pointer|
|m_axi_gmem_in_RFIFONUM                                                                    |   in|    6|       m_axi|                                                                          gmem_in|       pointer|
|m_axi_gmem_in_RUSER                                                                       |   in|    1|       m_axi|                                                                          gmem_in|       pointer|
|m_axi_gmem_in_RRESP                                                                       |   in|    2|       m_axi|                                                                          gmem_in|       pointer|
|m_axi_gmem_in_BVALID                                                                      |   in|    1|       m_axi|                                                                          gmem_in|       pointer|
|m_axi_gmem_in_BREADY                                                                      |  out|    1|       m_axi|                                                                          gmem_in|       pointer|
|m_axi_gmem_in_BRESP                                                                       |   in|    2|       m_axi|                                                                          gmem_in|       pointer|
|m_axi_gmem_in_BID                                                                         |   in|    1|       m_axi|                                                                          gmem_in|       pointer|
|m_axi_gmem_in_BUSER                                                                       |   in|    1|       m_axi|                                                                          gmem_in|       pointer|
|noisy_input_q610                                                                          |   in|   32|     ap_none|                                                                 noisy_input_q610|        scalar|
|fb_output_q610                                                                            |   in|   32|     ap_none|                                                                   fb_output_q610|        scalar|
|m_axi_gmem_out_AWVALID                                                                    |  out|    1|       m_axi|                                                                         gmem_out|       pointer|
|m_axi_gmem_out_AWREADY                                                                    |   in|    1|       m_axi|                                                                         gmem_out|       pointer|
|m_axi_gmem_out_AWADDR                                                                     |  out|   32|       m_axi|                                                                         gmem_out|       pointer|
|m_axi_gmem_out_AWID                                                                       |  out|    1|       m_axi|                                                                         gmem_out|       pointer|
|m_axi_gmem_out_AWLEN                                                                      |  out|   32|       m_axi|                                                                         gmem_out|       pointer|
|m_axi_gmem_out_AWSIZE                                                                     |  out|    3|       m_axi|                                                                         gmem_out|       pointer|
|m_axi_gmem_out_AWBURST                                                                    |  out|    2|       m_axi|                                                                         gmem_out|       pointer|
|m_axi_gmem_out_AWLOCK                                                                     |  out|    2|       m_axi|                                                                         gmem_out|       pointer|
|m_axi_gmem_out_AWCACHE                                                                    |  out|    4|       m_axi|                                                                         gmem_out|       pointer|
|m_axi_gmem_out_AWPROT                                                                     |  out|    3|       m_axi|                                                                         gmem_out|       pointer|
|m_axi_gmem_out_AWQOS                                                                      |  out|    4|       m_axi|                                                                         gmem_out|       pointer|
|m_axi_gmem_out_AWREGION                                                                   |  out|    4|       m_axi|                                                                         gmem_out|       pointer|
|m_axi_gmem_out_AWUSER                                                                     |  out|    1|       m_axi|                                                                         gmem_out|       pointer|
|m_axi_gmem_out_WVALID                                                                     |  out|    1|       m_axi|                                                                         gmem_out|       pointer|
|m_axi_gmem_out_WREADY                                                                     |   in|    1|       m_axi|                                                                         gmem_out|       pointer|
|m_axi_gmem_out_WDATA                                                                      |  out|   16|       m_axi|                                                                         gmem_out|       pointer|
|m_axi_gmem_out_WSTRB                                                                      |  out|    2|       m_axi|                                                                         gmem_out|       pointer|
|m_axi_gmem_out_WLAST                                                                      |  out|    1|       m_axi|                                                                         gmem_out|       pointer|
|m_axi_gmem_out_WID                                                                        |  out|    1|       m_axi|                                                                         gmem_out|       pointer|
|m_axi_gmem_out_WUSER                                                                      |  out|    1|       m_axi|                                                                         gmem_out|       pointer|
|m_axi_gmem_out_ARVALID                                                                    |  out|    1|       m_axi|                                                                         gmem_out|       pointer|
|m_axi_gmem_out_ARREADY                                                                    |   in|    1|       m_axi|                                                                         gmem_out|       pointer|
|m_axi_gmem_out_ARADDR                                                                     |  out|   32|       m_axi|                                                                         gmem_out|       pointer|
|m_axi_gmem_out_ARID                                                                       |  out|    1|       m_axi|                                                                         gmem_out|       pointer|
|m_axi_gmem_out_ARLEN                                                                      |  out|   32|       m_axi|                                                                         gmem_out|       pointer|
|m_axi_gmem_out_ARSIZE                                                                     |  out|    3|       m_axi|                                                                         gmem_out|       pointer|
|m_axi_gmem_out_ARBURST                                                                    |  out|    2|       m_axi|                                                                         gmem_out|       pointer|
|m_axi_gmem_out_ARLOCK                                                                     |  out|    2|       m_axi|                                                                         gmem_out|       pointer|
|m_axi_gmem_out_ARCACHE                                                                    |  out|    4|       m_axi|                                                                         gmem_out|       pointer|
|m_axi_gmem_out_ARPROT                                                                     |  out|    3|       m_axi|                                                                         gmem_out|       pointer|
|m_axi_gmem_out_ARQOS                                                                      |  out|    4|       m_axi|                                                                         gmem_out|       pointer|
|m_axi_gmem_out_ARREGION                                                                   |  out|    4|       m_axi|                                                                         gmem_out|       pointer|
|m_axi_gmem_out_ARUSER                                                                     |  out|    1|       m_axi|                                                                         gmem_out|       pointer|
|m_axi_gmem_out_RVALID                                                                     |   in|    1|       m_axi|                                                                         gmem_out|       pointer|
|m_axi_gmem_out_RREADY                                                                     |  out|    1|       m_axi|                                                                         gmem_out|       pointer|
|m_axi_gmem_out_RDATA                                                                      |   in|   16|       m_axi|                                                                         gmem_out|       pointer|
|m_axi_gmem_out_RLAST                                                                      |   in|    1|       m_axi|                                                                         gmem_out|       pointer|
|m_axi_gmem_out_RID                                                                        |   in|    1|       m_axi|                                                                         gmem_out|       pointer|
|m_axi_gmem_out_RFIFONUM                                                                   |   in|    6|       m_axi|                                                                         gmem_out|       pointer|
|m_axi_gmem_out_RUSER                                                                      |   in|    1|       m_axi|                                                                         gmem_out|       pointer|
|m_axi_gmem_out_RRESP                                                                      |   in|    2|       m_axi|                                                                         gmem_out|       pointer|
|m_axi_gmem_out_BVALID                                                                     |   in|    1|       m_axi|                                                                         gmem_out|       pointer|
|m_axi_gmem_out_BREADY                                                                     |  out|    1|       m_axi|                                                                         gmem_out|       pointer|
|m_axi_gmem_out_BRESP                                                                      |   in|    2|       m_axi|                                                                         gmem_out|       pointer|
|m_axi_gmem_out_BID                                                                        |   in|    1|       m_axi|                                                                         gmem_out|       pointer|
|m_axi_gmem_out_BUSER                                                                      |   in|    1|       m_axi|                                                                         gmem_out|       pointer|
|df_coef_q610                                                                              |   in|   32|     ap_none|                                                                     df_coef_q610|        scalar|
|SubbandBand0TopQ610_ap_int_const_ap_int_const_ap_int_const_ap_int_const_ap_i_12_address0  |  out|   11|   ap_memory|  SubbandBand0TopQ610_ap_int_const_ap_int_const_ap_int_const_ap_int_const_ap_i_12|         array|
|SubbandBand0TopQ610_ap_int_const_ap_int_const_ap_int_const_ap_int_const_ap_i_12_ce0       |  out|    1|   ap_memory|  SubbandBand0TopQ610_ap_int_const_ap_int_const_ap_int_const_ap_int_const_ap_i_12|         array|
|SubbandBand0TopQ610_ap_int_const_ap_int_const_ap_int_const_ap_int_const_ap_i_12_q0        |   in|   64|   ap_memory|  SubbandBand0TopQ610_ap_int_const_ap_int_const_ap_int_const_ap_int_const_ap_i_12|         array|
|SubbandBand0TopQ610_ap_int_const_ap_int_const_ap_int_const_ap_int_const_ap_i_14_address0  |  out|   10|   ap_memory|  SubbandBand0TopQ610_ap_int_const_ap_int_const_ap_int_const_ap_int_const_ap_i_14|         array|
|SubbandBand0TopQ610_ap_int_const_ap_int_const_ap_int_const_ap_int_const_ap_i_14_ce0       |  out|    1|   ap_memory|  SubbandBand0TopQ610_ap_int_const_ap_int_const_ap_int_const_ap_int_const_ap_i_14|         array|
|SubbandBand0TopQ610_ap_int_const_ap_int_const_ap_int_const_ap_int_const_ap_i_14_q0        |   in|  512|   ap_memory|  SubbandBand0TopQ610_ap_int_const_ap_int_const_ap_int_const_ap_int_const_ap_i_14|         array|
|SubbandBand0TopQ610_ap_int_const_ap_int_const_ap_int_const_ap_int_const_ap_i_11_address0  |  out|   11|   ap_memory|  SubbandBand0TopQ610_ap_int_const_ap_int_const_ap_int_const_ap_int_const_ap_i_11|         array|
|SubbandBand0TopQ610_ap_int_const_ap_int_const_ap_int_const_ap_int_const_ap_i_11_ce0       |  out|    1|   ap_memory|  SubbandBand0TopQ610_ap_int_const_ap_int_const_ap_int_const_ap_int_const_ap_i_11|         array|
|SubbandBand0TopQ610_ap_int_const_ap_int_const_ap_int_const_ap_int_const_ap_i_11_q0        |   in|   64|   ap_memory|  SubbandBand0TopQ610_ap_int_const_ap_int_const_ap_int_const_ap_int_const_ap_i_11|         array|
|SubbandBand0TopQ610_ap_int_const_ap_int_const_ap_int_const_ap_int_const_ap_i_13_address0  |  out|   10|   ap_memory|  SubbandBand0TopQ610_ap_int_const_ap_int_const_ap_int_const_ap_int_const_ap_i_13|         array|
|SubbandBand0TopQ610_ap_int_const_ap_int_const_ap_int_const_ap_int_const_ap_i_13_ce0       |  out|    1|   ap_memory|  SubbandBand0TopQ610_ap_int_const_ap_int_const_ap_int_const_ap_int_const_ap_i_13|         array|
|SubbandBand0TopQ610_ap_int_const_ap_int_const_ap_int_const_ap_int_const_ap_i_13_q0        |   in|  512|   ap_memory|  SubbandBand0TopQ610_ap_int_const_ap_int_const_ap_int_const_ap_int_const_ap_i_13|         array|
|SubbandBand0TopQ610_ap_int_const_ap_int_const_ap_int_const_ap_int_const_ap_i_20_address0  |  out|    8|   ap_memory|  SubbandBand0TopQ610_ap_int_const_ap_int_const_ap_int_const_ap_int_const_ap_i_20|         array|
|SubbandBand0TopQ610_ap_int_const_ap_int_const_ap_int_const_ap_int_const_ap_i_20_ce0       |  out|    1|   ap_memory|  SubbandBand0TopQ610_ap_int_const_ap_int_const_ap_int_const_ap_int_const_ap_i_20|         array|
|SubbandBand0TopQ610_ap_int_const_ap_int_const_ap_int_const_ap_int_const_ap_i_20_q0        |   in|   16|   ap_memory|  SubbandBand0TopQ610_ap_int_const_ap_int_const_ap_int_const_ap_int_const_ap_i_20|         array|
|SubbandBand0TopQ610_ap_int_const_ap_int_const_ap_int_const_ap_int_const_ap_i_20_address1  |  out|    8|   ap_memory|  SubbandBand0TopQ610_ap_int_const_ap_int_const_ap_int_const_ap_int_const_ap_i_20|         array|
|SubbandBand0TopQ610_ap_int_const_ap_int_const_ap_int_const_ap_int_const_ap_i_20_ce1       |  out|    1|   ap_memory|  SubbandBand0TopQ610_ap_int_const_ap_int_const_ap_int_const_ap_int_const_ap_i_20|         array|
|SubbandBand0TopQ610_ap_int_const_ap_int_const_ap_int_const_ap_int_const_ap_i_20_q1        |   in|   16|   ap_memory|  SubbandBand0TopQ610_ap_int_const_ap_int_const_ap_int_const_ap_int_const_ap_i_20|         array|
|SubbandBand0TopQ610_ap_int_const_ap_int_const_ap_int_const_ap_int_const_ap_i_19_address0  |  out|    8|   ap_memory|  SubbandBand0TopQ610_ap_int_const_ap_int_const_ap_int_const_ap_int_const_ap_i_19|         array|
|SubbandBand0TopQ610_ap_int_const_ap_int_const_ap_int_const_ap_int_const_ap_i_19_ce0       |  out|    1|   ap_memory|  SubbandBand0TopQ610_ap_int_const_ap_int_const_ap_int_const_ap_int_const_ap_i_19|         array|
|SubbandBand0TopQ610_ap_int_const_ap_int_const_ap_int_const_ap_int_const_ap_i_19_q0        |   in|   16|   ap_memory|  SubbandBand0TopQ610_ap_int_const_ap_int_const_ap_int_const_ap_int_const_ap_i_19|         array|
|SubbandBand0TopQ610_ap_int_const_ap_int_const_ap_int_const_ap_int_const_ap_i_19_address1  |  out|    8|   ap_memory|  SubbandBand0TopQ610_ap_int_const_ap_int_const_ap_int_const_ap_int_const_ap_i_19|         array|
|SubbandBand0TopQ610_ap_int_const_ap_int_const_ap_int_const_ap_int_const_ap_i_19_ce1       |  out|    1|   ap_memory|  SubbandBand0TopQ610_ap_int_const_ap_int_const_ap_int_const_ap_int_const_ap_i_19|         array|
|SubbandBand0TopQ610_ap_int_const_ap_int_const_ap_int_const_ap_int_const_ap_i_19_q1        |   in|   16|   ap_memory|  SubbandBand0TopQ610_ap_int_const_ap_int_const_ap_int_const_ap_int_const_ap_i_19|         array|
|SubbandBand0TopQ610_ap_int_const_ap_int_const_ap_int_const_ap_int_const_ap_i_16_address0  |  out|    7|   ap_memory|  SubbandBand0TopQ610_ap_int_const_ap_int_const_ap_int_const_ap_int_const_ap_i_16|         array|
|SubbandBand0TopQ610_ap_int_const_ap_int_const_ap_int_const_ap_int_const_ap_i_16_ce0       |  out|    1|   ap_memory|  SubbandBand0TopQ610_ap_int_const_ap_int_const_ap_int_const_ap_int_const_ap_i_16|         array|
|SubbandBand0TopQ610_ap_int_const_ap_int_const_ap_int_const_ap_int_const_ap_i_16_q0        |   in|   16|   ap_memory|  SubbandBand0TopQ610_ap_int_const_ap_int_const_ap_int_const_ap_int_const_ap_i_16|         array|
|SubbandBand0TopQ610_ap_int_const_ap_int_const_ap_int_const_ap_int_const_ap_i_15_address0  |  out|    7|   ap_memory|  SubbandBand0TopQ610_ap_int_const_ap_int_const_ap_int_const_ap_int_const_ap_i_15|         array|
|SubbandBand0TopQ610_ap_int_const_ap_int_const_ap_int_const_ap_int_const_ap_i_15_ce0       |  out|    1|   ap_memory|  SubbandBand0TopQ610_ap_int_const_ap_int_const_ap_int_const_ap_int_const_ap_i_15|         array|
|SubbandBand0TopQ610_ap_int_const_ap_int_const_ap_int_const_ap_int_const_ap_i_15_q0        |   in|   16|   ap_memory|  SubbandBand0TopQ610_ap_int_const_ap_int_const_ap_int_const_ap_int_const_ap_i_15|         array|
|SubbandBand0TopQ610_ap_int_const_ap_int_const_ap_int_const_ap_int_const_ap_i_18_address0  |  out|    7|   ap_memory|  SubbandBand0TopQ610_ap_int_const_ap_int_const_ap_int_const_ap_int_const_ap_i_18|         array|
|SubbandBand0TopQ610_ap_int_const_ap_int_const_ap_int_const_ap_int_const_ap_i_18_ce0       |  out|    1|   ap_memory|  SubbandBand0TopQ610_ap_int_const_ap_int_const_ap_int_const_ap_int_const_ap_i_18|         array|
|SubbandBand0TopQ610_ap_int_const_ap_int_const_ap_int_const_ap_int_const_ap_i_18_q0        |   in|   16|   ap_memory|  SubbandBand0TopQ610_ap_int_const_ap_int_const_ap_int_const_ap_int_const_ap_i_18|         array|
|SubbandBand0TopQ610_ap_int_const_ap_int_const_ap_int_const_ap_int_const_ap_i_17_address0  |  out|    7|   ap_memory|  SubbandBand0TopQ610_ap_int_const_ap_int_const_ap_int_const_ap_int_const_ap_i_17|         array|
|SubbandBand0TopQ610_ap_int_const_ap_int_const_ap_int_const_ap_int_const_ap_i_17_ce0       |  out|    1|   ap_memory|  SubbandBand0TopQ610_ap_int_const_ap_int_const_ap_int_const_ap_int_const_ap_i_17|         array|
|SubbandBand0TopQ610_ap_int_const_ap_int_const_ap_int_const_ap_int_const_ap_i_17_q0        |   in|   16|   ap_memory|  SubbandBand0TopQ610_ap_int_const_ap_int_const_ap_int_const_ap_int_const_ap_i_17|         array|
|SubbandBand0TopQ610_ap_int_const_ap_int_const_ap_int_const_ap_int_const_ap_i_2_address0   |  out|   10|   ap_memory|   SubbandBand0TopQ610_ap_int_const_ap_int_const_ap_int_const_ap_int_const_ap_i_2|         array|
|SubbandBand0TopQ610_ap_int_const_ap_int_const_ap_int_const_ap_int_const_ap_i_2_ce0        |  out|    1|   ap_memory|   SubbandBand0TopQ610_ap_int_const_ap_int_const_ap_int_const_ap_int_const_ap_i_2|         array|
|SubbandBand0TopQ610_ap_int_const_ap_int_const_ap_int_const_ap_int_const_ap_i_2_q0         |   in|  512|   ap_memory|   SubbandBand0TopQ610_ap_int_const_ap_int_const_ap_int_const_ap_int_const_ap_i_2|         array|
|SubbandBand0TopQ610_ap_int_const_ap_int_const_ap_int_const_ap_int_const_ap_i_4_address0   |  out|   10|   ap_memory|   SubbandBand0TopQ610_ap_int_const_ap_int_const_ap_int_const_ap_int_const_ap_i_4|         array|
|SubbandBand0TopQ610_ap_int_const_ap_int_const_ap_int_const_ap_int_const_ap_i_4_ce0        |  out|    1|   ap_memory|   SubbandBand0TopQ610_ap_int_const_ap_int_const_ap_int_const_ap_int_const_ap_i_4|         array|
|SubbandBand0TopQ610_ap_int_const_ap_int_const_ap_int_const_ap_int_const_ap_i_4_q0         |   in|  512|   ap_memory|   SubbandBand0TopQ610_ap_int_const_ap_int_const_ap_int_const_ap_int_const_ap_i_4|         array|
|SubbandBand0TopQ610_ap_int_const_ap_int_const_ap_int_const_ap_int_const_ap_i_1_address0   |  out|   10|   ap_memory|   SubbandBand0TopQ610_ap_int_const_ap_int_const_ap_int_const_ap_int_const_ap_i_1|         array|
|SubbandBand0TopQ610_ap_int_const_ap_int_const_ap_int_const_ap_int_const_ap_i_1_ce0        |  out|    1|   ap_memory|   SubbandBand0TopQ610_ap_int_const_ap_int_const_ap_int_const_ap_int_const_ap_i_1|         array|
|SubbandBand0TopQ610_ap_int_const_ap_int_const_ap_int_const_ap_int_const_ap_i_1_q0         |   in|  512|   ap_memory|   SubbandBand0TopQ610_ap_int_const_ap_int_const_ap_int_const_ap_int_const_ap_i_1|         array|
|SubbandBand0TopQ610_ap_int_const_ap_int_const_ap_int_const_ap_int_const_ap_i_3_address0   |  out|   10|   ap_memory|   SubbandBand0TopQ610_ap_int_const_ap_int_const_ap_int_const_ap_int_const_ap_i_3|         array|
|SubbandBand0TopQ610_ap_int_const_ap_int_const_ap_int_const_ap_int_const_ap_i_3_ce0        |  out|    1|   ap_memory|   SubbandBand0TopQ610_ap_int_const_ap_int_const_ap_int_const_ap_int_const_ap_i_3|         array|
|SubbandBand0TopQ610_ap_int_const_ap_int_const_ap_int_const_ap_int_const_ap_i_3_q0         |   in|  512|   ap_memory|   SubbandBand0TopQ610_ap_int_const_ap_int_const_ap_int_const_ap_int_const_ap_i_3|         array|
|SubbandBand0TopQ610_ap_int_const_ap_int_const_ap_int_const_ap_int_const_ap_i_10_address0  |  out|    8|   ap_memory|  SubbandBand0TopQ610_ap_int_const_ap_int_const_ap_int_const_ap_int_const_ap_i_10|         array|
|SubbandBand0TopQ610_ap_int_const_ap_int_const_ap_int_const_ap_int_const_ap_i_10_ce0       |  out|    1|   ap_memory|  SubbandBand0TopQ610_ap_int_const_ap_int_const_ap_int_const_ap_int_const_ap_i_10|         array|
|SubbandBand0TopQ610_ap_int_const_ap_int_const_ap_int_const_ap_int_const_ap_i_10_q0        |   in|   16|   ap_memory|  SubbandBand0TopQ610_ap_int_const_ap_int_const_ap_int_const_ap_int_const_ap_i_10|         array|
|SubbandBand0TopQ610_ap_int_const_ap_int_const_ap_int_const_ap_int_const_ap_i_10_address1  |  out|    8|   ap_memory|  SubbandBand0TopQ610_ap_int_const_ap_int_const_ap_int_const_ap_int_const_ap_i_10|         array|
|SubbandBand0TopQ610_ap_int_const_ap_int_const_ap_int_const_ap_int_const_ap_i_10_ce1       |  out|    1|   ap_memory|  SubbandBand0TopQ610_ap_int_const_ap_int_const_ap_int_const_ap_int_const_ap_i_10|         array|
|SubbandBand0TopQ610_ap_int_const_ap_int_const_ap_int_const_ap_int_const_ap_i_10_q1        |   in|   16|   ap_memory|  SubbandBand0TopQ610_ap_int_const_ap_int_const_ap_int_const_ap_int_const_ap_i_10|         array|
|SubbandBand0TopQ610_ap_int_const_ap_int_const_ap_int_const_ap_int_const_ap_i_9_address0   |  out|    8|   ap_memory|   SubbandBand0TopQ610_ap_int_const_ap_int_const_ap_int_const_ap_int_const_ap_i_9|         array|
|SubbandBand0TopQ610_ap_int_const_ap_int_const_ap_int_const_ap_int_const_ap_i_9_ce0        |  out|    1|   ap_memory|   SubbandBand0TopQ610_ap_int_const_ap_int_const_ap_int_const_ap_int_const_ap_i_9|         array|
|SubbandBand0TopQ610_ap_int_const_ap_int_const_ap_int_const_ap_int_const_ap_i_9_q0         |   in|   16|   ap_memory|   SubbandBand0TopQ610_ap_int_const_ap_int_const_ap_int_const_ap_int_const_ap_i_9|         array|
|SubbandBand0TopQ610_ap_int_const_ap_int_const_ap_int_const_ap_int_const_ap_i_9_address1   |  out|    8|   ap_memory|   SubbandBand0TopQ610_ap_int_const_ap_int_const_ap_int_const_ap_int_const_ap_i_9|         array|
|SubbandBand0TopQ610_ap_int_const_ap_int_const_ap_int_const_ap_int_const_ap_i_9_ce1        |  out|    1|   ap_memory|   SubbandBand0TopQ610_ap_int_const_ap_int_const_ap_int_const_ap_int_const_ap_i_9|         array|
|SubbandBand0TopQ610_ap_int_const_ap_int_const_ap_int_const_ap_int_const_ap_i_9_q1         |   in|   16|   ap_memory|   SubbandBand0TopQ610_ap_int_const_ap_int_const_ap_int_const_ap_int_const_ap_i_9|         array|
|SubbandBand0TopQ610_ap_int_const_ap_int_const_ap_int_const_ap_int_const_ap_i_6_address0   |  out|    7|   ap_memory|   SubbandBand0TopQ610_ap_int_const_ap_int_const_ap_int_const_ap_int_const_ap_i_6|         array|
|SubbandBand0TopQ610_ap_int_const_ap_int_const_ap_int_const_ap_int_const_ap_i_6_ce0        |  out|    1|   ap_memory|   SubbandBand0TopQ610_ap_int_const_ap_int_const_ap_int_const_ap_int_const_ap_i_6|         array|
|SubbandBand0TopQ610_ap_int_const_ap_int_const_ap_int_const_ap_int_const_ap_i_6_q0         |   in|   16|   ap_memory|   SubbandBand0TopQ610_ap_int_const_ap_int_const_ap_int_const_ap_int_const_ap_i_6|         array|
|SubbandBand0TopQ610_ap_int_const_ap_int_const_ap_int_const_ap_int_const_ap_i_5_address0   |  out|    7|   ap_memory|   SubbandBand0TopQ610_ap_int_const_ap_int_const_ap_int_const_ap_int_const_ap_i_5|         array|
|SubbandBand0TopQ610_ap_int_const_ap_int_const_ap_int_const_ap_int_const_ap_i_5_ce0        |  out|    1|   ap_memory|   SubbandBand0TopQ610_ap_int_const_ap_int_const_ap_int_const_ap_int_const_ap_i_5|         array|
|SubbandBand0TopQ610_ap_int_const_ap_int_const_ap_int_const_ap_int_const_ap_i_5_q0         |   in|   16|   ap_memory|   SubbandBand0TopQ610_ap_int_const_ap_int_const_ap_int_const_ap_int_const_ap_i_5|         array|
|SubbandBand0TopQ610_ap_int_const_ap_int_const_ap_int_const_ap_int_const_ap_i_8_address0   |  out|    7|   ap_memory|   SubbandBand0TopQ610_ap_int_const_ap_int_const_ap_int_const_ap_int_const_ap_i_8|         array|
|SubbandBand0TopQ610_ap_int_const_ap_int_const_ap_int_const_ap_int_const_ap_i_8_ce0        |  out|    1|   ap_memory|   SubbandBand0TopQ610_ap_int_const_ap_int_const_ap_int_const_ap_int_const_ap_i_8|         array|
|SubbandBand0TopQ610_ap_int_const_ap_int_const_ap_int_const_ap_int_const_ap_i_8_q0         |   in|   16|   ap_memory|   SubbandBand0TopQ610_ap_int_const_ap_int_const_ap_int_const_ap_int_const_ap_i_8|         array|
|SubbandBand0TopQ610_ap_int_const_ap_int_const_ap_int_const_ap_int_const_ap_i_7_address0   |  out|    7|   ap_memory|   SubbandBand0TopQ610_ap_int_const_ap_int_const_ap_int_const_ap_int_const_ap_i_7|         array|
|SubbandBand0TopQ610_ap_int_const_ap_int_const_ap_int_const_ap_int_const_ap_i_7_ce0        |  out|    1|   ap_memory|   SubbandBand0TopQ610_ap_int_const_ap_int_const_ap_int_const_ap_int_const_ap_i_7|         array|
|SubbandBand0TopQ610_ap_int_const_ap_int_const_ap_int_const_ap_int_const_ap_i_7_q0         |   in|   16|   ap_memory|   SubbandBand0TopQ610_ap_int_const_ap_int_const_ap_int_const_ap_int_const_ap_i_7|         array|
|proj_bias_local_address0                                                                  |  out|    6|   ap_memory|                                                                  proj_bias_local|         array|
|proj_bias_local_ce0                                                                       |  out|    1|   ap_memory|                                                                  proj_bias_local|         array|
|proj_bias_local_q0                                                                        |   in|   16|   ap_memory|                                                                  proj_bias_local|         array|
|SubbandBand0TopQ610_ap_int_const_ap_int_const_ap_int_const_ap_int_const_ap_i_address0     |  out|   12|   ap_memory|     SubbandBand0TopQ610_ap_int_const_ap_int_const_ap_int_const_ap_int_const_ap_i|         array|
|SubbandBand0TopQ610_ap_int_const_ap_int_const_ap_int_const_ap_int_const_ap_i_ce0          |  out|    1|   ap_memory|     SubbandBand0TopQ610_ap_int_const_ap_int_const_ap_int_const_ap_int_const_ap_i|         array|
|SubbandBand0TopQ610_ap_int_const_ap_int_const_ap_int_const_ap_int_const_ap_i_q0           |   in|   64|   ap_memory|     SubbandBand0TopQ610_ap_int_const_ap_int_const_ap_int_const_ap_int_const_ap_i|         array|
+------------------------------------------------------------------------------------------+-----+-----+------------+---------------------------------------------------------------------------------+--------------+

