

================================================================
== Vitis HLS Report for 'p_anonymous_namespace_LoadBand0Weights2DQ610'
================================================================
* Date:           Wed May 13 19:58:43 2026

* Version:        2023.2 (Build 4023990 on Oct 11 2023)
* Project:        subband_q610_zybo_z7_20_hls
* Solution:       solution1 (Vivado IP Flow Target)
* Product family: zynq
* Target device:  xc7z020-clg400-1


================================================================
== Performance Estimates
================================================================
+ Timing: 
    * Summary: 
    +--------+----------+----------+------------+
    |  Clock |  Target  | Estimated| Uncertainty|
    +--------+----------+----------+------------+
    |ap_clk  |  10.00 ns|  7.300 ns|     2.70 ns|
    +--------+----------+----------+------------+

+ Latency: 
    * Summary: 
    +---------+---------+----------+----------+--------+--------+---------+
    |  Latency (cycles) |  Latency (absolute) |     Interval    | Pipeline|
    |   min   |   max   |    min   |    max   |   min  |   max  |   Type  |
    +---------+---------+----------+----------+--------+--------+---------+
    |   169999|   169999|  1.700 ms|  1.700 ms|  169999|  169999|       no|
    +---------+---------+----------+----------+--------+--------+---------+

    + Detail: 
        * Instance: 
        +-----------------------------------------------------------+------------------------------------------------+---------+---------+-----------+-----------+-------+-------+---------+
        |                                                           |                                                |  Latency (cycles) |   Latency (absolute)  |    Interval   | Pipeline|
        |                          Instance                         |                     Module                     |   min   |   max   |    min    |    max    |  min  |  max  |   Type  |
        +-----------------------------------------------------------+------------------------------------------------+---------+---------+-----------+-----------+-------+-------+---------+
        |grp_p_anonymous_namespace_LoadMatrixQ610_224_38_s_fu_186   |p_anonymous_namespace_LoadMatrixQ610_224_38_s   |     8524|     8524|  85.240 us|  85.240 us|   8524|   8524|       no|
        |grp_p_anonymous_namespace_LoadMatrixQ610_224_224_s_fu_198  |p_anonymous_namespace_LoadMatrixQ610_224_224_s  |    50188|    50188|   0.502 ms|   0.502 ms|  50188|  50188|       no|
        |grp_p_anonymous_namespace_LoadMatrixQ610_2_224_s_fu_216    |p_anonymous_namespace_LoadMatrixQ610_2_224_s    |      460|      460|   4.600 us|   4.600 us|    460|    460|       no|
        |grp_p_anonymous_namespace_LoadVectorQ610_224_s_fu_231      |p_anonymous_namespace_LoadVectorQ610_224_s      |      236|      236|   2.360 us|   2.360 us|    236|    236|       no|
        |grp_p_anonymous_namespace_LoadMatrixQ610_40_224_s_fu_252   |p_anonymous_namespace_LoadMatrixQ610_40_224_s   |     8972|     8972|  89.720 us|  89.720 us|   8972|   8972|       no|
        |grp_p_anonymous_namespace_LoadVectorQ610_40_s_fu_262       |p_anonymous_namespace_LoadVectorQ610_40_s       |       52|       52|   0.520 us|   0.520 us|     52|     52|       no|
        +-----------------------------------------------------------+------------------------------------------------+---------+---------+-----------+-----------+-------+-------+---------+

        * Loop: 
        N/A



================================================================
== Utilization Estimates
================================================================
* Summary: 
+-----------------+---------+-----+--------+-------+-----+
|       Name      | BRAM_18K| DSP |   FF   |  LUT  | URAM|
+-----------------+---------+-----+--------+-------+-----+
|DSP              |        -|    -|       -|      -|    -|
|Expression       |        -|    -|       -|      -|    -|
|FIFO             |        -|    -|       -|      -|    -|
|Instance         |        -|    -|     586|   5075|    -|
|Memory           |        -|    -|       -|      -|    -|
|Multiplexer      |        -|    -|       -|    977|    -|
|Register         |        -|    -|      30|      -|    -|
+-----------------+---------+-----+--------+-------+-----+
|Total            |        0|    0|     616|   6052|    0|
+-----------------+---------+-----+--------+-------+-----+
|Available        |      280|  220|  106400|  53200|    0|
+-----------------+---------+-----+--------+-------+-----+
|Utilization (%)  |        0|    0|      ~0|     11|    0|
+-----------------+---------+-----+--------+-------+-----+

+ Detail: 
    * Instance: 
    +-----------------------------------------------------------+------------------------------------------------+---------+----+-----+------+-----+
    |                          Instance                         |                     Module                     | BRAM_18K| DSP|  FF |  LUT | URAM|
    +-----------------------------------------------------------+------------------------------------------------+---------+----+-----+------+-----+
    |grp_p_anonymous_namespace_LoadMatrixQ610_224_224_s_fu_198  |p_anonymous_namespace_LoadMatrixQ610_224_224_s  |        0|   0|  111|  2947|    0|
    |grp_p_anonymous_namespace_LoadMatrixQ610_224_38_s_fu_186   |p_anonymous_namespace_LoadMatrixQ610_224_38_s   |        0|   0|  111|   614|    0|
    |grp_p_anonymous_namespace_LoadMatrixQ610_2_224_s_fu_216    |p_anonymous_namespace_LoadMatrixQ610_2_224_s    |        0|   0|   91|   367|    0|
    |grp_p_anonymous_namespace_LoadMatrixQ610_40_224_s_fu_252   |p_anonymous_namespace_LoadMatrixQ610_40_224_s   |        0|   0|  105|   591|    0|
    |grp_p_anonymous_namespace_LoadVectorQ610_224_s_fu_231      |p_anonymous_namespace_LoadVectorQ610_224_s      |        0|   0|   87|   279|    0|
    |grp_p_anonymous_namespace_LoadVectorQ610_40_s_fu_262       |p_anonymous_namespace_LoadVectorQ610_40_s       |        0|   0|   81|   277|    0|
    +-----------------------------------------------------------+------------------------------------------------+---------+----+-----+------+-----+
    |Total                                                      |                                                |        0|   0|  586|  5075|    0|
    +-----------------------------------------------------------+------------------------------------------------+---------+----+-----+------+-----+

    * DSP: 
    N/A

    * Memory: 
    N/A

    * FIFO: 
    N/A

    * Expression: 
    N/A

    * Multiplexer: 
    +-------------------------------------------------------------------------------------+-----+-----------+-----+-----------+
    |                                         Name                                        | LUT | Input Size| Bits| Total Bits|
    +-------------------------------------------------------------------------------------+-----+-----------+-----+-----------+
    |SubbandBand0TopQ610_ap_int_const_ap_int_const_ap_int_const_ap_int_const_ap_i_10_ce0  |    9|          2|    1|          2|
    |SubbandBand0TopQ610_ap_int_const_ap_int_const_ap_int_const_ap_int_const_ap_i_10_we0  |    9|          2|    1|          2|
    |SubbandBand0TopQ610_ap_int_const_ap_int_const_ap_int_const_ap_int_const_ap_i_13_ce1  |    9|          2|    1|          2|
    |SubbandBand0TopQ610_ap_int_const_ap_int_const_ap_int_const_ap_int_const_ap_i_13_we1  |    9|          2|   64|        128|
    |SubbandBand0TopQ610_ap_int_const_ap_int_const_ap_int_const_ap_int_const_ap_i_14_ce1  |    9|          2|    1|          2|
    |SubbandBand0TopQ610_ap_int_const_ap_int_const_ap_int_const_ap_int_const_ap_i_14_we1  |    9|          2|   64|        128|
    |SubbandBand0TopQ610_ap_int_const_ap_int_const_ap_int_const_ap_int_const_ap_i_15_ce0  |    9|          2|    1|          2|
    |SubbandBand0TopQ610_ap_int_const_ap_int_const_ap_int_const_ap_int_const_ap_i_15_we0  |    9|          2|    1|          2|
    |SubbandBand0TopQ610_ap_int_const_ap_int_const_ap_int_const_ap_int_const_ap_i_16_ce0  |    9|          2|    1|          2|
    |SubbandBand0TopQ610_ap_int_const_ap_int_const_ap_int_const_ap_int_const_ap_i_16_we0  |    9|          2|    1|          2|
    |SubbandBand0TopQ610_ap_int_const_ap_int_const_ap_int_const_ap_int_const_ap_i_17_ce0  |    9|          2|    1|          2|
    |SubbandBand0TopQ610_ap_int_const_ap_int_const_ap_int_const_ap_int_const_ap_i_17_we0  |    9|          2|    1|          2|
    |SubbandBand0TopQ610_ap_int_const_ap_int_const_ap_int_const_ap_int_const_ap_i_18_ce0  |    9|          2|    1|          2|
    |SubbandBand0TopQ610_ap_int_const_ap_int_const_ap_int_const_ap_int_const_ap_i_18_we0  |    9|          2|    1|          2|
    |SubbandBand0TopQ610_ap_int_const_ap_int_const_ap_int_const_ap_int_const_ap_i_19_ce0  |    9|          2|    1|          2|
    |SubbandBand0TopQ610_ap_int_const_ap_int_const_ap_int_const_ap_int_const_ap_i_19_we0  |    9|          2|    1|          2|
    |SubbandBand0TopQ610_ap_int_const_ap_int_const_ap_int_const_ap_int_const_ap_i_1_ce1   |    9|          2|    1|          2|
    |SubbandBand0TopQ610_ap_int_const_ap_int_const_ap_int_const_ap_int_const_ap_i_1_we1   |    9|          2|   64|        128|
    |SubbandBand0TopQ610_ap_int_const_ap_int_const_ap_int_const_ap_int_const_ap_i_20_ce0  |    9|          2|    1|          2|
    |SubbandBand0TopQ610_ap_int_const_ap_int_const_ap_int_const_ap_int_const_ap_i_20_we0  |    9|          2|    1|          2|
    |SubbandBand0TopQ610_ap_int_const_ap_int_const_ap_int_const_ap_int_const_ap_i_2_ce1   |    9|          2|    1|          2|
    |SubbandBand0TopQ610_ap_int_const_ap_int_const_ap_int_const_ap_int_const_ap_i_2_we1   |    9|          2|   64|        128|
    |SubbandBand0TopQ610_ap_int_const_ap_int_const_ap_int_const_ap_int_const_ap_i_3_ce1   |    9|          2|    1|          2|
    |SubbandBand0TopQ610_ap_int_const_ap_int_const_ap_int_const_ap_int_const_ap_i_3_we1   |    9|          2|   64|        128|
    |SubbandBand0TopQ610_ap_int_const_ap_int_const_ap_int_const_ap_int_const_ap_i_4_ce1   |    9|          2|    1|          2|
    |SubbandBand0TopQ610_ap_int_const_ap_int_const_ap_int_const_ap_int_const_ap_i_4_we1   |    9|          2|   64|        128|
    |SubbandBand0TopQ610_ap_int_const_ap_int_const_ap_int_const_ap_int_const_ap_i_5_ce0   |    9|          2|    1|          2|
    |SubbandBand0TopQ610_ap_int_const_ap_int_const_ap_int_const_ap_int_const_ap_i_5_we0   |    9|          2|    1|          2|
    |SubbandBand0TopQ610_ap_int_const_ap_int_const_ap_int_const_ap_int_const_ap_i_6_ce0   |    9|          2|    1|          2|
    |SubbandBand0TopQ610_ap_int_const_ap_int_const_ap_int_const_ap_int_const_ap_i_6_we0   |    9|          2|    1|          2|
    |SubbandBand0TopQ610_ap_int_const_ap_int_const_ap_int_const_ap_int_const_ap_i_7_ce0   |    9|          2|    1|          2|
    |SubbandBand0TopQ610_ap_int_const_ap_int_const_ap_int_const_ap_int_const_ap_i_7_we0   |    9|          2|    1|          2|
    |SubbandBand0TopQ610_ap_int_const_ap_int_const_ap_int_const_ap_int_const_ap_i_8_ce0   |    9|          2|    1|          2|
    |SubbandBand0TopQ610_ap_int_const_ap_int_const_ap_int_const_ap_int_const_ap_i_8_we0   |    9|          2|    1|          2|
    |SubbandBand0TopQ610_ap_int_const_ap_int_const_ap_int_const_ap_int_const_ap_i_9_ce0   |    9|          2|    1|          2|
    |SubbandBand0TopQ610_ap_int_const_ap_int_const_ap_int_const_ap_int_const_ap_i_9_we0   |    9|          2|    1|          2|
    |ap_NS_fsm                                                                            |  113|         25|    1|         25|
    |grp_p_anonymous_namespace_LoadMatrixQ610_224_224_s_fu_198_input_r                    |   20|          4|   32|        128|
    |grp_p_anonymous_namespace_LoadMatrixQ610_2_224_s_fu_216_input_r                      |   14|          3|   32|         96|
    |grp_p_anonymous_namespace_LoadVectorQ610_224_s_fu_231_input_r                        |   25|          5|   32|        160|
    |m_axi_weights_ARADDR                                                                 |   37|          7|   32|        224|
    |m_axi_weights_ARBURST                                                                |   37|          7|    2|         14|
    |m_axi_weights_ARCACHE                                                                |   37|          7|    4|         28|
    |m_axi_weights_ARID                                                                   |   37|          7|    1|          7|
    |m_axi_weights_ARLEN                                                                  |   37|          7|   32|        224|
    |m_axi_weights_ARLOCK                                                                 |   37|          7|    2|         14|
    |m_axi_weights_ARPROT                                                                 |   37|          7|    3|         21|
    |m_axi_weights_ARQOS                                                                  |   37|          7|    4|         28|
    |m_axi_weights_ARREGION                                                               |   37|          7|    4|         28|
    |m_axi_weights_ARSIZE                                                                 |   37|          7|    3|         21|
    |m_axi_weights_ARUSER                                                                 |   37|          7|    1|          7|
    |m_axi_weights_ARVALID                                                                |   37|          7|    1|          7|
    |m_axi_weights_RREADY                                                                 |   37|          7|    1|          7|
    +-------------------------------------------------------------------------------------+-----+-----------+-----+-----------+
    |Total                                                                                |  977|        200|  601|       1867|
    +-------------------------------------------------------------------------------------+-----+-----------+-----+-----------+

    * Register: 
    +------------------------------------------------------------------------+----+----+-----+-----------+
    |                                  Name                                  | FF | LUT| Bits| Const Bits|
    +------------------------------------------------------------------------+----+----+-----+-----------+
    |ap_CS_fsm                                                               |  24|   0|   24|          0|
    |grp_p_anonymous_namespace_LoadMatrixQ610_224_224_s_fu_198_ap_start_reg  |   1|   0|    1|          0|
    |grp_p_anonymous_namespace_LoadMatrixQ610_224_38_s_fu_186_ap_start_reg   |   1|   0|    1|          0|
    |grp_p_anonymous_namespace_LoadMatrixQ610_2_224_s_fu_216_ap_start_reg    |   1|   0|    1|          0|
    |grp_p_anonymous_namespace_LoadMatrixQ610_40_224_s_fu_252_ap_start_reg   |   1|   0|    1|          0|
    |grp_p_anonymous_namespace_LoadVectorQ610_224_s_fu_231_ap_start_reg      |   1|   0|    1|          0|
    |grp_p_anonymous_namespace_LoadVectorQ610_40_s_fu_262_ap_start_reg       |   1|   0|    1|          0|
    +------------------------------------------------------------------------+----+----+-----+-----------+
    |Total                                                                   |  30|   0|   30|          0|
    +------------------------------------------------------------------------+----+----+-----+-----------+



================================================================
== Interface
================================================================
* Summary: 
+------------------------------------------------------------------------------------------+-----+-----+------------+---------------------------------------------------------------------------------+--------------+
|                                         RTL Ports                                        | Dir | Bits|  Protocol  |                                  Source Object                                  |    C Type    |
+------------------------------------------------------------------------------------------+-----+-----+------------+---------------------------------------------------------------------------------+--------------+
|ap_clk                                                                                    |   in|    1|  ap_ctrl_hs|                                      (anonymous namespace)LoadBand0Weights2DQ610|  return value|
|ap_rst                                                                                    |   in|    1|  ap_ctrl_hs|                                      (anonymous namespace)LoadBand0Weights2DQ610|  return value|
|ap_start                                                                                  |   in|    1|  ap_ctrl_hs|                                      (anonymous namespace)LoadBand0Weights2DQ610|  return value|
|ap_done                                                                                   |  out|    1|  ap_ctrl_hs|                                      (anonymous namespace)LoadBand0Weights2DQ610|  return value|
|ap_idle                                                                                   |  out|    1|  ap_ctrl_hs|                                      (anonymous namespace)LoadBand0Weights2DQ610|  return value|
|ap_ready                                                                                  |  out|    1|  ap_ctrl_hs|                                      (anonymous namespace)LoadBand0Weights2DQ610|  return value|
|m_axi_weights_AWVALID                                                                     |  out|    1|       m_axi|                                                                          weights|       pointer|
|m_axi_weights_AWREADY                                                                     |   in|    1|       m_axi|                                                                          weights|       pointer|
|m_axi_weights_AWADDR                                                                      |  out|   32|       m_axi|                                                                          weights|       pointer|
|m_axi_weights_AWID                                                                        |  out|    1|       m_axi|                                                                          weights|       pointer|
|m_axi_weights_AWLEN                                                                       |  out|   32|       m_axi|                                                                          weights|       pointer|
|m_axi_weights_AWSIZE                                                                      |  out|    3|       m_axi|                                                                          weights|       pointer|
|m_axi_weights_AWBURST                                                                     |  out|    2|       m_axi|                                                                          weights|       pointer|
|m_axi_weights_AWLOCK                                                                      |  out|    2|       m_axi|                                                                          weights|       pointer|
|m_axi_weights_AWCACHE                                                                     |  out|    4|       m_axi|                                                                          weights|       pointer|
|m_axi_weights_AWPROT                                                                      |  out|    3|       m_axi|                                                                          weights|       pointer|
|m_axi_weights_AWQOS                                                                       |  out|    4|       m_axi|                                                                          weights|       pointer|
|m_axi_weights_AWREGION                                                                    |  out|    4|       m_axi|                                                                          weights|       pointer|
|m_axi_weights_AWUSER                                                                      |  out|    1|       m_axi|                                                                          weights|       pointer|
|m_axi_weights_WVALID                                                                      |  out|    1|       m_axi|                                                                          weights|       pointer|
|m_axi_weights_WREADY                                                                      |   in|    1|       m_axi|                                                                          weights|       pointer|
|m_axi_weights_WDATA                                                                       |  out|   16|       m_axi|                                                                          weights|       pointer|
|m_axi_weights_WSTRB                                                                       |  out|    2|       m_axi|                                                                          weights|       pointer|
|m_axi_weights_WLAST                                                                       |  out|    1|       m_axi|                                                                          weights|       pointer|
|m_axi_weights_WID                                                                         |  out|    1|       m_axi|                                                                          weights|       pointer|
|m_axi_weights_WUSER                                                                       |  out|    1|       m_axi|                                                                          weights|       pointer|
|m_axi_weights_ARVALID                                                                     |  out|    1|       m_axi|                                                                          weights|       pointer|
|m_axi_weights_ARREADY                                                                     |   in|    1|       m_axi|                                                                          weights|       pointer|
|m_axi_weights_ARADDR                                                                      |  out|   32|       m_axi|                                                                          weights|       pointer|
|m_axi_weights_ARID                                                                        |  out|    1|       m_axi|                                                                          weights|       pointer|
|m_axi_weights_ARLEN                                                                       |  out|   32|       m_axi|                                                                          weights|       pointer|
|m_axi_weights_ARSIZE                                                                      |  out|    3|       m_axi|                                                                          weights|       pointer|
|m_axi_weights_ARBURST                                                                     |  out|    2|       m_axi|                                                                          weights|       pointer|
|m_axi_weights_ARLOCK                                                                      |  out|    2|       m_axi|                                                                          weights|       pointer|
|m_axi_weights_ARCACHE                                                                     |  out|    4|       m_axi|                                                                          weights|       pointer|
|m_axi_weights_ARPROT                                                                      |  out|    3|       m_axi|                                                                          weights|       pointer|
|m_axi_weights_ARQOS                                                                       |  out|    4|       m_axi|                                                                          weights|       pointer|
|m_axi_weights_ARREGION                                                                    |  out|    4|       m_axi|                                                                          weights|       pointer|
|m_axi_weights_ARUSER                                                                      |  out|    1|       m_axi|                                                                          weights|       pointer|
|m_axi_weights_RVALID                                                                      |   in|    1|       m_axi|                                                                          weights|       pointer|
|m_axi_weights_RREADY                                                                      |  out|    1|       m_axi|                                                                          weights|       pointer|
|m_axi_weights_RDATA                                                                       |   in|   16|       m_axi|                                                                          weights|       pointer|
|m_axi_weights_RLAST                                                                       |   in|    1|       m_axi|                                                                          weights|       pointer|
|m_axi_weights_RID                                                                         |   in|    1|       m_axi|                                                                          weights|       pointer|
|m_axi_weights_RFIFONUM                                                                    |   in|    6|       m_axi|                                                                          weights|       pointer|
|m_axi_weights_RUSER                                                                       |   in|    1|       m_axi|                                                                          weights|       pointer|
|m_axi_weights_RRESP                                                                       |   in|    2|       m_axi|                                                                          weights|       pointer|
|m_axi_weights_BVALID                                                                      |   in|    1|       m_axi|                                                                          weights|       pointer|
|m_axi_weights_BREADY                                                                      |  out|    1|       m_axi|                                                                          weights|       pointer|
|m_axi_weights_BRESP                                                                       |   in|    2|       m_axi|                                                                          weights|       pointer|
|m_axi_weights_BID                                                                         |   in|    1|       m_axi|                                                                          weights|       pointer|
|m_axi_weights_BUSER                                                                       |   in|    1|       m_axi|                                                                          weights|       pointer|
|layer0_weight_ih_q610                                                                     |   in|   32|     ap_none|                                                            layer0_weight_ih_q610|        scalar|
|layer0_weight_hh_q610                                                                     |   in|   32|     ap_none|                                                            layer0_weight_hh_q610|        scalar|
|layer0_bias_ih_q610                                                                       |   in|   32|     ap_none|                                                              layer0_bias_ih_q610|        scalar|
|layer0_bn_mul_q610                                                                        |   in|   32|     ap_none|                                                               layer0_bn_mul_q610|        scalar|
|layer0_bn_add_q610                                                                        |   in|   32|     ap_none|                                                               layer0_bn_add_q610|        scalar|
|layer1_weight_ih_q610                                                                     |   in|   32|     ap_none|                                                            layer1_weight_ih_q610|        scalar|
|layer1_weight_hh_q610                                                                     |   in|   32|     ap_none|                                                            layer1_weight_hh_q610|        scalar|
|layer1_bias_ih_q610                                                                       |   in|   32|     ap_none|                                                              layer1_bias_ih_q610|        scalar|
|layer1_bn_mul_q610                                                                        |   in|   32|     ap_none|                                                               layer1_bn_mul_q610|        scalar|
|layer1_bn_add_q610                                                                        |   in|   32|     ap_none|                                                               layer1_bn_add_q610|        scalar|
|proj_weight_q610                                                                          |   in|   32|     ap_none|                                                                 proj_weight_q610|        scalar|
|proj_bias_q610                                                                            |   in|   32|     ap_none|                                                                   proj_bias_q610|        scalar|
|SubbandBand0TopQ610_ap_int_const_ap_int_const_ap_int_const_ap_int_const_ap_i_12_address1  |  out|   11|   ap_memory|  SubbandBand0TopQ610_ap_int_const_ap_int_const_ap_int_const_ap_int_const_ap_i_12|         array|
|SubbandBand0TopQ610_ap_int_const_ap_int_const_ap_int_const_ap_int_const_ap_i_12_ce1       |  out|    1|   ap_memory|  SubbandBand0TopQ610_ap_int_const_ap_int_const_ap_int_const_ap_int_const_ap_i_12|         array|
|SubbandBand0TopQ610_ap_int_const_ap_int_const_ap_int_const_ap_int_const_ap_i_12_we1       |  out|    8|   ap_memory|  SubbandBand0TopQ610_ap_int_const_ap_int_const_ap_int_const_ap_int_const_ap_i_12|         array|
|SubbandBand0TopQ610_ap_int_const_ap_int_const_ap_int_const_ap_int_const_ap_i_12_d1        |  out|   64|   ap_memory|  SubbandBand0TopQ610_ap_int_const_ap_int_const_ap_int_const_ap_int_const_ap_i_12|         array|
|SubbandBand0TopQ610_ap_int_const_ap_int_const_ap_int_const_ap_int_const_ap_i_11_address1  |  out|   11|   ap_memory|  SubbandBand0TopQ610_ap_int_const_ap_int_const_ap_int_const_ap_int_const_ap_i_11|         array|
|SubbandBand0TopQ610_ap_int_const_ap_int_const_ap_int_const_ap_int_const_ap_i_11_ce1       |  out|    1|   ap_memory|  SubbandBand0TopQ610_ap_int_const_ap_int_const_ap_int_const_ap_int_const_ap_i_11|         array|
|SubbandBand0TopQ610_ap_int_const_ap_int_const_ap_int_const_ap_int_const_ap_i_11_we1       |  out|    8|   ap_memory|  SubbandBand0TopQ610_ap_int_const_ap_int_const_ap_int_const_ap_int_const_ap_i_11|         array|
|SubbandBand0TopQ610_ap_int_const_ap_int_const_ap_int_const_ap_int_const_ap_i_11_d1        |  out|   64|   ap_memory|  SubbandBand0TopQ610_ap_int_const_ap_int_const_ap_int_const_ap_int_const_ap_i_11|         array|
|SubbandBand0TopQ610_ap_int_const_ap_int_const_ap_int_const_ap_int_const_ap_i_14_address1  |  out|   10|   ap_memory|  SubbandBand0TopQ610_ap_int_const_ap_int_const_ap_int_const_ap_int_const_ap_i_14|         array|
|SubbandBand0TopQ610_ap_int_const_ap_int_const_ap_int_const_ap_int_const_ap_i_14_ce1       |  out|    1|   ap_memory|  SubbandBand0TopQ610_ap_int_const_ap_int_const_ap_int_const_ap_int_const_ap_i_14|         array|
|SubbandBand0TopQ610_ap_int_const_ap_int_const_ap_int_const_ap_int_const_ap_i_14_we1       |  out|   64|   ap_memory|  SubbandBand0TopQ610_ap_int_const_ap_int_const_ap_int_const_ap_int_const_ap_i_14|         array|
|SubbandBand0TopQ610_ap_int_const_ap_int_const_ap_int_const_ap_int_const_ap_i_14_d1        |  out|  512|   ap_memory|  SubbandBand0TopQ610_ap_int_const_ap_int_const_ap_int_const_ap_int_const_ap_i_14|         array|
|SubbandBand0TopQ610_ap_int_const_ap_int_const_ap_int_const_ap_int_const_ap_i_13_address1  |  out|   10|   ap_memory|  SubbandBand0TopQ610_ap_int_const_ap_int_const_ap_int_const_ap_int_const_ap_i_13|         array|
|SubbandBand0TopQ610_ap_int_const_ap_int_const_ap_int_const_ap_int_const_ap_i_13_ce1       |  out|    1|   ap_memory|  SubbandBand0TopQ610_ap_int_const_ap_int_const_ap_int_const_ap_int_const_ap_i_13|         array|
|SubbandBand0TopQ610_ap_int_const_ap_int_const_ap_int_const_ap_int_const_ap_i_13_we1       |  out|   64|   ap_memory|  SubbandBand0TopQ610_ap_int_const_ap_int_const_ap_int_const_ap_int_const_ap_i_13|         array|
|SubbandBand0TopQ610_ap_int_const_ap_int_const_ap_int_const_ap_int_const_ap_i_13_d1        |  out|  512|   ap_memory|  SubbandBand0TopQ610_ap_int_const_ap_int_const_ap_int_const_ap_int_const_ap_i_13|         array|
|SubbandBand0TopQ610_ap_int_const_ap_int_const_ap_int_const_ap_int_const_ap_i_20_address0  |  out|    8|   ap_memory|  SubbandBand0TopQ610_ap_int_const_ap_int_const_ap_int_const_ap_int_const_ap_i_20|         array|
|SubbandBand0TopQ610_ap_int_const_ap_int_const_ap_int_const_ap_int_const_ap_i_20_ce0       |  out|    1|   ap_memory|  SubbandBand0TopQ610_ap_int_const_ap_int_const_ap_int_const_ap_int_const_ap_i_20|         array|
|SubbandBand0TopQ610_ap_int_const_ap_int_const_ap_int_const_ap_int_const_ap_i_20_we0       |  out|    1|   ap_memory|  SubbandBand0TopQ610_ap_int_const_ap_int_const_ap_int_const_ap_int_const_ap_i_20|         array|
|SubbandBand0TopQ610_ap_int_const_ap_int_const_ap_int_const_ap_int_const_ap_i_20_d0        |  out|   16|   ap_memory|  SubbandBand0TopQ610_ap_int_const_ap_int_const_ap_int_const_ap_int_const_ap_i_20|         array|
|SubbandBand0TopQ610_ap_int_const_ap_int_const_ap_int_const_ap_int_const_ap_i_19_address0  |  out|    8|   ap_memory|  SubbandBand0TopQ610_ap_int_const_ap_int_const_ap_int_const_ap_int_const_ap_i_19|         array|
|SubbandBand0TopQ610_ap_int_const_ap_int_const_ap_int_const_ap_int_const_ap_i_19_ce0       |  out|    1|   ap_memory|  SubbandBand0TopQ610_ap_int_const_ap_int_const_ap_int_const_ap_int_const_ap_i_19|         array|
|SubbandBand0TopQ610_ap_int_const_ap_int_const_ap_int_const_ap_int_const_ap_i_19_we0       |  out|    1|   ap_memory|  SubbandBand0TopQ610_ap_int_const_ap_int_const_ap_int_const_ap_int_const_ap_i_19|         array|
|SubbandBand0TopQ610_ap_int_const_ap_int_const_ap_int_const_ap_int_const_ap_i_19_d0        |  out|   16|   ap_memory|  SubbandBand0TopQ610_ap_int_const_ap_int_const_ap_int_const_ap_int_const_ap_i_19|         array|
|SubbandBand0TopQ610_ap_int_const_ap_int_const_ap_int_const_ap_int_const_ap_i_16_address0  |  out|    7|   ap_memory|  SubbandBand0TopQ610_ap_int_const_ap_int_const_ap_int_const_ap_int_const_ap_i_16|         array|
|SubbandBand0TopQ610_ap_int_const_ap_int_const_ap_int_const_ap_int_const_ap_i_16_ce0       |  out|    1|   ap_memory|  SubbandBand0TopQ610_ap_int_const_ap_int_const_ap_int_const_ap_int_const_ap_i_16|         array|
|SubbandBand0TopQ610_ap_int_const_ap_int_const_ap_int_const_ap_int_const_ap_i_16_we0       |  out|    1|   ap_memory|  SubbandBand0TopQ610_ap_int_const_ap_int_const_ap_int_const_ap_int_const_ap_i_16|         array|
|SubbandBand0TopQ610_ap_int_const_ap_int_const_ap_int_const_ap_int_const_ap_i_16_d0        |  out|   16|   ap_memory|  SubbandBand0TopQ610_ap_int_const_ap_int_const_ap_int_const_ap_int_const_ap_i_16|         array|
|SubbandBand0TopQ610_ap_int_const_ap_int_const_ap_int_const_ap_int_const_ap_i_15_address0  |  out|    7|   ap_memory|  SubbandBand0TopQ610_ap_int_const_ap_int_const_ap_int_const_ap_int_const_ap_i_15|         array|
|SubbandBand0TopQ610_ap_int_const_ap_int_const_ap_int_const_ap_int_const_ap_i_15_ce0       |  out|    1|   ap_memory|  SubbandBand0TopQ610_ap_int_const_ap_int_const_ap_int_const_ap_int_const_ap_i_15|         array|
|SubbandBand0TopQ610_ap_int_const_ap_int_const_ap_int_const_ap_int_const_ap_i_15_we0       |  out|    1|   ap_memory|  SubbandBand0TopQ610_ap_int_const_ap_int_const_ap_int_const_ap_int_const_ap_i_15|         array|
|SubbandBand0TopQ610_ap_int_const_ap_int_const_ap_int_const_ap_int_const_ap_i_15_d0        |  out|   16|   ap_memory|  SubbandBand0TopQ610_ap_int_const_ap_int_const_ap_int_const_ap_int_const_ap_i_15|         array|
|SubbandBand0TopQ610_ap_int_const_ap_int_const_ap_int_const_ap_int_const_ap_i_18_address0  |  out|    7|   ap_memory|  SubbandBand0TopQ610_ap_int_const_ap_int_const_ap_int_const_ap_int_const_ap_i_18|         array|
|SubbandBand0TopQ610_ap_int_const_ap_int_const_ap_int_const_ap_int_const_ap_i_18_ce0       |  out|    1|   ap_memory|  SubbandBand0TopQ610_ap_int_const_ap_int_const_ap_int_const_ap_int_const_ap_i_18|         array|
|SubbandBand0TopQ610_ap_int_const_ap_int_const_ap_int_const_ap_int_const_ap_i_18_we0       |  out|    1|   ap_memory|  SubbandBand0TopQ610_ap_int_const_ap_int_const_ap_int_const_ap_int_const_ap_i_18|         array|
|SubbandBand0TopQ610_ap_int_const_ap_int_const_ap_int_const_ap_int_const_ap_i_18_d0        |  out|   16|   ap_memory|  SubbandBand0TopQ610_ap_int_const_ap_int_const_ap_int_const_ap_int_const_ap_i_18|         array|
|SubbandBand0TopQ610_ap_int_const_ap_int_const_ap_int_const_ap_int_const_ap_i_17_address0  |  out|    7|   ap_memory|  SubbandBand0TopQ610_ap_int_const_ap_int_const_ap_int_const_ap_int_const_ap_i_17|         array|
|SubbandBand0TopQ610_ap_int_const_ap_int_const_ap_int_const_ap_int_const_ap_i_17_ce0       |  out|    1|   ap_memory|  SubbandBand0TopQ610_ap_int_const_ap_int_const_ap_int_const_ap_int_const_ap_i_17|         array|
|SubbandBand0TopQ610_ap_int_const_ap_int_const_ap_int_const_ap_int_const_ap_i_17_we0       |  out|    1|   ap_memory|  SubbandBand0TopQ610_ap_int_const_ap_int_const_ap_int_const_ap_int_const_ap_i_17|         array|
|SubbandBand0TopQ610_ap_int_const_ap_int_const_ap_int_const_ap_int_const_ap_i_17_d0        |  out|   16|   ap_memory|  SubbandBand0TopQ610_ap_int_const_ap_int_const_ap_int_const_ap_int_const_ap_i_17|         array|
|SubbandBand0TopQ610_ap_int_const_ap_int_const_ap_int_const_ap_int_const_ap_i_2_address1   |  out|   10|   ap_memory|   SubbandBand0TopQ610_ap_int_const_ap_int_const_ap_int_const_ap_int_const_ap_i_2|         array|
|SubbandBand0TopQ610_ap_int_const_ap_int_const_ap_int_const_ap_int_const_ap_i_2_ce1        |  out|    1|   ap_memory|   SubbandBand0TopQ610_ap_int_const_ap_int_const_ap_int_const_ap_int_const_ap_i_2|         array|
|SubbandBand0TopQ610_ap_int_const_ap_int_const_ap_int_const_ap_int_const_ap_i_2_we1        |  out|   64|   ap_memory|   SubbandBand0TopQ610_ap_int_const_ap_int_const_ap_int_const_ap_int_const_ap_i_2|         array|
|SubbandBand0TopQ610_ap_int_const_ap_int_const_ap_int_const_ap_int_const_ap_i_2_d1         |  out|  512|   ap_memory|   SubbandBand0TopQ610_ap_int_const_ap_int_const_ap_int_const_ap_int_const_ap_i_2|         array|
|SubbandBand0TopQ610_ap_int_const_ap_int_const_ap_int_const_ap_int_const_ap_i_1_address1   |  out|   10|   ap_memory|   SubbandBand0TopQ610_ap_int_const_ap_int_const_ap_int_const_ap_int_const_ap_i_1|         array|
|SubbandBand0TopQ610_ap_int_const_ap_int_const_ap_int_const_ap_int_const_ap_i_1_ce1        |  out|    1|   ap_memory|   SubbandBand0TopQ610_ap_int_const_ap_int_const_ap_int_const_ap_int_const_ap_i_1|         array|
|SubbandBand0TopQ610_ap_int_const_ap_int_const_ap_int_const_ap_int_const_ap_i_1_we1        |  out|   64|   ap_memory|   SubbandBand0TopQ610_ap_int_const_ap_int_const_ap_int_const_ap_int_const_ap_i_1|         array|
|SubbandBand0TopQ610_ap_int_const_ap_int_const_ap_int_const_ap_int_const_ap_i_1_d1         |  out|  512|   ap_memory|   SubbandBand0TopQ610_ap_int_const_ap_int_const_ap_int_const_ap_int_const_ap_i_1|         array|
|SubbandBand0TopQ610_ap_int_const_ap_int_const_ap_int_const_ap_int_const_ap_i_4_address1   |  out|   10|   ap_memory|   SubbandBand0TopQ610_ap_int_const_ap_int_const_ap_int_const_ap_int_const_ap_i_4|         array|
|SubbandBand0TopQ610_ap_int_const_ap_int_const_ap_int_const_ap_int_const_ap_i_4_ce1        |  out|    1|   ap_memory|   SubbandBand0TopQ610_ap_int_const_ap_int_const_ap_int_const_ap_int_const_ap_i_4|         array|
|SubbandBand0TopQ610_ap_int_const_ap_int_const_ap_int_const_ap_int_const_ap_i_4_we1        |  out|   64|   ap_memory|   SubbandBand0TopQ610_ap_int_const_ap_int_const_ap_int_const_ap_int_const_ap_i_4|         array|
|SubbandBand0TopQ610_ap_int_const_ap_int_const_ap_int_const_ap_int_const_ap_i_4_d1         |  out|  512|   ap_memory|   SubbandBand0TopQ610_ap_int_const_ap_int_const_ap_int_const_ap_int_const_ap_i_4|         array|
|SubbandBand0TopQ610_ap_int_const_ap_int_const_ap_int_const_ap_int_const_ap_i_3_address1   |  out|   10|   ap_memory|   SubbandBand0TopQ610_ap_int_const_ap_int_const_ap_int_const_ap_int_const_ap_i_3|         array|
|SubbandBand0TopQ610_ap_int_const_ap_int_const_ap_int_const_ap_int_const_ap_i_3_ce1        |  out|    1|   ap_memory|   SubbandBand0TopQ610_ap_int_const_ap_int_const_ap_int_const_ap_int_const_ap_i_3|         array|
|SubbandBand0TopQ610_ap_int_const_ap_int_const_ap_int_const_ap_int_const_ap_i_3_we1        |  out|   64|   ap_memory|   SubbandBand0TopQ610_ap_int_const_ap_int_const_ap_int_const_ap_int_const_ap_i_3|         array|
|SubbandBand0TopQ610_ap_int_const_ap_int_const_ap_int_const_ap_int_const_ap_i_3_d1         |  out|  512|   ap_memory|   SubbandBand0TopQ610_ap_int_const_ap_int_const_ap_int_const_ap_int_const_ap_i_3|         array|
|SubbandBand0TopQ610_ap_int_const_ap_int_const_ap_int_const_ap_int_const_ap_i_10_address0  |  out|    8|   ap_memory|  SubbandBand0TopQ610_ap_int_const_ap_int_const_ap_int_const_ap_int_const_ap_i_10|         array|
|SubbandBand0TopQ610_ap_int_const_ap_int_const_ap_int_const_ap_int_const_ap_i_10_ce0       |  out|    1|   ap_memory|  SubbandBand0TopQ610_ap_int_const_ap_int_const_ap_int_const_ap_int_const_ap_i_10|         array|
|SubbandBand0TopQ610_ap_int_const_ap_int_const_ap_int_const_ap_int_const_ap_i_10_we0       |  out|    1|   ap_memory|  SubbandBand0TopQ610_ap_int_const_ap_int_const_ap_int_const_ap_int_const_ap_i_10|         array|
|SubbandBand0TopQ610_ap_int_const_ap_int_const_ap_int_const_ap_int_const_ap_i_10_d0        |  out|   16|   ap_memory|  SubbandBand0TopQ610_ap_int_const_ap_int_const_ap_int_const_ap_int_const_ap_i_10|         array|
|SubbandBand0TopQ610_ap_int_const_ap_int_const_ap_int_const_ap_int_const_ap_i_9_address0   |  out|    8|   ap_memory|   SubbandBand0TopQ610_ap_int_const_ap_int_const_ap_int_const_ap_int_const_ap_i_9|         array|
|SubbandBand0TopQ610_ap_int_const_ap_int_const_ap_int_const_ap_int_const_ap_i_9_ce0        |  out|    1|   ap_memory|   SubbandBand0TopQ610_ap_int_const_ap_int_const_ap_int_const_ap_int_const_ap_i_9|         array|
|SubbandBand0TopQ610_ap_int_const_ap_int_const_ap_int_const_ap_int_const_ap_i_9_we0        |  out|    1|   ap_memory|   SubbandBand0TopQ610_ap_int_const_ap_int_const_ap_int_const_ap_int_const_ap_i_9|         array|
|SubbandBand0TopQ610_ap_int_const_ap_int_const_ap_int_const_ap_int_const_ap_i_9_d0         |  out|   16|   ap_memory|   SubbandBand0TopQ610_ap_int_const_ap_int_const_ap_int_const_ap_int_const_ap_i_9|         array|
|SubbandBand0TopQ610_ap_int_const_ap_int_const_ap_int_const_ap_int_const_ap_i_6_address0   |  out|    7|   ap_memory|   SubbandBand0TopQ610_ap_int_const_ap_int_const_ap_int_const_ap_int_const_ap_i_6|         array|
|SubbandBand0TopQ610_ap_int_const_ap_int_const_ap_int_const_ap_int_const_ap_i_6_ce0        |  out|    1|   ap_memory|   SubbandBand0TopQ610_ap_int_const_ap_int_const_ap_int_const_ap_int_const_ap_i_6|         array|
|SubbandBand0TopQ610_ap_int_const_ap_int_const_ap_int_const_ap_int_const_ap_i_6_we0        |  out|    1|   ap_memory|   SubbandBand0TopQ610_ap_int_const_ap_int_const_ap_int_const_ap_int_const_ap_i_6|         array|
|SubbandBand0TopQ610_ap_int_const_ap_int_const_ap_int_const_ap_int_const_ap_i_6_d0         |  out|   16|   ap_memory|   SubbandBand0TopQ610_ap_int_const_ap_int_const_ap_int_const_ap_int_const_ap_i_6|         array|
|SubbandBand0TopQ610_ap_int_const_ap_int_const_ap_int_const_ap_int_const_ap_i_5_address0   |  out|    7|   ap_memory|   SubbandBand0TopQ610_ap_int_const_ap_int_const_ap_int_const_ap_int_const_ap_i_5|         array|
|SubbandBand0TopQ610_ap_int_const_ap_int_const_ap_int_const_ap_int_const_ap_i_5_ce0        |  out|    1|   ap_memory|   SubbandBand0TopQ610_ap_int_const_ap_int_const_ap_int_const_ap_int_const_ap_i_5|         array|
|SubbandBand0TopQ610_ap_int_const_ap_int_const_ap_int_const_ap_int_const_ap_i_5_we0        |  out|    1|   ap_memory|   SubbandBand0TopQ610_ap_int_const_ap_int_const_ap_int_const_ap_int_const_ap_i_5|         array|
|SubbandBand0TopQ610_ap_int_const_ap_int_const_ap_int_const_ap_int_const_ap_i_5_d0         |  out|   16|   ap_memory|   SubbandBand0TopQ610_ap_int_const_ap_int_const_ap_int_const_ap_int_const_ap_i_5|         array|
|SubbandBand0TopQ610_ap_int_const_ap_int_const_ap_int_const_ap_int_const_ap_i_8_address0   |  out|    7|   ap_memory|   SubbandBand0TopQ610_ap_int_const_ap_int_const_ap_int_const_ap_int_const_ap_i_8|         array|
|SubbandBand0TopQ610_ap_int_const_ap_int_const_ap_int_const_ap_int_const_ap_i_8_ce0        |  out|    1|   ap_memory|   SubbandBand0TopQ610_ap_int_const_ap_int_const_ap_int_const_ap_int_const_ap_i_8|         array|
|SubbandBand0TopQ610_ap_int_const_ap_int_const_ap_int_const_ap_int_const_ap_i_8_we0        |  out|    1|   ap_memory|   SubbandBand0TopQ610_ap_int_const_ap_int_const_ap_int_const_ap_int_const_ap_i_8|         array|
|SubbandBand0TopQ610_ap_int_const_ap_int_const_ap_int_const_ap_int_const_ap_i_8_d0         |  out|   16|   ap_memory|   SubbandBand0TopQ610_ap_int_const_ap_int_const_ap_int_const_ap_int_const_ap_i_8|         array|
|SubbandBand0TopQ610_ap_int_const_ap_int_const_ap_int_const_ap_int_const_ap_i_7_address0   |  out|    7|   ap_memory|   SubbandBand0TopQ610_ap_int_const_ap_int_const_ap_int_const_ap_int_const_ap_i_7|         array|
|SubbandBand0TopQ610_ap_int_const_ap_int_const_ap_int_const_ap_int_const_ap_i_7_ce0        |  out|    1|   ap_memory|   SubbandBand0TopQ610_ap_int_const_ap_int_const_ap_int_const_ap_int_const_ap_i_7|         array|
|SubbandBand0TopQ610_ap_int_const_ap_int_const_ap_int_const_ap_int_const_ap_i_7_we0        |  out|    1|   ap_memory|   SubbandBand0TopQ610_ap_int_const_ap_int_const_ap_int_const_ap_int_const_ap_i_7|         array|
|SubbandBand0TopQ610_ap_int_const_ap_int_const_ap_int_const_ap_int_const_ap_i_7_d0         |  out|   16|   ap_memory|   SubbandBand0TopQ610_ap_int_const_ap_int_const_ap_int_const_ap_int_const_ap_i_7|         array|
|SubbandBand0TopQ610_ap_int_const_ap_int_const_ap_int_const_ap_int_const_ap_i_address1     |  out|   12|   ap_memory|     SubbandBand0TopQ610_ap_int_const_ap_int_const_ap_int_const_ap_int_const_ap_i|         array|
|SubbandBand0TopQ610_ap_int_const_ap_int_const_ap_int_const_ap_int_const_ap_i_ce1          |  out|    1|   ap_memory|     SubbandBand0TopQ610_ap_int_const_ap_int_const_ap_int_const_ap_int_const_ap_i|         array|
|SubbandBand0TopQ610_ap_int_const_ap_int_const_ap_int_const_ap_int_const_ap_i_we1          |  out|    8|   ap_memory|     SubbandBand0TopQ610_ap_int_const_ap_int_const_ap_int_const_ap_int_const_ap_i|         array|
|SubbandBand0TopQ610_ap_int_const_ap_int_const_ap_int_const_ap_int_const_ap_i_d1           |  out|   64|   ap_memory|     SubbandBand0TopQ610_ap_int_const_ap_int_const_ap_int_const_ap_int_const_ap_i|         array|
|proj_bias_local_address0                                                                  |  out|    6|   ap_memory|                                                                  proj_bias_local|         array|
|proj_bias_local_ce0                                                                       |  out|    1|   ap_memory|                                                                  proj_bias_local|         array|
|proj_bias_local_we0                                                                       |  out|    1|   ap_memory|                                                                  proj_bias_local|         array|
|proj_bias_local_d0                                                                        |  out|   16|   ap_memory|                                                                  proj_bias_local|         array|
+------------------------------------------------------------------------------------------+-----+-----+------------+---------------------------------------------------------------------------------+--------------+

