

================================================================
== Vitis HLS Report for 'p_anonymous_namespace_GenerateBand0SequenceStreamOptimizedQ610_Pipeline_VITIS_LOO'
================================================================
* Date:           Wed May 13 19:58:43 2026

* Version:        2023.2 (Build 4023990 on Oct 11 2023)
* Project:        subband_q610_zybo_z7_20_hls
* Solution:       solution1 (Vivado IP Flow Target)
* Product family: zynq
* Target device:  xc7z020-clg400-1


================================================================
== Performance Estimates
================================================================
+ Timing: 
    * Summary: 
    +--------+----------+----------+------------+
    |  Clock |  Target  | Estimated| Uncertainty|
    +--------+----------+----------+------------+
    |ap_clk  |  10.00 ns|  7.300 ns|     2.70 ns|
    +--------+----------+----------+------------+

+ Latency: 
    * Summary: 
    +---------+---------+----------+----------+-----+-----+---------+
    |  Latency (cycles) |  Latency (absolute) |  Interval | Pipeline|
    |   min   |   max   |    min   |    max   | min | max |   Type  |
    +---------+---------+----------+----------+-----+-----+---------+
    |       18|       18|  0.180 us|  0.180 us|   18|   18|       no|
    +---------+---------+----------+----------+-----+-----+---------+

    + Detail: 
        * Instance: 
        N/A

        * Loop: 
        +---------------------+---------+---------+----------+-----------+-----------+------+----------+
        |                     |  Latency (cycles) | Iteration|  Initiation Interval  | Trip |          |
        |      Loop Name      |   min   |   max   |  Latency |  achieved |   target  | Count| Pipelined|
        +---------------------+---------+---------+----------+-----------+-----------+------+----------+
        |- VITIS_LOOP_1810_4  |       16|       16|        14|          1|          1|     4|       yes|
        +---------------------+---------+---------+----------+-----------+-----------+------+----------+



================================================================
== Utilization Estimates
================================================================
* Summary: 
+-----------------+---------+-----+--------+-------+-----+
|       Name      | BRAM_18K| DSP |   FF   |  LUT  | URAM|
+-----------------+---------+-----+--------+-------+-----+
|DSP              |        -|    1|       -|      -|    -|
|Expression       |        -|    -|       0|     69|    -|
|FIFO             |        -|    -|       -|      -|    -|
|Instance         |        -|    -|       -|      -|    -|
|Memory           |        -|    -|       -|      -|    -|
|Multiplexer      |        -|    -|       -|     63|    -|
|Register         |        -|    -|      90|      -|    -|
+-----------------+---------+-----+--------+-------+-----+
|Total            |        0|    1|      90|    132|    0|
+-----------------+---------+-----+--------+-------+-----+
|Available        |      280|  220|  106400|  53200|    0|
+-----------------+---------+-----+--------+-------+-----+
|Utilization (%)  |        0|   ~0|      ~0|     ~0|    0|
+-----------------+---------+-----+--------+-------+-----+

+ Detail: 
    * Instance: 
    N/A

    * DSP: 
    +--------------------------------------------+----------------------------------------+---------------------+
    |                  Instance                  |                 Module                 |      Expression     |
    +--------------------------------------------+----------------------------------------+---------------------+
    |ama_addmuladd_5ns_3ns_12ns_12ns_17_4_1_U89  |ama_addmuladd_5ns_3ns_12ns_12ns_17_4_1  |  (i0 + i1) * i2 + i3|
    +--------------------------------------------+----------------------------------------+---------------------+

    * Memory: 
    N/A

    * FIFO: 
    N/A

    * Expression: 
    +---------------------------+----------+----+---+----+------------+------------+
    |       Variable Name       | Operation| DSP| FF| LUT| Bitwidth P0| Bitwidth P1|
    +---------------------------+----------+----+---+----+------------+------------+
    |add_ln1810_fu_129_p2       |         +|   0|  0|  11|           3|           1|
    |add_ln1813_fu_155_p2       |         +|   0|  0|  39|          32|          32|
    |icmp_ln1810_fu_123_p2      |      icmp|   0|  0|  13|           3|           4|
    |ap_block_pp0_stage0_01001  |        or|   0|  0|   2|           1|           1|
    |ap_block_pp0_stage0_11001  |        or|   0|  0|   2|           1|           1|
    |ap_enable_pp0              |       xor|   0|  0|   2|           1|           2|
    +---------------------------+----------+----+---+----+------------+------------+
    |Total                      |          |   0|  0|  69|          41|          41|
    +---------------------------+----------+----+---+----+------------+------------+

    * Multiplexer: 
    +----------------------------------+----+-----------+-----+-----------+
    |               Name               | LUT| Input Size| Bits| Total Bits|
    +----------------------------------+----+-----------+-----+-----------+
    |ap_done_int                       |   9|          2|    1|          2|
    |ap_enable_reg_pp0_iter1           |   9|          2|    1|          2|
    |ap_sig_allocacmp_fb_freq_index_1  |   9|          2|    3|          6|
    |fb_freq_index_fu_70               |   9|          2|    3|          6|
    |gmem_in_blk_n_AR                  |   9|          2|    1|          2|
    |gmem_in_blk_n_R                   |   9|          2|    1|          2|
    |sequence_stream_blk_n             |   9|          2|    1|          2|
    +----------------------------------+----+-----------+-----+-----------+
    |Total                             |  63|         14|   11|         22|
    +----------------------------------+----+-----------+-----+-----------+

    * Register: 
    +-----------------------------------+----+----+-----+-----------+
    |                Name               | FF | LUT| Bits| Const Bits|
    +-----------------------------------+----+----+-----+-----------+
    |ap_CS_fsm                          |   1|   0|    1|          0|
    |ap_done_reg                        |   1|   0|    1|          0|
    |ap_enable_reg_pp0_iter1            |   1|   0|    1|          0|
    |ap_enable_reg_pp0_iter10           |   1|   0|    1|          0|
    |ap_enable_reg_pp0_iter11           |   1|   0|    1|          0|
    |ap_enable_reg_pp0_iter12           |   1|   0|    1|          0|
    |ap_enable_reg_pp0_iter13           |   1|   0|    1|          0|
    |ap_enable_reg_pp0_iter2            |   1|   0|    1|          0|
    |ap_enable_reg_pp0_iter3            |   1|   0|    1|          0|
    |ap_enable_reg_pp0_iter4            |   1|   0|    1|          0|
    |ap_enable_reg_pp0_iter5            |   1|   0|    1|          0|
    |ap_enable_reg_pp0_iter6            |   1|   0|    1|          0|
    |ap_enable_reg_pp0_iter7            |   1|   0|    1|          0|
    |ap_enable_reg_pp0_iter8            |   1|   0|    1|          0|
    |ap_enable_reg_pp0_iter9            |   1|   0|    1|          0|
    |ap_loop_exit_ready_pp0_iter10_reg  |   1|   0|    1|          0|
    |ap_loop_exit_ready_pp0_iter11_reg  |   1|   0|    1|          0|
    |ap_loop_exit_ready_pp0_iter12_reg  |   1|   0|    1|          0|
    |ap_loop_exit_ready_pp0_iter1_reg   |   1|   0|    1|          0|
    |ap_loop_exit_ready_pp0_iter2_reg   |   1|   0|    1|          0|
    |ap_loop_exit_ready_pp0_iter3_reg   |   1|   0|    1|          0|
    |ap_loop_exit_ready_pp0_iter4_reg   |   1|   0|    1|          0|
    |ap_loop_exit_ready_pp0_iter5_reg   |   1|   0|    1|          0|
    |ap_loop_exit_ready_pp0_iter6_reg   |   1|   0|    1|          0|
    |ap_loop_exit_ready_pp0_iter7_reg   |   1|   0|    1|          0|
    |ap_loop_exit_ready_pp0_iter8_reg   |   1|   0|    1|          0|
    |ap_loop_exit_ready_pp0_iter9_reg   |   1|   0|    1|          0|
    |fb_freq_index_fu_70                |   3|   0|    3|          0|
    |gmem_in_addr_read_reg_217          |  16|   0|   16|          0|
    |gmem_in_addr_reg_211               |  32|   0|   32|          0|
    |zext_ln1798_cast_reg_202           |  12|   0|   17|          5|
    +-----------------------------------+----+----+-----+-----------+
    |Total                              |  90|   0|   95|          5|
    +-----------------------------------+----+----+-----+-----------+



================================================================
== Interface
================================================================
* Summary: 
+--------------------------------+-----+-----+------------+----------------------------------------------------------------------------------+--------------+
|            RTL Ports           | Dir | Bits|  Protocol  |                                   Source Object                                  |    C Type    |
+--------------------------------+-----+-----+------------+----------------------------------------------------------------------------------+--------------+
|ap_clk                          |   in|    1|  ap_ctrl_hs|  (anonymous namespace)GenerateBand0SequenceStreamOptimizedQ610_Pipeline_VITIS_LOO|  return value|
|ap_rst                          |   in|    1|  ap_ctrl_hs|  (anonymous namespace)GenerateBand0SequenceStreamOptimizedQ610_Pipeline_VITIS_LOO|  return value|
|ap_start                        |   in|    1|  ap_ctrl_hs|  (anonymous namespace)GenerateBand0SequenceStreamOptimizedQ610_Pipeline_VITIS_LOO|  return value|
|ap_done                         |  out|    1|  ap_ctrl_hs|  (anonymous namespace)GenerateBand0SequenceStreamOptimizedQ610_Pipeline_VITIS_LOO|  return value|
|ap_idle                         |  out|    1|  ap_ctrl_hs|  (anonymous namespace)GenerateBand0SequenceStreamOptimizedQ610_Pipeline_VITIS_LOO|  return value|
|ap_ready                        |  out|    1|  ap_ctrl_hs|  (anonymous namespace)GenerateBand0SequenceStreamOptimizedQ610_Pipeline_VITIS_LOO|  return value|
|m_axi_gmem_in_AWVALID           |  out|    1|       m_axi|                                                                           gmem_in|       pointer|
|m_axi_gmem_in_AWREADY           |   in|    1|       m_axi|                                                                           gmem_in|       pointer|
|m_axi_gmem_in_AWADDR            |  out|   32|       m_axi|                                                                           gmem_in|       pointer|
|m_axi_gmem_in_AWID              |  out|    1|       m_axi|                                                                           gmem_in|       pointer|
|m_axi_gmem_in_AWLEN             |  out|   32|       m_axi|                                                                           gmem_in|       pointer|
|m_axi_gmem_in_AWSIZE            |  out|    3|       m_axi|                                                                           gmem_in|       pointer|
|m_axi_gmem_in_AWBURST           |  out|    2|       m_axi|                                                                           gmem_in|       pointer|
|m_axi_gmem_in_AWLOCK            |  out|    2|       m_axi|                                                                           gmem_in|       pointer|
|m_axi_gmem_in_AWCACHE           |  out|    4|       m_axi|                                                                           gmem_in|       pointer|
|m_axi_gmem_in_AWPROT            |  out|    3|       m_axi|                                                                           gmem_in|       pointer|
|m_axi_gmem_in_AWQOS             |  out|    4|       m_axi|                                                                           gmem_in|       pointer|
|m_axi_gmem_in_AWREGION          |  out|    4|       m_axi|                                                                           gmem_in|       pointer|
|m_axi_gmem_in_AWUSER            |  out|    1|       m_axi|                                                                           gmem_in|       pointer|
|m_axi_gmem_in_WVALID            |  out|    1|       m_axi|                                                                           gmem_in|       pointer|
|m_axi_gmem_in_WREADY            |   in|    1|       m_axi|                                                                           gmem_in|       pointer|
|m_axi_gmem_in_WDATA             |  out|   16|       m_axi|                                                                           gmem_in|       pointer|
|m_axi_gmem_in_WSTRB             |  out|    2|       m_axi|                                                                           gmem_in|       pointer|
|m_axi_gmem_in_WLAST             |  out|    1|       m_axi|                                                                           gmem_in|       pointer|
|m_axi_gmem_in_WID               |  out|    1|       m_axi|                                                                           gmem_in|       pointer|
|m_axi_gmem_in_WUSER             |  out|    1|       m_axi|                                                                           gmem_in|       pointer|
|m_axi_gmem_in_ARVALID           |  out|    1|       m_axi|                                                                           gmem_in|       pointer|
|m_axi_gmem_in_ARREADY           |   in|    1|       m_axi|                                                                           gmem_in|       pointer|
|m_axi_gmem_in_ARADDR            |  out|   32|       m_axi|                                                                           gmem_in|       pointer|
|m_axi_gmem_in_ARID              |  out|    1|       m_axi|                                                                           gmem_in|       pointer|
|m_axi_gmem_in_ARLEN             |  out|   32|       m_axi|                                                                           gmem_in|       pointer|
|m_axi_gmem_in_ARSIZE            |  out|    3|       m_axi|                                                                           gmem_in|       pointer|
|m_axi_gmem_in_ARBURST           |  out|    2|       m_axi|                                                                           gmem_in|       pointer|
|m_axi_gmem_in_ARLOCK            |  out|    2|       m_axi|                                                                           gmem_in|       pointer|
|m_axi_gmem_in_ARCACHE           |  out|    4|       m_axi|                                                                           gmem_in|       pointer|
|m_axi_gmem_in_ARPROT            |  out|    3|       m_axi|                                                                           gmem_in|       pointer|
|m_axi_gmem_in_ARQOS             |  out|    4|       m_axi|                                                                           gmem_in|       pointer|
|m_axi_gmem_in_ARREGION          |  out|    4|       m_axi|                                                                           gmem_in|       pointer|
|m_axi_gmem_in_ARUSER            |  out|    1|       m_axi|                                                                           gmem_in|       pointer|
|m_axi_gmem_in_RVALID            |   in|    1|       m_axi|                                                                           gmem_in|       pointer|
|m_axi_gmem_in_RREADY            |  out|    1|       m_axi|                                                                           gmem_in|       pointer|
|m_axi_gmem_in_RDATA             |   in|   16|       m_axi|                                                                           gmem_in|       pointer|
|m_axi_gmem_in_RLAST             |   in|    1|       m_axi|                                                                           gmem_in|       pointer|
|m_axi_gmem_in_RID               |   in|    1|       m_axi|                                                                           gmem_in|       pointer|
|m_axi_gmem_in_RFIFONUM          |   in|    6|       m_axi|                                                                           gmem_in|       pointer|
|m_axi_gmem_in_RUSER             |   in|    1|       m_axi|                                                                           gmem_in|       pointer|
|m_axi_gmem_in_RRESP             |   in|    2|       m_axi|                                                                           gmem_in|       pointer|
|m_axi_gmem_in_BVALID            |   in|    1|       m_axi|                                                                           gmem_in|       pointer|
|m_axi_gmem_in_BREADY            |  out|    1|       m_axi|                                                                           gmem_in|       pointer|
|m_axi_gmem_in_BRESP             |   in|    2|       m_axi|                                                                           gmem_in|       pointer|
|m_axi_gmem_in_BID               |   in|    1|       m_axi|                                                                           gmem_in|       pointer|
|m_axi_gmem_in_BUSER             |   in|    1|       m_axi|                                                                           gmem_in|       pointer|
|sequence_stream_din             |  out|   16|     ap_fifo|                                                                   sequence_stream|       pointer|
|sequence_stream_num_data_valid  |   in|    8|     ap_fifo|                                                                   sequence_stream|       pointer|
|sequence_stream_fifo_cap        |   in|    8|     ap_fifo|                                                                   sequence_stream|       pointer|
|sequence_stream_full_n          |   in|    1|     ap_fifo|                                                                   sequence_stream|       pointer|
|sequence_stream_write           |  out|    1|     ap_fifo|                                                                   sequence_stream|       pointer|
|shl_ln                          |   in|    5|     ap_none|                                                                            shl_ln|        scalar|
|zext_ln1798                     |   in|   12|     ap_none|                                                                       zext_ln1798|        scalar|
|fb_output_q610                  |   in|   32|     ap_none|                                                                    fb_output_q610|        scalar|
+--------------------------------+-----+-----+------------+----------------------------------------------------------------------------------+--------------+

