

================================================================
== Vitis HLS Report for 'p_anonymous_namespace_RunGSULayer1StreamParallelQ610'
================================================================
* Date:           Wed May 13 19:58:55 2026

* Version:        2023.2 (Build 4023990 on Oct 11 2023)
* Project:        subband_q610_zybo_z7_20_hls
* Solution:       solution1 (Vivado IP Flow Target)
* Product family: zynq
* Target device:  xc7z020-clg400-1


================================================================
== Performance Estimates
================================================================
+ Timing: 
    * Summary: 
    +--------+----------+----------+------------+
    |  Clock |  Target  | Estimated| Uncertainty|
    +--------+----------+----------+------------+
    |ap_clk  |  10.00 ns|  8.563 ns|     2.70 ns|
    +--------+----------+----------+------------+

+ Latency: 
    * Summary: 
    +----------+----------+-----------+-----------+----------+----------+---------+
    |   Latency (cycles)  |   Latency (absolute)  |       Interval      | Pipeline|
    |    min   |    max   |    min    |    max    |    min   |    max   |   Type  |
    +----------+----------+-----------+-----------+----------+----------+---------+
    |  57109921|  57109921|  0.571 sec|  0.571 sec|  57109921|  57109921|       no|
    +----------+----------+-----------+-----------+----------+----------+---------+

    + Detail: 
        * Instance: 
        +---------------------------------------------------------------------------------------------+---------------------------------------------------------------------------------+---------+---------+-----------+-----------+------+------+---------+
        |                                                                                             |                                                                                 |  Latency (cycles) |   Latency (absolute)  |   Interval  | Pipeline|
        |                                           Instance                                          |                                      Module                                     |   min   |   max   |    min    |    max    |  min |  max |   Type  |
        +---------------------------------------------------------------------------------------------+---------------------------------------------------------------------------------+---------+---------+-----------+-----------+------+------+---------+
        |grp_p_anonymous_namespace_RunGSULayer1StreamParallelQ610_Pipeline_VITIS_LOOP_1765_1_fu_1886  |p_anonymous_namespace_RunGSULayer1StreamParallelQ610_Pipeline_VITIS_LOOP_1765_1  |      226|      226|   2.260 us|   2.260 us|   226|   226|       no|
        |grp_p_anonymous_namespace_RunGSUCellBand0ParallelQ610_224_2_32_32_true_s_fu_2340             |p_anonymous_namespace_RunGSUCellBand0ParallelQ610_224_2_32_32_true_s             |     2497|     2497|  24.970 us|  24.970 us|  2497|  2497|       no|
        |grp_p_anonymous_namespace_RunGSULayer1StreamParallelQ610_Pipeline_VITIS_LOOP_1774_1_fu_2603  |p_anonymous_namespace_RunGSULayer1StreamParallelQ610_Pipeline_VITIS_LOOP_1774_1  |      227|      227|   2.270 us|   2.270 us|   227|   227|       no|
        +---------------------------------------------------------------------------------------------+---------------------------------------------------------------------------------+---------+---------+-----------+-----------+------+------+---------+

        * Loop: 
        +---------------------------------------+----------+----------+----------+-----------+-----------+-------+----------+
        |                                       |   Latency (cycles)  | Iteration|  Initiation Interval  |  Trip |          |
        |               Loop Name               |    min   |    max   |  Latency |  achieved |   target  | Count | Pipelined|
        +---------------------------------------+----------+----------+----------+-----------+-----------+-------+----------+
        |- VITIS_LOOP_2015_1_VITIS_LOOP_2017_2  |  57109920|  57109920|      2956|          -|          -|  19320|        no|
        +---------------------------------------+----------+----------+----------+-----------+-----------+-------+----------+



================================================================
== Utilization Estimates
================================================================
* Summary: 
+-----------------+---------+-----+--------+-------+-----+
|       Name      | BRAM_18K| DSP |   FF   |  LUT  | URAM|
+-----------------+---------+-----+--------+-------+-----+
|DSP              |        -|    -|       -|      -|    -|
|Expression       |        -|    -|       0|     72|    -|
|FIFO             |        -|    -|       -|      -|    -|
|Instance         |        4|  134|   20678|  20756|    0|
|Memory           |        2|    -|       0|      0|    0|
|Multiplexer      |        -|    -|       -|    161|    -|
|Register         |        -|    -|    3617|      -|    -|
+-----------------+---------+-----+--------+-------+-----+
|Total            |        6|  134|   24295|  20989|    0|
+-----------------+---------+-----+--------+-------+-----+
|Available        |      280|  220|  106400|  53200|    0|
+-----------------+---------+-----+--------+-------+-----+
|Utilization (%)  |        2|   60|      22|     39|    0|
+-----------------+---------+-----+--------+-------+-----+

+ Detail: 
    * Instance: 
    +---------------------------------------------------------------------------------------------+---------------------------------------------------------------------------------+---------+-----+-------+-------+-----+
    |                                           Instance                                          |                                      Module                                     | BRAM_18K| DSP |   FF  |  LUT  | URAM|
    +---------------------------------------------------------------------------------------------+---------------------------------------------------------------------------------+---------+-----+-------+-------+-----+
    |grp_p_anonymous_namespace_RunGSUCellBand0ParallelQ610_224_2_32_32_true_s_fu_2340             |p_anonymous_namespace_RunGSUCellBand0ParallelQ610_224_2_32_32_true_s             |        4|  134|  17050|  18569|    0|
    |grp_p_anonymous_namespace_RunGSULayer1StreamParallelQ610_Pipeline_VITIS_LOOP_1765_1_fu_1886  |p_anonymous_namespace_RunGSULayer1StreamParallelQ610_Pipeline_VITIS_LOOP_1765_1  |        0|    0|   3603|   2097|    0|
    |grp_p_anonymous_namespace_RunGSULayer1StreamParallelQ610_Pipeline_VITIS_LOOP_1774_1_fu_2603  |p_anonymous_namespace_RunGSULayer1StreamParallelQ610_Pipeline_VITIS_LOOP_1774_1  |        0|    0|     25|     90|    0|
    +---------------------------------------------------------------------------------------------+---------------------------------------------------------------------------------+---------+-----+-------+-------+-----+
    |Total                                                                                        |                                                                                 |        4|  134|  20678|  20756|    0|
    +---------------------------------------------------------------------------------------------+---------------------------------------------------------------------------------+---------+-----+-------+-------+-----+

    * DSP: 
    N/A

    * Memory: 
    +-------------------+----------------------------------------------------------------------------------+---------+---+----+-----+------+-----+------+-------------+
    |       Memory      |                                      Module                                      | BRAM_18K| FF| LUT| URAM| Words| Bits| Banks| W*Bits*Banks|
    +-------------------+----------------------------------------------------------------------------------+---------+---+----+-----+------+-----+------+-------------+
    |output_buffer_U    |p_anonymous_namespace_RunGSULayer1StreamParallelQ610_output_buffer_RAM_AUTO_1ncg  |        1|  0|   0|    0|   112|   11|     1|         1232|
    |output_buffer_2_U  |p_anonymous_namespace_RunGSULayer1StreamParallelQ610_output_buffer_RAM_AUTO_1ncg  |        1|  0|   0|    0|   112|   11|     1|         1232|
    +-------------------+----------------------------------------------------------------------------------+---------+---+----+-----+------+-----+------+-------------+
    |Total              |                                                                                  |        2|  0|   0|    0|   224|   22|     2|         2464|
    +-------------------+----------------------------------------------------------------------------------+---------+---+----+-----+------+-----+------+-------------+

    * FIFO: 
    N/A

    * Expression: 
    +--------------------------+----------+----+---+----+------------+------------+
    |       Variable Name      | Operation| DSP| FF| LUT| Bitwidth P0| Bitwidth P1|
    +--------------------------+----------+----+---+----+------------+------------+
    |add_ln2015_fu_2630_p2     |         +|   0|  0|  20|          15|           1|
    |add_ln2017_fu_3558_p2     |         +|   0|  0|  13|           4|           1|
    |icmp_ln2015_fu_2624_p2    |      icmp|   0|  0|  20|          15|          15|
    |icmp_ln2017_fu_3540_p2    |      icmp|   0|  0|  13|           4|           5|
    |ap_block_state1           |        or|   0|  0|   2|           1|           1|
    |select_ln2010_fu_3546_p3  |    select|   0|  0|   4|           1|           1|
    +--------------------------+----------+----+---+----+------------+------------+
    |Total                     |          |   0|  0|  72|          40|          24|
    +--------------------------+----------+----+---+----+------------+------------+

    * Multiplexer: 
    +----------------------------+----+-----------+-----+-----------+
    |            Name            | LUT| Input Size| Bits| Total Bits|
    +----------------------------+----+-----------+-----+-----------+
    |ap_NS_fsm                   |  42|          8|    1|          8|
    |ap_done                     |   9|          2|    1|          2|
    |indvar_flatten_fu_978       |   9|          2|   15|         30|
    |layer0_output_stream_read   |   9|          2|    1|          2|
    |layer1_output_stream_write  |   9|          2|    1|          2|
    |output_buffer_2_address0    |  14|          3|    7|         21|
    |output_buffer_2_ce0         |  14|          3|    1|          3|
    |output_buffer_2_we0         |   9|          2|    1|          2|
    |output_buffer_address0      |  14|          3|    7|         21|
    |output_buffer_ce0           |  14|          3|    1|          3|
    |output_buffer_we0           |   9|          2|    1|          2|
    |subband_index_fu_78         |   9|          2|    4|          8|
    +----------------------------+----+-----------+-----+-----------+
    |Total                       | 161|         34|   41|        104|
    +----------------------------+----+-----------+-----+-----------+

    * Register: 
    +----------------------------------------------------------------------------------------------------------+----+----+-----+-----------+
    |                                                   Name                                                   | FF | LUT| Bits| Const Bits|
    +----------------------------------------------------------------------------------------------------------+----+----+-----+-----------+
    |ap_CS_fsm                                                                                                 |   7|   0|    7|          0|
    |ap_done_reg                                                                                               |   1|   0|    1|          0|
    |grp_p_anonymous_namespace_RunGSUCellBand0ParallelQ610_224_2_32_32_true_s_fu_2340_ap_start_reg             |   1|   0|    1|          0|
    |grp_p_anonymous_namespace_RunGSULayer1StreamParallelQ610_Pipeline_VITIS_LOOP_1765_1_fu_1886_ap_start_reg  |   1|   0|    1|          0|
    |grp_p_anonymous_namespace_RunGSULayer1StreamParallelQ610_Pipeline_VITIS_LOOP_1774_1_fu_2603_ap_start_reg  |   1|   0|    1|          0|
    |indvar_flatten_fu_978                                                                                     |  15|   0|   15|          0|
    |input_buffer_449_fu_86                                                                                    |  16|   0|   16|          0|
    |input_buffer_450_fu_90                                                                                    |  16|   0|   16|          0|
    |input_buffer_451_fu_94                                                                                    |  16|   0|   16|          0|
    |input_buffer_452_fu_98                                                                                    |  16|   0|   16|          0|
    |input_buffer_453_fu_102                                                                                   |  16|   0|   16|          0|
    |input_buffer_454_fu_106                                                                                   |  16|   0|   16|          0|
    |input_buffer_455_fu_110                                                                                   |  16|   0|   16|          0|
    |input_buffer_456_fu_114                                                                                   |  16|   0|   16|          0|
    |input_buffer_457_fu_118                                                                                   |  16|   0|   16|          0|
    |input_buffer_458_fu_122                                                                                   |  16|   0|   16|          0|
    |input_buffer_459_fu_126                                                                                   |  16|   0|   16|          0|
    |input_buffer_460_fu_130                                                                                   |  16|   0|   16|          0|
    |input_buffer_461_fu_134                                                                                   |  16|   0|   16|          0|
    |input_buffer_462_fu_138                                                                                   |  16|   0|   16|          0|
    |input_buffer_463_fu_142                                                                                   |  16|   0|   16|          0|
    |input_buffer_464_fu_146                                                                                   |  16|   0|   16|          0|
    |input_buffer_465_fu_150                                                                                   |  16|   0|   16|          0|
    |input_buffer_466_fu_154                                                                                   |  16|   0|   16|          0|
    |input_buffer_467_fu_158                                                                                   |  16|   0|   16|          0|
    |input_buffer_468_fu_162                                                                                   |  16|   0|   16|          0|
    |input_buffer_469_fu_166                                                                                   |  16|   0|   16|          0|
    |input_buffer_470_fu_170                                                                                   |  16|   0|   16|          0|
    |input_buffer_471_fu_174                                                                                   |  16|   0|   16|          0|
    |input_buffer_472_fu_178                                                                                   |  16|   0|   16|          0|
    |input_buffer_473_fu_182                                                                                   |  16|   0|   16|          0|
    |input_buffer_474_fu_186                                                                                   |  16|   0|   16|          0|
    |input_buffer_475_fu_190                                                                                   |  16|   0|   16|          0|
    |input_buffer_476_fu_194                                                                                   |  16|   0|   16|          0|
    |input_buffer_477_fu_198                                                                                   |  16|   0|   16|          0|
    |input_buffer_478_fu_202                                                                                   |  16|   0|   16|          0|
    |input_buffer_479_fu_206                                                                                   |  16|   0|   16|          0|
    |input_buffer_480_fu_210                                                                                   |  16|   0|   16|          0|
    |input_buffer_481_fu_214                                                                                   |  16|   0|   16|          0|
    |input_buffer_482_fu_218                                                                                   |  16|   0|   16|          0|
    |input_buffer_483_fu_222                                                                                   |  16|   0|   16|          0|
    |input_buffer_484_fu_226                                                                                   |  16|   0|   16|          0|
    |input_buffer_485_fu_230                                                                                   |  16|   0|   16|          0|
    |input_buffer_486_fu_234                                                                                   |  16|   0|   16|          0|
    |input_buffer_487_fu_238                                                                                   |  16|   0|   16|          0|
    |input_buffer_488_fu_242                                                                                   |  16|   0|   16|          0|
    |input_buffer_489_fu_246                                                                                   |  16|   0|   16|          0|
    |input_buffer_490_fu_250                                                                                   |  16|   0|   16|          0|
    |input_buffer_491_fu_254                                                                                   |  16|   0|   16|          0|
    |input_buffer_492_fu_258                                                                                   |  16|   0|   16|          0|
    |input_buffer_493_fu_262                                                                                   |  16|   0|   16|          0|
    |input_buffer_494_fu_266                                                                                   |  16|   0|   16|          0|
    |input_buffer_495_fu_270                                                                                   |  16|   0|   16|          0|
    |input_buffer_496_fu_274                                                                                   |  16|   0|   16|          0|
    |input_buffer_497_fu_278                                                                                   |  16|   0|   16|          0|
    |input_buffer_498_fu_282                                                                                   |  16|   0|   16|          0|
    |input_buffer_499_fu_286                                                                                   |  16|   0|   16|          0|
    |input_buffer_500_fu_290                                                                                   |  16|   0|   16|          0|
    |input_buffer_501_fu_294                                                                                   |  16|   0|   16|          0|
    |input_buffer_502_fu_298                                                                                   |  16|   0|   16|          0|
    |input_buffer_503_fu_302                                                                                   |  16|   0|   16|          0|
    |input_buffer_504_fu_306                                                                                   |  16|   0|   16|          0|
    |input_buffer_505_fu_310                                                                                   |  16|   0|   16|          0|
    |input_buffer_506_fu_314                                                                                   |  16|   0|   16|          0|
    |input_buffer_507_fu_318                                                                                   |  16|   0|   16|          0|
    |input_buffer_508_fu_322                                                                                   |  16|   0|   16|          0|
    |input_buffer_509_fu_326                                                                                   |  16|   0|   16|          0|
    |input_buffer_510_fu_330                                                                                   |  16|   0|   16|          0|
    |input_buffer_511_fu_334                                                                                   |  16|   0|   16|          0|
    |input_buffer_512_fu_338                                                                                   |  16|   0|   16|          0|
    |input_buffer_513_fu_342                                                                                   |  16|   0|   16|          0|
    |input_buffer_514_fu_346                                                                                   |  16|   0|   16|          0|
    |input_buffer_515_fu_350                                                                                   |  16|   0|   16|          0|
    |input_buffer_516_fu_354                                                                                   |  16|   0|   16|          0|
    |input_buffer_517_fu_358                                                                                   |  16|   0|   16|          0|
    |input_buffer_518_fu_362                                                                                   |  16|   0|   16|          0|
    |input_buffer_519_fu_366                                                                                   |  16|   0|   16|          0|
    |input_buffer_520_fu_370                                                                                   |  16|   0|   16|          0|
    |input_buffer_521_fu_374                                                                                   |  16|   0|   16|          0|
    |input_buffer_522_fu_378                                                                                   |  16|   0|   16|          0|
    |input_buffer_523_fu_382                                                                                   |  16|   0|   16|          0|
    |input_buffer_524_fu_386                                                                                   |  16|   0|   16|          0|
    |input_buffer_525_fu_390                                                                                   |  16|   0|   16|          0|
    |input_buffer_526_fu_394                                                                                   |  16|   0|   16|          0|
    |input_buffer_527_fu_398                                                                                   |  16|   0|   16|          0|
    |input_buffer_528_fu_402                                                                                   |  16|   0|   16|          0|
    |input_buffer_529_fu_406                                                                                   |  16|   0|   16|          0|
    |input_buffer_530_fu_410                                                                                   |  16|   0|   16|          0|
    |input_buffer_531_fu_414                                                                                   |  16|   0|   16|          0|
    |input_buffer_532_fu_418                                                                                   |  16|   0|   16|          0|
    |input_buffer_533_fu_422                                                                                   |  16|   0|   16|          0|
    |input_buffer_534_fu_426                                                                                   |  16|   0|   16|          0|
    |input_buffer_535_fu_430                                                                                   |  16|   0|   16|          0|
    |input_buffer_536_fu_434                                                                                   |  16|   0|   16|          0|
    |input_buffer_537_fu_438                                                                                   |  16|   0|   16|          0|
    |input_buffer_538_fu_442                                                                                   |  16|   0|   16|          0|
    |input_buffer_539_fu_446                                                                                   |  16|   0|   16|          0|
    |input_buffer_540_fu_450                                                                                   |  16|   0|   16|          0|
    |input_buffer_541_fu_454                                                                                   |  16|   0|   16|          0|
    |input_buffer_542_fu_458                                                                                   |  16|   0|   16|          0|
    |input_buffer_543_fu_462                                                                                   |  16|   0|   16|          0|
    |input_buffer_544_fu_466                                                                                   |  16|   0|   16|          0|
    |input_buffer_545_fu_470                                                                                   |  16|   0|   16|          0|
    |input_buffer_546_fu_474                                                                                   |  16|   0|   16|          0|
    |input_buffer_547_fu_478                                                                                   |  16|   0|   16|          0|
    |input_buffer_548_fu_482                                                                                   |  16|   0|   16|          0|
    |input_buffer_549_fu_486                                                                                   |  16|   0|   16|          0|
    |input_buffer_550_fu_490                                                                                   |  16|   0|   16|          0|
    |input_buffer_551_fu_494                                                                                   |  16|   0|   16|          0|
    |input_buffer_552_fu_498                                                                                   |  16|   0|   16|          0|
    |input_buffer_553_fu_502                                                                                   |  16|   0|   16|          0|
    |input_buffer_554_fu_506                                                                                   |  16|   0|   16|          0|
    |input_buffer_555_fu_510                                                                                   |  16|   0|   16|          0|
    |input_buffer_556_fu_514                                                                                   |  16|   0|   16|          0|
    |input_buffer_557_fu_518                                                                                   |  16|   0|   16|          0|
    |input_buffer_558_fu_522                                                                                   |  16|   0|   16|          0|
    |input_buffer_559_fu_526                                                                                   |  16|   0|   16|          0|
    |input_buffer_560_fu_530                                                                                   |  16|   0|   16|          0|
    |input_buffer_561_fu_534                                                                                   |  16|   0|   16|          0|
    |input_buffer_562_fu_538                                                                                   |  16|   0|   16|          0|
    |input_buffer_563_fu_542                                                                                   |  16|   0|   16|          0|
    |input_buffer_564_fu_546                                                                                   |  16|   0|   16|          0|
    |input_buffer_565_fu_550                                                                                   |  16|   0|   16|          0|
    |input_buffer_566_fu_554                                                                                   |  16|   0|   16|          0|
    |input_buffer_567_fu_558                                                                                   |  16|   0|   16|          0|
    |input_buffer_568_fu_562                                                                                   |  16|   0|   16|          0|
    |input_buffer_569_fu_566                                                                                   |  16|   0|   16|          0|
    |input_buffer_570_fu_570                                                                                   |  16|   0|   16|          0|
    |input_buffer_571_fu_574                                                                                   |  16|   0|   16|          0|
    |input_buffer_572_fu_578                                                                                   |  16|   0|   16|          0|
    |input_buffer_573_fu_582                                                                                   |  16|   0|   16|          0|
    |input_buffer_574_fu_586                                                                                   |  16|   0|   16|          0|
    |input_buffer_575_fu_590                                                                                   |  16|   0|   16|          0|
    |input_buffer_576_fu_594                                                                                   |  16|   0|   16|          0|
    |input_buffer_577_fu_598                                                                                   |  16|   0|   16|          0|
    |input_buffer_578_fu_602                                                                                   |  16|   0|   16|          0|
    |input_buffer_579_fu_606                                                                                   |  16|   0|   16|          0|
    |input_buffer_580_fu_610                                                                                   |  16|   0|   16|          0|
    |input_buffer_581_fu_614                                                                                   |  16|   0|   16|          0|
    |input_buffer_582_fu_618                                                                                   |  16|   0|   16|          0|
    |input_buffer_583_fu_622                                                                                   |  16|   0|   16|          0|
    |input_buffer_584_fu_626                                                                                   |  16|   0|   16|          0|
    |input_buffer_585_fu_630                                                                                   |  16|   0|   16|          0|
    |input_buffer_586_fu_634                                                                                   |  16|   0|   16|          0|
    |input_buffer_587_fu_638                                                                                   |  16|   0|   16|          0|
    |input_buffer_588_fu_642                                                                                   |  16|   0|   16|          0|
    |input_buffer_589_fu_646                                                                                   |  16|   0|   16|          0|
    |input_buffer_590_fu_650                                                                                   |  16|   0|   16|          0|
    |input_buffer_591_fu_654                                                                                   |  16|   0|   16|          0|
    |input_buffer_592_fu_658                                                                                   |  16|   0|   16|          0|
    |input_buffer_593_fu_662                                                                                   |  16|   0|   16|          0|
    |input_buffer_594_fu_666                                                                                   |  16|   0|   16|          0|
    |input_buffer_595_fu_670                                                                                   |  16|   0|   16|          0|
    |input_buffer_596_fu_674                                                                                   |  16|   0|   16|          0|
    |input_buffer_597_fu_678                                                                                   |  16|   0|   16|          0|
    |input_buffer_598_fu_682                                                                                   |  16|   0|   16|          0|
    |input_buffer_599_fu_686                                                                                   |  16|   0|   16|          0|
    |input_buffer_600_fu_690                                                                                   |  16|   0|   16|          0|
    |input_buffer_601_fu_694                                                                                   |  16|   0|   16|          0|
    |input_buffer_602_fu_698                                                                                   |  16|   0|   16|          0|
    |input_buffer_603_fu_702                                                                                   |  16|   0|   16|          0|
    |input_buffer_604_fu_706                                                                                   |  16|   0|   16|          0|
    |input_buffer_605_fu_710                                                                                   |  16|   0|   16|          0|
    |input_buffer_606_fu_714                                                                                   |  16|   0|   16|          0|
    |input_buffer_607_fu_718                                                                                   |  16|   0|   16|          0|
    |input_buffer_608_fu_722                                                                                   |  16|   0|   16|          0|
    |input_buffer_609_fu_726                                                                                   |  16|   0|   16|          0|
    |input_buffer_610_fu_730                                                                                   |  16|   0|   16|          0|
    |input_buffer_611_fu_734                                                                                   |  16|   0|   16|          0|
    |input_buffer_612_fu_738                                                                                   |  16|   0|   16|          0|
    |input_buffer_613_fu_742                                                                                   |  16|   0|   16|          0|
    |input_buffer_614_fu_746                                                                                   |  16|   0|   16|          0|
    |input_buffer_615_fu_750                                                                                   |  16|   0|   16|          0|
    |input_buffer_616_fu_754                                                                                   |  16|   0|   16|          0|
    |input_buffer_617_fu_758                                                                                   |  16|   0|   16|          0|
    |input_buffer_618_fu_762                                                                                   |  16|   0|   16|          0|
    |input_buffer_619_fu_766                                                                                   |  16|   0|   16|          0|
    |input_buffer_620_fu_770                                                                                   |  16|   0|   16|          0|
    |input_buffer_621_fu_774                                                                                   |  16|   0|   16|          0|
    |input_buffer_622_fu_778                                                                                   |  16|   0|   16|          0|
    |input_buffer_623_fu_782                                                                                   |  16|   0|   16|          0|
    |input_buffer_624_fu_786                                                                                   |  16|   0|   16|          0|
    |input_buffer_625_fu_790                                                                                   |  16|   0|   16|          0|
    |input_buffer_626_fu_794                                                                                   |  16|   0|   16|          0|
    |input_buffer_627_fu_798                                                                                   |  16|   0|   16|          0|
    |input_buffer_628_fu_802                                                                                   |  16|   0|   16|          0|
    |input_buffer_629_fu_806                                                                                   |  16|   0|   16|          0|
    |input_buffer_630_fu_810                                                                                   |  16|   0|   16|          0|
    |input_buffer_631_fu_814                                                                                   |  16|   0|   16|          0|
    |input_buffer_632_fu_818                                                                                   |  16|   0|   16|          0|
    |input_buffer_633_fu_822                                                                                   |  16|   0|   16|          0|
    |input_buffer_634_fu_826                                                                                   |  16|   0|   16|          0|
    |input_buffer_635_fu_830                                                                                   |  16|   0|   16|          0|
    |input_buffer_636_fu_834                                                                                   |  16|   0|   16|          0|
    |input_buffer_637_fu_838                                                                                   |  16|   0|   16|          0|
    |input_buffer_638_fu_842                                                                                   |  16|   0|   16|          0|
    |input_buffer_639_fu_846                                                                                   |  16|   0|   16|          0|
    |input_buffer_640_fu_850                                                                                   |  16|   0|   16|          0|
    |input_buffer_641_fu_854                                                                                   |  16|   0|   16|          0|
    |input_buffer_642_fu_858                                                                                   |  16|   0|   16|          0|
    |input_buffer_643_fu_862                                                                                   |  16|   0|   16|          0|
    |input_buffer_644_fu_866                                                                                   |  16|   0|   16|          0|
    |input_buffer_645_fu_870                                                                                   |  16|   0|   16|          0|
    |input_buffer_646_fu_874                                                                                   |  16|   0|   16|          0|
    |input_buffer_647_fu_878                                                                                   |  16|   0|   16|          0|
    |input_buffer_648_fu_882                                                                                   |  16|   0|   16|          0|
    |input_buffer_649_fu_886                                                                                   |  16|   0|   16|          0|
    |input_buffer_650_fu_890                                                                                   |  16|   0|   16|          0|
    |input_buffer_651_fu_894                                                                                   |  16|   0|   16|          0|
    |input_buffer_652_fu_898                                                                                   |  16|   0|   16|          0|
    |input_buffer_653_fu_902                                                                                   |  16|   0|   16|          0|
    |input_buffer_654_fu_906                                                                                   |  16|   0|   16|          0|
    |input_buffer_655_fu_910                                                                                   |  16|   0|   16|          0|
    |input_buffer_656_fu_914                                                                                   |  16|   0|   16|          0|
    |input_buffer_657_fu_918                                                                                   |  16|   0|   16|          0|
    |input_buffer_658_fu_922                                                                                   |  16|   0|   16|          0|
    |input_buffer_659_fu_926                                                                                   |  16|   0|   16|          0|
    |input_buffer_660_fu_930                                                                                   |  16|   0|   16|          0|
    |input_buffer_661_fu_934                                                                                   |  16|   0|   16|          0|
    |input_buffer_662_fu_938                                                                                   |  16|   0|   16|          0|
    |input_buffer_663_fu_942                                                                                   |  16|   0|   16|          0|
    |input_buffer_664_fu_946                                                                                   |  16|   0|   16|          0|
    |input_buffer_665_fu_950                                                                                   |  16|   0|   16|          0|
    |input_buffer_666_fu_954                                                                                   |  16|   0|   16|          0|
    |input_buffer_667_fu_958                                                                                   |  16|   0|   16|          0|
    |input_buffer_668_fu_962                                                                                   |  16|   0|   16|          0|
    |input_buffer_669_fu_966                                                                                   |  16|   0|   16|          0|
    |input_buffer_670_fu_970                                                                                   |  16|   0|   16|          0|
    |input_buffer_671_fu_974                                                                                   |  16|   0|   16|          0|
    |input_buffer_fu_82                                                                                        |  16|   0|   16|          0|
    |subband_index_fu_78                                                                                       |   4|   0|    4|          0|
    |trunc_ln2019_reg_8962                                                                                     |   3|   0|    3|          0|
    +----------------------------------------------------------------------------------------------------------+----+----+-----+-----------+
    |Total                                                                                                     |3617|   0| 3617|          0|
    +----------------------------------------------------------------------------------------------------------+----+----+-----+-----------+



================================================================
== Interface
================================================================
* Summary: 
+------------------------------------------------------------------------------------------+-----+-----+------------+---------------------------------------------------------------------------------+--------------+
|                                         RTL Ports                                        | Dir | Bits|  Protocol  |                                  Source Object                                  |    C Type    |
+------------------------------------------------------------------------------------------+-----+-----+------------+---------------------------------------------------------------------------------+--------------+
|ap_clk                                                                                    |   in|    1|  ap_ctrl_hs|                              (anonymous namespace)RunGSULayer1StreamParallelQ610|  return value|
|ap_rst                                                                                    |   in|    1|  ap_ctrl_hs|                              (anonymous namespace)RunGSULayer1StreamParallelQ610|  return value|
|ap_start                                                                                  |   in|    1|  ap_ctrl_hs|                              (anonymous namespace)RunGSULayer1StreamParallelQ610|  return value|
|ap_done                                                                                   |  out|    1|  ap_ctrl_hs|                              (anonymous namespace)RunGSULayer1StreamParallelQ610|  return value|
|ap_continue                                                                               |   in|    1|  ap_ctrl_hs|                              (anonymous namespace)RunGSULayer1StreamParallelQ610|  return value|
|ap_idle                                                                                   |  out|    1|  ap_ctrl_hs|                              (anonymous namespace)RunGSULayer1StreamParallelQ610|  return value|
|ap_ready                                                                                  |  out|    1|  ap_ctrl_hs|                              (anonymous namespace)RunGSULayer1StreamParallelQ610|  return value|
|layer0_output_stream_dout                                                                 |   in|   16|     ap_fifo|                                                             layer0_output_stream|       pointer|
|layer0_output_stream_num_data_valid                                                       |   in|   10|     ap_fifo|                                                             layer0_output_stream|       pointer|
|layer0_output_stream_fifo_cap                                                             |   in|   10|     ap_fifo|                                                             layer0_output_stream|       pointer|
|layer0_output_stream_empty_n                                                              |   in|    1|     ap_fifo|                                                             layer0_output_stream|       pointer|
|layer0_output_stream_read                                                                 |  out|    1|     ap_fifo|                                                             layer0_output_stream|       pointer|
|layer1_output_stream_din                                                                  |  out|   16|     ap_fifo|                                                             layer1_output_stream|       pointer|
|layer1_output_stream_num_data_valid                                                       |   in|   10|     ap_fifo|                                                             layer1_output_stream|       pointer|
|layer1_output_stream_fifo_cap                                                             |   in|   10|     ap_fifo|                                                             layer1_output_stream|       pointer|
|layer1_output_stream_full_n                                                               |   in|    1|     ap_fifo|                                                             layer1_output_stream|       pointer|
|layer1_output_stream_write                                                                |  out|    1|     ap_fifo|                                                             layer1_output_stream|       pointer|
|SubbandBand0TopQ610_ap_int_const_ap_int_const_ap_int_const_ap_int_const_ap_i_2_address0   |  out|   10|   ap_stable|   SubbandBand0TopQ610_ap_int_const_ap_int_const_ap_int_const_ap_int_const_ap_i_2|         array|
|SubbandBand0TopQ610_ap_int_const_ap_int_const_ap_int_const_ap_int_const_ap_i_2_ce0        |  out|    1|   ap_stable|   SubbandBand0TopQ610_ap_int_const_ap_int_const_ap_int_const_ap_int_const_ap_i_2|         array|
|SubbandBand0TopQ610_ap_int_const_ap_int_const_ap_int_const_ap_int_const_ap_i_2_q0         |   in|  512|   ap_stable|   SubbandBand0TopQ610_ap_int_const_ap_int_const_ap_int_const_ap_int_const_ap_i_2|         array|
|SubbandBand0TopQ610_ap_int_const_ap_int_const_ap_int_const_ap_int_const_ap_i_4_address0   |  out|   10|   ap_stable|   SubbandBand0TopQ610_ap_int_const_ap_int_const_ap_int_const_ap_int_const_ap_i_4|         array|
|SubbandBand0TopQ610_ap_int_const_ap_int_const_ap_int_const_ap_int_const_ap_i_4_ce0        |  out|    1|   ap_stable|   SubbandBand0TopQ610_ap_int_const_ap_int_const_ap_int_const_ap_int_const_ap_i_4|         array|
|SubbandBand0TopQ610_ap_int_const_ap_int_const_ap_int_const_ap_int_const_ap_i_4_q0         |   in|  512|   ap_stable|   SubbandBand0TopQ610_ap_int_const_ap_int_const_ap_int_const_ap_int_const_ap_i_4|         array|
|SubbandBand0TopQ610_ap_int_const_ap_int_const_ap_int_const_ap_int_const_ap_i_1_address0   |  out|   10|   ap_stable|   SubbandBand0TopQ610_ap_int_const_ap_int_const_ap_int_const_ap_int_const_ap_i_1|         array|
|SubbandBand0TopQ610_ap_int_const_ap_int_const_ap_int_const_ap_int_const_ap_i_1_ce0        |  out|    1|   ap_stable|   SubbandBand0TopQ610_ap_int_const_ap_int_const_ap_int_const_ap_int_const_ap_i_1|         array|
|SubbandBand0TopQ610_ap_int_const_ap_int_const_ap_int_const_ap_int_const_ap_i_1_q0         |   in|  512|   ap_stable|   SubbandBand0TopQ610_ap_int_const_ap_int_const_ap_int_const_ap_int_const_ap_i_1|         array|
|SubbandBand0TopQ610_ap_int_const_ap_int_const_ap_int_const_ap_int_const_ap_i_3_address0   |  out|   10|   ap_stable|   SubbandBand0TopQ610_ap_int_const_ap_int_const_ap_int_const_ap_int_const_ap_i_3|         array|
|SubbandBand0TopQ610_ap_int_const_ap_int_const_ap_int_const_ap_int_const_ap_i_3_ce0        |  out|    1|   ap_stable|   SubbandBand0TopQ610_ap_int_const_ap_int_const_ap_int_const_ap_int_const_ap_i_3|         array|
|SubbandBand0TopQ610_ap_int_const_ap_int_const_ap_int_const_ap_int_const_ap_i_3_q0         |   in|  512|   ap_stable|   SubbandBand0TopQ610_ap_int_const_ap_int_const_ap_int_const_ap_int_const_ap_i_3|         array|
|SubbandBand0TopQ610_ap_int_const_ap_int_const_ap_int_const_ap_int_const_ap_i_10_address0  |  out|    8|   ap_stable|  SubbandBand0TopQ610_ap_int_const_ap_int_const_ap_int_const_ap_int_const_ap_i_10|         array|
|SubbandBand0TopQ610_ap_int_const_ap_int_const_ap_int_const_ap_int_const_ap_i_10_ce0       |  out|    1|   ap_stable|  SubbandBand0TopQ610_ap_int_const_ap_int_const_ap_int_const_ap_int_const_ap_i_10|         array|
|SubbandBand0TopQ610_ap_int_const_ap_int_const_ap_int_const_ap_int_const_ap_i_10_q0        |   in|   16|   ap_stable|  SubbandBand0TopQ610_ap_int_const_ap_int_const_ap_int_const_ap_int_const_ap_i_10|         array|
|SubbandBand0TopQ610_ap_int_const_ap_int_const_ap_int_const_ap_int_const_ap_i_10_address1  |  out|    8|   ap_stable|  SubbandBand0TopQ610_ap_int_const_ap_int_const_ap_int_const_ap_int_const_ap_i_10|         array|
|SubbandBand0TopQ610_ap_int_const_ap_int_const_ap_int_const_ap_int_const_ap_i_10_ce1       |  out|    1|   ap_stable|  SubbandBand0TopQ610_ap_int_const_ap_int_const_ap_int_const_ap_int_const_ap_i_10|         array|
|SubbandBand0TopQ610_ap_int_const_ap_int_const_ap_int_const_ap_int_const_ap_i_10_q1        |   in|   16|   ap_stable|  SubbandBand0TopQ610_ap_int_const_ap_int_const_ap_int_const_ap_int_const_ap_i_10|         array|
|SubbandBand0TopQ610_ap_int_const_ap_int_const_ap_int_const_ap_int_const_ap_i_9_address0   |  out|    8|   ap_stable|   SubbandBand0TopQ610_ap_int_const_ap_int_const_ap_int_const_ap_int_const_ap_i_9|         array|
|SubbandBand0TopQ610_ap_int_const_ap_int_const_ap_int_const_ap_int_const_ap_i_9_ce0        |  out|    1|   ap_stable|   SubbandBand0TopQ610_ap_int_const_ap_int_const_ap_int_const_ap_int_const_ap_i_9|         array|
|SubbandBand0TopQ610_ap_int_const_ap_int_const_ap_int_const_ap_int_const_ap_i_9_q0         |   in|   16|   ap_stable|   SubbandBand0TopQ610_ap_int_const_ap_int_const_ap_int_const_ap_int_const_ap_i_9|         array|
|SubbandBand0TopQ610_ap_int_const_ap_int_const_ap_int_const_ap_int_const_ap_i_9_address1   |  out|    8|   ap_stable|   SubbandBand0TopQ610_ap_int_const_ap_int_const_ap_int_const_ap_int_const_ap_i_9|         array|
|SubbandBand0TopQ610_ap_int_const_ap_int_const_ap_int_const_ap_int_const_ap_i_9_ce1        |  out|    1|   ap_stable|   SubbandBand0TopQ610_ap_int_const_ap_int_const_ap_int_const_ap_int_const_ap_i_9|         array|
|SubbandBand0TopQ610_ap_int_const_ap_int_const_ap_int_const_ap_int_const_ap_i_9_q1         |   in|   16|   ap_stable|   SubbandBand0TopQ610_ap_int_const_ap_int_const_ap_int_const_ap_int_const_ap_i_9|         array|
|SubbandBand0TopQ610_ap_int_const_ap_int_const_ap_int_const_ap_int_const_ap_i_6_address0   |  out|    7|   ap_stable|   SubbandBand0TopQ610_ap_int_const_ap_int_const_ap_int_const_ap_int_const_ap_i_6|         array|
|SubbandBand0TopQ610_ap_int_const_ap_int_const_ap_int_const_ap_int_const_ap_i_6_ce0        |  out|    1|   ap_stable|   SubbandBand0TopQ610_ap_int_const_ap_int_const_ap_int_const_ap_int_const_ap_i_6|         array|
|SubbandBand0TopQ610_ap_int_const_ap_int_const_ap_int_const_ap_int_const_ap_i_6_q0         |   in|   16|   ap_stable|   SubbandBand0TopQ610_ap_int_const_ap_int_const_ap_int_const_ap_int_const_ap_i_6|         array|
|SubbandBand0TopQ610_ap_int_const_ap_int_const_ap_int_const_ap_int_const_ap_i_5_address0   |  out|    7|   ap_stable|   SubbandBand0TopQ610_ap_int_const_ap_int_const_ap_int_const_ap_int_const_ap_i_5|         array|
|SubbandBand0TopQ610_ap_int_const_ap_int_const_ap_int_const_ap_int_const_ap_i_5_ce0        |  out|    1|   ap_stable|   SubbandBand0TopQ610_ap_int_const_ap_int_const_ap_int_const_ap_int_const_ap_i_5|         array|
|SubbandBand0TopQ610_ap_int_const_ap_int_const_ap_int_const_ap_int_const_ap_i_5_q0         |   in|   16|   ap_stable|   SubbandBand0TopQ610_ap_int_const_ap_int_const_ap_int_const_ap_int_const_ap_i_5|         array|
|SubbandBand0TopQ610_ap_int_const_ap_int_const_ap_int_const_ap_int_const_ap_i_8_address0   |  out|    7|   ap_stable|   SubbandBand0TopQ610_ap_int_const_ap_int_const_ap_int_const_ap_int_const_ap_i_8|         array|
|SubbandBand0TopQ610_ap_int_const_ap_int_const_ap_int_const_ap_int_const_ap_i_8_ce0        |  out|    1|   ap_stable|   SubbandBand0TopQ610_ap_int_const_ap_int_const_ap_int_const_ap_int_const_ap_i_8|         array|
|SubbandBand0TopQ610_ap_int_const_ap_int_const_ap_int_const_ap_int_const_ap_i_8_q0         |   in|   16|   ap_stable|   SubbandBand0TopQ610_ap_int_const_ap_int_const_ap_int_const_ap_int_const_ap_i_8|         array|
|SubbandBand0TopQ610_ap_int_const_ap_int_const_ap_int_const_ap_int_const_ap_i_7_address0   |  out|    7|   ap_stable|   SubbandBand0TopQ610_ap_int_const_ap_int_const_ap_int_const_ap_int_const_ap_i_7|         array|
|SubbandBand0TopQ610_ap_int_const_ap_int_const_ap_int_const_ap_int_const_ap_i_7_ce0        |  out|    1|   ap_stable|   SubbandBand0TopQ610_ap_int_const_ap_int_const_ap_int_const_ap_int_const_ap_i_7|         array|
|SubbandBand0TopQ610_ap_int_const_ap_int_const_ap_int_const_ap_int_const_ap_i_7_q0         |   in|   16|   ap_stable|   SubbandBand0TopQ610_ap_int_const_ap_int_const_ap_int_const_ap_int_const_ap_i_7|         array|
+------------------------------------------------------------------------------------------+-----+-----+------------+---------------------------------------------------------------------------------+--------------+

