

================================================================
== Vitis HLS Report for 'p_anonymous_namespace_RunGSUGatePhaseBand0Q610_2_true_s'
================================================================
* Date:           Wed May 13 19:58:48 2026

* Version:        2023.2 (Build 4023990 on Oct 11 2023)
* Project:        subband_q610_zybo_z7_20_hls
* Solution:       solution1 (Vivado IP Flow Target)
* Product family: zynq
* Target device:  xc7z020-clg400-1


================================================================
== Performance Estimates
================================================================
+ Timing: 
    * Summary: 
    +--------+----------+----------+------------+
    |  Clock |  Target  | Estimated| Uncertainty|
    +--------+----------+----------+------------+
    |ap_clk  |  10.00 ns|  8.563 ns|     2.70 ns|
    +--------+----------+----------+------------+

+ Latency: 
    * Summary: 
    +---------+---------+----------+----------+-----+-----+---------+
    |  Latency (cycles) |  Latency (absolute) |  Interval | Pipeline|
    |   min   |   max   |    min   |    max   | min | max |   Type  |
    +---------+---------+----------+----------+-----+-----+---------+
    |      136|      136|  1.360 us|  1.360 us|  136|  136|       no|
    +---------+---------+----------+----------+-----+-----+---------+

    + Detail: 
        * Instance: 
        +---------------------------------------------------------------------------------------+---------------------------------------------------------------------------+---------+---------+----------+----------+-----+-----+---------+
        |                                                                                       |                                                                           |  Latency (cycles) |  Latency (absolute) |  Interval | Pipeline|
        |                                        Instance                                       |                                   Module                                  |   min   |   max   |    min   |    max   | min | max |   Type  |
        +---------------------------------------------------------------------------------------+---------------------------------------------------------------------------+---------+---------+----------+----------+-----+-----+---------+
        |grp_p_anonymous_namespace_RunGSUGatePhaseBand0Q610_Pipeline_VITIS_LOOP_1887_1_fu_1884  |p_anonymous_namespace_RunGSUGatePhaseBand0Q610_Pipeline_VITIS_LOOP_1887_1  |      134|      134|  1.340 us|  1.340 us|  134|  134|       no|
        +---------------------------------------------------------------------------------------+---------------------------------------------------------------------------+---------+---------+----------+----------+-----+-----+---------+

        * Loop: 
        N/A



================================================================
== Utilization Estimates
================================================================
* Summary: 
+-----------------+---------+-----+--------+-------+-----+
|       Name      | BRAM_18K| DSP |   FF   |  LUT  | URAM|
+-----------------+---------+-----+--------+-------+-----+
|DSP              |        -|    -|       -|      -|    -|
|Expression       |        -|    -|       0|     52|    -|
|FIFO             |        -|    -|       -|      -|    -|
|Instance         |        0|    6|    2890|   6625|    -|
|Memory           |        -|    -|       -|      -|    -|
|Multiplexer      |        -|    -|       -|     29|    -|
|Register         |        -|    -|      28|      -|    -|
+-----------------+---------+-----+--------+-------+-----+
|Total            |        0|    6|    2918|   6706|    0|
+-----------------+---------+-----+--------+-------+-----+
|Available        |      280|  220|  106400|  53200|    0|
+-----------------+---------+-----+--------+-------+-----+
|Utilization (%)  |        0|    2|       2|     12|    0|
+-----------------+---------+-----+--------+-------+-----+

+ Detail: 
    * Instance: 
    +---------------------------------------------------------------------------------------+---------------------------------------------------------------------------+---------+----+------+------+-----+
    |                                        Instance                                       |                                   Module                                  | BRAM_18K| DSP|  FF  |  LUT | URAM|
    +---------------------------------------------------------------------------------------+---------------------------------------------------------------------------+---------+----+------+------+-----+
    |grp_p_anonymous_namespace_RunGSUGatePhaseBand0Q610_Pipeline_VITIS_LOOP_1887_1_fu_1884  |p_anonymous_namespace_RunGSUGatePhaseBand0Q610_Pipeline_VITIS_LOOP_1887_1  |        0|   6|  2890|  6625|    0|
    +---------------------------------------------------------------------------------------+---------------------------------------------------------------------------+---------+----+------+------+-----+
    |Total                                                                                  |                                                                           |        0|   6|  2890|  6625|    0|
    +---------------------------------------------------------------------------------------+---------------------------------------------------------------------------+---------+----+------+------+-----+

    * DSP: 
    N/A

    * Memory: 
    N/A

    * FIFO: 
    N/A

    * Expression: 
    +-------------------------+----------+----+---+----+------------+------------+
    |      Variable Name      | Operation| DSP| FF| LUT| Bitwidth P0| Bitwidth P1|
    +-------------------------+----------+----+---+----+------------+------------+
    |sub_ln1913_1_fu_2189_p2  |         -|   0|  0|  13|          10|          10|
    |sub_ln1913_fu_2164_p2    |         -|   0|  0|  13|          10|          10|
    |sub_ln1914_1_fu_2239_p2  |         -|   0|  0|  13|          10|          10|
    |sub_ln1914_fu_2214_p2    |         -|   0|  0|  13|          10|          10|
    +-------------------------+----------+----+---+----+------------+------------+
    |Total                    |          |   0|  0|  52|          40|          40|
    +-------------------------+----------+----+---+----+------------+------------+

    * Multiplexer: 
    +------------------------+----+-----------+-----+-----------+
    |          Name          | LUT| Input Size| Bits| Total Bits|
    +------------------------+----+-----------+-----+-----------+
    |ap_NS_fsm               |  20|          4|    1|          4|
    |common_sum_stream_read  |   9|          2|    1|          2|
    +------------------------+----+-----------+-----+-----------+
    |Total                   |  29|          6|    2|          6|
    +------------------------+----+-----------+-----+-----------+

    * Register: 
    +----------------------------------------------------------------------------------------------------+---+----+-----+-----------+
    |                                                Name                                                | FF| LUT| Bits| Const Bits|
    +----------------------------------------------------------------------------------------------------+---+----+-----+-----------+
    |ap_CS_fsm                                                                                           |  3|   0|    3|          0|
    |grp_p_anonymous_namespace_RunGSUGatePhaseBand0Q610_Pipeline_VITIS_LOOP_1887_1_fu_1884_ap_start_reg  |  1|   0|    1|          0|
    |sub_ln1913_1_reg_3395                                                                               |  6|   0|   10|          4|
    |sub_ln1913_reg_3390                                                                                 |  6|   0|   10|          4|
    |sub_ln1914_1_reg_3405                                                                               |  6|   0|   10|          4|
    |sub_ln1914_reg_3400                                                                                 |  6|   0|   10|          4|
    +----------------------------------------------------------------------------------------------------+---+----+-----+-----------+
    |Total                                                                                               | 28|   0|   44|         16|
    +----------------------------------------------------------------------------------------------------+---+----+-----+-----------+



================================================================
== Interface
================================================================
* Summary: 
+---------------------------+-----+-----+------------+--------------------------------------------------------+--------------+
|         RTL Ports         | Dir | Bits|  Protocol  |                      Source Object                     |    C Type    |
+---------------------------+-----+-----+------------+--------------------------------------------------------+--------------+
|ap_clk                     |   in|    1|  ap_ctrl_hs|  (anonymous namespace)RunGSUGatePhaseBand0Q610<2, true>|  return value|
|ap_rst                     |   in|    1|  ap_ctrl_hs|  (anonymous namespace)RunGSUGatePhaseBand0Q610<2, true>|  return value|
|ap_start                   |   in|    1|  ap_ctrl_hs|  (anonymous namespace)RunGSUGatePhaseBand0Q610<2, true>|  return value|
|ap_done                    |  out|    1|  ap_ctrl_hs|  (anonymous namespace)RunGSUGatePhaseBand0Q610<2, true>|  return value|
|ap_idle                    |  out|    1|  ap_ctrl_hs|  (anonymous namespace)RunGSUGatePhaseBand0Q610<2, true>|  return value|
|ap_ready                   |  out|    1|  ap_ctrl_hs|  (anonymous namespace)RunGSUGatePhaseBand0Q610<2, true>|  return value|
|common_sum_stream_dout     |   in|   96|     ap_fifo|                                       common_sum_stream|       pointer|
|common_sum_stream_empty_n  |   in|    1|     ap_fifo|                                       common_sum_stream|       pointer|
|common_sum_stream_read     |  out|    1|     ap_fifo|                                       common_sum_stream|       pointer|
|bias_ih_0_address0         |  out|    8|   ap_stable|                                               bias_ih_0|         array|
|bias_ih_0_ce0              |  out|    1|   ap_stable|                                               bias_ih_0|         array|
|bias_ih_0_q0               |   in|   16|   ap_stable|                                               bias_ih_0|         array|
|bias_ih_0_address1         |  out|    8|   ap_stable|                                               bias_ih_0|         array|
|bias_ih_0_ce1              |  out|    1|   ap_stable|                                               bias_ih_0|         array|
|bias_ih_0_q1               |   in|   16|   ap_stable|                                               bias_ih_0|         array|
|bias_ih_1_address0         |  out|    8|   ap_stable|                                               bias_ih_1|         array|
|bias_ih_1_ce0              |  out|    1|   ap_stable|                                               bias_ih_1|         array|
|bias_ih_1_q0               |   in|   16|   ap_stable|                                               bias_ih_1|         array|
|bias_ih_1_address1         |  out|    8|   ap_stable|                                               bias_ih_1|         array|
|bias_ih_1_ce1              |  out|    1|   ap_stable|                                               bias_ih_1|         array|
|bias_ih_1_q1               |   in|   16|   ap_stable|                                               bias_ih_1|         array|
|bn_mul_0_address0          |  out|    7|   ap_stable|                                                bn_mul_0|         array|
|bn_mul_0_ce0               |  out|    1|   ap_stable|                                                bn_mul_0|         array|
|bn_mul_0_q0                |   in|   16|   ap_stable|                                                bn_mul_0|         array|
|bn_mul_1_address0          |  out|    7|   ap_stable|                                                bn_mul_1|         array|
|bn_mul_1_ce0               |  out|    1|   ap_stable|                                                bn_mul_1|         array|
|bn_mul_1_q0                |   in|   16|   ap_stable|                                                bn_mul_1|         array|
|bn_add_0_address0          |  out|    7|   ap_stable|                                                bn_add_0|         array|
|bn_add_0_ce0               |  out|    1|   ap_stable|                                                bn_add_0|         array|
|bn_add_0_q0                |   in|   16|   ap_stable|                                                bn_add_0|         array|
|bn_add_1_address0          |  out|    7|   ap_stable|                                                bn_add_1|         array|
|bn_add_1_ce0               |  out|    1|   ap_stable|                                                bn_add_1|         array|
|bn_add_1_q0                |   in|   16|   ap_stable|                                                bn_add_1|         array|
|prev_cx_q610_0_val         |   in|   16|     ap_none|                                      prev_cx_q610_0_val|        scalar|
|prev_cx_q610_1_val         |   in|   16|     ap_none|                                      prev_cx_q610_1_val|        scalar|
|prev_cx_q610_2_val         |   in|   16|     ap_none|                                      prev_cx_q610_2_val|        scalar|
|prev_cx_q610_3_val         |   in|   16|     ap_none|                                      prev_cx_q610_3_val|        scalar|
|prev_cx_q610_4_val         |   in|   16|     ap_none|                                      prev_cx_q610_4_val|        scalar|
|prev_cx_q610_5_val         |   in|   16|     ap_none|                                      prev_cx_q610_5_val|        scalar|
|prev_cx_q610_6_val         |   in|   16|     ap_none|                                      prev_cx_q610_6_val|        scalar|
|prev_cx_q610_7_val         |   in|   16|     ap_none|                                      prev_cx_q610_7_val|        scalar|
|prev_cx_q610_8_val         |   in|   16|     ap_none|                                      prev_cx_q610_8_val|        scalar|
|prev_cx_q610_9_val         |   in|   16|     ap_none|                                      prev_cx_q610_9_val|        scalar|
|prev_cx_q610_10_val        |   in|   16|     ap_none|                                     prev_cx_q610_10_val|        scalar|
|prev_cx_q610_11_val        |   in|   16|     ap_none|                                     prev_cx_q610_11_val|        scalar|
|prev_cx_q610_12_val        |   in|   16|     ap_none|                                     prev_cx_q610_12_val|        scalar|
|prev_cx_q610_13_val        |   in|   16|     ap_none|                                     prev_cx_q610_13_val|        scalar|
|prev_cx_q610_14_val        |   in|   16|     ap_none|                                     prev_cx_q610_14_val|        scalar|
|prev_cx_q610_15_val        |   in|   16|     ap_none|                                     prev_cx_q610_15_val|        scalar|
|prev_cx_q610_16_val        |   in|   16|     ap_none|                                     prev_cx_q610_16_val|        scalar|
|prev_cx_q610_17_val        |   in|   16|     ap_none|                                     prev_cx_q610_17_val|        scalar|
|prev_cx_q610_18_val        |   in|   16|     ap_none|                                     prev_cx_q610_18_val|        scalar|
|prev_cx_q610_19_val        |   in|   16|     ap_none|                                     prev_cx_q610_19_val|        scalar|
|prev_cx_q610_20_val        |   in|   16|     ap_none|                                     prev_cx_q610_20_val|        scalar|
|prev_cx_q610_21_val        |   in|   16|     ap_none|                                     prev_cx_q610_21_val|        scalar|
|prev_cx_q610_22_val        |   in|   16|     ap_none|                                     prev_cx_q610_22_val|        scalar|
|prev_cx_q610_23_val        |   in|   16|     ap_none|                                     prev_cx_q610_23_val|        scalar|
|prev_cx_q610_24_val        |   in|   16|     ap_none|                                     prev_cx_q610_24_val|        scalar|
|prev_cx_q610_25_val        |   in|   16|     ap_none|                                     prev_cx_q610_25_val|        scalar|
|prev_cx_q610_26_val        |   in|   16|     ap_none|                                     prev_cx_q610_26_val|        scalar|
|prev_cx_q610_27_val        |   in|   16|     ap_none|                                     prev_cx_q610_27_val|        scalar|
|prev_cx_q610_28_val        |   in|   16|     ap_none|                                     prev_cx_q610_28_val|        scalar|
|prev_cx_q610_29_val        |   in|   16|     ap_none|                                     prev_cx_q610_29_val|        scalar|
|prev_cx_q610_30_val        |   in|   16|     ap_none|                                     prev_cx_q610_30_val|        scalar|
|prev_cx_q610_31_val        |   in|   16|     ap_none|                                     prev_cx_q610_31_val|        scalar|
|prev_cx_q610_32_val        |   in|   16|     ap_none|                                     prev_cx_q610_32_val|        scalar|
|prev_cx_q610_33_val        |   in|   16|     ap_none|                                     prev_cx_q610_33_val|        scalar|
|prev_cx_q610_34_val        |   in|   16|     ap_none|                                     prev_cx_q610_34_val|        scalar|
|prev_cx_q610_35_val        |   in|   16|     ap_none|                                     prev_cx_q610_35_val|        scalar|
|prev_cx_q610_36_val        |   in|   16|     ap_none|                                     prev_cx_q610_36_val|        scalar|
|prev_cx_q610_37_val        |   in|   16|     ap_none|                                     prev_cx_q610_37_val|        scalar|
|prev_cx_q610_38_val        |   in|   16|     ap_none|                                     prev_cx_q610_38_val|        scalar|
|prev_cx_q610_39_val        |   in|   16|     ap_none|                                     prev_cx_q610_39_val|        scalar|
|prev_cx_q610_40_val        |   in|   16|     ap_none|                                     prev_cx_q610_40_val|        scalar|
|prev_cx_q610_41_val        |   in|   16|     ap_none|                                     prev_cx_q610_41_val|        scalar|
|prev_cx_q610_42_val        |   in|   16|     ap_none|                                     prev_cx_q610_42_val|        scalar|
|prev_cx_q610_43_val        |   in|   16|     ap_none|                                     prev_cx_q610_43_val|        scalar|
|prev_cx_q610_44_val        |   in|   16|     ap_none|                                     prev_cx_q610_44_val|        scalar|
|prev_cx_q610_45_val        |   in|   16|     ap_none|                                     prev_cx_q610_45_val|        scalar|
|prev_cx_q610_46_val        |   in|   16|     ap_none|                                     prev_cx_q610_46_val|        scalar|
|prev_cx_q610_47_val        |   in|   16|     ap_none|                                     prev_cx_q610_47_val|        scalar|
|prev_cx_q610_48_val        |   in|   16|     ap_none|                                     prev_cx_q610_48_val|        scalar|
|prev_cx_q610_49_val        |   in|   16|     ap_none|                                     prev_cx_q610_49_val|        scalar|
|prev_cx_q610_50_val        |   in|   16|     ap_none|                                     prev_cx_q610_50_val|        scalar|
|prev_cx_q610_51_val        |   in|   16|     ap_none|                                     prev_cx_q610_51_val|        scalar|
|prev_cx_q610_52_val        |   in|   16|     ap_none|                                     prev_cx_q610_52_val|        scalar|
|prev_cx_q610_53_val        |   in|   16|     ap_none|                                     prev_cx_q610_53_val|        scalar|
|prev_cx_q610_54_val        |   in|   16|     ap_none|                                     prev_cx_q610_54_val|        scalar|
|prev_cx_q610_55_val        |   in|   16|     ap_none|                                     prev_cx_q610_55_val|        scalar|
|prev_cx_q610_56_val        |   in|   16|     ap_none|                                     prev_cx_q610_56_val|        scalar|
|prev_cx_q610_57_val        |   in|   16|     ap_none|                                     prev_cx_q610_57_val|        scalar|
|prev_cx_q610_58_val        |   in|   16|     ap_none|                                     prev_cx_q610_58_val|        scalar|
|prev_cx_q610_59_val        |   in|   16|     ap_none|                                     prev_cx_q610_59_val|        scalar|
|prev_cx_q610_60_val        |   in|   16|     ap_none|                                     prev_cx_q610_60_val|        scalar|
|prev_cx_q610_61_val        |   in|   16|     ap_none|                                     prev_cx_q610_61_val|        scalar|
|prev_cx_q610_62_val        |   in|   16|     ap_none|                                     prev_cx_q610_62_val|        scalar|
|prev_cx_q610_63_val        |   in|   16|     ap_none|                                     prev_cx_q610_63_val|        scalar|
|prev_cx_q610_64_val        |   in|   16|     ap_none|                                     prev_cx_q610_64_val|        scalar|
|prev_cx_q610_65_val        |   in|   16|     ap_none|                                     prev_cx_q610_65_val|        scalar|
|prev_cx_q610_66_val        |   in|   16|     ap_none|                                     prev_cx_q610_66_val|        scalar|
|prev_cx_q610_67_val        |   in|   16|     ap_none|                                     prev_cx_q610_67_val|        scalar|
|prev_cx_q610_68_val        |   in|   16|     ap_none|                                     prev_cx_q610_68_val|        scalar|
|prev_cx_q610_69_val        |   in|   16|     ap_none|                                     prev_cx_q610_69_val|        scalar|
|prev_cx_q610_70_val        |   in|   16|     ap_none|                                     prev_cx_q610_70_val|        scalar|
|prev_cx_q610_71_val        |   in|   16|     ap_none|                                     prev_cx_q610_71_val|        scalar|
|prev_cx_q610_72_val        |   in|   16|     ap_none|                                     prev_cx_q610_72_val|        scalar|
|prev_cx_q610_73_val        |   in|   16|     ap_none|                                     prev_cx_q610_73_val|        scalar|
|prev_cx_q610_74_val        |   in|   16|     ap_none|                                     prev_cx_q610_74_val|        scalar|
|prev_cx_q610_75_val        |   in|   16|     ap_none|                                     prev_cx_q610_75_val|        scalar|
|prev_cx_q610_76_val        |   in|   16|     ap_none|                                     prev_cx_q610_76_val|        scalar|
|prev_cx_q610_77_val        |   in|   16|     ap_none|                                     prev_cx_q610_77_val|        scalar|
|prev_cx_q610_78_val        |   in|   16|     ap_none|                                     prev_cx_q610_78_val|        scalar|
|prev_cx_q610_79_val        |   in|   16|     ap_none|                                     prev_cx_q610_79_val|        scalar|
|prev_cx_q610_80_val        |   in|   16|     ap_none|                                     prev_cx_q610_80_val|        scalar|
|prev_cx_q610_81_val        |   in|   16|     ap_none|                                     prev_cx_q610_81_val|        scalar|
|prev_cx_q610_82_val        |   in|   16|     ap_none|                                     prev_cx_q610_82_val|        scalar|
|prev_cx_q610_83_val        |   in|   16|     ap_none|                                     prev_cx_q610_83_val|        scalar|
|prev_cx_q610_84_val        |   in|   16|     ap_none|                                     prev_cx_q610_84_val|        scalar|
|prev_cx_q610_85_val        |   in|   16|     ap_none|                                     prev_cx_q610_85_val|        scalar|
|prev_cx_q610_86_val        |   in|   16|     ap_none|                                     prev_cx_q610_86_val|        scalar|
|prev_cx_q610_87_val        |   in|   16|     ap_none|                                     prev_cx_q610_87_val|        scalar|
|prev_cx_q610_88_val        |   in|   16|     ap_none|                                     prev_cx_q610_88_val|        scalar|
|prev_cx_q610_89_val        |   in|   16|     ap_none|                                     prev_cx_q610_89_val|        scalar|
|prev_cx_q610_90_val        |   in|   16|     ap_none|                                     prev_cx_q610_90_val|        scalar|
|prev_cx_q610_91_val        |   in|   16|     ap_none|                                     prev_cx_q610_91_val|        scalar|
|prev_cx_q610_92_val        |   in|   16|     ap_none|                                     prev_cx_q610_92_val|        scalar|
|prev_cx_q610_93_val        |   in|   16|     ap_none|                                     prev_cx_q610_93_val|        scalar|
|prev_cx_q610_94_val        |   in|   16|     ap_none|                                     prev_cx_q610_94_val|        scalar|
|prev_cx_q610_95_val        |   in|   16|     ap_none|                                     prev_cx_q610_95_val|        scalar|
|prev_cx_q610_96_val        |   in|   16|     ap_none|                                     prev_cx_q610_96_val|        scalar|
|prev_cx_q610_97_val        |   in|   16|     ap_none|                                     prev_cx_q610_97_val|        scalar|
|prev_cx_q610_98_val        |   in|   16|     ap_none|                                     prev_cx_q610_98_val|        scalar|
|prev_cx_q610_99_val        |   in|   16|     ap_none|                                     prev_cx_q610_99_val|        scalar|
|prev_cx_q610_100_val       |   in|   16|     ap_none|                                    prev_cx_q610_100_val|        scalar|
|prev_cx_q610_101_val       |   in|   16|     ap_none|                                    prev_cx_q610_101_val|        scalar|
|prev_cx_q610_102_val       |   in|   16|     ap_none|                                    prev_cx_q610_102_val|        scalar|
|prev_cx_q610_103_val       |   in|   16|     ap_none|                                    prev_cx_q610_103_val|        scalar|
|prev_cx_q610_104_val       |   in|   16|     ap_none|                                    prev_cx_q610_104_val|        scalar|
|prev_cx_q610_105_val       |   in|   16|     ap_none|                                    prev_cx_q610_105_val|        scalar|
|prev_cx_q610_106_val       |   in|   16|     ap_none|                                    prev_cx_q610_106_val|        scalar|
|prev_cx_q610_107_val       |   in|   16|     ap_none|                                    prev_cx_q610_107_val|        scalar|
|prev_cx_q610_108_val       |   in|   16|     ap_none|                                    prev_cx_q610_108_val|        scalar|
|prev_cx_q610_109_val       |   in|   16|     ap_none|                                    prev_cx_q610_109_val|        scalar|
|prev_cx_q610_110_val       |   in|   16|     ap_none|                                    prev_cx_q610_110_val|        scalar|
|prev_cx_q610_111_val       |   in|   16|     ap_none|                                    prev_cx_q610_111_val|        scalar|
|prev_cx_q610_112_val       |   in|   16|     ap_none|                                    prev_cx_q610_112_val|        scalar|
|prev_cx_q610_113_val       |   in|   16|     ap_none|                                    prev_cx_q610_113_val|        scalar|
|prev_cx_q610_114_val       |   in|   16|     ap_none|                                    prev_cx_q610_114_val|        scalar|
|prev_cx_q610_115_val       |   in|   16|     ap_none|                                    prev_cx_q610_115_val|        scalar|
|prev_cx_q610_116_val       |   in|   16|     ap_none|                                    prev_cx_q610_116_val|        scalar|
|prev_cx_q610_117_val       |   in|   16|     ap_none|                                    prev_cx_q610_117_val|        scalar|
|prev_cx_q610_118_val       |   in|   16|     ap_none|                                    prev_cx_q610_118_val|        scalar|
|prev_cx_q610_119_val       |   in|   16|     ap_none|                                    prev_cx_q610_119_val|        scalar|
|prev_cx_q610_120_val       |   in|   16|     ap_none|                                    prev_cx_q610_120_val|        scalar|
|prev_cx_q610_121_val       |   in|   16|     ap_none|                                    prev_cx_q610_121_val|        scalar|
|prev_cx_q610_122_val       |   in|   16|     ap_none|                                    prev_cx_q610_122_val|        scalar|
|prev_cx_q610_123_val       |   in|   16|     ap_none|                                    prev_cx_q610_123_val|        scalar|
|prev_cx_q610_124_val       |   in|   16|     ap_none|                                    prev_cx_q610_124_val|        scalar|
|prev_cx_q610_125_val       |   in|   16|     ap_none|                                    prev_cx_q610_125_val|        scalar|
|prev_cx_q610_126_val       |   in|   16|     ap_none|                                    prev_cx_q610_126_val|        scalar|
|prev_cx_q610_127_val       |   in|   16|     ap_none|                                    prev_cx_q610_127_val|        scalar|
|prev_cx_q610_128_val       |   in|   16|     ap_none|                                    prev_cx_q610_128_val|        scalar|
|prev_cx_q610_129_val       |   in|   16|     ap_none|                                    prev_cx_q610_129_val|        scalar|
|prev_cx_q610_130_val       |   in|   16|     ap_none|                                    prev_cx_q610_130_val|        scalar|
|prev_cx_q610_131_val       |   in|   16|     ap_none|                                    prev_cx_q610_131_val|        scalar|
|prev_cx_q610_132_val       |   in|   16|     ap_none|                                    prev_cx_q610_132_val|        scalar|
|prev_cx_q610_133_val       |   in|   16|     ap_none|                                    prev_cx_q610_133_val|        scalar|
|prev_cx_q610_134_val       |   in|   16|     ap_none|                                    prev_cx_q610_134_val|        scalar|
|prev_cx_q610_135_val       |   in|   16|     ap_none|                                    prev_cx_q610_135_val|        scalar|
|prev_cx_q610_136_val       |   in|   16|     ap_none|                                    prev_cx_q610_136_val|        scalar|
|prev_cx_q610_137_val       |   in|   16|     ap_none|                                    prev_cx_q610_137_val|        scalar|
|prev_cx_q610_138_val       |   in|   16|     ap_none|                                    prev_cx_q610_138_val|        scalar|
|prev_cx_q610_139_val       |   in|   16|     ap_none|                                    prev_cx_q610_139_val|        scalar|
|prev_cx_q610_140_val       |   in|   16|     ap_none|                                    prev_cx_q610_140_val|        scalar|
|prev_cx_q610_141_val       |   in|   16|     ap_none|                                    prev_cx_q610_141_val|        scalar|
|prev_cx_q610_142_val       |   in|   16|     ap_none|                                    prev_cx_q610_142_val|        scalar|
|prev_cx_q610_143_val       |   in|   16|     ap_none|                                    prev_cx_q610_143_val|        scalar|
|prev_cx_q610_144_val       |   in|   16|     ap_none|                                    prev_cx_q610_144_val|        scalar|
|prev_cx_q610_145_val       |   in|   16|     ap_none|                                    prev_cx_q610_145_val|        scalar|
|prev_cx_q610_146_val       |   in|   16|     ap_none|                                    prev_cx_q610_146_val|        scalar|
|prev_cx_q610_147_val       |   in|   16|     ap_none|                                    prev_cx_q610_147_val|        scalar|
|prev_cx_q610_148_val       |   in|   16|     ap_none|                                    prev_cx_q610_148_val|        scalar|
|prev_cx_q610_149_val       |   in|   16|     ap_none|                                    prev_cx_q610_149_val|        scalar|
|prev_cx_q610_150_val       |   in|   16|     ap_none|                                    prev_cx_q610_150_val|        scalar|
|prev_cx_q610_151_val       |   in|   16|     ap_none|                                    prev_cx_q610_151_val|        scalar|
|prev_cx_q610_152_val       |   in|   16|     ap_none|                                    prev_cx_q610_152_val|        scalar|
|prev_cx_q610_153_val       |   in|   16|     ap_none|                                    prev_cx_q610_153_val|        scalar|
|prev_cx_q610_154_val       |   in|   16|     ap_none|                                    prev_cx_q610_154_val|        scalar|
|prev_cx_q610_155_val       |   in|   16|     ap_none|                                    prev_cx_q610_155_val|        scalar|
|prev_cx_q610_156_val       |   in|   16|     ap_none|                                    prev_cx_q610_156_val|        scalar|
|prev_cx_q610_157_val       |   in|   16|     ap_none|                                    prev_cx_q610_157_val|        scalar|
|prev_cx_q610_158_val       |   in|   16|     ap_none|                                    prev_cx_q610_158_val|        scalar|
|prev_cx_q610_159_val       |   in|   16|     ap_none|                                    prev_cx_q610_159_val|        scalar|
|prev_cx_q610_160_val       |   in|   16|     ap_none|                                    prev_cx_q610_160_val|        scalar|
|prev_cx_q610_161_val       |   in|   16|     ap_none|                                    prev_cx_q610_161_val|        scalar|
|prev_cx_q610_162_val       |   in|   16|     ap_none|                                    prev_cx_q610_162_val|        scalar|
|prev_cx_q610_163_val       |   in|   16|     ap_none|                                    prev_cx_q610_163_val|        scalar|
|prev_cx_q610_164_val       |   in|   16|     ap_none|                                    prev_cx_q610_164_val|        scalar|
|prev_cx_q610_165_val       |   in|   16|     ap_none|                                    prev_cx_q610_165_val|        scalar|
|prev_cx_q610_166_val       |   in|   16|     ap_none|                                    prev_cx_q610_166_val|        scalar|
|prev_cx_q610_167_val       |   in|   16|     ap_none|                                    prev_cx_q610_167_val|        scalar|
|prev_cx_q610_168_val       |   in|   16|     ap_none|                                    prev_cx_q610_168_val|        scalar|
|prev_cx_q610_169_val       |   in|   16|     ap_none|                                    prev_cx_q610_169_val|        scalar|
|prev_cx_q610_170_val       |   in|   16|     ap_none|                                    prev_cx_q610_170_val|        scalar|
|prev_cx_q610_171_val       |   in|   16|     ap_none|                                    prev_cx_q610_171_val|        scalar|
|prev_cx_q610_172_val       |   in|   16|     ap_none|                                    prev_cx_q610_172_val|        scalar|
|prev_cx_q610_173_val       |   in|   16|     ap_none|                                    prev_cx_q610_173_val|        scalar|
|prev_cx_q610_174_val       |   in|   16|     ap_none|                                    prev_cx_q610_174_val|        scalar|
|prev_cx_q610_175_val       |   in|   16|     ap_none|                                    prev_cx_q610_175_val|        scalar|
|prev_cx_q610_176_val       |   in|   16|     ap_none|                                    prev_cx_q610_176_val|        scalar|
|prev_cx_q610_177_val       |   in|   16|     ap_none|                                    prev_cx_q610_177_val|        scalar|
|prev_cx_q610_178_val       |   in|   16|     ap_none|                                    prev_cx_q610_178_val|        scalar|
|prev_cx_q610_179_val       |   in|   16|     ap_none|                                    prev_cx_q610_179_val|        scalar|
|prev_cx_q610_180_val       |   in|   16|     ap_none|                                    prev_cx_q610_180_val|        scalar|
|prev_cx_q610_181_val       |   in|   16|     ap_none|                                    prev_cx_q610_181_val|        scalar|
|prev_cx_q610_182_val       |   in|   16|     ap_none|                                    prev_cx_q610_182_val|        scalar|
|prev_cx_q610_183_val       |   in|   16|     ap_none|                                    prev_cx_q610_183_val|        scalar|
|prev_cx_q610_184_val       |   in|   16|     ap_none|                                    prev_cx_q610_184_val|        scalar|
|prev_cx_q610_185_val       |   in|   16|     ap_none|                                    prev_cx_q610_185_val|        scalar|
|prev_cx_q610_186_val       |   in|   16|     ap_none|                                    prev_cx_q610_186_val|        scalar|
|prev_cx_q610_187_val       |   in|   16|     ap_none|                                    prev_cx_q610_187_val|        scalar|
|prev_cx_q610_188_val       |   in|   16|     ap_none|                                    prev_cx_q610_188_val|        scalar|
|prev_cx_q610_189_val       |   in|   16|     ap_none|                                    prev_cx_q610_189_val|        scalar|
|prev_cx_q610_190_val       |   in|   16|     ap_none|                                    prev_cx_q610_190_val|        scalar|
|prev_cx_q610_191_val       |   in|   16|     ap_none|                                    prev_cx_q610_191_val|        scalar|
|prev_cx_q610_192_val       |   in|   16|     ap_none|                                    prev_cx_q610_192_val|        scalar|
|prev_cx_q610_193_val       |   in|   16|     ap_none|                                    prev_cx_q610_193_val|        scalar|
|prev_cx_q610_194_val       |   in|   16|     ap_none|                                    prev_cx_q610_194_val|        scalar|
|prev_cx_q610_195_val       |   in|   16|     ap_none|                                    prev_cx_q610_195_val|        scalar|
|prev_cx_q610_196_val       |   in|   16|     ap_none|                                    prev_cx_q610_196_val|        scalar|
|prev_cx_q610_197_val       |   in|   16|     ap_none|                                    prev_cx_q610_197_val|        scalar|
|prev_cx_q610_198_val       |   in|   16|     ap_none|                                    prev_cx_q610_198_val|        scalar|
|prev_cx_q610_199_val       |   in|   16|     ap_none|                                    prev_cx_q610_199_val|        scalar|
|prev_cx_q610_200_val       |   in|   16|     ap_none|                                    prev_cx_q610_200_val|        scalar|
|prev_cx_q610_201_val       |   in|   16|     ap_none|                                    prev_cx_q610_201_val|        scalar|
|prev_cx_q610_202_val       |   in|   16|     ap_none|                                    prev_cx_q610_202_val|        scalar|
|prev_cx_q610_203_val       |   in|   16|     ap_none|                                    prev_cx_q610_203_val|        scalar|
|prev_cx_q610_204_val       |   in|   16|     ap_none|                                    prev_cx_q610_204_val|        scalar|
|prev_cx_q610_205_val       |   in|   16|     ap_none|                                    prev_cx_q610_205_val|        scalar|
|prev_cx_q610_206_val       |   in|   16|     ap_none|                                    prev_cx_q610_206_val|        scalar|
|prev_cx_q610_207_val       |   in|   16|     ap_none|                                    prev_cx_q610_207_val|        scalar|
|prev_cx_q610_208_val       |   in|   16|     ap_none|                                    prev_cx_q610_208_val|        scalar|
|prev_cx_q610_209_val       |   in|   16|     ap_none|                                    prev_cx_q610_209_val|        scalar|
|prev_cx_q610_210_val       |   in|   16|     ap_none|                                    prev_cx_q610_210_val|        scalar|
|prev_cx_q610_211_val       |   in|   16|     ap_none|                                    prev_cx_q610_211_val|        scalar|
|prev_cx_q610_212_val       |   in|   16|     ap_none|                                    prev_cx_q610_212_val|        scalar|
|prev_cx_q610_213_val       |   in|   16|     ap_none|                                    prev_cx_q610_213_val|        scalar|
|prev_cx_q610_214_val       |   in|   16|     ap_none|                                    prev_cx_q610_214_val|        scalar|
|prev_cx_q610_215_val       |   in|   16|     ap_none|                                    prev_cx_q610_215_val|        scalar|
|prev_cx_q610_216_val       |   in|   16|     ap_none|                                    prev_cx_q610_216_val|        scalar|
|prev_cx_q610_217_val       |   in|   16|     ap_none|                                    prev_cx_q610_217_val|        scalar|
|prev_cx_q610_218_val       |   in|   16|     ap_none|                                    prev_cx_q610_218_val|        scalar|
|prev_cx_q610_219_val       |   in|   16|     ap_none|                                    prev_cx_q610_219_val|        scalar|
|prev_cx_q610_220_val       |   in|   16|     ap_none|                                    prev_cx_q610_220_val|        scalar|
|prev_cx_q610_221_val       |   in|   16|     ap_none|                                    prev_cx_q610_221_val|        scalar|
|prev_cx_q610_222_val       |   in|   16|     ap_none|                                    prev_cx_q610_222_val|        scalar|
|prev_cx_q610_223_val       |   in|   16|     ap_none|                                    prev_cx_q610_223_val|        scalar|
|hx_state_q610_0_address0   |  out|   10|   ap_memory|                                         hx_state_q610_0|         array|
|hx_state_q610_0_ce0        |  out|    1|   ap_memory|                                         hx_state_q610_0|         array|
|hx_state_q610_0_we0        |  out|    1|   ap_memory|                                         hx_state_q610_0|         array|
|hx_state_q610_0_d0         |  out|   11|   ap_memory|                                         hx_state_q610_0|         array|
|hx_state_q610_0_offset     |   in|    3|     ap_none|                                  hx_state_q610_0_offset|        scalar|
|hx_state_q610_1_address0   |  out|   10|   ap_memory|                                         hx_state_q610_1|         array|
|hx_state_q610_1_ce0        |  out|    1|   ap_memory|                                         hx_state_q610_1|         array|
|hx_state_q610_1_we0        |  out|    1|   ap_memory|                                         hx_state_q610_1|         array|
|hx_state_q610_1_d0         |  out|   11|   ap_memory|                                         hx_state_q610_1|         array|
|hx_state_q610_1_offset     |   in|    3|     ap_none|                                  hx_state_q610_1_offset|        scalar|
|cx_state_q610_0_address0   |  out|   10|   ap_memory|                                         cx_state_q610_0|         array|
|cx_state_q610_0_ce0        |  out|    1|   ap_memory|                                         cx_state_q610_0|         array|
|cx_state_q610_0_we0        |  out|    1|   ap_memory|                                         cx_state_q610_0|         array|
|cx_state_q610_0_d0         |  out|   16|   ap_memory|                                         cx_state_q610_0|         array|
|cx_state_q610_0_offset     |   in|    3|     ap_none|                                  cx_state_q610_0_offset|        scalar|
|cx_state_q610_1_address0   |  out|   10|   ap_memory|                                         cx_state_q610_1|         array|
|cx_state_q610_1_ce0        |  out|    1|   ap_memory|                                         cx_state_q610_1|         array|
|cx_state_q610_1_we0        |  out|    1|   ap_memory|                                         cx_state_q610_1|         array|
|cx_state_q610_1_d0         |  out|   16|   ap_memory|                                         cx_state_q610_1|         array|
|cx_state_q610_1_offset     |   in|    3|     ap_none|                                  cx_state_q610_1_offset|        scalar|
|output_hy_q610_0_address0  |  out|    7|   ap_memory|                                        output_hy_q610_0|         array|
|output_hy_q610_0_ce0       |  out|    1|   ap_memory|                                        output_hy_q610_0|         array|
|output_hy_q610_0_we0       |  out|    1|   ap_memory|                                        output_hy_q610_0|         array|
|output_hy_q610_0_d0        |  out|   11|   ap_memory|                                        output_hy_q610_0|         array|
|output_hy_q610_1_address0  |  out|    7|   ap_memory|                                        output_hy_q610_1|         array|
|output_hy_q610_1_ce0       |  out|    1|   ap_memory|                                        output_hy_q610_1|         array|
|output_hy_q610_1_we0       |  out|    1|   ap_memory|                                        output_hy_q610_1|         array|
|output_hy_q610_1_d0        |  out|   11|   ap_memory|                                        output_hy_q610_1|         array|
+---------------------------+-----+-----+------------+--------------------------------------------------------+--------------+

