

================================================================
== Vitis HLS Report for 'p_anonymous_namespace_RunBand0OptimizedDataflowQ610'
================================================================
* Date:           Wed May 13 19:58:59 2026

* Version:        2023.2 (Build 4023990 on Oct 11 2023)
* Project:        subband_q610_zybo_z7_20_hls
* Solution:       solution1 (Vivado IP Flow Target)
* Product family: zynq
* Target device:  xc7z020-clg400-1


================================================================
== Performance Estimates
================================================================
+ Timing: 
    * Summary: 
    +--------+----------+----------+------------+
    |  Clock |  Target  | Estimated| Uncertainty|
    +--------+----------+----------+------------+
    |ap_clk  |  10.00 ns|  8.733 ns|     2.70 ns|
    +--------+----------+----------+------------+

+ Latency: 
    * Summary: 
    +----------+----------+-----------+-----------+----------+----------+----------+
    |   Latency (cycles)  |   Latency (absolute)  |       Interval      | Pipeline |
    |    min   |    max   |    min    |    max    |    min   |    max   |   Type   |
    +----------+----------+-----------+-----------+----------+----------+----------+
    |  57109944|  57109944|  0.571 sec|  0.571 sec|  57109922|  57109922|  dataflow|
    +----------+----------+-----------+-----------+----------+----------+----------+

    + Detail: 
        * Instance: 
        +--------------------------------------------------------------------+-----------------------------------------------------------------+----------+----------+-----------+-----------+----------+----------+---------+
        |                                                                    |                                                                 |   Latency (cycles)  |   Latency (absolute)  |       Interval      | Pipeline|
        |                              Instance                              |                              Module                             |    min   |    max   |    min    |    max    |    min   |    max   |   Type  |
        +--------------------------------------------------------------------+-----------------------------------------------------------------+----------+----------+-----------+-----------+----------+----------+---------+
        |p_anonymous_namespace_GenerateBand0SequenceStreamOptimizedQ610_U0   |p_anonymous_namespace_GenerateBand0SequenceStreamOptimizedQ610   |   1391041|   1391041|  13.910 ms|  13.910 ms|   1391041|   1391041|       no|
        |p_anonymous_namespace_RunGSULayer0StreamParallelQ610_U0             |p_anonymous_namespace_RunGSULayer0StreamParallelQ610             |  53516401|  53516401|  0.535 sec|  0.535 sec|  53516401|  53516401|       no|
        |p_anonymous_namespace_RunGSULayer1StreamParallelQ610_U0             |p_anonymous_namespace_RunGSULayer1StreamParallelQ610             |  57109921|  57109921|  0.571 sec|  0.571 sec|  57109921|  57109921|       no|
        |entry_proc_U0                                                       |entry_proc                                                       |         0|         0|       0 ns|       0 ns|         0|         0|       no|
        |p_anonymous_namespace_RunProjectionStoreBand0StreamParallelQ610_U0  |p_anonymous_namespace_RunProjectionStoreBand0StreamParallelQ610  |  48261361|  48261361|  0.483 sec|  0.483 sec|  48261361|  48261361|       no|
        +--------------------------------------------------------------------+-----------------------------------------------------------------+----------+----------+-----------+-----------+----------+----------+---------+

        * Loop: 
        N/A



================================================================
== Utilization Estimates
================================================================
* Summary: 
+-----------------+---------+-----+--------+-------+-----+
|       Name      | BRAM_18K| DSP |   FF   |  LUT  | URAM|
+-----------------+---------+-----+--------+-------+-----+
|DSP              |        -|    -|       -|      -|    -|
|Expression       |        -|    -|       0|     12|    -|
|FIFO             |        3|    -|     578|    299|    -|
|Instance         |       12|  219|   48062|  41238|    0|
|Memory           |        -|    -|       -|      -|    -|
|Multiplexer      |        -|    -|       -|     18|    -|
|Register         |        -|    -|       2|      -|    -|
+-----------------+---------+-----+--------+-------+-----+
|Total            |       15|  219|   48642|  41567|    0|
+-----------------+---------+-----+--------+-------+-----+
|Available        |      280|  220|  106400|  53200|    0|
+-----------------+---------+-----+--------+-------+-----+
|Utilization (%)  |        5|   99|      45|     78|    0|
+-----------------+---------+-----+--------+-------+-----+

+ Detail: 
    * Instance: 
    +--------------------------------------------------------------------+-----------------------------------------------------------------+---------+-----+-------+-------+-----+
    |                              Instance                              |                              Module                             | BRAM_18K| DSP |   FF  |  LUT  | URAM|
    +--------------------------------------------------------------------+-----------------------------------------------------------------+---------+-----+-------+-------+-----+
    |entry_proc_U0                                                       |entry_proc                                                       |        0|    0|      3|     29|    0|
    |p_anonymous_namespace_GenerateBand0SequenceStreamOptimizedQ610_U0   |p_anonymous_namespace_GenerateBand0SequenceStreamOptimizedQ610   |        0|    2|    243|    705|    0|
    |p_anonymous_namespace_RunGSULayer0StreamParallelQ610_U0             |p_anonymous_namespace_RunGSULayer0StreamParallelQ610             |        6|   78|  14791|  14793|    0|
    |p_anonymous_namespace_RunGSULayer1StreamParallelQ610_U0             |p_anonymous_namespace_RunGSULayer1StreamParallelQ610             |        6|  134|  24295|  20989|    0|
    |p_anonymous_namespace_RunProjectionStoreBand0StreamParallelQ610_U0  |p_anonymous_namespace_RunProjectionStoreBand0StreamParallelQ610  |        0|    5|   8730|   4722|    0|
    +--------------------------------------------------------------------+-----------------------------------------------------------------+---------+-----+-------+-------+-----+
    |Total                                                               |                                                                 |       12|  219|  48062|  41238|    0|
    +--------------------------------------------------------------------+-----------------------------------------------------------------+---------+-----+-------+-------+-----+

    * DSP: 
    N/A

    * Memory: 
    N/A

    * FIFO: 
    +------------------------+---------+-----+----+-----+------+-----+---------+
    |          Name          | BRAM_18K|  FF | LUT| URAM| Depth| Bits| Size:D*B|
    +------------------------+---------+-----+----+-----+------+-----+---------+
    |df_coef_q610_c_U        |        0|   99|   0|    -|     5|   32|      160|
    |layer0_output_stream_U  |        1|  161|   0|    -|   512|   16|     8192|
    |layer1_output_stream_U  |        1|  161|   0|    -|   512|   16|     8192|
    |sequence_stream_U       |        1|  157|   0|    -|   128|   16|     2048|
    +------------------------+---------+-----+----+-----+------+-----+---------+
    |Total                   |        3|  578|   0|    0|  1157|   80|    18592|
    +------------------------+---------+-----+----+-----+------+-----+---------+

    * Expression: 
    +------------------------------------------------------------------------------------+----------+----+---+----+------------+------------+
    |                                    Variable Name                                   | Operation| DSP| FF| LUT| Bitwidth P0| Bitwidth P1|
    +------------------------------------------------------------------------------------+----------+----+---+----+------------+------------+
    |ap_idle                                                                             |       and|   0|  0|   2|           1|           1|
    |ap_sync_ready                                                                       |       and|   0|  0|   2|           1|           1|
    |entry_proc_U0_ap_start                                                              |       and|   0|  0|   2|           1|           1|
    |p_anonymous_namespace_GenerateBand0SequenceStreamOptimizedQ610_U0_ap_start          |       and|   0|  0|   2|           1|           1|
    |ap_sync_entry_proc_U0_ap_ready                                                      |        or|   0|  0|   2|           1|           1|
    |ap_sync_p_anonymous_namespace_GenerateBand0SequenceStreamOptimizedQ610_U0_ap_ready  |        or|   0|  0|   2|           1|           1|
    +------------------------------------------------------------------------------------+----------+----+---+----+------------+------------+
    |Total                                                                               |          |   0|  0|  12|           6|           6|
    +------------------------------------------------------------------------------------+----------+----+---+----+------------+------------+

    * Multiplexer: 
    +----------------------------------------------------------------------------------------+----+-----------+-----+-----------+
    |                                          Name                                          | LUT| Input Size| Bits| Total Bits|
    +----------------------------------------------------------------------------------------+----+-----------+-----+-----------+
    |ap_sync_reg_entry_proc_U0_ap_ready                                                      |   9|          2|    1|          2|
    |ap_sync_reg_p_anonymous_namespace_GenerateBand0SequenceStreamOptimizedQ610_U0_ap_ready  |   9|          2|    1|          2|
    +----------------------------------------------------------------------------------------+----+-----------+-----+-----------+
    |Total                                                                                   |  18|          4|    2|          4|
    +----------------------------------------------------------------------------------------+----+-----------+-----+-----------+

    * Register: 
    +----------------------------------------------------------------------------------------+---+----+-----+-----------+
    |                                          Name                                          | FF| LUT| Bits| Const Bits|
    +----------------------------------------------------------------------------------------+---+----+-----+-----------+
    |ap_sync_reg_entry_proc_U0_ap_ready                                                      |  1|   0|    1|          0|
    |ap_sync_reg_p_anonymous_namespace_GenerateBand0SequenceStreamOptimizedQ610_U0_ap_ready  |  1|   0|    1|          0|
    +----------------------------------------------------------------------------------------+---+----+-----+-----------+
    |Total                                                                                   |  2|   0|    2|          0|
    +----------------------------------------------------------------------------------------+---+----+-----+-----------+



================================================================
== Interface
================================================================
* Summary: 
+------------------------------------------------------------------------------------------+-----+-----+------------+---------------------------------------------------------------------------------+--------------+
|                                         RTL Ports                                        | Dir | Bits|  Protocol  |                                  Source Object                                  |    C Type    |
+------------------------------------------------------------------------------------------+-----+-----+------------+---------------------------------------------------------------------------------+--------------+
|m_axi_gmem_in_AWVALID                                                                     |  out|    1|       m_axi|                                                                          gmem_in|       pointer|
|m_axi_gmem_in_AWREADY                                                                     |   in|    1|       m_axi|                                                                          gmem_in|       pointer|
|m_axi_gmem_in_AWADDR                                                                      |  out|   32|       m_axi|                                                                          gmem_in|       pointer|
|m_axi_gmem_in_AWID                                                                        |  out|    1|       m_axi|                                                                          gmem_in|       pointer|
|m_axi_gmem_in_AWLEN                                                                       |  out|   32|       m_axi|                                                                          gmem_in|       pointer|
|m_axi_gmem_in_AWSIZE                                                                      |  out|    3|       m_axi|                                                                          gmem_in|       pointer|
|m_axi_gmem_in_AWBURST                                                                     |  out|    2|       m_axi|                                                                          gmem_in|       pointer|
|m_axi_gmem_in_AWLOCK                                                                      |  out|    2|       m_axi|                                                                          gmem_in|       pointer|
|m_axi_gmem_in_AWCACHE                                                                     |  out|    4|       m_axi|                                                                          gmem_in|       pointer|
|m_axi_gmem_in_AWPROT                                                                      |  out|    3|       m_axi|                                                                          gmem_in|       pointer|
|m_axi_gmem_in_AWQOS                                                                       |  out|    4|       m_axi|                                                                          gmem_in|       pointer|
|m_axi_gmem_in_AWREGION                                                                    |  out|    4|       m_axi|                                                                          gmem_in|       pointer|
|m_axi_gmem_in_AWUSER                                                                      |  out|    1|       m_axi|                                                                          gmem_in|       pointer|
|m_axi_gmem_in_WVALID                                                                      |  out|    1|       m_axi|                                                                          gmem_in|       pointer|
|m_axi_gmem_in_WREADY                                                                      |   in|    1|       m_axi|                                                                          gmem_in|       pointer|
|m_axi_gmem_in_WDATA                                                                       |  out|   16|       m_axi|                                                                          gmem_in|       pointer|
|m_axi_gmem_in_WSTRB                                                                       |  out|    2|       m_axi|                                                                          gmem_in|       pointer|
|m_axi_gmem_in_WLAST                                                                       |  out|    1|       m_axi|                                                                          gmem_in|       pointer|
|m_axi_gmem_in_WID                                                                         |  out|    1|       m_axi|                                                                          gmem_in|       pointer|
|m_axi_gmem_in_WUSER                                                                       |  out|    1|       m_axi|                                                                          gmem_in|       pointer|
|m_axi_gmem_in_ARVALID                                                                     |  out|    1|       m_axi|                                                                          gmem_in|       pointer|
|m_axi_gmem_in_ARREADY                                                                     |   in|    1|       m_axi|                                                                          gmem_in|       pointer|
|m_axi_gmem_in_ARADDR                                                                      |  out|   32|       m_axi|                                                                          gmem_in|       pointer|
|m_axi_gmem_in_ARID                                                                        |  out|    1|       m_axi|                                                                          gmem_in|       pointer|
|m_axi_gmem_in_ARLEN                                                                       |  out|   32|       m_axi|                                                                          gmem_in|       pointer|
|m_axi_gmem_in_ARSIZE                                                                      |  out|    3|       m_axi|                                                                          gmem_in|       pointer|
|m_axi_gmem_in_ARBURST                                                                     |  out|    2|       m_axi|                                                                          gmem_in|       pointer|
|m_axi_gmem_in_ARLOCK                                                                      |  out|    2|       m_axi|                                                                          gmem_in|       pointer|
|m_axi_gmem_in_ARCACHE                                                                     |  out|    4|       m_axi|                                                                          gmem_in|       pointer|
|m_axi_gmem_in_ARPROT                                                                      |  out|    3|       m_axi|                                                                          gmem_in|       pointer|
|m_axi_gmem_in_ARQOS                                                                       |  out|    4|       m_axi|                                                                          gmem_in|       pointer|
|m_axi_gmem_in_ARREGION                                                                    |  out|    4|       m_axi|                                                                          gmem_in|       pointer|
|m_axi_gmem_in_ARUSER                                                                      |  out|    1|       m_axi|                                                                          gmem_in|       pointer|
|m_axi_gmem_in_RVALID                                                                      |   in|    1|       m_axi|                                                                          gmem_in|       pointer|
|m_axi_gmem_in_RREADY                                                                      |  out|    1|       m_axi|                                                                          gmem_in|       pointer|
|m_axi_gmem_in_RDATA                                                                       |   in|   16|       m_axi|                                                                          gmem_in|       pointer|
|m_axi_gmem_in_RLAST                                                                       |   in|    1|       m_axi|                                                                          gmem_in|       pointer|
|m_axi_gmem_in_RID                                                                         |   in|    1|       m_axi|                                                                          gmem_in|       pointer|
|m_axi_gmem_in_RFIFONUM                                                                    |   in|    6|       m_axi|                                                                          gmem_in|       pointer|
|m_axi_gmem_in_RUSER                                                                       |   in|    1|       m_axi|                                                                          gmem_in|       pointer|
|m_axi_gmem_in_RRESP                                                                       |   in|    2|       m_axi|                                                                          gmem_in|       pointer|
|m_axi_gmem_in_BVALID                                                                      |   in|    1|       m_axi|                                                                          gmem_in|       pointer|
|m_axi_gmem_in_BREADY                                                                      |  out|    1|       m_axi|                                                                          gmem_in|       pointer|
|m_axi_gmem_in_BRESP                                                                       |   in|    2|       m_axi|                                                                          gmem_in|       pointer|
|m_axi_gmem_in_BID                                                                         |   in|    1|       m_axi|                                                                          gmem_in|       pointer|
|m_axi_gmem_in_BUSER                                                                       |   in|    1|       m_axi|                                                                          gmem_in|       pointer|
|noisy_input_q610                                                                          |   in|   32|     ap_none|                                                                 noisy_input_q610|        scalar|
|noisy_input_q610_ap_vld                                                                   |   in|    1|     ap_none|                                                                 noisy_input_q610|        scalar|
|fb_output_q610                                                                            |   in|   32|     ap_none|                                                                   fb_output_q610|        scalar|
|fb_output_q610_ap_vld                                                                     |   in|    1|     ap_none|                                                                   fb_output_q610|        scalar|
|m_axi_gmem_out_AWVALID                                                                    |  out|    1|       m_axi|                                                                         gmem_out|       pointer|
|m_axi_gmem_out_AWREADY                                                                    |   in|    1|       m_axi|                                                                         gmem_out|       pointer|
|m_axi_gmem_out_AWADDR                                                                     |  out|   32|       m_axi|                                                                         gmem_out|       pointer|
|m_axi_gmem_out_AWID                                                                       |  out|    1|       m_axi|                                                                         gmem_out|       pointer|
|m_axi_gmem_out_AWLEN                                                                      |  out|   32|       m_axi|                                                                         gmem_out|       pointer|
|m_axi_gmem_out_AWSIZE                                                                     |  out|    3|       m_axi|                                                                         gmem_out|       pointer|
|m_axi_gmem_out_AWBURST                                                                    |  out|    2|       m_axi|                                                                         gmem_out|       pointer|
|m_axi_gmem_out_AWLOCK                                                                     |  out|    2|       m_axi|                                                                         gmem_out|       pointer|
|m_axi_gmem_out_AWCACHE                                                                    |  out|    4|       m_axi|                                                                         gmem_out|       pointer|
|m_axi_gmem_out_AWPROT                                                                     |  out|    3|       m_axi|                                                                         gmem_out|       pointer|
|m_axi_gmem_out_AWQOS                                                                      |  out|    4|       m_axi|                                                                         gmem_out|       pointer|
|m_axi_gmem_out_AWREGION                                                                   |  out|    4|       m_axi|                                                                         gmem_out|       pointer|
|m_axi_gmem_out_AWUSER                                                                     |  out|    1|       m_axi|                                                                         gmem_out|       pointer|
|m_axi_gmem_out_WVALID                                                                     |  out|    1|       m_axi|                                                                         gmem_out|       pointer|
|m_axi_gmem_out_WREADY                                                                     |   in|    1|       m_axi|                                                                         gmem_out|       pointer|
|m_axi_gmem_out_WDATA                                                                      |  out|   16|       m_axi|                                                                         gmem_out|       pointer|
|m_axi_gmem_out_WSTRB                                                                      |  out|    2|       m_axi|                                                                         gmem_out|       pointer|
|m_axi_gmem_out_WLAST                                                                      |  out|    1|       m_axi|                                                                         gmem_out|       pointer|
|m_axi_gmem_out_WID                                                                        |  out|    1|       m_axi|                                                                         gmem_out|       pointer|
|m_axi_gmem_out_WUSER                                                                      |  out|    1|       m_axi|                                                                         gmem_out|       pointer|
|m_axi_gmem_out_ARVALID                                                                    |  out|    1|       m_axi|                                                                         gmem_out|       pointer|
|m_axi_gmem_out_ARREADY                                                                    |   in|    1|       m_axi|                                                                         gmem_out|       pointer|
|m_axi_gmem_out_ARADDR                                                                     |  out|   32|       m_axi|                                                                         gmem_out|       pointer|
|m_axi_gmem_out_ARID                                                                       |  out|    1|       m_axi|                                                                         gmem_out|       pointer|
|m_axi_gmem_out_ARLEN                                                                      |  out|   32|       m_axi|                                                                         gmem_out|       pointer|
|m_axi_gmem_out_ARSIZE                                                                     |  out|    3|       m_axi|                                                                         gmem_out|       pointer|
|m_axi_gmem_out_ARBURST                                                                    |  out|    2|       m_axi|                                                                         gmem_out|       pointer|
|m_axi_gmem_out_ARLOCK                                                                     |  out|    2|       m_axi|                                                                         gmem_out|       pointer|
|m_axi_gmem_out_ARCACHE                                                                    |  out|    4|       m_axi|                                                                         gmem_out|       pointer|
|m_axi_gmem_out_ARPROT                                                                     |  out|    3|       m_axi|                                                                         gmem_out|       pointer|
|m_axi_gmem_out_ARQOS                                                                      |  out|    4|       m_axi|                                                                         gmem_out|       pointer|
|m_axi_gmem_out_ARREGION                                                                   |  out|    4|       m_axi|                                                                         gmem_out|       pointer|
|m_axi_gmem_out_ARUSER                                                                     |  out|    1|       m_axi|                                                                         gmem_out|       pointer|
|m_axi_gmem_out_RVALID                                                                     |   in|    1|       m_axi|                                                                         gmem_out|       pointer|
|m_axi_gmem_out_RREADY                                                                     |  out|    1|       m_axi|                                                                         gmem_out|       pointer|
|m_axi_gmem_out_RDATA                                                                      |   in|   16|       m_axi|                                                                         gmem_out|       pointer|
|m_axi_gmem_out_RLAST                                                                      |   in|    1|       m_axi|                                                                         gmem_out|       pointer|
|m_axi_gmem_out_RID                                                                        |   in|    1|       m_axi|                                                                         gmem_out|       pointer|
|m_axi_gmem_out_RFIFONUM                                                                   |   in|    6|       m_axi|                                                                         gmem_out|       pointer|
|m_axi_gmem_out_RUSER                                                                      |   in|    1|       m_axi|                                                                         gmem_out|       pointer|
|m_axi_gmem_out_RRESP                                                                      |   in|    2|       m_axi|                                                                         gmem_out|       pointer|
|m_axi_gmem_out_BVALID                                                                     |   in|    1|       m_axi|                                                                         gmem_out|       pointer|
|m_axi_gmem_out_BREADY                                                                     |  out|    1|       m_axi|                                                                         gmem_out|       pointer|
|m_axi_gmem_out_BRESP                                                                      |   in|    2|       m_axi|                                                                         gmem_out|       pointer|
|m_axi_gmem_out_BID                                                                        |   in|    1|       m_axi|                                                                         gmem_out|       pointer|
|m_axi_gmem_out_BUSER                                                                      |   in|    1|       m_axi|                                                                         gmem_out|       pointer|
|df_coef_q610                                                                              |   in|   32|     ap_none|                                                                     df_coef_q610|        scalar|
|df_coef_q610_ap_vld                                                                       |   in|    1|     ap_none|                                                                     df_coef_q610|        scalar|
|SubbandBand0TopQ610_ap_int_const_ap_int_const_ap_int_const_ap_int_const_ap_i_12_address0  |  out|   11|   ap_memory|  SubbandBand0TopQ610_ap_int_const_ap_int_const_ap_int_const_ap_int_const_ap_i_12|         array|
|SubbandBand0TopQ610_ap_int_const_ap_int_const_ap_int_const_ap_int_const_ap_i_12_ce0       |  out|    1|   ap_memory|  SubbandBand0TopQ610_ap_int_const_ap_int_const_ap_int_const_ap_int_const_ap_i_12|         array|
|SubbandBand0TopQ610_ap_int_const_ap_int_const_ap_int_const_ap_int_const_ap_i_12_d0        |  out|   64|   ap_memory|  SubbandBand0TopQ610_ap_int_const_ap_int_const_ap_int_const_ap_int_const_ap_i_12|         array|
|SubbandBand0TopQ610_ap_int_const_ap_int_const_ap_int_const_ap_int_const_ap_i_12_q0        |   in|   64|   ap_memory|  SubbandBand0TopQ610_ap_int_const_ap_int_const_ap_int_const_ap_int_const_ap_i_12|         array|
|SubbandBand0TopQ610_ap_int_const_ap_int_const_ap_int_const_ap_int_const_ap_i_12_we0       |  out|    8|   ap_memory|  SubbandBand0TopQ610_ap_int_const_ap_int_const_ap_int_const_ap_int_const_ap_i_12|         array|
|SubbandBand0TopQ610_ap_int_const_ap_int_const_ap_int_const_ap_int_const_ap_i_12_address1  |  out|   11|   ap_memory|  SubbandBand0TopQ610_ap_int_const_ap_int_const_ap_int_const_ap_int_const_ap_i_12|         array|
|SubbandBand0TopQ610_ap_int_const_ap_int_const_ap_int_const_ap_int_const_ap_i_12_ce1       |  out|    1|   ap_memory|  SubbandBand0TopQ610_ap_int_const_ap_int_const_ap_int_const_ap_int_const_ap_i_12|         array|
|SubbandBand0TopQ610_ap_int_const_ap_int_const_ap_int_const_ap_int_const_ap_i_12_d1        |  out|   64|   ap_memory|  SubbandBand0TopQ610_ap_int_const_ap_int_const_ap_int_const_ap_int_const_ap_i_12|         array|
|SubbandBand0TopQ610_ap_int_const_ap_int_const_ap_int_const_ap_int_const_ap_i_12_q1        |   in|   64|   ap_memory|  SubbandBand0TopQ610_ap_int_const_ap_int_const_ap_int_const_ap_int_const_ap_i_12|         array|
|SubbandBand0TopQ610_ap_int_const_ap_int_const_ap_int_const_ap_int_const_ap_i_12_we1       |  out|    8|   ap_memory|  SubbandBand0TopQ610_ap_int_const_ap_int_const_ap_int_const_ap_int_const_ap_i_12|         array|
|SubbandBand0TopQ610_ap_int_const_ap_int_const_ap_int_const_ap_int_const_ap_i_14_address0  |  out|   10|   ap_memory|  SubbandBand0TopQ610_ap_int_const_ap_int_const_ap_int_const_ap_int_const_ap_i_14|         array|
|SubbandBand0TopQ610_ap_int_const_ap_int_const_ap_int_const_ap_int_const_ap_i_14_ce0       |  out|    1|   ap_memory|  SubbandBand0TopQ610_ap_int_const_ap_int_const_ap_int_const_ap_int_const_ap_i_14|         array|
|SubbandBand0TopQ610_ap_int_const_ap_int_const_ap_int_const_ap_int_const_ap_i_14_d0        |  out|  512|   ap_memory|  SubbandBand0TopQ610_ap_int_const_ap_int_const_ap_int_const_ap_int_const_ap_i_14|         array|
|SubbandBand0TopQ610_ap_int_const_ap_int_const_ap_int_const_ap_int_const_ap_i_14_q0        |   in|  512|   ap_memory|  SubbandBand0TopQ610_ap_int_const_ap_int_const_ap_int_const_ap_int_const_ap_i_14|         array|
|SubbandBand0TopQ610_ap_int_const_ap_int_const_ap_int_const_ap_int_const_ap_i_14_we0       |  out|   64|   ap_memory|  SubbandBand0TopQ610_ap_int_const_ap_int_const_ap_int_const_ap_int_const_ap_i_14|         array|
|SubbandBand0TopQ610_ap_int_const_ap_int_const_ap_int_const_ap_int_const_ap_i_14_address1  |  out|   10|   ap_memory|  SubbandBand0TopQ610_ap_int_const_ap_int_const_ap_int_const_ap_int_const_ap_i_14|         array|
|SubbandBand0TopQ610_ap_int_const_ap_int_const_ap_int_const_ap_int_const_ap_i_14_ce1       |  out|    1|   ap_memory|  SubbandBand0TopQ610_ap_int_const_ap_int_const_ap_int_const_ap_int_const_ap_i_14|         array|
|SubbandBand0TopQ610_ap_int_const_ap_int_const_ap_int_const_ap_int_const_ap_i_14_d1        |  out|  512|   ap_memory|  SubbandBand0TopQ610_ap_int_const_ap_int_const_ap_int_const_ap_int_const_ap_i_14|         array|
|SubbandBand0TopQ610_ap_int_const_ap_int_const_ap_int_const_ap_int_const_ap_i_14_q1        |   in|  512|   ap_memory|  SubbandBand0TopQ610_ap_int_const_ap_int_const_ap_int_const_ap_int_const_ap_i_14|         array|
|SubbandBand0TopQ610_ap_int_const_ap_int_const_ap_int_const_ap_int_const_ap_i_14_we1       |  out|   64|   ap_memory|  SubbandBand0TopQ610_ap_int_const_ap_int_const_ap_int_const_ap_int_const_ap_i_14|         array|
|SubbandBand0TopQ610_ap_int_const_ap_int_const_ap_int_const_ap_int_const_ap_i_11_address0  |  out|   11|   ap_memory|  SubbandBand0TopQ610_ap_int_const_ap_int_const_ap_int_const_ap_int_const_ap_i_11|         array|
|SubbandBand0TopQ610_ap_int_const_ap_int_const_ap_int_const_ap_int_const_ap_i_11_ce0       |  out|    1|   ap_memory|  SubbandBand0TopQ610_ap_int_const_ap_int_const_ap_int_const_ap_int_const_ap_i_11|         array|
|SubbandBand0TopQ610_ap_int_const_ap_int_const_ap_int_const_ap_int_const_ap_i_11_d0        |  out|   64|   ap_memory|  SubbandBand0TopQ610_ap_int_const_ap_int_const_ap_int_const_ap_int_const_ap_i_11|         array|
|SubbandBand0TopQ610_ap_int_const_ap_int_const_ap_int_const_ap_int_const_ap_i_11_q0        |   in|   64|   ap_memory|  SubbandBand0TopQ610_ap_int_const_ap_int_const_ap_int_const_ap_int_const_ap_i_11|         array|
|SubbandBand0TopQ610_ap_int_const_ap_int_const_ap_int_const_ap_int_const_ap_i_11_we0       |  out|    8|   ap_memory|  SubbandBand0TopQ610_ap_int_const_ap_int_const_ap_int_const_ap_int_const_ap_i_11|         array|
|SubbandBand0TopQ610_ap_int_const_ap_int_const_ap_int_const_ap_int_const_ap_i_11_address1  |  out|   11|   ap_memory|  SubbandBand0TopQ610_ap_int_const_ap_int_const_ap_int_const_ap_int_const_ap_i_11|         array|
|SubbandBand0TopQ610_ap_int_const_ap_int_const_ap_int_const_ap_int_const_ap_i_11_ce1       |  out|    1|   ap_memory|  SubbandBand0TopQ610_ap_int_const_ap_int_const_ap_int_const_ap_int_const_ap_i_11|         array|
|SubbandBand0TopQ610_ap_int_const_ap_int_const_ap_int_const_ap_int_const_ap_i_11_d1        |  out|   64|   ap_memory|  SubbandBand0TopQ610_ap_int_const_ap_int_const_ap_int_const_ap_int_const_ap_i_11|         array|
|SubbandBand0TopQ610_ap_int_const_ap_int_const_ap_int_const_ap_int_const_ap_i_11_q1        |   in|   64|   ap_memory|  SubbandBand0TopQ610_ap_int_const_ap_int_const_ap_int_const_ap_int_const_ap_i_11|         array|
|SubbandBand0TopQ610_ap_int_const_ap_int_const_ap_int_const_ap_int_const_ap_i_11_we1       |  out|    8|   ap_memory|  SubbandBand0TopQ610_ap_int_const_ap_int_const_ap_int_const_ap_int_const_ap_i_11|         array|
|SubbandBand0TopQ610_ap_int_const_ap_int_const_ap_int_const_ap_int_const_ap_i_13_address0  |  out|   10|   ap_memory|  SubbandBand0TopQ610_ap_int_const_ap_int_const_ap_int_const_ap_int_const_ap_i_13|         array|
|SubbandBand0TopQ610_ap_int_const_ap_int_const_ap_int_const_ap_int_const_ap_i_13_ce0       |  out|    1|   ap_memory|  SubbandBand0TopQ610_ap_int_const_ap_int_const_ap_int_const_ap_int_const_ap_i_13|         array|
|SubbandBand0TopQ610_ap_int_const_ap_int_const_ap_int_const_ap_int_const_ap_i_13_d0        |  out|  512|   ap_memory|  SubbandBand0TopQ610_ap_int_const_ap_int_const_ap_int_const_ap_int_const_ap_i_13|         array|
|SubbandBand0TopQ610_ap_int_const_ap_int_const_ap_int_const_ap_int_const_ap_i_13_q0        |   in|  512|   ap_memory|  SubbandBand0TopQ610_ap_int_const_ap_int_const_ap_int_const_ap_int_const_ap_i_13|         array|
|SubbandBand0TopQ610_ap_int_const_ap_int_const_ap_int_const_ap_int_const_ap_i_13_we0       |  out|   64|   ap_memory|  SubbandBand0TopQ610_ap_int_const_ap_int_const_ap_int_const_ap_int_const_ap_i_13|         array|
|SubbandBand0TopQ610_ap_int_const_ap_int_const_ap_int_const_ap_int_const_ap_i_13_address1  |  out|   10|   ap_memory|  SubbandBand0TopQ610_ap_int_const_ap_int_const_ap_int_const_ap_int_const_ap_i_13|         array|
|SubbandBand0TopQ610_ap_int_const_ap_int_const_ap_int_const_ap_int_const_ap_i_13_ce1       |  out|    1|   ap_memory|  SubbandBand0TopQ610_ap_int_const_ap_int_const_ap_int_const_ap_int_const_ap_i_13|         array|
|SubbandBand0TopQ610_ap_int_const_ap_int_const_ap_int_const_ap_int_const_ap_i_13_d1        |  out|  512|   ap_memory|  SubbandBand0TopQ610_ap_int_const_ap_int_const_ap_int_const_ap_int_const_ap_i_13|         array|
|SubbandBand0TopQ610_ap_int_const_ap_int_const_ap_int_const_ap_int_const_ap_i_13_q1        |   in|  512|   ap_memory|  SubbandBand0TopQ610_ap_int_const_ap_int_const_ap_int_const_ap_int_const_ap_i_13|         array|
|SubbandBand0TopQ610_ap_int_const_ap_int_const_ap_int_const_ap_int_const_ap_i_13_we1       |  out|   64|   ap_memory|  SubbandBand0TopQ610_ap_int_const_ap_int_const_ap_int_const_ap_int_const_ap_i_13|         array|
|SubbandBand0TopQ610_ap_int_const_ap_int_const_ap_int_const_ap_int_const_ap_i_20_address0  |  out|    8|   ap_memory|  SubbandBand0TopQ610_ap_int_const_ap_int_const_ap_int_const_ap_int_const_ap_i_20|         array|
|SubbandBand0TopQ610_ap_int_const_ap_int_const_ap_int_const_ap_int_const_ap_i_20_ce0       |  out|    1|   ap_memory|  SubbandBand0TopQ610_ap_int_const_ap_int_const_ap_int_const_ap_int_const_ap_i_20|         array|
|SubbandBand0TopQ610_ap_int_const_ap_int_const_ap_int_const_ap_int_const_ap_i_20_d0        |  out|   16|   ap_memory|  SubbandBand0TopQ610_ap_int_const_ap_int_const_ap_int_const_ap_int_const_ap_i_20|         array|
|SubbandBand0TopQ610_ap_int_const_ap_int_const_ap_int_const_ap_int_const_ap_i_20_q0        |   in|   16|   ap_memory|  SubbandBand0TopQ610_ap_int_const_ap_int_const_ap_int_const_ap_int_const_ap_i_20|         array|
|SubbandBand0TopQ610_ap_int_const_ap_int_const_ap_int_const_ap_int_const_ap_i_20_we0       |  out|    1|   ap_memory|  SubbandBand0TopQ610_ap_int_const_ap_int_const_ap_int_const_ap_int_const_ap_i_20|         array|
|SubbandBand0TopQ610_ap_int_const_ap_int_const_ap_int_const_ap_int_const_ap_i_20_address1  |  out|    8|   ap_memory|  SubbandBand0TopQ610_ap_int_const_ap_int_const_ap_int_const_ap_int_const_ap_i_20|         array|
|SubbandBand0TopQ610_ap_int_const_ap_int_const_ap_int_const_ap_int_const_ap_i_20_ce1       |  out|    1|   ap_memory|  SubbandBand0TopQ610_ap_int_const_ap_int_const_ap_int_const_ap_int_const_ap_i_20|         array|
|SubbandBand0TopQ610_ap_int_const_ap_int_const_ap_int_const_ap_int_const_ap_i_20_d1        |  out|   16|   ap_memory|  SubbandBand0TopQ610_ap_int_const_ap_int_const_ap_int_const_ap_int_const_ap_i_20|         array|
|SubbandBand0TopQ610_ap_int_const_ap_int_const_ap_int_const_ap_int_const_ap_i_20_q1        |   in|   16|   ap_memory|  SubbandBand0TopQ610_ap_int_const_ap_int_const_ap_int_const_ap_int_const_ap_i_20|         array|
|SubbandBand0TopQ610_ap_int_const_ap_int_const_ap_int_const_ap_int_const_ap_i_20_we1       |  out|    1|   ap_memory|  SubbandBand0TopQ610_ap_int_const_ap_int_const_ap_int_const_ap_int_const_ap_i_20|         array|
|SubbandBand0TopQ610_ap_int_const_ap_int_const_ap_int_const_ap_int_const_ap_i_19_address0  |  out|    8|   ap_memory|  SubbandBand0TopQ610_ap_int_const_ap_int_const_ap_int_const_ap_int_const_ap_i_19|         array|
|SubbandBand0TopQ610_ap_int_const_ap_int_const_ap_int_const_ap_int_const_ap_i_19_ce0       |  out|    1|   ap_memory|  SubbandBand0TopQ610_ap_int_const_ap_int_const_ap_int_const_ap_int_const_ap_i_19|         array|
|SubbandBand0TopQ610_ap_int_const_ap_int_const_ap_int_const_ap_int_const_ap_i_19_d0        |  out|   16|   ap_memory|  SubbandBand0TopQ610_ap_int_const_ap_int_const_ap_int_const_ap_int_const_ap_i_19|         array|
|SubbandBand0TopQ610_ap_int_const_ap_int_const_ap_int_const_ap_int_const_ap_i_19_q0        |   in|   16|   ap_memory|  SubbandBand0TopQ610_ap_int_const_ap_int_const_ap_int_const_ap_int_const_ap_i_19|         array|
|SubbandBand0TopQ610_ap_int_const_ap_int_const_ap_int_const_ap_int_const_ap_i_19_we0       |  out|    1|   ap_memory|  SubbandBand0TopQ610_ap_int_const_ap_int_const_ap_int_const_ap_int_const_ap_i_19|         array|
|SubbandBand0TopQ610_ap_int_const_ap_int_const_ap_int_const_ap_int_const_ap_i_19_address1  |  out|    8|   ap_memory|  SubbandBand0TopQ610_ap_int_const_ap_int_const_ap_int_const_ap_int_const_ap_i_19|         array|
|SubbandBand0TopQ610_ap_int_const_ap_int_const_ap_int_const_ap_int_const_ap_i_19_ce1       |  out|    1|   ap_memory|  SubbandBand0TopQ610_ap_int_const_ap_int_const_ap_int_const_ap_int_const_ap_i_19|         array|
|SubbandBand0TopQ610_ap_int_const_ap_int_const_ap_int_const_ap_int_const_ap_i_19_d1        |  out|   16|   ap_memory|  SubbandBand0TopQ610_ap_int_const_ap_int_const_ap_int_const_ap_int_const_ap_i_19|         array|
|SubbandBand0TopQ610_ap_int_const_ap_int_const_ap_int_const_ap_int_const_ap_i_19_q1        |   in|   16|   ap_memory|  SubbandBand0TopQ610_ap_int_const_ap_int_const_ap_int_const_ap_int_const_ap_i_19|         array|
|SubbandBand0TopQ610_ap_int_const_ap_int_const_ap_int_const_ap_int_const_ap_i_19_we1       |  out|    1|   ap_memory|  SubbandBand0TopQ610_ap_int_const_ap_int_const_ap_int_const_ap_int_const_ap_i_19|         array|
|SubbandBand0TopQ610_ap_int_const_ap_int_const_ap_int_const_ap_int_const_ap_i_16_address0  |  out|    7|   ap_memory|  SubbandBand0TopQ610_ap_int_const_ap_int_const_ap_int_const_ap_int_const_ap_i_16|         array|
|SubbandBand0TopQ610_ap_int_const_ap_int_const_ap_int_const_ap_int_const_ap_i_16_ce0       |  out|    1|   ap_memory|  SubbandBand0TopQ610_ap_int_const_ap_int_const_ap_int_const_ap_int_const_ap_i_16|         array|
|SubbandBand0TopQ610_ap_int_const_ap_int_const_ap_int_const_ap_int_const_ap_i_16_d0        |  out|   16|   ap_memory|  SubbandBand0TopQ610_ap_int_const_ap_int_const_ap_int_const_ap_int_const_ap_i_16|         array|
|SubbandBand0TopQ610_ap_int_const_ap_int_const_ap_int_const_ap_int_const_ap_i_16_q0        |   in|   16|   ap_memory|  SubbandBand0TopQ610_ap_int_const_ap_int_const_ap_int_const_ap_int_const_ap_i_16|         array|
|SubbandBand0TopQ610_ap_int_const_ap_int_const_ap_int_const_ap_int_const_ap_i_16_we0       |  out|    1|   ap_memory|  SubbandBand0TopQ610_ap_int_const_ap_int_const_ap_int_const_ap_int_const_ap_i_16|         array|
|SubbandBand0TopQ610_ap_int_const_ap_int_const_ap_int_const_ap_int_const_ap_i_16_address1  |  out|    7|   ap_memory|  SubbandBand0TopQ610_ap_int_const_ap_int_const_ap_int_const_ap_int_const_ap_i_16|         array|
|SubbandBand0TopQ610_ap_int_const_ap_int_const_ap_int_const_ap_int_const_ap_i_16_ce1       |  out|    1|   ap_memory|  SubbandBand0TopQ610_ap_int_const_ap_int_const_ap_int_const_ap_int_const_ap_i_16|         array|
|SubbandBand0TopQ610_ap_int_const_ap_int_const_ap_int_const_ap_int_const_ap_i_16_d1        |  out|   16|   ap_memory|  SubbandBand0TopQ610_ap_int_const_ap_int_const_ap_int_const_ap_int_const_ap_i_16|         array|
|SubbandBand0TopQ610_ap_int_const_ap_int_const_ap_int_const_ap_int_const_ap_i_16_q1        |   in|   16|   ap_memory|  SubbandBand0TopQ610_ap_int_const_ap_int_const_ap_int_const_ap_int_const_ap_i_16|         array|
|SubbandBand0TopQ610_ap_int_const_ap_int_const_ap_int_const_ap_int_const_ap_i_16_we1       |  out|    1|   ap_memory|  SubbandBand0TopQ610_ap_int_const_ap_int_const_ap_int_const_ap_int_const_ap_i_16|         array|
|SubbandBand0TopQ610_ap_int_const_ap_int_const_ap_int_const_ap_int_const_ap_i_15_address0  |  out|    7|   ap_memory|  SubbandBand0TopQ610_ap_int_const_ap_int_const_ap_int_const_ap_int_const_ap_i_15|         array|
|SubbandBand0TopQ610_ap_int_const_ap_int_const_ap_int_const_ap_int_const_ap_i_15_ce0       |  out|    1|   ap_memory|  SubbandBand0TopQ610_ap_int_const_ap_int_const_ap_int_const_ap_int_const_ap_i_15|         array|
|SubbandBand0TopQ610_ap_int_const_ap_int_const_ap_int_const_ap_int_const_ap_i_15_d0        |  out|   16|   ap_memory|  SubbandBand0TopQ610_ap_int_const_ap_int_const_ap_int_const_ap_int_const_ap_i_15|         array|
|SubbandBand0TopQ610_ap_int_const_ap_int_const_ap_int_const_ap_int_const_ap_i_15_q0        |   in|   16|   ap_memory|  SubbandBand0TopQ610_ap_int_const_ap_int_const_ap_int_const_ap_int_const_ap_i_15|         array|
|SubbandBand0TopQ610_ap_int_const_ap_int_const_ap_int_const_ap_int_const_ap_i_15_we0       |  out|    1|   ap_memory|  SubbandBand0TopQ610_ap_int_const_ap_int_const_ap_int_const_ap_int_const_ap_i_15|         array|
|SubbandBand0TopQ610_ap_int_const_ap_int_const_ap_int_const_ap_int_const_ap_i_15_address1  |  out|    7|   ap_memory|  SubbandBand0TopQ610_ap_int_const_ap_int_const_ap_int_const_ap_int_const_ap_i_15|         array|
|SubbandBand0TopQ610_ap_int_const_ap_int_const_ap_int_const_ap_int_const_ap_i_15_ce1       |  out|    1|   ap_memory|  SubbandBand0TopQ610_ap_int_const_ap_int_const_ap_int_const_ap_int_const_ap_i_15|         array|
|SubbandBand0TopQ610_ap_int_const_ap_int_const_ap_int_const_ap_int_const_ap_i_15_d1        |  out|   16|   ap_memory|  SubbandBand0TopQ610_ap_int_const_ap_int_const_ap_int_const_ap_int_const_ap_i_15|         array|
|SubbandBand0TopQ610_ap_int_const_ap_int_const_ap_int_const_ap_int_const_ap_i_15_q1        |   in|   16|   ap_memory|  SubbandBand0TopQ610_ap_int_const_ap_int_const_ap_int_const_ap_int_const_ap_i_15|         array|
|SubbandBand0TopQ610_ap_int_const_ap_int_const_ap_int_const_ap_int_const_ap_i_15_we1       |  out|    1|   ap_memory|  SubbandBand0TopQ610_ap_int_const_ap_int_const_ap_int_const_ap_int_const_ap_i_15|         array|
|SubbandBand0TopQ610_ap_int_const_ap_int_const_ap_int_const_ap_int_const_ap_i_18_address0  |  out|    7|   ap_memory|  SubbandBand0TopQ610_ap_int_const_ap_int_const_ap_int_const_ap_int_const_ap_i_18|         array|
|SubbandBand0TopQ610_ap_int_const_ap_int_const_ap_int_const_ap_int_const_ap_i_18_ce0       |  out|    1|   ap_memory|  SubbandBand0TopQ610_ap_int_const_ap_int_const_ap_int_const_ap_int_const_ap_i_18|         array|
|SubbandBand0TopQ610_ap_int_const_ap_int_const_ap_int_const_ap_int_const_ap_i_18_d0        |  out|   16|   ap_memory|  SubbandBand0TopQ610_ap_int_const_ap_int_const_ap_int_const_ap_int_const_ap_i_18|         array|
|SubbandBand0TopQ610_ap_int_const_ap_int_const_ap_int_const_ap_int_const_ap_i_18_q0        |   in|   16|   ap_memory|  SubbandBand0TopQ610_ap_int_const_ap_int_const_ap_int_const_ap_int_const_ap_i_18|         array|
|SubbandBand0TopQ610_ap_int_const_ap_int_const_ap_int_const_ap_int_const_ap_i_18_we0       |  out|    1|   ap_memory|  SubbandBand0TopQ610_ap_int_const_ap_int_const_ap_int_const_ap_int_const_ap_i_18|         array|
|SubbandBand0TopQ610_ap_int_const_ap_int_const_ap_int_const_ap_int_const_ap_i_18_address1  |  out|    7|   ap_memory|  SubbandBand0TopQ610_ap_int_const_ap_int_const_ap_int_const_ap_int_const_ap_i_18|         array|
|SubbandBand0TopQ610_ap_int_const_ap_int_const_ap_int_const_ap_int_const_ap_i_18_ce1       |  out|    1|   ap_memory|  SubbandBand0TopQ610_ap_int_const_ap_int_const_ap_int_const_ap_int_const_ap_i_18|         array|
|SubbandBand0TopQ610_ap_int_const_ap_int_const_ap_int_const_ap_int_const_ap_i_18_d1        |  out|   16|   ap_memory|  SubbandBand0TopQ610_ap_int_const_ap_int_const_ap_int_const_ap_int_const_ap_i_18|         array|
|SubbandBand0TopQ610_ap_int_const_ap_int_const_ap_int_const_ap_int_const_ap_i_18_q1        |   in|   16|   ap_memory|  SubbandBand0TopQ610_ap_int_const_ap_int_const_ap_int_const_ap_int_const_ap_i_18|         array|
|SubbandBand0TopQ610_ap_int_const_ap_int_const_ap_int_const_ap_int_const_ap_i_18_we1       |  out|    1|   ap_memory|  SubbandBand0TopQ610_ap_int_const_ap_int_const_ap_int_const_ap_int_const_ap_i_18|         array|
|SubbandBand0TopQ610_ap_int_const_ap_int_const_ap_int_const_ap_int_const_ap_i_17_address0  |  out|    7|   ap_memory|  SubbandBand0TopQ610_ap_int_const_ap_int_const_ap_int_const_ap_int_const_ap_i_17|         array|
|SubbandBand0TopQ610_ap_int_const_ap_int_const_ap_int_const_ap_int_const_ap_i_17_ce0       |  out|    1|   ap_memory|  SubbandBand0TopQ610_ap_int_const_ap_int_const_ap_int_const_ap_int_const_ap_i_17|         array|
|SubbandBand0TopQ610_ap_int_const_ap_int_const_ap_int_const_ap_int_const_ap_i_17_d0        |  out|   16|   ap_memory|  SubbandBand0TopQ610_ap_int_const_ap_int_const_ap_int_const_ap_int_const_ap_i_17|         array|
|SubbandBand0TopQ610_ap_int_const_ap_int_const_ap_int_const_ap_int_const_ap_i_17_q0        |   in|   16|   ap_memory|  SubbandBand0TopQ610_ap_int_const_ap_int_const_ap_int_const_ap_int_const_ap_i_17|         array|
|SubbandBand0TopQ610_ap_int_const_ap_int_const_ap_int_const_ap_int_const_ap_i_17_we0       |  out|    1|   ap_memory|  SubbandBand0TopQ610_ap_int_const_ap_int_const_ap_int_const_ap_int_const_ap_i_17|         array|
|SubbandBand0TopQ610_ap_int_const_ap_int_const_ap_int_const_ap_int_const_ap_i_17_address1  |  out|    7|   ap_memory|  SubbandBand0TopQ610_ap_int_const_ap_int_const_ap_int_const_ap_int_const_ap_i_17|         array|
|SubbandBand0TopQ610_ap_int_const_ap_int_const_ap_int_const_ap_int_const_ap_i_17_ce1       |  out|    1|   ap_memory|  SubbandBand0TopQ610_ap_int_const_ap_int_const_ap_int_const_ap_int_const_ap_i_17|         array|
|SubbandBand0TopQ610_ap_int_const_ap_int_const_ap_int_const_ap_int_const_ap_i_17_d1        |  out|   16|   ap_memory|  SubbandBand0TopQ610_ap_int_const_ap_int_const_ap_int_const_ap_int_const_ap_i_17|         array|
|SubbandBand0TopQ610_ap_int_const_ap_int_const_ap_int_const_ap_int_const_ap_i_17_q1        |   in|   16|   ap_memory|  SubbandBand0TopQ610_ap_int_const_ap_int_const_ap_int_const_ap_int_const_ap_i_17|         array|
|SubbandBand0TopQ610_ap_int_const_ap_int_const_ap_int_const_ap_int_const_ap_i_17_we1       |  out|    1|   ap_memory|  SubbandBand0TopQ610_ap_int_const_ap_int_const_ap_int_const_ap_int_const_ap_i_17|         array|
|SubbandBand0TopQ610_ap_int_const_ap_int_const_ap_int_const_ap_int_const_ap_i_2_address0   |  out|   10|   ap_memory|   SubbandBand0TopQ610_ap_int_const_ap_int_const_ap_int_const_ap_int_const_ap_i_2|         array|
|SubbandBand0TopQ610_ap_int_const_ap_int_const_ap_int_const_ap_int_const_ap_i_2_ce0        |  out|    1|   ap_memory|   SubbandBand0TopQ610_ap_int_const_ap_int_const_ap_int_const_ap_int_const_ap_i_2|         array|
|SubbandBand0TopQ610_ap_int_const_ap_int_const_ap_int_const_ap_int_const_ap_i_2_d0         |  out|  512|   ap_memory|   SubbandBand0TopQ610_ap_int_const_ap_int_const_ap_int_const_ap_int_const_ap_i_2|         array|
|SubbandBand0TopQ610_ap_int_const_ap_int_const_ap_int_const_ap_int_const_ap_i_2_q0         |   in|  512|   ap_memory|   SubbandBand0TopQ610_ap_int_const_ap_int_const_ap_int_const_ap_int_const_ap_i_2|         array|
|SubbandBand0TopQ610_ap_int_const_ap_int_const_ap_int_const_ap_int_const_ap_i_2_we0        |  out|   64|   ap_memory|   SubbandBand0TopQ610_ap_int_const_ap_int_const_ap_int_const_ap_int_const_ap_i_2|         array|
|SubbandBand0TopQ610_ap_int_const_ap_int_const_ap_int_const_ap_int_const_ap_i_2_address1   |  out|   10|   ap_memory|   SubbandBand0TopQ610_ap_int_const_ap_int_const_ap_int_const_ap_int_const_ap_i_2|         array|
|SubbandBand0TopQ610_ap_int_const_ap_int_const_ap_int_const_ap_int_const_ap_i_2_ce1        |  out|    1|   ap_memory|   SubbandBand0TopQ610_ap_int_const_ap_int_const_ap_int_const_ap_int_const_ap_i_2|         array|
|SubbandBand0TopQ610_ap_int_const_ap_int_const_ap_int_const_ap_int_const_ap_i_2_d1         |  out|  512|   ap_memory|   SubbandBand0TopQ610_ap_int_const_ap_int_const_ap_int_const_ap_int_const_ap_i_2|         array|
|SubbandBand0TopQ610_ap_int_const_ap_int_const_ap_int_const_ap_int_const_ap_i_2_q1         |   in|  512|   ap_memory|   SubbandBand0TopQ610_ap_int_const_ap_int_const_ap_int_const_ap_int_const_ap_i_2|         array|
|SubbandBand0TopQ610_ap_int_const_ap_int_const_ap_int_const_ap_int_const_ap_i_2_we1        |  out|   64|   ap_memory|   SubbandBand0TopQ610_ap_int_const_ap_int_const_ap_int_const_ap_int_const_ap_i_2|         array|
|SubbandBand0TopQ610_ap_int_const_ap_int_const_ap_int_const_ap_int_const_ap_i_4_address0   |  out|   10|   ap_memory|   SubbandBand0TopQ610_ap_int_const_ap_int_const_ap_int_const_ap_int_const_ap_i_4|         array|
|SubbandBand0TopQ610_ap_int_const_ap_int_const_ap_int_const_ap_int_const_ap_i_4_ce0        |  out|    1|   ap_memory|   SubbandBand0TopQ610_ap_int_const_ap_int_const_ap_int_const_ap_int_const_ap_i_4|         array|
|SubbandBand0TopQ610_ap_int_const_ap_int_const_ap_int_const_ap_int_const_ap_i_4_d0         |  out|  512|   ap_memory|   SubbandBand0TopQ610_ap_int_const_ap_int_const_ap_int_const_ap_int_const_ap_i_4|         array|
|SubbandBand0TopQ610_ap_int_const_ap_int_const_ap_int_const_ap_int_const_ap_i_4_q0         |   in|  512|   ap_memory|   SubbandBand0TopQ610_ap_int_const_ap_int_const_ap_int_const_ap_int_const_ap_i_4|         array|
|SubbandBand0TopQ610_ap_int_const_ap_int_const_ap_int_const_ap_int_const_ap_i_4_we0        |  out|   64|   ap_memory|   SubbandBand0TopQ610_ap_int_const_ap_int_const_ap_int_const_ap_int_const_ap_i_4|         array|
|SubbandBand0TopQ610_ap_int_const_ap_int_const_ap_int_const_ap_int_const_ap_i_4_address1   |  out|   10|   ap_memory|   SubbandBand0TopQ610_ap_int_const_ap_int_const_ap_int_const_ap_int_const_ap_i_4|         array|
|SubbandBand0TopQ610_ap_int_const_ap_int_const_ap_int_const_ap_int_const_ap_i_4_ce1        |  out|    1|   ap_memory|   SubbandBand0TopQ610_ap_int_const_ap_int_const_ap_int_const_ap_int_const_ap_i_4|         array|
|SubbandBand0TopQ610_ap_int_const_ap_int_const_ap_int_const_ap_int_const_ap_i_4_d1         |  out|  512|   ap_memory|   SubbandBand0TopQ610_ap_int_const_ap_int_const_ap_int_const_ap_int_const_ap_i_4|         array|
|SubbandBand0TopQ610_ap_int_const_ap_int_const_ap_int_const_ap_int_const_ap_i_4_q1         |   in|  512|   ap_memory|   SubbandBand0TopQ610_ap_int_const_ap_int_const_ap_int_const_ap_int_const_ap_i_4|         array|
|SubbandBand0TopQ610_ap_int_const_ap_int_const_ap_int_const_ap_int_const_ap_i_4_we1        |  out|   64|   ap_memory|   SubbandBand0TopQ610_ap_int_const_ap_int_const_ap_int_const_ap_int_const_ap_i_4|         array|
|SubbandBand0TopQ610_ap_int_const_ap_int_const_ap_int_const_ap_int_const_ap_i_1_address0   |  out|   10|   ap_memory|   SubbandBand0TopQ610_ap_int_const_ap_int_const_ap_int_const_ap_int_const_ap_i_1|         array|
|SubbandBand0TopQ610_ap_int_const_ap_int_const_ap_int_const_ap_int_const_ap_i_1_ce0        |  out|    1|   ap_memory|   SubbandBand0TopQ610_ap_int_const_ap_int_const_ap_int_const_ap_int_const_ap_i_1|         array|
|SubbandBand0TopQ610_ap_int_const_ap_int_const_ap_int_const_ap_int_const_ap_i_1_d0         |  out|  512|   ap_memory|   SubbandBand0TopQ610_ap_int_const_ap_int_const_ap_int_const_ap_int_const_ap_i_1|         array|
|SubbandBand0TopQ610_ap_int_const_ap_int_const_ap_int_const_ap_int_const_ap_i_1_q0         |   in|  512|   ap_memory|   SubbandBand0TopQ610_ap_int_const_ap_int_const_ap_int_const_ap_int_const_ap_i_1|         array|
|SubbandBand0TopQ610_ap_int_const_ap_int_const_ap_int_const_ap_int_const_ap_i_1_we0        |  out|   64|   ap_memory|   SubbandBand0TopQ610_ap_int_const_ap_int_const_ap_int_const_ap_int_const_ap_i_1|         array|
|SubbandBand0TopQ610_ap_int_const_ap_int_const_ap_int_const_ap_int_const_ap_i_1_address1   |  out|   10|   ap_memory|   SubbandBand0TopQ610_ap_int_const_ap_int_const_ap_int_const_ap_int_const_ap_i_1|         array|
|SubbandBand0TopQ610_ap_int_const_ap_int_const_ap_int_const_ap_int_const_ap_i_1_ce1        |  out|    1|   ap_memory|   SubbandBand0TopQ610_ap_int_const_ap_int_const_ap_int_const_ap_int_const_ap_i_1|         array|
|SubbandBand0TopQ610_ap_int_const_ap_int_const_ap_int_const_ap_int_const_ap_i_1_d1         |  out|  512|   ap_memory|   SubbandBand0TopQ610_ap_int_const_ap_int_const_ap_int_const_ap_int_const_ap_i_1|         array|
|SubbandBand0TopQ610_ap_int_const_ap_int_const_ap_int_const_ap_int_const_ap_i_1_q1         |   in|  512|   ap_memory|   SubbandBand0TopQ610_ap_int_const_ap_int_const_ap_int_const_ap_int_const_ap_i_1|         array|
|SubbandBand0TopQ610_ap_int_const_ap_int_const_ap_int_const_ap_int_const_ap_i_1_we1        |  out|   64|   ap_memory|   SubbandBand0TopQ610_ap_int_const_ap_int_const_ap_int_const_ap_int_const_ap_i_1|         array|
|SubbandBand0TopQ610_ap_int_const_ap_int_const_ap_int_const_ap_int_const_ap_i_3_address0   |  out|   10|   ap_memory|   SubbandBand0TopQ610_ap_int_const_ap_int_const_ap_int_const_ap_int_const_ap_i_3|         array|
|SubbandBand0TopQ610_ap_int_const_ap_int_const_ap_int_const_ap_int_const_ap_i_3_ce0        |  out|    1|   ap_memory|   SubbandBand0TopQ610_ap_int_const_ap_int_const_ap_int_const_ap_int_const_ap_i_3|         array|
|SubbandBand0TopQ610_ap_int_const_ap_int_const_ap_int_const_ap_int_const_ap_i_3_d0         |  out|  512|   ap_memory|   SubbandBand0TopQ610_ap_int_const_ap_int_const_ap_int_const_ap_int_const_ap_i_3|         array|
|SubbandBand0TopQ610_ap_int_const_ap_int_const_ap_int_const_ap_int_const_ap_i_3_q0         |   in|  512|   ap_memory|   SubbandBand0TopQ610_ap_int_const_ap_int_const_ap_int_const_ap_int_const_ap_i_3|         array|
|SubbandBand0TopQ610_ap_int_const_ap_int_const_ap_int_const_ap_int_const_ap_i_3_we0        |  out|   64|   ap_memory|   SubbandBand0TopQ610_ap_int_const_ap_int_const_ap_int_const_ap_int_const_ap_i_3|         array|
|SubbandBand0TopQ610_ap_int_const_ap_int_const_ap_int_const_ap_int_const_ap_i_3_address1   |  out|   10|   ap_memory|   SubbandBand0TopQ610_ap_int_const_ap_int_const_ap_int_const_ap_int_const_ap_i_3|         array|
|SubbandBand0TopQ610_ap_int_const_ap_int_const_ap_int_const_ap_int_const_ap_i_3_ce1        |  out|    1|   ap_memory|   SubbandBand0TopQ610_ap_int_const_ap_int_const_ap_int_const_ap_int_const_ap_i_3|         array|
|SubbandBand0TopQ610_ap_int_const_ap_int_const_ap_int_const_ap_int_const_ap_i_3_d1         |  out|  512|   ap_memory|   SubbandBand0TopQ610_ap_int_const_ap_int_const_ap_int_const_ap_int_const_ap_i_3|         array|
|SubbandBand0TopQ610_ap_int_const_ap_int_const_ap_int_const_ap_int_const_ap_i_3_q1         |   in|  512|   ap_memory|   SubbandBand0TopQ610_ap_int_const_ap_int_const_ap_int_const_ap_int_const_ap_i_3|         array|
|SubbandBand0TopQ610_ap_int_const_ap_int_const_ap_int_const_ap_int_const_ap_i_3_we1        |  out|   64|   ap_memory|   SubbandBand0TopQ610_ap_int_const_ap_int_const_ap_int_const_ap_int_const_ap_i_3|         array|
|SubbandBand0TopQ610_ap_int_const_ap_int_const_ap_int_const_ap_int_const_ap_i_10_address0  |  out|    8|   ap_memory|  SubbandBand0TopQ610_ap_int_const_ap_int_const_ap_int_const_ap_int_const_ap_i_10|         array|
|SubbandBand0TopQ610_ap_int_const_ap_int_const_ap_int_const_ap_int_const_ap_i_10_ce0       |  out|    1|   ap_memory|  SubbandBand0TopQ610_ap_int_const_ap_int_const_ap_int_const_ap_int_const_ap_i_10|         array|
|SubbandBand0TopQ610_ap_int_const_ap_int_const_ap_int_const_ap_int_const_ap_i_10_d0        |  out|   16|   ap_memory|  SubbandBand0TopQ610_ap_int_const_ap_int_const_ap_int_const_ap_int_const_ap_i_10|         array|
|SubbandBand0TopQ610_ap_int_const_ap_int_const_ap_int_const_ap_int_const_ap_i_10_q0        |   in|   16|   ap_memory|  SubbandBand0TopQ610_ap_int_const_ap_int_const_ap_int_const_ap_int_const_ap_i_10|         array|
|SubbandBand0TopQ610_ap_int_const_ap_int_const_ap_int_const_ap_int_const_ap_i_10_we0       |  out|    1|   ap_memory|  SubbandBand0TopQ610_ap_int_const_ap_int_const_ap_int_const_ap_int_const_ap_i_10|         array|
|SubbandBand0TopQ610_ap_int_const_ap_int_const_ap_int_const_ap_int_const_ap_i_10_address1  |  out|    8|   ap_memory|  SubbandBand0TopQ610_ap_int_const_ap_int_const_ap_int_const_ap_int_const_ap_i_10|         array|
|SubbandBand0TopQ610_ap_int_const_ap_int_const_ap_int_const_ap_int_const_ap_i_10_ce1       |  out|    1|   ap_memory|  SubbandBand0TopQ610_ap_int_const_ap_int_const_ap_int_const_ap_int_const_ap_i_10|         array|
|SubbandBand0TopQ610_ap_int_const_ap_int_const_ap_int_const_ap_int_const_ap_i_10_d1        |  out|   16|   ap_memory|  SubbandBand0TopQ610_ap_int_const_ap_int_const_ap_int_const_ap_int_const_ap_i_10|         array|
|SubbandBand0TopQ610_ap_int_const_ap_int_const_ap_int_const_ap_int_const_ap_i_10_q1        |   in|   16|   ap_memory|  SubbandBand0TopQ610_ap_int_const_ap_int_const_ap_int_const_ap_int_const_ap_i_10|         array|
|SubbandBand0TopQ610_ap_int_const_ap_int_const_ap_int_const_ap_int_const_ap_i_10_we1       |  out|    1|   ap_memory|  SubbandBand0TopQ610_ap_int_const_ap_int_const_ap_int_const_ap_int_const_ap_i_10|         array|
|SubbandBand0TopQ610_ap_int_const_ap_int_const_ap_int_const_ap_int_const_ap_i_9_address0   |  out|    8|   ap_memory|   SubbandBand0TopQ610_ap_int_const_ap_int_const_ap_int_const_ap_int_const_ap_i_9|         array|
|SubbandBand0TopQ610_ap_int_const_ap_int_const_ap_int_const_ap_int_const_ap_i_9_ce0        |  out|    1|   ap_memory|   SubbandBand0TopQ610_ap_int_const_ap_int_const_ap_int_const_ap_int_const_ap_i_9|         array|
|SubbandBand0TopQ610_ap_int_const_ap_int_const_ap_int_const_ap_int_const_ap_i_9_d0         |  out|   16|   ap_memory|   SubbandBand0TopQ610_ap_int_const_ap_int_const_ap_int_const_ap_int_const_ap_i_9|         array|
|SubbandBand0TopQ610_ap_int_const_ap_int_const_ap_int_const_ap_int_const_ap_i_9_q0         |   in|   16|   ap_memory|   SubbandBand0TopQ610_ap_int_const_ap_int_const_ap_int_const_ap_int_const_ap_i_9|         array|
|SubbandBand0TopQ610_ap_int_const_ap_int_const_ap_int_const_ap_int_const_ap_i_9_we0        |  out|    1|   ap_memory|   SubbandBand0TopQ610_ap_int_const_ap_int_const_ap_int_const_ap_int_const_ap_i_9|         array|
|SubbandBand0TopQ610_ap_int_const_ap_int_const_ap_int_const_ap_int_const_ap_i_9_address1   |  out|    8|   ap_memory|   SubbandBand0TopQ610_ap_int_const_ap_int_const_ap_int_const_ap_int_const_ap_i_9|         array|
|SubbandBand0TopQ610_ap_int_const_ap_int_const_ap_int_const_ap_int_const_ap_i_9_ce1        |  out|    1|   ap_memory|   SubbandBand0TopQ610_ap_int_const_ap_int_const_ap_int_const_ap_int_const_ap_i_9|         array|
|SubbandBand0TopQ610_ap_int_const_ap_int_const_ap_int_const_ap_int_const_ap_i_9_d1         |  out|   16|   ap_memory|   SubbandBand0TopQ610_ap_int_const_ap_int_const_ap_int_const_ap_int_const_ap_i_9|         array|
|SubbandBand0TopQ610_ap_int_const_ap_int_const_ap_int_const_ap_int_const_ap_i_9_q1         |   in|   16|   ap_memory|   SubbandBand0TopQ610_ap_int_const_ap_int_const_ap_int_const_ap_int_const_ap_i_9|         array|
|SubbandBand0TopQ610_ap_int_const_ap_int_const_ap_int_const_ap_int_const_ap_i_9_we1        |  out|    1|   ap_memory|   SubbandBand0TopQ610_ap_int_const_ap_int_const_ap_int_const_ap_int_const_ap_i_9|         array|
|SubbandBand0TopQ610_ap_int_const_ap_int_const_ap_int_const_ap_int_const_ap_i_6_address0   |  out|    7|   ap_memory|   SubbandBand0TopQ610_ap_int_const_ap_int_const_ap_int_const_ap_int_const_ap_i_6|         array|
|SubbandBand0TopQ610_ap_int_const_ap_int_const_ap_int_const_ap_int_const_ap_i_6_ce0        |  out|    1|   ap_memory|   SubbandBand0TopQ610_ap_int_const_ap_int_const_ap_int_const_ap_int_const_ap_i_6|         array|
|SubbandBand0TopQ610_ap_int_const_ap_int_const_ap_int_const_ap_int_const_ap_i_6_d0         |  out|   16|   ap_memory|   SubbandBand0TopQ610_ap_int_const_ap_int_const_ap_int_const_ap_int_const_ap_i_6|         array|
|SubbandBand0TopQ610_ap_int_const_ap_int_const_ap_int_const_ap_int_const_ap_i_6_q0         |   in|   16|   ap_memory|   SubbandBand0TopQ610_ap_int_const_ap_int_const_ap_int_const_ap_int_const_ap_i_6|         array|
|SubbandBand0TopQ610_ap_int_const_ap_int_const_ap_int_const_ap_int_const_ap_i_6_we0        |  out|    1|   ap_memory|   SubbandBand0TopQ610_ap_int_const_ap_int_const_ap_int_const_ap_int_const_ap_i_6|         array|
|SubbandBand0TopQ610_ap_int_const_ap_int_const_ap_int_const_ap_int_const_ap_i_6_address1   |  out|    7|   ap_memory|   SubbandBand0TopQ610_ap_int_const_ap_int_const_ap_int_const_ap_int_const_ap_i_6|         array|
|SubbandBand0TopQ610_ap_int_const_ap_int_const_ap_int_const_ap_int_const_ap_i_6_ce1        |  out|    1|   ap_memory|   SubbandBand0TopQ610_ap_int_const_ap_int_const_ap_int_const_ap_int_const_ap_i_6|         array|
|SubbandBand0TopQ610_ap_int_const_ap_int_const_ap_int_const_ap_int_const_ap_i_6_d1         |  out|   16|   ap_memory|   SubbandBand0TopQ610_ap_int_const_ap_int_const_ap_int_const_ap_int_const_ap_i_6|         array|
|SubbandBand0TopQ610_ap_int_const_ap_int_const_ap_int_const_ap_int_const_ap_i_6_q1         |   in|   16|   ap_memory|   SubbandBand0TopQ610_ap_int_const_ap_int_const_ap_int_const_ap_int_const_ap_i_6|         array|
|SubbandBand0TopQ610_ap_int_const_ap_int_const_ap_int_const_ap_int_const_ap_i_6_we1        |  out|    1|   ap_memory|   SubbandBand0TopQ610_ap_int_const_ap_int_const_ap_int_const_ap_int_const_ap_i_6|         array|
|SubbandBand0TopQ610_ap_int_const_ap_int_const_ap_int_const_ap_int_const_ap_i_5_address0   |  out|    7|   ap_memory|   SubbandBand0TopQ610_ap_int_const_ap_int_const_ap_int_const_ap_int_const_ap_i_5|         array|
|SubbandBand0TopQ610_ap_int_const_ap_int_const_ap_int_const_ap_int_const_ap_i_5_ce0        |  out|    1|   ap_memory|   SubbandBand0TopQ610_ap_int_const_ap_int_const_ap_int_const_ap_int_const_ap_i_5|         array|
|SubbandBand0TopQ610_ap_int_const_ap_int_const_ap_int_const_ap_int_const_ap_i_5_d0         |  out|   16|   ap_memory|   SubbandBand0TopQ610_ap_int_const_ap_int_const_ap_int_const_ap_int_const_ap_i_5|         array|
|SubbandBand0TopQ610_ap_int_const_ap_int_const_ap_int_const_ap_int_const_ap_i_5_q0         |   in|   16|   ap_memory|   SubbandBand0TopQ610_ap_int_const_ap_int_const_ap_int_const_ap_int_const_ap_i_5|         array|
|SubbandBand0TopQ610_ap_int_const_ap_int_const_ap_int_const_ap_int_const_ap_i_5_we0        |  out|    1|   ap_memory|   SubbandBand0TopQ610_ap_int_const_ap_int_const_ap_int_const_ap_int_const_ap_i_5|         array|
|SubbandBand0TopQ610_ap_int_const_ap_int_const_ap_int_const_ap_int_const_ap_i_5_address1   |  out|    7|   ap_memory|   SubbandBand0TopQ610_ap_int_const_ap_int_const_ap_int_const_ap_int_const_ap_i_5|         array|
|SubbandBand0TopQ610_ap_int_const_ap_int_const_ap_int_const_ap_int_const_ap_i_5_ce1        |  out|    1|   ap_memory|   SubbandBand0TopQ610_ap_int_const_ap_int_const_ap_int_const_ap_int_const_ap_i_5|         array|
|SubbandBand0TopQ610_ap_int_const_ap_int_const_ap_int_const_ap_int_const_ap_i_5_d1         |  out|   16|   ap_memory|   SubbandBand0TopQ610_ap_int_const_ap_int_const_ap_int_const_ap_int_const_ap_i_5|         array|
|SubbandBand0TopQ610_ap_int_const_ap_int_const_ap_int_const_ap_int_const_ap_i_5_q1         |   in|   16|   ap_memory|   SubbandBand0TopQ610_ap_int_const_ap_int_const_ap_int_const_ap_int_const_ap_i_5|         array|
|SubbandBand0TopQ610_ap_int_const_ap_int_const_ap_int_const_ap_int_const_ap_i_5_we1        |  out|    1|   ap_memory|   SubbandBand0TopQ610_ap_int_const_ap_int_const_ap_int_const_ap_int_const_ap_i_5|         array|
|SubbandBand0TopQ610_ap_int_const_ap_int_const_ap_int_const_ap_int_const_ap_i_8_address0   |  out|    7|   ap_memory|   SubbandBand0TopQ610_ap_int_const_ap_int_const_ap_int_const_ap_int_const_ap_i_8|         array|
|SubbandBand0TopQ610_ap_int_const_ap_int_const_ap_int_const_ap_int_const_ap_i_8_ce0        |  out|    1|   ap_memory|   SubbandBand0TopQ610_ap_int_const_ap_int_const_ap_int_const_ap_int_const_ap_i_8|         array|
|SubbandBand0TopQ610_ap_int_const_ap_int_const_ap_int_const_ap_int_const_ap_i_8_d0         |  out|   16|   ap_memory|   SubbandBand0TopQ610_ap_int_const_ap_int_const_ap_int_const_ap_int_const_ap_i_8|         array|
|SubbandBand0TopQ610_ap_int_const_ap_int_const_ap_int_const_ap_int_const_ap_i_8_q0         |   in|   16|   ap_memory|   SubbandBand0TopQ610_ap_int_const_ap_int_const_ap_int_const_ap_int_const_ap_i_8|         array|
|SubbandBand0TopQ610_ap_int_const_ap_int_const_ap_int_const_ap_int_const_ap_i_8_we0        |  out|    1|   ap_memory|   SubbandBand0TopQ610_ap_int_const_ap_int_const_ap_int_const_ap_int_const_ap_i_8|         array|
|SubbandBand0TopQ610_ap_int_const_ap_int_const_ap_int_const_ap_int_const_ap_i_8_address1   |  out|    7|   ap_memory|   SubbandBand0TopQ610_ap_int_const_ap_int_const_ap_int_const_ap_int_const_ap_i_8|         array|
|SubbandBand0TopQ610_ap_int_const_ap_int_const_ap_int_const_ap_int_const_ap_i_8_ce1        |  out|    1|   ap_memory|   SubbandBand0TopQ610_ap_int_const_ap_int_const_ap_int_const_ap_int_const_ap_i_8|         array|
|SubbandBand0TopQ610_ap_int_const_ap_int_const_ap_int_const_ap_int_const_ap_i_8_d1         |  out|   16|   ap_memory|   SubbandBand0TopQ610_ap_int_const_ap_int_const_ap_int_const_ap_int_const_ap_i_8|         array|
|SubbandBand0TopQ610_ap_int_const_ap_int_const_ap_int_const_ap_int_const_ap_i_8_q1         |   in|   16|   ap_memory|   SubbandBand0TopQ610_ap_int_const_ap_int_const_ap_int_const_ap_int_const_ap_i_8|         array|
|SubbandBand0TopQ610_ap_int_const_ap_int_const_ap_int_const_ap_int_const_ap_i_8_we1        |  out|    1|   ap_memory|   SubbandBand0TopQ610_ap_int_const_ap_int_const_ap_int_const_ap_int_const_ap_i_8|         array|
|SubbandBand0TopQ610_ap_int_const_ap_int_const_ap_int_const_ap_int_const_ap_i_7_address0   |  out|    7|   ap_memory|   SubbandBand0TopQ610_ap_int_const_ap_int_const_ap_int_const_ap_int_const_ap_i_7|         array|
|SubbandBand0TopQ610_ap_int_const_ap_int_const_ap_int_const_ap_int_const_ap_i_7_ce0        |  out|    1|   ap_memory|   SubbandBand0TopQ610_ap_int_const_ap_int_const_ap_int_const_ap_int_const_ap_i_7|         array|
|SubbandBand0TopQ610_ap_int_const_ap_int_const_ap_int_const_ap_int_const_ap_i_7_d0         |  out|   16|   ap_memory|   SubbandBand0TopQ610_ap_int_const_ap_int_const_ap_int_const_ap_int_const_ap_i_7|         array|
|SubbandBand0TopQ610_ap_int_const_ap_int_const_ap_int_const_ap_int_const_ap_i_7_q0         |   in|   16|   ap_memory|   SubbandBand0TopQ610_ap_int_const_ap_int_const_ap_int_const_ap_int_const_ap_i_7|         array|
|SubbandBand0TopQ610_ap_int_const_ap_int_const_ap_int_const_ap_int_const_ap_i_7_we0        |  out|    1|   ap_memory|   SubbandBand0TopQ610_ap_int_const_ap_int_const_ap_int_const_ap_int_const_ap_i_7|         array|
|SubbandBand0TopQ610_ap_int_const_ap_int_const_ap_int_const_ap_int_const_ap_i_7_address1   |  out|    7|   ap_memory|   SubbandBand0TopQ610_ap_int_const_ap_int_const_ap_int_const_ap_int_const_ap_i_7|         array|
|SubbandBand0TopQ610_ap_int_const_ap_int_const_ap_int_const_ap_int_const_ap_i_7_ce1        |  out|    1|   ap_memory|   SubbandBand0TopQ610_ap_int_const_ap_int_const_ap_int_const_ap_int_const_ap_i_7|         array|
|SubbandBand0TopQ610_ap_int_const_ap_int_const_ap_int_const_ap_int_const_ap_i_7_d1         |  out|   16|   ap_memory|   SubbandBand0TopQ610_ap_int_const_ap_int_const_ap_int_const_ap_int_const_ap_i_7|         array|
|SubbandBand0TopQ610_ap_int_const_ap_int_const_ap_int_const_ap_int_const_ap_i_7_q1         |   in|   16|   ap_memory|   SubbandBand0TopQ610_ap_int_const_ap_int_const_ap_int_const_ap_int_const_ap_i_7|         array|
|SubbandBand0TopQ610_ap_int_const_ap_int_const_ap_int_const_ap_int_const_ap_i_7_we1        |  out|    1|   ap_memory|   SubbandBand0TopQ610_ap_int_const_ap_int_const_ap_int_const_ap_int_const_ap_i_7|         array|
|proj_bias_local_address0                                                                  |  out|    6|   ap_memory|                                                                  proj_bias_local|         array|
|proj_bias_local_ce0                                                                       |  out|    1|   ap_memory|                                                                  proj_bias_local|         array|
|proj_bias_local_d0                                                                        |  out|   16|   ap_memory|                                                                  proj_bias_local|         array|
|proj_bias_local_q0                                                                        |   in|   16|   ap_memory|                                                                  proj_bias_local|         array|
|proj_bias_local_we0                                                                       |  out|    1|   ap_memory|                                                                  proj_bias_local|         array|
|proj_bias_local_address1                                                                  |  out|    6|   ap_memory|                                                                  proj_bias_local|         array|
|proj_bias_local_ce1                                                                       |  out|    1|   ap_memory|                                                                  proj_bias_local|         array|
|proj_bias_local_d1                                                                        |  out|   16|   ap_memory|                                                                  proj_bias_local|         array|
|proj_bias_local_q1                                                                        |   in|   16|   ap_memory|                                                                  proj_bias_local|         array|
|proj_bias_local_we1                                                                       |  out|    1|   ap_memory|                                                                  proj_bias_local|         array|
|SubbandBand0TopQ610_ap_int_const_ap_int_const_ap_int_const_ap_int_const_ap_i_address0     |  out|   12|   ap_memory|     SubbandBand0TopQ610_ap_int_const_ap_int_const_ap_int_const_ap_int_const_ap_i|         array|
|SubbandBand0TopQ610_ap_int_const_ap_int_const_ap_int_const_ap_int_const_ap_i_ce0          |  out|    1|   ap_memory|     SubbandBand0TopQ610_ap_int_const_ap_int_const_ap_int_const_ap_int_const_ap_i|         array|
|SubbandBand0TopQ610_ap_int_const_ap_int_const_ap_int_const_ap_int_const_ap_i_d0           |  out|   64|   ap_memory|     SubbandBand0TopQ610_ap_int_const_ap_int_const_ap_int_const_ap_int_const_ap_i|         array|
|SubbandBand0TopQ610_ap_int_const_ap_int_const_ap_int_const_ap_int_const_ap_i_q0           |   in|   64|   ap_memory|     SubbandBand0TopQ610_ap_int_const_ap_int_const_ap_int_const_ap_int_const_ap_i|         array|
|SubbandBand0TopQ610_ap_int_const_ap_int_const_ap_int_const_ap_int_const_ap_i_we0          |  out|    8|   ap_memory|     SubbandBand0TopQ610_ap_int_const_ap_int_const_ap_int_const_ap_int_const_ap_i|         array|
|SubbandBand0TopQ610_ap_int_const_ap_int_const_ap_int_const_ap_int_const_ap_i_address1     |  out|   12|   ap_memory|     SubbandBand0TopQ610_ap_int_const_ap_int_const_ap_int_const_ap_int_const_ap_i|         array|
|SubbandBand0TopQ610_ap_int_const_ap_int_const_ap_int_const_ap_int_const_ap_i_ce1          |  out|    1|   ap_memory|     SubbandBand0TopQ610_ap_int_const_ap_int_const_ap_int_const_ap_int_const_ap_i|         array|
|SubbandBand0TopQ610_ap_int_const_ap_int_const_ap_int_const_ap_int_const_ap_i_d1           |  out|   64|   ap_memory|     SubbandBand0TopQ610_ap_int_const_ap_int_const_ap_int_const_ap_int_const_ap_i|         array|
|SubbandBand0TopQ610_ap_int_const_ap_int_const_ap_int_const_ap_int_const_ap_i_q1           |   in|   64|   ap_memory|     SubbandBand0TopQ610_ap_int_const_ap_int_const_ap_int_const_ap_int_const_ap_i|         array|
|SubbandBand0TopQ610_ap_int_const_ap_int_const_ap_int_const_ap_int_const_ap_i_we1          |  out|    8|   ap_memory|     SubbandBand0TopQ610_ap_int_const_ap_int_const_ap_int_const_ap_int_const_ap_i|         array|
|ap_clk                                                                                    |   in|    1|  ap_ctrl_hs|                               (anonymous namespace)RunBand0OptimizedDataflowQ610|  return value|
|ap_rst                                                                                    |   in|    1|  ap_ctrl_hs|                               (anonymous namespace)RunBand0OptimizedDataflowQ610|  return value|
|ap_start                                                                                  |   in|    1|  ap_ctrl_hs|                               (anonymous namespace)RunBand0OptimizedDataflowQ610|  return value|
|ap_done                                                                                   |  out|    1|  ap_ctrl_hs|                               (anonymous namespace)RunBand0OptimizedDataflowQ610|  return value|
|ap_ready                                                                                  |  out|    1|  ap_ctrl_hs|                               (anonymous namespace)RunBand0OptimizedDataflowQ610|  return value|
|ap_idle                                                                                   |  out|    1|  ap_ctrl_hs|                               (anonymous namespace)RunBand0OptimizedDataflowQ610|  return value|
|ap_continue                                                                               |   in|    1|  ap_ctrl_hs|                               (anonymous namespace)RunBand0OptimizedDataflowQ610|  return value|
+------------------------------------------------------------------------------------------+-----+-----+------------+---------------------------------------------------------------------------------+--------------+

