

================================================================
== Vitis HLS Report for 'SubbandBand0TopQ610'
================================================================
* Date:           Wed May 13 19:59:01 2026

* Version:        2023.2 (Build 4023990 on Oct 11 2023)
* Project:        subband_q610_zybo_z7_20_hls
* Solution:       solution1 (Vivado IP Flow Target)
* Product family: zynq
* Target device:  xc7z020-clg400-1


================================================================
== Performance Estimates
================================================================
+ Timing: 
    * Summary: 
    +--------+----------+----------+------------+
    |  Clock |  Target  | Estimated| Uncertainty|
    +--------+----------+----------+------------+
    |ap_clk  |  10.00 ns|  8.733 ns|     2.70 ns|
    +--------+----------+----------+------------+

+ Latency: 
    * Summary: 
    +----------+----------+-----------+-----------+----------+----------+---------+
    |   Latency (cycles)  |   Latency (absolute)  |       Interval      | Pipeline|
    |    min   |    max   |    min    |    max    |    min   |    max   |   Type  |
    +----------+----------+-----------+-----------+----------+----------+---------+
    |  57279948|  57279948|  0.573 sec|  0.573 sec|  57279949|  57279949|       no|
    +----------+----------+-----------+-----------+----------+----------+---------+

    + Detail: 
        * Instance: 
        +------------------------------------------------------------+-------------------------------------------------+----------+----------+-----------+-----------+----------+----------+---------+
        |                                                            |                                                 |   Latency (cycles)  |   Latency (absolute)  |       Interval      | Pipeline|
        |                          Instance                          |                      Module                     |    min   |    max   |    min    |    max    |    min   |    max   |   Type  |
        +------------------------------------------------------------+-------------------------------------------------+----------+----------+-----------+-----------+----------+----------+---------+
        |grp_p_anonymous_namespace_LoadBand0Weights2DQ610_fu_278     |p_anonymous_namespace_LoadBand0Weights2DQ610     |    169999|    169999|   1.700 ms|   1.700 ms|    169999|    169999|       no|
        |grp_p_anonymous_namespace_RunBand0OptimizedCoreQ610_fu_340  |p_anonymous_namespace_RunBand0OptimizedCoreQ610  |  57109945|  57109945|  0.571 sec|  0.571 sec|  57109945|  57109945|       no|
        +------------------------------------------------------------+-------------------------------------------------+----------+----------+-----------+-----------+----------+----------+---------+

        * Loop: 
        N/A



================================================================
== Utilization Estimates
================================================================
* Summary: 
+-----------------+---------+-----+--------+-------+-----+
|       Name      | BRAM_18K| DSP |   FF   |  LUT  | URAM|
+-----------------+---------+-----+--------+-------+-----+
|DSP              |        -|    -|       -|      -|    -|
|Expression       |        -|    -|       -|      -|    -|
|FIFO             |        -|    -|       -|      -|    -|
|Instance         |       21|  219|   52428|  51193|    0|
|Memory           |      218|    -|      16|     10|    0|
|Multiplexer      |        -|    -|       -|    854|    -|
|Register         |        -|    -|     487|      -|    -|
+-----------------+---------+-----+--------+-------+-----+
|Total            |      239|  219|   52931|  52057|    0|
+-----------------+---------+-----+--------+-------+-----+
|Available        |      280|  220|  106400|  53200|    0|
+-----------------+---------+-----+--------+-------+-----+
|Utilization (%)  |       85|   99|      49|     97|    0|
+-----------------+---------+-----+--------+-------+-----+

+ Detail: 
    * Instance: 
    +------------------------------------------------------------+-------------------------------------------------+---------+-----+-------+-------+-----+
    |                          Instance                          |                      Module                     | BRAM_18K| DSP |   FF  |  LUT  | URAM|
    +------------------------------------------------------------+-------------------------------------------------+---------+-----+-------+-------+-----+
    |control_s_axi_U                                             |control_s_axi                                    |        0|    0|    606|   1000|    0|
    |gmem_in_m_axi_U                                             |gmem_in_m_axi                                    |        2|    0|    853|    837|    0|
    |gmem_out_m_axi_U                                            |gmem_out_m_axi                                   |        2|    0|    853|    837|    0|
    |grp_p_anonymous_namespace_LoadBand0Weights2DQ610_fu_278     |p_anonymous_namespace_LoadBand0Weights2DQ610     |        0|    0|    616|   6052|    0|
    |grp_p_anonymous_namespace_RunBand0OptimizedCoreQ610_fu_340  |p_anonymous_namespace_RunBand0OptimizedCoreQ610  |       15|  219|  48647|  41630|    0|
    |weights_m_axi_U                                             |weights_m_axi                                    |        2|    0|    853|    837|    0|
    +------------------------------------------------------------+-------------------------------------------------+---------+-----+-------+-------+-----+
    |Total                                                       |                                                 |       21|  219|  52428|  51193|    0|
    +------------------------------------------------------------+-------------------------------------------------+---------+-----+-------+-------+-----+

    * DSP: 
    N/A

    * Memory: 
    +-----------------------------------------------------------------------------------+----------------------------------------------------------------------------------+---------+----+----+-----+------+-----+------+-------------+
    |                                       Memory                                      |                                      Module                                      | BRAM_18K| FF | LUT| URAM| Words| Bits| Banks| W*Bits*Banks|
    +-----------------------------------------------------------------------------------+----------------------------------------------------------------------------------+---------+----+----+-----+------+-----+------+-------------+
    |SubbandBand0TopQ610_ap_int_const_ap_int_const_ap_int_const_ap_int_const_ap_i_U     |SubbandBand0TopQ610_ap_int_const_ap_int_const_ap_int_const_ap_int_const_ap_i_JfO  |       16|   0|   0|    0|  2240|   64|     1|       143360|
    |SubbandBand0TopQ610_ap_int_const_ap_int_const_ap_int_const_ap_int_const_ap_i_12_U  |SubbandBand0TopQ610_ap_int_const_ap_int_const_ap_int_const_ap_int_const_ap_i_pcA  |        8|   0|   0|    0|  1120|   64|     1|        71680|
    |SubbandBand0TopQ610_ap_int_const_ap_int_const_ap_int_const_ap_int_const_ap_i_11_U  |SubbandBand0TopQ610_ap_int_const_ap_int_const_ap_int_const_ap_int_const_ap_i_pcA  |        8|   0|   0|    0|  1120|   64|     1|        71680|
    |SubbandBand0TopQ610_ap_int_const_ap_int_const_ap_int_const_ap_int_const_ap_i_14_U  |SubbandBand0TopQ610_ap_int_const_ap_int_const_ap_int_const_ap_int_const_ap_i_rcU  |       29|   0|   0|    0|   784|  512|     1|       401408|
    |SubbandBand0TopQ610_ap_int_const_ap_int_const_ap_int_const_ap_int_const_ap_i_13_U  |SubbandBand0TopQ610_ap_int_const_ap_int_const_ap_int_const_ap_int_const_ap_i_rcU  |       29|   0|   0|    0|   784|  512|     1|       401408|
    |SubbandBand0TopQ610_ap_int_const_ap_int_const_ap_int_const_ap_int_const_ap_i_2_U   |SubbandBand0TopQ610_ap_int_const_ap_int_const_ap_int_const_ap_int_const_ap_i_rcU  |       29|   0|   0|    0|   784|  512|     1|       401408|
    |SubbandBand0TopQ610_ap_int_const_ap_int_const_ap_int_const_ap_int_const_ap_i_1_U   |SubbandBand0TopQ610_ap_int_const_ap_int_const_ap_int_const_ap_int_const_ap_i_rcU  |       29|   0|   0|    0|   784|  512|     1|       401408|
    |SubbandBand0TopQ610_ap_int_const_ap_int_const_ap_int_const_ap_int_const_ap_i_4_U   |SubbandBand0TopQ610_ap_int_const_ap_int_const_ap_int_const_ap_int_const_ap_i_rcU  |       29|   0|   0|    0|   784|  512|     1|       401408|
    |SubbandBand0TopQ610_ap_int_const_ap_int_const_ap_int_const_ap_int_const_ap_i_3_U   |SubbandBand0TopQ610_ap_int_const_ap_int_const_ap_int_const_ap_int_const_ap_i_rcU  |       29|   0|   0|    0|   784|  512|     1|       401408|
    |SubbandBand0TopQ610_ap_int_const_ap_int_const_ap_int_const_ap_int_const_ap_i_20_U  |SubbandBand0TopQ610_ap_int_const_ap_int_const_ap_int_const_ap_int_const_ap_i_tde  |        1|   0|   0|    0|   224|   16|     1|         3584|
    |SubbandBand0TopQ610_ap_int_const_ap_int_const_ap_int_const_ap_int_const_ap_i_19_U  |SubbandBand0TopQ610_ap_int_const_ap_int_const_ap_int_const_ap_int_const_ap_i_tde  |        1|   0|   0|    0|   224|   16|     1|         3584|
    |SubbandBand0TopQ610_ap_int_const_ap_int_const_ap_int_const_ap_int_const_ap_i_10_U  |SubbandBand0TopQ610_ap_int_const_ap_int_const_ap_int_const_ap_int_const_ap_i_tde  |        1|   0|   0|    0|   224|   16|     1|         3584|
    |SubbandBand0TopQ610_ap_int_const_ap_int_const_ap_int_const_ap_int_const_ap_i_9_U   |SubbandBand0TopQ610_ap_int_const_ap_int_const_ap_int_const_ap_int_const_ap_i_tde  |        1|   0|   0|    0|   224|   16|     1|         3584|
    |SubbandBand0TopQ610_ap_int_const_ap_int_const_ap_int_const_ap_int_const_ap_i_16_U  |SubbandBand0TopQ610_ap_int_const_ap_int_const_ap_int_const_ap_int_const_ap_i_vdy  |        1|   0|   0|    0|   112|   16|     1|         1792|
    |SubbandBand0TopQ610_ap_int_const_ap_int_const_ap_int_const_ap_int_const_ap_i_15_U  |SubbandBand0TopQ610_ap_int_const_ap_int_const_ap_int_const_ap_int_const_ap_i_vdy  |        1|   0|   0|    0|   112|   16|     1|         1792|
    |SubbandBand0TopQ610_ap_int_const_ap_int_const_ap_int_const_ap_int_const_ap_i_18_U  |SubbandBand0TopQ610_ap_int_const_ap_int_const_ap_int_const_ap_int_const_ap_i_vdy  |        1|   0|   0|    0|   112|   16|     1|         1792|
    |SubbandBand0TopQ610_ap_int_const_ap_int_const_ap_int_const_ap_int_const_ap_i_17_U  |SubbandBand0TopQ610_ap_int_const_ap_int_const_ap_int_const_ap_int_const_ap_i_vdy  |        1|   0|   0|    0|   112|   16|     1|         1792|
    |SubbandBand0TopQ610_ap_int_const_ap_int_const_ap_int_const_ap_int_const_ap_i_6_U   |SubbandBand0TopQ610_ap_int_const_ap_int_const_ap_int_const_ap_int_const_ap_i_vdy  |        1|   0|   0|    0|   112|   16|     1|         1792|
    |SubbandBand0TopQ610_ap_int_const_ap_int_const_ap_int_const_ap_int_const_ap_i_5_U   |SubbandBand0TopQ610_ap_int_const_ap_int_const_ap_int_const_ap_int_const_ap_i_vdy  |        1|   0|   0|    0|   112|   16|     1|         1792|
    |SubbandBand0TopQ610_ap_int_const_ap_int_const_ap_int_const_ap_int_const_ap_i_8_U   |SubbandBand0TopQ610_ap_int_const_ap_int_const_ap_int_const_ap_int_const_ap_i_vdy  |        1|   0|   0|    0|   112|   16|     1|         1792|
    |SubbandBand0TopQ610_ap_int_const_ap_int_const_ap_int_const_ap_int_const_ap_i_7_U   |SubbandBand0TopQ610_ap_int_const_ap_int_const_ap_int_const_ap_int_const_ap_i_vdy  |        1|   0|   0|    0|   112|   16|     1|         1792|
    |proj_bias_local_U                                                                  |proj_bias_local_RAM_AUTO_1R1W                                                     |        0|  16|  10|    0|    40|   16|     1|          640|
    +-----------------------------------------------------------------------------------+----------------------------------------------------------------------------------+---------+----+----+-----+------+-----+------+-------------+
    |Total                                                                              |                                                                                  |      218|  16|  10|    0| 11016| 3472|    22|      2724480|
    +-----------------------------------------------------------------------------------+----------------------------------------------------------------------------------+---------+----+----+-----+------+-----+------+-------------+

    * FIFO: 
    N/A

    * Expression: 
    N/A

    * Multiplexer: 
    +------------------------------------------------------------------------------------------+----+-----------+-----+-----------+
    |                                           Name                                           | LUT| Input Size| Bits| Total Bits|
    +------------------------------------------------------------------------------------------+----+-----------+-----+-----------+
    |SubbandBand0TopQ610_ap_int_const_ap_int_const_ap_int_const_ap_int_const_ap_i_10_address0  |  14|          3|    8|         24|
    |SubbandBand0TopQ610_ap_int_const_ap_int_const_ap_int_const_ap_int_const_ap_i_10_ce0       |  14|          3|    1|          3|
    |SubbandBand0TopQ610_ap_int_const_ap_int_const_ap_int_const_ap_int_const_ap_i_10_ce1       |   9|          2|    1|          2|
    |SubbandBand0TopQ610_ap_int_const_ap_int_const_ap_int_const_ap_int_const_ap_i_10_we0       |   9|          2|    1|          2|
    |SubbandBand0TopQ610_ap_int_const_ap_int_const_ap_int_const_ap_int_const_ap_i_11_ce0       |   9|          2|    1|          2|
    |SubbandBand0TopQ610_ap_int_const_ap_int_const_ap_int_const_ap_int_const_ap_i_11_ce1       |   9|          2|    1|          2|
    |SubbandBand0TopQ610_ap_int_const_ap_int_const_ap_int_const_ap_int_const_ap_i_11_we1       |   9|          2|    8|         16|
    |SubbandBand0TopQ610_ap_int_const_ap_int_const_ap_int_const_ap_int_const_ap_i_12_ce0       |   9|          2|    1|          2|
    |SubbandBand0TopQ610_ap_int_const_ap_int_const_ap_int_const_ap_int_const_ap_i_12_ce1       |   9|          2|    1|          2|
    |SubbandBand0TopQ610_ap_int_const_ap_int_const_ap_int_const_ap_int_const_ap_i_12_we1       |   9|          2|    8|         16|
    |SubbandBand0TopQ610_ap_int_const_ap_int_const_ap_int_const_ap_int_const_ap_i_13_ce0       |   9|          2|    1|          2|
    |SubbandBand0TopQ610_ap_int_const_ap_int_const_ap_int_const_ap_int_const_ap_i_13_ce1       |   9|          2|    1|          2|
    |SubbandBand0TopQ610_ap_int_const_ap_int_const_ap_int_const_ap_int_const_ap_i_13_we1       |   9|          2|   64|        128|
    |SubbandBand0TopQ610_ap_int_const_ap_int_const_ap_int_const_ap_int_const_ap_i_14_ce0       |   9|          2|    1|          2|
    |SubbandBand0TopQ610_ap_int_const_ap_int_const_ap_int_const_ap_int_const_ap_i_14_ce1       |   9|          2|    1|          2|
    |SubbandBand0TopQ610_ap_int_const_ap_int_const_ap_int_const_ap_int_const_ap_i_14_we1       |   9|          2|   64|        128|
    |SubbandBand0TopQ610_ap_int_const_ap_int_const_ap_int_const_ap_int_const_ap_i_15_address0  |  14|          3|    7|         21|
    |SubbandBand0TopQ610_ap_int_const_ap_int_const_ap_int_const_ap_int_const_ap_i_15_ce0       |  14|          3|    1|          3|
    |SubbandBand0TopQ610_ap_int_const_ap_int_const_ap_int_const_ap_int_const_ap_i_15_we0       |   9|          2|    1|          2|
    |SubbandBand0TopQ610_ap_int_const_ap_int_const_ap_int_const_ap_int_const_ap_i_16_address0  |  14|          3|    7|         21|
    |SubbandBand0TopQ610_ap_int_const_ap_int_const_ap_int_const_ap_int_const_ap_i_16_ce0       |  14|          3|    1|          3|
    |SubbandBand0TopQ610_ap_int_const_ap_int_const_ap_int_const_ap_int_const_ap_i_16_we0       |   9|          2|    1|          2|
    |SubbandBand0TopQ610_ap_int_const_ap_int_const_ap_int_const_ap_int_const_ap_i_17_address0  |  14|          3|    7|         21|
    |SubbandBand0TopQ610_ap_int_const_ap_int_const_ap_int_const_ap_int_const_ap_i_17_ce0       |  14|          3|    1|          3|
    |SubbandBand0TopQ610_ap_int_const_ap_int_const_ap_int_const_ap_int_const_ap_i_17_we0       |   9|          2|    1|          2|
    |SubbandBand0TopQ610_ap_int_const_ap_int_const_ap_int_const_ap_int_const_ap_i_18_address0  |  14|          3|    7|         21|
    |SubbandBand0TopQ610_ap_int_const_ap_int_const_ap_int_const_ap_int_const_ap_i_18_ce0       |  14|          3|    1|          3|
    |SubbandBand0TopQ610_ap_int_const_ap_int_const_ap_int_const_ap_int_const_ap_i_18_we0       |   9|          2|    1|          2|
    |SubbandBand0TopQ610_ap_int_const_ap_int_const_ap_int_const_ap_int_const_ap_i_19_address0  |  14|          3|    8|         24|
    |SubbandBand0TopQ610_ap_int_const_ap_int_const_ap_int_const_ap_int_const_ap_i_19_ce0       |  14|          3|    1|          3|
    |SubbandBand0TopQ610_ap_int_const_ap_int_const_ap_int_const_ap_int_const_ap_i_19_ce1       |   9|          2|    1|          2|
    |SubbandBand0TopQ610_ap_int_const_ap_int_const_ap_int_const_ap_int_const_ap_i_19_we0       |   9|          2|    1|          2|
    |SubbandBand0TopQ610_ap_int_const_ap_int_const_ap_int_const_ap_int_const_ap_i_1_ce0        |   9|          2|    1|          2|
    |SubbandBand0TopQ610_ap_int_const_ap_int_const_ap_int_const_ap_int_const_ap_i_1_ce1        |   9|          2|    1|          2|
    |SubbandBand0TopQ610_ap_int_const_ap_int_const_ap_int_const_ap_int_const_ap_i_1_we1        |   9|          2|   64|        128|
    |SubbandBand0TopQ610_ap_int_const_ap_int_const_ap_int_const_ap_int_const_ap_i_20_address0  |  14|          3|    8|         24|
    |SubbandBand0TopQ610_ap_int_const_ap_int_const_ap_int_const_ap_int_const_ap_i_20_ce0       |  14|          3|    1|          3|
    |SubbandBand0TopQ610_ap_int_const_ap_int_const_ap_int_const_ap_int_const_ap_i_20_ce1       |   9|          2|    1|          2|
    |SubbandBand0TopQ610_ap_int_const_ap_int_const_ap_int_const_ap_int_const_ap_i_20_we0       |   9|          2|    1|          2|
    |SubbandBand0TopQ610_ap_int_const_ap_int_const_ap_int_const_ap_int_const_ap_i_2_ce0        |   9|          2|    1|          2|
    |SubbandBand0TopQ610_ap_int_const_ap_int_const_ap_int_const_ap_int_const_ap_i_2_ce1        |   9|          2|    1|          2|
    |SubbandBand0TopQ610_ap_int_const_ap_int_const_ap_int_const_ap_int_const_ap_i_2_we1        |   9|          2|   64|        128|
    |SubbandBand0TopQ610_ap_int_const_ap_int_const_ap_int_const_ap_int_const_ap_i_3_ce0        |   9|          2|    1|          2|
    |SubbandBand0TopQ610_ap_int_const_ap_int_const_ap_int_const_ap_int_const_ap_i_3_ce1        |   9|          2|    1|          2|
    |SubbandBand0TopQ610_ap_int_const_ap_int_const_ap_int_const_ap_int_const_ap_i_3_we1        |   9|          2|   64|        128|
    |SubbandBand0TopQ610_ap_int_const_ap_int_const_ap_int_const_ap_int_const_ap_i_4_ce0        |   9|          2|    1|          2|
    |SubbandBand0TopQ610_ap_int_const_ap_int_const_ap_int_const_ap_int_const_ap_i_4_ce1        |   9|          2|    1|          2|
    |SubbandBand0TopQ610_ap_int_const_ap_int_const_ap_int_const_ap_int_const_ap_i_4_we1        |   9|          2|   64|        128|
    |SubbandBand0TopQ610_ap_int_const_ap_int_const_ap_int_const_ap_int_const_ap_i_5_address0   |  14|          3|    7|         21|
    |SubbandBand0TopQ610_ap_int_const_ap_int_const_ap_int_const_ap_int_const_ap_i_5_ce0        |  14|          3|    1|          3|
    |SubbandBand0TopQ610_ap_int_const_ap_int_const_ap_int_const_ap_int_const_ap_i_5_we0        |   9|          2|    1|          2|
    |SubbandBand0TopQ610_ap_int_const_ap_int_const_ap_int_const_ap_int_const_ap_i_6_address0   |  14|          3|    7|         21|
    |SubbandBand0TopQ610_ap_int_const_ap_int_const_ap_int_const_ap_int_const_ap_i_6_ce0        |  14|          3|    1|          3|
    |SubbandBand0TopQ610_ap_int_const_ap_int_const_ap_int_const_ap_int_const_ap_i_6_we0        |   9|          2|    1|          2|
    |SubbandBand0TopQ610_ap_int_const_ap_int_const_ap_int_const_ap_int_const_ap_i_7_address0   |  14|          3|    7|         21|
    |SubbandBand0TopQ610_ap_int_const_ap_int_const_ap_int_const_ap_int_const_ap_i_7_ce0        |  14|          3|    1|          3|
    |SubbandBand0TopQ610_ap_int_const_ap_int_const_ap_int_const_ap_int_const_ap_i_7_we0        |   9|          2|    1|          2|
    |SubbandBand0TopQ610_ap_int_const_ap_int_const_ap_int_const_ap_int_const_ap_i_8_address0   |  14|          3|    7|         21|
    |SubbandBand0TopQ610_ap_int_const_ap_int_const_ap_int_const_ap_int_const_ap_i_8_ce0        |  14|          3|    1|          3|
    |SubbandBand0TopQ610_ap_int_const_ap_int_const_ap_int_const_ap_int_const_ap_i_8_we0        |   9|          2|    1|          2|
    |SubbandBand0TopQ610_ap_int_const_ap_int_const_ap_int_const_ap_int_const_ap_i_9_address0   |  14|          3|    8|         24|
    |SubbandBand0TopQ610_ap_int_const_ap_int_const_ap_int_const_ap_int_const_ap_i_9_ce0        |  14|          3|    1|          3|
    |SubbandBand0TopQ610_ap_int_const_ap_int_const_ap_int_const_ap_int_const_ap_i_9_ce1        |   9|          2|    1|          2|
    |SubbandBand0TopQ610_ap_int_const_ap_int_const_ap_int_const_ap_int_const_ap_i_9_we0        |   9|          2|    1|          2|
    |SubbandBand0TopQ610_ap_int_const_ap_int_const_ap_int_const_ap_int_const_ap_i_ce0          |   9|          2|    1|          2|
    |SubbandBand0TopQ610_ap_int_const_ap_int_const_ap_int_const_ap_int_const_ap_i_ce1          |   9|          2|    1|          2|
    |SubbandBand0TopQ610_ap_int_const_ap_int_const_ap_int_const_ap_int_const_ap_i_we1          |   9|          2|    8|         16|
    |ap_NS_fsm                                                                                 |  31|          6|    1|          6|
    |gmem_in_ARVALID                                                                           |   9|          2|    1|          2|
    |gmem_in_RREADY                                                                            |   9|          2|    1|          2|
    |gmem_out_AWVALID                                                                          |   9|          2|    1|          2|
    |gmem_out_BREADY                                                                           |   9|          2|    1|          2|
    |gmem_out_WVALID                                                                           |   9|          2|    1|          2|
    |proj_bias_local_address0                                                                  |  14|          3|    6|         18|
    |proj_bias_local_ce0                                                                       |  14|          3|    1|          3|
    |proj_bias_local_we0                                                                       |   9|          2|    1|          2|
    |weights_ARVALID                                                                           |   9|          2|    1|          2|
    |weights_RREADY                                                                            |   9|          2|    1|          2|
    +------------------------------------------------------------------------------------------+----+-----------+-----+-----------+
    |Total                                                                                     | 854|        186|  558|       1227|
    +------------------------------------------------------------------------------------------+----+-----------+-----+-----------+

    * Register: 
    +-------------------------------------------------------------------------+----+----+-----+-----------+
    |                                   Name                                  | FF | LUT| Bits| Const Bits|
    +-------------------------------------------------------------------------+----+----+-----+-----------+
    |ap_CS_fsm                                                                |   5|   0|    5|          0|
    |df_coef_q610_read_reg_415                                                |  32|   0|   32|          0|
    |fb_output_q610_read_reg_480                                              |  32|   0|   32|          0|
    |grp_p_anonymous_namespace_LoadBand0Weights2DQ610_fu_278_ap_start_reg     |   1|   0|    1|          0|
    |grp_p_anonymous_namespace_RunBand0OptimizedCoreQ610_fu_340_ap_start_reg  |   1|   0|    1|          0|
    |layer0_bias_ih_q610_read_reg_465                                         |  32|   0|   32|          0|
    |layer0_bn_add_q610_read_reg_455                                          |  32|   0|   32|          0|
    |layer0_bn_mul_q610_read_reg_460                                          |  32|   0|   32|          0|
    |layer0_weight_hh_q610_read_reg_470                                       |  32|   0|   32|          0|
    |layer0_weight_ih_q610_read_reg_475                                       |  32|   0|   32|          0|
    |layer1_bias_ih_q610_read_reg_440                                         |  32|   0|   32|          0|
    |layer1_bn_add_q610_read_reg_430                                          |  32|   0|   32|          0|
    |layer1_bn_mul_q610_read_reg_435                                          |  32|   0|   32|          0|
    |layer1_weight_hh_q610_read_reg_445                                       |  32|   0|   32|          0|
    |layer1_weight_ih_q610_read_reg_450                                       |  32|   0|   32|          0|
    |noisy_input_q610_read_reg_485                                            |  32|   0|   32|          0|
    |proj_bias_q610_read_reg_420                                              |  32|   0|   32|          0|
    |proj_weight_q610_read_reg_425                                            |  32|   0|   32|          0|
    +-------------------------------------------------------------------------+----+----+-----+-----------+
    |Total                                                                    | 487|   0|  487|          0|
    +-------------------------------------------------------------------------+----+----+-----+-----------+



================================================================
== Interface
================================================================
* Summary: 
+-------------------------+-----+-----+------------+-----------------------------------+--------------+
|        RTL Ports        | Dir | Bits|  Protocol  |           Source Object           |    C Type    |
+-------------------------+-----+-----+------------+-----------------------------------+--------------+
|s_axi_control_AWVALID    |   in|    1|       s_axi|                            control|        scalar|
|s_axi_control_AWREADY    |  out|    1|       s_axi|                            control|        scalar|
|s_axi_control_AWADDR     |   in|    8|       s_axi|                            control|        scalar|
|s_axi_control_WVALID     |   in|    1|       s_axi|                            control|        scalar|
|s_axi_control_WREADY     |  out|    1|       s_axi|                            control|        scalar|
|s_axi_control_WDATA      |   in|   32|       s_axi|                            control|        scalar|
|s_axi_control_WSTRB      |   in|    4|       s_axi|                            control|        scalar|
|s_axi_control_ARVALID    |   in|    1|       s_axi|                            control|        scalar|
|s_axi_control_ARREADY    |  out|    1|       s_axi|                            control|        scalar|
|s_axi_control_ARADDR     |   in|    8|       s_axi|                            control|        scalar|
|s_axi_control_RVALID     |  out|    1|       s_axi|                            control|        scalar|
|s_axi_control_RREADY     |   in|    1|       s_axi|                            control|        scalar|
|s_axi_control_RDATA      |  out|   32|       s_axi|                            control|        scalar|
|s_axi_control_RRESP      |  out|    2|       s_axi|                            control|        scalar|
|s_axi_control_BVALID     |  out|    1|       s_axi|                            control|        scalar|
|s_axi_control_BREADY     |   in|    1|       s_axi|                            control|        scalar|
|s_axi_control_BRESP      |  out|    2|       s_axi|                            control|        scalar|
|ap_clk                   |   in|    1|  ap_ctrl_hs|  subband_q610::SubbandBand0TopQ610|  return value|
|ap_rst_n                 |   in|    1|  ap_ctrl_hs|  subband_q610::SubbandBand0TopQ610|  return value|
|interrupt                |  out|    1|  ap_ctrl_hs|  subband_q610::SubbandBand0TopQ610|  return value|
|m_axi_gmem_in_AWVALID    |  out|    1|       m_axi|                            gmem_in|       pointer|
|m_axi_gmem_in_AWREADY    |   in|    1|       m_axi|                            gmem_in|       pointer|
|m_axi_gmem_in_AWADDR     |  out|   32|       m_axi|                            gmem_in|       pointer|
|m_axi_gmem_in_AWID       |  out|    1|       m_axi|                            gmem_in|       pointer|
|m_axi_gmem_in_AWLEN      |  out|    8|       m_axi|                            gmem_in|       pointer|
|m_axi_gmem_in_AWSIZE     |  out|    3|       m_axi|                            gmem_in|       pointer|
|m_axi_gmem_in_AWBURST    |  out|    2|       m_axi|                            gmem_in|       pointer|
|m_axi_gmem_in_AWLOCK     |  out|    2|       m_axi|                            gmem_in|       pointer|
|m_axi_gmem_in_AWCACHE    |  out|    4|       m_axi|                            gmem_in|       pointer|
|m_axi_gmem_in_AWPROT     |  out|    3|       m_axi|                            gmem_in|       pointer|
|m_axi_gmem_in_AWQOS      |  out|    4|       m_axi|                            gmem_in|       pointer|
|m_axi_gmem_in_AWREGION   |  out|    4|       m_axi|                            gmem_in|       pointer|
|m_axi_gmem_in_AWUSER     |  out|    1|       m_axi|                            gmem_in|       pointer|
|m_axi_gmem_in_WVALID     |  out|    1|       m_axi|                            gmem_in|       pointer|
|m_axi_gmem_in_WREADY     |   in|    1|       m_axi|                            gmem_in|       pointer|
|m_axi_gmem_in_WDATA      |  out|   32|       m_axi|                            gmem_in|       pointer|
|m_axi_gmem_in_WSTRB      |  out|    4|       m_axi|                            gmem_in|       pointer|
|m_axi_gmem_in_WLAST      |  out|    1|       m_axi|                            gmem_in|       pointer|
|m_axi_gmem_in_WID        |  out|    1|       m_axi|                            gmem_in|       pointer|
|m_axi_gmem_in_WUSER      |  out|    1|       m_axi|                            gmem_in|       pointer|
|m_axi_gmem_in_ARVALID    |  out|    1|       m_axi|                            gmem_in|       pointer|
|m_axi_gmem_in_ARREADY    |   in|    1|       m_axi|                            gmem_in|       pointer|
|m_axi_gmem_in_ARADDR     |  out|   32|       m_axi|                            gmem_in|       pointer|
|m_axi_gmem_in_ARID       |  out|    1|       m_axi|                            gmem_in|       pointer|
|m_axi_gmem_in_ARLEN      |  out|    8|       m_axi|                            gmem_in|       pointer|
|m_axi_gmem_in_ARSIZE     |  out|    3|       m_axi|                            gmem_in|       pointer|
|m_axi_gmem_in_ARBURST    |  out|    2|       m_axi|                            gmem_in|       pointer|
|m_axi_gmem_in_ARLOCK     |  out|    2|       m_axi|                            gmem_in|       pointer|
|m_axi_gmem_in_ARCACHE    |  out|    4|       m_axi|                            gmem_in|       pointer|
|m_axi_gmem_in_ARPROT     |  out|    3|       m_axi|                            gmem_in|       pointer|
|m_axi_gmem_in_ARQOS      |  out|    4|       m_axi|                            gmem_in|       pointer|
|m_axi_gmem_in_ARREGION   |  out|    4|       m_axi|                            gmem_in|       pointer|
|m_axi_gmem_in_ARUSER     |  out|    1|       m_axi|                            gmem_in|       pointer|
|m_axi_gmem_in_RVALID     |   in|    1|       m_axi|                            gmem_in|       pointer|
|m_axi_gmem_in_RREADY     |  out|    1|       m_axi|                            gmem_in|       pointer|
|m_axi_gmem_in_RDATA      |   in|   32|       m_axi|                            gmem_in|       pointer|
|m_axi_gmem_in_RLAST      |   in|    1|       m_axi|                            gmem_in|       pointer|
|m_axi_gmem_in_RID        |   in|    1|       m_axi|                            gmem_in|       pointer|
|m_axi_gmem_in_RUSER      |   in|    1|       m_axi|                            gmem_in|       pointer|
|m_axi_gmem_in_RRESP      |   in|    2|       m_axi|                            gmem_in|       pointer|
|m_axi_gmem_in_BVALID     |   in|    1|       m_axi|                            gmem_in|       pointer|
|m_axi_gmem_in_BREADY     |  out|    1|       m_axi|                            gmem_in|       pointer|
|m_axi_gmem_in_BRESP      |   in|    2|       m_axi|                            gmem_in|       pointer|
|m_axi_gmem_in_BID        |   in|    1|       m_axi|                            gmem_in|       pointer|
|m_axi_gmem_in_BUSER      |   in|    1|       m_axi|                            gmem_in|       pointer|
|m_axi_weights_AWVALID    |  out|    1|       m_axi|                            weights|       pointer|
|m_axi_weights_AWREADY    |   in|    1|       m_axi|                            weights|       pointer|
|m_axi_weights_AWADDR     |  out|   32|       m_axi|                            weights|       pointer|
|m_axi_weights_AWID       |  out|    1|       m_axi|                            weights|       pointer|
|m_axi_weights_AWLEN      |  out|    8|       m_axi|                            weights|       pointer|
|m_axi_weights_AWSIZE     |  out|    3|       m_axi|                            weights|       pointer|
|m_axi_weights_AWBURST    |  out|    2|       m_axi|                            weights|       pointer|
|m_axi_weights_AWLOCK     |  out|    2|       m_axi|                            weights|       pointer|
|m_axi_weights_AWCACHE    |  out|    4|       m_axi|                            weights|       pointer|
|m_axi_weights_AWPROT     |  out|    3|       m_axi|                            weights|       pointer|
|m_axi_weights_AWQOS      |  out|    4|       m_axi|                            weights|       pointer|
|m_axi_weights_AWREGION   |  out|    4|       m_axi|                            weights|       pointer|
|m_axi_weights_AWUSER     |  out|    1|       m_axi|                            weights|       pointer|
|m_axi_weights_WVALID     |  out|    1|       m_axi|                            weights|       pointer|
|m_axi_weights_WREADY     |   in|    1|       m_axi|                            weights|       pointer|
|m_axi_weights_WDATA      |  out|   32|       m_axi|                            weights|       pointer|
|m_axi_weights_WSTRB      |  out|    4|       m_axi|                            weights|       pointer|
|m_axi_weights_WLAST      |  out|    1|       m_axi|                            weights|       pointer|
|m_axi_weights_WID        |  out|    1|       m_axi|                            weights|       pointer|
|m_axi_weights_WUSER      |  out|    1|       m_axi|                            weights|       pointer|
|m_axi_weights_ARVALID    |  out|    1|       m_axi|                            weights|       pointer|
|m_axi_weights_ARREADY    |   in|    1|       m_axi|                            weights|       pointer|
|m_axi_weights_ARADDR     |  out|   32|       m_axi|                            weights|       pointer|
|m_axi_weights_ARID       |  out|    1|       m_axi|                            weights|       pointer|
|m_axi_weights_ARLEN      |  out|    8|       m_axi|                            weights|       pointer|
|m_axi_weights_ARSIZE     |  out|    3|       m_axi|                            weights|       pointer|
|m_axi_weights_ARBURST    |  out|    2|       m_axi|                            weights|       pointer|
|m_axi_weights_ARLOCK     |  out|    2|       m_axi|                            weights|       pointer|
|m_axi_weights_ARCACHE    |  out|    4|       m_axi|                            weights|       pointer|
|m_axi_weights_ARPROT     |  out|    3|       m_axi|                            weights|       pointer|
|m_axi_weights_ARQOS      |  out|    4|       m_axi|                            weights|       pointer|
|m_axi_weights_ARREGION   |  out|    4|       m_axi|                            weights|       pointer|
|m_axi_weights_ARUSER     |  out|    1|       m_axi|                            weights|       pointer|
|m_axi_weights_RVALID     |   in|    1|       m_axi|                            weights|       pointer|
|m_axi_weights_RREADY     |  out|    1|       m_axi|                            weights|       pointer|
|m_axi_weights_RDATA      |   in|   32|       m_axi|                            weights|       pointer|
|m_axi_weights_RLAST      |   in|    1|       m_axi|                            weights|       pointer|
|m_axi_weights_RID        |   in|    1|       m_axi|                            weights|       pointer|
|m_axi_weights_RUSER      |   in|    1|       m_axi|                            weights|       pointer|
|m_axi_weights_RRESP      |   in|    2|       m_axi|                            weights|       pointer|
|m_axi_weights_BVALID     |   in|    1|       m_axi|                            weights|       pointer|
|m_axi_weights_BREADY     |  out|    1|       m_axi|                            weights|       pointer|
|m_axi_weights_BRESP      |   in|    2|       m_axi|                            weights|       pointer|
|m_axi_weights_BID        |   in|    1|       m_axi|                            weights|       pointer|
|m_axi_weights_BUSER      |   in|    1|       m_axi|                            weights|       pointer|
|m_axi_gmem_out_AWVALID   |  out|    1|       m_axi|                           gmem_out|       pointer|
|m_axi_gmem_out_AWREADY   |   in|    1|       m_axi|                           gmem_out|       pointer|
|m_axi_gmem_out_AWADDR    |  out|   32|       m_axi|                           gmem_out|       pointer|
|m_axi_gmem_out_AWID      |  out|    1|       m_axi|                           gmem_out|       pointer|
|m_axi_gmem_out_AWLEN     |  out|    8|       m_axi|                           gmem_out|       pointer|
|m_axi_gmem_out_AWSIZE    |  out|    3|       m_axi|                           gmem_out|       pointer|
|m_axi_gmem_out_AWBURST   |  out|    2|       m_axi|                           gmem_out|       pointer|
|m_axi_gmem_out_AWLOCK    |  out|    2|       m_axi|                           gmem_out|       pointer|
|m_axi_gmem_out_AWCACHE   |  out|    4|       m_axi|                           gmem_out|       pointer|
|m_axi_gmem_out_AWPROT    |  out|    3|       m_axi|                           gmem_out|       pointer|
|m_axi_gmem_out_AWQOS     |  out|    4|       m_axi|                           gmem_out|       pointer|
|m_axi_gmem_out_AWREGION  |  out|    4|       m_axi|                           gmem_out|       pointer|
|m_axi_gmem_out_AWUSER    |  out|    1|       m_axi|                           gmem_out|       pointer|
|m_axi_gmem_out_WVALID    |  out|    1|       m_axi|                           gmem_out|       pointer|
|m_axi_gmem_out_WREADY    |   in|    1|       m_axi|                           gmem_out|       pointer|
|m_axi_gmem_out_WDATA     |  out|   32|       m_axi|                           gmem_out|       pointer|
|m_axi_gmem_out_WSTRB     |  out|    4|       m_axi|                           gmem_out|       pointer|
|m_axi_gmem_out_WLAST     |  out|    1|       m_axi|                           gmem_out|       pointer|
|m_axi_gmem_out_WID       |  out|    1|       m_axi|                           gmem_out|       pointer|
|m_axi_gmem_out_WUSER     |  out|    1|       m_axi|                           gmem_out|       pointer|
|m_axi_gmem_out_ARVALID   |  out|    1|       m_axi|                           gmem_out|       pointer|
|m_axi_gmem_out_ARREADY   |   in|    1|       m_axi|                           gmem_out|       pointer|
|m_axi_gmem_out_ARADDR    |  out|   32|       m_axi|                           gmem_out|       pointer|
|m_axi_gmem_out_ARID      |  out|    1|       m_axi|                           gmem_out|       pointer|
|m_axi_gmem_out_ARLEN     |  out|    8|       m_axi|                           gmem_out|       pointer|
|m_axi_gmem_out_ARSIZE    |  out|    3|       m_axi|                           gmem_out|       pointer|
|m_axi_gmem_out_ARBURST   |  out|    2|       m_axi|                           gmem_out|       pointer|
|m_axi_gmem_out_ARLOCK    |  out|    2|       m_axi|                           gmem_out|       pointer|
|m_axi_gmem_out_ARCACHE   |  out|    4|       m_axi|                           gmem_out|       pointer|
|m_axi_gmem_out_ARPROT    |  out|    3|       m_axi|                           gmem_out|       pointer|
|m_axi_gmem_out_ARQOS     |  out|    4|       m_axi|                           gmem_out|       pointer|
|m_axi_gmem_out_ARREGION  |  out|    4|       m_axi|                           gmem_out|       pointer|
|m_axi_gmem_out_ARUSER    |  out|    1|       m_axi|                           gmem_out|       pointer|
|m_axi_gmem_out_RVALID    |   in|    1|       m_axi|                           gmem_out|       pointer|
|m_axi_gmem_out_RREADY    |  out|    1|       m_axi|                           gmem_out|       pointer|
|m_axi_gmem_out_RDATA     |   in|   32|       m_axi|                           gmem_out|       pointer|
|m_axi_gmem_out_RLAST     |   in|    1|       m_axi|                           gmem_out|       pointer|
|m_axi_gmem_out_RID       |   in|    1|       m_axi|                           gmem_out|       pointer|
|m_axi_gmem_out_RUSER     |   in|    1|       m_axi|                           gmem_out|       pointer|
|m_axi_gmem_out_RRESP     |   in|    2|       m_axi|                           gmem_out|       pointer|
|m_axi_gmem_out_BVALID    |   in|    1|       m_axi|                           gmem_out|       pointer|
|m_axi_gmem_out_BREADY    |  out|    1|       m_axi|                           gmem_out|       pointer|
|m_axi_gmem_out_BRESP     |   in|    2|       m_axi|                           gmem_out|       pointer|
|m_axi_gmem_out_BID       |   in|    1|       m_axi|                           gmem_out|       pointer|
|m_axi_gmem_out_BUSER     |   in|    1|       m_axi|                           gmem_out|       pointer|
+-------------------------+-----+-----+------------+-----------------------------------+--------------+

