

================================================================
== Vitis HLS Report for 'p_anonymous_namespace_LoadVectorQ610_224_Pipeline_VITIS_LOOP_1716_1'
================================================================
* Date:           Wed May 13 19:58:42 2026

* Version:        2023.2 (Build 4023990 on Oct 11 2023)
* Project:        subband_q610_zybo_z7_20_hls
* Solution:       solution1 (Vivado IP Flow Target)
* Product family: zynq
* Target device:  xc7z020-clg400-1


================================================================
== Performance Estimates
================================================================
+ Timing: 
    * Summary: 
    +--------+----------+----------+------------+
    |  Clock |  Target  | Estimated| Uncertainty|
    +--------+----------+----------+------------+
    |ap_clk  |  10.00 ns|  7.300 ns|     2.70 ns|
    +--------+----------+----------+------------+

+ Latency: 
    * Summary: 
    +---------+---------+----------+----------+-----+-----+---------+
    |  Latency (cycles) |  Latency (absolute) |  Interval | Pipeline|
    |   min   |   max   |    min   |    max   | min | max |   Type  |
    +---------+---------+----------+----------+-----+-----+---------+
    |      227|      227|  2.270 us|  2.270 us|  227|  227|       no|
    +---------+---------+----------+----------+-----+-----+---------+

    + Detail: 
        * Instance: 
        N/A

        * Loop: 
        +---------------------+---------+---------+----------+-----------+-----------+------+----------+
        |                     |  Latency (cycles) | Iteration|  Initiation Interval  | Trip |          |
        |      Loop Name      |   min   |   max   |  Latency |  achieved |   target  | Count| Pipelined|
        +---------------------+---------+---------+----------+-----------+-----------+------+----------+
        |- VITIS_LOOP_1716_1  |      225|      225|         3|          1|          1|   224|       yes|
        +---------------------+---------+---------+----------+-----------+-----------+------+----------+



================================================================
== Utilization Estimates
================================================================
* Summary: 
+-----------------+---------+-----+--------+-------+-----+
|       Name      | BRAM_18K| DSP |   FF   |  LUT  | URAM|
+-----------------+---------+-----+--------+-------+-----+
|DSP              |        -|    -|       -|      -|    -|
|Expression       |        -|    -|       0|     34|    -|
|FIFO             |        -|    -|       -|      -|    -|
|Instance         |        -|    -|       -|      -|    -|
|Memory           |        -|    -|       -|      -|    -|
|Multiplexer      |        -|    -|       -|     45|    -|
|Register         |        -|    -|      45|      -|    -|
+-----------------+---------+-----+--------+-------+-----+
|Total            |        0|    0|      45|     79|    0|
+-----------------+---------+-----+--------+-------+-----+
|Available        |      280|  220|  106400|  53200|    0|
+-----------------+---------+-----+--------+-------+-----+
|Utilization (%)  |        0|    0|      ~0|     ~0|    0|
+-----------------+---------+-----+--------+-------+-----+

+ Detail: 
    * Instance: 
    N/A

    * DSP: 
    N/A

    * Memory: 
    N/A

    * FIFO: 
    N/A

    * Expression: 
    +---------------------------+----------+----+---+----+------------+------------+
    |       Variable Name       | Operation| DSP| FF| LUT| Bitwidth P0| Bitwidth P1|
    +---------------------------+----------+----+---+----+------------+------------+
    |add_ln1716_fu_115_p2       |         +|   0|  0|  15|           8|           1|
    |ap_block_pp0_stage0_11001  |       and|   0|  0|   2|           1|           1|
    |icmp_ln1716_fu_109_p2      |      icmp|   0|  0|  15|           8|           7|
    |ap_enable_pp0              |       xor|   0|  0|   2|           1|           2|
    +---------------------------+----------+----+---+----+------------+------------+
    |Total                      |          |   0|  0|  34|          18|          11|
    +---------------------------+----------+----+---+----+------------+------------+

    * Multiplexer: 
    +---------------------------+----+-----------+-----+-----------+
    |            Name           | LUT| Input Size| Bits| Total Bits|
    +---------------------------+----+-----------+-----+-----------+
    |ap_done_int                |   9|          2|    1|          2|
    |ap_enable_reg_pp0_iter1    |   9|          2|    1|          2|
    |ap_sig_allocacmp_index_13  |   9|          2|    8|         16|
    |index_fu_56                |   9|          2|    8|         16|
    |weights_blk_n_R            |   9|          2|    1|          2|
    +---------------------------+----+-----------+-----+-----------+
    |Total                      |  45|         10|   19|         38|
    +---------------------------+----+-----------+-----+-----------+

    * Register: 
    +------------------------------------+----+----+-----+-----------+
    |                Name                | FF | LUT| Bits| Const Bits|
    +------------------------------------+----+----+-----+-----------+
    |ap_CS_fsm                           |   1|   0|    1|          0|
    |ap_done_reg                         |   1|   0|    1|          0|
    |ap_enable_reg_pp0_iter1             |   1|   0|    1|          0|
    |ap_enable_reg_pp0_iter2             |   1|   0|    1|          0|
    |ap_loop_exit_ready_pp0_iter1_reg    |   1|   0|    1|          0|
    |index_fu_56                         |   8|   0|    8|          0|
    |lshr_ln_reg_171                     |   7|   0|    7|          0|
    |lshr_ln_reg_171_pp0_iter1_reg       |   7|   0|    7|          0|
    |trunc_ln1716_reg_167                |   1|   0|    1|          0|
    |trunc_ln1716_reg_167_pp0_iter1_reg  |   1|   0|    1|          0|
    |weights_addr_read_reg_176           |  16|   0|   16|          0|
    +------------------------------------+----+----+-----+-----------+
    |Total                               |  45|   0|   45|          0|
    +------------------------------------+----+----+-----+-----------+



================================================================
== Interface
================================================================
* Summary: 
+------------------------+-----+-----+------------+---------------------------------------------------------------------+--------------+
|        RTL Ports       | Dir | Bits|  Protocol  |                            Source Object                            |    C Type    |
+------------------------+-----+-----+------------+---------------------------------------------------------------------+--------------+
|ap_clk                  |   in|    1|  ap_ctrl_hs|  (anonymous namespace)LoadVectorQ610<224>_Pipeline_VITIS_LOOP_1716_1|  return value|
|ap_rst                  |   in|    1|  ap_ctrl_hs|  (anonymous namespace)LoadVectorQ610<224>_Pipeline_VITIS_LOOP_1716_1|  return value|
|ap_start                |   in|    1|  ap_ctrl_hs|  (anonymous namespace)LoadVectorQ610<224>_Pipeline_VITIS_LOOP_1716_1|  return value|
|ap_done                 |  out|    1|  ap_ctrl_hs|  (anonymous namespace)LoadVectorQ610<224>_Pipeline_VITIS_LOOP_1716_1|  return value|
|ap_idle                 |  out|    1|  ap_ctrl_hs|  (anonymous namespace)LoadVectorQ610<224>_Pipeline_VITIS_LOOP_1716_1|  return value|
|ap_ready                |  out|    1|  ap_ctrl_hs|  (anonymous namespace)LoadVectorQ610<224>_Pipeline_VITIS_LOOP_1716_1|  return value|
|m_axi_weights_AWVALID   |  out|    1|       m_axi|                                                              weights|       pointer|
|m_axi_weights_AWREADY   |   in|    1|       m_axi|                                                              weights|       pointer|
|m_axi_weights_AWADDR    |  out|   32|       m_axi|                                                              weights|       pointer|
|m_axi_weights_AWID      |  out|    1|       m_axi|                                                              weights|       pointer|
|m_axi_weights_AWLEN     |  out|   32|       m_axi|                                                              weights|       pointer|
|m_axi_weights_AWSIZE    |  out|    3|       m_axi|                                                              weights|       pointer|
|m_axi_weights_AWBURST   |  out|    2|       m_axi|                                                              weights|       pointer|
|m_axi_weights_AWLOCK    |  out|    2|       m_axi|                                                              weights|       pointer|
|m_axi_weights_AWCACHE   |  out|    4|       m_axi|                                                              weights|       pointer|
|m_axi_weights_AWPROT    |  out|    3|       m_axi|                                                              weights|       pointer|
|m_axi_weights_AWQOS     |  out|    4|       m_axi|                                                              weights|       pointer|
|m_axi_weights_AWREGION  |  out|    4|       m_axi|                                                              weights|       pointer|
|m_axi_weights_AWUSER    |  out|    1|       m_axi|                                                              weights|       pointer|
|m_axi_weights_WVALID    |  out|    1|       m_axi|                                                              weights|       pointer|
|m_axi_weights_WREADY    |   in|    1|       m_axi|                                                              weights|       pointer|
|m_axi_weights_WDATA     |  out|   16|       m_axi|                                                              weights|       pointer|
|m_axi_weights_WSTRB     |  out|    2|       m_axi|                                                              weights|       pointer|
|m_axi_weights_WLAST     |  out|    1|       m_axi|                                                              weights|       pointer|
|m_axi_weights_WID       |  out|    1|       m_axi|                                                              weights|       pointer|
|m_axi_weights_WUSER     |  out|    1|       m_axi|                                                              weights|       pointer|
|m_axi_weights_ARVALID   |  out|    1|       m_axi|                                                              weights|       pointer|
|m_axi_weights_ARREADY   |   in|    1|       m_axi|                                                              weights|       pointer|
|m_axi_weights_ARADDR    |  out|   32|       m_axi|                                                              weights|       pointer|
|m_axi_weights_ARID      |  out|    1|       m_axi|                                                              weights|       pointer|
|m_axi_weights_ARLEN     |  out|   32|       m_axi|                                                              weights|       pointer|
|m_axi_weights_ARSIZE    |  out|    3|       m_axi|                                                              weights|       pointer|
|m_axi_weights_ARBURST   |  out|    2|       m_axi|                                                              weights|       pointer|
|m_axi_weights_ARLOCK    |  out|    2|       m_axi|                                                              weights|       pointer|
|m_axi_weights_ARCACHE   |  out|    4|       m_axi|                                                              weights|       pointer|
|m_axi_weights_ARPROT    |  out|    3|       m_axi|                                                              weights|       pointer|
|m_axi_weights_ARQOS     |  out|    4|       m_axi|                                                              weights|       pointer|
|m_axi_weights_ARREGION  |  out|    4|       m_axi|                                                              weights|       pointer|
|m_axi_weights_ARUSER    |  out|    1|       m_axi|                                                              weights|       pointer|
|m_axi_weights_RVALID    |   in|    1|       m_axi|                                                              weights|       pointer|
|m_axi_weights_RREADY    |  out|    1|       m_axi|                                                              weights|       pointer|
|m_axi_weights_RDATA     |   in|   16|       m_axi|                                                              weights|       pointer|
|m_axi_weights_RLAST     |   in|    1|       m_axi|                                                              weights|       pointer|
|m_axi_weights_RID       |   in|    1|       m_axi|                                                              weights|       pointer|
|m_axi_weights_RFIFONUM  |   in|    6|       m_axi|                                                              weights|       pointer|
|m_axi_weights_RUSER     |   in|    1|       m_axi|                                                              weights|       pointer|
|m_axi_weights_RRESP     |   in|    2|       m_axi|                                                              weights|       pointer|
|m_axi_weights_BVALID    |   in|    1|       m_axi|                                                              weights|       pointer|
|m_axi_weights_BREADY    |  out|    1|       m_axi|                                                              weights|       pointer|
|m_axi_weights_BRESP     |   in|    2|       m_axi|                                                              weights|       pointer|
|m_axi_weights_BID       |   in|    1|       m_axi|                                                              weights|       pointer|
|m_axi_weights_BUSER     |   in|    1|       m_axi|                                                              weights|       pointer|
|sext_ln1716             |   in|   31|     ap_none|                                                          sext_ln1716|        scalar|
|output_1_address0       |  out|    7|   ap_memory|                                                             output_1|         array|
|output_1_ce0            |  out|    1|   ap_memory|                                                             output_1|         array|
|output_1_we0            |  out|    1|   ap_memory|                                                             output_1|         array|
|output_1_d0             |  out|   16|   ap_memory|                                                             output_1|         array|
|output_0_address0       |  out|    7|   ap_memory|                                                             output_0|         array|
|output_0_ce0            |  out|    1|   ap_memory|                                                             output_0|         array|
|output_0_we0            |  out|    1|   ap_memory|                                                             output_0|         array|
|output_0_d0             |  out|   16|   ap_memory|                                                             output_0|         array|
+------------------------+-----+-----+------------+---------------------------------------------------------------------+--------------+

============================================================
+ Verbose Summary: Synthesis Manager
============================================================
InlineROM: 1
ExposeGlobal: 0
============================================================
+ Verbose Summary: CDFG Model
============================================================
IsTopModel: 0
ResetActiveHigh: 1
IsCombinational: 2
IsDatapathOnly: 2
HasWiredReturn: 1
HasMFsm: 2
HasVarLatency: 1
IsPipeline: 0
IsRtlPipelined: 0
IsInstanceOverlapped: 0
IsDontTouch: 0
HasImplIP: 0
IsGatedGlobalClock: 0

+ Individual pipeline summary: 
  * Pipeline-0: initiation interval (II) = 1, depth = 3


============================================================
+ Verbose Summary: Schedule
============================================================
* Number of FSM states : 3
* Pipeline : 1
  Pipeline-0 : II = 1, D = 3, States = { 1 2 3 }
* Dataflow Pipeline: 0

* FSM state transitions: 
1 --> 2 
2 --> 3 
3 --> 

* FSM state operations: 

State 1 <SV = 0> <Delay = 5.09>
ST_1 : Operation 6 [1/1] (0.00ns)   --->   "%index = alloca i32 1" [H:/subband_ref_q610_opt_stage4_latency_stepL2.cpp:1716]   --->   Operation 6 'alloca' 'index' <Predicate = true> <Delay = 0.00>
ST_1 : Operation 7 [1/1] (0.00ns)   --->   "%sext_ln1716_read = read i31 @_ssdm_op_Read.ap_auto.i31, i31 %sext_ln1716"   --->   Operation 7 'read' 'sext_ln1716_read' <Predicate = true> <Delay = 0.00>
ST_1 : Operation 8 [1/1] (0.00ns)   --->   "%sext_ln1716_cast = sext i31 %sext_ln1716_read"   --->   Operation 8 'sext' 'sext_ln1716_cast' <Predicate = true> <Delay = 0.00>
ST_1 : Operation 9 [1/1] (0.00ns)   --->   "%specstablecontent_ln0 = specstablecontent void @_ssdm_op_SpecStableContent, i16 %output_1, void "   --->   Operation 9 'specstablecontent' 'specstablecontent_ln0' <Predicate = true> <Delay = 0.00>
ST_1 : Operation 10 [1/1] (0.00ns)   --->   "%specstablecontent_ln0 = specstablecontent void @_ssdm_op_SpecStableContent, i16 %output_0, void "   --->   Operation 10 'specstablecontent' 'specstablecontent_ln0' <Predicate = true> <Delay = 0.00>
ST_1 : Operation 11 [1/1] (0.00ns)   --->   "%specinterface_ln0 = specinterface void @_ssdm_op_SpecInterface, i16 %weights, void @empty_173, i32 0, i32 0, void @empty_25, i32 0, i32 8512, void @empty_177, void @empty_176, void @empty_25, i32 1, i32 1, i32 16, i32 16, void @empty_25, void @empty_25, i32 4294967295, i32 0"   --->   Operation 11 'specinterface' 'specinterface_ln0' <Predicate = true> <Delay = 0.00>
ST_1 : Operation 12 [1/1] (1.58ns)   --->   "%store_ln1716 = store i8 0, i8 %index" [H:/subband_ref_q610_opt_stage4_latency_stepL2.cpp:1716]   --->   Operation 12 'store' 'store_ln1716' <Predicate = true> <Delay = 1.58>
ST_1 : Operation 13 [1/1] (0.00ns)   --->   "%br_ln0 = br void %for.inc"   --->   Operation 13 'br' 'br_ln0' <Predicate = true> <Delay = 0.00>
ST_1 : Operation 14 [1/1] (0.00ns)   --->   "%index_13 = load i8 %index" [H:/subband_ref_q610_opt_stage4_latency_stepL2.cpp:1716]   --->   Operation 14 'load' 'index_13' <Predicate = true> <Delay = 0.00>
ST_1 : Operation 15 [1/1] (1.91ns)   --->   "%icmp_ln1716 = icmp_eq  i8 %index_13, i8 224" [H:/subband_ref_q610_opt_stage4_latency_stepL2.cpp:1716]   --->   Operation 15 'icmp' 'icmp_ln1716' <Predicate = true> <Delay = 1.91> <CoreInst = "Cmp">   --->   Core 9 'Cmp' <Latency = 0> <II = 1> <Delay = 1.91> <FuncUnit> <Opcode : 'icmp'> <InPorts = 2> <OutPorts = 1>
ST_1 : Operation 16 [1/1] (1.91ns)   --->   "%add_ln1716 = add i8 %index_13, i8 1" [H:/subband_ref_q610_opt_stage4_latency_stepL2.cpp:1716]   --->   Operation 16 'add' 'add_ln1716' <Predicate = true> <Delay = 1.91> <CoreInst = "Adder">   --->   Core 1 'Adder' <Latency = 0> <II = 1> <Delay = 1.91> <FuncUnit> <Opcode : 'add' 'sub'> <InPorts = 2> <OutPorts = 1>
ST_1 : Operation 17 [1/1] (0.00ns)   --->   "%br_ln1716 = br i1 %icmp_ln1716, void %for.inc.split, void %for.end.exitStub" [H:/subband_ref_q610_opt_stage4_latency_stepL2.cpp:1716]   --->   Operation 17 'br' 'br_ln1716' <Predicate = true> <Delay = 0.00>
ST_1 : Operation 18 [1/1] (0.00ns)   --->   "%trunc_ln1716 = trunc i8 %index_13" [H:/subband_ref_q610_opt_stage4_latency_stepL2.cpp:1716]   --->   Operation 18 'trunc' 'trunc_ln1716' <Predicate = (!icmp_ln1716)> <Delay = 0.00>
ST_1 : Operation 19 [1/1] (0.00ns)   --->   "%lshr_ln = partselect i7 @_ssdm_op_PartSelect.i7.i8.i32.i32, i8 %index_13, i32 1, i32 7" [H:/subband_ref_q610_opt_stage4_latency_stepL2.cpp:1716]   --->   Operation 19 'partselect' 'lshr_ln' <Predicate = (!icmp_ln1716)> <Delay = 0.00>
ST_1 : Operation 20 [1/1] (0.00ns)   --->   "%br_ln1718 = br i1 %trunc_ln1716, void %arrayidx2.case.0, void %arrayidx2.case.1" [H:/subband_ref_q610_opt_stage4_latency_stepL2.cpp:1718]   --->   Operation 20 'br' 'br_ln1718' <Predicate = (!icmp_ln1716)> <Delay = 0.00>
ST_1 : Operation 21 [1/1] (1.58ns)   --->   "%store_ln1716 = store i8 %add_ln1716, i8 %index" [H:/subband_ref_q610_opt_stage4_latency_stepL2.cpp:1716]   --->   Operation 21 'store' 'store_ln1716' <Predicate = (!icmp_ln1716)> <Delay = 1.58>
ST_1 : Operation 22 [1/1] (0.00ns)   --->   "%br_ln1716 = br void %for.inc" [H:/subband_ref_q610_opt_stage4_latency_stepL2.cpp:1716]   --->   Operation 22 'br' 'br_ln1716' <Predicate = (!icmp_ln1716)> <Delay = 0.00>

State 2 <SV = 1> <Delay = 7.30>
ST_2 : Operation 23 [1/1] (0.00ns)   --->   "%weights_addr = getelementptr i16 %weights, i32 %sext_ln1716_cast" [H:/subband_ref_q610_opt_stage4_latency_stepL2.cpp:1716]   --->   Operation 23 'getelementptr' 'weights_addr' <Predicate = true> <Delay = 0.00>
ST_2 : Operation 24 [1/1] (7.30ns)   --->   "%weights_addr_read = read i16 @_ssdm_op_Read.m_axi.p1i16, i32 %weights_addr" [H:/subband_ref_q610_opt_stage4_latency_stepL2.cpp:1718]   --->   Operation 24 'read' 'weights_addr_read' <Predicate = true> <Delay = 7.30> <CoreInst = "m_axi">   --->   Core 113 'm_axi' <Latency = 0> <II = 1> <Delay = 1.00> <Adapter> <Opcode : 'read' 'write' 'readreq' 'writereq' 'writeresp'>
ST_2 : Operation 35 [1/1] (0.00ns)   --->   "%ret_ln0 = ret"   --->   Operation 35 'ret' 'ret_ln0' <Predicate = (icmp_ln1716)> <Delay = 0.00>

State 3 <SV = 2> <Delay = 3.25>
ST_3 : Operation 25 [1/1] (0.00ns)   --->   "%specpipeline_ln1717 = specpipeline void @_ssdm_op_SpecPipeline, i32 1, i32 0, i32 0, i32 0, void @empty_25" [H:/subband_ref_q610_opt_stage4_latency_stepL2.cpp:1717]   --->   Operation 25 'specpipeline' 'specpipeline_ln1717' <Predicate = true> <Delay = 0.00>
ST_3 : Operation 26 [1/1] (0.00ns)   --->   "%speclooptripcount_ln1716 = speclooptripcount void @_ssdm_op_SpecLoopTripCount, i64 224, i64 224, i64 224" [H:/subband_ref_q610_opt_stage4_latency_stepL2.cpp:1716]   --->   Operation 26 'speclooptripcount' 'speclooptripcount_ln1716' <Predicate = true> <Delay = 0.00>
ST_3 : Operation 27 [1/1] (0.00ns)   --->   "%specloopname_ln1716 = specloopname void @_ssdm_op_SpecLoopName, void @empty_207" [H:/subband_ref_q610_opt_stage4_latency_stepL2.cpp:1716]   --->   Operation 27 'specloopname' 'specloopname_ln1716' <Predicate = true> <Delay = 0.00>
ST_3 : Operation 28 [1/1] (0.00ns)   --->   "%zext_ln1718 = zext i7 %lshr_ln" [H:/subband_ref_q610_opt_stage4_latency_stepL2.cpp:1718]   --->   Operation 28 'zext' 'zext_ln1718' <Predicate = true> <Delay = 0.00>
ST_3 : Operation 29 [1/1] (0.00ns)   --->   "%output_0_addr = getelementptr i16 %output_0, i32 0, i32 %zext_ln1718" [H:/subband_ref_q610_opt_stage4_latency_stepL2.cpp:1718]   --->   Operation 29 'getelementptr' 'output_0_addr' <Predicate = true> <Delay = 0.00>
ST_3 : Operation 30 [1/1] (0.00ns)   --->   "%output_1_addr = getelementptr i16 %output_1, i32 0, i32 %zext_ln1718" [H:/subband_ref_q610_opt_stage4_latency_stepL2.cpp:1718]   --->   Operation 30 'getelementptr' 'output_1_addr' <Predicate = true> <Delay = 0.00>
ST_3 : Operation 31 [1/1] (3.25ns)   --->   "%store_ln1718 = store i16 %weights_addr_read, i7 %output_0_addr" [H:/subband_ref_q610_opt_stage4_latency_stepL2.cpp:1718]   --->   Operation 31 'store' 'store_ln1718' <Predicate = (!trunc_ln1716)> <Delay = 3.25> <CoreInst = "RAM">   --->   Core 82 'RAM' <Latency = 1> <II = 1> <Delay = 3.25> <Storage> <Opcode : 'load' 'store'> <Ports = 2> <Width = 16> <Depth = 112> <RAM>
ST_3 : Operation 32 [1/1] (0.00ns)   --->   "%br_ln1718 = br void %arrayidx2.exit" [H:/subband_ref_q610_opt_stage4_latency_stepL2.cpp:1718]   --->   Operation 32 'br' 'br_ln1718' <Predicate = (!trunc_ln1716)> <Delay = 0.00>
ST_3 : Operation 33 [1/1] (3.25ns)   --->   "%store_ln1718 = store i16 %weights_addr_read, i7 %output_1_addr" [H:/subband_ref_q610_opt_stage4_latency_stepL2.cpp:1718]   --->   Operation 33 'store' 'store_ln1718' <Predicate = (trunc_ln1716)> <Delay = 3.25> <CoreInst = "RAM">   --->   Core 82 'RAM' <Latency = 1> <II = 1> <Delay = 3.25> <Storage> <Opcode : 'load' 'store'> <Ports = 2> <Width = 16> <Depth = 112> <RAM>
ST_3 : Operation 34 [1/1] (0.00ns)   --->   "%br_ln1718 = br void %arrayidx2.exit" [H:/subband_ref_q610_opt_stage4_latency_stepL2.cpp:1718]   --->   Operation 34 'br' 'br_ln1718' <Predicate = (trunc_ln1716)> <Delay = 0.00>


============================================================
+ Verbose Summary: Binding
============================================================
STG Binding: 
---------------- STG Properties BEGIN ----------------
- Is combinational: 0
- Is one-state seq: 0
- Is datapath-only: 0
- Is pipelined: 0
- Is top level: 0
Port [ Return ] is wired: 1; IO mode=ap_ctrl_hs:ce=0
Port [ weights]:  wired=1; compound=1; hidden=0; nouse=0; global=0; static=0; extern=0; dir=0; type=4; pingpong=0; private_global=0; IO mode=m_axi:ce=0
Port [ sext_ln1716]:  wired=1; compound=0; hidden=0; nouse=0; global=0; static=0; extern=0; dir=0; type=0; pingpong=0; private_global=0; IO mode=ap_none:ce=0
Port [ output_1]:  wired=1; compound=1; hidden=0; nouse=0; global=0; static=0; extern=0; dir=1; type=1; pingpong=0; private_global=0; MemPort=[03]; IO mode=ap_memory:ce=0
Port [ output_0]:  wired=1; compound=1; hidden=0; nouse=0; global=0; static=0; extern=0; dir=1; type=1; pingpong=0; private_global=0; MemPort=[03]; IO mode=ap_memory:ce=0
---------------- STG Properties END ------------------

---------------- Datapath Model BEGIN ----------------

<LifeTime>
<method=bitvector/>
index                    (alloca           ) [ 0100]
sext_ln1716_read         (read             ) [ 0000]
sext_ln1716_cast         (sext             ) [ 0110]
specstablecontent_ln0    (specstablecontent) [ 0000]
specstablecontent_ln0    (specstablecontent) [ 0000]
specinterface_ln0        (specinterface    ) [ 0000]
store_ln1716             (store            ) [ 0000]
br_ln0                   (br               ) [ 0000]
index_13                 (load             ) [ 0000]
icmp_ln1716              (icmp             ) [ 0110]
add_ln1716               (add              ) [ 0000]
br_ln1716                (br               ) [ 0000]
trunc_ln1716             (trunc            ) [ 0111]
lshr_ln                  (partselect       ) [ 0111]
br_ln1718                (br               ) [ 0000]
store_ln1716             (store            ) [ 0000]
br_ln1716                (br               ) [ 0000]
weights_addr             (getelementptr    ) [ 0000]
weights_addr_read        (read             ) [ 0101]
specpipeline_ln1717      (specpipeline     ) [ 0000]
speclooptripcount_ln1716 (speclooptripcount) [ 0000]
specloopname_ln1716      (specloopname     ) [ 0000]
zext_ln1718              (zext             ) [ 0000]
output_0_addr            (getelementptr    ) [ 0000]
output_1_addr            (getelementptr    ) [ 0000]
store_ln1718             (store            ) [ 0000]
br_ln1718                (br               ) [ 0000]
store_ln1718             (store            ) [ 0000]
br_ln1718                (br               ) [ 0000]
ret_ln0                  (ret              ) [ 0000]
</LifeTime>

<model>

<comp_list>
<comp id="0" class="1000" name="weights">
<pin_list>
<pin id="1" dir="1" index="0" bw="1" slack="0"/>
</pin_list>
<bind>
<StgValue><ssdm name="weights"/></StgValue>
</bind>
</comp>

<comp id="2" class="1000" name="sext_ln1716">
<pin_list>
<pin id="3" dir="1" index="0" bw="1" slack="0"/>
</pin_list>
<bind>
<StgValue><ssdm name="sext_ln1716"/></StgValue>
</bind>
</comp>

<comp id="4" class="1000" name="output_1">
<pin_list>
<pin id="5" dir="1" index="0" bw="1" slack="0"/>
</pin_list>
<bind>
<StgValue><ssdm name="output_1"/><MemPortTyVec>0 3 </MemPortTyVec>
</StgValue>
</bind>
</comp>

<comp id="6" class="1000" name="output_0">
<pin_list>
<pin id="7" dir="1" index="0" bw="1" slack="0"/>
</pin_list>
<bind>
<StgValue><ssdm name="output_0"/><MemPortTyVec>0 3 </MemPortTyVec>
</StgValue>
</bind>
</comp>

<comp id="8" class="1001" name="const_8">
<pin_list>
<pin id="9" dir="1" index="0" bw="1" slack="0"/>
</pin_list>
<bind>
<StgValue><ssdm name=""/></StgValue>
</bind>
</comp>

<comp id="10" class="1001" name="const_10">
<pin_list>
<pin id="11" dir="1" index="0" bw="1" slack="0"/>
</pin_list>
<bind>
<StgValue><ssdm name="_ssdm_op_Read.ap_auto.i31"/></StgValue>
</bind>
</comp>

<comp id="12" class="1001" name="const_12">
<pin_list>
<pin id="13" dir="1" index="0" bw="1" slack="2147483647"/>
</pin_list>
<bind>
<StgValue><ssdm name="_ssdm_op_SpecStableContent"/></StgValue>
</bind>
</comp>

<comp id="14" class="1001" name="const_14">
<pin_list>
<pin id="15" dir="1" index="0" bw="1" slack="2147483647"/>
</pin_list>
<bind>
<StgValue><ssdm name=""/></StgValue>
</bind>
</comp>

<comp id="16" class="1001" name="const_16">
<pin_list>
<pin id="17" dir="1" index="0" bw="1" slack="2147483647"/>
</pin_list>
<bind>
<StgValue><ssdm name="_ssdm_op_SpecInterface"/></StgValue>
</bind>
</comp>

<comp id="18" class="1001" name="const_18">
<pin_list>
<pin id="19" dir="1" index="0" bw="1" slack="2147483647"/>
</pin_list>
<bind>
<StgValue><ssdm name="empty_173"/></StgValue>
</bind>
</comp>

<comp id="20" class="1001" name="const_20">
<pin_list>
<pin id="21" dir="1" index="0" bw="1" slack="0"/>
</pin_list>
<bind>
<StgValue><ssdm name=""/></StgValue>
</bind>
</comp>

<comp id="22" class="1001" name="const_22">
<pin_list>
<pin id="23" dir="1" index="0" bw="1" slack="2147483647"/>
</pin_list>
<bind>
<StgValue><ssdm name="empty_25"/></StgValue>
</bind>
</comp>

<comp id="24" class="1001" name="const_24">
<pin_list>
<pin id="25" dir="1" index="0" bw="1" slack="2147483647"/>
</pin_list>
<bind>
<StgValue><ssdm name=""/></StgValue>
</bind>
</comp>

<comp id="26" class="1001" name="const_26">
<pin_list>
<pin id="27" dir="1" index="0" bw="1" slack="2147483647"/>
</pin_list>
<bind>
<StgValue><ssdm name="empty_177"/></StgValue>
</bind>
</comp>

<comp id="28" class="1001" name="const_28">
<pin_list>
<pin id="29" dir="1" index="0" bw="1" slack="2147483647"/>
</pin_list>
<bind>
<StgValue><ssdm name="empty_176"/></StgValue>
</bind>
</comp>

<comp id="30" class="1001" name="const_30">
<pin_list>
<pin id="31" dir="1" index="0" bw="1" slack="2147483647"/>
</pin_list>
<bind>
<StgValue><ssdm name=""/></StgValue>
</bind>
</comp>

<comp id="32" class="1001" name="const_32">
<pin_list>
<pin id="33" dir="1" index="0" bw="1" slack="2147483647"/>
</pin_list>
<bind>
<StgValue><ssdm name=""/></StgValue>
</bind>
</comp>

<comp id="34" class="1001" name="const_34">
<pin_list>
<pin id="35" dir="1" index="0" bw="1" slack="0"/>
</pin_list>
<bind>
<StgValue><ssdm name=""/></StgValue>
</bind>
</comp>

<comp id="36" class="1001" name="const_36">
<pin_list>
<pin id="37" dir="1" index="0" bw="1" slack="0"/>
</pin_list>
<bind>
<StgValue><ssdm name=""/></StgValue>
</bind>
</comp>

<comp id="38" class="1001" name="const_38">
<pin_list>
<pin id="39" dir="1" index="0" bw="1" slack="0"/>
</pin_list>
<bind>
<StgValue><ssdm name=""/></StgValue>
</bind>
</comp>

<comp id="40" class="1001" name="const_40">
<pin_list>
<pin id="41" dir="1" index="0" bw="1" slack="0"/>
</pin_list>
<bind>
<StgValue><ssdm name="_ssdm_op_PartSelect.i7.i8.i32.i32"/></StgValue>
</bind>
</comp>

<comp id="42" class="1001" name="const_42">
<pin_list>
<pin id="43" dir="1" index="0" bw="1" slack="0"/>
</pin_list>
<bind>
<StgValue><ssdm name=""/></StgValue>
</bind>
</comp>

<comp id="44" class="1001" name="const_44">
<pin_list>
<pin id="45" dir="1" index="0" bw="1" slack="0"/>
</pin_list>
<bind>
<StgValue><ssdm name="_ssdm_op_Read.m_axi.p1i16"/></StgValue>
</bind>
</comp>

<comp id="46" class="1001" name="const_46">
<pin_list>
<pin id="47" dir="1" index="0" bw="1" slack="2147483647"/>
</pin_list>
<bind>
<StgValue><ssdm name="_ssdm_op_SpecPipeline"/></StgValue>
</bind>
</comp>

<comp id="48" class="1001" name="const_48">
<pin_list>
<pin id="49" dir="1" index="0" bw="1" slack="2147483647"/>
</pin_list>
<bind>
<StgValue><ssdm name="_ssdm_op_SpecLoopTripCount"/></StgValue>
</bind>
</comp>

<comp id="50" class="1001" name="const_50">
<pin_list>
<pin id="51" dir="1" index="0" bw="1" slack="2147483647"/>
</pin_list>
<bind>
<StgValue><ssdm name=""/></StgValue>
</bind>
</comp>

<comp id="52" class="1001" name="const_52">
<pin_list>
<pin id="53" dir="1" index="0" bw="1" slack="2147483647"/>
</pin_list>
<bind>
<StgValue><ssdm name="_ssdm_op_SpecLoopName"/></StgValue>
</bind>
</comp>

<comp id="54" class="1001" name="const_54">
<pin_list>
<pin id="55" dir="1" index="0" bw="1" slack="2147483647"/>
</pin_list>
<bind>
<StgValue><ssdm name="empty_207"/></StgValue>
</bind>
</comp>

<comp id="56" class="1004" name="index_fu_56">
<pin_list>
<pin id="57" dir="0" index="0" bw="1" slack="0"/>
<pin id="58" dir="1" index="1" bw="8" slack="0"/>
</pin_list>
<bind>
<opcode="alloca(26) " fcode="alloca"/>
<opset="index/1 "/>
</bind>
</comp>

<comp id="60" class="1004" name="sext_ln1716_read_read_fu_60">
<pin_list>
<pin id="61" dir="0" index="0" bw="31" slack="0"/>
<pin id="62" dir="0" index="1" bw="31" slack="0"/>
<pin id="63" dir="1" index="2" bw="31" slack="0"/>
</pin_list>
<bind>
<opcode="read(1150) " fcode="read"/>
<opset="sext_ln1716_read/1 "/>
</bind>
</comp>

<comp id="66" class="1004" name="weights_addr_read_read_fu_66">
<pin_list>
<pin id="67" dir="0" index="0" bw="16" slack="0"/>
<pin id="68" dir="0" index="1" bw="16" slack="0"/>
<pin id="69" dir="1" index="2" bw="16" slack="1"/>
</pin_list>
<bind>
<opcode="read(1150) " fcode="read"/>
<opset="weights_addr_read/2 "/>
</bind>
</comp>

<comp id="71" class="1004" name="output_0_addr_gep_fu_71">
<pin_list>
<pin id="72" dir="0" index="0" bw="16" slack="0"/>
<pin id="73" dir="0" index="1" bw="1" slack="0"/>
<pin id="74" dir="0" index="2" bw="7" slack="0"/>
<pin id="75" dir="1" index="3" bw="7" slack="0"/>
</pin_list>
<bind>
<opcode="getelementptr(29) " fcode="getelementptr"/>
<opset="output_0_addr/3 "/>
</bind>
</comp>

<comp id="78" class="1004" name="output_1_addr_gep_fu_78">
<pin_list>
<pin id="79" dir="0" index="0" bw="16" slack="0"/>
<pin id="80" dir="0" index="1" bw="1" slack="0"/>
<pin id="81" dir="0" index="2" bw="7" slack="0"/>
<pin id="82" dir="1" index="3" bw="7" slack="0"/>
</pin_list>
<bind>
<opcode="getelementptr(29) " fcode="getelementptr"/>
<opset="output_1_addr/3 "/>
</bind>
</comp>

<comp id="85" class="1004" name="store_ln1718_access_fu_85">
<pin_list>
<pin id="86" dir="0" index="0" bw="7" slack="0"/>
<pin id="87" dir="0" index="1" bw="16" slack="1"/>
<pin id="88" dir="0" index="2" bw="0" slack="2147483647"/>
<pin id="89" dir="1" index="3" bw="16" slack="2147483647"/>
</pin_list>
<bind>
<opcode="store(28) " fcode="store"/>
<opset="store_ln1718/3 "/>
</bind>
</comp>

<comp id="91" class="1004" name="store_ln1718_access_fu_91">
<pin_list>
<pin id="92" dir="0" index="0" bw="7" slack="0"/>
<pin id="93" dir="0" index="1" bw="16" slack="1"/>
<pin id="94" dir="0" index="2" bw="0" slack="2147483647"/>
<pin id="95" dir="1" index="3" bw="16" slack="2147483647"/>
</pin_list>
<bind>
<opcode="store(28) " fcode="store"/>
<opset="store_ln1718/3 "/>
</bind>
</comp>

<comp id="97" class="1004" name="sext_ln1716_cast_fu_97">
<pin_list>
<pin id="98" dir="0" index="0" bw="31" slack="0"/>
<pin id="99" dir="1" index="1" bw="32" slack="1"/>
</pin_list>
<bind>
<opcode="sext(35) " fcode="sext"/>
<opset="sext_ln1716_cast/1 "/>
</bind>
</comp>

<comp id="101" class="1004" name="store_ln1716_store_fu_101">
<pin_list>
<pin id="102" dir="0" index="0" bw="1" slack="0"/>
<pin id="103" dir="0" index="1" bw="8" slack="0"/>
<pin id="104" dir="1" index="2" bw="0" slack="2147483647"/>
</pin_list>
<bind>
<opcode="store(28) " fcode="store"/>
<opset="store_ln1716/1 "/>
</bind>
</comp>

<comp id="106" class="1004" name="index_13_load_fu_106">
<pin_list>
<pin id="107" dir="0" index="0" bw="8" slack="0"/>
<pin id="108" dir="1" index="1" bw="8" slack="0"/>
</pin_list>
<bind>
<opcode="load(27) " fcode="load"/>
<opset="index_13/1 "/>
</bind>
</comp>

<comp id="109" class="1004" name="icmp_ln1716_fu_109">
<pin_list>
<pin id="110" dir="0" index="0" bw="8" slack="0"/>
<pin id="111" dir="0" index="1" bw="8" slack="0"/>
<pin id="112" dir="1" index="2" bw="1" slack="1"/>
</pin_list>
<bind>
<opcode="icmp(45) " fcode="icmp"/>
<opset="icmp_ln1716/1 "/>
</bind>
</comp>

<comp id="115" class="1004" name="add_ln1716_fu_115">
<pin_list>
<pin id="116" dir="0" index="0" bw="8" slack="0"/>
<pin id="117" dir="0" index="1" bw="1" slack="0"/>
<pin id="118" dir="1" index="2" bw="8" slack="0"/>
</pin_list>
<bind>
<opcode="add(8) " fcode="add"/>
<opset="add_ln1716/1 "/>
</bind>
</comp>

<comp id="121" class="1004" name="trunc_ln1716_fu_121">
<pin_list>
<pin id="122" dir="0" index="0" bw="8" slack="0"/>
<pin id="123" dir="1" index="1" bw="1" slack="2"/>
</pin_list>
<bind>
<opcode="trunc(33) " fcode="trunc"/>
<opset="trunc_ln1716/1 "/>
</bind>
</comp>

<comp id="125" class="1004" name="lshr_ln_fu_125">
<pin_list>
<pin id="126" dir="0" index="0" bw="7" slack="0"/>
<pin id="127" dir="0" index="1" bw="8" slack="0"/>
<pin id="128" dir="0" index="2" bw="1" slack="0"/>
<pin id="129" dir="0" index="3" bw="4" slack="0"/>
<pin id="130" dir="1" index="4" bw="7" slack="2"/>
</pin_list>
<bind>
<opcode="partselect(1002) " fcode="partselect"/>
<opset="lshr_ln/1 "/>
</bind>
</comp>

<comp id="135" class="1004" name="store_ln1716_store_fu_135">
<pin_list>
<pin id="136" dir="0" index="0" bw="8" slack="0"/>
<pin id="137" dir="0" index="1" bw="8" slack="0"/>
<pin id="138" dir="1" index="2" bw="0" slack="2147483647"/>
</pin_list>
<bind>
<opcode="store(28) " fcode="store"/>
<opset="store_ln1716/1 "/>
</bind>
</comp>

<comp id="140" class="1004" name="weights_addr_fu_140">
<pin_list>
<pin id="141" dir="0" index="0" bw="32" slack="0"/>
<pin id="142" dir="0" index="1" bw="32" slack="1"/>
<pin id="143" dir="1" index="2" bw="32" slack="0"/>
</pin_list>
<bind>
<opcode="getelementptr(29) " fcode="getelementptr"/>
<opset="weights_addr/2 "/>
</bind>
</comp>

<comp id="146" class="1004" name="zext_ln1718_fu_146">
<pin_list>
<pin id="147" dir="0" index="0" bw="7" slack="2"/>
<pin id="148" dir="1" index="1" bw="32" slack="0"/>
</pin_list>
<bind>
<opcode="zext(34) " fcode="zext"/>
<opset="zext_ln1718/3 "/>
</bind>
</comp>

<comp id="151" class="1005" name="index_reg_151">
<pin_list>
<pin id="152" dir="0" index="0" bw="8" slack="0"/>
<pin id="153" dir="1" index="1" bw="8" slack="0"/>
</pin_list>
<bind>
<opset="index "/>
</bind>
</comp>

<comp id="158" class="1005" name="sext_ln1716_cast_reg_158">
<pin_list>
<pin id="159" dir="0" index="0" bw="32" slack="1"/>
<pin id="160" dir="1" index="1" bw="32" slack="1"/>
</pin_list>
<bind>
<opset="sext_ln1716_cast "/>
</bind>
</comp>

<comp id="163" class="1005" name="icmp_ln1716_reg_163">
<pin_list>
<pin id="164" dir="0" index="0" bw="1" slack="1"/>
<pin id="165" dir="1" index="1" bw="1" slack="2147483647"/>
</pin_list>
<bind>
<opset="icmp_ln1716 "/>
</bind>
</comp>

<comp id="167" class="1005" name="trunc_ln1716_reg_167">
<pin_list>
<pin id="168" dir="0" index="0" bw="1" slack="2"/>
<pin id="169" dir="1" index="1" bw="1" slack="2147483647"/>
</pin_list>
<bind>
<opset="trunc_ln1716 "/>
</bind>
</comp>

<comp id="171" class="1005" name="lshr_ln_reg_171">
<pin_list>
<pin id="172" dir="0" index="0" bw="7" slack="2"/>
<pin id="173" dir="1" index="1" bw="7" slack="2"/>
</pin_list>
<bind>
<opset="lshr_ln "/>
</bind>
</comp>

<comp id="176" class="1005" name="weights_addr_read_reg_176">
<pin_list>
<pin id="177" dir="0" index="0" bw="16" slack="1"/>
<pin id="178" dir="1" index="1" bw="16" slack="1"/>
</pin_list>
<bind>
<opset="weights_addr_read "/>
</bind>
</comp>

</comp_list>

<net_list>
<net id="59"><net_src comp="8" pin="0"/><net_sink comp="56" pin=0"/></net>

<net id="64"><net_src comp="10" pin="0"/><net_sink comp="60" pin=0"/></net>

<net id="65"><net_src comp="2" pin="0"/><net_sink comp="60" pin=1"/></net>

<net id="70"><net_src comp="44" pin="0"/><net_sink comp="66" pin=0"/></net>

<net id="76"><net_src comp="6" pin="0"/><net_sink comp="71" pin=0"/></net>

<net id="77"><net_src comp="20" pin="0"/><net_sink comp="71" pin=1"/></net>

<net id="83"><net_src comp="4" pin="0"/><net_sink comp="78" pin=0"/></net>

<net id="84"><net_src comp="20" pin="0"/><net_sink comp="78" pin=1"/></net>

<net id="90"><net_src comp="71" pin="3"/><net_sink comp="85" pin=0"/></net>

<net id="96"><net_src comp="78" pin="3"/><net_sink comp="91" pin=0"/></net>

<net id="100"><net_src comp="60" pin="2"/><net_sink comp="97" pin=0"/></net>

<net id="105"><net_src comp="34" pin="0"/><net_sink comp="101" pin=0"/></net>

<net id="113"><net_src comp="106" pin="1"/><net_sink comp="109" pin=0"/></net>

<net id="114"><net_src comp="36" pin="0"/><net_sink comp="109" pin=1"/></net>

<net id="119"><net_src comp="106" pin="1"/><net_sink comp="115" pin=0"/></net>

<net id="120"><net_src comp="38" pin="0"/><net_sink comp="115" pin=1"/></net>

<net id="124"><net_src comp="106" pin="1"/><net_sink comp="121" pin=0"/></net>

<net id="131"><net_src comp="40" pin="0"/><net_sink comp="125" pin=0"/></net>

<net id="132"><net_src comp="106" pin="1"/><net_sink comp="125" pin=1"/></net>

<net id="133"><net_src comp="8" pin="0"/><net_sink comp="125" pin=2"/></net>

<net id="134"><net_src comp="42" pin="0"/><net_sink comp="125" pin=3"/></net>

<net id="139"><net_src comp="115" pin="2"/><net_sink comp="135" pin=0"/></net>

<net id="144"><net_src comp="0" pin="0"/><net_sink comp="140" pin=0"/></net>

<net id="145"><net_src comp="140" pin="2"/><net_sink comp="66" pin=1"/></net>

<net id="149"><net_src comp="146" pin="1"/><net_sink comp="71" pin=2"/></net>

<net id="150"><net_src comp="146" pin="1"/><net_sink comp="78" pin=2"/></net>

<net id="154"><net_src comp="56" pin="1"/><net_sink comp="151" pin=0"/></net>

<net id="155"><net_src comp="151" pin="1"/><net_sink comp="101" pin=1"/></net>

<net id="156"><net_src comp="151" pin="1"/><net_sink comp="106" pin=0"/></net>

<net id="157"><net_src comp="151" pin="1"/><net_sink comp="135" pin=1"/></net>

<net id="161"><net_src comp="97" pin="1"/><net_sink comp="158" pin=0"/></net>

<net id="162"><net_src comp="158" pin="1"/><net_sink comp="140" pin=1"/></net>

<net id="166"><net_src comp="109" pin="2"/><net_sink comp="163" pin=0"/></net>

<net id="170"><net_src comp="121" pin="1"/><net_sink comp="167" pin=0"/></net>

<net id="174"><net_src comp="125" pin="4"/><net_sink comp="171" pin=0"/></net>

<net id="175"><net_src comp="171" pin="1"/><net_sink comp="146" pin=0"/></net>

<net id="179"><net_src comp="66" pin="2"/><net_sink comp="176" pin=0"/></net>

<net id="180"><net_src comp="176" pin="1"/><net_sink comp="85" pin=1"/></net>

<net id="181"><net_src comp="176" pin="1"/><net_sink comp="91" pin=1"/></net>

</net_list>

</model> 
---------------- Datapath Model END ------------------

* FSMD analyzer results:
  - Output states:
	Port: weights | {}
	Port: output_1 | {3 }
	Port: output_0 | {3 }
 - Input state : 
	Port: (anonymous namespace)LoadVectorQ610<224>_Pipeline_VITIS_LOOP_1716_1 : weights | {2 }
	Port: (anonymous namespace)LoadVectorQ610<224>_Pipeline_VITIS_LOOP_1716_1 : sext_ln1716 | {1 }
	Port: (anonymous namespace)LoadVectorQ610<224>_Pipeline_VITIS_LOOP_1716_1 : output_1 | {}
	Port: (anonymous namespace)LoadVectorQ610<224>_Pipeline_VITIS_LOOP_1716_1 : output_0 | {}
  - Chain level:
	State 1
		store_ln1716 : 1
		index_13 : 1
		icmp_ln1716 : 2
		add_ln1716 : 2
		br_ln1716 : 3
		trunc_ln1716 : 2
		lshr_ln : 2
		br_ln1718 : 3
		store_ln1716 : 3
	State 2
		weights_addr_read : 1
	State 3
		output_0_addr : 1
		output_1_addr : 1
		store_ln1718 : 2
		store_ln1718 : 2


============================================================
+ Verbose Summary: Datapath Resource usage 
============================================================

* Functional unit list:
|----------|------------------------------|---------|---------|
| Operation|        Functional Unit       |    FF   |   LUT   |
|----------|------------------------------|---------|---------|
|   icmp   |      icmp_ln1716_fu_109      |    0    |    15   |
|----------|------------------------------|---------|---------|
|    add   |       add_ln1716_fu_115      |    0    |    15   |
|----------|------------------------------|---------|---------|
|   read   |  sext_ln1716_read_read_fu_60 |    0    |    0    |
|          | weights_addr_read_read_fu_66 |    0    |    0    |
|----------|------------------------------|---------|---------|
|   sext   |    sext_ln1716_cast_fu_97    |    0    |    0    |
|----------|------------------------------|---------|---------|
|   trunc  |      trunc_ln1716_fu_121     |    0    |    0    |
|----------|------------------------------|---------|---------|
|partselect|        lshr_ln_fu_125        |    0    |    0    |
|----------|------------------------------|---------|---------|
|   zext   |      zext_ln1718_fu_146      |    0    |    0    |
|----------|------------------------------|---------|---------|
|   Total  |                              |    0    |    30   |
|----------|------------------------------|---------|---------|

Memories:
N/A

* Register list:
+-------------------------+--------+
|                         |   FF   |
+-------------------------+--------+
|   icmp_ln1716_reg_163   |    1   |
|      index_reg_151      |    8   |
|     lshr_ln_reg_171     |    7   |
| sext_ln1716_cast_reg_158|   32   |
|   trunc_ln1716_reg_167  |    1   |
|weights_addr_read_reg_176|   16   |
+-------------------------+--------+
|          Total          |   65   |
+-------------------------+--------+

* Multiplexer (MUX) list: 
|--------|------|------|------|--------|
|  Comp  |  Pin | Size |  BW  | S x BW |
|--------|------|------|------|--------|
|  Total |      |      |      |    0   |
|--------|------|------|------|--------|



* Summary:
+-----------+--------+--------+
|           |   FF   |   LUT  |
+-----------+--------+--------+
|  Function |    0   |   30   |
|   Memory  |    -   |    -   |
|Multiplexer|    -   |    -   |
|  Register |   65   |    -   |
+-----------+--------+--------+
|   Total   |   65   |   30   |
+-----------+--------+--------+
