

================================================================
== Vitis HLS Report for 'p_anonymous_namespace_LoadMatrixQ610_Pipeline_VITIS_LOOP_1705_1_VITIS_LOOP_1706_2_1'
================================================================
* Date:           Wed May 13 19:58:41 2026

* Version:        2023.2 (Build 4023990 on Oct 11 2023)
* Project:        subband_q610_zybo_z7_20_hls
* Solution:       solution1 (Vivado IP Flow Target)
* Product family: zynq
* Target device:  xc7z020-clg400-1


================================================================
== Performance Estimates
================================================================
+ Timing: 
    * Summary: 
    +--------+----------+----------+------------+
    |  Clock |  Target  | Estimated| Uncertainty|
    +--------+----------+----------+------------+
    |ap_clk  |  10.00 ns|  7.300 ns|     2.70 ns|
    +--------+----------+----------+------------+

+ Latency: 
    * Summary: 
    +---------+---------+-----------+-----------+------+------+---------+
    |  Latency (cycles) |   Latency (absolute)  |   Interval  | Pipeline|
    |   min   |   max   |    min    |    max    |  min |  max |   Type  |
    +---------+---------+-----------+-----------+------+------+---------+
    |     8515|     8515|  85.150 us|  85.150 us|  8515|  8515|       no|
    +---------+---------+-----------+-----------+------+------+---------+

    + Detail: 
        * Instance: 
        N/A

        * Loop: 
        +---------------------------------------+---------+---------+----------+-----------+-----------+------+----------+
        |                                       |  Latency (cycles) | Iteration|  Initiation Interval  | Trip |          |
        |               Loop Name               |   min   |   max   |  Latency |  achieved |   target  | Count| Pipelined|
        +---------------------------------------+---------+---------+----------+-----------+-----------+------+----------+
        |- VITIS_LOOP_1705_1_VITIS_LOOP_1706_2  |     8513|     8513|         3|          1|          1|  8512|       yes|
        +---------------------------------------+---------+---------+----------+-----------+-----------+------+----------+



================================================================
== Utilization Estimates
================================================================
* Summary: 
+-----------------+---------+-----+--------+-------+-----+
|       Name      | BRAM_18K| DSP |   FF   |  LUT  | URAM|
+-----------------+---------+-----+--------+-------+-----+
|DSP              |        -|    -|       -|      -|    -|
|Expression       |        -|    -|       0|    333|    -|
|FIFO             |        -|    -|       -|      -|    -|
|Instance         |        -|    -|       -|      -|    -|
|Memory           |        -|    -|       -|      -|    -|
|Multiplexer      |        -|    -|       -|     81|    -|
|Register         |        -|    -|      69|      -|    -|
+-----------------+---------+-----+--------+-------+-----+
|Total            |        0|    0|      69|    414|    0|
+-----------------+---------+-----+--------+-------+-----+
|Available        |      280|  220|  106400|  53200|    0|
+-----------------+---------+-----+--------+-------+-----+
|Utilization (%)  |        0|    0|      ~0|     ~0|    0|
+-----------------+---------+-----+--------+-------+-----+

+ Detail: 
    * Instance: 
    N/A

    * DSP: 
    N/A

    * Memory: 
    N/A

    * FIFO: 
    N/A

    * Expression: 
    +---------------------------+----------+----+---+-----+------------+------------+
    |       Variable Name       | Operation| DSP| FF| LUT | Bitwidth P0| Bitwidth P1|
    +---------------------------+----------+----+---+-----+------------+------------+
    |add_ln1705_2_fu_177_p2     |         +|   0|  0|   17|          14|           1|
    |add_ln1705_fu_200_p2       |         +|   0|  0|   15|           8|           1|
    |add_ln1706_fu_256_p2       |         +|   0|  0|   14|           6|           1|
    |add_ln1708_1_fu_308_p2     |         +|   0|  0|   11|          11|          11|
    |add_ln1708_fu_294_p2       |         +|   0|  0|   11|          11|          11|
    |ap_block_pp0_stage0_11001  |       and|   0|  0|    2|           1|           1|
    |icmp_ln1705_fu_171_p2      |      icmp|   0|  0|   17|          14|          14|
    |icmp_ln1706_fu_206_p2      |      icmp|   0|  0|   14|           6|           6|
    |select_ln1705_2_fu_220_p3  |    select|   0|  0|    8|           1|           8|
    |select_ln1705_fu_212_p3    |    select|   0|  0|    6|           1|           1|
    |shl_ln1708_3_fu_327_p2     |       shl|   0|  0|  182|          64|          64|
    |shl_ln1708_4_fu_364_p2     |       shl|   0|  0|   17|           2|           8|
    |shl_ln1708_5_fu_346_p2     |       shl|   0|  0|   17|           2|           8|
    |ap_enable_pp0              |       xor|   0|  0|    2|           1|           2|
    +---------------------------+----------+----+---+-----+------------+------------+
    |Total                      |          |   0|  0|  333|         142|         137|
    +---------------------------+----------+----+---+-----+------------+------------+

    * Multiplexer: 
    +-------------------------------------------------------------------------------------+----+-----------+-----+-----------+
    |                                         Name                                        | LUT| Input Size| Bits| Total Bits|
    +-------------------------------------------------------------------------------------+----+-----------+-----+-----------+
    |SubbandBand0TopQ610_ap_int_const_ap_int_const_ap_int_const_ap_int_const_ap_i_11_we1  |   9|          2|    8|         16|
    |SubbandBand0TopQ610_ap_int_const_ap_int_const_ap_int_const_ap_int_const_ap_i_12_we1  |   9|          2|    8|         16|
    |ap_done_int                                                                          |   9|          2|    1|          2|
    |ap_enable_reg_pp0_iter1                                                              |   9|          2|    1|          2|
    |ap_sig_allocacmp_indvar_flatten_load                                                 |   9|          2|   14|         28|
    |col_fu_94                                                                            |   9|          2|    6|         12|
    |indvar_flatten_fu_102                                                                |   9|          2|   14|         28|
    |row_fu_98                                                                            |   9|          2|    8|         16|
    |weights_blk_n_R                                                                      |   9|          2|    1|          2|
    +-------------------------------------------------------------------------------------+----+-----------+-----+-----------+
    |Total                                                                                |  81|         18|   61|        122|
    +-------------------------------------------------------------------------------------+----+-----------+-----+-----------+

    * Register: 
    +----------------------------------+----+----+-----+-----------+
    |               Name               | FF | LUT| Bits| Const Bits|
    +----------------------------------+----+----+-----+-----------+
    |ap_CS_fsm                         |   1|   0|    1|          0|
    |ap_done_reg                       |   1|   0|    1|          0|
    |ap_enable_reg_pp0_iter1           |   1|   0|    1|          0|
    |ap_enable_reg_pp0_iter2           |   1|   0|    1|          0|
    |ap_loop_exit_ready_pp0_iter1_reg  |   1|   0|    1|          0|
    |col_fu_94                         |   6|   0|    6|          0|
    |indvar_flatten_fu_102             |  14|   0|   14|          0|
    |lshr_ln3_reg_416                  |   4|   0|    4|          0|
    |lshr_ln_reg_410                   |   7|   0|    7|          0|
    |row_fu_98                         |   8|   0|    8|          0|
    |select_ln1705_reg_401             |   6|   0|    6|          0|
    |trunc_ln1705_reg_406              |   1|   0|    1|          0|
    |trunc_ln1708_reg_421              |   2|   0|    2|          0|
    |weights_addr_read_reg_427         |  16|   0|   16|          0|
    +----------------------------------+----+----+-----+-----------+
    |Total                             |  69|   0|   69|          0|
    +----------------------------------+----+----+-----+-----------+



================================================================
== Interface
================================================================
* Summary: 
+------------------------------------------------------------------------------------------+-----+-----+------------+------------------------------------------------------------------------------------+--------------+
|                                         RTL Ports                                        | Dir | Bits|  Protocol  |                                    Source Object                                   |    C Type    |
+------------------------------------------------------------------------------------------+-----+-----+------------+------------------------------------------------------------------------------------+--------------+
|ap_clk                                                                                    |   in|    1|  ap_ctrl_hs|  (anonymous namespace)LoadMatrixQ610_Pipeline_VITIS_LOOP_1705_1_VITIS_LOOP_1706_2.1|  return value|
|ap_rst                                                                                    |   in|    1|  ap_ctrl_hs|  (anonymous namespace)LoadMatrixQ610_Pipeline_VITIS_LOOP_1705_1_VITIS_LOOP_1706_2.1|  return value|
|ap_start                                                                                  |   in|    1|  ap_ctrl_hs|  (anonymous namespace)LoadMatrixQ610_Pipeline_VITIS_LOOP_1705_1_VITIS_LOOP_1706_2.1|  return value|
|ap_done                                                                                   |  out|    1|  ap_ctrl_hs|  (anonymous namespace)LoadMatrixQ610_Pipeline_VITIS_LOOP_1705_1_VITIS_LOOP_1706_2.1|  return value|
|ap_idle                                                                                   |  out|    1|  ap_ctrl_hs|  (anonymous namespace)LoadMatrixQ610_Pipeline_VITIS_LOOP_1705_1_VITIS_LOOP_1706_2.1|  return value|
|ap_ready                                                                                  |  out|    1|  ap_ctrl_hs|  (anonymous namespace)LoadMatrixQ610_Pipeline_VITIS_LOOP_1705_1_VITIS_LOOP_1706_2.1|  return value|
|m_axi_weights_AWVALID                                                                     |  out|    1|       m_axi|                                                                             weights|       pointer|
|m_axi_weights_AWREADY                                                                     |   in|    1|       m_axi|                                                                             weights|       pointer|
|m_axi_weights_AWADDR                                                                      |  out|   32|       m_axi|                                                                             weights|       pointer|
|m_axi_weights_AWID                                                                        |  out|    1|       m_axi|                                                                             weights|       pointer|
|m_axi_weights_AWLEN                                                                       |  out|   32|       m_axi|                                                                             weights|       pointer|
|m_axi_weights_AWSIZE                                                                      |  out|    3|       m_axi|                                                                             weights|       pointer|
|m_axi_weights_AWBURST                                                                     |  out|    2|       m_axi|                                                                             weights|       pointer|
|m_axi_weights_AWLOCK                                                                      |  out|    2|       m_axi|                                                                             weights|       pointer|
|m_axi_weights_AWCACHE                                                                     |  out|    4|       m_axi|                                                                             weights|       pointer|
|m_axi_weights_AWPROT                                                                      |  out|    3|       m_axi|                                                                             weights|       pointer|
|m_axi_weights_AWQOS                                                                       |  out|    4|       m_axi|                                                                             weights|       pointer|
|m_axi_weights_AWREGION                                                                    |  out|    4|       m_axi|                                                                             weights|       pointer|
|m_axi_weights_AWUSER                                                                      |  out|    1|       m_axi|                                                                             weights|       pointer|
|m_axi_weights_WVALID                                                                      |  out|    1|       m_axi|                                                                             weights|       pointer|
|m_axi_weights_WREADY                                                                      |   in|    1|       m_axi|                                                                             weights|       pointer|
|m_axi_weights_WDATA                                                                       |  out|   16|       m_axi|                                                                             weights|       pointer|
|m_axi_weights_WSTRB                                                                       |  out|    2|       m_axi|                                                                             weights|       pointer|
|m_axi_weights_WLAST                                                                       |  out|    1|       m_axi|                                                                             weights|       pointer|
|m_axi_weights_WID                                                                         |  out|    1|       m_axi|                                                                             weights|       pointer|
|m_axi_weights_WUSER                                                                       |  out|    1|       m_axi|                                                                             weights|       pointer|
|m_axi_weights_ARVALID                                                                     |  out|    1|       m_axi|                                                                             weights|       pointer|
|m_axi_weights_ARREADY                                                                     |   in|    1|       m_axi|                                                                             weights|       pointer|
|m_axi_weights_ARADDR                                                                      |  out|   32|       m_axi|                                                                             weights|       pointer|
|m_axi_weights_ARID                                                                        |  out|    1|       m_axi|                                                                             weights|       pointer|
|m_axi_weights_ARLEN                                                                       |  out|   32|       m_axi|                                                                             weights|       pointer|
|m_axi_weights_ARSIZE                                                                      |  out|    3|       m_axi|                                                                             weights|       pointer|
|m_axi_weights_ARBURST                                                                     |  out|    2|       m_axi|                                                                             weights|       pointer|
|m_axi_weights_ARLOCK                                                                      |  out|    2|       m_axi|                                                                             weights|       pointer|
|m_axi_weights_ARCACHE                                                                     |  out|    4|       m_axi|                                                                             weights|       pointer|
|m_axi_weights_ARPROT                                                                      |  out|    3|       m_axi|                                                                             weights|       pointer|
|m_axi_weights_ARQOS                                                                       |  out|    4|       m_axi|                                                                             weights|       pointer|
|m_axi_weights_ARREGION                                                                    |  out|    4|       m_axi|                                                                             weights|       pointer|
|m_axi_weights_ARUSER                                                                      |  out|    1|       m_axi|                                                                             weights|       pointer|
|m_axi_weights_RVALID                                                                      |   in|    1|       m_axi|                                                                             weights|       pointer|
|m_axi_weights_RREADY                                                                      |  out|    1|       m_axi|                                                                             weights|       pointer|
|m_axi_weights_RDATA                                                                       |   in|   16|       m_axi|                                                                             weights|       pointer|
|m_axi_weights_RLAST                                                                       |   in|    1|       m_axi|                                                                             weights|       pointer|
|m_axi_weights_RID                                                                         |   in|    1|       m_axi|                                                                             weights|       pointer|
|m_axi_weights_RFIFONUM                                                                    |   in|    6|       m_axi|                                                                             weights|       pointer|
|m_axi_weights_RUSER                                                                       |   in|    1|       m_axi|                                                                             weights|       pointer|
|m_axi_weights_RRESP                                                                       |   in|    2|       m_axi|                                                                             weights|       pointer|
|m_axi_weights_BVALID                                                                      |   in|    1|       m_axi|                                                                             weights|       pointer|
|m_axi_weights_BREADY                                                                      |  out|    1|       m_axi|                                                                             weights|       pointer|
|m_axi_weights_BRESP                                                                       |   in|    2|       m_axi|                                                                             weights|       pointer|
|m_axi_weights_BID                                                                         |   in|    1|       m_axi|                                                                             weights|       pointer|
|m_axi_weights_BUSER                                                                       |   in|    1|       m_axi|                                                                             weights|       pointer|
|sext_ln1705                                                                               |   in|   31|     ap_none|                                                                         sext_ln1705|        scalar|
|SubbandBand0TopQ610_ap_int_const_ap_int_const_ap_int_const_ap_int_const_ap_i_12_address1  |  out|   11|   ap_memory|     SubbandBand0TopQ610_ap_int_const_ap_int_const_ap_int_const_ap_int_const_ap_i_12|         array|
|SubbandBand0TopQ610_ap_int_const_ap_int_const_ap_int_const_ap_int_const_ap_i_12_ce1       |  out|    1|   ap_memory|     SubbandBand0TopQ610_ap_int_const_ap_int_const_ap_int_const_ap_int_const_ap_i_12|         array|
|SubbandBand0TopQ610_ap_int_const_ap_int_const_ap_int_const_ap_int_const_ap_i_12_we1       |  out|    8|   ap_memory|     SubbandBand0TopQ610_ap_int_const_ap_int_const_ap_int_const_ap_int_const_ap_i_12|         array|
|SubbandBand0TopQ610_ap_int_const_ap_int_const_ap_int_const_ap_int_const_ap_i_12_d1        |  out|   64|   ap_memory|     SubbandBand0TopQ610_ap_int_const_ap_int_const_ap_int_const_ap_int_const_ap_i_12|         array|
|SubbandBand0TopQ610_ap_int_const_ap_int_const_ap_int_const_ap_int_const_ap_i_11_address1  |  out|   11|   ap_memory|     SubbandBand0TopQ610_ap_int_const_ap_int_const_ap_int_const_ap_int_const_ap_i_11|         array|
|SubbandBand0TopQ610_ap_int_const_ap_int_const_ap_int_const_ap_int_const_ap_i_11_ce1       |  out|    1|   ap_memory|     SubbandBand0TopQ610_ap_int_const_ap_int_const_ap_int_const_ap_int_const_ap_i_11|         array|
|SubbandBand0TopQ610_ap_int_const_ap_int_const_ap_int_const_ap_int_const_ap_i_11_we1       |  out|    8|   ap_memory|     SubbandBand0TopQ610_ap_int_const_ap_int_const_ap_int_const_ap_int_const_ap_i_11|         array|
|SubbandBand0TopQ610_ap_int_const_ap_int_const_ap_int_const_ap_int_const_ap_i_11_d1        |  out|   64|   ap_memory|     SubbandBand0TopQ610_ap_int_const_ap_int_const_ap_int_const_ap_int_const_ap_i_11|         array|
+------------------------------------------------------------------------------------------+-----+-----+------------+------------------------------------------------------------------------------------+--------------+

============================================================
+ Verbose Summary: Synthesis Manager
============================================================
InlineROM: 1
ExposeGlobal: 0
============================================================
+ Verbose Summary: CDFG Model
============================================================
IsTopModel: 0
ResetActiveHigh: 1
IsCombinational: 2
IsDatapathOnly: 2
HasWiredReturn: 1
HasMFsm: 2
HasVarLatency: 1
IsPipeline: 0
IsRtlPipelined: 0
IsInstanceOverlapped: 0
IsDontTouch: 0
HasImplIP: 0
IsGatedGlobalClock: 0

+ Individual pipeline summary: 
  * Pipeline-0: initiation interval (II) = 1, depth = 3


============================================================
+ Verbose Summary: Schedule
============================================================
* Number of FSM states : 3
* Pipeline : 1
  Pipeline-0 : II = 1, D = 3, States = { 1 2 3 }
* Dataflow Pipeline: 0

* FSM state transitions: 
1 --> 2 
2 --> 3 
3 --> 

* FSM state operations: 

State 1 <SV = 0> <Delay = 4.98>
ST_1 : Operation 6 [1/1] (0.00ns)   --->   "%col = alloca i32 1" [H:/subband_ref_q610_opt_stage4_latency_stepL2.cpp:1706]   --->   Operation 6 'alloca' 'col' <Predicate = true> <Delay = 0.00>
ST_1 : Operation 7 [1/1] (0.00ns)   --->   "%row = alloca i32 1" [H:/subband_ref_q610_opt_stage4_latency_stepL2.cpp:1705]   --->   Operation 7 'alloca' 'row' <Predicate = true> <Delay = 0.00>
ST_1 : Operation 8 [1/1] (0.00ns)   --->   "%indvar_flatten = alloca i32 1"   --->   Operation 8 'alloca' 'indvar_flatten' <Predicate = true> <Delay = 0.00>
ST_1 : Operation 9 [1/1] (0.00ns)   --->   "%sext_ln1705_read = read i31 @_ssdm_op_Read.ap_auto.i31, i31 %sext_ln1705"   --->   Operation 9 'read' 'sext_ln1705_read' <Predicate = true> <Delay = 0.00>
ST_1 : Operation 10 [1/1] (0.00ns)   --->   "%sext_ln1705_cast = sext i31 %sext_ln1705_read"   --->   Operation 10 'sext' 'sext_ln1705_cast' <Predicate = true> <Delay = 0.00>
ST_1 : Operation 11 [1/1] (0.00ns)   --->   "%specmemcore_ln0 = specmemcore void @_ssdm_op_SpecMemCore, i64 %SubbandBand0TopQ610_ap_int_const_ap_int_const_ap_int_const_ap_int_const_ap_i_12, i64 666, i64 22, i64 18446744073709551615"   --->   Operation 11 'specmemcore' 'specmemcore_ln0' <Predicate = true> <Delay = 0.00>
ST_1 : Operation 12 [1/1] (0.00ns)   --->   "%specmemcore_ln0 = specmemcore void @_ssdm_op_SpecMemCore, i64 %SubbandBand0TopQ610_ap_int_const_ap_int_const_ap_int_const_ap_int_const_ap_i_11, i64 666, i64 22, i64 18446744073709551615"   --->   Operation 12 'specmemcore' 'specmemcore_ln0' <Predicate = true> <Delay = 0.00>
ST_1 : Operation 13 [1/1] (0.00ns)   --->   "%specinterface_ln0 = specinterface void @_ssdm_op_SpecInterface, i16 %weights, void @empty_173, i32 0, i32 0, void @empty_25, i32 0, i32 8512, void @empty_177, void @empty_176, void @empty_25, i32 1, i32 1, i32 16, i32 16, void @empty_25, void @empty_25, i32 4294967295, i32 0"   --->   Operation 13 'specinterface' 'specinterface_ln0' <Predicate = true> <Delay = 0.00>
ST_1 : Operation 14 [1/1] (1.58ns)   --->   "%store_ln0 = store i14 0, i14 %indvar_flatten"   --->   Operation 14 'store' 'store_ln0' <Predicate = true> <Delay = 1.58>
ST_1 : Operation 15 [1/1] (1.58ns)   --->   "%store_ln1705 = store i8 0, i8 %row" [H:/subband_ref_q610_opt_stage4_latency_stepL2.cpp:1705]   --->   Operation 15 'store' 'store_ln1705' <Predicate = true> <Delay = 1.58>
ST_1 : Operation 16 [1/1] (1.58ns)   --->   "%store_ln1706 = store i6 0, i6 %col" [H:/subband_ref_q610_opt_stage4_latency_stepL2.cpp:1706]   --->   Operation 16 'store' 'store_ln1706' <Predicate = true> <Delay = 1.58>
ST_1 : Operation 17 [1/1] (0.00ns)   --->   "%br_ln0 = br void %for.inc"   --->   Operation 17 'br' 'br_ln0' <Predicate = true> <Delay = 0.00>
ST_1 : Operation 18 [1/1] (0.00ns)   --->   "%indvar_flatten_load = load i14 %indvar_flatten" [H:/subband_ref_q610_opt_stage4_latency_stepL2.cpp:1705]   --->   Operation 18 'load' 'indvar_flatten_load' <Predicate = true> <Delay = 0.00>
ST_1 : Operation 19 [1/1] (1.81ns)   --->   "%icmp_ln1705 = icmp_eq  i14 %indvar_flatten_load, i14 8512" [H:/subband_ref_q610_opt_stage4_latency_stepL2.cpp:1705]   --->   Operation 19 'icmp' 'icmp_ln1705' <Predicate = true> <Delay = 1.81> <CoreInst = "Cmp">   --->   Core 9 'Cmp' <Latency = 0> <II = 1> <Delay = 1.81> <FuncUnit> <Opcode : 'icmp'> <InPorts = 2> <OutPorts = 1>
ST_1 : Operation 20 [1/1] (1.81ns)   --->   "%add_ln1705_2 = add i14 %indvar_flatten_load, i14 1" [H:/subband_ref_q610_opt_stage4_latency_stepL2.cpp:1705]   --->   Operation 20 'add' 'add_ln1705_2' <Predicate = true> <Delay = 1.81> <CoreInst = "Adder">   --->   Core 1 'Adder' <Latency = 0> <II = 1> <Delay = 1.81> <FuncUnit> <Opcode : 'add' 'sub'> <InPorts = 2> <OutPorts = 1>
ST_1 : Operation 21 [1/1] (0.00ns)   --->   "%br_ln1705 = br i1 %icmp_ln1705, void %for.inc9, void %for.end11.exitStub" [H:/subband_ref_q610_opt_stage4_latency_stepL2.cpp:1705]   --->   Operation 21 'br' 'br_ln1705' <Predicate = true> <Delay = 0.00>
ST_1 : Operation 22 [1/1] (1.58ns)   --->   "%store_ln1705 = store i14 %add_ln1705_2, i14 %indvar_flatten" [H:/subband_ref_q610_opt_stage4_latency_stepL2.cpp:1705]   --->   Operation 22 'store' 'store_ln1705' <Predicate = (!icmp_ln1705)> <Delay = 1.58>

State 2 <SV = 1> <Delay = 7.30>
ST_2 : Operation 23 [1/1] (0.00ns)   --->   "%col_load = load i6 %col" [H:/subband_ref_q610_opt_stage4_latency_stepL2.cpp:1706]   --->   Operation 23 'load' 'col_load' <Predicate = true> <Delay = 0.00>
ST_2 : Operation 24 [1/1] (0.00ns)   --->   "%row_load = load i8 %row" [H:/subband_ref_q610_opt_stage4_latency_stepL2.cpp:1705]   --->   Operation 24 'load' 'row_load' <Predicate = true> <Delay = 0.00>
ST_2 : Operation 25 [1/1] (0.00ns)   --->   "%weights_addr = getelementptr i16 %weights, i32 %sext_ln1705_cast" [H:/subband_ref_q610_opt_stage4_latency_stepL2.cpp:1705]   --->   Operation 25 'getelementptr' 'weights_addr' <Predicate = true> <Delay = 0.00>
ST_2 : Operation 26 [1/1] (1.91ns)   --->   "%add_ln1705 = add i8 %row_load, i8 1" [H:/subband_ref_q610_opt_stage4_latency_stepL2.cpp:1705]   --->   Operation 26 'add' 'add_ln1705' <Predicate = true> <Delay = 1.91> <CoreInst = "Adder">   --->   Core 1 'Adder' <Latency = 0> <II = 1> <Delay = 1.91> <FuncUnit> <Opcode : 'add' 'sub'> <InPorts = 2> <OutPorts = 1>
ST_2 : Operation 27 [1/1] (1.82ns)   --->   "%icmp_ln1706 = icmp_eq  i6 %col_load, i6 38" [H:/subband_ref_q610_opt_stage4_latency_stepL2.cpp:1706]   --->   Operation 27 'icmp' 'icmp_ln1706' <Predicate = true> <Delay = 1.82> <CoreInst = "Cmp">   --->   Core 9 'Cmp' <Latency = 0> <II = 1> <Delay = 1.82> <FuncUnit> <Opcode : 'icmp'> <InPorts = 2> <OutPorts = 1>
ST_2 : Operation 28 [1/1] (1.18ns)   --->   "%select_ln1705 = select i1 %icmp_ln1706, i6 0, i6 %col_load" [H:/subband_ref_q610_opt_stage4_latency_stepL2.cpp:1705]   --->   Operation 28 'select' 'select_ln1705' <Predicate = true> <Delay = 1.18> <CoreInst = "Sel">   --->   Core 73 'Sel' <Latency = 0> <II = 1> <Delay = 1.18> <FuncUnit> <Opcode : 'select'> <InPorts = 3> <OutPorts = 1>
ST_2 : Operation 29 [1/1] (1.24ns)   --->   "%select_ln1705_2 = select i1 %icmp_ln1706, i8 %add_ln1705, i8 %row_load" [H:/subband_ref_q610_opt_stage4_latency_stepL2.cpp:1705]   --->   Operation 29 'select' 'select_ln1705_2' <Predicate = true> <Delay = 1.24> <CoreInst = "Sel">   --->   Core 73 'Sel' <Latency = 0> <II = 1> <Delay = 1.24> <FuncUnit> <Opcode : 'select'> <InPorts = 3> <OutPorts = 1>
ST_2 : Operation 30 [1/1] (0.00ns)   --->   "%trunc_ln1705 = trunc i8 %select_ln1705_2" [H:/subband_ref_q610_opt_stage4_latency_stepL2.cpp:1705]   --->   Operation 30 'trunc' 'trunc_ln1705' <Predicate = true> <Delay = 0.00>
ST_2 : Operation 31 [1/1] (0.00ns)   --->   "%lshr_ln = partselect i7 @_ssdm_op_PartSelect.i7.i8.i32.i32, i8 %select_ln1705_2, i32 1, i32 7" [H:/subband_ref_q610_opt_stage4_latency_stepL2.cpp:1705]   --->   Operation 31 'partselect' 'lshr_ln' <Predicate = true> <Delay = 0.00>
ST_2 : Operation 32 [1/1] (0.00ns)   --->   "%lshr_ln3 = partselect i4 @_ssdm_op_PartSelect.i4.i6.i32.i32, i6 %select_ln1705, i32 2, i32 5" [H:/subband_ref_q610_opt_stage4_latency_stepL2.cpp:1706]   --->   Operation 32 'partselect' 'lshr_ln3' <Predicate = true> <Delay = 0.00>
ST_2 : Operation 33 [1/1] (0.00ns)   --->   "%trunc_ln1708 = trunc i6 %select_ln1705" [H:/subband_ref_q610_opt_stage4_latency_stepL2.cpp:1708]   --->   Operation 33 'trunc' 'trunc_ln1708' <Predicate = true> <Delay = 0.00>
ST_2 : Operation 34 [1/1] (7.30ns)   --->   "%weights_addr_read = read i16 @_ssdm_op_Read.m_axi.p1i16, i32 %weights_addr" [H:/subband_ref_q610_opt_stage4_latency_stepL2.cpp:1708]   --->   Operation 34 'read' 'weights_addr_read' <Predicate = true> <Delay = 7.30> <CoreInst = "m_axi">   --->   Core 113 'm_axi' <Latency = 0> <II = 1> <Delay = 1.00> <Adapter> <Opcode : 'read' 'write' 'readreq' 'writereq' 'writeresp'>
ST_2 : Operation 35 [1/1] (0.00ns)   --->   "%br_ln1708 = br i1 %trunc_ln1705, void %arrayidx81.case.0, void %arrayidx81.case.1" [H:/subband_ref_q610_opt_stage4_latency_stepL2.cpp:1708]   --->   Operation 35 'br' 'br_ln1708' <Predicate = true> <Delay = 0.00>
ST_2 : Operation 36 [1/1] (1.82ns)   --->   "%add_ln1706 = add i6 %select_ln1705, i6 1" [H:/subband_ref_q610_opt_stage4_latency_stepL2.cpp:1706]   --->   Operation 36 'add' 'add_ln1706' <Predicate = true> <Delay = 1.82> <CoreInst = "Adder">   --->   Core 1 'Adder' <Latency = 0> <II = 1> <Delay = 1.82> <FuncUnit> <Opcode : 'add' 'sub'> <InPorts = 2> <OutPorts = 1>
ST_2 : Operation 37 [1/1] (1.58ns)   --->   "%store_ln1705 = store i8 %select_ln1705_2, i8 %row" [H:/subband_ref_q610_opt_stage4_latency_stepL2.cpp:1705]   --->   Operation 37 'store' 'store_ln1705' <Predicate = true> <Delay = 1.58>
ST_2 : Operation 38 [1/1] (1.58ns)   --->   "%store_ln1706 = store i6 %add_ln1706, i6 %col" [H:/subband_ref_q610_opt_stage4_latency_stepL2.cpp:1706]   --->   Operation 38 'store' 'store_ln1706' <Predicate = true> <Delay = 1.58>
ST_2 : Operation 39 [1/1] (0.00ns)   --->   "%br_ln1706 = br void %for.inc" [H:/subband_ref_q610_opt_stage4_latency_stepL2.cpp:1706]   --->   Operation 39 'br' 'br_ln1706' <Predicate = true> <Delay = 0.00>
ST_2 : Operation 69 [1/1] (0.00ns)   --->   "%ret_ln0 = ret"   --->   Operation 69 'ret' 'ret_ln0' <Predicate = (icmp_ln1705)> <Delay = 0.00>

State 3 <SV = 2> <Delay = 7.24>
ST_3 : Operation 40 [1/1] (0.00ns)   --->   "%specloopname_ln0 = specloopname void @_ssdm_op_SpecLoopName, void @VITIS_LOOP_1705_1_VITIS_LOOP_1706_2_str"   --->   Operation 40 'specloopname' 'specloopname_ln0' <Predicate = true> <Delay = 0.00>
ST_3 : Operation 41 [1/1] (0.00ns)   --->   "%speclooptripcount_ln0 = speclooptripcount void @_ssdm_op_SpecLoopTripCount, i64 8512, i64 8512, i64 8512"   --->   Operation 41 'speclooptripcount' 'speclooptripcount_ln0' <Predicate = true> <Delay = 0.00>
ST_3 : Operation 42 [1/1] (0.00ns)   --->   "%tmp_s = bitconcatenate i10 @_ssdm_op_BitConcatenate.i10.i7.i3, i7 %lshr_ln, i3 0" [H:/subband_ref_q610_opt_stage4_latency_stepL2.cpp:1708]   --->   Operation 42 'bitconcatenate' 'tmp_s' <Predicate = true> <Delay = 0.00>
ST_3 : Operation 43 [1/1] (0.00ns)   --->   "%zext_ln1708 = zext i10 %tmp_s" [H:/subband_ref_q610_opt_stage4_latency_stepL2.cpp:1708]   --->   Operation 43 'zext' 'zext_ln1708' <Predicate = true> <Delay = 0.00>
ST_3 : Operation 44 [1/1] (0.00ns)   --->   "%tmp_28 = bitconcatenate i8 @_ssdm_op_BitConcatenate.i8.i7.i1, i7 %lshr_ln, i1 0" [H:/subband_ref_q610_opt_stage4_latency_stepL2.cpp:1708]   --->   Operation 44 'bitconcatenate' 'tmp_28' <Predicate = true> <Delay = 0.00>
ST_3 : Operation 45 [1/1] (0.00ns)   --->   "%zext_ln1708_8 = zext i8 %tmp_28" [H:/subband_ref_q610_opt_stage4_latency_stepL2.cpp:1708]   --->   Operation 45 'zext' 'zext_ln1708_8' <Predicate = true> <Delay = 0.00>
ST_3 : Operation 46 [1/1] (0.00ns) (grouped into TernaryAdder)   --->   "%add_ln1708 = add i11 %zext_ln1708, i11 %zext_ln1708_8" [H:/subband_ref_q610_opt_stage4_latency_stepL2.cpp:1708]   --->   Operation 46 'add' 'add_ln1708' <Predicate = true> <Delay = 0.00> <CoreInst = "TAddSub">   --->   Core 10 'TAddSub' <Latency = 0> <II = 1> <Delay = 1.87> <IPBlock> <Opcode : '' 'add' 'sub'> <InPorts = 3> <OutPorts = 1> <Sync> <CReg>
ST_3 : Operation 47 [1/1] (0.00ns)   --->   "%specpipeline_ln1707 = specpipeline void @_ssdm_op_SpecPipeline, i32 1, i32 0, i32 0, i32 0, void @empty_25" [H:/subband_ref_q610_opt_stage4_latency_stepL2.cpp:1707]   --->   Operation 47 'specpipeline' 'specpipeline_ln1707' <Predicate = true> <Delay = 0.00>
ST_3 : Operation 48 [1/1] (0.00ns) (grouped into LUT with out node shl_ln1708_3)   --->   "%shl_ln1708 = shl i6 %select_ln1705, i6 4" [H:/subband_ref_q610_opt_stage4_latency_stepL2.cpp:1708]   --->   Operation 48 'shl' 'shl_ln1708' <Predicate = true> <Delay = 0.00>
ST_3 : Operation 49 [1/1] (0.00ns)   --->   "%zext_ln1708_9 = zext i4 %lshr_ln3" [H:/subband_ref_q610_opt_stage4_latency_stepL2.cpp:1708]   --->   Operation 49 'zext' 'zext_ln1708_9' <Predicate = true> <Delay = 0.00>
ST_3 : Operation 50 [1/1] (3.75ns) (root node of TernaryAdder)   --->   "%add_ln1708_1 = add i11 %add_ln1708, i11 %zext_ln1708_9" [H:/subband_ref_q610_opt_stage4_latency_stepL2.cpp:1708]   --->   Operation 50 'add' 'add_ln1708_1' <Predicate = true> <Delay = 3.75> <CoreInst = "TAddSub">   --->   Core 10 'TAddSub' <Latency = 0> <II = 1> <Delay = 1.87> <IPBlock> <Opcode : '' 'add' 'sub'> <InPorts = 3> <OutPorts = 1> <Sync> <CReg>
ST_3 : Operation 51 [1/1] (0.00ns)   --->   "%zext_ln1708_10 = zext i11 %add_ln1708_1" [H:/subband_ref_q610_opt_stage4_latency_stepL2.cpp:1708]   --->   Operation 51 'zext' 'zext_ln1708_10' <Predicate = true> <Delay = 0.00>
ST_3 : Operation 52 [1/1] (0.00ns)   --->   "%SubbandBand0TopQ610_ap_int_const_ap_int_const_ap_int_const_ap_int_const_ap_i_39 = getelementptr i64 %SubbandBand0TopQ610_ap_int_const_ap_int_const_ap_int_const_ap_int_const_ap_i_12, i32 0, i32 %zext_ln1708_10" [H:/subband_ref_q610_opt_stage4_latency_stepL2.cpp:1708]   --->   Operation 52 'getelementptr' 'SubbandBand0TopQ610_ap_int_const_ap_int_const_ap_int_const_ap_int_const_ap_i_39' <Predicate = true> <Delay = 0.00>
ST_3 : Operation 53 [1/1] (0.00ns)   --->   "%SubbandBand0TopQ610_ap_int_const_ap_int_const_ap_int_const_ap_int_const_ap_i_40 = getelementptr i64 %SubbandBand0TopQ610_ap_int_const_ap_int_const_ap_int_const_ap_int_const_ap_i_11, i32 0, i32 %zext_ln1708_10" [H:/subband_ref_q610_opt_stage4_latency_stepL2.cpp:1708]   --->   Operation 53 'getelementptr' 'SubbandBand0TopQ610_ap_int_const_ap_int_const_ap_int_const_ap_int_const_ap_i_40' <Predicate = true> <Delay = 0.00>
ST_3 : Operation 54 [1/1] (0.00ns) (grouped into LUT with out node shl_ln1708_3)   --->   "%zext_ln1708_11 = zext i6 %shl_ln1708" [H:/subband_ref_q610_opt_stage4_latency_stepL2.cpp:1708]   --->   Operation 54 'zext' 'zext_ln1708_11' <Predicate = true> <Delay = 0.00>
ST_3 : Operation 55 [1/1] (0.00ns) (grouped into LUT with out node shl_ln1708_3)   --->   "%zext_ln1708_12 = zext i16 %weights_addr_read" [H:/subband_ref_q610_opt_stage4_latency_stepL2.cpp:1708]   --->   Operation 55 'zext' 'zext_ln1708_12' <Predicate = true> <Delay = 0.00>
ST_3 : Operation 56 [1/1] (3.98ns) (out node of the LUT)   --->   "%shl_ln1708_3 = shl i64 %zext_ln1708_12, i64 %zext_ln1708_11" [H:/subband_ref_q610_opt_stage4_latency_stepL2.cpp:1708]   --->   Operation 56 'shl' 'shl_ln1708_3' <Predicate = true> <Delay = 3.98> <CoreInst = "Shifter">   --->   Core 75 'Shifter' <Latency = 0> <II = 1> <Delay = 4.59> <FuncUnit> <Opcode : 'shl' 'lshr' 'ashr'> <InPorts = 2> <OutPorts = 1>
ST_3 : Operation 57 [1/1] (0.00ns)   --->   "%specbramwithbyteenable_ln1708 = specbramwithbyteenable void @_ssdm_op_SpecBRAMWithByteEnable, i64 %SubbandBand0TopQ610_ap_int_const_ap_int_const_ap_int_const_ap_int_const_ap_i_12" [H:/subband_ref_q610_opt_stage4_latency_stepL2.cpp:1708]   --->   Operation 57 'specbramwithbyteenable' 'specbramwithbyteenable_ln1708' <Predicate = (!trunc_ln1705)> <Delay = 0.00>
ST_3 : Operation 58 [1/1] (0.00ns)   --->   "%tmp_43 = bitconcatenate i3 @_ssdm_op_BitConcatenate.i3.i2.i1, i2 %trunc_ln1708, i1 0" [H:/subband_ref_q610_opt_stage4_latency_stepL2.cpp:1708]   --->   Operation 58 'bitconcatenate' 'tmp_43' <Predicate = (!trunc_ln1705)> <Delay = 0.00>
ST_3 : Operation 59 [1/1] (0.00ns)   --->   "%zext_ln1708_14 = zext i3 %tmp_43" [H:/subband_ref_q610_opt_stage4_latency_stepL2.cpp:1708]   --->   Operation 59 'zext' 'zext_ln1708_14' <Predicate = (!trunc_ln1705)> <Delay = 0.00>
ST_3 : Operation 60 [1/1] (2.12ns)   --->   "%shl_ln1708_5 = shl i8 3, i8 %zext_ln1708_14" [H:/subband_ref_q610_opt_stage4_latency_stepL2.cpp:1708]   --->   Operation 60 'shl' 'shl_ln1708_5' <Predicate = (!trunc_ln1705)> <Delay = 2.12> <CoreInst = "Shifter">   --->   Core 75 'Shifter' <Latency = 0> <II = 1> <Delay = 3.14> <FuncUnit> <Opcode : 'shl' 'lshr' 'ashr'> <InPorts = 2> <OutPorts = 1>
ST_3 : Operation 61 [1/1] (3.25ns)   --->   "%store_ln1708 = store void @_ssdm_op_Write.bram.i64, i11 %SubbandBand0TopQ610_ap_int_const_ap_int_const_ap_int_const_ap_int_const_ap_i_39, i64 %shl_ln1708_3, i8 %shl_ln1708_5" [H:/subband_ref_q610_opt_stage4_latency_stepL2.cpp:1708]   --->   Operation 61 'store' 'store_ln1708' <Predicate = (!trunc_ln1705)> <Delay = 3.25> <CoreInst = "RAM_2P_BRAM">   --->   Core 91 'RAM_2P_BRAM' <Latency = 1> <II = 1> <Delay = 3.25> <Storage> <Opcode : 'load' 'store'> <Ports = 2> <Width = 64> <Depth = 1120> <RAM>
ST_3 : Operation 62 [1/1] (0.00ns)   --->   "%br_ln1708 = br void %arrayidx81.exit" [H:/subband_ref_q610_opt_stage4_latency_stepL2.cpp:1708]   --->   Operation 62 'br' 'br_ln1708' <Predicate = (!trunc_ln1705)> <Delay = 0.00>
ST_3 : Operation 63 [1/1] (0.00ns)   --->   "%specbramwithbyteenable_ln1708 = specbramwithbyteenable void @_ssdm_op_SpecBRAMWithByteEnable, i64 %SubbandBand0TopQ610_ap_int_const_ap_int_const_ap_int_const_ap_int_const_ap_i_11" [H:/subband_ref_q610_opt_stage4_latency_stepL2.cpp:1708]   --->   Operation 63 'specbramwithbyteenable' 'specbramwithbyteenable_ln1708' <Predicate = (trunc_ln1705)> <Delay = 0.00>
ST_3 : Operation 64 [1/1] (0.00ns)   --->   "%tmp = bitconcatenate i3 @_ssdm_op_BitConcatenate.i3.i2.i1, i2 %trunc_ln1708, i1 0" [H:/subband_ref_q610_opt_stage4_latency_stepL2.cpp:1708]   --->   Operation 64 'bitconcatenate' 'tmp' <Predicate = (trunc_ln1705)> <Delay = 0.00>
ST_3 : Operation 65 [1/1] (0.00ns)   --->   "%zext_ln1708_13 = zext i3 %tmp" [H:/subband_ref_q610_opt_stage4_latency_stepL2.cpp:1708]   --->   Operation 65 'zext' 'zext_ln1708_13' <Predicate = (trunc_ln1705)> <Delay = 0.00>
ST_3 : Operation 66 [1/1] (2.12ns)   --->   "%shl_ln1708_4 = shl i8 3, i8 %zext_ln1708_13" [H:/subband_ref_q610_opt_stage4_latency_stepL2.cpp:1708]   --->   Operation 66 'shl' 'shl_ln1708_4' <Predicate = (trunc_ln1705)> <Delay = 2.12> <CoreInst = "Shifter">   --->   Core 75 'Shifter' <Latency = 0> <II = 1> <Delay = 3.14> <FuncUnit> <Opcode : 'shl' 'lshr' 'ashr'> <InPorts = 2> <OutPorts = 1>
ST_3 : Operation 67 [1/1] (3.25ns)   --->   "%store_ln1708 = store void @_ssdm_op_Write.bram.i64, i11 %SubbandBand0TopQ610_ap_int_const_ap_int_const_ap_int_const_ap_int_const_ap_i_40, i64 %shl_ln1708_3, i8 %shl_ln1708_4" [H:/subband_ref_q610_opt_stage4_latency_stepL2.cpp:1708]   --->   Operation 67 'store' 'store_ln1708' <Predicate = (trunc_ln1705)> <Delay = 3.25> <CoreInst = "RAM_2P_BRAM">   --->   Core 91 'RAM_2P_BRAM' <Latency = 1> <II = 1> <Delay = 3.25> <Storage> <Opcode : 'load' 'store'> <Ports = 2> <Width = 64> <Depth = 1120> <RAM>
ST_3 : Operation 68 [1/1] (0.00ns)   --->   "%br_ln1708 = br void %arrayidx81.exit" [H:/subband_ref_q610_opt_stage4_latency_stepL2.cpp:1708]   --->   Operation 68 'br' 'br_ln1708' <Predicate = (trunc_ln1705)> <Delay = 0.00>


============================================================
+ Verbose Summary: Binding
============================================================
STG Binding: 
---------------- STG Properties BEGIN ----------------
- Is combinational: 0
- Is one-state seq: 0
- Is datapath-only: 0
- Is pipelined: 0
- Is top level: 0
Port [ Return ] is wired: 1; IO mode=ap_ctrl_hs:ce=0
Port [ weights]:  wired=1; compound=1; hidden=0; nouse=0; global=0; static=0; extern=0; dir=0; type=4; pingpong=0; private_global=0; IO mode=m_axi:ce=0
Port [ sext_ln1705]:  wired=1; compound=0; hidden=0; nouse=0; global=0; static=0; extern=0; dir=0; type=0; pingpong=0; private_global=0; IO mode=ap_none:ce=0
Port [ SubbandBand0TopQ610_ap_int_const_ap_int_const_ap_int_const_ap_int_const_ap_i_12]:  wired=1; compound=1; hidden=0; nouse=0; global=1; static=1; extern=0; dir=1; type=1; pingpong=0; private_global=0; MemPort=[30]; IO mode=ap_memory:ce=0
Port [ SubbandBand0TopQ610_ap_int_const_ap_int_const_ap_int_const_ap_int_const_ap_i_11]:  wired=1; compound=1; hidden=0; nouse=0; global=1; static=1; extern=0; dir=1; type=1; pingpong=0; private_global=0; MemPort=[30]; IO mode=ap_memory:ce=0
---------------- STG Properties END ------------------

---------------- Datapath Model BEGIN ----------------

<LifeTime>
<method=bitvector/>
col                                                                             (alloca                ) [ 0110]
row                                                                             (alloca                ) [ 0110]
indvar_flatten                                                                  (alloca                ) [ 0100]
sext_ln1705_read                                                                (read                  ) [ 0000]
sext_ln1705_cast                                                                (sext                  ) [ 0110]
specmemcore_ln0                                                                 (specmemcore           ) [ 0000]
specmemcore_ln0                                                                 (specmemcore           ) [ 0000]
specinterface_ln0                                                               (specinterface         ) [ 0000]
store_ln0                                                                       (store                 ) [ 0000]
store_ln1705                                                                    (store                 ) [ 0000]
store_ln1706                                                                    (store                 ) [ 0000]
br_ln0                                                                          (br                    ) [ 0000]
indvar_flatten_load                                                             (load                  ) [ 0000]
icmp_ln1705                                                                     (icmp                  ) [ 0110]
add_ln1705_2                                                                    (add                   ) [ 0000]
br_ln1705                                                                       (br                    ) [ 0000]
store_ln1705                                                                    (store                 ) [ 0000]
col_load                                                                        (load                  ) [ 0000]
row_load                                                                        (load                  ) [ 0000]
weights_addr                                                                    (getelementptr         ) [ 0000]
add_ln1705                                                                      (add                   ) [ 0000]
icmp_ln1706                                                                     (icmp                  ) [ 0000]
select_ln1705                                                                   (select                ) [ 0101]
select_ln1705_2                                                                 (select                ) [ 0000]
trunc_ln1705                                                                    (trunc                 ) [ 0101]
lshr_ln                                                                         (partselect            ) [ 0101]
lshr_ln3                                                                        (partselect            ) [ 0101]
trunc_ln1708                                                                    (trunc                 ) [ 0101]
weights_addr_read                                                               (read                  ) [ 0101]
br_ln1708                                                                       (br                    ) [ 0000]
add_ln1706                                                                      (add                   ) [ 0000]
store_ln1705                                                                    (store                 ) [ 0000]
store_ln1706                                                                    (store                 ) [ 0000]
br_ln1706                                                                       (br                    ) [ 0000]
specloopname_ln0                                                                (specloopname          ) [ 0000]
speclooptripcount_ln0                                                           (speclooptripcount     ) [ 0000]
tmp_s                                                                           (bitconcatenate        ) [ 0000]
zext_ln1708                                                                     (zext                  ) [ 0000]
tmp_28                                                                          (bitconcatenate        ) [ 0000]
zext_ln1708_8                                                                   (zext                  ) [ 0000]
add_ln1708                                                                      (add                   ) [ 0000]
specpipeline_ln1707                                                             (specpipeline          ) [ 0000]
shl_ln1708                                                                      (shl                   ) [ 0000]
zext_ln1708_9                                                                   (zext                  ) [ 0000]
add_ln1708_1                                                                    (add                   ) [ 0000]
zext_ln1708_10                                                                  (zext                  ) [ 0000]
SubbandBand0TopQ610_ap_int_const_ap_int_const_ap_int_const_ap_int_const_ap_i_39 (getelementptr         ) [ 0000]
SubbandBand0TopQ610_ap_int_const_ap_int_const_ap_int_const_ap_int_const_ap_i_40 (getelementptr         ) [ 0000]
zext_ln1708_11                                                                  (zext                  ) [ 0000]
zext_ln1708_12                                                                  (zext                  ) [ 0000]
shl_ln1708_3                                                                    (shl                   ) [ 0000]
specbramwithbyteenable_ln1708                                                   (specbramwithbyteenable) [ 0000]
tmp_43                                                                          (bitconcatenate        ) [ 0000]
zext_ln1708_14                                                                  (zext                  ) [ 0000]
shl_ln1708_5                                                                    (shl                   ) [ 0000]
store_ln1708                                                                    (store                 ) [ 0000]
br_ln1708                                                                       (br                    ) [ 0000]
specbramwithbyteenable_ln1708                                                   (specbramwithbyteenable) [ 0000]
tmp                                                                             (bitconcatenate        ) [ 0000]
zext_ln1708_13                                                                  (zext                  ) [ 0000]
shl_ln1708_4                                                                    (shl                   ) [ 0000]
store_ln1708                                                                    (store                 ) [ 0000]
br_ln1708                                                                       (br                    ) [ 0000]
ret_ln0                                                                         (ret                   ) [ 0000]
</LifeTime>

<model>

<comp_list>
<comp id="0" class="1000" name="weights">
<pin_list>
<pin id="1" dir="1" index="0" bw="1" slack="0"/>
</pin_list>
<bind>
<StgValue><ssdm name="weights"/></StgValue>
</bind>
</comp>

<comp id="2" class="1000" name="sext_ln1705">
<pin_list>
<pin id="3" dir="1" index="0" bw="1" slack="0"/>
</pin_list>
<bind>
<StgValue><ssdm name="sext_ln1705"/></StgValue>
</bind>
</comp>

<comp id="4" class="1000" name="SubbandBand0TopQ610_ap_int_const_ap_int_const_ap_int_const_ap_int_const_ap_i_12">
<pin_list>
<pin id="5" dir="1" index="0" bw="1" slack="0"/>
</pin_list>
<bind>
<StgValue><ssdm name="SubbandBand0TopQ610_ap_int_const_ap_int_const_ap_int_const_ap_int_const_ap_i_12"/><MemPortTyVec>3 0 </MemPortTyVec>
</StgValue>
</bind>
</comp>

<comp id="6" class="1000" name="SubbandBand0TopQ610_ap_int_const_ap_int_const_ap_int_const_ap_int_const_ap_i_11">
<pin_list>
<pin id="7" dir="1" index="0" bw="1" slack="0"/>
</pin_list>
<bind>
<StgValue><ssdm name="SubbandBand0TopQ610_ap_int_const_ap_int_const_ap_int_const_ap_int_const_ap_i_11"/><MemPortTyVec>3 0 </MemPortTyVec>
</StgValue>
</bind>
</comp>

<comp id="8" class="1001" name="const_8">
<pin_list>
<pin id="9" dir="1" index="0" bw="1" slack="0"/>
</pin_list>
<bind>
<StgValue><ssdm name=""/></StgValue>
</bind>
</comp>

<comp id="10" class="1001" name="const_10">
<pin_list>
<pin id="11" dir="1" index="0" bw="1" slack="0"/>
</pin_list>
<bind>
<StgValue><ssdm name="_ssdm_op_Read.ap_auto.i31"/></StgValue>
</bind>
</comp>

<comp id="12" class="1001" name="const_12">
<pin_list>
<pin id="13" dir="1" index="0" bw="1" slack="2147483647"/>
</pin_list>
<bind>
<StgValue><ssdm name="_ssdm_op_SpecMemCore"/></StgValue>
</bind>
</comp>

<comp id="14" class="1001" name="const_14">
<pin_list>
<pin id="15" dir="1" index="0" bw="1" slack="2147483647"/>
</pin_list>
<bind>
<StgValue><ssdm name=""/></StgValue>
</bind>
</comp>

<comp id="16" class="1001" name="const_16">
<pin_list>
<pin id="17" dir="1" index="0" bw="1" slack="2147483647"/>
</pin_list>
<bind>
<StgValue><ssdm name=""/></StgValue>
</bind>
</comp>

<comp id="18" class="1001" name="const_18">
<pin_list>
<pin id="19" dir="1" index="0" bw="1" slack="2147483647"/>
</pin_list>
<bind>
<StgValue><ssdm name=""/></StgValue>
</bind>
</comp>

<comp id="20" class="1001" name="const_20">
<pin_list>
<pin id="21" dir="1" index="0" bw="1" slack="2147483647"/>
</pin_list>
<bind>
<StgValue><ssdm name="_ssdm_op_SpecInterface"/></StgValue>
</bind>
</comp>

<comp id="22" class="1001" name="const_22">
<pin_list>
<pin id="23" dir="1" index="0" bw="1" slack="2147483647"/>
</pin_list>
<bind>
<StgValue><ssdm name="empty_173"/></StgValue>
</bind>
</comp>

<comp id="24" class="1001" name="const_24">
<pin_list>
<pin id="25" dir="1" index="0" bw="1" slack="0"/>
</pin_list>
<bind>
<StgValue><ssdm name=""/></StgValue>
</bind>
</comp>

<comp id="26" class="1001" name="const_26">
<pin_list>
<pin id="27" dir="1" index="0" bw="1" slack="2147483647"/>
</pin_list>
<bind>
<StgValue><ssdm name="empty_25"/></StgValue>
</bind>
</comp>

<comp id="28" class="1001" name="const_28">
<pin_list>
<pin id="29" dir="1" index="0" bw="1" slack="2147483647"/>
</pin_list>
<bind>
<StgValue><ssdm name=""/></StgValue>
</bind>
</comp>

<comp id="30" class="1001" name="const_30">
<pin_list>
<pin id="31" dir="1" index="0" bw="1" slack="2147483647"/>
</pin_list>
<bind>
<StgValue><ssdm name="empty_177"/></StgValue>
</bind>
</comp>

<comp id="32" class="1001" name="const_32">
<pin_list>
<pin id="33" dir="1" index="0" bw="1" slack="2147483647"/>
</pin_list>
<bind>
<StgValue><ssdm name="empty_176"/></StgValue>
</bind>
</comp>

<comp id="34" class="1001" name="const_34">
<pin_list>
<pin id="35" dir="1" index="0" bw="1" slack="2147483647"/>
</pin_list>
<bind>
<StgValue><ssdm name=""/></StgValue>
</bind>
</comp>

<comp id="36" class="1001" name="const_36">
<pin_list>
<pin id="37" dir="1" index="0" bw="1" slack="2147483647"/>
</pin_list>
<bind>
<StgValue><ssdm name=""/></StgValue>
</bind>
</comp>

<comp id="38" class="1001" name="const_38">
<pin_list>
<pin id="39" dir="1" index="0" bw="1" slack="0"/>
</pin_list>
<bind>
<StgValue><ssdm name=""/></StgValue>
</bind>
</comp>

<comp id="40" class="1001" name="const_40">
<pin_list>
<pin id="41" dir="1" index="0" bw="1" slack="0"/>
</pin_list>
<bind>
<StgValue><ssdm name=""/></StgValue>
</bind>
</comp>

<comp id="42" class="1001" name="const_42">
<pin_list>
<pin id="43" dir="1" index="0" bw="1" slack="0"/>
</pin_list>
<bind>
<StgValue><ssdm name=""/></StgValue>
</bind>
</comp>

<comp id="44" class="1001" name="const_44">
<pin_list>
<pin id="45" dir="1" index="0" bw="1" slack="0"/>
</pin_list>
<bind>
<StgValue><ssdm name=""/></StgValue>
</bind>
</comp>

<comp id="46" class="1001" name="const_46">
<pin_list>
<pin id="47" dir="1" index="0" bw="1" slack="0"/>
</pin_list>
<bind>
<StgValue><ssdm name=""/></StgValue>
</bind>
</comp>

<comp id="48" class="1001" name="const_48">
<pin_list>
<pin id="49" dir="1" index="0" bw="1" slack="0"/>
</pin_list>
<bind>
<StgValue><ssdm name=""/></StgValue>
</bind>
</comp>

<comp id="50" class="1001" name="const_50">
<pin_list>
<pin id="51" dir="1" index="0" bw="1" slack="0"/>
</pin_list>
<bind>
<StgValue><ssdm name=""/></StgValue>
</bind>
</comp>

<comp id="52" class="1001" name="const_52">
<pin_list>
<pin id="53" dir="1" index="0" bw="1" slack="0"/>
</pin_list>
<bind>
<StgValue><ssdm name="_ssdm_op_PartSelect.i7.i8.i32.i32"/></StgValue>
</bind>
</comp>

<comp id="54" class="1001" name="const_54">
<pin_list>
<pin id="55" dir="1" index="0" bw="1" slack="0"/>
</pin_list>
<bind>
<StgValue><ssdm name=""/></StgValue>
</bind>
</comp>

<comp id="56" class="1001" name="const_56">
<pin_list>
<pin id="57" dir="1" index="0" bw="1" slack="0"/>
</pin_list>
<bind>
<StgValue><ssdm name="_ssdm_op_PartSelect.i4.i6.i32.i32"/></StgValue>
</bind>
</comp>

<comp id="58" class="1001" name="const_58">
<pin_list>
<pin id="59" dir="1" index="0" bw="1" slack="0"/>
</pin_list>
<bind>
<StgValue><ssdm name=""/></StgValue>
</bind>
</comp>

<comp id="60" class="1001" name="const_60">
<pin_list>
<pin id="61" dir="1" index="0" bw="1" slack="0"/>
</pin_list>
<bind>
<StgValue><ssdm name=""/></StgValue>
</bind>
</comp>

<comp id="62" class="1001" name="const_62">
<pin_list>
<pin id="63" dir="1" index="0" bw="1" slack="0"/>
</pin_list>
<bind>
<StgValue><ssdm name="_ssdm_op_Read.m_axi.p1i16"/></StgValue>
</bind>
</comp>

<comp id="64" class="1001" name="const_64">
<pin_list>
<pin id="65" dir="1" index="0" bw="1" slack="0"/>
</pin_list>
<bind>
<StgValue><ssdm name=""/></StgValue>
</bind>
</comp>

<comp id="66" class="1001" name="const_66">
<pin_list>
<pin id="67" dir="1" index="0" bw="1" slack="2147483647"/>
</pin_list>
<bind>
<StgValue><ssdm name="_ssdm_op_SpecLoopName"/></StgValue>
</bind>
</comp>

<comp id="68" class="1001" name="const_68">
<pin_list>
<pin id="69" dir="1" index="0" bw="1" slack="2147483647"/>
</pin_list>
<bind>
<StgValue><ssdm name="VITIS_LOOP_1705_1_VITIS_LOOP_1706_2_str"/></StgValue>
</bind>
</comp>

<comp id="70" class="1001" name="const_70">
<pin_list>
<pin id="71" dir="1" index="0" bw="1" slack="2147483647"/>
</pin_list>
<bind>
<StgValue><ssdm name="_ssdm_op_SpecLoopTripCount"/></StgValue>
</bind>
</comp>

<comp id="72" class="1001" name="const_72">
<pin_list>
<pin id="73" dir="1" index="0" bw="1" slack="2147483647"/>
</pin_list>
<bind>
<StgValue><ssdm name=""/></StgValue>
</bind>
</comp>

<comp id="74" class="1001" name="const_74">
<pin_list>
<pin id="75" dir="1" index="0" bw="1" slack="0"/>
</pin_list>
<bind>
<StgValue><ssdm name="_ssdm_op_BitConcatenate.i10.i7.i3"/></StgValue>
</bind>
</comp>

<comp id="76" class="1001" name="const_76">
<pin_list>
<pin id="77" dir="1" index="0" bw="1" slack="0"/>
</pin_list>
<bind>
<StgValue><ssdm name=""/></StgValue>
</bind>
</comp>

<comp id="78" class="1001" name="const_78">
<pin_list>
<pin id="79" dir="1" index="0" bw="1" slack="0"/>
</pin_list>
<bind>
<StgValue><ssdm name="_ssdm_op_BitConcatenate.i8.i7.i1"/></StgValue>
</bind>
</comp>

<comp id="80" class="1001" name="const_80">
<pin_list>
<pin id="81" dir="1" index="0" bw="1" slack="0"/>
</pin_list>
<bind>
<StgValue><ssdm name=""/></StgValue>
</bind>
</comp>

<comp id="82" class="1001" name="const_82">
<pin_list>
<pin id="83" dir="1" index="0" bw="1" slack="2147483647"/>
</pin_list>
<bind>
<StgValue><ssdm name="_ssdm_op_SpecPipeline"/></StgValue>
</bind>
</comp>

<comp id="84" class="1001" name="const_84">
<pin_list>
<pin id="85" dir="1" index="0" bw="1" slack="0"/>
</pin_list>
<bind>
<StgValue><ssdm name=""/></StgValue>
</bind>
</comp>

<comp id="86" class="1001" name="const_86">
<pin_list>
<pin id="87" dir="1" index="0" bw="1" slack="2147483647"/>
</pin_list>
<bind>
<StgValue><ssdm name="_ssdm_op_SpecBRAMWithByteEnable"/></StgValue>
</bind>
</comp>

<comp id="88" class="1001" name="const_88">
<pin_list>
<pin id="89" dir="1" index="0" bw="1" slack="0"/>
</pin_list>
<bind>
<StgValue><ssdm name="_ssdm_op_BitConcatenate.i3.i2.i1"/></StgValue>
</bind>
</comp>

<comp id="90" class="1001" name="const_90">
<pin_list>
<pin id="91" dir="1" index="0" bw="1" slack="0"/>
</pin_list>
<bind>
<StgValue><ssdm name=""/></StgValue>
</bind>
</comp>

<comp id="92" class="1001" name="const_92">
<pin_list>
<pin id="93" dir="1" index="0" bw="1" slack="2147483647"/>
</pin_list>
<bind>
<StgValue><ssdm name="_ssdm_op_Write.bram.i64"/></StgValue>
</bind>
</comp>

<comp id="94" class="1004" name="col_fu_94">
<pin_list>
<pin id="95" dir="0" index="0" bw="1" slack="0"/>
<pin id="96" dir="1" index="1" bw="6" slack="0"/>
</pin_list>
<bind>
<opcode="alloca(26) " fcode="alloca"/>
<opset="col/1 "/>
</bind>
</comp>

<comp id="98" class="1004" name="row_fu_98">
<pin_list>
<pin id="99" dir="0" index="0" bw="1" slack="0"/>
<pin id="100" dir="1" index="1" bw="8" slack="0"/>
</pin_list>
<bind>
<opcode="alloca(26) " fcode="alloca"/>
<opset="row/1 "/>
</bind>
</comp>

<comp id="102" class="1004" name="indvar_flatten_fu_102">
<pin_list>
<pin id="103" dir="0" index="0" bw="1" slack="0"/>
<pin id="104" dir="1" index="1" bw="14" slack="0"/>
</pin_list>
<bind>
<opcode="alloca(26) " fcode="alloca"/>
<opset="indvar_flatten/1 "/>
</bind>
</comp>

<comp id="106" class="1004" name="sext_ln1705_read_read_fu_106">
<pin_list>
<pin id="107" dir="0" index="0" bw="31" slack="0"/>
<pin id="108" dir="0" index="1" bw="31" slack="0"/>
<pin id="109" dir="1" index="2" bw="31" slack="0"/>
</pin_list>
<bind>
<opcode="read(1150) " fcode="read"/>
<opset="sext_ln1705_read/1 "/>
</bind>
</comp>

<comp id="112" class="1004" name="weights_addr_read_read_fu_112">
<pin_list>
<pin id="113" dir="0" index="0" bw="16" slack="0"/>
<pin id="114" dir="0" index="1" bw="16" slack="0"/>
<pin id="115" dir="1" index="2" bw="16" slack="1"/>
</pin_list>
<bind>
<opcode="read(1150) " fcode="read"/>
<opset="weights_addr_read/2 "/>
</bind>
</comp>

<comp id="117" class="1004" name="SubbandBand0TopQ610_ap_int_const_ap_int_const_ap_int_const_ap_int_const_ap_i_39_gep_fu_117">
<pin_list>
<pin id="118" dir="0" index="0" bw="64" slack="0"/>
<pin id="119" dir="0" index="1" bw="1" slack="0"/>
<pin id="120" dir="0" index="2" bw="11" slack="0"/>
<pin id="121" dir="1" index="3" bw="11" slack="2147483647"/>
</pin_list>
<bind>
<opcode="getelementptr(29) " fcode="getelementptr"/>
<opset="SubbandBand0TopQ610_ap_int_const_ap_int_const_ap_int_const_ap_int_const_ap_i_39/3 "/>
</bind>
</comp>

<comp id="124" class="1004" name="SubbandBand0TopQ610_ap_int_const_ap_int_const_ap_int_const_ap_int_const_ap_i_40_gep_fu_124">
<pin_list>
<pin id="125" dir="0" index="0" bw="64" slack="0"/>
<pin id="126" dir="0" index="1" bw="1" slack="0"/>
<pin id="127" dir="0" index="2" bw="11" slack="0"/>
<pin id="128" dir="1" index="3" bw="11" slack="2147483647"/>
</pin_list>
<bind>
<opcode="getelementptr(29) " fcode="getelementptr"/>
<opset="SubbandBand0TopQ610_ap_int_const_ap_int_const_ap_int_const_ap_int_const_ap_i_40/3 "/>
</bind>
</comp>

<comp id="131" class="1004" name="store_ln1708_access_fu_131">
<pin_list>
<pin id="132" dir="0" index="0" bw="11" slack="2147483647"/>
<pin id="133" dir="0" index="1" bw="64" slack="2147483647"/>
<pin id="134" dir="0" index="2" bw="8" slack="2147483647"/>
<pin id="136" dir="0" index="4" bw="11" slack="2147483647"/>
<pin id="137" dir="0" index="5" bw="64" slack="0"/>
<pin id="138" dir="0" index="6" bw="8" slack="0"/>
<pin id="135" dir="1" index="3" bw="64" slack="2147483647"/>
<pin id="139" dir="1" index="7" bw="64" slack="2147483647"/>
</pin_list>
<bind>
<opcode="store(28) " fcode="store"/>
<opset="store_ln1708/3 "/>
</bind>
</comp>

<comp id="140" class="1004" name="store_ln1708_access_fu_140">
<pin_list>
<pin id="141" dir="0" index="0" bw="11" slack="2147483647"/>
<pin id="142" dir="0" index="1" bw="64" slack="2147483647"/>
<pin id="143" dir="0" index="2" bw="8" slack="2147483647"/>
<pin id="145" dir="0" index="4" bw="11" slack="2147483647"/>
<pin id="146" dir="0" index="5" bw="64" slack="0"/>
<pin id="147" dir="0" index="6" bw="8" slack="0"/>
<pin id="144" dir="1" index="3" bw="64" slack="2147483647"/>
<pin id="148" dir="1" index="7" bw="64" slack="2147483647"/>
</pin_list>
<bind>
<opcode="store(28) " fcode="store"/>
<opset="store_ln1708/3 "/>
</bind>
</comp>

<comp id="149" class="1004" name="sext_ln1705_cast_fu_149">
<pin_list>
<pin id="150" dir="0" index="0" bw="31" slack="0"/>
<pin id="151" dir="1" index="1" bw="32" slack="1"/>
</pin_list>
<bind>
<opcode="sext(35) " fcode="sext"/>
<opset="sext_ln1705_cast/1 "/>
</bind>
</comp>

<comp id="153" class="1004" name="store_ln0_store_fu_153">
<pin_list>
<pin id="154" dir="0" index="0" bw="1" slack="0"/>
<pin id="155" dir="0" index="1" bw="14" slack="0"/>
<pin id="156" dir="1" index="2" bw="0" slack="2147483647"/>
</pin_list>
<bind>
<opcode="store(28) " fcode="store"/>
<opset="store_ln0/1 "/>
</bind>
</comp>

<comp id="158" class="1004" name="store_ln1705_store_fu_158">
<pin_list>
<pin id="159" dir="0" index="0" bw="1" slack="0"/>
<pin id="160" dir="0" index="1" bw="8" slack="0"/>
<pin id="161" dir="1" index="2" bw="0" slack="2147483647"/>
</pin_list>
<bind>
<opcode="store(28) " fcode="store"/>
<opset="store_ln1705/1 "/>
</bind>
</comp>

<comp id="163" class="1004" name="store_ln1706_store_fu_163">
<pin_list>
<pin id="164" dir="0" index="0" bw="1" slack="0"/>
<pin id="165" dir="0" index="1" bw="6" slack="0"/>
<pin id="166" dir="1" index="2" bw="0" slack="2147483647"/>
</pin_list>
<bind>
<opcode="store(28) " fcode="store"/>
<opset="store_ln1706/1 "/>
</bind>
</comp>

<comp id="168" class="1004" name="indvar_flatten_load_load_fu_168">
<pin_list>
<pin id="169" dir="0" index="0" bw="14" slack="0"/>
<pin id="170" dir="1" index="1" bw="14" slack="0"/>
</pin_list>
<bind>
<opcode="load(27) " fcode="load"/>
<opset="indvar_flatten_load/1 "/>
</bind>
</comp>

<comp id="171" class="1004" name="icmp_ln1705_fu_171">
<pin_list>
<pin id="172" dir="0" index="0" bw="14" slack="0"/>
<pin id="173" dir="0" index="1" bw="14" slack="0"/>
<pin id="174" dir="1" index="2" bw="1" slack="1"/>
</pin_list>
<bind>
<opcode="icmp(45) " fcode="icmp"/>
<opset="icmp_ln1705/1 "/>
</bind>
</comp>

<comp id="177" class="1004" name="add_ln1705_2_fu_177">
<pin_list>
<pin id="178" dir="0" index="0" bw="14" slack="0"/>
<pin id="179" dir="0" index="1" bw="1" slack="0"/>
<pin id="180" dir="1" index="2" bw="14" slack="0"/>
</pin_list>
<bind>
<opcode="add(8) " fcode="add"/>
<opset="add_ln1705_2/1 "/>
</bind>
</comp>

<comp id="183" class="1004" name="store_ln1705_store_fu_183">
<pin_list>
<pin id="184" dir="0" index="0" bw="14" slack="0"/>
<pin id="185" dir="0" index="1" bw="14" slack="0"/>
<pin id="186" dir="1" index="2" bw="0" slack="2147483647"/>
</pin_list>
<bind>
<opcode="store(28) " fcode="store"/>
<opset="store_ln1705/1 "/>
</bind>
</comp>

<comp id="188" class="1004" name="col_load_load_fu_188">
<pin_list>
<pin id="189" dir="0" index="0" bw="6" slack="1"/>
<pin id="190" dir="1" index="1" bw="6" slack="0"/>
</pin_list>
<bind>
<opcode="load(27) " fcode="load"/>
<opset="col_load/2 "/>
</bind>
</comp>

<comp id="191" class="1004" name="row_load_load_fu_191">
<pin_list>
<pin id="192" dir="0" index="0" bw="8" slack="1"/>
<pin id="193" dir="1" index="1" bw="8" slack="0"/>
</pin_list>
<bind>
<opcode="load(27) " fcode="load"/>
<opset="row_load/2 "/>
</bind>
</comp>

<comp id="194" class="1004" name="weights_addr_fu_194">
<pin_list>
<pin id="195" dir="0" index="0" bw="32" slack="0"/>
<pin id="196" dir="0" index="1" bw="32" slack="1"/>
<pin id="197" dir="1" index="2" bw="32" slack="0"/>
</pin_list>
<bind>
<opcode="getelementptr(29) " fcode="getelementptr"/>
<opset="weights_addr/2 "/>
</bind>
</comp>

<comp id="200" class="1004" name="add_ln1705_fu_200">
<pin_list>
<pin id="201" dir="0" index="0" bw="8" slack="0"/>
<pin id="202" dir="0" index="1" bw="1" slack="0"/>
<pin id="203" dir="1" index="2" bw="8" slack="0"/>
</pin_list>
<bind>
<opcode="add(8) " fcode="add"/>
<opset="add_ln1705/2 "/>
</bind>
</comp>

<comp id="206" class="1004" name="icmp_ln1706_fu_206">
<pin_list>
<pin id="207" dir="0" index="0" bw="6" slack="0"/>
<pin id="208" dir="0" index="1" bw="6" slack="0"/>
<pin id="209" dir="1" index="2" bw="1" slack="0"/>
</pin_list>
<bind>
<opcode="icmp(45) " fcode="icmp"/>
<opset="icmp_ln1706/2 "/>
</bind>
</comp>

<comp id="212" class="1004" name="select_ln1705_fu_212">
<pin_list>
<pin id="213" dir="0" index="0" bw="1" slack="0"/>
<pin id="214" dir="0" index="1" bw="6" slack="0"/>
<pin id="215" dir="0" index="2" bw="6" slack="0"/>
<pin id="216" dir="1" index="3" bw="6" slack="0"/>
</pin_list>
<bind>
<opcode="select(49) " fcode="select"/>
<opset="select_ln1705/2 "/>
</bind>
</comp>

<comp id="220" class="1004" name="select_ln1705_2_fu_220">
<pin_list>
<pin id="221" dir="0" index="0" bw="1" slack="0"/>
<pin id="222" dir="0" index="1" bw="8" slack="0"/>
<pin id="223" dir="0" index="2" bw="8" slack="0"/>
<pin id="224" dir="1" index="3" bw="8" slack="0"/>
</pin_list>
<bind>
<opcode="select(49) " fcode="select"/>
<opset="select_ln1705_2/2 "/>
</bind>
</comp>

<comp id="228" class="1004" name="trunc_ln1705_fu_228">
<pin_list>
<pin id="229" dir="0" index="0" bw="8" slack="0"/>
<pin id="230" dir="1" index="1" bw="1" slack="1"/>
</pin_list>
<bind>
<opcode="trunc(33) " fcode="trunc"/>
<opset="trunc_ln1705/2 "/>
</bind>
</comp>

<comp id="232" class="1004" name="lshr_ln_fu_232">
<pin_list>
<pin id="233" dir="0" index="0" bw="7" slack="0"/>
<pin id="234" dir="0" index="1" bw="8" slack="0"/>
<pin id="235" dir="0" index="2" bw="1" slack="0"/>
<pin id="236" dir="0" index="3" bw="4" slack="0"/>
<pin id="237" dir="1" index="4" bw="7" slack="1"/>
</pin_list>
<bind>
<opcode="partselect(1002) " fcode="partselect"/>
<opset="lshr_ln/2 "/>
</bind>
</comp>

<comp id="242" class="1004" name="lshr_ln3_fu_242">
<pin_list>
<pin id="243" dir="0" index="0" bw="4" slack="0"/>
<pin id="244" dir="0" index="1" bw="6" slack="0"/>
<pin id="245" dir="0" index="2" bw="3" slack="0"/>
<pin id="246" dir="0" index="3" bw="4" slack="0"/>
<pin id="247" dir="1" index="4" bw="4" slack="1"/>
</pin_list>
<bind>
<opcode="partselect(1002) " fcode="partselect"/>
<opset="lshr_ln3/2 "/>
</bind>
</comp>

<comp id="252" class="1004" name="trunc_ln1708_fu_252">
<pin_list>
<pin id="253" dir="0" index="0" bw="6" slack="0"/>
<pin id="254" dir="1" index="1" bw="2" slack="1"/>
</pin_list>
<bind>
<opcode="trunc(33) " fcode="trunc"/>
<opset="trunc_ln1708/2 "/>
</bind>
</comp>

<comp id="256" class="1004" name="add_ln1706_fu_256">
<pin_list>
<pin id="257" dir="0" index="0" bw="6" slack="0"/>
<pin id="258" dir="0" index="1" bw="1" slack="0"/>
<pin id="259" dir="1" index="2" bw="6" slack="0"/>
</pin_list>
<bind>
<opcode="add(8) " fcode="add"/>
<opset="add_ln1706/2 "/>
</bind>
</comp>

<comp id="262" class="1004" name="store_ln1705_store_fu_262">
<pin_list>
<pin id="263" dir="0" index="0" bw="8" slack="0"/>
<pin id="264" dir="0" index="1" bw="8" slack="1"/>
<pin id="265" dir="1" index="2" bw="0" slack="2147483647"/>
</pin_list>
<bind>
<opcode="store(28) " fcode="store"/>
<opset="store_ln1705/2 "/>
</bind>
</comp>

<comp id="267" class="1004" name="store_ln1706_store_fu_267">
<pin_list>
<pin id="268" dir="0" index="0" bw="6" slack="0"/>
<pin id="269" dir="0" index="1" bw="6" slack="1"/>
<pin id="270" dir="1" index="2" bw="0" slack="2147483647"/>
</pin_list>
<bind>
<opcode="store(28) " fcode="store"/>
<opset="store_ln1706/2 "/>
</bind>
</comp>

<comp id="272" class="1004" name="tmp_s_fu_272">
<pin_list>
<pin id="273" dir="0" index="0" bw="10" slack="0"/>
<pin id="274" dir="0" index="1" bw="7" slack="1"/>
<pin id="275" dir="0" index="2" bw="1" slack="0"/>
<pin id="276" dir="1" index="3" bw="10" slack="0"/>
</pin_list>
<bind>
<opcode="bitconcatenate(1004) " fcode="bitconcatenate"/>
<opset="tmp_s/3 "/>
</bind>
</comp>

<comp id="279" class="1004" name="zext_ln1708_fu_279">
<pin_list>
<pin id="280" dir="0" index="0" bw="10" slack="0"/>
<pin id="281" dir="1" index="1" bw="11" slack="0"/>
</pin_list>
<bind>
<opcode="zext(34) " fcode="zext"/>
<opset="zext_ln1708/3 "/>
</bind>
</comp>

<comp id="283" class="1004" name="tmp_28_fu_283">
<pin_list>
<pin id="284" dir="0" index="0" bw="8" slack="0"/>
<pin id="285" dir="0" index="1" bw="7" slack="1"/>
<pin id="286" dir="0" index="2" bw="1" slack="0"/>
<pin id="287" dir="1" index="3" bw="8" slack="0"/>
</pin_list>
<bind>
<opcode="bitconcatenate(1004) " fcode="bitconcatenate"/>
<opset="tmp_28/3 "/>
</bind>
</comp>

<comp id="290" class="1004" name="zext_ln1708_8_fu_290">
<pin_list>
<pin id="291" dir="0" index="0" bw="8" slack="0"/>
<pin id="292" dir="1" index="1" bw="11" slack="0"/>
</pin_list>
<bind>
<opcode="zext(34) " fcode="zext"/>
<opset="zext_ln1708_8/3 "/>
</bind>
</comp>

<comp id="294" class="1004" name="add_ln1708_fu_294">
<pin_list>
<pin id="295" dir="0" index="0" bw="10" slack="0"/>
<pin id="296" dir="0" index="1" bw="8" slack="0"/>
<pin id="297" dir="1" index="2" bw="11" slack="0"/>
</pin_list>
<bind>
<opcode="add(8) " fcode="add"/>
<opset="add_ln1708/3 "/>
</bind>
</comp>

<comp id="300" class="1004" name="shl_ln1708_fu_300">
<pin_list>
<pin id="301" dir="0" index="0" bw="6" slack="1"/>
<pin id="302" dir="0" index="1" bw="4" slack="0"/>
<pin id="303" dir="1" index="2" bw="6" slack="0"/>
</pin_list>
<bind>
<opcode="shl(20) " fcode="shl"/>
<opset="shl_ln1708/3 "/>
</bind>
</comp>

<comp id="305" class="1004" name="zext_ln1708_9_fu_305">
<pin_list>
<pin id="306" dir="0" index="0" bw="4" slack="1"/>
<pin id="307" dir="1" index="1" bw="11" slack="0"/>
</pin_list>
<bind>
<opcode="zext(34) " fcode="zext"/>
<opset="zext_ln1708_9/3 "/>
</bind>
</comp>

<comp id="308" class="1004" name="add_ln1708_1_fu_308">
<pin_list>
<pin id="309" dir="0" index="0" bw="11" slack="0"/>
<pin id="310" dir="0" index="1" bw="4" slack="0"/>
<pin id="311" dir="1" index="2" bw="11" slack="0"/>
</pin_list>
<bind>
<opcode="add(8) " fcode="add"/>
<opset="add_ln1708_1/3 "/>
</bind>
</comp>

<comp id="314" class="1004" name="zext_ln1708_10_fu_314">
<pin_list>
<pin id="315" dir="0" index="0" bw="11" slack="0"/>
<pin id="316" dir="1" index="1" bw="32" slack="0"/>
</pin_list>
<bind>
<opcode="zext(34) " fcode="zext"/>
<opset="zext_ln1708_10/3 "/>
</bind>
</comp>

<comp id="320" class="1004" name="zext_ln1708_11_fu_320">
<pin_list>
<pin id="321" dir="0" index="0" bw="6" slack="0"/>
<pin id="322" dir="1" index="1" bw="64" slack="0"/>
</pin_list>
<bind>
<opcode="zext(34) " fcode="zext"/>
<opset="zext_ln1708_11/3 "/>
</bind>
</comp>

<comp id="324" class="1004" name="zext_ln1708_12_fu_324">
<pin_list>
<pin id="325" dir="0" index="0" bw="16" slack="1"/>
<pin id="326" dir="1" index="1" bw="64" slack="0"/>
</pin_list>
<bind>
<opcode="zext(34) " fcode="zext"/>
<opset="zext_ln1708_12/3 "/>
</bind>
</comp>

<comp id="327" class="1004" name="shl_ln1708_3_fu_327">
<pin_list>
<pin id="328" dir="0" index="0" bw="16" slack="0"/>
<pin id="329" dir="0" index="1" bw="6" slack="0"/>
<pin id="330" dir="1" index="2" bw="64" slack="0"/>
</pin_list>
<bind>
<opcode="shl(20) " fcode="shl"/>
<opset="shl_ln1708_3/3 "/>
</bind>
</comp>

<comp id="335" class="1004" name="tmp_43_fu_335">
<pin_list>
<pin id="336" dir="0" index="0" bw="3" slack="0"/>
<pin id="337" dir="0" index="1" bw="2" slack="1"/>
<pin id="338" dir="0" index="2" bw="1" slack="0"/>
<pin id="339" dir="1" index="3" bw="3" slack="0"/>
</pin_list>
<bind>
<opcode="bitconcatenate(1004) " fcode="bitconcatenate"/>
<opset="tmp_43/3 "/>
</bind>
</comp>

<comp id="342" class="1004" name="zext_ln1708_14_fu_342">
<pin_list>
<pin id="343" dir="0" index="0" bw="3" slack="0"/>
<pin id="344" dir="1" index="1" bw="8" slack="0"/>
</pin_list>
<bind>
<opcode="zext(34) " fcode="zext"/>
<opset="zext_ln1708_14/3 "/>
</bind>
</comp>

<comp id="346" class="1004" name="shl_ln1708_5_fu_346">
<pin_list>
<pin id="347" dir="0" index="0" bw="3" slack="0"/>
<pin id="348" dir="0" index="1" bw="3" slack="0"/>
<pin id="349" dir="1" index="2" bw="8" slack="0"/>
</pin_list>
<bind>
<opcode="shl(20) " fcode="shl"/>
<opset="shl_ln1708_5/3 "/>
</bind>
</comp>

<comp id="353" class="1004" name="tmp_fu_353">
<pin_list>
<pin id="354" dir="0" index="0" bw="3" slack="0"/>
<pin id="355" dir="0" index="1" bw="2" slack="1"/>
<pin id="356" dir="0" index="2" bw="1" slack="0"/>
<pin id="357" dir="1" index="3" bw="3" slack="0"/>
</pin_list>
<bind>
<opcode="bitconcatenate(1004) " fcode="bitconcatenate"/>
<opset="tmp/3 "/>
</bind>
</comp>

<comp id="360" class="1004" name="zext_ln1708_13_fu_360">
<pin_list>
<pin id="361" dir="0" index="0" bw="3" slack="0"/>
<pin id="362" dir="1" index="1" bw="8" slack="0"/>
</pin_list>
<bind>
<opcode="zext(34) " fcode="zext"/>
<opset="zext_ln1708_13/3 "/>
</bind>
</comp>

<comp id="364" class="1004" name="shl_ln1708_4_fu_364">
<pin_list>
<pin id="365" dir="0" index="0" bw="3" slack="0"/>
<pin id="366" dir="0" index="1" bw="3" slack="0"/>
<pin id="367" dir="1" index="2" bw="8" slack="0"/>
</pin_list>
<bind>
<opcode="shl(20) " fcode="shl"/>
<opset="shl_ln1708_4/3 "/>
</bind>
</comp>

<comp id="371" class="1005" name="col_reg_371">
<pin_list>
<pin id="372" dir="0" index="0" bw="6" slack="0"/>
<pin id="373" dir="1" index="1" bw="6" slack="0"/>
</pin_list>
<bind>
<opset="col "/>
</bind>
</comp>

<comp id="378" class="1005" name="row_reg_378">
<pin_list>
<pin id="379" dir="0" index="0" bw="8" slack="0"/>
<pin id="380" dir="1" index="1" bw="8" slack="0"/>
</pin_list>
<bind>
<opset="row "/>
</bind>
</comp>

<comp id="385" class="1005" name="indvar_flatten_reg_385">
<pin_list>
<pin id="386" dir="0" index="0" bw="14" slack="0"/>
<pin id="387" dir="1" index="1" bw="14" slack="0"/>
</pin_list>
<bind>
<opset="indvar_flatten "/>
</bind>
</comp>

<comp id="392" class="1005" name="sext_ln1705_cast_reg_392">
<pin_list>
<pin id="393" dir="0" index="0" bw="32" slack="1"/>
<pin id="394" dir="1" index="1" bw="32" slack="1"/>
</pin_list>
<bind>
<opset="sext_ln1705_cast "/>
</bind>
</comp>

<comp id="397" class="1005" name="icmp_ln1705_reg_397">
<pin_list>
<pin id="398" dir="0" index="0" bw="1" slack="1"/>
<pin id="399" dir="1" index="1" bw="1" slack="2147483647"/>
</pin_list>
<bind>
<opset="icmp_ln1705 "/>
</bind>
</comp>

<comp id="401" class="1005" name="select_ln1705_reg_401">
<pin_list>
<pin id="402" dir="0" index="0" bw="6" slack="1"/>
<pin id="403" dir="1" index="1" bw="6" slack="1"/>
</pin_list>
<bind>
<opset="select_ln1705 "/>
</bind>
</comp>

<comp id="406" class="1005" name="trunc_ln1705_reg_406">
<pin_list>
<pin id="407" dir="0" index="0" bw="1" slack="1"/>
<pin id="408" dir="1" index="1" bw="1" slack="2147483647"/>
</pin_list>
<bind>
<opset="trunc_ln1705 "/>
</bind>
</comp>

<comp id="410" class="1005" name="lshr_ln_reg_410">
<pin_list>
<pin id="411" dir="0" index="0" bw="7" slack="1"/>
<pin id="412" dir="1" index="1" bw="7" slack="1"/>
</pin_list>
<bind>
<opset="lshr_ln "/>
</bind>
</comp>

<comp id="416" class="1005" name="lshr_ln3_reg_416">
<pin_list>
<pin id="417" dir="0" index="0" bw="4" slack="1"/>
<pin id="418" dir="1" index="1" bw="4" slack="1"/>
</pin_list>
<bind>
<opset="lshr_ln3 "/>
</bind>
</comp>

<comp id="421" class="1005" name="trunc_ln1708_reg_421">
<pin_list>
<pin id="422" dir="0" index="0" bw="2" slack="1"/>
<pin id="423" dir="1" index="1" bw="2" slack="1"/>
</pin_list>
<bind>
<opset="trunc_ln1708 "/>
</bind>
</comp>

<comp id="427" class="1005" name="weights_addr_read_reg_427">
<pin_list>
<pin id="428" dir="0" index="0" bw="16" slack="1"/>
<pin id="429" dir="1" index="1" bw="16" slack="1"/>
</pin_list>
<bind>
<opset="weights_addr_read "/>
</bind>
</comp>

</comp_list>

<net_list>
<net id="97"><net_src comp="8" pin="0"/><net_sink comp="94" pin=0"/></net>

<net id="101"><net_src comp="8" pin="0"/><net_sink comp="98" pin=0"/></net>

<net id="105"><net_src comp="8" pin="0"/><net_sink comp="102" pin=0"/></net>

<net id="110"><net_src comp="10" pin="0"/><net_sink comp="106" pin=0"/></net>

<net id="111"><net_src comp="2" pin="0"/><net_sink comp="106" pin=1"/></net>

<net id="116"><net_src comp="62" pin="0"/><net_sink comp="112" pin=0"/></net>

<net id="122"><net_src comp="4" pin="0"/><net_sink comp="117" pin=0"/></net>

<net id="123"><net_src comp="24" pin="0"/><net_sink comp="117" pin=1"/></net>

<net id="129"><net_src comp="6" pin="0"/><net_sink comp="124" pin=0"/></net>

<net id="130"><net_src comp="24" pin="0"/><net_sink comp="124" pin=1"/></net>

<net id="152"><net_src comp="106" pin="2"/><net_sink comp="149" pin=0"/></net>

<net id="157"><net_src comp="38" pin="0"/><net_sink comp="153" pin=0"/></net>

<net id="162"><net_src comp="40" pin="0"/><net_sink comp="158" pin=0"/></net>

<net id="167"><net_src comp="42" pin="0"/><net_sink comp="163" pin=0"/></net>

<net id="175"><net_src comp="168" pin="1"/><net_sink comp="171" pin=0"/></net>

<net id="176"><net_src comp="44" pin="0"/><net_sink comp="171" pin=1"/></net>

<net id="181"><net_src comp="168" pin="1"/><net_sink comp="177" pin=0"/></net>

<net id="182"><net_src comp="46" pin="0"/><net_sink comp="177" pin=1"/></net>

<net id="187"><net_src comp="177" pin="2"/><net_sink comp="183" pin=0"/></net>

<net id="198"><net_src comp="0" pin="0"/><net_sink comp="194" pin=0"/></net>

<net id="199"><net_src comp="194" pin="2"/><net_sink comp="112" pin=1"/></net>

<net id="204"><net_src comp="191" pin="1"/><net_sink comp="200" pin=0"/></net>

<net id="205"><net_src comp="48" pin="0"/><net_sink comp="200" pin=1"/></net>

<net id="210"><net_src comp="188" pin="1"/><net_sink comp="206" pin=0"/></net>

<net id="211"><net_src comp="50" pin="0"/><net_sink comp="206" pin=1"/></net>

<net id="217"><net_src comp="206" pin="2"/><net_sink comp="212" pin=0"/></net>

<net id="218"><net_src comp="42" pin="0"/><net_sink comp="212" pin=1"/></net>

<net id="219"><net_src comp="188" pin="1"/><net_sink comp="212" pin=2"/></net>

<net id="225"><net_src comp="206" pin="2"/><net_sink comp="220" pin=0"/></net>

<net id="226"><net_src comp="200" pin="2"/><net_sink comp="220" pin=1"/></net>

<net id="227"><net_src comp="191" pin="1"/><net_sink comp="220" pin=2"/></net>

<net id="231"><net_src comp="220" pin="3"/><net_sink comp="228" pin=0"/></net>

<net id="238"><net_src comp="52" pin="0"/><net_sink comp="232" pin=0"/></net>

<net id="239"><net_src comp="220" pin="3"/><net_sink comp="232" pin=1"/></net>

<net id="240"><net_src comp="8" pin="0"/><net_sink comp="232" pin=2"/></net>

<net id="241"><net_src comp="54" pin="0"/><net_sink comp="232" pin=3"/></net>

<net id="248"><net_src comp="56" pin="0"/><net_sink comp="242" pin=0"/></net>

<net id="249"><net_src comp="212" pin="3"/><net_sink comp="242" pin=1"/></net>

<net id="250"><net_src comp="58" pin="0"/><net_sink comp="242" pin=2"/></net>

<net id="251"><net_src comp="60" pin="0"/><net_sink comp="242" pin=3"/></net>

<net id="255"><net_src comp="212" pin="3"/><net_sink comp="252" pin=0"/></net>

<net id="260"><net_src comp="212" pin="3"/><net_sink comp="256" pin=0"/></net>

<net id="261"><net_src comp="64" pin="0"/><net_sink comp="256" pin=1"/></net>

<net id="266"><net_src comp="220" pin="3"/><net_sink comp="262" pin=0"/></net>

<net id="271"><net_src comp="256" pin="2"/><net_sink comp="267" pin=0"/></net>

<net id="277"><net_src comp="74" pin="0"/><net_sink comp="272" pin=0"/></net>

<net id="278"><net_src comp="76" pin="0"/><net_sink comp="272" pin=2"/></net>

<net id="282"><net_src comp="272" pin="3"/><net_sink comp="279" pin=0"/></net>

<net id="288"><net_src comp="78" pin="0"/><net_sink comp="283" pin=0"/></net>

<net id="289"><net_src comp="80" pin="0"/><net_sink comp="283" pin=2"/></net>

<net id="293"><net_src comp="283" pin="3"/><net_sink comp="290" pin=0"/></net>

<net id="298"><net_src comp="279" pin="1"/><net_sink comp="294" pin=0"/></net>

<net id="299"><net_src comp="290" pin="1"/><net_sink comp="294" pin=1"/></net>

<net id="304"><net_src comp="84" pin="0"/><net_sink comp="300" pin=1"/></net>

<net id="312"><net_src comp="294" pin="2"/><net_sink comp="308" pin=0"/></net>

<net id="313"><net_src comp="305" pin="1"/><net_sink comp="308" pin=1"/></net>

<net id="317"><net_src comp="308" pin="2"/><net_sink comp="314" pin=0"/></net>

<net id="318"><net_src comp="314" pin="1"/><net_sink comp="117" pin=2"/></net>

<net id="319"><net_src comp="314" pin="1"/><net_sink comp="124" pin=2"/></net>

<net id="323"><net_src comp="300" pin="2"/><net_sink comp="320" pin=0"/></net>

<net id="331"><net_src comp="324" pin="1"/><net_sink comp="327" pin=0"/></net>

<net id="332"><net_src comp="320" pin="1"/><net_sink comp="327" pin=1"/></net>

<net id="333"><net_src comp="327" pin="2"/><net_sink comp="131" pin=5"/></net>

<net id="334"><net_src comp="327" pin="2"/><net_sink comp="140" pin=5"/></net>

<net id="340"><net_src comp="88" pin="0"/><net_sink comp="335" pin=0"/></net>

<net id="341"><net_src comp="80" pin="0"/><net_sink comp="335" pin=2"/></net>

<net id="345"><net_src comp="335" pin="3"/><net_sink comp="342" pin=0"/></net>

<net id="350"><net_src comp="90" pin="0"/><net_sink comp="346" pin=0"/></net>

<net id="351"><net_src comp="342" pin="1"/><net_sink comp="346" pin=1"/></net>

<net id="352"><net_src comp="346" pin="2"/><net_sink comp="131" pin=6"/></net>

<net id="358"><net_src comp="88" pin="0"/><net_sink comp="353" pin=0"/></net>

<net id="359"><net_src comp="80" pin="0"/><net_sink comp="353" pin=2"/></net>

<net id="363"><net_src comp="353" pin="3"/><net_sink comp="360" pin=0"/></net>

<net id="368"><net_src comp="90" pin="0"/><net_sink comp="364" pin=0"/></net>

<net id="369"><net_src comp="360" pin="1"/><net_sink comp="364" pin=1"/></net>

<net id="370"><net_src comp="364" pin="2"/><net_sink comp="140" pin=6"/></net>

<net id="374"><net_src comp="94" pin="1"/><net_sink comp="371" pin=0"/></net>

<net id="375"><net_src comp="371" pin="1"/><net_sink comp="163" pin=1"/></net>

<net id="376"><net_src comp="371" pin="1"/><net_sink comp="188" pin=0"/></net>

<net id="377"><net_src comp="371" pin="1"/><net_sink comp="267" pin=1"/></net>

<net id="381"><net_src comp="98" pin="1"/><net_sink comp="378" pin=0"/></net>

<net id="382"><net_src comp="378" pin="1"/><net_sink comp="158" pin=1"/></net>

<net id="383"><net_src comp="378" pin="1"/><net_sink comp="191" pin=0"/></net>

<net id="384"><net_src comp="378" pin="1"/><net_sink comp="262" pin=1"/></net>

<net id="388"><net_src comp="102" pin="1"/><net_sink comp="385" pin=0"/></net>

<net id="389"><net_src comp="385" pin="1"/><net_sink comp="153" pin=1"/></net>

<net id="390"><net_src comp="385" pin="1"/><net_sink comp="168" pin=0"/></net>

<net id="391"><net_src comp="385" pin="1"/><net_sink comp="183" pin=1"/></net>

<net id="395"><net_src comp="149" pin="1"/><net_sink comp="392" pin=0"/></net>

<net id="396"><net_src comp="392" pin="1"/><net_sink comp="194" pin=1"/></net>

<net id="400"><net_src comp="171" pin="2"/><net_sink comp="397" pin=0"/></net>

<net id="404"><net_src comp="212" pin="3"/><net_sink comp="401" pin=0"/></net>

<net id="405"><net_src comp="401" pin="1"/><net_sink comp="300" pin=0"/></net>

<net id="409"><net_src comp="228" pin="1"/><net_sink comp="406" pin=0"/></net>

<net id="413"><net_src comp="232" pin="4"/><net_sink comp="410" pin=0"/></net>

<net id="414"><net_src comp="410" pin="1"/><net_sink comp="272" pin=1"/></net>

<net id="415"><net_src comp="410" pin="1"/><net_sink comp="283" pin=1"/></net>

<net id="419"><net_src comp="242" pin="4"/><net_sink comp="416" pin=0"/></net>

<net id="420"><net_src comp="416" pin="1"/><net_sink comp="305" pin=0"/></net>

<net id="424"><net_src comp="252" pin="1"/><net_sink comp="421" pin=0"/></net>

<net id="425"><net_src comp="421" pin="1"/><net_sink comp="335" pin=1"/></net>

<net id="426"><net_src comp="421" pin="1"/><net_sink comp="353" pin=1"/></net>

<net id="430"><net_src comp="112" pin="2"/><net_sink comp="427" pin=0"/></net>

<net id="431"><net_src comp="427" pin="1"/><net_sink comp="324" pin=0"/></net>

</net_list>

</model> 
---------------- Datapath Model END ------------------

* FSMD analyzer results:
  - Output states:
	Port: weights | {}
	Port: SubbandBand0TopQ610_ap_int_const_ap_int_const_ap_int_const_ap_int_const_ap_i_12 | {3 }
	Port: SubbandBand0TopQ610_ap_int_const_ap_int_const_ap_int_const_ap_int_const_ap_i_11 | {3 }
 - Input state : 
	Port: (anonymous namespace)LoadMatrixQ610_Pipeline_VITIS_LOOP_1705_1_VITIS_LOOP_1706_2.1 : weights | {2 }
	Port: (anonymous namespace)LoadMatrixQ610_Pipeline_VITIS_LOOP_1705_1_VITIS_LOOP_1706_2.1 : sext_ln1705 | {1 }
	Port: (anonymous namespace)LoadMatrixQ610_Pipeline_VITIS_LOOP_1705_1_VITIS_LOOP_1706_2.1 : SubbandBand0TopQ610_ap_int_const_ap_int_const_ap_int_const_ap_int_const_ap_i_12 | {}
	Port: (anonymous namespace)LoadMatrixQ610_Pipeline_VITIS_LOOP_1705_1_VITIS_LOOP_1706_2.1 : SubbandBand0TopQ610_ap_int_const_ap_int_const_ap_int_const_ap_int_const_ap_i_11 | {}
  - Chain level:
	State 1
		store_ln0 : 1
		store_ln1705 : 1
		store_ln1706 : 1
		indvar_flatten_load : 1
		icmp_ln1705 : 2
		add_ln1705_2 : 2
		br_ln1705 : 3
		store_ln1705 : 3
	State 2
		add_ln1705 : 1
		icmp_ln1706 : 1
		select_ln1705 : 2
		select_ln1705_2 : 2
		trunc_ln1705 : 3
		lshr_ln : 3
		lshr_ln3 : 3
		trunc_ln1708 : 3
		weights_addr_read : 1
		br_ln1708 : 4
		add_ln1706 : 3
		store_ln1705 : 3
		store_ln1706 : 4
	State 3
		zext_ln1708 : 1
		zext_ln1708_8 : 1
		add_ln1708 : 2
		add_ln1708_1 : 3
		zext_ln1708_10 : 4
		SubbandBand0TopQ610_ap_int_const_ap_int_const_ap_int_const_ap_int_const_ap_i_39 : 5
		SubbandBand0TopQ610_ap_int_const_ap_int_const_ap_int_const_ap_int_const_ap_i_40 : 5
		shl_ln1708_3 : 1
		zext_ln1708_14 : 1
		shl_ln1708_5 : 2
		store_ln1708 : 6
		zext_ln1708_13 : 1
		shl_ln1708_4 : 2
		store_ln1708 : 6


============================================================
+ Verbose Summary: Datapath Resource usage 
============================================================

* Functional unit list:
|----------|-------------------------------|---------|---------|
| Operation|        Functional Unit        |    FF   |   LUT   |
|----------|-------------------------------|---------|---------|
|          |      add_ln1705_2_fu_177      |    0    |    17   |
|          |       add_ln1705_fu_200       |    0    |    15   |
|    add   |       add_ln1706_fu_256       |    0    |    14   |
|          |       add_ln1708_fu_294       |    0    |    10   |
|          |      add_ln1708_1_fu_308      |    0    |    11   |
|----------|-------------------------------|---------|---------|
|          |       shl_ln1708_fu_300       |    0    |    0    |
|    shl   |      shl_ln1708_3_fu_327      |    0    |    35   |
|          |      shl_ln1708_5_fu_346      |    0    |    7    |
|          |      shl_ln1708_4_fu_364      |    0    |    7    |
|----------|-------------------------------|---------|---------|
|   icmp   |       icmp_ln1705_fu_171      |    0    |    17   |
|          |       icmp_ln1706_fu_206      |    0    |    14   |
|----------|-------------------------------|---------|---------|
|  select  |      select_ln1705_fu_212     |    0    |    6    |
|          |     select_ln1705_2_fu_220    |    0    |    8    |
|----------|-------------------------------|---------|---------|
|   read   |  sext_ln1705_read_read_fu_106 |    0    |    0    |
|          | weights_addr_read_read_fu_112 |    0    |    0    |
|----------|-------------------------------|---------|---------|
|   sext   |    sext_ln1705_cast_fu_149    |    0    |    0    |
|----------|-------------------------------|---------|---------|
|   trunc  |      trunc_ln1705_fu_228      |    0    |    0    |
|          |      trunc_ln1708_fu_252      |    0    |    0    |
|----------|-------------------------------|---------|---------|
|partselect|         lshr_ln_fu_232        |    0    |    0    |
|          |        lshr_ln3_fu_242        |    0    |    0    |
|----------|-------------------------------|---------|---------|
|          |          tmp_s_fu_272         |    0    |    0    |
|bitconcatenate|         tmp_28_fu_283         |    0    |    0    |
|          |         tmp_43_fu_335         |    0    |    0    |
|          |           tmp_fu_353          |    0    |    0    |
|----------|-------------------------------|---------|---------|
|          |       zext_ln1708_fu_279      |    0    |    0    |
|          |      zext_ln1708_8_fu_290     |    0    |    0    |
|          |      zext_ln1708_9_fu_305     |    0    |    0    |
|   zext   |     zext_ln1708_10_fu_314     |    0    |    0    |
|          |     zext_ln1708_11_fu_320     |    0    |    0    |
|          |     zext_ln1708_12_fu_324     |    0    |    0    |
|          |     zext_ln1708_14_fu_342     |    0    |    0    |
|          |     zext_ln1708_13_fu_360     |    0    |    0    |
|----------|-------------------------------|---------|---------|
|   Total  |                               |    0    |   161   |
|----------|-------------------------------|---------|---------|

Memories:
N/A

* Register list:
+-------------------------+--------+
|                         |   FF   |
+-------------------------+--------+
|       col_reg_371       |    6   |
|   icmp_ln1705_reg_397   |    1   |
|  indvar_flatten_reg_385 |   14   |
|     lshr_ln3_reg_416    |    4   |
|     lshr_ln_reg_410     |    7   |
|       row_reg_378       |    8   |
|  select_ln1705_reg_401  |    6   |
| sext_ln1705_cast_reg_392|   32   |
|   trunc_ln1705_reg_406  |    1   |
|   trunc_ln1708_reg_421  |    2   |
|weights_addr_read_reg_427|   16   |
+-------------------------+--------+
|          Total          |   97   |
+-------------------------+--------+

* Multiplexer (MUX) list: 
|--------|------|------|------|--------|
|  Comp  |  Pin | Size |  BW  | S x BW |
|--------|------|------|------|--------|
|  Total |      |      |      |    0   |
|--------|------|------|------|--------|



* Summary:
+-----------+--------+--------+
|           |   FF   |   LUT  |
+-----------+--------+--------+
|  Function |    0   |   161  |
|   Memory  |    -   |    -   |
|Multiplexer|    -   |    -   |
|  Register |   97   |    -   |
+-----------+--------+--------+
|   Total   |   97   |   161  |
+-----------+--------+--------+
