

================================================================
== Vitis HLS Report for 'p_anonymous_namespace_LoadVectorQ610_40_Pipeline_VITIS_LOOP_1716_1'
================================================================
* Date:           Wed May 13 19:58:21 2026

* Version:        2023.2 (Build 4023990 on Oct 11 2023)
* Project:        subband_q610_zybo_z7_20_hls
* Solution:       solution1 (Vivado IP Flow Target)
* Product family: zynq
* Target device:  xc7z020-clg400-1


================================================================
== Performance Estimates
================================================================
+ Timing: 
    * Summary: 
    +--------+----------+----------+------------+
    |  Clock |  Target  | Estimated| Uncertainty|
    +--------+----------+----------+------------+
    |ap_clk  |  10.00 ns|  7.300 ns|     2.70 ns|
    +--------+----------+----------+------------+

+ Latency: 
    * Summary: 
    +---------+---------+----------+----------+-----+-----+---------+
    |  Latency (cycles) |  Latency (absolute) |  Interval | Pipeline|
    |   min   |   max   |    min   |    max   | min | max |   Type  |
    +---------+---------+----------+----------+-----+-----+---------+
    |       43|       43|  0.430 us|  0.430 us|   43|   43|       no|
    +---------+---------+----------+----------+-----+-----+---------+

    + Detail: 
        * Instance: 
        N/A

        * Loop: 
        +---------------------+---------+---------+----------+-----------+-----------+------+----------+
        |                     |  Latency (cycles) | Iteration|  Initiation Interval  | Trip |          |
        |      Loop Name      |   min   |   max   |  Latency |  achieved |   target  | Count| Pipelined|
        +---------------------+---------+---------+----------+-----------+-----------+------+----------+
        |- VITIS_LOOP_1716_1  |       41|       41|         3|          1|          1|    40|       yes|
        +---------------------+---------+---------+----------+-----------+-----------+------+----------+

============================================================
+ Verbose Summary: Synthesis Manager
============================================================
InlineROM: 1
ExposeGlobal: 0
============================================================
+ Verbose Summary: CDFG Model
============================================================
IsTopModel: 0
ResetActiveHigh: 1
IsCombinational: 0
IsDatapathOnly: 0
HasWiredReturn: 1
HasMFsm: 2
HasVarLatency: 1
IsPipeline: 0
IsRtlPipelined: 0
IsInstanceOverlapped: 0
IsDontTouch: 0
HasImplIP: 0
IsGatedGlobalClock: 0

+ Individual pipeline summary: 
  * Pipeline-0: initiation interval (II) = 1, depth = 3


============================================================
+ Verbose Summary: Schedule
============================================================
* Number of FSM states : 3
* Pipeline : 1
  Pipeline-0 : II = 1, D = 3, States = { 1 2 3 }
* Dataflow Pipeline: 0

* FSM state transitions: 
1 --> 2 
2 --> 3 
3 --> 

* FSM state operations: 

State 1 <SV = 0> <Delay = 5.00>
ST_1 : Operation 6 [1/1] (0.00ns)   --->   "%index = alloca i32 1" [H:/subband_ref_q610_opt_stage4_latency_stepL2.cpp:1716]   --->   Operation 6 'alloca' 'index' <Predicate = true> <Delay = 0.00>
ST_1 : Operation 7 [1/1] (0.00ns)   --->   "%sext_ln1716_read = read i31 @_ssdm_op_Read.ap_auto.i31, i31 %sext_ln1716"   --->   Operation 7 'read' 'sext_ln1716_read' <Predicate = true> <Delay = 0.00>
ST_1 : Operation 8 [1/1] (0.00ns)   --->   "%sext_ln1716_cast = sext i31 %sext_ln1716_read"   --->   Operation 8 'sext' 'sext_ln1716_cast' <Predicate = true> <Delay = 0.00>
ST_1 : Operation 9 [1/1] (0.00ns)   --->   "%specinterface_ln0 = specinterface void @_ssdm_op_SpecInterface, i16 %weights, void @empty_173, i32 0, i32 0, void @empty_25, i32 0, i32 8512, void @empty_177, void @empty_176, void @empty_25, i32 1, i32 1, i32 16, i32 16, void @empty_25, void @empty_25, i32 4294967295, i32 0"   --->   Operation 9 'specinterface' 'specinterface_ln0' <Predicate = true> <Delay = 0.00>
ST_1 : Operation 10 [1/1] (1.58ns)   --->   "%store_ln1716 = store i6 0, i6 %index" [H:/subband_ref_q610_opt_stage4_latency_stepL2.cpp:1716]   --->   Operation 10 'store' 'store_ln1716' <Predicate = true> <Delay = 1.58>
ST_1 : Operation 11 [1/1] (0.00ns)   --->   "%br_ln0 = br void %for.inc"   --->   Operation 11 'br' 'br_ln0' <Predicate = true> <Delay = 0.00>
ST_1 : Operation 12 [1/1] (0.00ns)   --->   "%index_12 = load i6 %index" [H:/subband_ref_q610_opt_stage4_latency_stepL2.cpp:1716]   --->   Operation 12 'load' 'index_12' <Predicate = true> <Delay = 0.00>
ST_1 : Operation 13 [1/1] (1.82ns)   --->   "%icmp_ln1716 = icmp_eq  i6 %index_12, i6 40" [H:/subband_ref_q610_opt_stage4_latency_stepL2.cpp:1716]   --->   Operation 13 'icmp' 'icmp_ln1716' <Predicate = true> <Delay = 1.82> <CoreInst = "Cmp">   --->   Core 9 'Cmp' <Latency = 0> <II = 1> <Delay = 1.82> <FuncUnit> <Opcode : 'icmp'> <InPorts = 2> <OutPorts = 1>
ST_1 : Operation 14 [1/1] (1.82ns)   --->   "%add_ln1716 = add i6 %index_12, i6 1" [H:/subband_ref_q610_opt_stage4_latency_stepL2.cpp:1716]   --->   Operation 14 'add' 'add_ln1716' <Predicate = true> <Delay = 1.82> <CoreInst = "Adder">   --->   Core 1 'Adder' <Latency = 0> <II = 1> <Delay = 1.82> <FuncUnit> <Opcode : 'add' 'sub'> <InPorts = 2> <OutPorts = 1>
ST_1 : Operation 15 [1/1] (0.00ns)   --->   "%br_ln1716 = br i1 %icmp_ln1716, void %for.inc.split, void %for.end.exitStub" [H:/subband_ref_q610_opt_stage4_latency_stepL2.cpp:1716]   --->   Operation 15 'br' 'br_ln1716' <Predicate = true> <Delay = 0.00>
ST_1 : Operation 16 [1/1] (1.58ns)   --->   "%store_ln1716 = store i6 %add_ln1716, i6 %index" [H:/subband_ref_q610_opt_stage4_latency_stepL2.cpp:1716]   --->   Operation 16 'store' 'store_ln1716' <Predicate = (!icmp_ln1716)> <Delay = 1.58>

State 2 <SV = 1> <Delay = 7.30>
ST_2 : Operation 17 [1/1] (0.00ns)   --->   "%weights_addr = getelementptr i16 %weights, i32 %sext_ln1716_cast" [H:/subband_ref_q610_opt_stage4_latency_stepL2.cpp:1716]   --->   Operation 17 'getelementptr' 'weights_addr' <Predicate = true> <Delay = 0.00>
ST_2 : Operation 18 [1/1] (7.30ns)   --->   "%weights_addr_read = read i16 @_ssdm_op_Read.m_axi.p1i16, i16 %weights_addr" [H:/subband_ref_q610_opt_stage4_latency_stepL2.cpp:1718]   --->   Operation 18 'read' 'weights_addr_read' <Predicate = true> <Delay = 7.30> <CoreInst = "m_axi">   --->   Core 113 'm_axi' <Latency = 0> <II = 1> <Delay = 1.00> <Adapter> <Opcode : 'read' 'write' 'readreq' 'writereq' 'writeresp'>
ST_2 : Operation 26 [1/1] (0.00ns)   --->   "%ret_ln0 = ret"   --->   Operation 26 'ret' 'ret_ln0' <Predicate = (icmp_ln1716)> <Delay = 0.00>

State 3 <SV = 2> <Delay = 2.32>
ST_3 : Operation 19 [1/1] (0.00ns)   --->   "%specpipeline_ln1717 = specpipeline void @_ssdm_op_SpecPipeline, i32 1, i32 0, i32 0, i32 0, void @empty_25" [H:/subband_ref_q610_opt_stage4_latency_stepL2.cpp:1717]   --->   Operation 19 'specpipeline' 'specpipeline_ln1717' <Predicate = true> <Delay = 0.00>
ST_3 : Operation 20 [1/1] (0.00ns)   --->   "%speclooptripcount_ln1716 = speclooptripcount void @_ssdm_op_SpecLoopTripCount, i64 40, i64 40, i64 40" [H:/subband_ref_q610_opt_stage4_latency_stepL2.cpp:1716]   --->   Operation 20 'speclooptripcount' 'speclooptripcount_ln1716' <Predicate = true> <Delay = 0.00>
ST_3 : Operation 21 [1/1] (0.00ns)   --->   "%specloopname_ln1716 = specloopname void @_ssdm_op_SpecLoopName, void @empty_207" [H:/subband_ref_q610_opt_stage4_latency_stepL2.cpp:1716]   --->   Operation 21 'specloopname' 'specloopname_ln1716' <Predicate = true> <Delay = 0.00>
ST_3 : Operation 22 [1/1] (0.00ns)   --->   "%zext_ln1718 = zext i6 %index_12" [H:/subband_ref_q610_opt_stage4_latency_stepL2.cpp:1718]   --->   Operation 22 'zext' 'zext_ln1718' <Predicate = true> <Delay = 0.00>
ST_3 : Operation 23 [1/1] (0.00ns)   --->   "%proj_bias_local_addr = getelementptr i16 %proj_bias_local, i32 0, i32 %zext_ln1718" [H:/subband_ref_q610_opt_stage4_latency_stepL2.cpp:1718]   --->   Operation 23 'getelementptr' 'proj_bias_local_addr' <Predicate = true> <Delay = 0.00>
ST_3 : Operation 24 [1/1] (2.32ns)   --->   "%store_ln1718 = store i16 %weights_addr_read, i6 %proj_bias_local_addr" [H:/subband_ref_q610_opt_stage4_latency_stepL2.cpp:1718]   --->   Operation 24 'store' 'store_ln1718' <Predicate = true> <Delay = 2.32> <CoreInst = "RAM">   --->   Core 82 'RAM' <Latency = 1> <II = 1> <Delay = 2.32> <Storage> <Opcode : 'load' 'store'> <Ports = 2> <Width = 16> <Depth = 40> <RAM>
ST_3 : Operation 25 [1/1] (0.00ns)   --->   "%br_ln1716 = br void %for.inc" [H:/subband_ref_q610_opt_stage4_latency_stepL2.cpp:1716]   --->   Operation 25 'br' 'br_ln1716' <Predicate = true> <Delay = 0.00>


============================================================
+ Verbose Summary: Binding
============================================================
STG Binding: 
---------------- STG Properties BEGIN ----------------
- Is combinational: 0
- Is one-state seq: 0
- Is datapath-only: 0
- Is pipelined: 0
- Is top level: 0
Port [ Return ] is wired: 1; IO mode=ap_ctrl_hs:ce=0
Port [ weights]:  wired=1; compound=1; hidden=0; nouse=0; global=0; static=0; extern=0; dir=0; type=4; pingpong=0; private_global=0; IO mode=m_axi:ce=0
Port [ sext_ln1716]:  wired=1; compound=0; hidden=0; nouse=0; global=0; static=0; extern=0; dir=0; type=0; pingpong=0; private_global=0; IO mode=ap_none:ce=0
Port [ proj_bias_local]:  wired=1; compound=1; hidden=0; nouse=0; global=1; static=1; extern=0; dir=1; type=1; pingpong=0; private_global=0; MemPort=[03]; IO mode=ap_memory:ce=0
---------------- STG Properties END ------------------

---------------- Datapath Model BEGIN ----------------

<LifeTime>
<method=bitvector/>
index                    (alloca           ) [ 0100]
sext_ln1716_read         (read             ) [ 0000]
sext_ln1716_cast         (sext             ) [ 0110]
specinterface_ln0        (specinterface    ) [ 0000]
store_ln1716             (store            ) [ 0000]
br_ln0                   (br               ) [ 0000]
index_12                 (load             ) [ 0111]
icmp_ln1716              (icmp             ) [ 0110]
add_ln1716               (add              ) [ 0000]
br_ln1716                (br               ) [ 0000]
store_ln1716             (store            ) [ 0000]
weights_addr             (getelementptr    ) [ 0000]
weights_addr_read        (read             ) [ 0101]
specpipeline_ln1717      (specpipeline     ) [ 0000]
speclooptripcount_ln1716 (speclooptripcount) [ 0000]
specloopname_ln1716      (specloopname     ) [ 0000]
zext_ln1718              (zext             ) [ 0000]
proj_bias_local_addr     (getelementptr    ) [ 0000]
store_ln1718             (store            ) [ 0000]
br_ln1716                (br               ) [ 0000]
ret_ln0                  (ret              ) [ 0000]
</LifeTime>

<model>

<comp_list>
<comp id="0" class="1000" name="weights">
<pin_list>
<pin id="1" dir="1" index="0" bw="1" slack="0"/>
</pin_list>
<bind>
<StgValue><ssdm name="weights"/></StgValue>
</bind>
</comp>

<comp id="2" class="1000" name="sext_ln1716">
<pin_list>
<pin id="3" dir="1" index="0" bw="1" slack="0"/>
</pin_list>
<bind>
<StgValue><ssdm name="sext_ln1716"/></StgValue>
</bind>
</comp>

<comp id="4" class="1000" name="proj_bias_local">
<pin_list>
<pin id="5" dir="1" index="0" bw="1" slack="0"/>
</pin_list>
<bind>
<StgValue><ssdm name="proj_bias_local"/><MemPortTyVec>0 3 </MemPortTyVec>
</StgValue>
</bind>
</comp>

<comp id="6" class="1001" name="const_6">
<pin_list>
<pin id="7" dir="1" index="0" bw="1" slack="0"/>
</pin_list>
<bind>
<StgValue><ssdm name=""/></StgValue>
</bind>
</comp>

<comp id="8" class="1001" name="const_8">
<pin_list>
<pin id="9" dir="1" index="0" bw="1" slack="0"/>
</pin_list>
<bind>
<StgValue><ssdm name="_ssdm_op_Read.ap_auto.i31"/></StgValue>
</bind>
</comp>

<comp id="10" class="1001" name="const_10">
<pin_list>
<pin id="11" dir="1" index="0" bw="1" slack="2147483647"/>
</pin_list>
<bind>
<StgValue><ssdm name="_ssdm_op_SpecInterface"/></StgValue>
</bind>
</comp>

<comp id="12" class="1001" name="const_12">
<pin_list>
<pin id="13" dir="1" index="0" bw="1" slack="2147483647"/>
</pin_list>
<bind>
<StgValue><ssdm name="empty_173"/></StgValue>
</bind>
</comp>

<comp id="14" class="1001" name="const_14">
<pin_list>
<pin id="15" dir="1" index="0" bw="1" slack="0"/>
</pin_list>
<bind>
<StgValue><ssdm name=""/></StgValue>
</bind>
</comp>

<comp id="16" class="1001" name="const_16">
<pin_list>
<pin id="17" dir="1" index="0" bw="1" slack="2147483647"/>
</pin_list>
<bind>
<StgValue><ssdm name="empty_25"/></StgValue>
</bind>
</comp>

<comp id="18" class="1001" name="const_18">
<pin_list>
<pin id="19" dir="1" index="0" bw="1" slack="2147483647"/>
</pin_list>
<bind>
<StgValue><ssdm name=""/></StgValue>
</bind>
</comp>

<comp id="20" class="1001" name="const_20">
<pin_list>
<pin id="21" dir="1" index="0" bw="1" slack="2147483647"/>
</pin_list>
<bind>
<StgValue><ssdm name="empty_177"/></StgValue>
</bind>
</comp>

<comp id="22" class="1001" name="const_22">
<pin_list>
<pin id="23" dir="1" index="0" bw="1" slack="2147483647"/>
</pin_list>
<bind>
<StgValue><ssdm name="empty_176"/></StgValue>
</bind>
</comp>

<comp id="24" class="1001" name="const_24">
<pin_list>
<pin id="25" dir="1" index="0" bw="1" slack="2147483647"/>
</pin_list>
<bind>
<StgValue><ssdm name=""/></StgValue>
</bind>
</comp>

<comp id="26" class="1001" name="const_26">
<pin_list>
<pin id="27" dir="1" index="0" bw="1" slack="2147483647"/>
</pin_list>
<bind>
<StgValue><ssdm name=""/></StgValue>
</bind>
</comp>

<comp id="28" class="1001" name="const_28">
<pin_list>
<pin id="29" dir="1" index="0" bw="1" slack="0"/>
</pin_list>
<bind>
<StgValue><ssdm name=""/></StgValue>
</bind>
</comp>

<comp id="30" class="1001" name="const_30">
<pin_list>
<pin id="31" dir="1" index="0" bw="1" slack="0"/>
</pin_list>
<bind>
<StgValue><ssdm name=""/></StgValue>
</bind>
</comp>

<comp id="32" class="1001" name="const_32">
<pin_list>
<pin id="33" dir="1" index="0" bw="1" slack="0"/>
</pin_list>
<bind>
<StgValue><ssdm name=""/></StgValue>
</bind>
</comp>

<comp id="34" class="1001" name="const_34">
<pin_list>
<pin id="35" dir="1" index="0" bw="1" slack="0"/>
</pin_list>
<bind>
<StgValue><ssdm name="_ssdm_op_Read.m_axi.p1i16"/></StgValue>
</bind>
</comp>

<comp id="36" class="1001" name="const_36">
<pin_list>
<pin id="37" dir="1" index="0" bw="1" slack="2147483647"/>
</pin_list>
<bind>
<StgValue><ssdm name="_ssdm_op_SpecPipeline"/></StgValue>
</bind>
</comp>

<comp id="38" class="1001" name="const_38">
<pin_list>
<pin id="39" dir="1" index="0" bw="1" slack="2147483647"/>
</pin_list>
<bind>
<StgValue><ssdm name="_ssdm_op_SpecLoopTripCount"/></StgValue>
</bind>
</comp>

<comp id="40" class="1001" name="const_40">
<pin_list>
<pin id="41" dir="1" index="0" bw="1" slack="2147483647"/>
</pin_list>
<bind>
<StgValue><ssdm name=""/></StgValue>
</bind>
</comp>

<comp id="42" class="1001" name="const_42">
<pin_list>
<pin id="43" dir="1" index="0" bw="1" slack="2147483647"/>
</pin_list>
<bind>
<StgValue><ssdm name="_ssdm_op_SpecLoopName"/></StgValue>
</bind>
</comp>

<comp id="44" class="1001" name="const_44">
<pin_list>
<pin id="45" dir="1" index="0" bw="1" slack="2147483647"/>
</pin_list>
<bind>
<StgValue><ssdm name="empty_207"/></StgValue>
</bind>
</comp>

<comp id="46" class="1004" name="index_fu_46">
<pin_list>
<pin id="47" dir="0" index="0" bw="1" slack="0"/>
<pin id="48" dir="1" index="1" bw="6" slack="0"/>
</pin_list>
<bind>
<opcode="alloca(26) " fcode="alloca"/>
<opset="index/1 "/>
</bind>
</comp>

<comp id="50" class="1004" name="sext_ln1716_read_read_fu_50">
<pin_list>
<pin id="51" dir="0" index="0" bw="31" slack="0"/>
<pin id="52" dir="0" index="1" bw="31" slack="0"/>
<pin id="53" dir="1" index="2" bw="31" slack="0"/>
</pin_list>
<bind>
<opcode="read(1150) " fcode="read"/>
<opset="sext_ln1716_read/1 "/>
</bind>
</comp>

<comp id="56" class="1004" name="weights_addr_read_read_fu_56">
<pin_list>
<pin id="57" dir="0" index="0" bw="16" slack="0"/>
<pin id="58" dir="0" index="1" bw="16" slack="0"/>
<pin id="59" dir="1" index="2" bw="16" slack="1"/>
</pin_list>
<bind>
<opcode="read(1150) " fcode="read"/>
<opset="weights_addr_read/2 "/>
</bind>
</comp>

<comp id="61" class="1004" name="proj_bias_local_addr_gep_fu_61">
<pin_list>
<pin id="62" dir="0" index="0" bw="16" slack="0"/>
<pin id="63" dir="0" index="1" bw="1" slack="0"/>
<pin id="64" dir="0" index="2" bw="6" slack="0"/>
<pin id="65" dir="1" index="3" bw="6" slack="0"/>
</pin_list>
<bind>
<opcode="getelementptr(29) " fcode="getelementptr"/>
<opset="proj_bias_local_addr/3 "/>
</bind>
</comp>

<comp id="68" class="1004" name="store_ln1718_access_fu_68">
<pin_list>
<pin id="69" dir="0" index="0" bw="6" slack="0"/>
<pin id="70" dir="0" index="1" bw="16" slack="1"/>
<pin id="71" dir="0" index="2" bw="0" slack="2147483647"/>
<pin id="72" dir="1" index="3" bw="16" slack="2147483647"/>
</pin_list>
<bind>
<opcode="store(28) " fcode="store"/>
<opset="store_ln1718/3 "/>
</bind>
</comp>

<comp id="74" class="1004" name="sext_ln1716_cast_fu_74">
<pin_list>
<pin id="75" dir="0" index="0" bw="31" slack="0"/>
<pin id="76" dir="1" index="1" bw="32" slack="1"/>
</pin_list>
<bind>
<opcode="sext(35) " fcode="sext"/>
<opset="sext_ln1716_cast/1 "/>
</bind>
</comp>

<comp id="78" class="1004" name="store_ln1716_store_fu_78">
<pin_list>
<pin id="79" dir="0" index="0" bw="1" slack="0"/>
<pin id="80" dir="0" index="1" bw="6" slack="0"/>
<pin id="81" dir="1" index="2" bw="0" slack="2147483647"/>
</pin_list>
<bind>
<opcode="store(28) " fcode="store"/>
<opset="store_ln1716/1 "/>
</bind>
</comp>

<comp id="83" class="1004" name="index_12_load_fu_83">
<pin_list>
<pin id="84" dir="0" index="0" bw="6" slack="0"/>
<pin id="85" dir="1" index="1" bw="6" slack="0"/>
</pin_list>
<bind>
<opcode="load(27) " fcode="load"/>
<opset="index_12/1 "/>
</bind>
</comp>

<comp id="86" class="1004" name="icmp_ln1716_fu_86">
<pin_list>
<pin id="87" dir="0" index="0" bw="6" slack="0"/>
<pin id="88" dir="0" index="1" bw="6" slack="0"/>
<pin id="89" dir="1" index="2" bw="1" slack="1"/>
</pin_list>
<bind>
<opcode="icmp(45) " fcode="icmp"/>
<opset="icmp_ln1716/1 "/>
</bind>
</comp>

<comp id="92" class="1004" name="add_ln1716_fu_92">
<pin_list>
<pin id="93" dir="0" index="0" bw="6" slack="0"/>
<pin id="94" dir="0" index="1" bw="1" slack="0"/>
<pin id="95" dir="1" index="2" bw="6" slack="0"/>
</pin_list>
<bind>
<opcode="add(8) " fcode="add"/>
<opset="add_ln1716/1 "/>
</bind>
</comp>

<comp id="98" class="1004" name="store_ln1716_store_fu_98">
<pin_list>
<pin id="99" dir="0" index="0" bw="6" slack="0"/>
<pin id="100" dir="0" index="1" bw="6" slack="0"/>
<pin id="101" dir="1" index="2" bw="0" slack="2147483647"/>
</pin_list>
<bind>
<opcode="store(28) " fcode="store"/>
<opset="store_ln1716/1 "/>
</bind>
</comp>

<comp id="103" class="1004" name="weights_addr_fu_103">
<pin_list>
<pin id="104" dir="0" index="0" bw="16" slack="0"/>
<pin id="105" dir="0" index="1" bw="31" slack="1"/>
<pin id="106" dir="1" index="2" bw="16" slack="0"/>
</pin_list>
<bind>
<opcode="getelementptr(29) " fcode="getelementptr"/>
<opset="weights_addr/2 "/>
</bind>
</comp>

<comp id="109" class="1004" name="zext_ln1718_fu_109">
<pin_list>
<pin id="110" dir="0" index="0" bw="6" slack="2"/>
<pin id="111" dir="1" index="1" bw="32" slack="0"/>
</pin_list>
<bind>
<opcode="zext(34) " fcode="zext"/>
<opset="zext_ln1718/3 "/>
</bind>
</comp>

<comp id="113" class="1005" name="index_reg_113">
<pin_list>
<pin id="114" dir="0" index="0" bw="6" slack="0"/>
<pin id="115" dir="1" index="1" bw="6" slack="0"/>
</pin_list>
<bind>
<opset="index "/>
</bind>
</comp>

<comp id="120" class="1005" name="sext_ln1716_cast_reg_120">
<pin_list>
<pin id="121" dir="0" index="0" bw="32" slack="1"/>
<pin id="122" dir="1" index="1" bw="32" slack="1"/>
</pin_list>
<bind>
<opset="sext_ln1716_cast "/>
</bind>
</comp>

<comp id="125" class="1005" name="index_12_reg_125">
<pin_list>
<pin id="126" dir="0" index="0" bw="6" slack="2"/>
<pin id="127" dir="1" index="1" bw="6" slack="2"/>
</pin_list>
<bind>
<opset="index_12 "/>
</bind>
</comp>

<comp id="130" class="1005" name="icmp_ln1716_reg_130">
<pin_list>
<pin id="131" dir="0" index="0" bw="1" slack="1"/>
<pin id="132" dir="1" index="1" bw="1" slack="2147483647"/>
</pin_list>
<bind>
<opset="icmp_ln1716 "/>
</bind>
</comp>

<comp id="134" class="1005" name="weights_addr_read_reg_134">
<pin_list>
<pin id="135" dir="0" index="0" bw="16" slack="1"/>
<pin id="136" dir="1" index="1" bw="16" slack="1"/>
</pin_list>
<bind>
<opset="weights_addr_read "/>
</bind>
</comp>

</comp_list>

<net_list>
<net id="49"><net_src comp="6" pin="0"/><net_sink comp="46" pin=0"/></net>

<net id="54"><net_src comp="8" pin="0"/><net_sink comp="50" pin=0"/></net>

<net id="55"><net_src comp="2" pin="0"/><net_sink comp="50" pin=1"/></net>

<net id="60"><net_src comp="34" pin="0"/><net_sink comp="56" pin=0"/></net>

<net id="66"><net_src comp="4" pin="0"/><net_sink comp="61" pin=0"/></net>

<net id="67"><net_src comp="14" pin="0"/><net_sink comp="61" pin=1"/></net>

<net id="73"><net_src comp="61" pin="3"/><net_sink comp="68" pin=0"/></net>

<net id="77"><net_src comp="50" pin="2"/><net_sink comp="74" pin=0"/></net>

<net id="82"><net_src comp="28" pin="0"/><net_sink comp="78" pin=0"/></net>

<net id="90"><net_src comp="83" pin="1"/><net_sink comp="86" pin=0"/></net>

<net id="91"><net_src comp="30" pin="0"/><net_sink comp="86" pin=1"/></net>

<net id="96"><net_src comp="83" pin="1"/><net_sink comp="92" pin=0"/></net>

<net id="97"><net_src comp="32" pin="0"/><net_sink comp="92" pin=1"/></net>

<net id="102"><net_src comp="92" pin="2"/><net_sink comp="98" pin=0"/></net>

<net id="107"><net_src comp="0" pin="0"/><net_sink comp="103" pin=0"/></net>

<net id="108"><net_src comp="103" pin="2"/><net_sink comp="56" pin=1"/></net>

<net id="112"><net_src comp="109" pin="1"/><net_sink comp="61" pin=2"/></net>

<net id="116"><net_src comp="46" pin="1"/><net_sink comp="113" pin=0"/></net>

<net id="117"><net_src comp="113" pin="1"/><net_sink comp="78" pin=1"/></net>

<net id="118"><net_src comp="113" pin="1"/><net_sink comp="83" pin=0"/></net>

<net id="119"><net_src comp="113" pin="1"/><net_sink comp="98" pin=1"/></net>

<net id="123"><net_src comp="74" pin="1"/><net_sink comp="120" pin=0"/></net>

<net id="124"><net_src comp="120" pin="1"/><net_sink comp="103" pin=1"/></net>

<net id="128"><net_src comp="83" pin="1"/><net_sink comp="125" pin=0"/></net>

<net id="129"><net_src comp="125" pin="1"/><net_sink comp="109" pin=0"/></net>

<net id="133"><net_src comp="86" pin="2"/><net_sink comp="130" pin=0"/></net>

<net id="137"><net_src comp="56" pin="2"/><net_sink comp="134" pin=0"/></net>

<net id="138"><net_src comp="134" pin="1"/><net_sink comp="68" pin=1"/></net>

</net_list>

</model> 
---------------- Datapath Model END ------------------

* FSMD analyzer results:
  - Output states:
	Port: proj_bias_local | {3 }
 - Input state : 
	Port: (anonymous namespace)LoadVectorQ610<40>_Pipeline_VITIS_LOOP_1716_1 : weights | {2 }
	Port: (anonymous namespace)LoadVectorQ610<40>_Pipeline_VITIS_LOOP_1716_1 : sext_ln1716 | {1 }
  - Chain level:
	State 1
		store_ln1716 : 1
		index_12 : 1
		icmp_ln1716 : 2
		add_ln1716 : 2
		br_ln1716 : 3
		store_ln1716 : 3
	State 2
		weights_addr_read : 1
	State 3
		proj_bias_local_addr : 1
		store_ln1718 : 2


============================================================
+ Verbose Summary: Datapath Resource usage 
============================================================

* Functional unit list:
|----------|------------------------------|---------|---------|
| Operation|        Functional Unit       |    FF   |   LUT   |
|----------|------------------------------|---------|---------|
|   icmp   |       icmp_ln1716_fu_86      |    0    |    14   |
|----------|------------------------------|---------|---------|
|    add   |       add_ln1716_fu_92       |    0    |    14   |
|----------|------------------------------|---------|---------|
|   read   |  sext_ln1716_read_read_fu_50 |    0    |    0    |
|          | weights_addr_read_read_fu_56 |    0    |    0    |
|----------|------------------------------|---------|---------|
|   sext   |    sext_ln1716_cast_fu_74    |    0    |    0    |
|----------|------------------------------|---------|---------|
|   zext   |      zext_ln1718_fu_109      |    0    |    0    |
|----------|------------------------------|---------|---------|
|   Total  |                              |    0    |    28   |
|----------|------------------------------|---------|---------|

Memories:
N/A

* Register list:
+-------------------------+--------+
|                         |   FF   |
+-------------------------+--------+
|   icmp_ln1716_reg_130   |    1   |
|     index_12_reg_125    |    6   |
|      index_reg_113      |    6   |
| sext_ln1716_cast_reg_120|   32   |
|weights_addr_read_reg_134|   16   |
+-------------------------+--------+
|          Total          |   61   |
+-------------------------+--------+

* Multiplexer (MUX) list: 
|--------|------|------|------|--------|
|  Comp  |  Pin | Size |  BW  | S x BW |
|--------|------|------|------|--------|
|  Total |      |      |      |    0   |
|--------|------|------|------|--------|



* Summary:
+-----------+--------+--------+
|           |   FF   |   LUT  |
+-----------+--------+--------+
|  Function |    0   |   28   |
|   Memory  |    -   |    -   |
|Multiplexer|    -   |    -   |
|  Register |   61   |    -   |
+-----------+--------+--------+
|   Total   |   61   |   28   |
+-----------+--------+--------+
