

================================================================
== Vitis HLS Report for 'p_anonymous_namespace_LoadMatrixQ610_Pipeline_VITIS_LOOP_1705_1_VITIS_LOOP_1706_2'
================================================================
* Date:           Wed May 13 19:58:21 2026

* Version:        2023.2 (Build 4023990 on Oct 11 2023)
* Project:        subband_q610_zybo_z7_20_hls
* Solution:       solution1 (Vivado IP Flow Target)
* Product family: zynq
* Target device:  xc7z020-clg400-1


================================================================
== Performance Estimates
================================================================
+ Timing: 
    * Summary: 
    +--------+----------+----------+------------+
    |  Clock |  Target  | Estimated| Uncertainty|
    +--------+----------+----------+------------+
    |ap_clk  |  10.00 ns|  7.300 ns|     2.70 ns|
    +--------+----------+----------+------------+

+ Latency: 
    * Summary: 
    +---------+---------+-----------+-----------+------+------+---------+
    |  Latency (cycles) |   Latency (absolute)  |   Interval  | Pipeline|
    |   min   |   max   |    min    |    max    |  min |  max |   Type  |
    +---------+---------+-----------+-----------+------+------+---------+
    |     8963|     8963|  89.630 us|  89.630 us|  8963|  8963|       no|
    +---------+---------+-----------+-----------+------+------+---------+

    + Detail: 
        * Instance: 
        N/A

        * Loop: 
        +---------------------------------------+---------+---------+----------+-----------+-----------+------+----------+
        |                                       |  Latency (cycles) | Iteration|  Initiation Interval  | Trip |          |
        |               Loop Name               |   min   |   max   |  Latency |  achieved |   target  | Count| Pipelined|
        +---------------------------------------+---------+---------+----------+-----------+-----------+------+----------+
        |- VITIS_LOOP_1705_1_VITIS_LOOP_1706_2  |     8961|     8961|         3|          1|          1|  8960|       yes|
        +---------------------------------------+---------+---------+----------+-----------+-----------+------+----------+

============================================================
+ Verbose Summary: Synthesis Manager
============================================================
InlineROM: 1
ExposeGlobal: 0
============================================================
+ Verbose Summary: CDFG Model
============================================================
IsTopModel: 0
ResetActiveHigh: 1
IsCombinational: 0
IsDatapathOnly: 0
HasWiredReturn: 1
HasMFsm: 2
HasVarLatency: 1
IsPipeline: 0
IsRtlPipelined: 0
IsInstanceOverlapped: 0
IsDontTouch: 0
HasImplIP: 0
IsGatedGlobalClock: 0

+ Individual pipeline summary: 
  * Pipeline-0: initiation interval (II) = 1, depth = 3


============================================================
+ Verbose Summary: Schedule
============================================================
* Number of FSM states : 3
* Pipeline : 1
  Pipeline-0 : II = 1, D = 3, States = { 1 2 3 }
* Dataflow Pipeline: 0

* FSM state transitions: 
1 --> 2 
2 --> 3 
3 --> 

* FSM state operations: 

State 1 <SV = 0> <Delay = 4.98>
ST_1 : Operation 6 [1/1] (0.00ns)   --->   "%col = alloca i32 1" [H:/subband_ref_q610_opt_stage4_latency_stepL2.cpp:1706]   --->   Operation 6 'alloca' 'col' <Predicate = true> <Delay = 0.00>
ST_1 : Operation 7 [1/1] (0.00ns)   --->   "%row = alloca i32 1" [H:/subband_ref_q610_opt_stage4_latency_stepL2.cpp:1705]   --->   Operation 7 'alloca' 'row' <Predicate = true> <Delay = 0.00>
ST_1 : Operation 8 [1/1] (0.00ns)   --->   "%indvar_flatten = alloca i32 1"   --->   Operation 8 'alloca' 'indvar_flatten' <Predicate = true> <Delay = 0.00>
ST_1 : Operation 9 [1/1] (0.00ns)   --->   "%sext_ln1705_read = read i31 @_ssdm_op_Read.ap_auto.i31, i31 %sext_ln1705"   --->   Operation 9 'read' 'sext_ln1705_read' <Predicate = true> <Delay = 0.00>
ST_1 : Operation 10 [1/1] (0.00ns)   --->   "%sext_ln1705_cast = sext i31 %sext_ln1705_read"   --->   Operation 10 'sext' 'sext_ln1705_cast' <Predicate = true> <Delay = 0.00>
ST_1 : Operation 11 [1/1] (0.00ns)   --->   "%specmemcore_ln0 = specmemcore void @_ssdm_op_SpecMemCore, i64 %SubbandBand0TopQ610_ap_int_const_ap_int_const_ap_int_const_ap_int_const_ap_i, i64 666, i64 22, i64 18446744073709551615"   --->   Operation 11 'specmemcore' 'specmemcore_ln0' <Predicate = true> <Delay = 0.00>
ST_1 : Operation 12 [1/1] (0.00ns)   --->   "%specinterface_ln0 = specinterface void @_ssdm_op_SpecInterface, i16 %weights, void @empty_173, i32 0, i32 0, void @empty_25, i32 0, i32 8512, void @empty_177, void @empty_176, void @empty_25, i32 1, i32 1, i32 16, i32 16, void @empty_25, void @empty_25, i32 4294967295, i32 0"   --->   Operation 12 'specinterface' 'specinterface_ln0' <Predicate = true> <Delay = 0.00>
ST_1 : Operation 13 [1/1] (1.58ns)   --->   "%store_ln0 = store i14 0, i14 %indvar_flatten"   --->   Operation 13 'store' 'store_ln0' <Predicate = true> <Delay = 1.58>
ST_1 : Operation 14 [1/1] (1.58ns)   --->   "%store_ln1705 = store i6 0, i6 %row" [H:/subband_ref_q610_opt_stage4_latency_stepL2.cpp:1705]   --->   Operation 14 'store' 'store_ln1705' <Predicate = true> <Delay = 1.58>
ST_1 : Operation 15 [1/1] (1.58ns)   --->   "%store_ln1706 = store i8 0, i8 %col" [H:/subband_ref_q610_opt_stage4_latency_stepL2.cpp:1706]   --->   Operation 15 'store' 'store_ln1706' <Predicate = true> <Delay = 1.58>
ST_1 : Operation 16 [1/1] (0.00ns)   --->   "%br_ln0 = br void %for.inc"   --->   Operation 16 'br' 'br_ln0' <Predicate = true> <Delay = 0.00>
ST_1 : Operation 17 [1/1] (0.00ns)   --->   "%indvar_flatten_load = load i14 %indvar_flatten" [H:/subband_ref_q610_opt_stage4_latency_stepL2.cpp:1705]   --->   Operation 17 'load' 'indvar_flatten_load' <Predicate = true> <Delay = 0.00>
ST_1 : Operation 18 [1/1] (1.81ns)   --->   "%icmp_ln1705 = icmp_eq  i14 %indvar_flatten_load, i14 8960" [H:/subband_ref_q610_opt_stage4_latency_stepL2.cpp:1705]   --->   Operation 18 'icmp' 'icmp_ln1705' <Predicate = true> <Delay = 1.81> <CoreInst = "Cmp">   --->   Core 9 'Cmp' <Latency = 0> <II = 1> <Delay = 1.81> <FuncUnit> <Opcode : 'icmp'> <InPorts = 2> <OutPorts = 1>
ST_1 : Operation 19 [1/1] (1.81ns)   --->   "%add_ln1705_1 = add i14 %indvar_flatten_load, i14 1" [H:/subband_ref_q610_opt_stage4_latency_stepL2.cpp:1705]   --->   Operation 19 'add' 'add_ln1705_1' <Predicate = true> <Delay = 1.81> <CoreInst = "Adder">   --->   Core 1 'Adder' <Latency = 0> <II = 1> <Delay = 1.81> <FuncUnit> <Opcode : 'add' 'sub'> <InPorts = 2> <OutPorts = 1>
ST_1 : Operation 20 [1/1] (0.00ns)   --->   "%br_ln1705 = br i1 %icmp_ln1705, void %for.inc9, void %for.end11.exitStub" [H:/subband_ref_q610_opt_stage4_latency_stepL2.cpp:1705]   --->   Operation 20 'br' 'br_ln1705' <Predicate = true> <Delay = 0.00>
ST_1 : Operation 21 [1/1] (1.58ns)   --->   "%store_ln1705 = store i14 %add_ln1705_1, i14 %indvar_flatten" [H:/subband_ref_q610_opt_stage4_latency_stepL2.cpp:1705]   --->   Operation 21 'store' 'store_ln1705' <Predicate = (!icmp_ln1705)> <Delay = 1.58>

State 2 <SV = 1> <Delay = 7.30>
ST_2 : Operation 22 [1/1] (0.00ns)   --->   "%col_load = load i8 %col" [H:/subband_ref_q610_opt_stage4_latency_stepL2.cpp:1706]   --->   Operation 22 'load' 'col_load' <Predicate = true> <Delay = 0.00>
ST_2 : Operation 23 [1/1] (0.00ns)   --->   "%row_load = load i6 %row" [H:/subband_ref_q610_opt_stage4_latency_stepL2.cpp:1705]   --->   Operation 23 'load' 'row_load' <Predicate = true> <Delay = 0.00>
ST_2 : Operation 24 [1/1] (0.00ns)   --->   "%weights_addr = getelementptr i16 %weights, i32 %sext_ln1705_cast" [H:/subband_ref_q610_opt_stage4_latency_stepL2.cpp:1705]   --->   Operation 24 'getelementptr' 'weights_addr' <Predicate = true> <Delay = 0.00>
ST_2 : Operation 25 [1/1] (1.82ns)   --->   "%add_ln1705 = add i6 %row_load, i6 1" [H:/subband_ref_q610_opt_stage4_latency_stepL2.cpp:1705]   --->   Operation 25 'add' 'add_ln1705' <Predicate = true> <Delay = 1.82> <CoreInst = "Adder">   --->   Core 1 'Adder' <Latency = 0> <II = 1> <Delay = 1.82> <FuncUnit> <Opcode : 'add' 'sub'> <InPorts = 2> <OutPorts = 1>
ST_2 : Operation 26 [1/1] (1.91ns)   --->   "%icmp_ln1706 = icmp_eq  i8 %col_load, i8 224" [H:/subband_ref_q610_opt_stage4_latency_stepL2.cpp:1706]   --->   Operation 26 'icmp' 'icmp_ln1706' <Predicate = true> <Delay = 1.91> <CoreInst = "Cmp">   --->   Core 9 'Cmp' <Latency = 0> <II = 1> <Delay = 1.91> <FuncUnit> <Opcode : 'icmp'> <InPorts = 2> <OutPorts = 1>
ST_2 : Operation 27 [1/1] (1.24ns)   --->   "%select_ln1705 = select i1 %icmp_ln1706, i8 0, i8 %col_load" [H:/subband_ref_q610_opt_stage4_latency_stepL2.cpp:1705]   --->   Operation 27 'select' 'select_ln1705' <Predicate = true> <Delay = 1.24> <CoreInst = "Sel">   --->   Core 73 'Sel' <Latency = 0> <II = 1> <Delay = 1.24> <FuncUnit> <Opcode : 'select'> <InPorts = 3> <OutPorts = 1>
ST_2 : Operation 28 [1/1] (1.18ns)   --->   "%select_ln1705_1 = select i1 %icmp_ln1706, i6 %add_ln1705, i6 %row_load" [H:/subband_ref_q610_opt_stage4_latency_stepL2.cpp:1705]   --->   Operation 28 'select' 'select_ln1705_1' <Predicate = true> <Delay = 1.18> <CoreInst = "Sel">   --->   Core 73 'Sel' <Latency = 0> <II = 1> <Delay = 1.18> <FuncUnit> <Opcode : 'select'> <InPorts = 3> <OutPorts = 1>
ST_2 : Operation 29 [1/1] (0.00ns)   --->   "%lshr_ln = partselect i6 @_ssdm_op_PartSelect.i6.i8.i32.i32, i8 %select_ln1705, i32 2, i32 7" [H:/subband_ref_q610_opt_stage4_latency_stepL2.cpp:1706]   --->   Operation 29 'partselect' 'lshr_ln' <Predicate = true> <Delay = 0.00>
ST_2 : Operation 30 [1/1] (0.00ns)   --->   "%trunc_ln1708 = trunc i8 %select_ln1705" [H:/subband_ref_q610_opt_stage4_latency_stepL2.cpp:1708]   --->   Operation 30 'trunc' 'trunc_ln1708' <Predicate = true> <Delay = 0.00>
ST_2 : Operation 31 [1/1] (7.30ns)   --->   "%weights_addr_read = read i16 @_ssdm_op_Read.m_axi.p1i16, i16 %weights_addr" [H:/subband_ref_q610_opt_stage4_latency_stepL2.cpp:1708]   --->   Operation 31 'read' 'weights_addr_read' <Predicate = true> <Delay = 7.30> <CoreInst = "m_axi">   --->   Core 113 'm_axi' <Latency = 0> <II = 1> <Delay = 1.00> <Adapter> <Opcode : 'read' 'write' 'readreq' 'writereq' 'writeresp'>
ST_2 : Operation 32 [1/1] (1.91ns)   --->   "%add_ln1706 = add i8 %select_ln1705, i8 1" [H:/subband_ref_q610_opt_stage4_latency_stepL2.cpp:1706]   --->   Operation 32 'add' 'add_ln1706' <Predicate = true> <Delay = 1.91> <CoreInst = "Adder">   --->   Core 1 'Adder' <Latency = 0> <II = 1> <Delay = 1.91> <FuncUnit> <Opcode : 'add' 'sub'> <InPorts = 2> <OutPorts = 1>
ST_2 : Operation 33 [1/1] (1.58ns)   --->   "%store_ln1705 = store i6 %select_ln1705_1, i6 %row" [H:/subband_ref_q610_opt_stage4_latency_stepL2.cpp:1705]   --->   Operation 33 'store' 'store_ln1705' <Predicate = true> <Delay = 1.58>
ST_2 : Operation 34 [1/1] (1.58ns)   --->   "%store_ln1706 = store i8 %add_ln1706, i8 %col" [H:/subband_ref_q610_opt_stage4_latency_stepL2.cpp:1706]   --->   Operation 34 'store' 'store_ln1706' <Predicate = true> <Delay = 1.58>
ST_2 : Operation 56 [1/1] (0.00ns)   --->   "%ret_ln0 = ret"   --->   Operation 56 'ret' 'ret_ln0' <Predicate = (icmp_ln1705)> <Delay = 0.00>

State 3 <SV = 2> <Delay = 7.24>
ST_3 : Operation 35 [1/1] (0.00ns)   --->   "%specloopname_ln0 = specloopname void @_ssdm_op_SpecLoopName, void @VITIS_LOOP_1705_1_VITIS_LOOP_1706_2_str"   --->   Operation 35 'specloopname' 'specloopname_ln0' <Predicate = true> <Delay = 0.00>
ST_3 : Operation 36 [1/1] (0.00ns)   --->   "%speclooptripcount_ln0 = speclooptripcount void @_ssdm_op_SpecLoopTripCount, i64 8960, i64 8960, i64 8960"   --->   Operation 36 'speclooptripcount' 'speclooptripcount_ln0' <Predicate = true> <Delay = 0.00>
ST_3 : Operation 37 [1/1] (0.00ns)   --->   "%tmp_28 = bitconcatenate i12 @_ssdm_op_BitConcatenate.i12.i6.i6, i6 %select_ln1705_1, i6 0" [H:/subband_ref_q610_opt_stage4_latency_stepL2.cpp:1708]   --->   Operation 37 'bitconcatenate' 'tmp_28' <Predicate = true> <Delay = 0.00>
ST_3 : Operation 38 [1/1] (0.00ns)   --->   "%tmp_s = bitconcatenate i9 @_ssdm_op_BitConcatenate.i9.i6.i3, i6 %select_ln1705_1, i3 0" [H:/subband_ref_q610_opt_stage4_latency_stepL2.cpp:1708]   --->   Operation 38 'bitconcatenate' 'tmp_s' <Predicate = true> <Delay = 0.00>
ST_3 : Operation 39 [1/1] (0.00ns)   --->   "%zext_ln1708 = zext i9 %tmp_s" [H:/subband_ref_q610_opt_stage4_latency_stepL2.cpp:1708]   --->   Operation 39 'zext' 'zext_ln1708' <Predicate = true> <Delay = 0.00>
ST_3 : Operation 40 [1/1] (0.00ns) (grouped into TernaryAdder)   --->   "%sub_ln1708 = sub i12 %tmp_28, i12 %zext_ln1708" [H:/subband_ref_q610_opt_stage4_latency_stepL2.cpp:1708]   --->   Operation 40 'sub' 'sub_ln1708' <Predicate = true> <Delay = 0.00> <CoreInst = "TAddSub">   --->   Core 10 'TAddSub' <Latency = 0> <II = 1> <Delay = 1.89> <IPBlock> <Opcode : '' 'add' 'sub'> <InPorts = 3> <OutPorts = 1> <Sync> <CReg>
ST_3 : Operation 41 [1/1] (0.00ns)   --->   "%specpipeline_ln1707 = specpipeline void @_ssdm_op_SpecPipeline, i32 1, i32 0, i32 0, i32 0, void @empty_25" [H:/subband_ref_q610_opt_stage4_latency_stepL2.cpp:1707]   --->   Operation 41 'specpipeline' 'specpipeline_ln1707' <Predicate = true> <Delay = 0.00>
ST_3 : Operation 42 [1/1] (0.00ns)   --->   "%shl_ln = bitconcatenate i6 @_ssdm_op_BitConcatenate.i6.i2.i4, i2 %trunc_ln1708, i4 0" [H:/subband_ref_q610_opt_stage4_latency_stepL2.cpp:1708]   --->   Operation 42 'bitconcatenate' 'shl_ln' <Predicate = true> <Delay = 0.00>
ST_3 : Operation 43 [1/1] (0.00ns)   --->   "%zext_ln1708_15 = zext i6 %lshr_ln" [H:/subband_ref_q610_opt_stage4_latency_stepL2.cpp:1708]   --->   Operation 43 'zext' 'zext_ln1708_15' <Predicate = true> <Delay = 0.00>
ST_3 : Operation 44 [1/1] (3.78ns) (root node of TernaryAdder)   --->   "%add_ln1708 = add i12 %sub_ln1708, i12 %zext_ln1708_15" [H:/subband_ref_q610_opt_stage4_latency_stepL2.cpp:1708]   --->   Operation 44 'add' 'add_ln1708' <Predicate = true> <Delay = 3.78> <CoreInst = "TAddSub">   --->   Core 10 'TAddSub' <Latency = 0> <II = 1> <Delay = 1.89> <IPBlock> <Opcode : '' 'add' 'sub'> <InPorts = 3> <OutPorts = 1> <Sync> <CReg>
ST_3 : Operation 45 [1/1] (0.00ns)   --->   "%zext_ln1708_16 = zext i12 %add_ln1708" [H:/subband_ref_q610_opt_stage4_latency_stepL2.cpp:1708]   --->   Operation 45 'zext' 'zext_ln1708_16' <Predicate = true> <Delay = 0.00>
ST_3 : Operation 46 [1/1] (0.00ns)   --->   "%SubbandBand0TopQ610_ap_int_const_ap_int_const_ap_int_const_ap_int_const_ap_i_41 = getelementptr i64 %SubbandBand0TopQ610_ap_int_const_ap_int_const_ap_int_const_ap_int_const_ap_i, i32 0, i32 %zext_ln1708_16" [H:/subband_ref_q610_opt_stage4_latency_stepL2.cpp:1708]   --->   Operation 46 'getelementptr' 'SubbandBand0TopQ610_ap_int_const_ap_int_const_ap_int_const_ap_int_const_ap_i_41' <Predicate = true> <Delay = 0.00>
ST_3 : Operation 47 [1/1] (0.00ns)   --->   "%zext_ln1708_17 = zext i6 %shl_ln" [H:/subband_ref_q610_opt_stage4_latency_stepL2.cpp:1708]   --->   Operation 47 'zext' 'zext_ln1708_17' <Predicate = true> <Delay = 0.00>
ST_3 : Operation 48 [1/1] (0.00ns)   --->   "%zext_ln1708_18 = zext i16 %weights_addr_read" [H:/subband_ref_q610_opt_stage4_latency_stepL2.cpp:1708]   --->   Operation 48 'zext' 'zext_ln1708_18' <Predicate = true> <Delay = 0.00>
ST_3 : Operation 49 [1/1] (3.98ns)   --->   "%shl_ln1708 = shl i64 %zext_ln1708_18, i64 %zext_ln1708_17" [H:/subband_ref_q610_opt_stage4_latency_stepL2.cpp:1708]   --->   Operation 49 'shl' 'shl_ln1708' <Predicate = true> <Delay = 3.98> <CoreInst = "Shifter">   --->   Core 75 'Shifter' <Latency = 0> <II = 1> <Delay = 3.98> <FuncUnit> <Opcode : 'shl' 'lshr' 'ashr'> <InPorts = 2> <OutPorts = 1>
ST_3 : Operation 50 [1/1] (0.00ns)   --->   "%specbramwithbyteenable_ln1708 = specbramwithbyteenable void @_ssdm_op_SpecBRAMWithByteEnable, i64 %SubbandBand0TopQ610_ap_int_const_ap_int_const_ap_int_const_ap_int_const_ap_i" [H:/subband_ref_q610_opt_stage4_latency_stepL2.cpp:1708]   --->   Operation 50 'specbramwithbyteenable' 'specbramwithbyteenable_ln1708' <Predicate = true> <Delay = 0.00>
ST_3 : Operation 51 [1/1] (0.00ns)   --->   "%tmp = bitconcatenate i3 @_ssdm_op_BitConcatenate.i3.i2.i1, i2 %trunc_ln1708, i1 0" [H:/subband_ref_q610_opt_stage4_latency_stepL2.cpp:1708]   --->   Operation 51 'bitconcatenate' 'tmp' <Predicate = true> <Delay = 0.00>
ST_3 : Operation 52 [1/1] (0.00ns)   --->   "%zext_ln1708_19 = zext i3 %tmp" [H:/subband_ref_q610_opt_stage4_latency_stepL2.cpp:1708]   --->   Operation 52 'zext' 'zext_ln1708_19' <Predicate = true> <Delay = 0.00>
ST_3 : Operation 53 [1/1] (2.12ns)   --->   "%shl_ln1708_6 = shl i8 3, i8 %zext_ln1708_19" [H:/subband_ref_q610_opt_stage4_latency_stepL2.cpp:1708]   --->   Operation 53 'shl' 'shl_ln1708_6' <Predicate = true> <Delay = 2.12> <CoreInst = "Shifter">   --->   Core 75 'Shifter' <Latency = 0> <II = 1> <Delay = 2.12> <FuncUnit> <Opcode : 'shl' 'lshr' 'ashr'> <InPorts = 2> <OutPorts = 1>
ST_3 : Operation 54 [1/1] (3.25ns)   --->   "%store_ln1708 = store void @_ssdm_op_Write.bram.i64, i12 %SubbandBand0TopQ610_ap_int_const_ap_int_const_ap_int_const_ap_int_const_ap_i_41, i64 %shl_ln1708, i8 %shl_ln1708_6" [H:/subband_ref_q610_opt_stage4_latency_stepL2.cpp:1708]   --->   Operation 54 'store' 'store_ln1708' <Predicate = true> <Delay = 3.25> <CoreInst = "RAM_2P_BRAM">   --->   Core 91 'RAM_2P_BRAM' <Latency = 1> <II = 1> <Delay = 3.25> <Storage> <Opcode : 'load' 'store'> <Ports = 2> <Width = 64> <Depth = 2240> <RAM>
ST_3 : Operation 55 [1/1] (0.00ns)   --->   "%br_ln1706 = br void %for.inc" [H:/subband_ref_q610_opt_stage4_latency_stepL2.cpp:1706]   --->   Operation 55 'br' 'br_ln1706' <Predicate = true> <Delay = 0.00>


============================================================
+ Verbose Summary: Timing violations
============================================================
Target clock period: 10.000ns, clock uncertainty: 2.700ns.

 <State 1>: 4.988ns
The critical path consists of the following:
	'store' operation 0 bit ('store_ln0') of constant 0 on local variable 'indvar_flatten' [10]  (1.588 ns)
	'load' operation 14 bit ('indvar_flatten_load', H:/subband_ref_q610_opt_stage4_latency_stepL2.cpp:1705) on local variable 'indvar_flatten' [15]  (0.000 ns)
	'icmp' operation 1 bit ('icmp_ln1705', H:/subband_ref_q610_opt_stage4_latency_stepL2.cpp:1705) [16]  (1.812 ns)
	'store' operation 0 bit ('store_ln1705', H:/subband_ref_q610_opt_stage4_latency_stepL2.cpp:1705) of variable 'add_ln1705_1', H:/subband_ref_q610_opt_stage4_latency_stepL2.cpp:1705 on local variable 'indvar_flatten' [51]  (1.588 ns)

 <State 2>: 7.300ns
The critical path consists of the following:
	'getelementptr' operation 16 bit ('weights_addr', H:/subband_ref_q610_opt_stage4_latency_stepL2.cpp:1705) [22]  (0.000 ns)
	bus read operation ('weights_addr_read', H:/subband_ref_q610_opt_stage4_latency_stepL2.cpp:1708) on port 'weights' (H:/subband_ref_q610_opt_stage4_latency_stepL2.cpp:1708) [41]  (7.300 ns)

 <State 3>: 7.242ns
The critical path consists of the following:
	'shl' operation 64 bit ('shl_ln1708', H:/subband_ref_q610_opt_stage4_latency_stepL2.cpp:1708) [44]  (3.988 ns)
	'store' operation 0 bit ('store_ln1708', H:/subband_ref_q610_opt_stage4_latency_stepL2.cpp:1708) of constant <constant:_ssdm_op_Write.bram.i64> on array 'SubbandBand0TopQ610_ap_int_const_ap_int_const_ap_int_const_ap_int_const_ap_i' [49]  (3.254 ns)


============================================================
+ Verbose Summary: Binding
============================================================
N/A
* FSMD analyzer results:
  - Output states:
 - Input state : 
  - Chain level:
	State 1
	State 2
	State 3


============================================================
+ Verbose Summary: Datapath Resource usage 
============================================================
N/A
