

================================================================
== Vitis HLS Report for 'p_anonymous_namespace_RunGSULayer0StreamParallelQ610_Pipeline_VITIS_LOOP_1774_1'
================================================================
* Date:           Wed May 13 19:58:28 2026

* Version:        2023.2 (Build 4023990 on Oct 11 2023)
* Project:        subband_q610_zybo_z7_20_hls
* Solution:       solution1 (Vivado IP Flow Target)
* Product family: zynq
* Target device:  xc7z020-clg400-1


================================================================
== Performance Estimates
================================================================
+ Timing: 
    * Summary: 
    +--------+----------+----------+------------+
    |  Clock |  Target  | Estimated| Uncertainty|
    +--------+----------+----------+------------+
    |ap_clk  |  10.00 ns|  5.091 ns|     2.70 ns|
    +--------+----------+----------+------------+

+ Latency: 
    * Summary: 
    +---------+---------+----------+----------+-----+-----+---------+
    |  Latency (cycles) |  Latency (absolute) |  Interval | Pipeline|
    |   min   |   max   |    min   |    max   | min | max |   Type  |
    +---------+---------+----------+----------+-----+-----+---------+
    |      227|      227|  2.270 us|  2.270 us|  227|  227|       no|
    +---------+---------+----------+----------+-----+-----+---------+

    + Detail: 
        * Instance: 
        N/A

        * Loop: 
        +---------------------+---------+---------+----------+-----------+-----------+------+----------+
        |                     |  Latency (cycles) | Iteration|  Initiation Interval  | Trip |          |
        |      Loop Name      |   min   |   max   |  Latency |  achieved |   target  | Count| Pipelined|
        +---------------------+---------+---------+----------+-----------+-----------+------+----------+
        |- VITIS_LOOP_1774_1  |      225|      225|         3|          1|          1|   224|       yes|
        +---------------------+---------+---------+----------+-----------+-----------+------+----------+

============================================================
+ Verbose Summary: Synthesis Manager
============================================================
InlineROM: 1
ExposeGlobal: 0
============================================================
+ Verbose Summary: CDFG Model
============================================================
IsTopModel: 0
ResetActiveHigh: 1
IsCombinational: 0
IsDatapathOnly: 0
HasWiredReturn: 1
HasMFsm: 2
HasVarLatency: 1
IsPipeline: 0
IsRtlPipelined: 0
IsInstanceOverlapped: 0
IsDontTouch: 0
HasImplIP: 0
IsGatedGlobalClock: 0

+ Individual pipeline summary: 
  * Pipeline-0: initiation interval (II) = 1, depth = 3


============================================================
+ Verbose Summary: Schedule
============================================================
* Number of FSM states : 3
* Pipeline : 1
  Pipeline-0 : II = 1, D = 3, States = { 1 2 3 }
* Dataflow Pipeline: 0

* FSM state transitions: 
1 --> 2 
2 --> 3 
3 --> 

* FSM state operations: 

State 1 <SV = 0> <Delay = 5.09>
ST_1 : Operation 6 [1/1] (0.00ns)   --->   "%index_8 = alloca i32 1" [H:/subband_ref_q610_opt_stage4_latency_stepL2.cpp:1774->H:/subband_ref_q610_opt_stage4_latency_stepL2.cpp:1994]   --->   Operation 6 'alloca' 'index_8' <Predicate = true> <Delay = 0.00>
ST_1 : Operation 7 [1/1] (0.00ns)   --->   "%specinterface_ln0 = specinterface void @_ssdm_op_SpecInterface, i16 %layer0_output_stream, void @empty_199, i32 0, i32 0, void @empty_25, i32 0, i32 0, void @empty_25, void @empty_25, void @empty_25, i32 0, i32 0, i32 0, i32 0, void @empty_25, void @empty_25, i32 4294967295, i32 0"   --->   Operation 7 'specinterface' 'specinterface_ln0' <Predicate = true> <Delay = 0.00>
ST_1 : Operation 8 [1/1] (1.58ns)   --->   "%store_ln1774 = store i8 0, i8 %index_8" [H:/subband_ref_q610_opt_stage4_latency_stepL2.cpp:1774->H:/subband_ref_q610_opt_stage4_latency_stepL2.cpp:1994]   --->   Operation 8 'store' 'store_ln1774' <Predicate = true> <Delay = 1.58>
ST_1 : Operation 9 [1/1] (0.00ns)   --->   "%br_ln0 = br void %for.body.i8"   --->   Operation 9 'br' 'br_ln0' <Predicate = true> <Delay = 0.00>
ST_1 : Operation 10 [1/1] (0.00ns)   --->   "%index = load i8 %index_8" [H:/subband_ref_q610_opt_stage4_latency_stepL2.cpp:1774->H:/subband_ref_q610_opt_stage4_latency_stepL2.cpp:1994]   --->   Operation 10 'load' 'index' <Predicate = true> <Delay = 0.00>
ST_1 : Operation 11 [1/1] (1.91ns)   --->   "%icmp_ln1774 = icmp_eq  i8 %index, i8 224" [H:/subband_ref_q610_opt_stage4_latency_stepL2.cpp:1774->H:/subband_ref_q610_opt_stage4_latency_stepL2.cpp:1994]   --->   Operation 11 'icmp' 'icmp_ln1774' <Predicate = true> <Delay = 1.91> <CoreInst = "Cmp">   --->   Core 9 'Cmp' <Latency = 0> <II = 1> <Delay = 1.91> <FuncUnit> <Opcode : 'icmp'> <InPorts = 2> <OutPorts = 1>
ST_1 : Operation 12 [1/1] (1.91ns)   --->   "%add_ln1774 = add i8 %index, i8 1" [H:/subband_ref_q610_opt_stage4_latency_stepL2.cpp:1774->H:/subband_ref_q610_opt_stage4_latency_stepL2.cpp:1994]   --->   Operation 12 'add' 'add_ln1774' <Predicate = true> <Delay = 1.91> <CoreInst = "Adder">   --->   Core 1 'Adder' <Latency = 0> <II = 1> <Delay = 1.91> <FuncUnit> <Opcode : 'add' 'sub'> <InPorts = 2> <OutPorts = 1>
ST_1 : Operation 13 [1/1] (0.00ns)   --->   "%br_ln1774 = br i1 %icmp_ln1774, void %for.body.i8.split, void %for.inc.exitStub" [H:/subband_ref_q610_opt_stage4_latency_stepL2.cpp:1774->H:/subband_ref_q610_opt_stage4_latency_stepL2.cpp:1994]   --->   Operation 13 'br' 'br_ln1774' <Predicate = true> <Delay = 0.00>
ST_1 : Operation 14 [1/1] (0.00ns)   --->   "%trunc_ln1774 = trunc i8 %index" [H:/subband_ref_q610_opt_stage4_latency_stepL2.cpp:1774->H:/subband_ref_q610_opt_stage4_latency_stepL2.cpp:1994]   --->   Operation 14 'trunc' 'trunc_ln1774' <Predicate = (!icmp_ln1774)> <Delay = 0.00>
ST_1 : Operation 15 [1/1] (0.00ns)   --->   "%lshr_ln = partselect i7 @_ssdm_op_PartSelect.i7.i8.i32.i32, i8 %index, i32 1, i32 7" [H:/subband_ref_q610_opt_stage4_latency_stepL2.cpp:1774->H:/subband_ref_q610_opt_stage4_latency_stepL2.cpp:1994]   --->   Operation 15 'partselect' 'lshr_ln' <Predicate = (!icmp_ln1774)> <Delay = 0.00>
ST_1 : Operation 16 [1/1] (0.00ns)   --->   "%zext_ln1776 = zext i7 %lshr_ln" [H:/subband_ref_q610_opt_stage4_latency_stepL2.cpp:1776->H:/subband_ref_q610_opt_stage4_latency_stepL2.cpp:1994]   --->   Operation 16 'zext' 'zext_ln1776' <Predicate = (!icmp_ln1774)> <Delay = 0.00>
ST_1 : Operation 17 [1/1] (0.00ns)   --->   "%output_buffer_addr = getelementptr i11 %output_buffer, i32 0, i32 %zext_ln1776" [H:/subband_ref_q610_opt_stage4_latency_stepL2.cpp:1776->H:/subband_ref_q610_opt_stage4_latency_stepL2.cpp:1994]   --->   Operation 17 'getelementptr' 'output_buffer_addr' <Predicate = (!icmp_ln1774)> <Delay = 0.00>
ST_1 : Operation 18 [1/1] (0.00ns)   --->   "%output_buffer_4_addr = getelementptr i11 %output_buffer_4, i32 0, i32 %zext_ln1776" [H:/subband_ref_q610_opt_stage4_latency_stepL2.cpp:1776->H:/subband_ref_q610_opt_stage4_latency_stepL2.cpp:1994]   --->   Operation 18 'getelementptr' 'output_buffer_4_addr' <Predicate = (!icmp_ln1774)> <Delay = 0.00>
ST_1 : Operation 19 [2/2] (3.25ns)   --->   "%output_buffer_load = load i7 %output_buffer_addr" [H:/subband_ref_q610_opt_stage4_latency_stepL2.cpp:1776->H:/subband_ref_q610_opt_stage4_latency_stepL2.cpp:1994]   --->   Operation 19 'load' 'output_buffer_load' <Predicate = (!icmp_ln1774)> <Delay = 3.25> <CoreInst = "RAM">   --->   Core 82 'RAM' <Latency = 1> <II = 1> <Delay = 3.25> <Storage> <Opcode : 'load' 'store'> <Ports = 2> <Width = 11> <Depth = 112> <RAM>
ST_1 : Operation 20 [2/2] (3.25ns)   --->   "%output_buffer_4_load = load i7 %output_buffer_4_addr" [H:/subband_ref_q610_opt_stage4_latency_stepL2.cpp:1776->H:/subband_ref_q610_opt_stage4_latency_stepL2.cpp:1994]   --->   Operation 20 'load' 'output_buffer_4_load' <Predicate = (!icmp_ln1774)> <Delay = 3.25> <CoreInst = "RAM">   --->   Core 82 'RAM' <Latency = 1> <II = 1> <Delay = 3.25> <Storage> <Opcode : 'load' 'store'> <Ports = 2> <Width = 11> <Depth = 112> <RAM>
ST_1 : Operation 21 [1/1] (1.58ns)   --->   "%store_ln1774 = store i8 %add_ln1774, i8 %index_8" [H:/subband_ref_q610_opt_stage4_latency_stepL2.cpp:1774->H:/subband_ref_q610_opt_stage4_latency_stepL2.cpp:1994]   --->   Operation 21 'store' 'store_ln1774' <Predicate = (!icmp_ln1774)> <Delay = 1.58>

State 2 <SV = 1> <Delay = 3.94>
ST_2 : Operation 22 [1/2] (3.25ns)   --->   "%output_buffer_load = load i7 %output_buffer_addr" [H:/subband_ref_q610_opt_stage4_latency_stepL2.cpp:1776->H:/subband_ref_q610_opt_stage4_latency_stepL2.cpp:1994]   --->   Operation 22 'load' 'output_buffer_load' <Predicate = true> <Delay = 3.25> <CoreInst = "RAM">   --->   Core 82 'RAM' <Latency = 1> <II = 1> <Delay = 3.25> <Storage> <Opcode : 'load' 'store'> <Ports = 2> <Width = 11> <Depth = 112> <RAM>
ST_2 : Operation 23 [1/2] (3.25ns)   --->   "%output_buffer_4_load = load i7 %output_buffer_4_addr" [H:/subband_ref_q610_opt_stage4_latency_stepL2.cpp:1776->H:/subband_ref_q610_opt_stage4_latency_stepL2.cpp:1994]   --->   Operation 23 'load' 'output_buffer_4_load' <Predicate = true> <Delay = 3.25> <CoreInst = "RAM">   --->   Core 82 'RAM' <Latency = 1> <II = 1> <Delay = 3.25> <Storage> <Opcode : 'load' 'store'> <Ports = 2> <Width = 11> <Depth = 112> <RAM>
ST_2 : Operation 24 [1/1] (0.69ns)   --->   "%select_ln1776 = select i1 %trunc_ln1774, i11 %output_buffer_4_load, i11 %output_buffer_load" [H:/subband_ref_q610_opt_stage4_latency_stepL2.cpp:1776->H:/subband_ref_q610_opt_stage4_latency_stepL2.cpp:1994]   --->   Operation 24 'select' 'select_ln1776' <Predicate = true> <Delay = 0.69> <CoreInst = "Sel">   --->   Core 73 'Sel' <Latency = 0> <II = 1> <Delay = 0.69> <FuncUnit> <Opcode : 'select'> <InPorts = 3> <OutPorts = 1>
ST_2 : Operation 31 [1/1] (0.00ns)   --->   "%ret_ln0 = ret"   --->   Operation 31 'ret' 'ret_ln0' <Predicate = (icmp_ln1774)> <Delay = 0.00>

State 3 <SV = 2> <Delay = 3.61>
ST_3 : Operation 25 [1/1] (0.00ns)   --->   "%specpipeline_ln1775 = specpipeline void @_ssdm_op_SpecPipeline, i32 1, i32 0, i32 0, i32 0, void @empty_25" [H:/subband_ref_q610_opt_stage4_latency_stepL2.cpp:1775->H:/subband_ref_q610_opt_stage4_latency_stepL2.cpp:1994]   --->   Operation 25 'specpipeline' 'specpipeline_ln1775' <Predicate = true> <Delay = 0.00>
ST_3 : Operation 26 [1/1] (0.00ns)   --->   "%speclooptripcount_ln1774 = speclooptripcount void @_ssdm_op_SpecLoopTripCount, i64 224, i64 224, i64 224" [H:/subband_ref_q610_opt_stage4_latency_stepL2.cpp:1774->H:/subband_ref_q610_opt_stage4_latency_stepL2.cpp:1994]   --->   Operation 26 'speclooptripcount' 'speclooptripcount_ln1774' <Predicate = true> <Delay = 0.00>
ST_3 : Operation 27 [1/1] (0.00ns)   --->   "%specloopname_ln1774 = specloopname void @_ssdm_op_SpecLoopName, void @empty_201" [H:/subband_ref_q610_opt_stage4_latency_stepL2.cpp:1774->H:/subband_ref_q610_opt_stage4_latency_stepL2.cpp:1994]   --->   Operation 27 'specloopname' 'specloopname_ln1774' <Predicate = true> <Delay = 0.00>
ST_3 : Operation 28 [1/1] (0.00ns)   --->   "%zext_ln1776_2 = zext i11 %select_ln1776" [H:/subband_ref_q610_opt_stage4_latency_stepL2.cpp:1776->H:/subband_ref_q610_opt_stage4_latency_stepL2.cpp:1994]   --->   Operation 28 'zext' 'zext_ln1776_2' <Predicate = true> <Delay = 0.00>
ST_3 : Operation 29 [1/1] (3.61ns)   --->   "%write_ln1776 = write void @_ssdm_op_Write.ap_fifo.volatile.i16P0A, i16 %layer0_output_stream, i16 %zext_ln1776_2" [H:/subband_ref_q610_opt_stage4_latency_stepL2.cpp:1776->H:/subband_ref_q610_opt_stage4_latency_stepL2.cpp:1994]   --->   Operation 29 'write' 'write_ln1776' <Predicate = true> <Delay = 3.61> <CoreInst = "FIFO">   --->   Core 78 'FIFO' <Latency = 0> <II = 1> <Delay = 3.61> <Storage> <Opcode : 'read' 'write' 'nbread' 'nbwrite'> <Ports = 0> <Width = 16> <Depth = 512> <FIFO>
ST_3 : Operation 30 [1/1] (0.00ns)   --->   "%br_ln1774 = br void %for.body.i8" [H:/subband_ref_q610_opt_stage4_latency_stepL2.cpp:1774->H:/subband_ref_q610_opt_stage4_latency_stepL2.cpp:1994]   --->   Operation 30 'br' 'br_ln1774' <Predicate = true> <Delay = 0.00>


============================================================
+ Verbose Summary: Timing violations
============================================================
Target clock period: 10.000ns, clock uncertainty: 2.700ns.

 <State 1>: 5.091ns
The critical path consists of the following:
	'store' operation 0 bit ('store_ln1774', H:/subband_ref_q610_opt_stage4_latency_stepL2.cpp:1774->H:/subband_ref_q610_opt_stage4_latency_stepL2.cpp:1994) of constant 0 on local variable 'index', H:/subband_ref_q610_opt_stage4_latency_stepL2.cpp:1774->H:/subband_ref_q610_opt_stage4_latency_stepL2.cpp:1994 [6]  (1.588 ns)
	'load' operation 8 bit ('index', H:/subband_ref_q610_opt_stage4_latency_stepL2.cpp:1774->H:/subband_ref_q610_opt_stage4_latency_stepL2.cpp:1994) on local variable 'index', H:/subband_ref_q610_opt_stage4_latency_stepL2.cpp:1774->H:/subband_ref_q610_opt_stage4_latency_stepL2.cpp:1994 [9]  (0.000 ns)
	'add' operation 8 bit ('add_ln1774', H:/subband_ref_q610_opt_stage4_latency_stepL2.cpp:1774->H:/subband_ref_q610_opt_stage4_latency_stepL2.cpp:1994) [11]  (1.915 ns)
	'store' operation 0 bit ('store_ln1774', H:/subband_ref_q610_opt_stage4_latency_stepL2.cpp:1774->H:/subband_ref_q610_opt_stage4_latency_stepL2.cpp:1994) of variable 'add_ln1774', H:/subband_ref_q610_opt_stage4_latency_stepL2.cpp:1774->H:/subband_ref_q610_opt_stage4_latency_stepL2.cpp:1994 on local variable 'index', H:/subband_ref_q610_opt_stage4_latency_stepL2.cpp:1774->H:/subband_ref_q610_opt_stage4_latency_stepL2.cpp:1994 [27]  (1.588 ns)

 <State 2>: 3.946ns
The critical path consists of the following:
	'load' operation 11 bit ('output_buffer_load', H:/subband_ref_q610_opt_stage4_latency_stepL2.cpp:1776->H:/subband_ref_q610_opt_stage4_latency_stepL2.cpp:1994) on array 'output_buffer' [22]  (3.254 ns)
	'select' operation 11 bit ('select_ln1776', H:/subband_ref_q610_opt_stage4_latency_stepL2.cpp:1776->H:/subband_ref_q610_opt_stage4_latency_stepL2.cpp:1994) [24]  (0.692 ns)

 <State 3>: 3.618ns
The critical path consists of the following:
	fifo write operation ('write_ln1776', H:/subband_ref_q610_opt_stage4_latency_stepL2.cpp:1776->H:/subband_ref_q610_opt_stage4_latency_stepL2.cpp:1994) on port 'layer0_output_stream' (H:/subband_ref_q610_opt_stage4_latency_stepL2.cpp:1776->H:/subband_ref_q610_opt_stage4_latency_stepL2.cpp:1994) [26]  (3.618 ns)


============================================================
+ Verbose Summary: Binding
============================================================
N/A
* FSMD analyzer results:
  - Output states:
 - Input state : 
  - Chain level:
	State 1
	State 2
	State 3


============================================================
+ Verbose Summary: Datapath Resource usage 
============================================================
N/A
