

================================================================
== Vitis HLS Report for 'p_anonymous_namespace_LoadVectorQ610_224_Pipeline_VITIS_LOOP_1716_1'
================================================================
* Date:           Wed May 13 19:58:20 2026

* Version:        2023.2 (Build 4023990 on Oct 11 2023)
* Project:        subband_q610_zybo_z7_20_hls
* Solution:       solution1 (Vivado IP Flow Target)
* Product family: zynq
* Target device:  xc7z020-clg400-1


================================================================
== Performance Estimates
================================================================
+ Timing: 
    * Summary: 
    +--------+----------+----------+------------+
    |  Clock |  Target  | Estimated| Uncertainty|
    +--------+----------+----------+------------+
    |ap_clk  |  10.00 ns|  7.300 ns|     2.70 ns|
    +--------+----------+----------+------------+

+ Latency: 
    * Summary: 
    +---------+---------+----------+----------+-----+-----+---------+
    |  Latency (cycles) |  Latency (absolute) |  Interval | Pipeline|
    |   min   |   max   |    min   |    max   | min | max |   Type  |
    +---------+---------+----------+----------+-----+-----+---------+
    |      227|      227|  2.270 us|  2.270 us|  227|  227|       no|
    +---------+---------+----------+----------+-----+-----+---------+

    + Detail: 
        * Instance: 
        N/A

        * Loop: 
        +---------------------+---------+---------+----------+-----------+-----------+------+----------+
        |                     |  Latency (cycles) | Iteration|  Initiation Interval  | Trip |          |
        |      Loop Name      |   min   |   max   |  Latency |  achieved |   target  | Count| Pipelined|
        +---------------------+---------+---------+----------+-----------+-----------+------+----------+
        |- VITIS_LOOP_1716_1  |      225|      225|         3|          1|          1|   224|       yes|
        +---------------------+---------+---------+----------+-----------+-----------+------+----------+

============================================================
+ Verbose Summary: Synthesis Manager
============================================================
InlineROM: 1
ExposeGlobal: 0
============================================================
+ Verbose Summary: CDFG Model
============================================================
IsTopModel: 0
ResetActiveHigh: 1
IsCombinational: 0
IsDatapathOnly: 0
HasWiredReturn: 1
HasMFsm: 2
HasVarLatency: 1
IsPipeline: 0
IsRtlPipelined: 0
IsInstanceOverlapped: 0
IsDontTouch: 0
HasImplIP: 0
IsGatedGlobalClock: 0

+ Individual pipeline summary: 
  * Pipeline-0: initiation interval (II) = 1, depth = 3


============================================================
+ Verbose Summary: Schedule
============================================================
* Number of FSM states : 3
* Pipeline : 1
  Pipeline-0 : II = 1, D = 3, States = { 1 2 3 }
* Dataflow Pipeline: 0

* FSM state transitions: 
1 --> 2 
2 --> 3 
3 --> 

* FSM state operations: 

State 1 <SV = 0> <Delay = 5.09>
ST_1 : Operation 6 [1/1] (0.00ns)   --->   "%index = alloca i32 1" [H:/subband_ref_q610_opt_stage4_latency_stepL2.cpp:1716]   --->   Operation 6 'alloca' 'index' <Predicate = true> <Delay = 0.00>
ST_1 : Operation 7 [1/1] (0.00ns)   --->   "%sext_ln1716_read = read i31 @_ssdm_op_Read.ap_auto.i31, i31 %sext_ln1716"   --->   Operation 7 'read' 'sext_ln1716_read' <Predicate = true> <Delay = 0.00>
ST_1 : Operation 8 [1/1] (0.00ns)   --->   "%sext_ln1716_cast = sext i31 %sext_ln1716_read"   --->   Operation 8 'sext' 'sext_ln1716_cast' <Predicate = true> <Delay = 0.00>
ST_1 : Operation 9 [1/1] (0.00ns)   --->   "%specstablecontent_ln0 = specstablecontent void @_ssdm_op_SpecStableContent, i16 %output_1, void "   --->   Operation 9 'specstablecontent' 'specstablecontent_ln0' <Predicate = true> <Delay = 0.00>
ST_1 : Operation 10 [1/1] (0.00ns)   --->   "%specstablecontent_ln0 = specstablecontent void @_ssdm_op_SpecStableContent, i16 %output_0, void "   --->   Operation 10 'specstablecontent' 'specstablecontent_ln0' <Predicate = true> <Delay = 0.00>
ST_1 : Operation 11 [1/1] (0.00ns)   --->   "%specinterface_ln0 = specinterface void @_ssdm_op_SpecInterface, i16 %weights, void @empty_173, i32 0, i32 0, void @empty_25, i32 0, i32 8512, void @empty_177, void @empty_176, void @empty_25, i32 1, i32 1, i32 16, i32 16, void @empty_25, void @empty_25, i32 4294967295, i32 0"   --->   Operation 11 'specinterface' 'specinterface_ln0' <Predicate = true> <Delay = 0.00>
ST_1 : Operation 12 [1/1] (1.58ns)   --->   "%store_ln1716 = store i8 0, i8 %index" [H:/subband_ref_q610_opt_stage4_latency_stepL2.cpp:1716]   --->   Operation 12 'store' 'store_ln1716' <Predicate = true> <Delay = 1.58>
ST_1 : Operation 13 [1/1] (0.00ns)   --->   "%br_ln0 = br void %for.inc"   --->   Operation 13 'br' 'br_ln0' <Predicate = true> <Delay = 0.00>
ST_1 : Operation 14 [1/1] (0.00ns)   --->   "%index_13 = load i8 %index" [H:/subband_ref_q610_opt_stage4_latency_stepL2.cpp:1716]   --->   Operation 14 'load' 'index_13' <Predicate = true> <Delay = 0.00>
ST_1 : Operation 15 [1/1] (1.91ns)   --->   "%icmp_ln1716 = icmp_eq  i8 %index_13, i8 224" [H:/subband_ref_q610_opt_stage4_latency_stepL2.cpp:1716]   --->   Operation 15 'icmp' 'icmp_ln1716' <Predicate = true> <Delay = 1.91> <CoreInst = "Cmp">   --->   Core 9 'Cmp' <Latency = 0> <II = 1> <Delay = 1.91> <FuncUnit> <Opcode : 'icmp'> <InPorts = 2> <OutPorts = 1>
ST_1 : Operation 16 [1/1] (1.91ns)   --->   "%add_ln1716 = add i8 %index_13, i8 1" [H:/subband_ref_q610_opt_stage4_latency_stepL2.cpp:1716]   --->   Operation 16 'add' 'add_ln1716' <Predicate = true> <Delay = 1.91> <CoreInst = "Adder">   --->   Core 1 'Adder' <Latency = 0> <II = 1> <Delay = 1.91> <FuncUnit> <Opcode : 'add' 'sub'> <InPorts = 2> <OutPorts = 1>
ST_1 : Operation 17 [1/1] (0.00ns)   --->   "%br_ln1716 = br i1 %icmp_ln1716, void %for.inc.split, void %for.end.exitStub" [H:/subband_ref_q610_opt_stage4_latency_stepL2.cpp:1716]   --->   Operation 17 'br' 'br_ln1716' <Predicate = true> <Delay = 0.00>
ST_1 : Operation 18 [1/1] (0.00ns)   --->   "%trunc_ln1716 = trunc i8 %index_13" [H:/subband_ref_q610_opt_stage4_latency_stepL2.cpp:1716]   --->   Operation 18 'trunc' 'trunc_ln1716' <Predicate = (!icmp_ln1716)> <Delay = 0.00>
ST_1 : Operation 19 [1/1] (0.00ns)   --->   "%lshr_ln = partselect i7 @_ssdm_op_PartSelect.i7.i8.i32.i32, i8 %index_13, i32 1, i32 7" [H:/subband_ref_q610_opt_stage4_latency_stepL2.cpp:1716]   --->   Operation 19 'partselect' 'lshr_ln' <Predicate = (!icmp_ln1716)> <Delay = 0.00>
ST_1 : Operation 20 [1/1] (0.00ns)   --->   "%br_ln1718 = br i1 %trunc_ln1716, void %arrayidx2.case.0, void %arrayidx2.case.1" [H:/subband_ref_q610_opt_stage4_latency_stepL2.cpp:1718]   --->   Operation 20 'br' 'br_ln1718' <Predicate = (!icmp_ln1716)> <Delay = 0.00>
ST_1 : Operation 21 [1/1] (1.58ns)   --->   "%store_ln1716 = store i8 %add_ln1716, i8 %index" [H:/subband_ref_q610_opt_stage4_latency_stepL2.cpp:1716]   --->   Operation 21 'store' 'store_ln1716' <Predicate = (!icmp_ln1716)> <Delay = 1.58>
ST_1 : Operation 22 [1/1] (0.00ns)   --->   "%br_ln1716 = br void %for.inc" [H:/subband_ref_q610_opt_stage4_latency_stepL2.cpp:1716]   --->   Operation 22 'br' 'br_ln1716' <Predicate = (!icmp_ln1716)> <Delay = 0.00>

State 2 <SV = 1> <Delay = 7.30>
ST_2 : Operation 23 [1/1] (0.00ns)   --->   "%weights_addr = getelementptr i16 %weights, i32 %sext_ln1716_cast" [H:/subband_ref_q610_opt_stage4_latency_stepL2.cpp:1716]   --->   Operation 23 'getelementptr' 'weights_addr' <Predicate = true> <Delay = 0.00>
ST_2 : Operation 24 [1/1] (7.30ns)   --->   "%weights_addr_read = read i16 @_ssdm_op_Read.m_axi.p1i16, i16 %weights_addr" [H:/subband_ref_q610_opt_stage4_latency_stepL2.cpp:1718]   --->   Operation 24 'read' 'weights_addr_read' <Predicate = true> <Delay = 7.30> <CoreInst = "m_axi">   --->   Core 113 'm_axi' <Latency = 0> <II = 1> <Delay = 1.00> <Adapter> <Opcode : 'read' 'write' 'readreq' 'writereq' 'writeresp'>
ST_2 : Operation 35 [1/1] (0.00ns)   --->   "%ret_ln0 = ret"   --->   Operation 35 'ret' 'ret_ln0' <Predicate = (icmp_ln1716)> <Delay = 0.00>

State 3 <SV = 2> <Delay = 3.25>
ST_3 : Operation 25 [1/1] (0.00ns)   --->   "%specpipeline_ln1717 = specpipeline void @_ssdm_op_SpecPipeline, i32 1, i32 0, i32 0, i32 0, void @empty_25" [H:/subband_ref_q610_opt_stage4_latency_stepL2.cpp:1717]   --->   Operation 25 'specpipeline' 'specpipeline_ln1717' <Predicate = true> <Delay = 0.00>
ST_3 : Operation 26 [1/1] (0.00ns)   --->   "%speclooptripcount_ln1716 = speclooptripcount void @_ssdm_op_SpecLoopTripCount, i64 224, i64 224, i64 224" [H:/subband_ref_q610_opt_stage4_latency_stepL2.cpp:1716]   --->   Operation 26 'speclooptripcount' 'speclooptripcount_ln1716' <Predicate = true> <Delay = 0.00>
ST_3 : Operation 27 [1/1] (0.00ns)   --->   "%specloopname_ln1716 = specloopname void @_ssdm_op_SpecLoopName, void @empty_207" [H:/subband_ref_q610_opt_stage4_latency_stepL2.cpp:1716]   --->   Operation 27 'specloopname' 'specloopname_ln1716' <Predicate = true> <Delay = 0.00>
ST_3 : Operation 28 [1/1] (0.00ns)   --->   "%zext_ln1718 = zext i7 %lshr_ln" [H:/subband_ref_q610_opt_stage4_latency_stepL2.cpp:1718]   --->   Operation 28 'zext' 'zext_ln1718' <Predicate = true> <Delay = 0.00>
ST_3 : Operation 29 [1/1] (0.00ns)   --->   "%output_0_addr = getelementptr i16 %output_0, i32 0, i32 %zext_ln1718" [H:/subband_ref_q610_opt_stage4_latency_stepL2.cpp:1718]   --->   Operation 29 'getelementptr' 'output_0_addr' <Predicate = true> <Delay = 0.00>
ST_3 : Operation 30 [1/1] (0.00ns)   --->   "%output_1_addr = getelementptr i16 %output_1, i32 0, i32 %zext_ln1718" [H:/subband_ref_q610_opt_stage4_latency_stepL2.cpp:1718]   --->   Operation 30 'getelementptr' 'output_1_addr' <Predicate = true> <Delay = 0.00>
ST_3 : Operation 31 [1/1] (3.25ns)   --->   "%store_ln1718 = store i16 %weights_addr_read, i7 %output_0_addr" [H:/subband_ref_q610_opt_stage4_latency_stepL2.cpp:1718]   --->   Operation 31 'store' 'store_ln1718' <Predicate = (!trunc_ln1716)> <Delay = 3.25> <CoreInst = "RAM">   --->   Core 82 'RAM' <Latency = 1> <II = 1> <Delay = 3.25> <Storage> <Opcode : 'load' 'store'> <Ports = 2> <Width = 16> <Depth = 112> <RAM>
ST_3 : Operation 32 [1/1] (0.00ns)   --->   "%br_ln1718 = br void %arrayidx2.exit" [H:/subband_ref_q610_opt_stage4_latency_stepL2.cpp:1718]   --->   Operation 32 'br' 'br_ln1718' <Predicate = (!trunc_ln1716)> <Delay = 0.00>
ST_3 : Operation 33 [1/1] (3.25ns)   --->   "%store_ln1718 = store i16 %weights_addr_read, i7 %output_1_addr" [H:/subband_ref_q610_opt_stage4_latency_stepL2.cpp:1718]   --->   Operation 33 'store' 'store_ln1718' <Predicate = (trunc_ln1716)> <Delay = 3.25> <CoreInst = "RAM">   --->   Core 82 'RAM' <Latency = 1> <II = 1> <Delay = 3.25> <Storage> <Opcode : 'load' 'store'> <Ports = 2> <Width = 16> <Depth = 112> <RAM>
ST_3 : Operation 34 [1/1] (0.00ns)   --->   "%br_ln1718 = br void %arrayidx2.exit" [H:/subband_ref_q610_opt_stage4_latency_stepL2.cpp:1718]   --->   Operation 34 'br' 'br_ln1718' <Predicate = (trunc_ln1716)> <Delay = 0.00>


============================================================
+ Verbose Summary: Timing violations
============================================================
Target clock period: 10.000ns, clock uncertainty: 2.700ns.

 <State 1>: 5.091ns
The critical path consists of the following:
	'store' operation 0 bit ('store_ln1716', H:/subband_ref_q610_opt_stage4_latency_stepL2.cpp:1716) of constant 0 on local variable 'index', H:/subband_ref_q610_opt_stage4_latency_stepL2.cpp:1716 [11]  (1.588 ns)
	'load' operation 8 bit ('index', H:/subband_ref_q610_opt_stage4_latency_stepL2.cpp:1716) on local variable 'index', H:/subband_ref_q610_opt_stage4_latency_stepL2.cpp:1716 [14]  (0.000 ns)
	'add' operation 8 bit ('add_ln1716', H:/subband_ref_q610_opt_stage4_latency_stepL2.cpp:1716) [16]  (1.915 ns)
	'store' operation 0 bit ('store_ln1716', H:/subband_ref_q610_opt_stage4_latency_stepL2.cpp:1716) of variable 'add_ln1716', H:/subband_ref_q610_opt_stage4_latency_stepL2.cpp:1716 on local variable 'index', H:/subband_ref_q610_opt_stage4_latency_stepL2.cpp:1716 [37]  (1.588 ns)

 <State 2>: 7.300ns
The critical path consists of the following:
	'getelementptr' operation 16 bit ('weights_addr', H:/subband_ref_q610_opt_stage4_latency_stepL2.cpp:1716) [19]  (0.000 ns)
	bus read operation ('weights_addr_read', H:/subband_ref_q610_opt_stage4_latency_stepL2.cpp:1718) on port 'weights' (H:/subband_ref_q610_opt_stage4_latency_stepL2.cpp:1718) [28]  (7.300 ns)

 <State 3>: 3.254ns
The critical path consists of the following:
	'getelementptr' operation 7 bit ('output_1_addr', H:/subband_ref_q610_opt_stage4_latency_stepL2.cpp:1718) [27]  (0.000 ns)
	'store' operation 0 bit ('store_ln1718', H:/subband_ref_q610_opt_stage4_latency_stepL2.cpp:1718) of variable 'weights_addr_read', H:/subband_ref_q610_opt_stage4_latency_stepL2.cpp:1718 on array 'output_1' [34]  (3.254 ns)


============================================================
+ Verbose Summary: Binding
============================================================
N/A
* FSMD analyzer results:
  - Output states:
 - Input state : 
  - Chain level:
	State 1
	State 2
	State 3


============================================================
+ Verbose Summary: Datapath Resource usage 
============================================================
N/A
