

================================================================
== Vitis HLS Report for 'p_anonymous_namespace_LoadMatrixQ610_Pipeline_VITIS_LOOP_1705_1_VITIS_LOOP_1706_2_2'
================================================================
* Date:           Wed May 13 19:58:41 2026

* Version:        2023.2 (Build 4023990 on Oct 11 2023)
* Project:        subband_q610_zybo_z7_20_hls
* Solution:       solution1 (Vivado IP Flow Target)
* Product family: zynq
* Target device:  xc7z020-clg400-1


================================================================
== Performance Estimates
================================================================
+ Timing: 
    * Summary: 
    +--------+----------+----------+------------+
    |  Clock |  Target  | Estimated| Uncertainty|
    +--------+----------+----------+------------+
    |ap_clk  |  10.00 ns|  7.300 ns|     2.70 ns|
    +--------+----------+----------+------------+

+ Latency: 
    * Summary: 
    +---------+---------+----------+----------+-------+-------+---------+
    |  Latency (cycles) |  Latency (absolute) |    Interval   | Pipeline|
    |   min   |   max   |    min   |    max   |  min  |  max  |   Type  |
    +---------+---------+----------+----------+-------+-------+---------+
    |    50179|    50179|  0.502 ms|  0.502 ms|  50179|  50179|       no|
    +---------+---------+----------+----------+-------+-------+---------+

    + Detail: 
        * Instance: 
        N/A

        * Loop: 
        +---------------------------------------+---------+---------+----------+-----------+-----------+-------+----------+
        |                                       |  Latency (cycles) | Iteration|  Initiation Interval  |  Trip |          |
        |               Loop Name               |   min   |   max   |  Latency |  achieved |   target  | Count | Pipelined|
        +---------------------------------------+---------+---------+----------+-----------+-----------+-------+----------+
        |- VITIS_LOOP_1705_1_VITIS_LOOP_1706_2  |    50177|    50177|         3|          1|          1|  50176|       yes|
        +---------------------------------------+---------+---------+----------+-----------+-----------+-------+----------+



================================================================
== Utilization Estimates
================================================================
* Summary: 
+-----------------+---------+-----+--------+-------+-----+
|       Name      | BRAM_18K| DSP |   FF   |  LUT  | URAM|
+-----------------+---------+-----+--------+-------+-----+
|DSP              |        -|    -|       -|      -|    -|
|Expression       |        -|    -|       0|   2666|    -|
|FIFO             |        -|    -|       -|      -|    -|
|Instance         |        -|    -|       -|      -|    -|
|Memory           |        -|    -|       -|      -|    -|
|Multiplexer      |        -|    -|       -|     81|    -|
|Register         |        -|    -|      69|      -|    -|
+-----------------+---------+-----+--------+-------+-----+
|Total            |        0|    0|      69|   2747|    0|
+-----------------+---------+-----+--------+-------+-----+
|Available        |      280|  220|  106400|  53200|    0|
+-----------------+---------+-----+--------+-------+-----+
|Utilization (%)  |        0|    0|      ~0|      5|    0|
+-----------------+---------+-----+--------+-------+-----+

+ Detail: 
    * Instance: 
    N/A

    * DSP: 
    N/A

    * Memory: 
    N/A

    * FIFO: 
    N/A

    * Expression: 
    +---------------------------+----------+----+---+------+------------+------------+
    |       Variable Name       | Operation| DSP| FF|  LUT | Bitwidth P0| Bitwidth P1|
    +---------------------------+----------+----+---+------+------------+------------+
    |add_ln1705_2_fu_175_p2     |         +|   0|  0|    23|          16|           1|
    |add_ln1705_fu_198_p2       |         +|   0|  0|    15|           8|           1|
    |add_ln1706_fu_254_p2       |         +|   0|  0|    15|           8|           1|
    |add_ln1708_fu_296_p2       |         +|   0|  0|    10|          10|          10|
    |sub_ln1708_fu_280_p2       |         -|   0|  0|    10|          10|          10|
    |ap_block_pp0_stage0_11001  |       and|   0|  0|     2|           1|           1|
    |icmp_ln1705_fu_169_p2      |      icmp|   0|  0|    23|          16|          15|
    |icmp_ln1706_fu_204_p2      |      icmp|   0|  0|    15|           8|           7|
    |select_ln1705_2_fu_218_p3  |    select|   0|  0|     8|           1|           8|
    |select_ln1705_fu_210_p3    |    select|   0|  0|     8|           1|           1|
    |shl_ln1708_1_fu_352_p2     |       shl|   0|  0|   182|           2|          64|
    |shl_ln1708_2_fu_334_p2     |       shl|   0|  0|   182|           2|          64|
    |shl_ln1708_fu_315_p2       |       shl|   0|  0|  2171|         512|         512|
    |ap_enable_pp0              |       xor|   0|  0|     2|           1|           2|
    +---------------------------+----------+----+---+------+------------+------------+
    |Total                      |          |   0|  0|  2666|         596|         697|
    +---------------------------+----------+----+---+------+------------+------------+

    * Multiplexer: 
    +--------------------------------------+----+-----------+-----+-----------+
    |                 Name                 | LUT| Input Size| Bits| Total Bits|
    +--------------------------------------+----+-----------+-----+-----------+
    |ap_done_int                           |   9|          2|    1|          2|
    |ap_enable_reg_pp0_iter1               |   9|          2|    1|          2|
    |ap_sig_allocacmp_indvar_flatten_load  |   9|          2|   16|         32|
    |col_fu_92                             |   9|          2|    8|         16|
    |indvar_flatten_fu_100                 |   9|          2|   16|         32|
    |output_0_we1                          |   9|          2|   64|        128|
    |output_1_we1                          |   9|          2|   64|        128|
    |row_fu_96                             |   9|          2|    8|         16|
    |weights_blk_n_R                       |   9|          2|    1|          2|
    +--------------------------------------+----+-----------+-----+-----------+
    |Total                                 |  81|         18|  179|        358|
    +--------------------------------------+----+-----------+-----+-----------+

    * Register: 
    +----------------------------------+----+----+-----+-----------+
    |               Name               | FF | LUT| Bits| Const Bits|
    +----------------------------------+----+----+-----+-----------+
    |ap_CS_fsm                         |   1|   0|    1|          0|
    |ap_done_reg                       |   1|   0|    1|          0|
    |ap_enable_reg_pp0_iter1           |   1|   0|    1|          0|
    |ap_enable_reg_pp0_iter2           |   1|   0|    1|          0|
    |ap_loop_exit_ready_pp0_iter1_reg  |   1|   0|    1|          0|
    |col_fu_92                         |   8|   0|    8|          0|
    |indvar_flatten_fu_100             |  16|   0|   16|          0|
    |lshr_ln4_reg_399                  |   3|   0|    3|          0|
    |lshr_ln_reg_393                   |   7|   0|    7|          0|
    |row_fu_96                         |   8|   0|    8|          0|
    |trunc_ln1705_reg_389              |   1|   0|    1|          0|
    |trunc_ln1708_reg_404              |   5|   0|    5|          0|
    |weights_addr_read_reg_411         |  16|   0|   16|          0|
    +----------------------------------+----+----+-----+-----------+
    |Total                             |  69|   0|   69|          0|
    +----------------------------------+----+----+-----+-----------+



================================================================
== Interface
================================================================
* Summary: 
+------------------------+-----+-----+------------+------------------------------------------------------------------------------------+--------------+
|        RTL Ports       | Dir | Bits|  Protocol  |                                    Source Object                                   |    C Type    |
+------------------------+-----+-----+------------+------------------------------------------------------------------------------------+--------------+
|ap_clk                  |   in|    1|  ap_ctrl_hs|  (anonymous namespace)LoadMatrixQ610_Pipeline_VITIS_LOOP_1705_1_VITIS_LOOP_1706_2.2|  return value|
|ap_rst                  |   in|    1|  ap_ctrl_hs|  (anonymous namespace)LoadMatrixQ610_Pipeline_VITIS_LOOP_1705_1_VITIS_LOOP_1706_2.2|  return value|
|ap_start                |   in|    1|  ap_ctrl_hs|  (anonymous namespace)LoadMatrixQ610_Pipeline_VITIS_LOOP_1705_1_VITIS_LOOP_1706_2.2|  return value|
|ap_done                 |  out|    1|  ap_ctrl_hs|  (anonymous namespace)LoadMatrixQ610_Pipeline_VITIS_LOOP_1705_1_VITIS_LOOP_1706_2.2|  return value|
|ap_idle                 |  out|    1|  ap_ctrl_hs|  (anonymous namespace)LoadMatrixQ610_Pipeline_VITIS_LOOP_1705_1_VITIS_LOOP_1706_2.2|  return value|
|ap_ready                |  out|    1|  ap_ctrl_hs|  (anonymous namespace)LoadMatrixQ610_Pipeline_VITIS_LOOP_1705_1_VITIS_LOOP_1706_2.2|  return value|
|m_axi_weights_AWVALID   |  out|    1|       m_axi|                                                                             weights|       pointer|
|m_axi_weights_AWREADY   |   in|    1|       m_axi|                                                                             weights|       pointer|
|m_axi_weights_AWADDR    |  out|   32|       m_axi|                                                                             weights|       pointer|
|m_axi_weights_AWID      |  out|    1|       m_axi|                                                                             weights|       pointer|
|m_axi_weights_AWLEN     |  out|   32|       m_axi|                                                                             weights|       pointer|
|m_axi_weights_AWSIZE    |  out|    3|       m_axi|                                                                             weights|       pointer|
|m_axi_weights_AWBURST   |  out|    2|       m_axi|                                                                             weights|       pointer|
|m_axi_weights_AWLOCK    |  out|    2|       m_axi|                                                                             weights|       pointer|
|m_axi_weights_AWCACHE   |  out|    4|       m_axi|                                                                             weights|       pointer|
|m_axi_weights_AWPROT    |  out|    3|       m_axi|                                                                             weights|       pointer|
|m_axi_weights_AWQOS     |  out|    4|       m_axi|                                                                             weights|       pointer|
|m_axi_weights_AWREGION  |  out|    4|       m_axi|                                                                             weights|       pointer|
|m_axi_weights_AWUSER    |  out|    1|       m_axi|                                                                             weights|       pointer|
|m_axi_weights_WVALID    |  out|    1|       m_axi|                                                                             weights|       pointer|
|m_axi_weights_WREADY    |   in|    1|       m_axi|                                                                             weights|       pointer|
|m_axi_weights_WDATA     |  out|   16|       m_axi|                                                                             weights|       pointer|
|m_axi_weights_WSTRB     |  out|    2|       m_axi|                                                                             weights|       pointer|
|m_axi_weights_WLAST     |  out|    1|       m_axi|                                                                             weights|       pointer|
|m_axi_weights_WID       |  out|    1|       m_axi|                                                                             weights|       pointer|
|m_axi_weights_WUSER     |  out|    1|       m_axi|                                                                             weights|       pointer|
|m_axi_weights_ARVALID   |  out|    1|       m_axi|                                                                             weights|       pointer|
|m_axi_weights_ARREADY   |   in|    1|       m_axi|                                                                             weights|       pointer|
|m_axi_weights_ARADDR    |  out|   32|       m_axi|                                                                             weights|       pointer|
|m_axi_weights_ARID      |  out|    1|       m_axi|                                                                             weights|       pointer|
|m_axi_weights_ARLEN     |  out|   32|       m_axi|                                                                             weights|       pointer|
|m_axi_weights_ARSIZE    |  out|    3|       m_axi|                                                                             weights|       pointer|
|m_axi_weights_ARBURST   |  out|    2|       m_axi|                                                                             weights|       pointer|
|m_axi_weights_ARLOCK    |  out|    2|       m_axi|                                                                             weights|       pointer|
|m_axi_weights_ARCACHE   |  out|    4|       m_axi|                                                                             weights|       pointer|
|m_axi_weights_ARPROT    |  out|    3|       m_axi|                                                                             weights|       pointer|
|m_axi_weights_ARQOS     |  out|    4|       m_axi|                                                                             weights|       pointer|
|m_axi_weights_ARREGION  |  out|    4|       m_axi|                                                                             weights|       pointer|
|m_axi_weights_ARUSER    |  out|    1|       m_axi|                                                                             weights|       pointer|
|m_axi_weights_RVALID    |   in|    1|       m_axi|                                                                             weights|       pointer|
|m_axi_weights_RREADY    |  out|    1|       m_axi|                                                                             weights|       pointer|
|m_axi_weights_RDATA     |   in|   16|       m_axi|                                                                             weights|       pointer|
|m_axi_weights_RLAST     |   in|    1|       m_axi|                                                                             weights|       pointer|
|m_axi_weights_RID       |   in|    1|       m_axi|                                                                             weights|       pointer|
|m_axi_weights_RFIFONUM  |   in|    6|       m_axi|                                                                             weights|       pointer|
|m_axi_weights_RUSER     |   in|    1|       m_axi|                                                                             weights|       pointer|
|m_axi_weights_RRESP     |   in|    2|       m_axi|                                                                             weights|       pointer|
|m_axi_weights_BVALID    |   in|    1|       m_axi|                                                                             weights|       pointer|
|m_axi_weights_BREADY    |  out|    1|       m_axi|                                                                             weights|       pointer|
|m_axi_weights_BRESP     |   in|    2|       m_axi|                                                                             weights|       pointer|
|m_axi_weights_BID       |   in|    1|       m_axi|                                                                             weights|       pointer|
|m_axi_weights_BUSER     |   in|    1|       m_axi|                                                                             weights|       pointer|
|output_0_address1       |  out|   10|   ap_memory|                                                                            output_0|         array|
|output_0_ce1            |  out|    1|   ap_memory|                                                                            output_0|         array|
|output_0_we1            |  out|   64|   ap_memory|                                                                            output_0|         array|
|output_0_d1             |  out|  512|   ap_memory|                                                                            output_0|         array|
|sext_ln1705             |   in|   31|     ap_none|                                                                         sext_ln1705|        scalar|
|output_1_address1       |  out|   10|   ap_memory|                                                                            output_1|         array|
|output_1_ce1            |  out|    1|   ap_memory|                                                                            output_1|         array|
|output_1_we1            |  out|   64|   ap_memory|                                                                            output_1|         array|
|output_1_d1             |  out|  512|   ap_memory|                                                                            output_1|         array|
+------------------------+-----+-----+------------+------------------------------------------------------------------------------------+--------------+

============================================================
+ Verbose Summary: Synthesis Manager
============================================================
InlineROM: 1
ExposeGlobal: 0
============================================================
+ Verbose Summary: CDFG Model
============================================================
IsTopModel: 0
ResetActiveHigh: 1
IsCombinational: 2
IsDatapathOnly: 2
HasWiredReturn: 1
HasMFsm: 2
HasVarLatency: 1
IsPipeline: 0
IsRtlPipelined: 0
IsInstanceOverlapped: 0
IsDontTouch: 0
HasImplIP: 0
IsGatedGlobalClock: 0

+ Individual pipeline summary: 
  * Pipeline-0: initiation interval (II) = 1, depth = 3


============================================================
+ Verbose Summary: Schedule
============================================================
* Number of FSM states : 3
* Pipeline : 1
  Pipeline-0 : II = 1, D = 3, States = { 1 2 3 }
* Dataflow Pipeline: 0

* FSM state transitions: 
1 --> 2 
2 --> 3 
3 --> 

* FSM state operations: 

State 1 <SV = 0> <Delay = 5.25>
ST_1 : Operation 6 [1/1] (0.00ns)   --->   "%col = alloca i32 1" [H:/subband_ref_q610_opt_stage4_latency_stepL2.cpp:1706]   --->   Operation 6 'alloca' 'col' <Predicate = true> <Delay = 0.00>
ST_1 : Operation 7 [1/1] (0.00ns)   --->   "%row = alloca i32 1" [H:/subband_ref_q610_opt_stage4_latency_stepL2.cpp:1705]   --->   Operation 7 'alloca' 'row' <Predicate = true> <Delay = 0.00>
ST_1 : Operation 8 [1/1] (0.00ns)   --->   "%indvar_flatten = alloca i32 1"   --->   Operation 8 'alloca' 'indvar_flatten' <Predicate = true> <Delay = 0.00>
ST_1 : Operation 9 [1/1] (0.00ns)   --->   "%sext_ln1705_read = read i31 @_ssdm_op_Read.ap_auto.i31, i31 %sext_ln1705"   --->   Operation 9 'read' 'sext_ln1705_read' <Predicate = true> <Delay = 0.00>
ST_1 : Operation 10 [1/1] (0.00ns)   --->   "%sext_ln1705_cast = sext i31 %sext_ln1705_read"   --->   Operation 10 'sext' 'sext_ln1705_cast' <Predicate = true> <Delay = 0.00>
ST_1 : Operation 11 [1/1] (0.00ns)   --->   "%specstablecontent_ln0 = specstablecontent void @_ssdm_op_SpecStableContent, i512 %output_0, void "   --->   Operation 11 'specstablecontent' 'specstablecontent_ln0' <Predicate = true> <Delay = 0.00>
ST_1 : Operation 12 [1/1] (0.00ns)   --->   "%specstablecontent_ln0 = specstablecontent void @_ssdm_op_SpecStableContent, i512 %output_1, void "   --->   Operation 12 'specstablecontent' 'specstablecontent_ln0' <Predicate = true> <Delay = 0.00>
ST_1 : Operation 13 [1/1] (0.00ns)   --->   "%specmemcore_ln0 = specmemcore void @_ssdm_op_SpecMemCore, i512 %output_1, i64 666, i64 22, i64 18446744073709551615"   --->   Operation 13 'specmemcore' 'specmemcore_ln0' <Predicate = true> <Delay = 0.00>
ST_1 : Operation 14 [1/1] (0.00ns)   --->   "%specmemcore_ln0 = specmemcore void @_ssdm_op_SpecMemCore, i512 %output_0, i64 666, i64 22, i64 18446744073709551615"   --->   Operation 14 'specmemcore' 'specmemcore_ln0' <Predicate = true> <Delay = 0.00>
ST_1 : Operation 15 [1/1] (0.00ns)   --->   "%specinterface_ln0 = specinterface void @_ssdm_op_SpecInterface, i16 %weights, void @empty_173, i32 0, i32 0, void @empty_25, i32 0, i32 8512, void @empty_177, void @empty_176, void @empty_25, i32 1, i32 1, i32 16, i32 16, void @empty_25, void @empty_25, i32 4294967295, i32 0"   --->   Operation 15 'specinterface' 'specinterface_ln0' <Predicate = true> <Delay = 0.00>
ST_1 : Operation 16 [1/1] (1.58ns)   --->   "%store_ln0 = store i16 0, i16 %indvar_flatten"   --->   Operation 16 'store' 'store_ln0' <Predicate = true> <Delay = 1.58>
ST_1 : Operation 17 [1/1] (1.58ns)   --->   "%store_ln1705 = store i8 0, i8 %row" [H:/subband_ref_q610_opt_stage4_latency_stepL2.cpp:1705]   --->   Operation 17 'store' 'store_ln1705' <Predicate = true> <Delay = 1.58>
ST_1 : Operation 18 [1/1] (1.58ns)   --->   "%store_ln1706 = store i8 0, i8 %col" [H:/subband_ref_q610_opt_stage4_latency_stepL2.cpp:1706]   --->   Operation 18 'store' 'store_ln1706' <Predicate = true> <Delay = 1.58>
ST_1 : Operation 19 [1/1] (0.00ns)   --->   "%br_ln0 = br void %for.inc"   --->   Operation 19 'br' 'br_ln0' <Predicate = true> <Delay = 0.00>
ST_1 : Operation 20 [1/1] (0.00ns)   --->   "%indvar_flatten_load = load i16 %indvar_flatten" [H:/subband_ref_q610_opt_stage4_latency_stepL2.cpp:1705]   --->   Operation 20 'load' 'indvar_flatten_load' <Predicate = true> <Delay = 0.00>
ST_1 : Operation 21 [1/1] (2.07ns)   --->   "%icmp_ln1705 = icmp_eq  i16 %indvar_flatten_load, i16 50176" [H:/subband_ref_q610_opt_stage4_latency_stepL2.cpp:1705]   --->   Operation 21 'icmp' 'icmp_ln1705' <Predicate = true> <Delay = 2.07> <CoreInst = "Cmp">   --->   Core 9 'Cmp' <Latency = 0> <II = 1> <Delay = 2.07> <FuncUnit> <Opcode : 'icmp'> <InPorts = 2> <OutPorts = 1>
ST_1 : Operation 22 [1/1] (2.07ns)   --->   "%add_ln1705_2 = add i16 %indvar_flatten_load, i16 1" [H:/subband_ref_q610_opt_stage4_latency_stepL2.cpp:1705]   --->   Operation 22 'add' 'add_ln1705_2' <Predicate = true> <Delay = 2.07> <CoreInst = "Adder">   --->   Core 1 'Adder' <Latency = 0> <II = 1> <Delay = 2.07> <FuncUnit> <Opcode : 'add' 'sub'> <InPorts = 2> <OutPorts = 1>
ST_1 : Operation 23 [1/1] (0.00ns)   --->   "%br_ln1705 = br i1 %icmp_ln1705, void %for.inc9, void %for.end11.exitStub" [H:/subband_ref_q610_opt_stage4_latency_stepL2.cpp:1705]   --->   Operation 23 'br' 'br_ln1705' <Predicate = true> <Delay = 0.00>
ST_1 : Operation 24 [1/1] (1.58ns)   --->   "%store_ln1705 = store i16 %add_ln1705_2, i16 %indvar_flatten" [H:/subband_ref_q610_opt_stage4_latency_stepL2.cpp:1705]   --->   Operation 24 'store' 'store_ln1705' <Predicate = (!icmp_ln1705)> <Delay = 1.58>

State 2 <SV = 1> <Delay = 7.30>
ST_2 : Operation 25 [1/1] (0.00ns)   --->   "%col_load = load i8 %col" [H:/subband_ref_q610_opt_stage4_latency_stepL2.cpp:1706]   --->   Operation 25 'load' 'col_load' <Predicate = true> <Delay = 0.00>
ST_2 : Operation 26 [1/1] (0.00ns)   --->   "%row_load = load i8 %row" [H:/subband_ref_q610_opt_stage4_latency_stepL2.cpp:1705]   --->   Operation 26 'load' 'row_load' <Predicate = true> <Delay = 0.00>
ST_2 : Operation 27 [1/1] (0.00ns)   --->   "%weights_addr = getelementptr i16 %weights, i32 %sext_ln1705_cast" [H:/subband_ref_q610_opt_stage4_latency_stepL2.cpp:1705]   --->   Operation 27 'getelementptr' 'weights_addr' <Predicate = true> <Delay = 0.00>
ST_2 : Operation 28 [1/1] (1.91ns)   --->   "%add_ln1705 = add i8 %row_load, i8 1" [H:/subband_ref_q610_opt_stage4_latency_stepL2.cpp:1705]   --->   Operation 28 'add' 'add_ln1705' <Predicate = true> <Delay = 1.91> <CoreInst = "Adder">   --->   Core 1 'Adder' <Latency = 0> <II = 1> <Delay = 1.91> <FuncUnit> <Opcode : 'add' 'sub'> <InPorts = 2> <OutPorts = 1>
ST_2 : Operation 29 [1/1] (1.91ns)   --->   "%icmp_ln1706 = icmp_eq  i8 %col_load, i8 224" [H:/subband_ref_q610_opt_stage4_latency_stepL2.cpp:1706]   --->   Operation 29 'icmp' 'icmp_ln1706' <Predicate = true> <Delay = 1.91> <CoreInst = "Cmp">   --->   Core 9 'Cmp' <Latency = 0> <II = 1> <Delay = 1.91> <FuncUnit> <Opcode : 'icmp'> <InPorts = 2> <OutPorts = 1>
ST_2 : Operation 30 [1/1] (1.24ns)   --->   "%select_ln1705 = select i1 %icmp_ln1706, i8 0, i8 %col_load" [H:/subband_ref_q610_opt_stage4_latency_stepL2.cpp:1705]   --->   Operation 30 'select' 'select_ln1705' <Predicate = true> <Delay = 1.24> <CoreInst = "Sel">   --->   Core 73 'Sel' <Latency = 0> <II = 1> <Delay = 1.24> <FuncUnit> <Opcode : 'select'> <InPorts = 3> <OutPorts = 1>
ST_2 : Operation 31 [1/1] (1.24ns)   --->   "%select_ln1705_2 = select i1 %icmp_ln1706, i8 %add_ln1705, i8 %row_load" [H:/subband_ref_q610_opt_stage4_latency_stepL2.cpp:1705]   --->   Operation 31 'select' 'select_ln1705_2' <Predicate = true> <Delay = 1.24> <CoreInst = "Sel">   --->   Core 73 'Sel' <Latency = 0> <II = 1> <Delay = 1.24> <FuncUnit> <Opcode : 'select'> <InPorts = 3> <OutPorts = 1>
ST_2 : Operation 32 [1/1] (0.00ns)   --->   "%trunc_ln1705 = trunc i8 %select_ln1705_2" [H:/subband_ref_q610_opt_stage4_latency_stepL2.cpp:1705]   --->   Operation 32 'trunc' 'trunc_ln1705' <Predicate = true> <Delay = 0.00>
ST_2 : Operation 33 [1/1] (0.00ns)   --->   "%lshr_ln = partselect i7 @_ssdm_op_PartSelect.i7.i8.i32.i32, i8 %select_ln1705_2, i32 1, i32 7" [H:/subband_ref_q610_opt_stage4_latency_stepL2.cpp:1705]   --->   Operation 33 'partselect' 'lshr_ln' <Predicate = true> <Delay = 0.00>
ST_2 : Operation 34 [1/1] (0.00ns)   --->   "%lshr_ln4 = partselect i3 @_ssdm_op_PartSelect.i3.i8.i32.i32, i8 %select_ln1705, i32 5, i32 7" [H:/subband_ref_q610_opt_stage4_latency_stepL2.cpp:1706]   --->   Operation 34 'partselect' 'lshr_ln4' <Predicate = true> <Delay = 0.00>
ST_2 : Operation 35 [1/1] (0.00ns)   --->   "%trunc_ln1708 = trunc i8 %select_ln1705" [H:/subband_ref_q610_opt_stage4_latency_stepL2.cpp:1708]   --->   Operation 35 'trunc' 'trunc_ln1708' <Predicate = true> <Delay = 0.00>
ST_2 : Operation 36 [1/1] (7.30ns)   --->   "%weights_addr_read = read i16 @_ssdm_op_Read.m_axi.p1i16, i32 %weights_addr" [H:/subband_ref_q610_opt_stage4_latency_stepL2.cpp:1708]   --->   Operation 36 'read' 'weights_addr_read' <Predicate = true> <Delay = 7.30> <CoreInst = "m_axi">   --->   Core 113 'm_axi' <Latency = 0> <II = 1> <Delay = 1.00> <Adapter> <Opcode : 'read' 'write' 'readreq' 'writereq' 'writeresp'>
ST_2 : Operation 37 [1/1] (0.00ns)   --->   "%br_ln1708 = br i1 %trunc_ln1705, void %arrayidx81.case.0, void %arrayidx81.case.1" [H:/subband_ref_q610_opt_stage4_latency_stepL2.cpp:1708]   --->   Operation 37 'br' 'br_ln1708' <Predicate = true> <Delay = 0.00>
ST_2 : Operation 38 [1/1] (1.91ns)   --->   "%add_ln1706 = add i8 %select_ln1705, i8 1" [H:/subband_ref_q610_opt_stage4_latency_stepL2.cpp:1706]   --->   Operation 38 'add' 'add_ln1706' <Predicate = true> <Delay = 1.91> <CoreInst = "Adder">   --->   Core 1 'Adder' <Latency = 0> <II = 1> <Delay = 1.91> <FuncUnit> <Opcode : 'add' 'sub'> <InPorts = 2> <OutPorts = 1>
ST_2 : Operation 39 [1/1] (1.58ns)   --->   "%store_ln1705 = store i8 %select_ln1705_2, i8 %row" [H:/subband_ref_q610_opt_stage4_latency_stepL2.cpp:1705]   --->   Operation 39 'store' 'store_ln1705' <Predicate = true> <Delay = 1.58>
ST_2 : Operation 40 [1/1] (1.58ns)   --->   "%store_ln1706 = store i8 %add_ln1706, i8 %col" [H:/subband_ref_q610_opt_stage4_latency_stepL2.cpp:1706]   --->   Operation 40 'store' 'store_ln1706' <Predicate = true> <Delay = 1.58>
ST_2 : Operation 41 [1/1] (0.00ns)   --->   "%br_ln1706 = br void %for.inc" [H:/subband_ref_q610_opt_stage4_latency_stepL2.cpp:1706]   --->   Operation 41 'br' 'br_ln1706' <Predicate = true> <Delay = 0.00>
ST_2 : Operation 69 [1/1] (0.00ns)   --->   "%ret_ln0 = ret"   --->   Operation 69 'ret' 'ret_ln0' <Predicate = (icmp_ln1705)> <Delay = 0.00>

State 3 <SV = 2> <Delay = 7.24>
ST_3 : Operation 42 [1/1] (0.00ns)   --->   "%specloopname_ln0 = specloopname void @_ssdm_op_SpecLoopName, void @VITIS_LOOP_1705_1_VITIS_LOOP_1706_2_str"   --->   Operation 42 'specloopname' 'specloopname_ln0' <Predicate = true> <Delay = 0.00>
ST_3 : Operation 43 [1/1] (0.00ns)   --->   "%speclooptripcount_ln0 = speclooptripcount void @_ssdm_op_SpecLoopTripCount, i64 50176, i64 50176, i64 50176"   --->   Operation 43 'speclooptripcount' 'speclooptripcount_ln0' <Predicate = true> <Delay = 0.00>
ST_3 : Operation 44 [1/1] (0.00ns)   --->   "%zext_ln1708 = zext i7 %lshr_ln" [H:/subband_ref_q610_opt_stage4_latency_stepL2.cpp:1708]   --->   Operation 44 'zext' 'zext_ln1708' <Predicate = true> <Delay = 0.00>
ST_3 : Operation 45 [1/1] (0.00ns)   --->   "%tmp_s = bitconcatenate i10 @_ssdm_op_BitConcatenate.i10.i7.i3, i7 %lshr_ln, i3 0" [H:/subband_ref_q610_opt_stage4_latency_stepL2.cpp:1708]   --->   Operation 45 'bitconcatenate' 'tmp_s' <Predicate = true> <Delay = 0.00>
ST_3 : Operation 46 [1/1] (0.00ns) (grouped into TernaryAdder)   --->   "%sub_ln1708 = sub i10 %tmp_s, i10 %zext_ln1708" [H:/subband_ref_q610_opt_stage4_latency_stepL2.cpp:1708]   --->   Operation 46 'sub' 'sub_ln1708' <Predicate = true> <Delay = 0.00> <CoreInst = "TAddSub">   --->   Core 10 'TAddSub' <Latency = 0> <II = 1> <Delay = 1.86> <IPBlock> <Opcode : '' 'add' 'sub'> <InPorts = 3> <OutPorts = 1> <Sync> <CReg>
ST_3 : Operation 47 [1/1] (0.00ns)   --->   "%specpipeline_ln1707 = specpipeline void @_ssdm_op_SpecPipeline, i32 1, i32 0, i32 0, i32 0, void @empty_25" [H:/subband_ref_q610_opt_stage4_latency_stepL2.cpp:1707]   --->   Operation 47 'specpipeline' 'specpipeline_ln1707' <Predicate = true> <Delay = 0.00>
ST_3 : Operation 48 [1/1] (0.00ns)   --->   "%shl_ln = bitconcatenate i9 @_ssdm_op_BitConcatenate.i9.i5.i4, i5 %trunc_ln1708, i4 0" [H:/subband_ref_q610_opt_stage4_latency_stepL2.cpp:1708]   --->   Operation 48 'bitconcatenate' 'shl_ln' <Predicate = true> <Delay = 0.00>
ST_3 : Operation 49 [1/1] (0.00ns)   --->   "%zext_ln1708_2 = zext i3 %lshr_ln4" [H:/subband_ref_q610_opt_stage4_latency_stepL2.cpp:1708]   --->   Operation 49 'zext' 'zext_ln1708_2' <Predicate = true> <Delay = 0.00>
ST_3 : Operation 50 [1/1] (3.72ns) (root node of TernaryAdder)   --->   "%add_ln1708 = add i10 %sub_ln1708, i10 %zext_ln1708_2" [H:/subband_ref_q610_opt_stage4_latency_stepL2.cpp:1708]   --->   Operation 50 'add' 'add_ln1708' <Predicate = true> <Delay = 3.72> <CoreInst = "TAddSub">   --->   Core 10 'TAddSub' <Latency = 0> <II = 1> <Delay = 1.86> <IPBlock> <Opcode : '' 'add' 'sub'> <InPorts = 3> <OutPorts = 1> <Sync> <CReg>
ST_3 : Operation 51 [1/1] (0.00ns)   --->   "%zext_ln1708_3 = zext i10 %add_ln1708" [H:/subband_ref_q610_opt_stage4_latency_stepL2.cpp:1708]   --->   Operation 51 'zext' 'zext_ln1708_3' <Predicate = true> <Delay = 0.00>
ST_3 : Operation 52 [1/1] (0.00ns)   --->   "%output_0_addr = getelementptr i512 %output_0, i32 0, i32 %zext_ln1708_3" [H:/subband_ref_q610_opt_stage4_latency_stepL2.cpp:1708]   --->   Operation 52 'getelementptr' 'output_0_addr' <Predicate = true> <Delay = 0.00>
ST_3 : Operation 53 [1/1] (0.00ns)   --->   "%output_1_addr = getelementptr i512 %output_1, i32 0, i32 %zext_ln1708_3" [H:/subband_ref_q610_opt_stage4_latency_stepL2.cpp:1708]   --->   Operation 53 'getelementptr' 'output_1_addr' <Predicate = true> <Delay = 0.00>
ST_3 : Operation 54 [1/1] (0.00ns)   --->   "%zext_ln1708_4 = zext i9 %shl_ln" [H:/subband_ref_q610_opt_stage4_latency_stepL2.cpp:1708]   --->   Operation 54 'zext' 'zext_ln1708_4' <Predicate = true> <Delay = 0.00>
ST_3 : Operation 55 [1/1] (0.00ns)   --->   "%zext_ln1708_5 = zext i16 %weights_addr_read" [H:/subband_ref_q610_opt_stage4_latency_stepL2.cpp:1708]   --->   Operation 55 'zext' 'zext_ln1708_5' <Predicate = true> <Delay = 0.00>
ST_3 : Operation 56 [1/1] (3.98ns)   --->   "%shl_ln1708 = shl i512 %zext_ln1708_5, i512 %zext_ln1708_4" [H:/subband_ref_q610_opt_stage4_latency_stepL2.cpp:1708]   --->   Operation 56 'shl' 'shl_ln1708' <Predicate = true> <Delay = 3.98> <CoreInst = "Shifter">   --->   Core 75 'Shifter' <Latency = 0> <II = 1> <Delay = 5.94> <FuncUnit> <Opcode : 'shl' 'lshr' 'ashr'> <InPorts = 2> <OutPorts = 1>
ST_3 : Operation 57 [1/1] (0.00ns)   --->   "%specbramwithbyteenable_ln1708 = specbramwithbyteenable void @_ssdm_op_SpecBRAMWithByteEnable, i512 %output_0" [H:/subband_ref_q610_opt_stage4_latency_stepL2.cpp:1708]   --->   Operation 57 'specbramwithbyteenable' 'specbramwithbyteenable_ln1708' <Predicate = (!trunc_ln1705)> <Delay = 0.00>
ST_3 : Operation 58 [1/1] (0.00ns)   --->   "%tmp_42 = bitconcatenate i6 @_ssdm_op_BitConcatenate.i6.i5.i1, i5 %trunc_ln1708, i1 0" [H:/subband_ref_q610_opt_stage4_latency_stepL2.cpp:1708]   --->   Operation 58 'bitconcatenate' 'tmp_42' <Predicate = (!trunc_ln1705)> <Delay = 0.00>
ST_3 : Operation 59 [1/1] (0.00ns)   --->   "%zext_ln1708_7 = zext i6 %tmp_42" [H:/subband_ref_q610_opt_stage4_latency_stepL2.cpp:1708]   --->   Operation 59 'zext' 'zext_ln1708_7' <Predicate = (!trunc_ln1705)> <Delay = 0.00>
ST_3 : Operation 60 [1/1] (2.94ns)   --->   "%shl_ln1708_2 = shl i64 3, i64 %zext_ln1708_7" [H:/subband_ref_q610_opt_stage4_latency_stepL2.cpp:1708]   --->   Operation 60 'shl' 'shl_ln1708_2' <Predicate = (!trunc_ln1705)> <Delay = 2.94> <CoreInst = "Shifter">   --->   Core 75 'Shifter' <Latency = 0> <II = 1> <Delay = 4.59> <FuncUnit> <Opcode : 'shl' 'lshr' 'ashr'> <InPorts = 2> <OutPorts = 1>
ST_3 : Operation 61 [1/1] (3.25ns)   --->   "%store_ln1708 = store void @_ssdm_op_Write.bram.i512, i10 %output_0_addr, i512 %shl_ln1708, i64 %shl_ln1708_2" [H:/subband_ref_q610_opt_stage4_latency_stepL2.cpp:1708]   --->   Operation 61 'store' 'store_ln1708' <Predicate = (!trunc_ln1705)> <Delay = 3.25> <CoreInst = "RAM_2P_BRAM">   --->   Core 91 'RAM_2P_BRAM' <Latency = 1> <II = 1> <Delay = 3.25> <Storage> <Opcode : 'load' 'store'> <Ports = 2> <Width = 512> <Depth = 784> <RAM>
ST_3 : Operation 62 [1/1] (0.00ns)   --->   "%br_ln1708 = br void %arrayidx81.exit" [H:/subband_ref_q610_opt_stage4_latency_stepL2.cpp:1708]   --->   Operation 62 'br' 'br_ln1708' <Predicate = (!trunc_ln1705)> <Delay = 0.00>
ST_3 : Operation 63 [1/1] (0.00ns)   --->   "%specbramwithbyteenable_ln1708 = specbramwithbyteenable void @_ssdm_op_SpecBRAMWithByteEnable, i512 %output_1" [H:/subband_ref_q610_opt_stage4_latency_stepL2.cpp:1708]   --->   Operation 63 'specbramwithbyteenable' 'specbramwithbyteenable_ln1708' <Predicate = (trunc_ln1705)> <Delay = 0.00>
ST_3 : Operation 64 [1/1] (0.00ns)   --->   "%tmp = bitconcatenate i6 @_ssdm_op_BitConcatenate.i6.i5.i1, i5 %trunc_ln1708, i1 0" [H:/subband_ref_q610_opt_stage4_latency_stepL2.cpp:1708]   --->   Operation 64 'bitconcatenate' 'tmp' <Predicate = (trunc_ln1705)> <Delay = 0.00>
ST_3 : Operation 65 [1/1] (0.00ns)   --->   "%zext_ln1708_6 = zext i6 %tmp" [H:/subband_ref_q610_opt_stage4_latency_stepL2.cpp:1708]   --->   Operation 65 'zext' 'zext_ln1708_6' <Predicate = (trunc_ln1705)> <Delay = 0.00>
ST_3 : Operation 66 [1/1] (2.94ns)   --->   "%shl_ln1708_1 = shl i64 3, i64 %zext_ln1708_6" [H:/subband_ref_q610_opt_stage4_latency_stepL2.cpp:1708]   --->   Operation 66 'shl' 'shl_ln1708_1' <Predicate = (trunc_ln1705)> <Delay = 2.94> <CoreInst = "Shifter">   --->   Core 75 'Shifter' <Latency = 0> <II = 1> <Delay = 4.59> <FuncUnit> <Opcode : 'shl' 'lshr' 'ashr'> <InPorts = 2> <OutPorts = 1>
ST_3 : Operation 67 [1/1] (3.25ns)   --->   "%store_ln1708 = store void @_ssdm_op_Write.bram.i512, i10 %output_1_addr, i512 %shl_ln1708, i64 %shl_ln1708_1" [H:/subband_ref_q610_opt_stage4_latency_stepL2.cpp:1708]   --->   Operation 67 'store' 'store_ln1708' <Predicate = (trunc_ln1705)> <Delay = 3.25> <CoreInst = "RAM_2P_BRAM">   --->   Core 91 'RAM_2P_BRAM' <Latency = 1> <II = 1> <Delay = 3.25> <Storage> <Opcode : 'load' 'store'> <Ports = 2> <Width = 512> <Depth = 784> <RAM>
ST_3 : Operation 68 [1/1] (0.00ns)   --->   "%br_ln1708 = br void %arrayidx81.exit" [H:/subband_ref_q610_opt_stage4_latency_stepL2.cpp:1708]   --->   Operation 68 'br' 'br_ln1708' <Predicate = (trunc_ln1705)> <Delay = 0.00>


============================================================
+ Verbose Summary: Binding
============================================================
STG Binding: 
---------------- STG Properties BEGIN ----------------
- Is combinational: 0
- Is one-state seq: 0
- Is datapath-only: 0
- Is pipelined: 0
- Is top level: 0
Port [ Return ] is wired: 1; IO mode=ap_ctrl_hs:ce=0
Port [ output_0]:  wired=1; compound=1; hidden=0; nouse=0; global=0; static=0; extern=0; dir=1; type=1; pingpong=0; private_global=0; MemPort=[30]; IO mode=ap_memory:ce=0
Port [ weights]:  wired=1; compound=1; hidden=0; nouse=0; global=0; static=0; extern=0; dir=0; type=4; pingpong=0; private_global=0; IO mode=m_axi:ce=0
Port [ sext_ln1705]:  wired=1; compound=0; hidden=0; nouse=0; global=0; static=0; extern=0; dir=0; type=0; pingpong=0; private_global=0; IO mode=ap_none:ce=0
Port [ output_1]:  wired=1; compound=1; hidden=0; nouse=0; global=0; static=0; extern=0; dir=1; type=1; pingpong=0; private_global=0; MemPort=[30]; IO mode=ap_memory:ce=0
---------------- STG Properties END ------------------

---------------- Datapath Model BEGIN ----------------

<LifeTime>
<method=bitvector/>
col                           (alloca                ) [ 0110]
row                           (alloca                ) [ 0110]
indvar_flatten                (alloca                ) [ 0100]
sext_ln1705_read              (read                  ) [ 0000]
sext_ln1705_cast              (sext                  ) [ 0110]
specstablecontent_ln0         (specstablecontent     ) [ 0000]
specstablecontent_ln0         (specstablecontent     ) [ 0000]
specmemcore_ln0               (specmemcore           ) [ 0000]
specmemcore_ln0               (specmemcore           ) [ 0000]
specinterface_ln0             (specinterface         ) [ 0000]
store_ln0                     (store                 ) [ 0000]
store_ln1705                  (store                 ) [ 0000]
store_ln1706                  (store                 ) [ 0000]
br_ln0                        (br                    ) [ 0000]
indvar_flatten_load           (load                  ) [ 0000]
icmp_ln1705                   (icmp                  ) [ 0110]
add_ln1705_2                  (add                   ) [ 0000]
br_ln1705                     (br                    ) [ 0000]
store_ln1705                  (store                 ) [ 0000]
col_load                      (load                  ) [ 0000]
row_load                      (load                  ) [ 0000]
weights_addr                  (getelementptr         ) [ 0000]
add_ln1705                    (add                   ) [ 0000]
icmp_ln1706                   (icmp                  ) [ 0000]
select_ln1705                 (select                ) [ 0000]
select_ln1705_2               (select                ) [ 0000]
trunc_ln1705                  (trunc                 ) [ 0101]
lshr_ln                       (partselect            ) [ 0101]
lshr_ln4                      (partselect            ) [ 0101]
trunc_ln1708                  (trunc                 ) [ 0101]
weights_addr_read             (read                  ) [ 0101]
br_ln1708                     (br                    ) [ 0000]
add_ln1706                    (add                   ) [ 0000]
store_ln1705                  (store                 ) [ 0000]
store_ln1706                  (store                 ) [ 0000]
br_ln1706                     (br                    ) [ 0000]
specloopname_ln0              (specloopname          ) [ 0000]
speclooptripcount_ln0         (speclooptripcount     ) [ 0000]
zext_ln1708                   (zext                  ) [ 0000]
tmp_s                         (bitconcatenate        ) [ 0000]
sub_ln1708                    (sub                   ) [ 0000]
specpipeline_ln1707           (specpipeline          ) [ 0000]
shl_ln                        (bitconcatenate        ) [ 0000]
zext_ln1708_2                 (zext                  ) [ 0000]
add_ln1708                    (add                   ) [ 0000]
zext_ln1708_3                 (zext                  ) [ 0000]
output_0_addr                 (getelementptr         ) [ 0000]
output_1_addr                 (getelementptr         ) [ 0000]
zext_ln1708_4                 (zext                  ) [ 0000]
zext_ln1708_5                 (zext                  ) [ 0000]
shl_ln1708                    (shl                   ) [ 0000]
specbramwithbyteenable_ln1708 (specbramwithbyteenable) [ 0000]
tmp_42                        (bitconcatenate        ) [ 0000]
zext_ln1708_7                 (zext                  ) [ 0000]
shl_ln1708_2                  (shl                   ) [ 0000]
store_ln1708                  (store                 ) [ 0000]
br_ln1708                     (br                    ) [ 0000]
specbramwithbyteenable_ln1708 (specbramwithbyteenable) [ 0000]
tmp                           (bitconcatenate        ) [ 0000]
zext_ln1708_6                 (zext                  ) [ 0000]
shl_ln1708_1                  (shl                   ) [ 0000]
store_ln1708                  (store                 ) [ 0000]
br_ln1708                     (br                    ) [ 0000]
ret_ln0                       (ret                   ) [ 0000]
</LifeTime>

<model>

<comp_list>
<comp id="0" class="1000" name="output_0">
<pin_list>
<pin id="1" dir="1" index="0" bw="1" slack="0"/>
</pin_list>
<bind>
<StgValue><ssdm name="output_0"/><MemPortTyVec>3 0 </MemPortTyVec>
</StgValue>
</bind>
</comp>

<comp id="2" class="1000" name="weights">
<pin_list>
<pin id="3" dir="1" index="0" bw="1" slack="0"/>
</pin_list>
<bind>
<StgValue><ssdm name="weights"/></StgValue>
</bind>
</comp>

<comp id="4" class="1000" name="sext_ln1705">
<pin_list>
<pin id="5" dir="1" index="0" bw="1" slack="0"/>
</pin_list>
<bind>
<StgValue><ssdm name="sext_ln1705"/></StgValue>
</bind>
</comp>

<comp id="6" class="1000" name="output_1">
<pin_list>
<pin id="7" dir="1" index="0" bw="1" slack="0"/>
</pin_list>
<bind>
<StgValue><ssdm name="output_1"/><MemPortTyVec>3 0 </MemPortTyVec>
</StgValue>
</bind>
</comp>

<comp id="8" class="1001" name="const_8">
<pin_list>
<pin id="9" dir="1" index="0" bw="1" slack="0"/>
</pin_list>
<bind>
<StgValue><ssdm name=""/></StgValue>
</bind>
</comp>

<comp id="10" class="1001" name="const_10">
<pin_list>
<pin id="11" dir="1" index="0" bw="1" slack="0"/>
</pin_list>
<bind>
<StgValue><ssdm name="_ssdm_op_Read.ap_auto.i31"/></StgValue>
</bind>
</comp>

<comp id="12" class="1001" name="const_12">
<pin_list>
<pin id="13" dir="1" index="0" bw="1" slack="2147483647"/>
</pin_list>
<bind>
<StgValue><ssdm name="_ssdm_op_SpecStableContent"/></StgValue>
</bind>
</comp>

<comp id="14" class="1001" name="const_14">
<pin_list>
<pin id="15" dir="1" index="0" bw="1" slack="2147483647"/>
</pin_list>
<bind>
<StgValue><ssdm name=""/></StgValue>
</bind>
</comp>

<comp id="16" class="1001" name="const_16">
<pin_list>
<pin id="17" dir="1" index="0" bw="1" slack="2147483647"/>
</pin_list>
<bind>
<StgValue><ssdm name="_ssdm_op_SpecMemCore"/></StgValue>
</bind>
</comp>

<comp id="18" class="1001" name="const_18">
<pin_list>
<pin id="19" dir="1" index="0" bw="1" slack="2147483647"/>
</pin_list>
<bind>
<StgValue><ssdm name=""/></StgValue>
</bind>
</comp>

<comp id="20" class="1001" name="const_20">
<pin_list>
<pin id="21" dir="1" index="0" bw="1" slack="2147483647"/>
</pin_list>
<bind>
<StgValue><ssdm name=""/></StgValue>
</bind>
</comp>

<comp id="22" class="1001" name="const_22">
<pin_list>
<pin id="23" dir="1" index="0" bw="1" slack="2147483647"/>
</pin_list>
<bind>
<StgValue><ssdm name=""/></StgValue>
</bind>
</comp>

<comp id="24" class="1001" name="const_24">
<pin_list>
<pin id="25" dir="1" index="0" bw="1" slack="2147483647"/>
</pin_list>
<bind>
<StgValue><ssdm name="_ssdm_op_SpecInterface"/></StgValue>
</bind>
</comp>

<comp id="26" class="1001" name="const_26">
<pin_list>
<pin id="27" dir="1" index="0" bw="1" slack="2147483647"/>
</pin_list>
<bind>
<StgValue><ssdm name="empty_173"/></StgValue>
</bind>
</comp>

<comp id="28" class="1001" name="const_28">
<pin_list>
<pin id="29" dir="1" index="0" bw="1" slack="0"/>
</pin_list>
<bind>
<StgValue><ssdm name=""/></StgValue>
</bind>
</comp>

<comp id="30" class="1001" name="const_30">
<pin_list>
<pin id="31" dir="1" index="0" bw="1" slack="2147483647"/>
</pin_list>
<bind>
<StgValue><ssdm name="empty_25"/></StgValue>
</bind>
</comp>

<comp id="32" class="1001" name="const_32">
<pin_list>
<pin id="33" dir="1" index="0" bw="1" slack="2147483647"/>
</pin_list>
<bind>
<StgValue><ssdm name=""/></StgValue>
</bind>
</comp>

<comp id="34" class="1001" name="const_34">
<pin_list>
<pin id="35" dir="1" index="0" bw="1" slack="2147483647"/>
</pin_list>
<bind>
<StgValue><ssdm name="empty_177"/></StgValue>
</bind>
</comp>

<comp id="36" class="1001" name="const_36">
<pin_list>
<pin id="37" dir="1" index="0" bw="1" slack="2147483647"/>
</pin_list>
<bind>
<StgValue><ssdm name="empty_176"/></StgValue>
</bind>
</comp>

<comp id="38" class="1001" name="const_38">
<pin_list>
<pin id="39" dir="1" index="0" bw="1" slack="2147483647"/>
</pin_list>
<bind>
<StgValue><ssdm name=""/></StgValue>
</bind>
</comp>

<comp id="40" class="1001" name="const_40">
<pin_list>
<pin id="41" dir="1" index="0" bw="1" slack="2147483647"/>
</pin_list>
<bind>
<StgValue><ssdm name=""/></StgValue>
</bind>
</comp>

<comp id="42" class="1001" name="const_42">
<pin_list>
<pin id="43" dir="1" index="0" bw="1" slack="0"/>
</pin_list>
<bind>
<StgValue><ssdm name=""/></StgValue>
</bind>
</comp>

<comp id="44" class="1001" name="const_44">
<pin_list>
<pin id="45" dir="1" index="0" bw="1" slack="0"/>
</pin_list>
<bind>
<StgValue><ssdm name=""/></StgValue>
</bind>
</comp>

<comp id="46" class="1001" name="const_46">
<pin_list>
<pin id="47" dir="1" index="0" bw="1" slack="0"/>
</pin_list>
<bind>
<StgValue><ssdm name=""/></StgValue>
</bind>
</comp>

<comp id="48" class="1001" name="const_48">
<pin_list>
<pin id="49" dir="1" index="0" bw="1" slack="0"/>
</pin_list>
<bind>
<StgValue><ssdm name=""/></StgValue>
</bind>
</comp>

<comp id="50" class="1001" name="const_50">
<pin_list>
<pin id="51" dir="1" index="0" bw="1" slack="0"/>
</pin_list>
<bind>
<StgValue><ssdm name=""/></StgValue>
</bind>
</comp>

<comp id="52" class="1001" name="const_52">
<pin_list>
<pin id="53" dir="1" index="0" bw="1" slack="0"/>
</pin_list>
<bind>
<StgValue><ssdm name=""/></StgValue>
</bind>
</comp>

<comp id="54" class="1001" name="const_54">
<pin_list>
<pin id="55" dir="1" index="0" bw="1" slack="0"/>
</pin_list>
<bind>
<StgValue><ssdm name="_ssdm_op_PartSelect.i7.i8.i32.i32"/></StgValue>
</bind>
</comp>

<comp id="56" class="1001" name="const_56">
<pin_list>
<pin id="57" dir="1" index="0" bw="1" slack="0"/>
</pin_list>
<bind>
<StgValue><ssdm name=""/></StgValue>
</bind>
</comp>

<comp id="58" class="1001" name="const_58">
<pin_list>
<pin id="59" dir="1" index="0" bw="1" slack="0"/>
</pin_list>
<bind>
<StgValue><ssdm name="_ssdm_op_PartSelect.i3.i8.i32.i32"/></StgValue>
</bind>
</comp>

<comp id="60" class="1001" name="const_60">
<pin_list>
<pin id="61" dir="1" index="0" bw="1" slack="0"/>
</pin_list>
<bind>
<StgValue><ssdm name=""/></StgValue>
</bind>
</comp>

<comp id="62" class="1001" name="const_62">
<pin_list>
<pin id="63" dir="1" index="0" bw="1" slack="0"/>
</pin_list>
<bind>
<StgValue><ssdm name="_ssdm_op_Read.m_axi.p1i16"/></StgValue>
</bind>
</comp>

<comp id="64" class="1001" name="const_64">
<pin_list>
<pin id="65" dir="1" index="0" bw="1" slack="2147483647"/>
</pin_list>
<bind>
<StgValue><ssdm name="_ssdm_op_SpecLoopName"/></StgValue>
</bind>
</comp>

<comp id="66" class="1001" name="const_66">
<pin_list>
<pin id="67" dir="1" index="0" bw="1" slack="2147483647"/>
</pin_list>
<bind>
<StgValue><ssdm name="VITIS_LOOP_1705_1_VITIS_LOOP_1706_2_str"/></StgValue>
</bind>
</comp>

<comp id="68" class="1001" name="const_68">
<pin_list>
<pin id="69" dir="1" index="0" bw="1" slack="2147483647"/>
</pin_list>
<bind>
<StgValue><ssdm name="_ssdm_op_SpecLoopTripCount"/></StgValue>
</bind>
</comp>

<comp id="70" class="1001" name="const_70">
<pin_list>
<pin id="71" dir="1" index="0" bw="1" slack="2147483647"/>
</pin_list>
<bind>
<StgValue><ssdm name=""/></StgValue>
</bind>
</comp>

<comp id="72" class="1001" name="const_72">
<pin_list>
<pin id="73" dir="1" index="0" bw="1" slack="0"/>
</pin_list>
<bind>
<StgValue><ssdm name="_ssdm_op_BitConcatenate.i10.i7.i3"/></StgValue>
</bind>
</comp>

<comp id="74" class="1001" name="const_74">
<pin_list>
<pin id="75" dir="1" index="0" bw="1" slack="0"/>
</pin_list>
<bind>
<StgValue><ssdm name=""/></StgValue>
</bind>
</comp>

<comp id="76" class="1001" name="const_76">
<pin_list>
<pin id="77" dir="1" index="0" bw="1" slack="2147483647"/>
</pin_list>
<bind>
<StgValue><ssdm name="_ssdm_op_SpecPipeline"/></StgValue>
</bind>
</comp>

<comp id="78" class="1001" name="const_78">
<pin_list>
<pin id="79" dir="1" index="0" bw="1" slack="0"/>
</pin_list>
<bind>
<StgValue><ssdm name="_ssdm_op_BitConcatenate.i9.i5.i4"/></StgValue>
</bind>
</comp>

<comp id="80" class="1001" name="const_80">
<pin_list>
<pin id="81" dir="1" index="0" bw="1" slack="0"/>
</pin_list>
<bind>
<StgValue><ssdm name=""/></StgValue>
</bind>
</comp>

<comp id="82" class="1001" name="const_82">
<pin_list>
<pin id="83" dir="1" index="0" bw="1" slack="2147483647"/>
</pin_list>
<bind>
<StgValue><ssdm name="_ssdm_op_SpecBRAMWithByteEnable"/></StgValue>
</bind>
</comp>

<comp id="84" class="1001" name="const_84">
<pin_list>
<pin id="85" dir="1" index="0" bw="1" slack="0"/>
</pin_list>
<bind>
<StgValue><ssdm name="_ssdm_op_BitConcatenate.i6.i5.i1"/></StgValue>
</bind>
</comp>

<comp id="86" class="1001" name="const_86">
<pin_list>
<pin id="87" dir="1" index="0" bw="1" slack="0"/>
</pin_list>
<bind>
<StgValue><ssdm name=""/></StgValue>
</bind>
</comp>

<comp id="88" class="1001" name="const_88">
<pin_list>
<pin id="89" dir="1" index="0" bw="1" slack="0"/>
</pin_list>
<bind>
<StgValue><ssdm name=""/></StgValue>
</bind>
</comp>

<comp id="90" class="1001" name="const_90">
<pin_list>
<pin id="91" dir="1" index="0" bw="1" slack="2147483647"/>
</pin_list>
<bind>
<StgValue><ssdm name="_ssdm_op_Write.bram.i512"/></StgValue>
</bind>
</comp>

<comp id="92" class="1004" name="col_fu_92">
<pin_list>
<pin id="93" dir="0" index="0" bw="1" slack="0"/>
<pin id="94" dir="1" index="1" bw="8" slack="0"/>
</pin_list>
<bind>
<opcode="alloca(26) " fcode="alloca"/>
<opset="col/1 "/>
</bind>
</comp>

<comp id="96" class="1004" name="row_fu_96">
<pin_list>
<pin id="97" dir="0" index="0" bw="1" slack="0"/>
<pin id="98" dir="1" index="1" bw="8" slack="0"/>
</pin_list>
<bind>
<opcode="alloca(26) " fcode="alloca"/>
<opset="row/1 "/>
</bind>
</comp>

<comp id="100" class="1004" name="indvar_flatten_fu_100">
<pin_list>
<pin id="101" dir="0" index="0" bw="1" slack="0"/>
<pin id="102" dir="1" index="1" bw="16" slack="0"/>
</pin_list>
<bind>
<opcode="alloca(26) " fcode="alloca"/>
<opset="indvar_flatten/1 "/>
</bind>
</comp>

<comp id="104" class="1004" name="sext_ln1705_read_read_fu_104">
<pin_list>
<pin id="105" dir="0" index="0" bw="31" slack="0"/>
<pin id="106" dir="0" index="1" bw="31" slack="0"/>
<pin id="107" dir="1" index="2" bw="31" slack="0"/>
</pin_list>
<bind>
<opcode="read(1150) " fcode="read"/>
<opset="sext_ln1705_read/1 "/>
</bind>
</comp>

<comp id="110" class="1004" name="weights_addr_read_read_fu_110">
<pin_list>
<pin id="111" dir="0" index="0" bw="16" slack="0"/>
<pin id="112" dir="0" index="1" bw="16" slack="0"/>
<pin id="113" dir="1" index="2" bw="16" slack="1"/>
</pin_list>
<bind>
<opcode="read(1150) " fcode="read"/>
<opset="weights_addr_read/2 "/>
</bind>
</comp>

<comp id="115" class="1004" name="output_0_addr_gep_fu_115">
<pin_list>
<pin id="116" dir="0" index="0" bw="512" slack="0"/>
<pin id="117" dir="0" index="1" bw="1" slack="0"/>
<pin id="118" dir="0" index="2" bw="10" slack="0"/>
<pin id="119" dir="1" index="3" bw="10" slack="2147483647"/>
</pin_list>
<bind>
<opcode="getelementptr(29) " fcode="getelementptr"/>
<opset="output_0_addr/3 "/>
</bind>
</comp>

<comp id="122" class="1004" name="output_1_addr_gep_fu_122">
<pin_list>
<pin id="123" dir="0" index="0" bw="512" slack="0"/>
<pin id="124" dir="0" index="1" bw="1" slack="0"/>
<pin id="125" dir="0" index="2" bw="10" slack="0"/>
<pin id="126" dir="1" index="3" bw="10" slack="2147483647"/>
</pin_list>
<bind>
<opcode="getelementptr(29) " fcode="getelementptr"/>
<opset="output_1_addr/3 "/>
</bind>
</comp>

<comp id="129" class="1004" name="store_ln1708_access_fu_129">
<pin_list>
<pin id="130" dir="0" index="0" bw="10" slack="2147483647"/>
<pin id="131" dir="0" index="1" bw="512" slack="2147483647"/>
<pin id="132" dir="0" index="2" bw="64" slack="2147483647"/>
<pin id="134" dir="0" index="4" bw="10" slack="2147483647"/>
<pin id="135" dir="0" index="5" bw="512" slack="0"/>
<pin id="136" dir="0" index="6" bw="64" slack="0"/>
<pin id="133" dir="1" index="3" bw="512" slack="2147483647"/>
<pin id="137" dir="1" index="7" bw="512" slack="2147483647"/>
</pin_list>
<bind>
<opcode="store(28) " fcode="store"/>
<opset="store_ln1708/3 "/>
</bind>
</comp>

<comp id="138" class="1004" name="store_ln1708_access_fu_138">
<pin_list>
<pin id="139" dir="0" index="0" bw="10" slack="2147483647"/>
<pin id="140" dir="0" index="1" bw="512" slack="2147483647"/>
<pin id="141" dir="0" index="2" bw="64" slack="2147483647"/>
<pin id="143" dir="0" index="4" bw="10" slack="2147483647"/>
<pin id="144" dir="0" index="5" bw="512" slack="0"/>
<pin id="145" dir="0" index="6" bw="64" slack="0"/>
<pin id="142" dir="1" index="3" bw="512" slack="2147483647"/>
<pin id="146" dir="1" index="7" bw="512" slack="2147483647"/>
</pin_list>
<bind>
<opcode="store(28) " fcode="store"/>
<opset="store_ln1708/3 "/>
</bind>
</comp>

<comp id="147" class="1004" name="sext_ln1705_cast_fu_147">
<pin_list>
<pin id="148" dir="0" index="0" bw="31" slack="0"/>
<pin id="149" dir="1" index="1" bw="32" slack="1"/>
</pin_list>
<bind>
<opcode="sext(35) " fcode="sext"/>
<opset="sext_ln1705_cast/1 "/>
</bind>
</comp>

<comp id="151" class="1004" name="store_ln0_store_fu_151">
<pin_list>
<pin id="152" dir="0" index="0" bw="1" slack="0"/>
<pin id="153" dir="0" index="1" bw="16" slack="0"/>
<pin id="154" dir="1" index="2" bw="0" slack="2147483647"/>
</pin_list>
<bind>
<opcode="store(28) " fcode="store"/>
<opset="store_ln0/1 "/>
</bind>
</comp>

<comp id="156" class="1004" name="store_ln1705_store_fu_156">
<pin_list>
<pin id="157" dir="0" index="0" bw="1" slack="0"/>
<pin id="158" dir="0" index="1" bw="8" slack="0"/>
<pin id="159" dir="1" index="2" bw="0" slack="2147483647"/>
</pin_list>
<bind>
<opcode="store(28) " fcode="store"/>
<opset="store_ln1705/1 "/>
</bind>
</comp>

<comp id="161" class="1004" name="store_ln1706_store_fu_161">
<pin_list>
<pin id="162" dir="0" index="0" bw="1" slack="0"/>
<pin id="163" dir="0" index="1" bw="8" slack="0"/>
<pin id="164" dir="1" index="2" bw="0" slack="2147483647"/>
</pin_list>
<bind>
<opcode="store(28) " fcode="store"/>
<opset="store_ln1706/1 "/>
</bind>
</comp>

<comp id="166" class="1004" name="indvar_flatten_load_load_fu_166">
<pin_list>
<pin id="167" dir="0" index="0" bw="16" slack="0"/>
<pin id="168" dir="1" index="1" bw="16" slack="0"/>
</pin_list>
<bind>
<opcode="load(27) " fcode="load"/>
<opset="indvar_flatten_load/1 "/>
</bind>
</comp>

<comp id="169" class="1004" name="icmp_ln1705_fu_169">
<pin_list>
<pin id="170" dir="0" index="0" bw="16" slack="0"/>
<pin id="171" dir="0" index="1" bw="16" slack="0"/>
<pin id="172" dir="1" index="2" bw="1" slack="1"/>
</pin_list>
<bind>
<opcode="icmp(45) " fcode="icmp"/>
<opset="icmp_ln1705/1 "/>
</bind>
</comp>

<comp id="175" class="1004" name="add_ln1705_2_fu_175">
<pin_list>
<pin id="176" dir="0" index="0" bw="16" slack="0"/>
<pin id="177" dir="0" index="1" bw="1" slack="0"/>
<pin id="178" dir="1" index="2" bw="16" slack="0"/>
</pin_list>
<bind>
<opcode="add(8) " fcode="add"/>
<opset="add_ln1705_2/1 "/>
</bind>
</comp>

<comp id="181" class="1004" name="store_ln1705_store_fu_181">
<pin_list>
<pin id="182" dir="0" index="0" bw="16" slack="0"/>
<pin id="183" dir="0" index="1" bw="16" slack="0"/>
<pin id="184" dir="1" index="2" bw="0" slack="2147483647"/>
</pin_list>
<bind>
<opcode="store(28) " fcode="store"/>
<opset="store_ln1705/1 "/>
</bind>
</comp>

<comp id="186" class="1004" name="col_load_load_fu_186">
<pin_list>
<pin id="187" dir="0" index="0" bw="8" slack="1"/>
<pin id="188" dir="1" index="1" bw="8" slack="0"/>
</pin_list>
<bind>
<opcode="load(27) " fcode="load"/>
<opset="col_load/2 "/>
</bind>
</comp>

<comp id="189" class="1004" name="row_load_load_fu_189">
<pin_list>
<pin id="190" dir="0" index="0" bw="8" slack="1"/>
<pin id="191" dir="1" index="1" bw="8" slack="0"/>
</pin_list>
<bind>
<opcode="load(27) " fcode="load"/>
<opset="row_load/2 "/>
</bind>
</comp>

<comp id="192" class="1004" name="weights_addr_fu_192">
<pin_list>
<pin id="193" dir="0" index="0" bw="32" slack="0"/>
<pin id="194" dir="0" index="1" bw="32" slack="1"/>
<pin id="195" dir="1" index="2" bw="32" slack="0"/>
</pin_list>
<bind>
<opcode="getelementptr(29) " fcode="getelementptr"/>
<opset="weights_addr/2 "/>
</bind>
</comp>

<comp id="198" class="1004" name="add_ln1705_fu_198">
<pin_list>
<pin id="199" dir="0" index="0" bw="8" slack="0"/>
<pin id="200" dir="0" index="1" bw="1" slack="0"/>
<pin id="201" dir="1" index="2" bw="8" slack="0"/>
</pin_list>
<bind>
<opcode="add(8) " fcode="add"/>
<opset="add_ln1705/2 "/>
</bind>
</comp>

<comp id="204" class="1004" name="icmp_ln1706_fu_204">
<pin_list>
<pin id="205" dir="0" index="0" bw="8" slack="0"/>
<pin id="206" dir="0" index="1" bw="8" slack="0"/>
<pin id="207" dir="1" index="2" bw="1" slack="0"/>
</pin_list>
<bind>
<opcode="icmp(45) " fcode="icmp"/>
<opset="icmp_ln1706/2 "/>
</bind>
</comp>

<comp id="210" class="1004" name="select_ln1705_fu_210">
<pin_list>
<pin id="211" dir="0" index="0" bw="1" slack="0"/>
<pin id="212" dir="0" index="1" bw="8" slack="0"/>
<pin id="213" dir="0" index="2" bw="8" slack="0"/>
<pin id="214" dir="1" index="3" bw="8" slack="0"/>
</pin_list>
<bind>
<opcode="select(49) " fcode="select"/>
<opset="select_ln1705/2 "/>
</bind>
</comp>

<comp id="218" class="1004" name="select_ln1705_2_fu_218">
<pin_list>
<pin id="219" dir="0" index="0" bw="1" slack="0"/>
<pin id="220" dir="0" index="1" bw="8" slack="0"/>
<pin id="221" dir="0" index="2" bw="8" slack="0"/>
<pin id="222" dir="1" index="3" bw="8" slack="0"/>
</pin_list>
<bind>
<opcode="select(49) " fcode="select"/>
<opset="select_ln1705_2/2 "/>
</bind>
</comp>

<comp id="226" class="1004" name="trunc_ln1705_fu_226">
<pin_list>
<pin id="227" dir="0" index="0" bw="8" slack="0"/>
<pin id="228" dir="1" index="1" bw="1" slack="1"/>
</pin_list>
<bind>
<opcode="trunc(33) " fcode="trunc"/>
<opset="trunc_ln1705/2 "/>
</bind>
</comp>

<comp id="230" class="1004" name="lshr_ln_fu_230">
<pin_list>
<pin id="231" dir="0" index="0" bw="7" slack="0"/>
<pin id="232" dir="0" index="1" bw="8" slack="0"/>
<pin id="233" dir="0" index="2" bw="1" slack="0"/>
<pin id="234" dir="0" index="3" bw="4" slack="0"/>
<pin id="235" dir="1" index="4" bw="7" slack="1"/>
</pin_list>
<bind>
<opcode="partselect(1002) " fcode="partselect"/>
<opset="lshr_ln/2 "/>
</bind>
</comp>

<comp id="240" class="1004" name="lshr_ln4_fu_240">
<pin_list>
<pin id="241" dir="0" index="0" bw="3" slack="0"/>
<pin id="242" dir="0" index="1" bw="8" slack="0"/>
<pin id="243" dir="0" index="2" bw="4" slack="0"/>
<pin id="244" dir="0" index="3" bw="4" slack="0"/>
<pin id="245" dir="1" index="4" bw="3" slack="1"/>
</pin_list>
<bind>
<opcode="partselect(1002) " fcode="partselect"/>
<opset="lshr_ln4/2 "/>
</bind>
</comp>

<comp id="250" class="1004" name="trunc_ln1708_fu_250">
<pin_list>
<pin id="251" dir="0" index="0" bw="8" slack="0"/>
<pin id="252" dir="1" index="1" bw="5" slack="1"/>
</pin_list>
<bind>
<opcode="trunc(33) " fcode="trunc"/>
<opset="trunc_ln1708/2 "/>
</bind>
</comp>

<comp id="254" class="1004" name="add_ln1706_fu_254">
<pin_list>
<pin id="255" dir="0" index="0" bw="8" slack="0"/>
<pin id="256" dir="0" index="1" bw="1" slack="0"/>
<pin id="257" dir="1" index="2" bw="8" slack="0"/>
</pin_list>
<bind>
<opcode="add(8) " fcode="add"/>
<opset="add_ln1706/2 "/>
</bind>
</comp>

<comp id="260" class="1004" name="store_ln1705_store_fu_260">
<pin_list>
<pin id="261" dir="0" index="0" bw="8" slack="0"/>
<pin id="262" dir="0" index="1" bw="8" slack="1"/>
<pin id="263" dir="1" index="2" bw="0" slack="2147483647"/>
</pin_list>
<bind>
<opcode="store(28) " fcode="store"/>
<opset="store_ln1705/2 "/>
</bind>
</comp>

<comp id="265" class="1004" name="store_ln1706_store_fu_265">
<pin_list>
<pin id="266" dir="0" index="0" bw="8" slack="0"/>
<pin id="267" dir="0" index="1" bw="8" slack="1"/>
<pin id="268" dir="1" index="2" bw="0" slack="2147483647"/>
</pin_list>
<bind>
<opcode="store(28) " fcode="store"/>
<opset="store_ln1706/2 "/>
</bind>
</comp>

<comp id="270" class="1004" name="zext_ln1708_fu_270">
<pin_list>
<pin id="271" dir="0" index="0" bw="7" slack="1"/>
<pin id="272" dir="1" index="1" bw="10" slack="0"/>
</pin_list>
<bind>
<opcode="zext(34) " fcode="zext"/>
<opset="zext_ln1708/3 "/>
</bind>
</comp>

<comp id="273" class="1004" name="tmp_s_fu_273">
<pin_list>
<pin id="274" dir="0" index="0" bw="10" slack="0"/>
<pin id="275" dir="0" index="1" bw="7" slack="1"/>
<pin id="276" dir="0" index="2" bw="1" slack="0"/>
<pin id="277" dir="1" index="3" bw="10" slack="0"/>
</pin_list>
<bind>
<opcode="bitconcatenate(1004) " fcode="bitconcatenate"/>
<opset="tmp_s/3 "/>
</bind>
</comp>

<comp id="280" class="1004" name="sub_ln1708_fu_280">
<pin_list>
<pin id="281" dir="0" index="0" bw="10" slack="0"/>
<pin id="282" dir="0" index="1" bw="7" slack="0"/>
<pin id="283" dir="1" index="2" bw="10" slack="0"/>
</pin_list>
<bind>
<opcode="sub(10) " fcode="sub"/>
<opset="sub_ln1708/3 "/>
</bind>
</comp>

<comp id="286" class="1004" name="shl_ln_fu_286">
<pin_list>
<pin id="287" dir="0" index="0" bw="9" slack="0"/>
<pin id="288" dir="0" index="1" bw="5" slack="1"/>
<pin id="289" dir="0" index="2" bw="1" slack="0"/>
<pin id="290" dir="1" index="3" bw="9" slack="0"/>
</pin_list>
<bind>
<opcode="bitconcatenate(1004) " fcode="bitconcatenate"/>
<opset="shl_ln/3 "/>
</bind>
</comp>

<comp id="293" class="1004" name="zext_ln1708_2_fu_293">
<pin_list>
<pin id="294" dir="0" index="0" bw="3" slack="1"/>
<pin id="295" dir="1" index="1" bw="10" slack="0"/>
</pin_list>
<bind>
<opcode="zext(34) " fcode="zext"/>
<opset="zext_ln1708_2/3 "/>
</bind>
</comp>

<comp id="296" class="1004" name="add_ln1708_fu_296">
<pin_list>
<pin id="297" dir="0" index="0" bw="10" slack="0"/>
<pin id="298" dir="0" index="1" bw="3" slack="0"/>
<pin id="299" dir="1" index="2" bw="10" slack="0"/>
</pin_list>
<bind>
<opcode="add(8) " fcode="add"/>
<opset="add_ln1708/3 "/>
</bind>
</comp>

<comp id="302" class="1004" name="zext_ln1708_3_fu_302">
<pin_list>
<pin id="303" dir="0" index="0" bw="10" slack="0"/>
<pin id="304" dir="1" index="1" bw="32" slack="0"/>
</pin_list>
<bind>
<opcode="zext(34) " fcode="zext"/>
<opset="zext_ln1708_3/3 "/>
</bind>
</comp>

<comp id="308" class="1004" name="zext_ln1708_4_fu_308">
<pin_list>
<pin id="309" dir="0" index="0" bw="9" slack="0"/>
<pin id="310" dir="1" index="1" bw="512" slack="0"/>
</pin_list>
<bind>
<opcode="zext(34) " fcode="zext"/>
<opset="zext_ln1708_4/3 "/>
</bind>
</comp>

<comp id="312" class="1004" name="zext_ln1708_5_fu_312">
<pin_list>
<pin id="313" dir="0" index="0" bw="16" slack="1"/>
<pin id="314" dir="1" index="1" bw="512" slack="0"/>
</pin_list>
<bind>
<opcode="zext(34) " fcode="zext"/>
<opset="zext_ln1708_5/3 "/>
</bind>
</comp>

<comp id="315" class="1004" name="shl_ln1708_fu_315">
<pin_list>
<pin id="316" dir="0" index="0" bw="16" slack="0"/>
<pin id="317" dir="0" index="1" bw="9" slack="0"/>
<pin id="318" dir="1" index="2" bw="512" slack="0"/>
</pin_list>
<bind>
<opcode="shl(20) " fcode="shl"/>
<opset="shl_ln1708/3 "/>
</bind>
</comp>

<comp id="323" class="1004" name="tmp_42_fu_323">
<pin_list>
<pin id="324" dir="0" index="0" bw="6" slack="0"/>
<pin id="325" dir="0" index="1" bw="5" slack="1"/>
<pin id="326" dir="0" index="2" bw="1" slack="0"/>
<pin id="327" dir="1" index="3" bw="6" slack="0"/>
</pin_list>
<bind>
<opcode="bitconcatenate(1004) " fcode="bitconcatenate"/>
<opset="tmp_42/3 "/>
</bind>
</comp>

<comp id="330" class="1004" name="zext_ln1708_7_fu_330">
<pin_list>
<pin id="331" dir="0" index="0" bw="6" slack="0"/>
<pin id="332" dir="1" index="1" bw="64" slack="0"/>
</pin_list>
<bind>
<opcode="zext(34) " fcode="zext"/>
<opset="zext_ln1708_7/3 "/>
</bind>
</comp>

<comp id="334" class="1004" name="shl_ln1708_2_fu_334">
<pin_list>
<pin id="335" dir="0" index="0" bw="3" slack="0"/>
<pin id="336" dir="0" index="1" bw="6" slack="0"/>
<pin id="337" dir="1" index="2" bw="64" slack="0"/>
</pin_list>
<bind>
<opcode="shl(20) " fcode="shl"/>
<opset="shl_ln1708_2/3 "/>
</bind>
</comp>

<comp id="341" class="1004" name="tmp_fu_341">
<pin_list>
<pin id="342" dir="0" index="0" bw="6" slack="0"/>
<pin id="343" dir="0" index="1" bw="5" slack="1"/>
<pin id="344" dir="0" index="2" bw="1" slack="0"/>
<pin id="345" dir="1" index="3" bw="6" slack="0"/>
</pin_list>
<bind>
<opcode="bitconcatenate(1004) " fcode="bitconcatenate"/>
<opset="tmp/3 "/>
</bind>
</comp>

<comp id="348" class="1004" name="zext_ln1708_6_fu_348">
<pin_list>
<pin id="349" dir="0" index="0" bw="6" slack="0"/>
<pin id="350" dir="1" index="1" bw="64" slack="0"/>
</pin_list>
<bind>
<opcode="zext(34) " fcode="zext"/>
<opset="zext_ln1708_6/3 "/>
</bind>
</comp>

<comp id="352" class="1004" name="shl_ln1708_1_fu_352">
<pin_list>
<pin id="353" dir="0" index="0" bw="3" slack="0"/>
<pin id="354" dir="0" index="1" bw="6" slack="0"/>
<pin id="355" dir="1" index="2" bw="64" slack="0"/>
</pin_list>
<bind>
<opcode="shl(20) " fcode="shl"/>
<opset="shl_ln1708_1/3 "/>
</bind>
</comp>

<comp id="359" class="1005" name="col_reg_359">
<pin_list>
<pin id="360" dir="0" index="0" bw="8" slack="0"/>
<pin id="361" dir="1" index="1" bw="8" slack="0"/>
</pin_list>
<bind>
<opset="col "/>
</bind>
</comp>

<comp id="366" class="1005" name="row_reg_366">
<pin_list>
<pin id="367" dir="0" index="0" bw="8" slack="0"/>
<pin id="368" dir="1" index="1" bw="8" slack="0"/>
</pin_list>
<bind>
<opset="row "/>
</bind>
</comp>

<comp id="373" class="1005" name="indvar_flatten_reg_373">
<pin_list>
<pin id="374" dir="0" index="0" bw="16" slack="0"/>
<pin id="375" dir="1" index="1" bw="16" slack="0"/>
</pin_list>
<bind>
<opset="indvar_flatten "/>
</bind>
</comp>

<comp id="380" class="1005" name="sext_ln1705_cast_reg_380">
<pin_list>
<pin id="381" dir="0" index="0" bw="32" slack="1"/>
<pin id="382" dir="1" index="1" bw="32" slack="1"/>
</pin_list>
<bind>
<opset="sext_ln1705_cast "/>
</bind>
</comp>

<comp id="385" class="1005" name="icmp_ln1705_reg_385">
<pin_list>
<pin id="386" dir="0" index="0" bw="1" slack="1"/>
<pin id="387" dir="1" index="1" bw="1" slack="2147483647"/>
</pin_list>
<bind>
<opset="icmp_ln1705 "/>
</bind>
</comp>

<comp id="389" class="1005" name="trunc_ln1705_reg_389">
<pin_list>
<pin id="390" dir="0" index="0" bw="1" slack="1"/>
<pin id="391" dir="1" index="1" bw="1" slack="2147483647"/>
</pin_list>
<bind>
<opset="trunc_ln1705 "/>
</bind>
</comp>

<comp id="393" class="1005" name="lshr_ln_reg_393">
<pin_list>
<pin id="394" dir="0" index="0" bw="7" slack="1"/>
<pin id="395" dir="1" index="1" bw="7" slack="1"/>
</pin_list>
<bind>
<opset="lshr_ln "/>
</bind>
</comp>

<comp id="399" class="1005" name="lshr_ln4_reg_399">
<pin_list>
<pin id="400" dir="0" index="0" bw="3" slack="1"/>
<pin id="401" dir="1" index="1" bw="3" slack="1"/>
</pin_list>
<bind>
<opset="lshr_ln4 "/>
</bind>
</comp>

<comp id="404" class="1005" name="trunc_ln1708_reg_404">
<pin_list>
<pin id="405" dir="0" index="0" bw="5" slack="1"/>
<pin id="406" dir="1" index="1" bw="5" slack="1"/>
</pin_list>
<bind>
<opset="trunc_ln1708 "/>
</bind>
</comp>

<comp id="411" class="1005" name="weights_addr_read_reg_411">
<pin_list>
<pin id="412" dir="0" index="0" bw="16" slack="1"/>
<pin id="413" dir="1" index="1" bw="16" slack="1"/>
</pin_list>
<bind>
<opset="weights_addr_read "/>
</bind>
</comp>

</comp_list>

<net_list>
<net id="95"><net_src comp="8" pin="0"/><net_sink comp="92" pin=0"/></net>

<net id="99"><net_src comp="8" pin="0"/><net_sink comp="96" pin=0"/></net>

<net id="103"><net_src comp="8" pin="0"/><net_sink comp="100" pin=0"/></net>

<net id="108"><net_src comp="10" pin="0"/><net_sink comp="104" pin=0"/></net>

<net id="109"><net_src comp="4" pin="0"/><net_sink comp="104" pin=1"/></net>

<net id="114"><net_src comp="62" pin="0"/><net_sink comp="110" pin=0"/></net>

<net id="120"><net_src comp="0" pin="0"/><net_sink comp="115" pin=0"/></net>

<net id="121"><net_src comp="28" pin="0"/><net_sink comp="115" pin=1"/></net>

<net id="127"><net_src comp="6" pin="0"/><net_sink comp="122" pin=0"/></net>

<net id="128"><net_src comp="28" pin="0"/><net_sink comp="122" pin=1"/></net>

<net id="150"><net_src comp="104" pin="2"/><net_sink comp="147" pin=0"/></net>

<net id="155"><net_src comp="42" pin="0"/><net_sink comp="151" pin=0"/></net>

<net id="160"><net_src comp="44" pin="0"/><net_sink comp="156" pin=0"/></net>

<net id="165"><net_src comp="44" pin="0"/><net_sink comp="161" pin=0"/></net>

<net id="173"><net_src comp="166" pin="1"/><net_sink comp="169" pin=0"/></net>

<net id="174"><net_src comp="46" pin="0"/><net_sink comp="169" pin=1"/></net>

<net id="179"><net_src comp="166" pin="1"/><net_sink comp="175" pin=0"/></net>

<net id="180"><net_src comp="48" pin="0"/><net_sink comp="175" pin=1"/></net>

<net id="185"><net_src comp="175" pin="2"/><net_sink comp="181" pin=0"/></net>

<net id="196"><net_src comp="2" pin="0"/><net_sink comp="192" pin=0"/></net>

<net id="197"><net_src comp="192" pin="2"/><net_sink comp="110" pin=1"/></net>

<net id="202"><net_src comp="189" pin="1"/><net_sink comp="198" pin=0"/></net>

<net id="203"><net_src comp="50" pin="0"/><net_sink comp="198" pin=1"/></net>

<net id="208"><net_src comp="186" pin="1"/><net_sink comp="204" pin=0"/></net>

<net id="209"><net_src comp="52" pin="0"/><net_sink comp="204" pin=1"/></net>

<net id="215"><net_src comp="204" pin="2"/><net_sink comp="210" pin=0"/></net>

<net id="216"><net_src comp="44" pin="0"/><net_sink comp="210" pin=1"/></net>

<net id="217"><net_src comp="186" pin="1"/><net_sink comp="210" pin=2"/></net>

<net id="223"><net_src comp="204" pin="2"/><net_sink comp="218" pin=0"/></net>

<net id="224"><net_src comp="198" pin="2"/><net_sink comp="218" pin=1"/></net>

<net id="225"><net_src comp="189" pin="1"/><net_sink comp="218" pin=2"/></net>

<net id="229"><net_src comp="218" pin="3"/><net_sink comp="226" pin=0"/></net>

<net id="236"><net_src comp="54" pin="0"/><net_sink comp="230" pin=0"/></net>

<net id="237"><net_src comp="218" pin="3"/><net_sink comp="230" pin=1"/></net>

<net id="238"><net_src comp="8" pin="0"/><net_sink comp="230" pin=2"/></net>

<net id="239"><net_src comp="56" pin="0"/><net_sink comp="230" pin=3"/></net>

<net id="246"><net_src comp="58" pin="0"/><net_sink comp="240" pin=0"/></net>

<net id="247"><net_src comp="210" pin="3"/><net_sink comp="240" pin=1"/></net>

<net id="248"><net_src comp="60" pin="0"/><net_sink comp="240" pin=2"/></net>

<net id="249"><net_src comp="56" pin="0"/><net_sink comp="240" pin=3"/></net>

<net id="253"><net_src comp="210" pin="3"/><net_sink comp="250" pin=0"/></net>

<net id="258"><net_src comp="210" pin="3"/><net_sink comp="254" pin=0"/></net>

<net id="259"><net_src comp="50" pin="0"/><net_sink comp="254" pin=1"/></net>

<net id="264"><net_src comp="218" pin="3"/><net_sink comp="260" pin=0"/></net>

<net id="269"><net_src comp="254" pin="2"/><net_sink comp="265" pin=0"/></net>

<net id="278"><net_src comp="72" pin="0"/><net_sink comp="273" pin=0"/></net>

<net id="279"><net_src comp="74" pin="0"/><net_sink comp="273" pin=2"/></net>

<net id="284"><net_src comp="273" pin="3"/><net_sink comp="280" pin=0"/></net>

<net id="285"><net_src comp="270" pin="1"/><net_sink comp="280" pin=1"/></net>

<net id="291"><net_src comp="78" pin="0"/><net_sink comp="286" pin=0"/></net>

<net id="292"><net_src comp="80" pin="0"/><net_sink comp="286" pin=2"/></net>

<net id="300"><net_src comp="280" pin="2"/><net_sink comp="296" pin=0"/></net>

<net id="301"><net_src comp="293" pin="1"/><net_sink comp="296" pin=1"/></net>

<net id="305"><net_src comp="296" pin="2"/><net_sink comp="302" pin=0"/></net>

<net id="306"><net_src comp="302" pin="1"/><net_sink comp="115" pin=2"/></net>

<net id="307"><net_src comp="302" pin="1"/><net_sink comp="122" pin=2"/></net>

<net id="311"><net_src comp="286" pin="3"/><net_sink comp="308" pin=0"/></net>

<net id="319"><net_src comp="312" pin="1"/><net_sink comp="315" pin=0"/></net>

<net id="320"><net_src comp="308" pin="1"/><net_sink comp="315" pin=1"/></net>

<net id="321"><net_src comp="315" pin="2"/><net_sink comp="129" pin=5"/></net>

<net id="322"><net_src comp="315" pin="2"/><net_sink comp="138" pin=5"/></net>

<net id="328"><net_src comp="84" pin="0"/><net_sink comp="323" pin=0"/></net>

<net id="329"><net_src comp="86" pin="0"/><net_sink comp="323" pin=2"/></net>

<net id="333"><net_src comp="323" pin="3"/><net_sink comp="330" pin=0"/></net>

<net id="338"><net_src comp="88" pin="0"/><net_sink comp="334" pin=0"/></net>

<net id="339"><net_src comp="330" pin="1"/><net_sink comp="334" pin=1"/></net>

<net id="340"><net_src comp="334" pin="2"/><net_sink comp="129" pin=6"/></net>

<net id="346"><net_src comp="84" pin="0"/><net_sink comp="341" pin=0"/></net>

<net id="347"><net_src comp="86" pin="0"/><net_sink comp="341" pin=2"/></net>

<net id="351"><net_src comp="341" pin="3"/><net_sink comp="348" pin=0"/></net>

<net id="356"><net_src comp="88" pin="0"/><net_sink comp="352" pin=0"/></net>

<net id="357"><net_src comp="348" pin="1"/><net_sink comp="352" pin=1"/></net>

<net id="358"><net_src comp="352" pin="2"/><net_sink comp="138" pin=6"/></net>

<net id="362"><net_src comp="92" pin="1"/><net_sink comp="359" pin=0"/></net>

<net id="363"><net_src comp="359" pin="1"/><net_sink comp="161" pin=1"/></net>

<net id="364"><net_src comp="359" pin="1"/><net_sink comp="186" pin=0"/></net>

<net id="365"><net_src comp="359" pin="1"/><net_sink comp="265" pin=1"/></net>

<net id="369"><net_src comp="96" pin="1"/><net_sink comp="366" pin=0"/></net>

<net id="370"><net_src comp="366" pin="1"/><net_sink comp="156" pin=1"/></net>

<net id="371"><net_src comp="366" pin="1"/><net_sink comp="189" pin=0"/></net>

<net id="372"><net_src comp="366" pin="1"/><net_sink comp="260" pin=1"/></net>

<net id="376"><net_src comp="100" pin="1"/><net_sink comp="373" pin=0"/></net>

<net id="377"><net_src comp="373" pin="1"/><net_sink comp="151" pin=1"/></net>

<net id="378"><net_src comp="373" pin="1"/><net_sink comp="166" pin=0"/></net>

<net id="379"><net_src comp="373" pin="1"/><net_sink comp="181" pin=1"/></net>

<net id="383"><net_src comp="147" pin="1"/><net_sink comp="380" pin=0"/></net>

<net id="384"><net_src comp="380" pin="1"/><net_sink comp="192" pin=1"/></net>

<net id="388"><net_src comp="169" pin="2"/><net_sink comp="385" pin=0"/></net>

<net id="392"><net_src comp="226" pin="1"/><net_sink comp="389" pin=0"/></net>

<net id="396"><net_src comp="230" pin="4"/><net_sink comp="393" pin=0"/></net>

<net id="397"><net_src comp="393" pin="1"/><net_sink comp="270" pin=0"/></net>

<net id="398"><net_src comp="393" pin="1"/><net_sink comp="273" pin=1"/></net>

<net id="402"><net_src comp="240" pin="4"/><net_sink comp="399" pin=0"/></net>

<net id="403"><net_src comp="399" pin="1"/><net_sink comp="293" pin=0"/></net>

<net id="407"><net_src comp="250" pin="1"/><net_sink comp="404" pin=0"/></net>

<net id="408"><net_src comp="404" pin="1"/><net_sink comp="286" pin=1"/></net>

<net id="409"><net_src comp="404" pin="1"/><net_sink comp="323" pin=1"/></net>

<net id="410"><net_src comp="404" pin="1"/><net_sink comp="341" pin=1"/></net>

<net id="414"><net_src comp="110" pin="2"/><net_sink comp="411" pin=0"/></net>

<net id="415"><net_src comp="411" pin="1"/><net_sink comp="312" pin=0"/></net>

</net_list>

</model> 
---------------- Datapath Model END ------------------

* FSMD analyzer results:
  - Output states:
	Port: output_0 | {3 }
	Port: weights | {}
	Port: output_1 | {3 }
 - Input state : 
	Port: (anonymous namespace)LoadMatrixQ610_Pipeline_VITIS_LOOP_1705_1_VITIS_LOOP_1706_2.2 : output_0 | {}
	Port: (anonymous namespace)LoadMatrixQ610_Pipeline_VITIS_LOOP_1705_1_VITIS_LOOP_1706_2.2 : weights | {2 }
	Port: (anonymous namespace)LoadMatrixQ610_Pipeline_VITIS_LOOP_1705_1_VITIS_LOOP_1706_2.2 : sext_ln1705 | {1 }
	Port: (anonymous namespace)LoadMatrixQ610_Pipeline_VITIS_LOOP_1705_1_VITIS_LOOP_1706_2.2 : output_1 | {}
  - Chain level:
	State 1
		store_ln0 : 1
		store_ln1705 : 1
		store_ln1706 : 1
		indvar_flatten_load : 1
		icmp_ln1705 : 2
		add_ln1705_2 : 2
		br_ln1705 : 3
		store_ln1705 : 3
	State 2
		add_ln1705 : 1
		icmp_ln1706 : 1
		select_ln1705 : 2
		select_ln1705_2 : 2
		trunc_ln1705 : 3
		lshr_ln : 3
		lshr_ln4 : 3
		trunc_ln1708 : 3
		weights_addr_read : 1
		br_ln1708 : 4
		add_ln1706 : 3
		store_ln1705 : 3
		store_ln1706 : 4
	State 3
		sub_ln1708 : 1
		add_ln1708 : 2
		zext_ln1708_3 : 3
		output_0_addr : 4
		output_1_addr : 4
		zext_ln1708_4 : 1
		shl_ln1708 : 2
		zext_ln1708_7 : 1
		shl_ln1708_2 : 2
		store_ln1708 : 5
		zext_ln1708_6 : 1
		shl_ln1708_1 : 2
		store_ln1708 : 5


============================================================
+ Verbose Summary: Datapath Resource usage 
============================================================

* Functional unit list:
|----------|-------------------------------|---------|---------|
| Operation|        Functional Unit        |    FF   |   LUT   |
|----------|-------------------------------|---------|---------|
|          |      add_ln1705_2_fu_175      |    0    |    23   |
|    add   |       add_ln1705_fu_198       |    0    |    15   |
|          |       add_ln1706_fu_254       |    0    |    15   |
|          |       add_ln1708_fu_296       |    0    |    10   |
|----------|-------------------------------|---------|---------|
|          |       shl_ln1708_fu_315       |    0    |    35   |
|    shl   |      shl_ln1708_2_fu_334      |    0    |    13   |
|          |      shl_ln1708_1_fu_352      |    0    |    13   |
|----------|-------------------------------|---------|---------|
|   icmp   |       icmp_ln1705_fu_169      |    0    |    23   |
|          |       icmp_ln1706_fu_204      |    0    |    15   |
|----------|-------------------------------|---------|---------|
|  select  |      select_ln1705_fu_210     |    0    |    8    |
|          |     select_ln1705_2_fu_218    |    0    |    8    |
|----------|-------------------------------|---------|---------|
|    sub   |       sub_ln1708_fu_280       |    0    |    10   |
|----------|-------------------------------|---------|---------|
|   read   |  sext_ln1705_read_read_fu_104 |    0    |    0    |
|          | weights_addr_read_read_fu_110 |    0    |    0    |
|----------|-------------------------------|---------|---------|
|   sext   |    sext_ln1705_cast_fu_147    |    0    |    0    |
|----------|-------------------------------|---------|---------|
|   trunc  |      trunc_ln1705_fu_226      |    0    |    0    |
|          |      trunc_ln1708_fu_250      |    0    |    0    |
|----------|-------------------------------|---------|---------|
|partselect|         lshr_ln_fu_230        |    0    |    0    |
|          |        lshr_ln4_fu_240        |    0    |    0    |
|----------|-------------------------------|---------|---------|
|          |       zext_ln1708_fu_270      |    0    |    0    |
|          |      zext_ln1708_2_fu_293     |    0    |    0    |
|          |      zext_ln1708_3_fu_302     |    0    |    0    |
|   zext   |      zext_ln1708_4_fu_308     |    0    |    0    |
|          |      zext_ln1708_5_fu_312     |    0    |    0    |
|          |      zext_ln1708_7_fu_330     |    0    |    0    |
|          |      zext_ln1708_6_fu_348     |    0    |    0    |
|----------|-------------------------------|---------|---------|
|          |          tmp_s_fu_273         |    0    |    0    |
|bitconcatenate|         shl_ln_fu_286         |    0    |    0    |
|          |         tmp_42_fu_323         |    0    |    0    |
|          |           tmp_fu_341          |    0    |    0    |
|----------|-------------------------------|---------|---------|
|   Total  |                               |    0    |   188   |
|----------|-------------------------------|---------|---------|

Memories:
N/A

* Register list:
+-------------------------+--------+
|                         |   FF   |
+-------------------------+--------+
|       col_reg_359       |    8   |
|   icmp_ln1705_reg_385   |    1   |
|  indvar_flatten_reg_373 |   16   |
|     lshr_ln4_reg_399    |    3   |
|     lshr_ln_reg_393     |    7   |
|       row_reg_366       |    8   |
| sext_ln1705_cast_reg_380|   32   |
|   trunc_ln1705_reg_389  |    1   |
|   trunc_ln1708_reg_404  |    5   |
|weights_addr_read_reg_411|   16   |
+-------------------------+--------+
|          Total          |   97   |
+-------------------------+--------+

* Multiplexer (MUX) list: 
|--------|------|------|------|--------|
|  Comp  |  Pin | Size |  BW  | S x BW |
|--------|------|------|------|--------|
|  Total |      |      |      |    0   |
|--------|------|------|------|--------|



* Summary:
+-----------+--------+--------+
|           |   FF   |   LUT  |
+-----------+--------+--------+
|  Function |    0   |   188  |
|   Memory  |    -   |    -   |
|Multiplexer|    -   |    -   |
|  Register |   97   |    -   |
+-----------+--------+--------+
|   Total   |   97   |   188  |
+-----------+--------+--------+
