

================================================================
== Vitis HLS Report for 'p_anonymous_namespace_GenerateBand0SequenceStreamOptimizedQ610'
================================================================
* Date:           Wed May 13 19:58:22 2026

* Version:        2023.2 (Build 4023990 on Oct 11 2023)
* Project:        subband_q610_zybo_z7_20_hls
* Solution:       solution1 (Vivado IP Flow Target)
* Product family: zynq
* Target device:  xc7z020-clg400-1


================================================================
== Performance Estimates
================================================================
+ Timing: 
    * Summary: 
    +--------+----------+----------+------------+
    |  Clock |  Target  | Estimated| Uncertainty|
    +--------+----------+----------+------------+
    |ap_clk  |  10.00 ns|  7.300 ns|     2.70 ns|
    +--------+----------+----------+------------+

+ Latency: 
    * Summary: 
    +---------+---------+-----------+-----------+---------+---------+---------+
    |  Latency (cycles) |   Latency (absolute)  |      Interval     | Pipeline|
    |   min   |   max   |    min    |    max    |   min   |   max   |   Type  |
    +---------+---------+-----------+-----------+---------+---------+---------+
    |  1391041|  1391041|  13.910 ms|  13.910 ms|  1391041|  1391041|       no|
    +---------+---------+-----------+-----------+---------+---------+---------+

    + Detail: 
        * Instance: 
        N/A

        * Loop: 
        +---------------------------------------+---------+---------+----------+-----------+-----------+-------+----------+
        |                                       |  Latency (cycles) | Iteration|  Initiation Interval  |  Trip |          |
        |               Loop Name               |   min   |   max   |  Latency |  achieved |   target  | Count | Pipelined|
        +---------------------------------------+---------+---------+----------+-----------+-----------+-------+----------+
        |- VITIS_LOOP_1798_1_VITIS_LOOP_1800_2  |  1391040|  1391040|        72|          -|          -|  19320|        no|
        +---------------------------------------+---------+---------+----------+-----------+-----------+-------+----------+

============================================================
+ Verbose Summary: Synthesis Manager
============================================================
InlineROM: 1
ExposeGlobal: 0
============================================================
+ Verbose Summary: CDFG Model
============================================================
IsTopModel: 0
ResetActiveHigh: 1
IsCombinational: 2
IsDatapathOnly: 0
HasWiredReturn: 1
HasMFsm: 0
HasVarLatency: 1
IsPipeline: 0
IsRtlPipelined: 0
IsInstanceOverlapped: 0
IsDontTouch: 0
HasImplIP: 0
IsGatedGlobalClock: 0


============================================================
+ Verbose Summary: Schedule
============================================================
* Number of FSM states : 7
* Pipeline : 0
* Dataflow Pipeline: 0

* FSM state transitions: 
1 --> 2 
2 --> 3 
3 --> 4 
4 --> 5 
5 --> 6 
6 --> 7 
7 --> 2 

* FSM state operations: 

State 1 <SV = 0> <Delay = 1.58>
ST_1 : Operation 8 [1/1] (0.00ns)   --->   "%subband_index = alloca i32 1" [H:/subband_ref_q610_opt_stage4_latency_stepL2.cpp:1800]   --->   Operation 8 'alloca' 'subband_index' <Predicate = true> <Delay = 0.00>
ST_1 : Operation 9 [1/1] (0.00ns)   --->   "%frame_index = alloca i32 1" [H:/subband_ref_q610_opt_stage4_latency_stepL2.cpp:1798]   --->   Operation 9 'alloca' 'frame_index' <Predicate = true> <Delay = 0.00>
ST_1 : Operation 10 [1/1] (0.00ns)   --->   "%indvar_flatten = alloca i32 1"   --->   Operation 10 'alloca' 'indvar_flatten' <Predicate = true> <Delay = 0.00>
ST_1 : Operation 11 [1/1] (0.00ns)   --->   "%specinterface_ln0 = specinterface void @_ssdm_op_SpecInterface, i16 %sequence_stream, void @empty_199, i32 0, i32 0, void @empty_25, i32 0, i32 0, void @empty_25, void @empty_25, void @empty_25, i32 0, i32 0, i32 0, i32 0, void @empty_25, void @empty_25, i32 4294967295, i32 0"   --->   Operation 11 'specinterface' 'specinterface_ln0' <Predicate = true> <Delay = 0.00>
ST_1 : Operation 12 [1/1] (0.00ns)   --->   "%specinterface_ln0 = specinterface void @_ssdm_op_SpecInterface, i16 %gmem_in, void @empty_173, i32 0, i32 0, void @empty_25, i32 0, i32 618240, void @empty_175, void @empty_176, void @empty_25, i32 1, i32 1, i32 16, i32 16, void @empty_25, void @empty_25, i32 4294967295, i32 0"   --->   Operation 12 'specinterface' 'specinterface_ln0' <Predicate = true> <Delay = 0.00>
ST_1 : Operation 13 [1/1] (0.00ns)   --->   "%fb_output_q610_read = read i32 @_ssdm_op_Read.ap_auto.i32, i32 %fb_output_q610" [H:/subband_ref_q610_opt_stage4_latency_stepL2.cpp:1792]   --->   Operation 13 'read' 'fb_output_q610_read' <Predicate = true> <Delay = 0.00>
ST_1 : Operation 14 [1/1] (0.00ns)   --->   "%noisy_input_q610_read = read i32 @_ssdm_op_Read.ap_auto.i32, i32 %noisy_input_q610" [H:/subband_ref_q610_opt_stage4_latency_stepL2.cpp:1792]   --->   Operation 14 'read' 'noisy_input_q610_read' <Predicate = true> <Delay = 0.00>
ST_1 : Operation 15 [1/1] (1.58ns)   --->   "%store_ln0 = store i15 0, i15 %indvar_flatten"   --->   Operation 15 'store' 'store_ln0' <Predicate = true> <Delay = 1.58>
ST_1 : Operation 16 [1/1] (1.58ns)   --->   "%store_ln1798 = store i12 0, i12 %frame_index" [H:/subband_ref_q610_opt_stage4_latency_stepL2.cpp:1798]   --->   Operation 16 'store' 'store_ln1798' <Predicate = true> <Delay = 1.58>
ST_1 : Operation 17 [1/1] (1.58ns)   --->   "%store_ln1800 = store i4 0, i4 %subband_index" [H:/subband_ref_q610_opt_stage4_latency_stepL2.cpp:1800]   --->   Operation 17 'store' 'store_ln1800' <Predicate = true> <Delay = 1.58>
ST_1 : Operation 18 [1/1] (0.00ns)   --->   "%br_ln1798 = br void %VITIS_LOOP_1802_3" [H:/subband_ref_q610_opt_stage4_latency_stepL2.cpp:1798]   --->   Operation 18 'br' 'br_ln1798' <Predicate = true> <Delay = 0.00>

State 2 <SV = 1> <Delay = 6.08>
ST_2 : Operation 19 [1/1] (0.00ns)   --->   "%indvar_flatten_load = load i15 %indvar_flatten" [H:/subband_ref_q610_opt_stage4_latency_stepL2.cpp:1798]   --->   Operation 19 'load' 'indvar_flatten_load' <Predicate = true> <Delay = 0.00>
ST_2 : Operation 20 [1/1] (1.94ns)   --->   "%icmp_ln1798 = icmp_eq  i15 %indvar_flatten_load, i15 19320" [H:/subband_ref_q610_opt_stage4_latency_stepL2.cpp:1798]   --->   Operation 20 'icmp' 'icmp_ln1798' <Predicate = true> <Delay = 1.94> <CoreInst = "Cmp">   --->   Core 9 'Cmp' <Latency = 0> <II = 1> <Delay = 1.94> <FuncUnit> <Opcode : 'icmp'> <InPorts = 2> <OutPorts = 1>
ST_2 : Operation 21 [1/1] (1.94ns)   --->   "%add_ln1798_1 = add i15 %indvar_flatten_load, i15 1" [H:/subband_ref_q610_opt_stage4_latency_stepL2.cpp:1798]   --->   Operation 21 'add' 'add_ln1798_1' <Predicate = true> <Delay = 1.94> <CoreInst = "Adder">   --->   Core 1 'Adder' <Latency = 0> <II = 1> <Delay = 1.94> <FuncUnit> <Opcode : 'add' 'sub'> <InPorts = 2> <OutPorts = 1>
ST_2 : Operation 22 [1/1] (0.00ns)   --->   "%br_ln1798 = br i1 %icmp_ln1798, void %for.inc25, void %for.end27" [H:/subband_ref_q610_opt_stage4_latency_stepL2.cpp:1798]   --->   Operation 22 'br' 'br_ln1798' <Predicate = true> <Delay = 0.00>
ST_2 : Operation 23 [1/1] (0.00ns)   --->   "%subband_index_load = load i4 %subband_index" [H:/subband_ref_q610_opt_stage4_latency_stepL2.cpp:1800]   --->   Operation 23 'load' 'subband_index_load' <Predicate = (!icmp_ln1798)> <Delay = 0.00>
ST_2 : Operation 24 [1/1] (0.00ns)   --->   "%frame_index_load = load i12 %frame_index" [H:/subband_ref_q610_opt_stage4_latency_stepL2.cpp:1798]   --->   Operation 24 'load' 'frame_index_load' <Predicate = (!icmp_ln1798)> <Delay = 0.00>
ST_2 : Operation 25 [1/1] (1.54ns)   --->   "%add_ln1798 = add i12 %frame_index_load, i12 1" [H:/subband_ref_q610_opt_stage4_latency_stepL2.cpp:1798]   --->   Operation 25 'add' 'add_ln1798' <Predicate = (!icmp_ln1798)> <Delay = 1.54> <CoreInst = "Adder">   --->   Core 1 'Adder' <Latency = 0> <II = 1> <Delay = 1.54> <FuncUnit> <Opcode : 'add' 'sub'> <InPorts = 2> <OutPorts = 1>
ST_2 : Operation 26 [1/1] (1.73ns)   --->   "%icmp_ln1800 = icmp_eq  i4 %subband_index_load, i4 8" [H:/subband_ref_q610_opt_stage4_latency_stepL2.cpp:1800]   --->   Operation 26 'icmp' 'icmp_ln1800' <Predicate = (!icmp_ln1798)> <Delay = 1.73> <CoreInst = "Cmp">   --->   Core 9 'Cmp' <Latency = 0> <II = 1> <Delay = 1.73> <FuncUnit> <Opcode : 'icmp'> <InPorts = 2> <OutPorts = 1>
ST_2 : Operation 27 [1/1] (1.02ns)   --->   "%select_ln1798 = select i1 %icmp_ln1800, i4 0, i4 %subband_index_load" [H:/subband_ref_q610_opt_stage4_latency_stepL2.cpp:1798]   --->   Operation 27 'select' 'select_ln1798' <Predicate = (!icmp_ln1798)> <Delay = 1.02> <CoreInst = "Sel">   --->   Core 73 'Sel' <Latency = 0> <II = 1> <Delay = 1.02> <FuncUnit> <Opcode : 'select'> <InPorts = 3> <OutPorts = 1>
ST_2 : Operation 28 [1/1] (0.69ns)   --->   "%select_ln1798_1 = select i1 %icmp_ln1800, i12 %add_ln1798, i12 %frame_index_load" [H:/subband_ref_q610_opt_stage4_latency_stepL2.cpp:1798]   --->   Operation 28 'select' 'select_ln1798_1' <Predicate = (!icmp_ln1798)> <Delay = 0.69> <CoreInst = "Sel">   --->   Core 73 'Sel' <Latency = 0> <II = 1> <Delay = 0.69> <FuncUnit> <Opcode : 'select'> <InPorts = 3> <OutPorts = 1>
ST_2 : Operation 29 [1/1] (0.00ns)   --->   "%trunc_ln1801 = trunc i4 %select_ln1798" [H:/subband_ref_q610_opt_stage4_latency_stepL2.cpp:1801]   --->   Operation 29 'trunc' 'trunc_ln1801' <Predicate = (!icmp_ln1798)> <Delay = 0.00>
ST_2 : Operation 30 [1/1] (0.00ns)   --->   "%empty = wait i32 @_ssdm_op_Wait"   --->   Operation 30 'wait' 'empty' <Predicate = (!icmp_ln1798)> <Delay = 0.00>
ST_2 : Operation 31 [1/1] (1.73ns)   --->   "%add_ln1800 = add i4 %select_ln1798, i4 1" [H:/subband_ref_q610_opt_stage4_latency_stepL2.cpp:1800]   --->   Operation 31 'add' 'add_ln1800' <Predicate = (!icmp_ln1798)> <Delay = 1.73> <CoreInst = "Adder">   --->   Core 1 'Adder' <Latency = 0> <II = 1> <Delay = 1.73> <FuncUnit> <Opcode : 'add' 'sub'> <InPorts = 2> <OutPorts = 1>
ST_2 : Operation 32 [1/1] (1.58ns)   --->   "%store_ln1798 = store i15 %add_ln1798_1, i15 %indvar_flatten" [H:/subband_ref_q610_opt_stage4_latency_stepL2.cpp:1798]   --->   Operation 32 'store' 'store_ln1798' <Predicate = (!icmp_ln1798)> <Delay = 1.58>
ST_2 : Operation 33 [1/1] (1.58ns)   --->   "%store_ln1798 = store i12 %select_ln1798_1, i12 %frame_index" [H:/subband_ref_q610_opt_stage4_latency_stepL2.cpp:1798]   --->   Operation 33 'store' 'store_ln1798' <Predicate = (!icmp_ln1798)> <Delay = 1.58>
ST_2 : Operation 34 [1/1] (1.58ns)   --->   "%store_ln1800 = store i4 %add_ln1800, i4 %subband_index" [H:/subband_ref_q610_opt_stage4_latency_stepL2.cpp:1800]   --->   Operation 34 'store' 'store_ln1800' <Predicate = (!icmp_ln1798)> <Delay = 1.58>
ST_2 : Operation 35 [1/1] (0.00ns)   --->   "%ret_ln1817 = ret" [H:/subband_ref_q610_opt_stage4_latency_stepL2.cpp:1817]   --->   Operation 35 'ret' 'ret_ln1817' <Predicate = (icmp_ln1798)> <Delay = 0.00>

State 3 <SV = 2> <Delay = 5.69>
ST_3 : Operation 36 [1/1] (0.00ns)   --->   "%shl_ln = bitconcatenate i5 @_ssdm_op_BitConcatenate.i5.i3.i2, i3 %trunc_ln1801, i2 0" [H:/subband_ref_q610_opt_stage4_latency_stepL2.cpp:1801]   --->   Operation 36 'bitconcatenate' 'shl_ln' <Predicate = true> <Delay = 0.00>
ST_3 : Operation 37 [2/2] (5.69ns)   --->   "%call_ln1801 = call void @(anonymous namespace)GenerateBand0SequenceStreamOptimizedQ610_Pipeline_VITIS_LOO.1, i5 %shl_ln, i12 %select_ln1798_1, i32 %noisy_input_q610_read, i16 %gmem_in, i16 %sequence_stream" [H:/subband_ref_q610_opt_stage4_latency_stepL2.cpp:1801]   --->   Operation 37 'call' 'call_ln1801' <Predicate = true> <Delay = 5.69> <CoreType = "Generic">   --->   Core 0 '' <Latency = 0> <II = 1> <Delay = 1.00> <Generic> <Opcode : >

State 4 <SV = 3> <Delay = 0.00>
ST_4 : Operation 38 [1/2] (0.00ns)   --->   "%call_ln1801 = call void @(anonymous namespace)GenerateBand0SequenceStreamOptimizedQ610_Pipeline_VITIS_LOO.1, i5 %shl_ln, i12 %select_ln1798_1, i32 %noisy_input_q610_read, i16 %gmem_in, i16 %sequence_stream" [H:/subband_ref_q610_opt_stage4_latency_stepL2.cpp:1801]   --->   Operation 38 'call' 'call_ln1801' <Predicate = true> <Delay = 0.00> <CoreType = "Generic">   --->   Core 0 '' <Latency = 0> <II = 1> <Delay = 1.00> <Generic> <Opcode : >

State 5 <SV = 4> <Delay = 0.00>
ST_5 : Operation 39 [1/1] (0.00ns)   --->   "%empty_1049 = wait i32 @_ssdm_op_Wait"   --->   Operation 39 'wait' 'empty_1049' <Predicate = true> <Delay = 0.00>

State 6 <SV = 5> <Delay = 2.70>
ST_6 : Operation 40 [1/1] (0.00ns)   --->   "%empty_1050 = wait i32 @_ssdm_op_Wait"   --->   Operation 40 'wait' 'empty_1050' <Predicate = true> <Delay = 0.00>
ST_6 : Operation 41 [2/2] (2.70ns)   --->   "%call_ln1801 = call void @(anonymous namespace)GenerateBand0SequenceStreamOptimizedQ610_Pipeline_VITIS_LOO, i5 %shl_ln, i12 %select_ln1798_1, i32 %fb_output_q610_read, i16 %gmem_in, i16 %sequence_stream" [H:/subband_ref_q610_opt_stage4_latency_stepL2.cpp:1801]   --->   Operation 41 'call' 'call_ln1801' <Predicate = true> <Delay = 2.70> <CoreType = "Generic">   --->   Core 0 '' <Latency = 0> <II = 1> <Delay = 1.00> <Generic> <Opcode : >

State 7 <SV = 6> <Delay = 0.00>
ST_7 : Operation 42 [1/1] (0.00ns)   --->   "%specloopname_ln0 = specloopname void @_ssdm_op_SpecLoopName, void @VITIS_LOOP_1798_1_VITIS_LOOP_1800_2_str"   --->   Operation 42 'specloopname' 'specloopname_ln0' <Predicate = true> <Delay = 0.00>
ST_7 : Operation 43 [1/1] (0.00ns)   --->   "%speclooptripcount_ln0 = speclooptripcount void @_ssdm_op_SpecLoopTripCount, i64 19320, i64 19320, i64 19320"   --->   Operation 43 'speclooptripcount' 'speclooptripcount_ln0' <Predicate = true> <Delay = 0.00>
ST_7 : Operation 44 [1/2] (0.00ns)   --->   "%call_ln1801 = call void @(anonymous namespace)GenerateBand0SequenceStreamOptimizedQ610_Pipeline_VITIS_LOO, i5 %shl_ln, i12 %select_ln1798_1, i32 %fb_output_q610_read, i16 %gmem_in, i16 %sequence_stream" [H:/subband_ref_q610_opt_stage4_latency_stepL2.cpp:1801]   --->   Operation 44 'call' 'call_ln1801' <Predicate = true> <Delay = 0.00> <CoreType = "Generic">   --->   Core 0 '' <Latency = 0> <II = 1> <Delay = 1.00> <Generic> <Opcode : >
ST_7 : Operation 45 [1/1] (0.00ns)   --->   "%br_ln1800 = br void %VITIS_LOOP_1802_3" [H:/subband_ref_q610_opt_stage4_latency_stepL2.cpp:1800]   --->   Operation 45 'br' 'br_ln1800' <Predicate = true> <Delay = 0.00>


============================================================
+ Verbose Summary: Timing violations
============================================================
Target clock period: 10.000ns, clock uncertainty: 2.700ns.

 <State 1>: 1.588ns
The critical path consists of the following:
	'alloca' operation 15 bit ('indvar_flatten') [7]  (0.000 ns)
	'store' operation 0 bit ('store_ln0') of constant 0 on local variable 'indvar_flatten' [12]  (1.588 ns)

 <State 2>: 6.082ns
The critical path consists of the following:
	'load' operation 4 bit ('subband_index_load', H:/subband_ref_q610_opt_stage4_latency_stepL2.cpp:1800) on local variable 'subband_index', H:/subband_ref_q610_opt_stage4_latency_stepL2.cpp:1800 [22]  (0.000 ns)
	'icmp' operation 1 bit ('icmp_ln1800', H:/subband_ref_q610_opt_stage4_latency_stepL2.cpp:1800) [27]  (1.735 ns)
	'select' operation 4 bit ('select_ln1798', H:/subband_ref_q610_opt_stage4_latency_stepL2.cpp:1798) [28]  (1.024 ns)
	'add' operation 4 bit ('add_ln1800', H:/subband_ref_q610_opt_stage4_latency_stepL2.cpp:1800) [37]  (1.735 ns)
	'store' operation 0 bit ('store_ln1800', H:/subband_ref_q610_opt_stage4_latency_stepL2.cpp:1800) of variable 'add_ln1800', H:/subband_ref_q610_opt_stage4_latency_stepL2.cpp:1800 on local variable 'subband_index', H:/subband_ref_q610_opt_stage4_latency_stepL2.cpp:1800 [40]  (1.588 ns)

 <State 3>: 5.693ns
The critical path consists of the following:
	'call' operation 0 bit ('call_ln1801', H:/subband_ref_q610_opt_stage4_latency_stepL2.cpp:1801) to '(anonymous namespace)GenerateBand0SequenceStreamOptimizedQ610_Pipeline_VITIS_LOO.1' [33]  (5.693 ns)

 <State 4>: 0.000ns
The critical path consists of the following:

 <State 5>: 0.000ns
The critical path consists of the following:

 <State 6>: 2.700ns
The critical path consists of the following:
	'call' operation 0 bit ('call_ln1801', H:/subband_ref_q610_opt_stage4_latency_stepL2.cpp:1801) to '(anonymous namespace)GenerateBand0SequenceStreamOptimizedQ610_Pipeline_VITIS_LOO' [36]  (2.700 ns)

 <State 7>: 0.000ns
The critical path consists of the following:


============================================================
+ Verbose Summary: Binding
============================================================
N/A
* FSMD analyzer results:
  - Output states:
 - Input state : 
  - Chain level:
	State 1
	State 2
	State 3
	State 4
	State 5
	State 6
	State 7


============================================================
+ Verbose Summary: Datapath Resource usage 
============================================================
N/A
