

================================================================
== Vitis HLS Report for 'p_anonymous_namespace_RunGSULayer0StreamParallelQ610'
================================================================
* Date:           Wed May 13 19:58:29 2026

* Version:        2023.2 (Build 4023990 on Oct 11 2023)
* Project:        subband_q610_zybo_z7_20_hls
* Solution:       solution1 (Vivado IP Flow Target)
* Product family: zynq
* Target device:  xc7z020-clg400-1


================================================================
== Performance Estimates
================================================================
+ Timing: 
    * Summary: 
    +--------+----------+----------+------------+
    |  Clock |  Target  | Estimated| Uncertainty|
    +--------+----------+----------+------------+
    |ap_clk  |  10.00 ns|  8.563 ns|     2.70 ns|
    +--------+----------+----------+------------+

+ Latency: 
    * Summary: 
    +----------+----------+-----------+-----------+----------+----------+---------+
    |   Latency (cycles)  |   Latency (absolute)  |       Interval      | Pipeline|
    |    min   |    max   |    min    |    max    |    min   |    max   |   Type  |
    +----------+----------+-----------+-----------+----------+----------+---------+
    |  53516401|  53516401|  0.535 sec|  0.535 sec|  53516401|  53516401|       no|
    +----------+----------+-----------+-----------+----------+----------+---------+

    + Detail: 
        * Instance: 
        N/A

        * Loop: 
        +---------------------------------------+----------+----------+----------+-----------+-----------+-------+----------+
        |                                       |   Latency (cycles)  | Iteration|  Initiation Interval  |  Trip |          |
        |               Loop Name               |    min   |    max   |  Latency |  achieved |   target  | Count | Pipelined|
        +---------------------------------------+----------+----------+----------+-----------+-----------+-------+----------+
        |- VITIS_LOOP_1980_1_VITIS_LOOP_1982_2  |  53516400|  53516400|      2770|          -|          -|  19320|        no|
        +---------------------------------------+----------+----------+----------+-----------+-----------+-------+----------+

============================================================
+ Verbose Summary: Synthesis Manager
============================================================
InlineROM: 1
ExposeGlobal: 0
============================================================
+ Verbose Summary: CDFG Model
============================================================
IsTopModel: 0
ResetActiveHigh: 1
IsCombinational: 2
IsDatapathOnly: 0
HasWiredReturn: 1
HasMFsm: 0
HasVarLatency: 1
IsPipeline: 0
IsRtlPipelined: 0
IsInstanceOverlapped: 0
IsDontTouch: 0
HasImplIP: 0
IsGatedGlobalClock: 0


============================================================
+ Verbose Summary: Schedule
============================================================
* Number of FSM states : 7
* Pipeline : 0
* Dataflow Pipeline: 0

* FSM state transitions: 
1 --> 2 
2 --> 3 
3 --> 4 
4 --> 5 
5 --> 6 
6 --> 7 
7 --> 2 

* FSM state operations: 

State 1 <SV = 0> <Delay = 1.58>
ST_1 : Operation 8 [1/1] (0.00ns)   --->   "%subband_index = alloca i32 1" [H:/subband_ref_q610_opt_stage4_latency_stepL2.cpp:1982]   --->   Operation 8 'alloca' 'subband_index' <Predicate = true> <Delay = 0.00>
ST_1 : Operation 9 [1/1] (0.00ns)   --->   "%input_buffer = alloca i32 1" [H:/subband_ref_q610_opt_stage4_latency_stepL2.cpp:1975]   --->   Operation 9 'alloca' 'input_buffer' <Predicate = true> <Delay = 0.00>
ST_1 : Operation 10 [1/1] (0.00ns)   --->   "%input_buffer_672 = alloca i32 1" [H:/subband_ref_q610_opt_stage4_latency_stepL2.cpp:1975]   --->   Operation 10 'alloca' 'input_buffer_672' <Predicate = true> <Delay = 0.00>
ST_1 : Operation 11 [1/1] (0.00ns)   --->   "%input_buffer_673 = alloca i32 1" [H:/subband_ref_q610_opt_stage4_latency_stepL2.cpp:1975]   --->   Operation 11 'alloca' 'input_buffer_673' <Predicate = true> <Delay = 0.00>
ST_1 : Operation 12 [1/1] (0.00ns)   --->   "%input_buffer_674 = alloca i32 1" [H:/subband_ref_q610_opt_stage4_latency_stepL2.cpp:1975]   --->   Operation 12 'alloca' 'input_buffer_674' <Predicate = true> <Delay = 0.00>
ST_1 : Operation 13 [1/1] (0.00ns)   --->   "%input_buffer_675 = alloca i32 1" [H:/subband_ref_q610_opt_stage4_latency_stepL2.cpp:1975]   --->   Operation 13 'alloca' 'input_buffer_675' <Predicate = true> <Delay = 0.00>
ST_1 : Operation 14 [1/1] (0.00ns)   --->   "%input_buffer_676 = alloca i32 1" [H:/subband_ref_q610_opt_stage4_latency_stepL2.cpp:1975]   --->   Operation 14 'alloca' 'input_buffer_676' <Predicate = true> <Delay = 0.00>
ST_1 : Operation 15 [1/1] (0.00ns)   --->   "%input_buffer_677 = alloca i32 1" [H:/subband_ref_q610_opt_stage4_latency_stepL2.cpp:1975]   --->   Operation 15 'alloca' 'input_buffer_677' <Predicate = true> <Delay = 0.00>
ST_1 : Operation 16 [1/1] (0.00ns)   --->   "%input_buffer_678 = alloca i32 1" [H:/subband_ref_q610_opt_stage4_latency_stepL2.cpp:1975]   --->   Operation 16 'alloca' 'input_buffer_678' <Predicate = true> <Delay = 0.00>
ST_1 : Operation 17 [1/1] (0.00ns)   --->   "%input_buffer_679 = alloca i32 1" [H:/subband_ref_q610_opt_stage4_latency_stepL2.cpp:1975]   --->   Operation 17 'alloca' 'input_buffer_679' <Predicate = true> <Delay = 0.00>
ST_1 : Operation 18 [1/1] (0.00ns)   --->   "%input_buffer_680 = alloca i32 1" [H:/subband_ref_q610_opt_stage4_latency_stepL2.cpp:1975]   --->   Operation 18 'alloca' 'input_buffer_680' <Predicate = true> <Delay = 0.00>
ST_1 : Operation 19 [1/1] (0.00ns)   --->   "%input_buffer_681 = alloca i32 1" [H:/subband_ref_q610_opt_stage4_latency_stepL2.cpp:1975]   --->   Operation 19 'alloca' 'input_buffer_681' <Predicate = true> <Delay = 0.00>
ST_1 : Operation 20 [1/1] (0.00ns)   --->   "%input_buffer_682 = alloca i32 1" [H:/subband_ref_q610_opt_stage4_latency_stepL2.cpp:1975]   --->   Operation 20 'alloca' 'input_buffer_682' <Predicate = true> <Delay = 0.00>
ST_1 : Operation 21 [1/1] (0.00ns)   --->   "%input_buffer_683 = alloca i32 1" [H:/subband_ref_q610_opt_stage4_latency_stepL2.cpp:1975]   --->   Operation 21 'alloca' 'input_buffer_683' <Predicate = true> <Delay = 0.00>
ST_1 : Operation 22 [1/1] (0.00ns)   --->   "%input_buffer_684 = alloca i32 1" [H:/subband_ref_q610_opt_stage4_latency_stepL2.cpp:1975]   --->   Operation 22 'alloca' 'input_buffer_684' <Predicate = true> <Delay = 0.00>
ST_1 : Operation 23 [1/1] (0.00ns)   --->   "%input_buffer_685 = alloca i32 1" [H:/subband_ref_q610_opt_stage4_latency_stepL2.cpp:1975]   --->   Operation 23 'alloca' 'input_buffer_685' <Predicate = true> <Delay = 0.00>
ST_1 : Operation 24 [1/1] (0.00ns)   --->   "%input_buffer_686 = alloca i32 1" [H:/subband_ref_q610_opt_stage4_latency_stepL2.cpp:1975]   --->   Operation 24 'alloca' 'input_buffer_686' <Predicate = true> <Delay = 0.00>
ST_1 : Operation 25 [1/1] (0.00ns)   --->   "%input_buffer_687 = alloca i32 1" [H:/subband_ref_q610_opt_stage4_latency_stepL2.cpp:1975]   --->   Operation 25 'alloca' 'input_buffer_687' <Predicate = true> <Delay = 0.00>
ST_1 : Operation 26 [1/1] (0.00ns)   --->   "%input_buffer_688 = alloca i32 1" [H:/subband_ref_q610_opt_stage4_latency_stepL2.cpp:1975]   --->   Operation 26 'alloca' 'input_buffer_688' <Predicate = true> <Delay = 0.00>
ST_1 : Operation 27 [1/1] (0.00ns)   --->   "%input_buffer_689 = alloca i32 1" [H:/subband_ref_q610_opt_stage4_latency_stepL2.cpp:1975]   --->   Operation 27 'alloca' 'input_buffer_689' <Predicate = true> <Delay = 0.00>
ST_1 : Operation 28 [1/1] (0.00ns)   --->   "%input_buffer_690 = alloca i32 1" [H:/subband_ref_q610_opt_stage4_latency_stepL2.cpp:1975]   --->   Operation 28 'alloca' 'input_buffer_690' <Predicate = true> <Delay = 0.00>
ST_1 : Operation 29 [1/1] (0.00ns)   --->   "%input_buffer_691 = alloca i32 1" [H:/subband_ref_q610_opt_stage4_latency_stepL2.cpp:1975]   --->   Operation 29 'alloca' 'input_buffer_691' <Predicate = true> <Delay = 0.00>
ST_1 : Operation 30 [1/1] (0.00ns)   --->   "%input_buffer_692 = alloca i32 1" [H:/subband_ref_q610_opt_stage4_latency_stepL2.cpp:1975]   --->   Operation 30 'alloca' 'input_buffer_692' <Predicate = true> <Delay = 0.00>
ST_1 : Operation 31 [1/1] (0.00ns)   --->   "%input_buffer_693 = alloca i32 1" [H:/subband_ref_q610_opt_stage4_latency_stepL2.cpp:1975]   --->   Operation 31 'alloca' 'input_buffer_693' <Predicate = true> <Delay = 0.00>
ST_1 : Operation 32 [1/1] (0.00ns)   --->   "%input_buffer_694 = alloca i32 1" [H:/subband_ref_q610_opt_stage4_latency_stepL2.cpp:1975]   --->   Operation 32 'alloca' 'input_buffer_694' <Predicate = true> <Delay = 0.00>
ST_1 : Operation 33 [1/1] (0.00ns)   --->   "%input_buffer_695 = alloca i32 1" [H:/subband_ref_q610_opt_stage4_latency_stepL2.cpp:1975]   --->   Operation 33 'alloca' 'input_buffer_695' <Predicate = true> <Delay = 0.00>
ST_1 : Operation 34 [1/1] (0.00ns)   --->   "%input_buffer_696 = alloca i32 1" [H:/subband_ref_q610_opt_stage4_latency_stepL2.cpp:1975]   --->   Operation 34 'alloca' 'input_buffer_696' <Predicate = true> <Delay = 0.00>
ST_1 : Operation 35 [1/1] (0.00ns)   --->   "%input_buffer_697 = alloca i32 1" [H:/subband_ref_q610_opt_stage4_latency_stepL2.cpp:1975]   --->   Operation 35 'alloca' 'input_buffer_697' <Predicate = true> <Delay = 0.00>
ST_1 : Operation 36 [1/1] (0.00ns)   --->   "%input_buffer_698 = alloca i32 1" [H:/subband_ref_q610_opt_stage4_latency_stepL2.cpp:1975]   --->   Operation 36 'alloca' 'input_buffer_698' <Predicate = true> <Delay = 0.00>
ST_1 : Operation 37 [1/1] (0.00ns)   --->   "%input_buffer_699 = alloca i32 1" [H:/subband_ref_q610_opt_stage4_latency_stepL2.cpp:1975]   --->   Operation 37 'alloca' 'input_buffer_699' <Predicate = true> <Delay = 0.00>
ST_1 : Operation 38 [1/1] (0.00ns)   --->   "%input_buffer_700 = alloca i32 1" [H:/subband_ref_q610_opt_stage4_latency_stepL2.cpp:1975]   --->   Operation 38 'alloca' 'input_buffer_700' <Predicate = true> <Delay = 0.00>
ST_1 : Operation 39 [1/1] (0.00ns)   --->   "%input_buffer_701 = alloca i32 1" [H:/subband_ref_q610_opt_stage4_latency_stepL2.cpp:1975]   --->   Operation 39 'alloca' 'input_buffer_701' <Predicate = true> <Delay = 0.00>
ST_1 : Operation 40 [1/1] (0.00ns)   --->   "%input_buffer_702 = alloca i32 1" [H:/subband_ref_q610_opt_stage4_latency_stepL2.cpp:1975]   --->   Operation 40 'alloca' 'input_buffer_702' <Predicate = true> <Delay = 0.00>
ST_1 : Operation 41 [1/1] (0.00ns)   --->   "%input_buffer_703 = alloca i32 1" [H:/subband_ref_q610_opt_stage4_latency_stepL2.cpp:1975]   --->   Operation 41 'alloca' 'input_buffer_703' <Predicate = true> <Delay = 0.00>
ST_1 : Operation 42 [1/1] (0.00ns)   --->   "%input_buffer_704 = alloca i32 1" [H:/subband_ref_q610_opt_stage4_latency_stepL2.cpp:1975]   --->   Operation 42 'alloca' 'input_buffer_704' <Predicate = true> <Delay = 0.00>
ST_1 : Operation 43 [1/1] (0.00ns)   --->   "%input_buffer_705 = alloca i32 1" [H:/subband_ref_q610_opt_stage4_latency_stepL2.cpp:1975]   --->   Operation 43 'alloca' 'input_buffer_705' <Predicate = true> <Delay = 0.00>
ST_1 : Operation 44 [1/1] (0.00ns)   --->   "%input_buffer_706 = alloca i32 1" [H:/subband_ref_q610_opt_stage4_latency_stepL2.cpp:1975]   --->   Operation 44 'alloca' 'input_buffer_706' <Predicate = true> <Delay = 0.00>
ST_1 : Operation 45 [1/1] (0.00ns)   --->   "%input_buffer_707 = alloca i32 1" [H:/subband_ref_q610_opt_stage4_latency_stepL2.cpp:1975]   --->   Operation 45 'alloca' 'input_buffer_707' <Predicate = true> <Delay = 0.00>
ST_1 : Operation 46 [1/1] (0.00ns)   --->   "%input_buffer_708 = alloca i32 1" [H:/subband_ref_q610_opt_stage4_latency_stepL2.cpp:1975]   --->   Operation 46 'alloca' 'input_buffer_708' <Predicate = true> <Delay = 0.00>
ST_1 : Operation 47 [1/1] (0.00ns)   --->   "%indvar_flatten = alloca i32 1"   --->   Operation 47 'alloca' 'indvar_flatten' <Predicate = true> <Delay = 0.00>
ST_1 : Operation 48 [1/1] (0.00ns)   --->   "%specbramwithbyteenable_ln0 = specbramwithbyteenable void @_ssdm_op_SpecBRAMWithByteEnable, i512 %SubbandBand0TopQ610_ap_int_const_ap_int_const_ap_int_const_ap_int_const_ap_i_13"   --->   Operation 48 'specbramwithbyteenable' 'specbramwithbyteenable_ln0' <Predicate = true> <Delay = 0.00>
ST_1 : Operation 49 [1/1] (0.00ns)   --->   "%specbramwithbyteenable_ln0 = specbramwithbyteenable void @_ssdm_op_SpecBRAMWithByteEnable, i512 %SubbandBand0TopQ610_ap_int_const_ap_int_const_ap_int_const_ap_int_const_ap_i_14"   --->   Operation 49 'specbramwithbyteenable' 'specbramwithbyteenable_ln0' <Predicate = true> <Delay = 0.00>
ST_1 : Operation 50 [1/1] (0.00ns)   --->   "%specbramwithbyteenable_ln0 = specbramwithbyteenable void @_ssdm_op_SpecBRAMWithByteEnable, i64 %SubbandBand0TopQ610_ap_int_const_ap_int_const_ap_int_const_ap_int_const_ap_i_11"   --->   Operation 50 'specbramwithbyteenable' 'specbramwithbyteenable_ln0' <Predicate = true> <Delay = 0.00>
ST_1 : Operation 51 [1/1] (0.00ns)   --->   "%specbramwithbyteenable_ln0 = specbramwithbyteenable void @_ssdm_op_SpecBRAMWithByteEnable, i64 %SubbandBand0TopQ610_ap_int_const_ap_int_const_ap_int_const_ap_int_const_ap_i_12"   --->   Operation 51 'specbramwithbyteenable' 'specbramwithbyteenable_ln0' <Predicate = true> <Delay = 0.00>
ST_1 : Operation 52 [1/1] (0.00ns)   --->   "%p_loc84 = alloca i32 1"   --->   Operation 52 'alloca' 'p_loc84' <Predicate = true> <Delay = 0.00>
ST_1 : Operation 53 [1/1] (0.00ns)   --->   "%p_loc83 = alloca i32 1"   --->   Operation 53 'alloca' 'p_loc83' <Predicate = true> <Delay = 0.00>
ST_1 : Operation 54 [1/1] (0.00ns)   --->   "%p_loc82 = alloca i32 1"   --->   Operation 54 'alloca' 'p_loc82' <Predicate = true> <Delay = 0.00>
ST_1 : Operation 55 [1/1] (0.00ns)   --->   "%p_loc81 = alloca i32 1"   --->   Operation 55 'alloca' 'p_loc81' <Predicate = true> <Delay = 0.00>
ST_1 : Operation 56 [1/1] (0.00ns)   --->   "%p_loc80 = alloca i32 1"   --->   Operation 56 'alloca' 'p_loc80' <Predicate = true> <Delay = 0.00>
ST_1 : Operation 57 [1/1] (0.00ns)   --->   "%p_loc79 = alloca i32 1"   --->   Operation 57 'alloca' 'p_loc79' <Predicate = true> <Delay = 0.00>
ST_1 : Operation 58 [1/1] (0.00ns)   --->   "%p_loc78 = alloca i32 1"   --->   Operation 58 'alloca' 'p_loc78' <Predicate = true> <Delay = 0.00>
ST_1 : Operation 59 [1/1] (0.00ns)   --->   "%p_loc77 = alloca i32 1"   --->   Operation 59 'alloca' 'p_loc77' <Predicate = true> <Delay = 0.00>
ST_1 : Operation 60 [1/1] (0.00ns)   --->   "%p_loc76 = alloca i32 1"   --->   Operation 60 'alloca' 'p_loc76' <Predicate = true> <Delay = 0.00>
ST_1 : Operation 61 [1/1] (0.00ns)   --->   "%p_loc75 = alloca i32 1"   --->   Operation 61 'alloca' 'p_loc75' <Predicate = true> <Delay = 0.00>
ST_1 : Operation 62 [1/1] (0.00ns)   --->   "%p_loc74 = alloca i32 1"   --->   Operation 62 'alloca' 'p_loc74' <Predicate = true> <Delay = 0.00>
ST_1 : Operation 63 [1/1] (0.00ns)   --->   "%p_loc73 = alloca i32 1"   --->   Operation 63 'alloca' 'p_loc73' <Predicate = true> <Delay = 0.00>
ST_1 : Operation 64 [1/1] (0.00ns)   --->   "%p_loc72 = alloca i32 1"   --->   Operation 64 'alloca' 'p_loc72' <Predicate = true> <Delay = 0.00>
ST_1 : Operation 65 [1/1] (0.00ns)   --->   "%p_loc71 = alloca i32 1"   --->   Operation 65 'alloca' 'p_loc71' <Predicate = true> <Delay = 0.00>
ST_1 : Operation 66 [1/1] (0.00ns)   --->   "%p_loc70 = alloca i32 1"   --->   Operation 66 'alloca' 'p_loc70' <Predicate = true> <Delay = 0.00>
ST_1 : Operation 67 [1/1] (0.00ns)   --->   "%p_loc69 = alloca i32 1"   --->   Operation 67 'alloca' 'p_loc69' <Predicate = true> <Delay = 0.00>
ST_1 : Operation 68 [1/1] (0.00ns)   --->   "%p_loc68 = alloca i32 1"   --->   Operation 68 'alloca' 'p_loc68' <Predicate = true> <Delay = 0.00>
ST_1 : Operation 69 [1/1] (0.00ns)   --->   "%p_loc67 = alloca i32 1"   --->   Operation 69 'alloca' 'p_loc67' <Predicate = true> <Delay = 0.00>
ST_1 : Operation 70 [1/1] (0.00ns)   --->   "%p_loc66 = alloca i32 1"   --->   Operation 70 'alloca' 'p_loc66' <Predicate = true> <Delay = 0.00>
ST_1 : Operation 71 [1/1] (0.00ns)   --->   "%p_loc65 = alloca i32 1"   --->   Operation 71 'alloca' 'p_loc65' <Predicate = true> <Delay = 0.00>
ST_1 : Operation 72 [1/1] (0.00ns)   --->   "%p_loc64 = alloca i32 1"   --->   Operation 72 'alloca' 'p_loc64' <Predicate = true> <Delay = 0.00>
ST_1 : Operation 73 [1/1] (0.00ns)   --->   "%p_loc63 = alloca i32 1"   --->   Operation 73 'alloca' 'p_loc63' <Predicate = true> <Delay = 0.00>
ST_1 : Operation 74 [1/1] (0.00ns)   --->   "%p_loc62 = alloca i32 1"   --->   Operation 74 'alloca' 'p_loc62' <Predicate = true> <Delay = 0.00>
ST_1 : Operation 75 [1/1] (0.00ns)   --->   "%p_loc61 = alloca i32 1"   --->   Operation 75 'alloca' 'p_loc61' <Predicate = true> <Delay = 0.00>
ST_1 : Operation 76 [1/1] (0.00ns)   --->   "%p_loc60 = alloca i32 1"   --->   Operation 76 'alloca' 'p_loc60' <Predicate = true> <Delay = 0.00>
ST_1 : Operation 77 [1/1] (0.00ns)   --->   "%p_loc59 = alloca i32 1"   --->   Operation 77 'alloca' 'p_loc59' <Predicate = true> <Delay = 0.00>
ST_1 : Operation 78 [1/1] (0.00ns)   --->   "%p_loc58 = alloca i32 1"   --->   Operation 78 'alloca' 'p_loc58' <Predicate = true> <Delay = 0.00>
ST_1 : Operation 79 [1/1] (0.00ns)   --->   "%p_loc57 = alloca i32 1"   --->   Operation 79 'alloca' 'p_loc57' <Predicate = true> <Delay = 0.00>
ST_1 : Operation 80 [1/1] (0.00ns)   --->   "%p_loc56 = alloca i32 1"   --->   Operation 80 'alloca' 'p_loc56' <Predicate = true> <Delay = 0.00>
ST_1 : Operation 81 [1/1] (0.00ns)   --->   "%p_loc55 = alloca i32 1"   --->   Operation 81 'alloca' 'p_loc55' <Predicate = true> <Delay = 0.00>
ST_1 : Operation 82 [1/1] (0.00ns)   --->   "%p_loc54 = alloca i32 1"   --->   Operation 82 'alloca' 'p_loc54' <Predicate = true> <Delay = 0.00>
ST_1 : Operation 83 [1/1] (0.00ns)   --->   "%p_loc53 = alloca i32 1"   --->   Operation 83 'alloca' 'p_loc53' <Predicate = true> <Delay = 0.00>
ST_1 : Operation 84 [1/1] (0.00ns)   --->   "%p_loc52 = alloca i32 1"   --->   Operation 84 'alloca' 'p_loc52' <Predicate = true> <Delay = 0.00>
ST_1 : Operation 85 [1/1] (0.00ns)   --->   "%p_loc51 = alloca i32 1"   --->   Operation 85 'alloca' 'p_loc51' <Predicate = true> <Delay = 0.00>
ST_1 : Operation 86 [1/1] (0.00ns)   --->   "%p_loc50 = alloca i32 1"   --->   Operation 86 'alloca' 'p_loc50' <Predicate = true> <Delay = 0.00>
ST_1 : Operation 87 [1/1] (0.00ns)   --->   "%p_loc49 = alloca i32 1"   --->   Operation 87 'alloca' 'p_loc49' <Predicate = true> <Delay = 0.00>
ST_1 : Operation 88 [1/1] (0.00ns)   --->   "%p_loc48 = alloca i32 1"   --->   Operation 88 'alloca' 'p_loc48' <Predicate = true> <Delay = 0.00>
ST_1 : Operation 89 [1/1] (0.00ns)   --->   "%p_loc = alloca i32 1"   --->   Operation 89 'alloca' 'p_loc' <Predicate = true> <Delay = 0.00>
ST_1 : Operation 90 [1/1] (0.00ns)   --->   "%specinterface_ln0 = specinterface void @_ssdm_op_SpecInterface, i16 %layer0_output_stream, void @empty_199, i32 0, i32 0, void @empty_25, i32 0, i32 0, void @empty_25, void @empty_25, void @empty_25, i32 0, i32 0, i32 0, i32 0, void @empty_25, void @empty_25, i32 4294967295, i32 0"   --->   Operation 90 'specinterface' 'specinterface_ln0' <Predicate = true> <Delay = 0.00>
ST_1 : Operation 91 [1/1] (0.00ns)   --->   "%specinterface_ln0 = specinterface void @_ssdm_op_SpecInterface, i16 %sequence_stream, void @empty_199, i32 0, i32 0, void @empty_25, i32 0, i32 0, void @empty_25, void @empty_25, void @empty_25, i32 0, i32 0, i32 0, i32 0, void @empty_25, void @empty_25, i32 4294967295, i32 0"   --->   Operation 91 'specinterface' 'specinterface_ln0' <Predicate = true> <Delay = 0.00>
ST_1 : Operation 92 [1/1] (0.00ns)   --->   "%output_buffer = alloca i32 1" [H:/subband_ref_q610_opt_stage4_latency_stepL2.cpp:1976]   --->   Operation 92 'alloca' 'output_buffer' <Predicate = true> <Delay = 0.00>
ST_1 : Operation 93 [1/1] (0.00ns)   --->   "%output_buffer_4 = alloca i32 1" [H:/subband_ref_q610_opt_stage4_latency_stepL2.cpp:1976]   --->   Operation 93 'alloca' 'output_buffer_4' <Predicate = true> <Delay = 0.00>
ST_1 : Operation 94 [1/1] (1.58ns)   --->   "%store_ln0 = store i15 0, i15 %indvar_flatten"   --->   Operation 94 'store' 'store_ln0' <Predicate = true> <Delay = 1.58>
ST_1 : Operation 95 [1/1] (1.58ns)   --->   "%store_ln1982 = store i4 0, i4 %subband_index" [H:/subband_ref_q610_opt_stage4_latency_stepL2.cpp:1982]   --->   Operation 95 'store' 'store_ln1982' <Predicate = true> <Delay = 1.58>
ST_1 : Operation 96 [1/1] (0.00ns)   --->   "%br_ln1980 = br void %for.body4" [H:/subband_ref_q610_opt_stage4_latency_stepL2.cpp:1980]   --->   Operation 96 'br' 'br_ln1980' <Predicate = true> <Delay = 0.00>

State 2 <SV = 1> <Delay = 3.53>
ST_2 : Operation 97 [1/1] (0.00ns)   --->   "%indvar_flatten_load = load i15 %indvar_flatten" [H:/subband_ref_q610_opt_stage4_latency_stepL2.cpp:1980]   --->   Operation 97 'load' 'indvar_flatten_load' <Predicate = true> <Delay = 0.00>
ST_2 : Operation 98 [1/1] (1.94ns)   --->   "%icmp_ln1980 = icmp_eq  i15 %indvar_flatten_load, i15 19320" [H:/subband_ref_q610_opt_stage4_latency_stepL2.cpp:1980]   --->   Operation 98 'icmp' 'icmp_ln1980' <Predicate = true> <Delay = 1.94> <CoreInst = "Cmp">   --->   Core 9 'Cmp' <Latency = 0> <II = 1> <Delay = 1.94> <FuncUnit> <Opcode : 'icmp'> <InPorts = 2> <OutPorts = 1>
ST_2 : Operation 99 [1/1] (1.94ns)   --->   "%add_ln1980 = add i15 %indvar_flatten_load, i15 1" [H:/subband_ref_q610_opt_stage4_latency_stepL2.cpp:1980]   --->   Operation 99 'add' 'add_ln1980' <Predicate = true> <Delay = 1.94> <CoreInst = "Adder">   --->   Core 1 'Adder' <Latency = 0> <II = 1> <Delay = 1.94> <FuncUnit> <Opcode : 'add' 'sub'> <InPorts = 2> <OutPorts = 1>
ST_2 : Operation 100 [1/1] (0.00ns)   --->   "%br_ln1980 = br i1 %icmp_ln1980, void %for.inc15, void %for.end17" [H:/subband_ref_q610_opt_stage4_latency_stepL2.cpp:1980]   --->   Operation 100 'br' 'br_ln1980' <Predicate = true> <Delay = 0.00>
ST_2 : Operation 101 [1/1] (0.00ns)   --->   "%input_buffer_load = load i16 %input_buffer"   --->   Operation 101 'load' 'input_buffer_load' <Predicate = (!icmp_ln1980)> <Delay = 0.00>
ST_2 : Operation 102 [1/1] (0.00ns)   --->   "%input_buffer_672_load = load i16 %input_buffer_672"   --->   Operation 102 'load' 'input_buffer_672_load' <Predicate = (!icmp_ln1980)> <Delay = 0.00>
ST_2 : Operation 103 [1/1] (0.00ns)   --->   "%input_buffer_673_load = load i16 %input_buffer_673"   --->   Operation 103 'load' 'input_buffer_673_load' <Predicate = (!icmp_ln1980)> <Delay = 0.00>
ST_2 : Operation 104 [1/1] (0.00ns)   --->   "%input_buffer_674_load = load i16 %input_buffer_674"   --->   Operation 104 'load' 'input_buffer_674_load' <Predicate = (!icmp_ln1980)> <Delay = 0.00>
ST_2 : Operation 105 [1/1] (0.00ns)   --->   "%input_buffer_675_load = load i16 %input_buffer_675"   --->   Operation 105 'load' 'input_buffer_675_load' <Predicate = (!icmp_ln1980)> <Delay = 0.00>
ST_2 : Operation 106 [1/1] (0.00ns)   --->   "%input_buffer_676_load = load i16 %input_buffer_676"   --->   Operation 106 'load' 'input_buffer_676_load' <Predicate = (!icmp_ln1980)> <Delay = 0.00>
ST_2 : Operation 107 [1/1] (0.00ns)   --->   "%input_buffer_677_load = load i16 %input_buffer_677"   --->   Operation 107 'load' 'input_buffer_677_load' <Predicate = (!icmp_ln1980)> <Delay = 0.00>
ST_2 : Operation 108 [1/1] (0.00ns)   --->   "%input_buffer_678_load = load i16 %input_buffer_678"   --->   Operation 108 'load' 'input_buffer_678_load' <Predicate = (!icmp_ln1980)> <Delay = 0.00>
ST_2 : Operation 109 [1/1] (0.00ns)   --->   "%input_buffer_679_load = load i16 %input_buffer_679"   --->   Operation 109 'load' 'input_buffer_679_load' <Predicate = (!icmp_ln1980)> <Delay = 0.00>
ST_2 : Operation 110 [1/1] (0.00ns)   --->   "%input_buffer_680_load = load i16 %input_buffer_680"   --->   Operation 110 'load' 'input_buffer_680_load' <Predicate = (!icmp_ln1980)> <Delay = 0.00>
ST_2 : Operation 111 [1/1] (0.00ns)   --->   "%input_buffer_681_load = load i16 %input_buffer_681"   --->   Operation 111 'load' 'input_buffer_681_load' <Predicate = (!icmp_ln1980)> <Delay = 0.00>
ST_2 : Operation 112 [1/1] (0.00ns)   --->   "%input_buffer_682_load = load i16 %input_buffer_682"   --->   Operation 112 'load' 'input_buffer_682_load' <Predicate = (!icmp_ln1980)> <Delay = 0.00>
ST_2 : Operation 113 [1/1] (0.00ns)   --->   "%input_buffer_683_load = load i16 %input_buffer_683"   --->   Operation 113 'load' 'input_buffer_683_load' <Predicate = (!icmp_ln1980)> <Delay = 0.00>
ST_2 : Operation 114 [1/1] (0.00ns)   --->   "%input_buffer_684_load = load i16 %input_buffer_684"   --->   Operation 114 'load' 'input_buffer_684_load' <Predicate = (!icmp_ln1980)> <Delay = 0.00>
ST_2 : Operation 115 [1/1] (0.00ns)   --->   "%input_buffer_685_load = load i16 %input_buffer_685"   --->   Operation 115 'load' 'input_buffer_685_load' <Predicate = (!icmp_ln1980)> <Delay = 0.00>
ST_2 : Operation 116 [1/1] (0.00ns)   --->   "%input_buffer_686_load = load i16 %input_buffer_686"   --->   Operation 116 'load' 'input_buffer_686_load' <Predicate = (!icmp_ln1980)> <Delay = 0.00>
ST_2 : Operation 117 [1/1] (0.00ns)   --->   "%input_buffer_687_load = load i16 %input_buffer_687"   --->   Operation 117 'load' 'input_buffer_687_load' <Predicate = (!icmp_ln1980)> <Delay = 0.00>
ST_2 : Operation 118 [1/1] (0.00ns)   --->   "%input_buffer_688_load = load i16 %input_buffer_688"   --->   Operation 118 'load' 'input_buffer_688_load' <Predicate = (!icmp_ln1980)> <Delay = 0.00>
ST_2 : Operation 119 [1/1] (0.00ns)   --->   "%input_buffer_689_load = load i16 %input_buffer_689"   --->   Operation 119 'load' 'input_buffer_689_load' <Predicate = (!icmp_ln1980)> <Delay = 0.00>
ST_2 : Operation 120 [1/1] (0.00ns)   --->   "%input_buffer_690_load = load i16 %input_buffer_690"   --->   Operation 120 'load' 'input_buffer_690_load' <Predicate = (!icmp_ln1980)> <Delay = 0.00>
ST_2 : Operation 121 [1/1] (0.00ns)   --->   "%input_buffer_691_load = load i16 %input_buffer_691"   --->   Operation 121 'load' 'input_buffer_691_load' <Predicate = (!icmp_ln1980)> <Delay = 0.00>
ST_2 : Operation 122 [1/1] (0.00ns)   --->   "%input_buffer_692_load = load i16 %input_buffer_692"   --->   Operation 122 'load' 'input_buffer_692_load' <Predicate = (!icmp_ln1980)> <Delay = 0.00>
ST_2 : Operation 123 [1/1] (0.00ns)   --->   "%input_buffer_693_load = load i16 %input_buffer_693"   --->   Operation 123 'load' 'input_buffer_693_load' <Predicate = (!icmp_ln1980)> <Delay = 0.00>
ST_2 : Operation 124 [1/1] (0.00ns)   --->   "%input_buffer_694_load = load i16 %input_buffer_694"   --->   Operation 124 'load' 'input_buffer_694_load' <Predicate = (!icmp_ln1980)> <Delay = 0.00>
ST_2 : Operation 125 [1/1] (0.00ns)   --->   "%input_buffer_695_load = load i16 %input_buffer_695"   --->   Operation 125 'load' 'input_buffer_695_load' <Predicate = (!icmp_ln1980)> <Delay = 0.00>
ST_2 : Operation 126 [1/1] (0.00ns)   --->   "%input_buffer_696_load = load i16 %input_buffer_696"   --->   Operation 126 'load' 'input_buffer_696_load' <Predicate = (!icmp_ln1980)> <Delay = 0.00>
ST_2 : Operation 127 [1/1] (0.00ns)   --->   "%input_buffer_697_load = load i16 %input_buffer_697"   --->   Operation 127 'load' 'input_buffer_697_load' <Predicate = (!icmp_ln1980)> <Delay = 0.00>
ST_2 : Operation 128 [1/1] (0.00ns)   --->   "%input_buffer_698_load = load i16 %input_buffer_698"   --->   Operation 128 'load' 'input_buffer_698_load' <Predicate = (!icmp_ln1980)> <Delay = 0.00>
ST_2 : Operation 129 [1/1] (0.00ns)   --->   "%input_buffer_699_load = load i16 %input_buffer_699"   --->   Operation 129 'load' 'input_buffer_699_load' <Predicate = (!icmp_ln1980)> <Delay = 0.00>
ST_2 : Operation 130 [1/1] (0.00ns)   --->   "%input_buffer_700_load = load i16 %input_buffer_700"   --->   Operation 130 'load' 'input_buffer_700_load' <Predicate = (!icmp_ln1980)> <Delay = 0.00>
ST_2 : Operation 131 [1/1] (0.00ns)   --->   "%input_buffer_701_load = load i16 %input_buffer_701"   --->   Operation 131 'load' 'input_buffer_701_load' <Predicate = (!icmp_ln1980)> <Delay = 0.00>
ST_2 : Operation 132 [1/1] (0.00ns)   --->   "%input_buffer_702_load = load i16 %input_buffer_702"   --->   Operation 132 'load' 'input_buffer_702_load' <Predicate = (!icmp_ln1980)> <Delay = 0.00>
ST_2 : Operation 133 [1/1] (0.00ns)   --->   "%input_buffer_703_load = load i16 %input_buffer_703"   --->   Operation 133 'load' 'input_buffer_703_load' <Predicate = (!icmp_ln1980)> <Delay = 0.00>
ST_2 : Operation 134 [1/1] (0.00ns)   --->   "%input_buffer_704_load = load i16 %input_buffer_704"   --->   Operation 134 'load' 'input_buffer_704_load' <Predicate = (!icmp_ln1980)> <Delay = 0.00>
ST_2 : Operation 135 [1/1] (0.00ns)   --->   "%input_buffer_705_load = load i16 %input_buffer_705"   --->   Operation 135 'load' 'input_buffer_705_load' <Predicate = (!icmp_ln1980)> <Delay = 0.00>
ST_2 : Operation 136 [1/1] (0.00ns)   --->   "%input_buffer_706_load = load i16 %input_buffer_706"   --->   Operation 136 'load' 'input_buffer_706_load' <Predicate = (!icmp_ln1980)> <Delay = 0.00>
ST_2 : Operation 137 [1/1] (0.00ns)   --->   "%input_buffer_707_load = load i16 %input_buffer_707"   --->   Operation 137 'load' 'input_buffer_707_load' <Predicate = (!icmp_ln1980)> <Delay = 0.00>
ST_2 : Operation 138 [1/1] (0.00ns)   --->   "%input_buffer_708_load = load i16 %input_buffer_708"   --->   Operation 138 'load' 'input_buffer_708_load' <Predicate = (!icmp_ln1980)> <Delay = 0.00>
ST_2 : Operation 139 [1/1] (0.00ns)   --->   "%empty = wait i32 @_ssdm_op_Wait"   --->   Operation 139 'wait' 'empty' <Predicate = (!icmp_ln1980)> <Delay = 0.00>
ST_2 : Operation 140 [2/2] (1.58ns)   --->   "%call_ln0 = call void @(anonymous namespace)RunGSULayer0StreamParallelQ610_Pipeline_VITIS_LOOP_1765_1, i16 %input_buffer_708_load, i16 %input_buffer_load, i16 %input_buffer_672_load, i16 %input_buffer_673_load, i16 %input_buffer_674_load, i16 %input_buffer_675_load, i16 %input_buffer_676_load, i16 %input_buffer_677_load, i16 %input_buffer_678_load, i16 %input_buffer_679_load, i16 %input_buffer_680_load, i16 %input_buffer_681_load, i16 %input_buffer_682_load, i16 %input_buffer_683_load, i16 %input_buffer_684_load, i16 %input_buffer_685_load, i16 %input_buffer_686_load, i16 %input_buffer_687_load, i16 %input_buffer_688_load, i16 %input_buffer_689_load, i16 %input_buffer_690_load, i16 %input_buffer_691_load, i16 %input_buffer_692_load, i16 %input_buffer_693_load, i16 %input_buffer_694_load, i16 %input_buffer_695_load, i16 %input_buffer_696_load, i16 %input_buffer_697_load, i16 %input_buffer_698_load, i16 %input_buffer_699_load, i16 %input_buffer_700_load, i16 %input_buffer_701_load, i16 %input_buffer_702_load, i16 %input_buffer_703_load, i16 %input_buffer_704_load, i16 %input_buffer_705_load, i16 %input_buffer_706_load, i16 %input_buffer_707_load, i16 %sequence_stream, i16 %p_loc, i16 %p_loc48, i16 %p_loc49, i16 %p_loc50, i16 %p_loc51, i16 %p_loc52, i16 %p_loc53, i16 %p_loc54, i16 %p_loc55, i16 %p_loc56, i16 %p_loc57, i16 %p_loc58, i16 %p_loc59, i16 %p_loc60, i16 %p_loc61, i16 %p_loc62, i16 %p_loc63, i16 %p_loc64, i16 %p_loc65, i16 %p_loc66, i16 %p_loc67, i16 %p_loc68, i16 %p_loc69, i16 %p_loc70, i16 %p_loc71, i16 %p_loc72, i16 %p_loc73, i16 %p_loc74, i16 %p_loc75, i16 %p_loc76, i16 %p_loc77, i16 %p_loc78, i16 %p_loc79, i16 %p_loc80, i16 %p_loc81, i16 %p_loc82, i16 %p_loc83, i16 %p_loc84"   --->   Operation 140 'call' 'call_ln0' <Predicate = (!icmp_ln1980)> <Delay = 1.58> <CoreType = "Generic">   --->   Core 0 '' <Latency = 0> <II = 1> <Delay = 1.00> <Generic> <Opcode : >
ST_2 : Operation 141 [1/1] (1.58ns)   --->   "%store_ln1980 = store i15 %add_ln1980, i15 %indvar_flatten" [H:/subband_ref_q610_opt_stage4_latency_stepL2.cpp:1980]   --->   Operation 141 'store' 'store_ln1980' <Predicate = (!icmp_ln1980)> <Delay = 1.58>
ST_2 : Operation 142 [1/1] (0.00ns)   --->   "%ret_ln1997 = ret" [H:/subband_ref_q610_opt_stage4_latency_stepL2.cpp:1997]   --->   Operation 142 'ret' 'ret_ln1997' <Predicate = (icmp_ln1980)> <Delay = 0.00>

State 3 <SV = 2> <Delay = 6.08>
ST_3 : Operation 143 [1/1] (0.00ns)   --->   "%subband_index_load = load i4 %subband_index" [H:/subband_ref_q610_opt_stage4_latency_stepL2.cpp:1982]   --->   Operation 143 'load' 'subband_index_load' <Predicate = true> <Delay = 0.00>
ST_3 : Operation 144 [1/1] (1.73ns)   --->   "%icmp_ln1982 = icmp_eq  i4 %subband_index_load, i4 8" [H:/subband_ref_q610_opt_stage4_latency_stepL2.cpp:1982]   --->   Operation 144 'icmp' 'icmp_ln1982' <Predicate = true> <Delay = 1.73> <CoreInst = "Cmp">   --->   Core 9 'Cmp' <Latency = 0> <II = 1> <Delay = 1.73> <FuncUnit> <Opcode : 'icmp'> <InPorts = 2> <OutPorts = 1>
ST_3 : Operation 145 [1/1] (1.02ns)   --->   "%select_ln1975 = select i1 %icmp_ln1982, i4 0, i4 %subband_index_load" [H:/subband_ref_q610_opt_stage4_latency_stepL2.cpp:1975]   --->   Operation 145 'select' 'select_ln1975' <Predicate = true> <Delay = 1.02> <CoreInst = "Sel">   --->   Core 73 'Sel' <Latency = 0> <II = 1> <Delay = 1.02> <FuncUnit> <Opcode : 'select'> <InPorts = 3> <OutPorts = 1>
ST_3 : Operation 146 [1/2] (3.41ns)   --->   "%call_ln0 = call void @(anonymous namespace)RunGSULayer0StreamParallelQ610_Pipeline_VITIS_LOOP_1765_1, i16 %input_buffer_708_load, i16 %input_buffer_load, i16 %input_buffer_672_load, i16 %input_buffer_673_load, i16 %input_buffer_674_load, i16 %input_buffer_675_load, i16 %input_buffer_676_load, i16 %input_buffer_677_load, i16 %input_buffer_678_load, i16 %input_buffer_679_load, i16 %input_buffer_680_load, i16 %input_buffer_681_load, i16 %input_buffer_682_load, i16 %input_buffer_683_load, i16 %input_buffer_684_load, i16 %input_buffer_685_load, i16 %input_buffer_686_load, i16 %input_buffer_687_load, i16 %input_buffer_688_load, i16 %input_buffer_689_load, i16 %input_buffer_690_load, i16 %input_buffer_691_load, i16 %input_buffer_692_load, i16 %input_buffer_693_load, i16 %input_buffer_694_load, i16 %input_buffer_695_load, i16 %input_buffer_696_load, i16 %input_buffer_697_load, i16 %input_buffer_698_load, i16 %input_buffer_699_load, i16 %input_buffer_700_load, i16 %input_buffer_701_load, i16 %input_buffer_702_load, i16 %input_buffer_703_load, i16 %input_buffer_704_load, i16 %input_buffer_705_load, i16 %input_buffer_706_load, i16 %input_buffer_707_load, i16 %sequence_stream, i16 %p_loc, i16 %p_loc48, i16 %p_loc49, i16 %p_loc50, i16 %p_loc51, i16 %p_loc52, i16 %p_loc53, i16 %p_loc54, i16 %p_loc55, i16 %p_loc56, i16 %p_loc57, i16 %p_loc58, i16 %p_loc59, i16 %p_loc60, i16 %p_loc61, i16 %p_loc62, i16 %p_loc63, i16 %p_loc64, i16 %p_loc65, i16 %p_loc66, i16 %p_loc67, i16 %p_loc68, i16 %p_loc69, i16 %p_loc70, i16 %p_loc71, i16 %p_loc72, i16 %p_loc73, i16 %p_loc74, i16 %p_loc75, i16 %p_loc76, i16 %p_loc77, i16 %p_loc78, i16 %p_loc79, i16 %p_loc80, i16 %p_loc81, i16 %p_loc82, i16 %p_loc83, i16 %p_loc84"   --->   Operation 146 'call' 'call_ln0' <Predicate = true> <Delay = 3.41> <CoreType = "Generic">   --->   Core 0 '' <Latency = 0> <II = 1> <Delay = 1.00> <Generic> <Opcode : >
ST_3 : Operation 147 [1/1] (0.00ns)   --->   "%trunc_ln1984 = trunc i4 %select_ln1975" [H:/subband_ref_q610_opt_stage4_latency_stepL2.cpp:1984]   --->   Operation 147 'trunc' 'trunc_ln1984' <Predicate = true> <Delay = 0.00>
ST_3 : Operation 148 [1/1] (1.73ns)   --->   "%add_ln1982 = add i4 %select_ln1975, i4 1" [H:/subband_ref_q610_opt_stage4_latency_stepL2.cpp:1982]   --->   Operation 148 'add' 'add_ln1982' <Predicate = true> <Delay = 1.73> <CoreInst = "Adder">   --->   Core 1 'Adder' <Latency = 0> <II = 1> <Delay = 1.73> <FuncUnit> <Opcode : 'add' 'sub'> <InPorts = 2> <OutPorts = 1>
ST_3 : Operation 149 [1/1] (1.58ns)   --->   "%store_ln1982 = store i4 %add_ln1982, i4 %subband_index" [H:/subband_ref_q610_opt_stage4_latency_stepL2.cpp:1982]   --->   Operation 149 'store' 'store_ln1982' <Predicate = true> <Delay = 1.58>

State 4 <SV = 3> <Delay = 6.71>
ST_4 : Operation 150 [1/1] (0.00ns)   --->   "%p_loc_load = load i16 %p_loc"   --->   Operation 150 'load' 'p_loc_load' <Predicate = true> <Delay = 0.00>
ST_4 : Operation 151 [1/1] (0.00ns)   --->   "%p_loc48_load = load i16 %p_loc48"   --->   Operation 151 'load' 'p_loc48_load' <Predicate = true> <Delay = 0.00>
ST_4 : Operation 152 [1/1] (0.00ns)   --->   "%p_loc49_load = load i16 %p_loc49"   --->   Operation 152 'load' 'p_loc49_load' <Predicate = true> <Delay = 0.00>
ST_4 : Operation 153 [1/1] (0.00ns)   --->   "%p_loc50_load = load i16 %p_loc50"   --->   Operation 153 'load' 'p_loc50_load' <Predicate = true> <Delay = 0.00>
ST_4 : Operation 154 [1/1] (0.00ns)   --->   "%p_loc51_load = load i16 %p_loc51"   --->   Operation 154 'load' 'p_loc51_load' <Predicate = true> <Delay = 0.00>
ST_4 : Operation 155 [1/1] (0.00ns)   --->   "%p_loc52_load = load i16 %p_loc52"   --->   Operation 155 'load' 'p_loc52_load' <Predicate = true> <Delay = 0.00>
ST_4 : Operation 156 [1/1] (0.00ns)   --->   "%p_loc53_load = load i16 %p_loc53"   --->   Operation 156 'load' 'p_loc53_load' <Predicate = true> <Delay = 0.00>
ST_4 : Operation 157 [1/1] (0.00ns)   --->   "%p_loc54_load = load i16 %p_loc54"   --->   Operation 157 'load' 'p_loc54_load' <Predicate = true> <Delay = 0.00>
ST_4 : Operation 158 [1/1] (0.00ns)   --->   "%p_loc55_load = load i16 %p_loc55"   --->   Operation 158 'load' 'p_loc55_load' <Predicate = true> <Delay = 0.00>
ST_4 : Operation 159 [1/1] (0.00ns)   --->   "%p_loc56_load = load i16 %p_loc56"   --->   Operation 159 'load' 'p_loc56_load' <Predicate = true> <Delay = 0.00>
ST_4 : Operation 160 [1/1] (0.00ns)   --->   "%p_loc57_load = load i16 %p_loc57"   --->   Operation 160 'load' 'p_loc57_load' <Predicate = true> <Delay = 0.00>
ST_4 : Operation 161 [1/1] (0.00ns)   --->   "%p_loc58_load = load i16 %p_loc58"   --->   Operation 161 'load' 'p_loc58_load' <Predicate = true> <Delay = 0.00>
ST_4 : Operation 162 [1/1] (0.00ns)   --->   "%p_loc59_load = load i16 %p_loc59"   --->   Operation 162 'load' 'p_loc59_load' <Predicate = true> <Delay = 0.00>
ST_4 : Operation 163 [1/1] (0.00ns)   --->   "%p_loc60_load = load i16 %p_loc60"   --->   Operation 163 'load' 'p_loc60_load' <Predicate = true> <Delay = 0.00>
ST_4 : Operation 164 [1/1] (0.00ns)   --->   "%p_loc61_load = load i16 %p_loc61"   --->   Operation 164 'load' 'p_loc61_load' <Predicate = true> <Delay = 0.00>
ST_4 : Operation 165 [1/1] (0.00ns)   --->   "%p_loc62_load = load i16 %p_loc62"   --->   Operation 165 'load' 'p_loc62_load' <Predicate = true> <Delay = 0.00>
ST_4 : Operation 166 [1/1] (0.00ns)   --->   "%p_loc63_load = load i16 %p_loc63"   --->   Operation 166 'load' 'p_loc63_load' <Predicate = true> <Delay = 0.00>
ST_4 : Operation 167 [1/1] (0.00ns)   --->   "%p_loc64_load = load i16 %p_loc64"   --->   Operation 167 'load' 'p_loc64_load' <Predicate = true> <Delay = 0.00>
ST_4 : Operation 168 [1/1] (0.00ns)   --->   "%p_loc65_load = load i16 %p_loc65"   --->   Operation 168 'load' 'p_loc65_load' <Predicate = true> <Delay = 0.00>
ST_4 : Operation 169 [1/1] (0.00ns)   --->   "%p_loc66_load = load i16 %p_loc66"   --->   Operation 169 'load' 'p_loc66_load' <Predicate = true> <Delay = 0.00>
ST_4 : Operation 170 [1/1] (0.00ns)   --->   "%p_loc67_load = load i16 %p_loc67"   --->   Operation 170 'load' 'p_loc67_load' <Predicate = true> <Delay = 0.00>
ST_4 : Operation 171 [1/1] (0.00ns)   --->   "%p_loc68_load = load i16 %p_loc68"   --->   Operation 171 'load' 'p_loc68_load' <Predicate = true> <Delay = 0.00>
ST_4 : Operation 172 [1/1] (0.00ns)   --->   "%p_loc69_load = load i16 %p_loc69"   --->   Operation 172 'load' 'p_loc69_load' <Predicate = true> <Delay = 0.00>
ST_4 : Operation 173 [1/1] (0.00ns)   --->   "%p_loc70_load = load i16 %p_loc70"   --->   Operation 173 'load' 'p_loc70_load' <Predicate = true> <Delay = 0.00>
ST_4 : Operation 174 [1/1] (0.00ns)   --->   "%p_loc71_load = load i16 %p_loc71"   --->   Operation 174 'load' 'p_loc71_load' <Predicate = true> <Delay = 0.00>
ST_4 : Operation 175 [1/1] (0.00ns)   --->   "%p_loc72_load = load i16 %p_loc72"   --->   Operation 175 'load' 'p_loc72_load' <Predicate = true> <Delay = 0.00>
ST_4 : Operation 176 [1/1] (0.00ns)   --->   "%p_loc73_load = load i16 %p_loc73"   --->   Operation 176 'load' 'p_loc73_load' <Predicate = true> <Delay = 0.00>
ST_4 : Operation 177 [1/1] (0.00ns)   --->   "%p_loc74_load = load i16 %p_loc74"   --->   Operation 177 'load' 'p_loc74_load' <Predicate = true> <Delay = 0.00>
ST_4 : Operation 178 [1/1] (0.00ns)   --->   "%p_loc75_load = load i16 %p_loc75"   --->   Operation 178 'load' 'p_loc75_load' <Predicate = true> <Delay = 0.00>
ST_4 : Operation 179 [1/1] (0.00ns)   --->   "%p_loc76_load = load i16 %p_loc76"   --->   Operation 179 'load' 'p_loc76_load' <Predicate = true> <Delay = 0.00>
ST_4 : Operation 180 [1/1] (0.00ns)   --->   "%p_loc77_load = load i16 %p_loc77"   --->   Operation 180 'load' 'p_loc77_load' <Predicate = true> <Delay = 0.00>
ST_4 : Operation 181 [1/1] (0.00ns)   --->   "%p_loc78_load = load i16 %p_loc78"   --->   Operation 181 'load' 'p_loc78_load' <Predicate = true> <Delay = 0.00>
ST_4 : Operation 182 [1/1] (0.00ns)   --->   "%p_loc79_load = load i16 %p_loc79"   --->   Operation 182 'load' 'p_loc79_load' <Predicate = true> <Delay = 0.00>
ST_4 : Operation 183 [1/1] (0.00ns)   --->   "%p_loc80_load = load i16 %p_loc80"   --->   Operation 183 'load' 'p_loc80_load' <Predicate = true> <Delay = 0.00>
ST_4 : Operation 184 [1/1] (0.00ns)   --->   "%p_loc81_load = load i16 %p_loc81"   --->   Operation 184 'load' 'p_loc81_load' <Predicate = true> <Delay = 0.00>
ST_4 : Operation 185 [1/1] (0.00ns)   --->   "%p_loc82_load = load i16 %p_loc82"   --->   Operation 185 'load' 'p_loc82_load' <Predicate = true> <Delay = 0.00>
ST_4 : Operation 186 [1/1] (0.00ns)   --->   "%p_loc83_load = load i16 %p_loc83"   --->   Operation 186 'load' 'p_loc83_load' <Predicate = true> <Delay = 0.00>
ST_4 : Operation 187 [1/1] (0.00ns)   --->   "%p_loc84_load = load i16 %p_loc84"   --->   Operation 187 'load' 'p_loc84_load' <Predicate = true> <Delay = 0.00>
ST_4 : Operation 188 [1/1] (0.00ns)   --->   "%empty_1044 = wait i32 @_ssdm_op_Wait"   --->   Operation 188 'wait' 'empty_1044' <Predicate = true> <Delay = 0.00>
ST_4 : Operation 189 [2/2] (6.71ns)   --->   "%call_ln1984 = call void @(anonymous namespace)RunGSUCellBand0ParallelQ610<38, 2, 4, 32, true>, i16 %p_loc48_load, i16 %p_loc49_load, i16 %p_loc50_load, i16 %p_loc51_load, i16 %p_loc52_load, i16 %p_loc53_load, i16 %p_loc54_load, i16 %p_loc55_load, i16 %p_loc56_load, i16 %p_loc57_load, i16 %p_loc58_load, i16 %p_loc59_load, i16 %p_loc60_load, i16 %p_loc61_load, i16 %p_loc62_load, i16 %p_loc63_load, i16 %p_loc64_load, i16 %p_loc65_load, i16 %p_loc66_load, i16 %p_loc67_load, i16 %p_loc68_load, i16 %p_loc69_load, i16 %p_loc70_load, i16 %p_loc71_load, i16 %p_loc72_load, i16 %p_loc73_load, i16 %p_loc74_load, i16 %p_loc75_load, i16 %p_loc76_load, i16 %p_loc77_load, i16 %p_loc78_load, i16 %p_loc79_load, i16 %p_loc80_load, i16 %p_loc81_load, i16 %p_loc82_load, i16 %p_loc83_load, i16 %p_loc84_load, i16 %p_loc_load, i3 %trunc_ln1984, i11 %output_buffer, i11 %output_buffer_4, i11 %p_anonymous_namespace_RunBand0OptimizedCoreQ610_ap_int_const_ap_int_const_ap_in_5, i11 %p_anonymous_namespace_RunBand0OptimizedCoreQ610_ap_int_const_ap_int_const_ap_in_4, i16 %p_anonymous_namespace_RunBand0OptimizedCoreQ610_ap_int_const_ap_int_const_ap_in_7, i16 %p_anonymous_namespace_RunBand0OptimizedCoreQ610_ap_int_const_ap_int_const_ap_in_6, i64 %SubbandBand0TopQ610_ap_int_const_ap_int_const_ap_int_const_ap_int_const_ap_i_12, i512 %SubbandBand0TopQ610_ap_int_const_ap_int_const_ap_int_const_ap_int_const_ap_i_14, i64 %SubbandBand0TopQ610_ap_int_const_ap_int_const_ap_int_const_ap_int_const_ap_i_11, i512 %SubbandBand0TopQ610_ap_int_const_ap_int_const_ap_int_const_ap_int_const_ap_i_13, i14 %subband_q610_anonymous_namespace_kSigmoidPwlKnotsQ610, i11 %subband_q610_anonymous_namespace_kSigmoidPwlValuesQ610, i16 %SubbandBand0TopQ610_ap_int_const_ap_int_const_ap_int_const_ap_int_const_ap_i_20, i16 %SubbandBand0TopQ610_ap_int_const_ap_int_const_ap_int_const_ap_int_const_ap_i_19, i16 %SubbandBand0TopQ610_ap_int_const_ap_int_const_ap_int_const_ap_int_const_ap_i_16, i16 %SubbandBand0TopQ610_ap_int_const_ap_int_const_ap_int_const_ap_int_const_ap_i_15, i16 %SubbandBand0TopQ610_ap_int_const_ap_int_const_ap_int_const_ap_int_const_ap_i_18, i16 %SubbandBand0TopQ610_ap_int_const_ap_int_const_ap_int_const_ap_int_const_ap_i_17" [H:/subband_ref_q610_opt_stage4_latency_stepL2.cpp:1984]   --->   Operation 189 'call' 'call_ln1984' <Predicate = true> <Delay = 6.71> <CoreType = "Generic">   --->   Core 0 '' <Latency = 0> <II = 1> <Delay = 1.00> <Generic> <Opcode : >
ST_4 : Operation 190 [1/1] (0.00ns)   --->   "%store_ln1975 = store i16 %p_loc_load, i16 %input_buffer_708" [H:/subband_ref_q610_opt_stage4_latency_stepL2.cpp:1975]   --->   Operation 190 'store' 'store_ln1975' <Predicate = true> <Delay = 0.00>
ST_4 : Operation 191 [1/1] (0.00ns)   --->   "%store_ln1975 = store i16 %p_loc84_load, i16 %input_buffer_707" [H:/subband_ref_q610_opt_stage4_latency_stepL2.cpp:1975]   --->   Operation 191 'store' 'store_ln1975' <Predicate = true> <Delay = 0.00>
ST_4 : Operation 192 [1/1] (0.00ns)   --->   "%store_ln1975 = store i16 %p_loc83_load, i16 %input_buffer_706" [H:/subband_ref_q610_opt_stage4_latency_stepL2.cpp:1975]   --->   Operation 192 'store' 'store_ln1975' <Predicate = true> <Delay = 0.00>
ST_4 : Operation 193 [1/1] (0.00ns)   --->   "%store_ln1975 = store i16 %p_loc82_load, i16 %input_buffer_705" [H:/subband_ref_q610_opt_stage4_latency_stepL2.cpp:1975]   --->   Operation 193 'store' 'store_ln1975' <Predicate = true> <Delay = 0.00>
ST_4 : Operation 194 [1/1] (0.00ns)   --->   "%store_ln1975 = store i16 %p_loc81_load, i16 %input_buffer_704" [H:/subband_ref_q610_opt_stage4_latency_stepL2.cpp:1975]   --->   Operation 194 'store' 'store_ln1975' <Predicate = true> <Delay = 0.00>
ST_4 : Operation 195 [1/1] (0.00ns)   --->   "%store_ln1975 = store i16 %p_loc80_load, i16 %input_buffer_703" [H:/subband_ref_q610_opt_stage4_latency_stepL2.cpp:1975]   --->   Operation 195 'store' 'store_ln1975' <Predicate = true> <Delay = 0.00>
ST_4 : Operation 196 [1/1] (0.00ns)   --->   "%store_ln1975 = store i16 %p_loc79_load, i16 %input_buffer_702" [H:/subband_ref_q610_opt_stage4_latency_stepL2.cpp:1975]   --->   Operation 196 'store' 'store_ln1975' <Predicate = true> <Delay = 0.00>
ST_4 : Operation 197 [1/1] (0.00ns)   --->   "%store_ln1975 = store i16 %p_loc78_load, i16 %input_buffer_701" [H:/subband_ref_q610_opt_stage4_latency_stepL2.cpp:1975]   --->   Operation 197 'store' 'store_ln1975' <Predicate = true> <Delay = 0.00>
ST_4 : Operation 198 [1/1] (0.00ns)   --->   "%store_ln1975 = store i16 %p_loc77_load, i16 %input_buffer_700" [H:/subband_ref_q610_opt_stage4_latency_stepL2.cpp:1975]   --->   Operation 198 'store' 'store_ln1975' <Predicate = true> <Delay = 0.00>
ST_4 : Operation 199 [1/1] (0.00ns)   --->   "%store_ln1975 = store i16 %p_loc76_load, i16 %input_buffer_699" [H:/subband_ref_q610_opt_stage4_latency_stepL2.cpp:1975]   --->   Operation 199 'store' 'store_ln1975' <Predicate = true> <Delay = 0.00>
ST_4 : Operation 200 [1/1] (0.00ns)   --->   "%store_ln1975 = store i16 %p_loc75_load, i16 %input_buffer_698" [H:/subband_ref_q610_opt_stage4_latency_stepL2.cpp:1975]   --->   Operation 200 'store' 'store_ln1975' <Predicate = true> <Delay = 0.00>
ST_4 : Operation 201 [1/1] (0.00ns)   --->   "%store_ln1975 = store i16 %p_loc74_load, i16 %input_buffer_697" [H:/subband_ref_q610_opt_stage4_latency_stepL2.cpp:1975]   --->   Operation 201 'store' 'store_ln1975' <Predicate = true> <Delay = 0.00>
ST_4 : Operation 202 [1/1] (0.00ns)   --->   "%store_ln1975 = store i16 %p_loc73_load, i16 %input_buffer_696" [H:/subband_ref_q610_opt_stage4_latency_stepL2.cpp:1975]   --->   Operation 202 'store' 'store_ln1975' <Predicate = true> <Delay = 0.00>
ST_4 : Operation 203 [1/1] (0.00ns)   --->   "%store_ln1975 = store i16 %p_loc72_load, i16 %input_buffer_695" [H:/subband_ref_q610_opt_stage4_latency_stepL2.cpp:1975]   --->   Operation 203 'store' 'store_ln1975' <Predicate = true> <Delay = 0.00>
ST_4 : Operation 204 [1/1] (0.00ns)   --->   "%store_ln1975 = store i16 %p_loc71_load, i16 %input_buffer_694" [H:/subband_ref_q610_opt_stage4_latency_stepL2.cpp:1975]   --->   Operation 204 'store' 'store_ln1975' <Predicate = true> <Delay = 0.00>
ST_4 : Operation 205 [1/1] (0.00ns)   --->   "%store_ln1975 = store i16 %p_loc70_load, i16 %input_buffer_693" [H:/subband_ref_q610_opt_stage4_latency_stepL2.cpp:1975]   --->   Operation 205 'store' 'store_ln1975' <Predicate = true> <Delay = 0.00>
ST_4 : Operation 206 [1/1] (0.00ns)   --->   "%store_ln1975 = store i16 %p_loc69_load, i16 %input_buffer_692" [H:/subband_ref_q610_opt_stage4_latency_stepL2.cpp:1975]   --->   Operation 206 'store' 'store_ln1975' <Predicate = true> <Delay = 0.00>
ST_4 : Operation 207 [1/1] (0.00ns)   --->   "%store_ln1975 = store i16 %p_loc68_load, i16 %input_buffer_691" [H:/subband_ref_q610_opt_stage4_latency_stepL2.cpp:1975]   --->   Operation 207 'store' 'store_ln1975' <Predicate = true> <Delay = 0.00>
ST_4 : Operation 208 [1/1] (0.00ns)   --->   "%store_ln1975 = store i16 %p_loc67_load, i16 %input_buffer_690" [H:/subband_ref_q610_opt_stage4_latency_stepL2.cpp:1975]   --->   Operation 208 'store' 'store_ln1975' <Predicate = true> <Delay = 0.00>
ST_4 : Operation 209 [1/1] (0.00ns)   --->   "%store_ln1975 = store i16 %p_loc66_load, i16 %input_buffer_689" [H:/subband_ref_q610_opt_stage4_latency_stepL2.cpp:1975]   --->   Operation 209 'store' 'store_ln1975' <Predicate = true> <Delay = 0.00>
ST_4 : Operation 210 [1/1] (0.00ns)   --->   "%store_ln1975 = store i16 %p_loc65_load, i16 %input_buffer_688" [H:/subband_ref_q610_opt_stage4_latency_stepL2.cpp:1975]   --->   Operation 210 'store' 'store_ln1975' <Predicate = true> <Delay = 0.00>
ST_4 : Operation 211 [1/1] (0.00ns)   --->   "%store_ln1975 = store i16 %p_loc64_load, i16 %input_buffer_687" [H:/subband_ref_q610_opt_stage4_latency_stepL2.cpp:1975]   --->   Operation 211 'store' 'store_ln1975' <Predicate = true> <Delay = 0.00>
ST_4 : Operation 212 [1/1] (0.00ns)   --->   "%store_ln1975 = store i16 %p_loc63_load, i16 %input_buffer_686" [H:/subband_ref_q610_opt_stage4_latency_stepL2.cpp:1975]   --->   Operation 212 'store' 'store_ln1975' <Predicate = true> <Delay = 0.00>
ST_4 : Operation 213 [1/1] (0.00ns)   --->   "%store_ln1975 = store i16 %p_loc62_load, i16 %input_buffer_685" [H:/subband_ref_q610_opt_stage4_latency_stepL2.cpp:1975]   --->   Operation 213 'store' 'store_ln1975' <Predicate = true> <Delay = 0.00>
ST_4 : Operation 214 [1/1] (0.00ns)   --->   "%store_ln1975 = store i16 %p_loc61_load, i16 %input_buffer_684" [H:/subband_ref_q610_opt_stage4_latency_stepL2.cpp:1975]   --->   Operation 214 'store' 'store_ln1975' <Predicate = true> <Delay = 0.00>
ST_4 : Operation 215 [1/1] (0.00ns)   --->   "%store_ln1975 = store i16 %p_loc60_load, i16 %input_buffer_683" [H:/subband_ref_q610_opt_stage4_latency_stepL2.cpp:1975]   --->   Operation 215 'store' 'store_ln1975' <Predicate = true> <Delay = 0.00>
ST_4 : Operation 216 [1/1] (0.00ns)   --->   "%store_ln1975 = store i16 %p_loc59_load, i16 %input_buffer_682" [H:/subband_ref_q610_opt_stage4_latency_stepL2.cpp:1975]   --->   Operation 216 'store' 'store_ln1975' <Predicate = true> <Delay = 0.00>
ST_4 : Operation 217 [1/1] (0.00ns)   --->   "%store_ln1975 = store i16 %p_loc58_load, i16 %input_buffer_681" [H:/subband_ref_q610_opt_stage4_latency_stepL2.cpp:1975]   --->   Operation 217 'store' 'store_ln1975' <Predicate = true> <Delay = 0.00>
ST_4 : Operation 218 [1/1] (0.00ns)   --->   "%store_ln1975 = store i16 %p_loc57_load, i16 %input_buffer_680" [H:/subband_ref_q610_opt_stage4_latency_stepL2.cpp:1975]   --->   Operation 218 'store' 'store_ln1975' <Predicate = true> <Delay = 0.00>
ST_4 : Operation 219 [1/1] (0.00ns)   --->   "%store_ln1975 = store i16 %p_loc56_load, i16 %input_buffer_679" [H:/subband_ref_q610_opt_stage4_latency_stepL2.cpp:1975]   --->   Operation 219 'store' 'store_ln1975' <Predicate = true> <Delay = 0.00>
ST_4 : Operation 220 [1/1] (0.00ns)   --->   "%store_ln1975 = store i16 %p_loc55_load, i16 %input_buffer_678" [H:/subband_ref_q610_opt_stage4_latency_stepL2.cpp:1975]   --->   Operation 220 'store' 'store_ln1975' <Predicate = true> <Delay = 0.00>
ST_4 : Operation 221 [1/1] (0.00ns)   --->   "%store_ln1975 = store i16 %p_loc54_load, i16 %input_buffer_677" [H:/subband_ref_q610_opt_stage4_latency_stepL2.cpp:1975]   --->   Operation 221 'store' 'store_ln1975' <Predicate = true> <Delay = 0.00>
ST_4 : Operation 222 [1/1] (0.00ns)   --->   "%store_ln1975 = store i16 %p_loc53_load, i16 %input_buffer_676" [H:/subband_ref_q610_opt_stage4_latency_stepL2.cpp:1975]   --->   Operation 222 'store' 'store_ln1975' <Predicate = true> <Delay = 0.00>
ST_4 : Operation 223 [1/1] (0.00ns)   --->   "%store_ln1975 = store i16 %p_loc52_load, i16 %input_buffer_675" [H:/subband_ref_q610_opt_stage4_latency_stepL2.cpp:1975]   --->   Operation 223 'store' 'store_ln1975' <Predicate = true> <Delay = 0.00>
ST_4 : Operation 224 [1/1] (0.00ns)   --->   "%store_ln1975 = store i16 %p_loc51_load, i16 %input_buffer_674" [H:/subband_ref_q610_opt_stage4_latency_stepL2.cpp:1975]   --->   Operation 224 'store' 'store_ln1975' <Predicate = true> <Delay = 0.00>
ST_4 : Operation 225 [1/1] (0.00ns)   --->   "%store_ln1975 = store i16 %p_loc50_load, i16 %input_buffer_673" [H:/subband_ref_q610_opt_stage4_latency_stepL2.cpp:1975]   --->   Operation 225 'store' 'store_ln1975' <Predicate = true> <Delay = 0.00>
ST_4 : Operation 226 [1/1] (0.00ns)   --->   "%store_ln1975 = store i16 %p_loc49_load, i16 %input_buffer_672" [H:/subband_ref_q610_opt_stage4_latency_stepL2.cpp:1975]   --->   Operation 226 'store' 'store_ln1975' <Predicate = true> <Delay = 0.00>
ST_4 : Operation 227 [1/1] (0.00ns)   --->   "%store_ln1975 = store i16 %p_loc48_load, i16 %input_buffer" [H:/subband_ref_q610_opt_stage4_latency_stepL2.cpp:1975]   --->   Operation 227 'store' 'store_ln1975' <Predicate = true> <Delay = 0.00>

State 5 <SV = 4> <Delay = 0.00>
ST_5 : Operation 228 [1/2] (0.00ns)   --->   "%call_ln1984 = call void @(anonymous namespace)RunGSUCellBand0ParallelQ610<38, 2, 4, 32, true>, i16 %p_loc48_load, i16 %p_loc49_load, i16 %p_loc50_load, i16 %p_loc51_load, i16 %p_loc52_load, i16 %p_loc53_load, i16 %p_loc54_load, i16 %p_loc55_load, i16 %p_loc56_load, i16 %p_loc57_load, i16 %p_loc58_load, i16 %p_loc59_load, i16 %p_loc60_load, i16 %p_loc61_load, i16 %p_loc62_load, i16 %p_loc63_load, i16 %p_loc64_load, i16 %p_loc65_load, i16 %p_loc66_load, i16 %p_loc67_load, i16 %p_loc68_load, i16 %p_loc69_load, i16 %p_loc70_load, i16 %p_loc71_load, i16 %p_loc72_load, i16 %p_loc73_load, i16 %p_loc74_load, i16 %p_loc75_load, i16 %p_loc76_load, i16 %p_loc77_load, i16 %p_loc78_load, i16 %p_loc79_load, i16 %p_loc80_load, i16 %p_loc81_load, i16 %p_loc82_load, i16 %p_loc83_load, i16 %p_loc84_load, i16 %p_loc_load, i3 %trunc_ln1984, i11 %output_buffer, i11 %output_buffer_4, i11 %p_anonymous_namespace_RunBand0OptimizedCoreQ610_ap_int_const_ap_int_const_ap_in_5, i11 %p_anonymous_namespace_RunBand0OptimizedCoreQ610_ap_int_const_ap_int_const_ap_in_4, i16 %p_anonymous_namespace_RunBand0OptimizedCoreQ610_ap_int_const_ap_int_const_ap_in_7, i16 %p_anonymous_namespace_RunBand0OptimizedCoreQ610_ap_int_const_ap_int_const_ap_in_6, i64 %SubbandBand0TopQ610_ap_int_const_ap_int_const_ap_int_const_ap_int_const_ap_i_12, i512 %SubbandBand0TopQ610_ap_int_const_ap_int_const_ap_int_const_ap_int_const_ap_i_14, i64 %SubbandBand0TopQ610_ap_int_const_ap_int_const_ap_int_const_ap_int_const_ap_i_11, i512 %SubbandBand0TopQ610_ap_int_const_ap_int_const_ap_int_const_ap_int_const_ap_i_13, i14 %subband_q610_anonymous_namespace_kSigmoidPwlKnotsQ610, i11 %subband_q610_anonymous_namespace_kSigmoidPwlValuesQ610, i16 %SubbandBand0TopQ610_ap_int_const_ap_int_const_ap_int_const_ap_int_const_ap_i_20, i16 %SubbandBand0TopQ610_ap_int_const_ap_int_const_ap_int_const_ap_int_const_ap_i_19, i16 %SubbandBand0TopQ610_ap_int_const_ap_int_const_ap_int_const_ap_int_const_ap_i_16, i16 %SubbandBand0TopQ610_ap_int_const_ap_int_const_ap_int_const_ap_int_const_ap_i_15, i16 %SubbandBand0TopQ610_ap_int_const_ap_int_const_ap_int_const_ap_int_const_ap_i_18, i16 %SubbandBand0TopQ610_ap_int_const_ap_int_const_ap_int_const_ap_int_const_ap_i_17" [H:/subband_ref_q610_opt_stage4_latency_stepL2.cpp:1984]   --->   Operation 228 'call' 'call_ln1984' <Predicate = true> <Delay = 0.00> <CoreType = "Generic">   --->   Core 0 '' <Latency = 0> <II = 1> <Delay = 1.00> <Generic> <Opcode : >

State 6 <SV = 5> <Delay = 0.00>
ST_6 : Operation 229 [1/1] (0.00ns)   --->   "%empty_1045 = wait i32 @_ssdm_op_Wait"   --->   Operation 229 'wait' 'empty_1045' <Predicate = true> <Delay = 0.00>
ST_6 : Operation 230 [2/2] (0.00ns)   --->   "%call_ln0 = call void @(anonymous namespace)RunGSULayer0StreamParallelQ610_Pipeline_VITIS_LOOP_1774_1, i11 %output_buffer, i11 %output_buffer_4, i16 %layer0_output_stream"   --->   Operation 230 'call' 'call_ln0' <Predicate = true> <Delay = 0.00> <CoreType = "Generic">   --->   Core 0 '' <Latency = 0> <II = 1> <Delay = 1.00> <Generic> <Opcode : >

State 7 <SV = 6> <Delay = 0.00>
ST_7 : Operation 231 [1/1] (0.00ns)   --->   "%specloopname_ln0 = specloopname void @_ssdm_op_SpecLoopName, void @VITIS_LOOP_1980_1_VITIS_LOOP_1982_2_str"   --->   Operation 231 'specloopname' 'specloopname_ln0' <Predicate = true> <Delay = 0.00>
ST_7 : Operation 232 [1/1] (0.00ns)   --->   "%speclooptripcount_ln0 = speclooptripcount void @_ssdm_op_SpecLoopTripCount, i64 19320, i64 19320, i64 19320"   --->   Operation 232 'speclooptripcount' 'speclooptripcount_ln0' <Predicate = true> <Delay = 0.00>
ST_7 : Operation 233 [1/2] (0.00ns)   --->   "%call_ln0 = call void @(anonymous namespace)RunGSULayer0StreamParallelQ610_Pipeline_VITIS_LOOP_1774_1, i11 %output_buffer, i11 %output_buffer_4, i16 %layer0_output_stream"   --->   Operation 233 'call' 'call_ln0' <Predicate = true> <Delay = 0.00> <CoreType = "Generic">   --->   Core 0 '' <Latency = 0> <II = 1> <Delay = 1.00> <Generic> <Opcode : >
ST_7 : Operation 234 [1/1] (0.00ns)   --->   "%br_ln1982 = br void %for.body4" [H:/subband_ref_q610_opt_stage4_latency_stepL2.cpp:1982]   --->   Operation 234 'br' 'br_ln1982' <Predicate = true> <Delay = 0.00>


============================================================
+ Verbose Summary: Timing violations
============================================================
Target clock period: 10.000ns, clock uncertainty: 2.700ns.

 <State 1>: 1.588ns
The critical path consists of the following:
	'alloca' operation 15 bit ('indvar_flatten') [58]  (0.000 ns)
	'store' operation 0 bit ('store_ln0') of constant 0 on local variable 'indvar_flatten' [105]  (1.588 ns)

 <State 2>: 3.532ns
The critical path consists of the following:
	'load' operation 15 bit ('indvar_flatten_load', H:/subband_ref_q610_opt_stage4_latency_stepL2.cpp:1980) on local variable 'indvar_flatten' [109]  (0.000 ns)
	'icmp' operation 1 bit ('icmp_ln1980', H:/subband_ref_q610_opt_stage4_latency_stepL2.cpp:1980) [110]  (1.944 ns)
	'call' operation 0 bit ('call_ln0') to '(anonymous namespace)RunGSULayer0StreamParallelQ610_Pipeline_VITIS_LOOP_1765_1' [158]  (1.588 ns)

 <State 3>: 6.082ns
The critical path consists of the following:
	'load' operation 4 bit ('subband_index_load', H:/subband_ref_q610_opt_stage4_latency_stepL2.cpp:1982) on local variable 'subband_index', H:/subband_ref_q610_opt_stage4_latency_stepL2.cpp:1982 [114]  (0.000 ns)
	'icmp' operation 1 bit ('icmp_ln1982', H:/subband_ref_q610_opt_stage4_latency_stepL2.cpp:1982) [155]  (1.735 ns)
	'select' operation 4 bit ('select_ln1975', H:/subband_ref_q610_opt_stage4_latency_stepL2.cpp:1975) [156]  (1.024 ns)
	'add' operation 4 bit ('add_ln1982', H:/subband_ref_q610_opt_stage4_latency_stepL2.cpp:1982) [202]  (1.735 ns)
	'store' operation 0 bit ('store_ln1982', H:/subband_ref_q610_opt_stage4_latency_stepL2.cpp:1982) of variable 'add_ln1982', H:/subband_ref_q610_opt_stage4_latency_stepL2.cpp:1982 on local variable 'subband_index', H:/subband_ref_q610_opt_stage4_latency_stepL2.cpp:1982 [242]  (1.588 ns)

 <State 4>: 6.716ns
The critical path consists of the following:
	'load' operation 16 bit ('p_loc_load') on local variable 'p_loc' [159]  (0.000 ns)
	'call' operation 0 bit ('call_ln1984', H:/subband_ref_q610_opt_stage4_latency_stepL2.cpp:1984) to '(anonymous namespace)RunGSUCellBand0ParallelQ610<38, 2, 4, 32, true>' [199]  (6.716 ns)

 <State 5>: 0.000ns
The critical path consists of the following:

 <State 6>: 0.000ns
The critical path consists of the following:

 <State 7>: 0.000ns
The critical path consists of the following:


============================================================
+ Verbose Summary: Binding
============================================================
N/A
* FSMD analyzer results:
  - Output states:
 - Input state : 
  - Chain level:
	State 1
	State 2
	State 3
	State 4
	State 5
	State 6
	State 7


============================================================
+ Verbose Summary: Datapath Resource usage 
============================================================
N/A
