

================================================================
== Vitis HLS Report for 'p_anonymous_namespace_GenerateBand0SequenceStreamOptimizedQ610_Pipeline_VITIS_LOO_1'
================================================================
* Date:           Wed May 13 19:58:21 2026

* Version:        2023.2 (Build 4023990 on Oct 11 2023)
* Project:        subband_q610_zybo_z7_20_hls
* Solution:       solution1 (Vivado IP Flow Target)
* Product family: zynq
* Target device:  xc7z020-clg400-1


================================================================
== Performance Estimates
================================================================
+ Timing: 
    * Summary: 
    +--------+----------+----------+------------+
    |  Clock |  Target  | Estimated| Uncertainty|
    +--------+----------+----------+------------+
    |ap_clk  |  10.00 ns|  7.300 ns|     2.70 ns|
    +--------+----------+----------+------------+

+ Latency: 
    * Summary: 
    +---------+---------+----------+----------+-----+-----+---------+
    |  Latency (cycles) |  Latency (absolute) |  Interval | Pipeline|
    |   min   |   max   |    min   |    max   | min | max |   Type  |
    +---------+---------+----------+----------+-----+-----+---------+
    |       48|       48|  0.480 us|  0.480 us|   48|   48|       no|
    +---------+---------+----------+----------+-----+-----+---------+

    + Detail: 
        * Instance: 
        N/A

        * Loop: 
        +---------------------+---------+---------+----------+-----------+-----------+------+----------+
        |                     |  Latency (cycles) | Iteration|  Initiation Interval  | Trip |          |
        |      Loop Name      |   min   |   max   |  Latency |  achieved |   target  | Count| Pipelined|
        +---------------------+---------+---------+----------+-----------+-----------+------+----------+
        |- VITIS_LOOP_1802_3  |       46|       46|        14|          1|          1|    34|       yes|
        +---------------------+---------+---------+----------+-----------+-----------+------+----------+

============================================================
+ Verbose Summary: Synthesis Manager
============================================================
InlineROM: 1
ExposeGlobal: 0
============================================================
+ Verbose Summary: CDFG Model
============================================================
IsTopModel: 0
ResetActiveHigh: 1
IsCombinational: 0
IsDatapathOnly: 0
HasWiredReturn: 1
HasMFsm: 2
HasVarLatency: 1
IsPipeline: 0
IsRtlPipelined: 0
IsInstanceOverlapped: 0
IsDontTouch: 0
HasImplIP: 0
IsGatedGlobalClock: 0

+ Individual pipeline summary: 
  * Pipeline-0: initiation interval (II) = 1, depth = 14


============================================================
+ Verbose Summary: Schedule
============================================================
* Number of FSM states : 14
* Pipeline : 1
  Pipeline-0 : II = 1, D = 14, States = { 1 2 3 4 5 6 7 8 9 10 11 12 13 14 }
* Dataflow Pipeline: 0

* FSM state transitions: 
1 --> 2 
2 --> 3 
3 --> 4 
4 --> 5 
5 --> 6 
6 --> 7 
7 --> 8 
8 --> 9 
9 --> 10 
10 --> 11 
11 --> 12 
12 --> 13 
13 --> 14 
14 --> 

* FSM state operations: 

State 1 <SV = 0> <Delay = 7.28>
ST_1 : Operation 17 [1/1] (0.00ns)   --->   "%noisy_freq_index = alloca i32 1" [H:/subband_ref_q610_opt_stage4_latency_stepL2.cpp:1802]   --->   Operation 17 'alloca' 'noisy_freq_index' <Predicate = true> <Delay = 0.00>
ST_1 : Operation 18 [1/1] (0.00ns)   --->   "%noisy_input_q610_read = read i32 @_ssdm_op_Read.ap_auto.i32, i32 %noisy_input_q610"   --->   Operation 18 'read' 'noisy_input_q610_read' <Predicate = true> <Delay = 0.00>
ST_1 : Operation 19 [1/1] (0.00ns)   --->   "%zext_ln1798_1_read = read i12 @_ssdm_op_Read.ap_auto.i12, i12 %zext_ln1798_1"   --->   Operation 19 'read' 'zext_ln1798_1_read' <Predicate = true> <Delay = 0.00>
ST_1 : Operation 20 [1/1] (0.00ns)   --->   "%zext_ln1802_read = read i5 @_ssdm_op_Read.ap_auto.i5, i5 %zext_ln1802"   --->   Operation 20 'read' 'zext_ln1802_read' <Predicate = true> <Delay = 0.00>
ST_1 : Operation 21 [1/1] (0.00ns)   --->   "%zext_ln1798_1_cast = zext i12 %zext_ln1798_1_read"   --->   Operation 21 'zext' 'zext_ln1798_1_cast' <Predicate = true> <Delay = 0.00>
ST_1 : Operation 22 [1/1] (0.00ns)   --->   "%zext_ln1802_cast = zext i5 %zext_ln1802_read"   --->   Operation 22 'zext' 'zext_ln1802_cast' <Predicate = true> <Delay = 0.00>
ST_1 : Operation 23 [1/1] (0.00ns)   --->   "%specinterface_ln0 = specinterface void @_ssdm_op_SpecInterface, i16 %gmem_in, void @empty_173, i32 0, i32 0, void @empty_25, i32 0, i32 618240, void @empty_175, void @empty_176, void @empty_25, i32 1, i32 1, i32 16, i32 16, void @empty_25, void @empty_25, i32 4294967295, i32 0"   --->   Operation 23 'specinterface' 'specinterface_ln0' <Predicate = true> <Delay = 0.00>
ST_1 : Operation 24 [1/1] (0.00ns)   --->   "%specinterface_ln0 = specinterface void @_ssdm_op_SpecInterface, i16 %sequence_stream, void @empty_199, i32 0, i32 0, void @empty_25, i32 0, i32 0, void @empty_25, void @empty_25, void @empty_25, i32 0, i32 0, i32 0, i32 0, void @empty_25, void @empty_25, i32 4294967295, i32 0"   --->   Operation 24 'specinterface' 'specinterface_ln0' <Predicate = true> <Delay = 0.00>
ST_1 : Operation 25 [1/1] (1.58ns)   --->   "%store_ln1802 = store i6 0, i6 %noisy_freq_index" [H:/subband_ref_q610_opt_stage4_latency_stepL2.cpp:1802]   --->   Operation 25 'store' 'store_ln1802' <Predicate = true> <Delay = 1.58>
ST_1 : Operation 26 [1/1] (0.00ns)   --->   "%br_ln0 = br void %for.body8"   --->   Operation 26 'br' 'br_ln0' <Predicate = true> <Delay = 0.00>
ST_1 : Operation 27 [1/1] (0.00ns)   --->   "%noisy_freq_index_1 = load i6 %noisy_freq_index" [H:/subband_ref_q610_opt_stage4_latency_stepL2.cpp:1804]   --->   Operation 27 'load' 'noisy_freq_index_1' <Predicate = true> <Delay = 0.00>
ST_1 : Operation 28 [1/1] (1.82ns)   --->   "%icmp_ln1802 = icmp_eq  i6 %noisy_freq_index_1, i6 34" [H:/subband_ref_q610_opt_stage4_latency_stepL2.cpp:1802]   --->   Operation 28 'icmp' 'icmp_ln1802' <Predicate = true> <Delay = 1.82> <CoreInst = "Cmp">   --->   Core 9 'Cmp' <Latency = 0> <II = 1> <Delay = 1.82> <FuncUnit> <Opcode : 'icmp'> <InPorts = 2> <OutPorts = 1>
ST_1 : Operation 29 [1/1] (1.82ns)   --->   "%noisy_freq_index_2 = add i6 %noisy_freq_index_1, i6 1" [H:/subband_ref_q610_opt_stage4_latency_stepL2.cpp:1802]   --->   Operation 29 'add' 'noisy_freq_index_2' <Predicate = true> <Delay = 1.82> <CoreInst = "Adder">   --->   Core 1 'Adder' <Latency = 0> <II = 1> <Delay = 1.82> <FuncUnit> <Opcode : 'add' 'sub'> <InPorts = 2> <OutPorts = 1>
ST_1 : Operation 30 [1/1] (0.00ns)   --->   "%br_ln1802 = br i1 %icmp_ln1802, void %for.body8.split, void %for.inc19.preheader.exitStub" [H:/subband_ref_q610_opt_stage4_latency_stepL2.cpp:1802]   --->   Operation 30 'br' 'br_ln1802' <Predicate = true> <Delay = 0.00>
ST_1 : Operation 31 [1/1] (1.82ns)   --->   "%add_ln1804 = add i6 %noisy_freq_index_1, i6 %zext_ln1802_cast" [H:/subband_ref_q610_opt_stage4_latency_stepL2.cpp:1804]   --->   Operation 31 'add' 'add_ln1804' <Predicate = (!icmp_ln1802)> <Delay = 1.82> <CoreInst = "Adder">   --->   Core 1 'Adder' <Latency = 0> <II = 1> <Delay = 1.82> <FuncUnit> <Opcode : 'add' 'sub'> <InPorts = 2> <OutPorts = 1>
ST_1 : Operation 32 [1/1] (0.00ns)   --->   "%zext_ln1804 = zext i6 %add_ln1804" [H:/subband_ref_q610_opt_stage4_latency_stepL2.cpp:1804]   --->   Operation 32 'zext' 'zext_ln1804' <Predicate = (!icmp_ln1802)> <Delay = 0.00>
ST_1 : Operation 33 [1/1] (1.82ns)   --->   "%source_freq = add i7 %zext_ln1804, i7 113" [H:/subband_ref_q610_opt_stage4_latency_stepL2.cpp:1804]   --->   Operation 33 'add' 'source_freq' <Predicate = (!icmp_ln1802)> <Delay = 1.82> <CoreInst = "Adder">   --->   Core 1 'Adder' <Latency = 0> <II = 1> <Delay = 1.82> <FuncUnit> <Opcode : 'add' 'sub'> <InPorts = 2> <OutPorts = 1>
ST_1 : Operation 34 [1/1] (0.00ns)   --->   "%tmp = bitselect i1 @_ssdm_op_BitSelect.i1.i7.i32, i7 %source_freq, i32 6" [H:/subband_ref_q610_opt_stage4_latency_stepL2.cpp:1805]   --->   Operation 34 'bitselect' 'tmp' <Predicate = (!icmp_ln1802)> <Delay = 0.00>
ST_1 : Operation 35 [1/1] (1.82ns)   --->   "%sub_ln1805 = sub i7 15, i7 %zext_ln1804" [H:/subband_ref_q610_opt_stage4_latency_stepL2.cpp:1805]   --->   Operation 35 'sub' 'sub_ln1805' <Predicate = (!icmp_ln1802)> <Delay = 1.82> <CoreInst = "Adder">   --->   Core 1 'Adder' <Latency = 0> <II = 1> <Delay = 1.82> <FuncUnit> <Opcode : 'add' 'sub'> <InPorts = 2> <OutPorts = 1>
ST_1 : Operation 36 [1/1] (0.99ns)   --->   "%select_ln1805 = select i1 %tmp, i7 %sub_ln1805, i7 %source_freq" [H:/subband_ref_q610_opt_stage4_latency_stepL2.cpp:1805]   --->   Operation 36 'select' 'select_ln1805' <Predicate = (!icmp_ln1802)> <Delay = 0.99> <CoreInst = "Sel">   --->   Core 73 'Sel' <Latency = 0> <II = 1> <Delay = 0.99> <FuncUnit> <Opcode : 'select'> <InPorts = 3> <OutPorts = 1>
ST_1 : Operation 37 [1/1] (0.00ns)   --->   "%sext_ln108 = sext i7 %select_ln1805" [H:/subband_ref_q610_opt_stage4_latency_stepL2.cpp:108->H:/subband_ref_q610_opt_stage4_latency_stepL2.cpp:1808]   --->   Operation 37 'sext' 'sext_ln108' <Predicate = (!icmp_ln1802)> <Delay = 0.00>
ST_1 : Operation 38 [3/3] (1.05ns) (grouped into DSP with root node add_ln1808_1)   --->   "%mul_ln108 = mul i18 %sext_ln108, i18 2415" [H:/subband_ref_q610_opt_stage4_latency_stepL2.cpp:108->H:/subband_ref_q610_opt_stage4_latency_stepL2.cpp:1808]   --->   Operation 38 'mul' 'mul_ln108' <Predicate = (!icmp_ln1802)> <Delay = 1.05> <CoreInst = "DSP48">   --->   Core 119 'DSP48' <Latency = 3> <II = 1> <Delay = 2.15> <IPBlock> <Opcode : '' 'add' 'sub' 'mul' 'select'> <InPorts = 0> <OutPorts = 1> <Sync> <CReg>
ST_1 : Operation 39 [1/1] (1.58ns)   --->   "%store_ln1802 = store i6 %noisy_freq_index_2, i6 %noisy_freq_index" [H:/subband_ref_q610_opt_stage4_latency_stepL2.cpp:1802]   --->   Operation 39 'store' 'store_ln1802' <Predicate = (!icmp_ln1802)> <Delay = 1.58>

State 2 <SV = 1> <Delay = 1.05>
ST_2 : Operation 40 [2/3] (1.05ns) (grouped into DSP with root node add_ln1808_1)   --->   "%mul_ln108 = mul i18 %sext_ln108, i18 2415" [H:/subband_ref_q610_opt_stage4_latency_stepL2.cpp:108->H:/subband_ref_q610_opt_stage4_latency_stepL2.cpp:1808]   --->   Operation 40 'mul' 'mul_ln108' <Predicate = true> <Delay = 1.05> <CoreInst = "DSP48">   --->   Core 119 'DSP48' <Latency = 3> <II = 1> <Delay = 2.15> <IPBlock> <Opcode : '' 'add' 'sub' 'mul' 'select'> <InPorts = 0> <OutPorts = 1> <Sync> <CReg>

State 3 <SV = 2> <Delay = 2.10>
ST_3 : Operation 41 [1/3] (0.00ns) (grouped into DSP with root node add_ln1808_1)   --->   "%mul_ln108 = mul i18 %sext_ln108, i18 2415" [H:/subband_ref_q610_opt_stage4_latency_stepL2.cpp:108->H:/subband_ref_q610_opt_stage4_latency_stepL2.cpp:1808]   --->   Operation 41 'mul' 'mul_ln108' <Predicate = true> <Delay = 0.00> <CoreInst = "DSP48">   --->   Core 119 'DSP48' <Latency = 3> <II = 1> <Delay = 2.15> <IPBlock> <Opcode : '' 'add' 'sub' 'mul' 'select'> <InPorts = 0> <OutPorts = 1> <Sync> <CReg>
ST_3 : Operation 42 [2/2] (2.10ns) (root node of the DSP)   --->   "%add_ln1808_1 = add i18 %mul_ln108, i18 %zext_ln1798_1_cast" [H:/subband_ref_q610_opt_stage4_latency_stepL2.cpp:1808]   --->   Operation 42 'add' 'add_ln1808_1' <Predicate = true> <Delay = 2.10> <CoreInst = "DSP48">   --->   Core 119 'DSP48' <Latency = 3> <II = 1> <Delay = 2.15> <IPBlock> <Opcode : '' 'add' 'sub' 'mul' 'select'> <InPorts = 0> <OutPorts = 1> <Sync> <CReg>

State 4 <SV = 3> <Delay = 4.65>
ST_4 : Operation 43 [1/2] (2.10ns) (root node of the DSP)   --->   "%add_ln1808_1 = add i18 %mul_ln108, i18 %zext_ln1798_1_cast" [H:/subband_ref_q610_opt_stage4_latency_stepL2.cpp:1808]   --->   Operation 43 'add' 'add_ln1808_1' <Predicate = true> <Delay = 2.10> <CoreInst = "DSP48">   --->   Core 119 'DSP48' <Latency = 3> <II = 1> <Delay = 2.15> <IPBlock> <Opcode : '' 'add' 'sub' 'mul' 'select'> <InPorts = 0> <OutPorts = 1> <Sync> <CReg>
ST_4 : Operation 44 [1/1] (0.00ns)   --->   "%tmp_s = bitconcatenate i19 @_ssdm_op_BitConcatenate.i19.i18.i1, i18 %add_ln1808_1, i1 0" [H:/subband_ref_q610_opt_stage4_latency_stepL2.cpp:1808]   --->   Operation 44 'bitconcatenate' 'tmp_s' <Predicate = true> <Delay = 0.00>
ST_4 : Operation 45 [1/1] (0.00ns)   --->   "%sext_ln1808_1 = sext i19 %tmp_s" [H:/subband_ref_q610_opt_stage4_latency_stepL2.cpp:1808]   --->   Operation 45 'sext' 'sext_ln1808_1' <Predicate = true> <Delay = 0.00>
ST_4 : Operation 46 [1/1] (2.55ns)   --->   "%add_ln1808 = add i32 %sext_ln1808_1, i32 %noisy_input_q610_read" [H:/subband_ref_q610_opt_stage4_latency_stepL2.cpp:1808]   --->   Operation 46 'add' 'add_ln1808' <Predicate = true> <Delay = 2.55> <CoreInst = "Adder">   --->   Core 1 'Adder' <Latency = 0> <II = 1> <Delay = 2.55> <FuncUnit> <Opcode : 'add' 'sub'> <InPorts = 2> <OutPorts = 1>
ST_4 : Operation 47 [1/1] (0.00ns)   --->   "%trunc_ln = partselect i31 @_ssdm_op_PartSelect.i31.i32.i32.i32, i32 %add_ln1808, i32 1, i32 31" [H:/subband_ref_q610_opt_stage4_latency_stepL2.cpp:1808]   --->   Operation 47 'partselect' 'trunc_ln' <Predicate = true> <Delay = 0.00>
ST_4 : Operation 48 [1/1] (0.00ns)   --->   "%sext_ln1808 = sext i31 %trunc_ln" [H:/subband_ref_q610_opt_stage4_latency_stepL2.cpp:1808]   --->   Operation 48 'sext' 'sext_ln1808' <Predicate = true> <Delay = 0.00>
ST_4 : Operation 49 [1/1] (0.00ns)   --->   "%gmem_in_addr = getelementptr i16 %gmem_in, i32 %sext_ln1808" [H:/subband_ref_q610_opt_stage4_latency_stepL2.cpp:1808]   --->   Operation 49 'getelementptr' 'gmem_in_addr' <Predicate = true> <Delay = 0.00>

State 5 <SV = 4> <Delay = 7.30>
ST_5 : Operation 50 [8/8] (7.30ns)   --->   "%gmem_in_load_req = readreq i1 @_ssdm_op_ReadReq.m_axi.i16P1A, i16 %gmem_in_addr, i32 1" [H:/subband_ref_q610_opt_stage4_latency_stepL2.cpp:1808]   --->   Operation 50 'readreq' 'gmem_in_load_req' <Predicate = true> <Delay = 7.30> <CoreInst = "m_axi">   --->   Core 113 'm_axi' <Latency = 0> <II = 1> <Delay = 1.00> <Adapter> <Opcode : 'read' 'write' 'readreq' 'writereq' 'writeresp'>

State 6 <SV = 5> <Delay = 7.30>
ST_6 : Operation 51 [7/8] (7.30ns)   --->   "%gmem_in_load_req = readreq i1 @_ssdm_op_ReadReq.m_axi.i16P1A, i16 %gmem_in_addr, i32 1" [H:/subband_ref_q610_opt_stage4_latency_stepL2.cpp:1808]   --->   Operation 51 'readreq' 'gmem_in_load_req' <Predicate = true> <Delay = 7.30> <CoreInst = "m_axi">   --->   Core 113 'm_axi' <Latency = 0> <II = 1> <Delay = 1.00> <Adapter> <Opcode : 'read' 'write' 'readreq' 'writereq' 'writeresp'>

State 7 <SV = 6> <Delay = 7.30>
ST_7 : Operation 52 [6/8] (7.30ns)   --->   "%gmem_in_load_req = readreq i1 @_ssdm_op_ReadReq.m_axi.i16P1A, i16 %gmem_in_addr, i32 1" [H:/subband_ref_q610_opt_stage4_latency_stepL2.cpp:1808]   --->   Operation 52 'readreq' 'gmem_in_load_req' <Predicate = true> <Delay = 7.30> <CoreInst = "m_axi">   --->   Core 113 'm_axi' <Latency = 0> <II = 1> <Delay = 1.00> <Adapter> <Opcode : 'read' 'write' 'readreq' 'writereq' 'writeresp'>

State 8 <SV = 7> <Delay = 7.30>
ST_8 : Operation 53 [5/8] (7.30ns)   --->   "%gmem_in_load_req = readreq i1 @_ssdm_op_ReadReq.m_axi.i16P1A, i16 %gmem_in_addr, i32 1" [H:/subband_ref_q610_opt_stage4_latency_stepL2.cpp:1808]   --->   Operation 53 'readreq' 'gmem_in_load_req' <Predicate = true> <Delay = 7.30> <CoreInst = "m_axi">   --->   Core 113 'm_axi' <Latency = 0> <II = 1> <Delay = 1.00> <Adapter> <Opcode : 'read' 'write' 'readreq' 'writereq' 'writeresp'>

State 9 <SV = 8> <Delay = 7.30>
ST_9 : Operation 54 [4/8] (7.30ns)   --->   "%gmem_in_load_req = readreq i1 @_ssdm_op_ReadReq.m_axi.i16P1A, i16 %gmem_in_addr, i32 1" [H:/subband_ref_q610_opt_stage4_latency_stepL2.cpp:1808]   --->   Operation 54 'readreq' 'gmem_in_load_req' <Predicate = true> <Delay = 7.30> <CoreInst = "m_axi">   --->   Core 113 'm_axi' <Latency = 0> <II = 1> <Delay = 1.00> <Adapter> <Opcode : 'read' 'write' 'readreq' 'writereq' 'writeresp'>

State 10 <SV = 9> <Delay = 7.30>
ST_10 : Operation 55 [3/8] (7.30ns)   --->   "%gmem_in_load_req = readreq i1 @_ssdm_op_ReadReq.m_axi.i16P1A, i16 %gmem_in_addr, i32 1" [H:/subband_ref_q610_opt_stage4_latency_stepL2.cpp:1808]   --->   Operation 55 'readreq' 'gmem_in_load_req' <Predicate = true> <Delay = 7.30> <CoreInst = "m_axi">   --->   Core 113 'm_axi' <Latency = 0> <II = 1> <Delay = 1.00> <Adapter> <Opcode : 'read' 'write' 'readreq' 'writereq' 'writeresp'>

State 11 <SV = 10> <Delay = 7.30>
ST_11 : Operation 56 [2/8] (7.30ns)   --->   "%gmem_in_load_req = readreq i1 @_ssdm_op_ReadReq.m_axi.i16P1A, i16 %gmem_in_addr, i32 1" [H:/subband_ref_q610_opt_stage4_latency_stepL2.cpp:1808]   --->   Operation 56 'readreq' 'gmem_in_load_req' <Predicate = true> <Delay = 7.30> <CoreInst = "m_axi">   --->   Core 113 'm_axi' <Latency = 0> <II = 1> <Delay = 1.00> <Adapter> <Opcode : 'read' 'write' 'readreq' 'writereq' 'writeresp'>

State 12 <SV = 11> <Delay = 7.30>
ST_12 : Operation 57 [1/8] (7.30ns)   --->   "%gmem_in_load_req = readreq i1 @_ssdm_op_ReadReq.m_axi.i16P1A, i16 %gmem_in_addr, i32 1" [H:/subband_ref_q610_opt_stage4_latency_stepL2.cpp:1808]   --->   Operation 57 'readreq' 'gmem_in_load_req' <Predicate = true> <Delay = 7.30> <CoreInst = "m_axi">   --->   Core 113 'm_axi' <Latency = 0> <II = 1> <Delay = 1.00> <Adapter> <Opcode : 'read' 'write' 'readreq' 'writereq' 'writeresp'>

State 13 <SV = 12> <Delay = 7.30>
ST_13 : Operation 58 [1/1] (7.30ns)   --->   "%gmem_in_addr_read = read i16 @_ssdm_op_Read.m_axi.i16P1A, i16 %gmem_in_addr" [H:/subband_ref_q610_opt_stage4_latency_stepL2.cpp:1808]   --->   Operation 58 'read' 'gmem_in_addr_read' <Predicate = true> <Delay = 7.30> <CoreInst = "m_axi">   --->   Core 113 'm_axi' <Latency = 0> <II = 1> <Delay = 1.00> <Adapter> <Opcode : 'read' 'write' 'readreq' 'writereq' 'writeresp'>
ST_13 : Operation 64 [1/1] (0.00ns)   --->   "%ret_ln0 = ret"   --->   Operation 64 'ret' 'ret_ln0' <Predicate = (icmp_ln1802)> <Delay = 0.00>

State 14 <SV = 13> <Delay = 3.52>
ST_14 : Operation 59 [1/1] (0.00ns)   --->   "%specpipeline_ln1803 = specpipeline void @_ssdm_op_SpecPipeline, i32 1, i32 0, i32 0, i32 0, void @empty_25" [H:/subband_ref_q610_opt_stage4_latency_stepL2.cpp:1803]   --->   Operation 59 'specpipeline' 'specpipeline_ln1803' <Predicate = true> <Delay = 0.00>
ST_14 : Operation 60 [1/1] (0.00ns)   --->   "%speclooptripcount_ln1802 = speclooptripcount void @_ssdm_op_SpecLoopTripCount, i64 34, i64 34, i64 34" [H:/subband_ref_q610_opt_stage4_latency_stepL2.cpp:1802]   --->   Operation 60 'speclooptripcount' 'speclooptripcount_ln1802' <Predicate = true> <Delay = 0.00>
ST_14 : Operation 61 [1/1] (0.00ns)   --->   "%specloopname_ln1802 = specloopname void @_ssdm_op_SpecLoopName, void @empty_208" [H:/subband_ref_q610_opt_stage4_latency_stepL2.cpp:1802]   --->   Operation 61 'specloopname' 'specloopname_ln1802' <Predicate = true> <Delay = 0.00>
ST_14 : Operation 62 [1/1] (3.52ns)   --->   "%write_ln1808 = write void @_ssdm_op_Write.ap_fifo.volatile.i16P0A, i16 %sequence_stream, i16 %gmem_in_addr_read" [H:/subband_ref_q610_opt_stage4_latency_stepL2.cpp:1808]   --->   Operation 62 'write' 'write_ln1808' <Predicate = true> <Delay = 3.52> <CoreInst = "FIFO">   --->   Core 78 'FIFO' <Latency = 0> <II = 1> <Delay = 3.52> <Storage> <Opcode : 'read' 'write' 'nbread' 'nbwrite'> <Ports = 0> <Width = 16> <Depth = 128> <FIFO>
ST_14 : Operation 63 [1/1] (0.00ns)   --->   "%br_ln1802 = br void %for.body8" [H:/subband_ref_q610_opt_stage4_latency_stepL2.cpp:1802]   --->   Operation 63 'br' 'br_ln1802' <Predicate = true> <Delay = 0.00>


============================================================
+ Verbose Summary: Timing violations
============================================================
Target clock period: 10.000ns, clock uncertainty: 2.700ns.

 <State 1>: 7.281ns
The critical path consists of the following:
	'store' operation 0 bit ('store_ln1802', H:/subband_ref_q610_opt_stage4_latency_stepL2.cpp:1802) of constant 0 on local variable 'noisy_freq_index', H:/subband_ref_q610_opt_stage4_latency_stepL2.cpp:1802 [14]  (1.588 ns)
	'load' operation 6 bit ('noisy_freq_index', H:/subband_ref_q610_opt_stage4_latency_stepL2.cpp:1804) on local variable 'noisy_freq_index', H:/subband_ref_q610_opt_stage4_latency_stepL2.cpp:1802 [17]  (0.000 ns)
	'add' operation 6 bit ('add_ln1804', H:/subband_ref_q610_opt_stage4_latency_stepL2.cpp:1804) [25]  (1.825 ns)
	'add' operation 7 bit ('source_freq', H:/subband_ref_q610_opt_stage4_latency_stepL2.cpp:1804) [27]  (1.825 ns)
	'select' operation 7 bit ('select_ln1805', H:/subband_ref_q610_opt_stage4_latency_stepL2.cpp:1805) [30]  (0.993 ns)
	'mul' operation 18 bit of DSP[33] ('mul_ln108', H:/subband_ref_q610_opt_stage4_latency_stepL2.cpp:108->H:/subband_ref_q610_opt_stage4_latency_stepL2.cpp:1808) [32]  (1.050 ns)

 <State 2>: 1.050ns
The critical path consists of the following:
	'mul' operation 18 bit of DSP[33] ('mul_ln108', H:/subband_ref_q610_opt_stage4_latency_stepL2.cpp:108->H:/subband_ref_q610_opt_stage4_latency_stepL2.cpp:1808) [32]  (1.050 ns)

 <State 3>: 2.100ns
The critical path consists of the following:
	'mul' operation 18 bit of DSP[33] ('mul_ln108', H:/subband_ref_q610_opt_stage4_latency_stepL2.cpp:108->H:/subband_ref_q610_opt_stage4_latency_stepL2.cpp:1808) [32]  (0.000 ns)
	'add' operation 18 bit of DSP[33] ('add_ln1808_1', H:/subband_ref_q610_opt_stage4_latency_stepL2.cpp:1808) [33]  (2.100 ns)

 <State 4>: 4.652ns
The critical path consists of the following:
	'add' operation 18 bit of DSP[33] ('add_ln1808_1', H:/subband_ref_q610_opt_stage4_latency_stepL2.cpp:1808) [33]  (2.100 ns)
	'add' operation 32 bit ('add_ln1808', H:/subband_ref_q610_opt_stage4_latency_stepL2.cpp:1808) [36]  (2.552 ns)

 <State 5>: 7.300ns
The critical path consists of the following:
	bus request operation ('gmem_in_load_req', H:/subband_ref_q610_opt_stage4_latency_stepL2.cpp:1808) on port 'gmem_in' (H:/subband_ref_q610_opt_stage4_latency_stepL2.cpp:1808) [40]  (7.300 ns)

 <State 6>: 7.300ns
The critical path consists of the following:
	bus request operation ('gmem_in_load_req', H:/subband_ref_q610_opt_stage4_latency_stepL2.cpp:1808) on port 'gmem_in' (H:/subband_ref_q610_opt_stage4_latency_stepL2.cpp:1808) [40]  (7.300 ns)

 <State 7>: 7.300ns
The critical path consists of the following:
	bus request operation ('gmem_in_load_req', H:/subband_ref_q610_opt_stage4_latency_stepL2.cpp:1808) on port 'gmem_in' (H:/subband_ref_q610_opt_stage4_latency_stepL2.cpp:1808) [40]  (7.300 ns)

 <State 8>: 7.300ns
The critical path consists of the following:
	bus request operation ('gmem_in_load_req', H:/subband_ref_q610_opt_stage4_latency_stepL2.cpp:1808) on port 'gmem_in' (H:/subband_ref_q610_opt_stage4_latency_stepL2.cpp:1808) [40]  (7.300 ns)

 <State 9>: 7.300ns
The critical path consists of the following:
	bus request operation ('gmem_in_load_req', H:/subband_ref_q610_opt_stage4_latency_stepL2.cpp:1808) on port 'gmem_in' (H:/subband_ref_q610_opt_stage4_latency_stepL2.cpp:1808) [40]  (7.300 ns)

 <State 10>: 7.300ns
The critical path consists of the following:
	bus request operation ('gmem_in_load_req', H:/subband_ref_q610_opt_stage4_latency_stepL2.cpp:1808) on port 'gmem_in' (H:/subband_ref_q610_opt_stage4_latency_stepL2.cpp:1808) [40]  (7.300 ns)

 <State 11>: 7.300ns
The critical path consists of the following:
	bus request operation ('gmem_in_load_req', H:/subband_ref_q610_opt_stage4_latency_stepL2.cpp:1808) on port 'gmem_in' (H:/subband_ref_q610_opt_stage4_latency_stepL2.cpp:1808) [40]  (7.300 ns)

 <State 12>: 7.300ns
The critical path consists of the following:
	bus request operation ('gmem_in_load_req', H:/subband_ref_q610_opt_stage4_latency_stepL2.cpp:1808) on port 'gmem_in' (H:/subband_ref_q610_opt_stage4_latency_stepL2.cpp:1808) [40]  (7.300 ns)

 <State 13>: 7.300ns
The critical path consists of the following:
	bus read operation ('gmem_in_addr_read', H:/subband_ref_q610_opt_stage4_latency_stepL2.cpp:1808) on port 'gmem_in' (H:/subband_ref_q610_opt_stage4_latency_stepL2.cpp:1808) [41]  (7.300 ns)

 <State 14>: 3.528ns
The critical path consists of the following:
	fifo write operation ('write_ln1808', H:/subband_ref_q610_opt_stage4_latency_stepL2.cpp:1808) on port 'sequence_stream' (H:/subband_ref_q610_opt_stage4_latency_stepL2.cpp:1808) [42]  (3.528 ns)


============================================================
+ Verbose Summary: Binding
============================================================
N/A
* FSMD analyzer results:
  - Output states:
 - Input state : 
  - Chain level:
	State 1
	State 2
	State 3
	State 4
	State 5
	State 6
	State 7
	State 8
	State 9
	State 10
	State 11
	State 12
	State 13
	State 14


============================================================
+ Verbose Summary: Datapath Resource usage 
============================================================
N/A
