

================================================================
== Vitis HLS Report for 'p_anonymous_namespace_LoadMatrixQ610_Pipeline_VITIS_LOOP_1705_1_VITIS_LOOP_1706_2_2'
================================================================
* Date:           Wed May 13 19:58:20 2026

* Version:        2023.2 (Build 4023990 on Oct 11 2023)
* Project:        subband_q610_zybo_z7_20_hls
* Solution:       solution1 (Vivado IP Flow Target)
* Product family: zynq
* Target device:  xc7z020-clg400-1


================================================================
== Performance Estimates
================================================================
+ Timing: 
    * Summary: 
    +--------+----------+----------+------------+
    |  Clock |  Target  | Estimated| Uncertainty|
    +--------+----------+----------+------------+
    |ap_clk  |  10.00 ns|  7.300 ns|     2.70 ns|
    +--------+----------+----------+------------+

+ Latency: 
    * Summary: 
    +---------+---------+----------+----------+-------+-------+---------+
    |  Latency (cycles) |  Latency (absolute) |    Interval   | Pipeline|
    |   min   |   max   |    min   |    max   |  min  |  max  |   Type  |
    +---------+---------+----------+----------+-------+-------+---------+
    |    50179|    50179|  0.502 ms|  0.502 ms|  50179|  50179|       no|
    +---------+---------+----------+----------+-------+-------+---------+

    + Detail: 
        * Instance: 
        N/A

        * Loop: 
        +---------------------------------------+---------+---------+----------+-----------+-----------+-------+----------+
        |                                       |  Latency (cycles) | Iteration|  Initiation Interval  |  Trip |          |
        |               Loop Name               |   min   |   max   |  Latency |  achieved |   target  | Count | Pipelined|
        +---------------------------------------+---------+---------+----------+-----------+-----------+-------+----------+
        |- VITIS_LOOP_1705_1_VITIS_LOOP_1706_2  |    50177|    50177|         3|          1|          1|  50176|       yes|
        +---------------------------------------+---------+---------+----------+-----------+-----------+-------+----------+

============================================================
+ Verbose Summary: Synthesis Manager
============================================================
InlineROM: 1
ExposeGlobal: 0
============================================================
+ Verbose Summary: CDFG Model
============================================================
IsTopModel: 0
ResetActiveHigh: 1
IsCombinational: 0
IsDatapathOnly: 0
HasWiredReturn: 1
HasMFsm: 2
HasVarLatency: 1
IsPipeline: 0
IsRtlPipelined: 0
IsInstanceOverlapped: 0
IsDontTouch: 0
HasImplIP: 0
IsGatedGlobalClock: 0

+ Individual pipeline summary: 
  * Pipeline-0: initiation interval (II) = 1, depth = 3


============================================================
+ Verbose Summary: Schedule
============================================================
* Number of FSM states : 3
* Pipeline : 1
  Pipeline-0 : II = 1, D = 3, States = { 1 2 3 }
* Dataflow Pipeline: 0

* FSM state transitions: 
1 --> 2 
2 --> 3 
3 --> 

* FSM state operations: 

State 1 <SV = 0> <Delay = 5.25>
ST_1 : Operation 6 [1/1] (0.00ns)   --->   "%col = alloca i32 1" [H:/subband_ref_q610_opt_stage4_latency_stepL2.cpp:1706]   --->   Operation 6 'alloca' 'col' <Predicate = true> <Delay = 0.00>
ST_1 : Operation 7 [1/1] (0.00ns)   --->   "%row = alloca i32 1" [H:/subband_ref_q610_opt_stage4_latency_stepL2.cpp:1705]   --->   Operation 7 'alloca' 'row' <Predicate = true> <Delay = 0.00>
ST_1 : Operation 8 [1/1] (0.00ns)   --->   "%indvar_flatten = alloca i32 1"   --->   Operation 8 'alloca' 'indvar_flatten' <Predicate = true> <Delay = 0.00>
ST_1 : Operation 9 [1/1] (0.00ns)   --->   "%sext_ln1705_read = read i31 @_ssdm_op_Read.ap_auto.i31, i31 %sext_ln1705"   --->   Operation 9 'read' 'sext_ln1705_read' <Predicate = true> <Delay = 0.00>
ST_1 : Operation 10 [1/1] (0.00ns)   --->   "%sext_ln1705_cast = sext i31 %sext_ln1705_read"   --->   Operation 10 'sext' 'sext_ln1705_cast' <Predicate = true> <Delay = 0.00>
ST_1 : Operation 11 [1/1] (0.00ns)   --->   "%specstablecontent_ln0 = specstablecontent void @_ssdm_op_SpecStableContent, i512 %output_0, void "   --->   Operation 11 'specstablecontent' 'specstablecontent_ln0' <Predicate = true> <Delay = 0.00>
ST_1 : Operation 12 [1/1] (0.00ns)   --->   "%specstablecontent_ln0 = specstablecontent void @_ssdm_op_SpecStableContent, i512 %output_1, void "   --->   Operation 12 'specstablecontent' 'specstablecontent_ln0' <Predicate = true> <Delay = 0.00>
ST_1 : Operation 13 [1/1] (0.00ns)   --->   "%specmemcore_ln0 = specmemcore void @_ssdm_op_SpecMemCore, i512 %output_1, i64 666, i64 22, i64 18446744073709551615"   --->   Operation 13 'specmemcore' 'specmemcore_ln0' <Predicate = true> <Delay = 0.00>
ST_1 : Operation 14 [1/1] (0.00ns)   --->   "%specmemcore_ln0 = specmemcore void @_ssdm_op_SpecMemCore, i512 %output_0, i64 666, i64 22, i64 18446744073709551615"   --->   Operation 14 'specmemcore' 'specmemcore_ln0' <Predicate = true> <Delay = 0.00>
ST_1 : Operation 15 [1/1] (0.00ns)   --->   "%specinterface_ln0 = specinterface void @_ssdm_op_SpecInterface, i16 %weights, void @empty_173, i32 0, i32 0, void @empty_25, i32 0, i32 8512, void @empty_177, void @empty_176, void @empty_25, i32 1, i32 1, i32 16, i32 16, void @empty_25, void @empty_25, i32 4294967295, i32 0"   --->   Operation 15 'specinterface' 'specinterface_ln0' <Predicate = true> <Delay = 0.00>
ST_1 : Operation 16 [1/1] (1.58ns)   --->   "%store_ln0 = store i16 0, i16 %indvar_flatten"   --->   Operation 16 'store' 'store_ln0' <Predicate = true> <Delay = 1.58>
ST_1 : Operation 17 [1/1] (1.58ns)   --->   "%store_ln1705 = store i8 0, i8 %row" [H:/subband_ref_q610_opt_stage4_latency_stepL2.cpp:1705]   --->   Operation 17 'store' 'store_ln1705' <Predicate = true> <Delay = 1.58>
ST_1 : Operation 18 [1/1] (1.58ns)   --->   "%store_ln1706 = store i8 0, i8 %col" [H:/subband_ref_q610_opt_stage4_latency_stepL2.cpp:1706]   --->   Operation 18 'store' 'store_ln1706' <Predicate = true> <Delay = 1.58>
ST_1 : Operation 19 [1/1] (0.00ns)   --->   "%br_ln0 = br void %for.inc"   --->   Operation 19 'br' 'br_ln0' <Predicate = true> <Delay = 0.00>
ST_1 : Operation 20 [1/1] (0.00ns)   --->   "%indvar_flatten_load = load i16 %indvar_flatten" [H:/subband_ref_q610_opt_stage4_latency_stepL2.cpp:1705]   --->   Operation 20 'load' 'indvar_flatten_load' <Predicate = true> <Delay = 0.00>
ST_1 : Operation 21 [1/1] (2.07ns)   --->   "%icmp_ln1705 = icmp_eq  i16 %indvar_flatten_load, i16 50176" [H:/subband_ref_q610_opt_stage4_latency_stepL2.cpp:1705]   --->   Operation 21 'icmp' 'icmp_ln1705' <Predicate = true> <Delay = 2.07> <CoreInst = "Cmp">   --->   Core 9 'Cmp' <Latency = 0> <II = 1> <Delay = 2.07> <FuncUnit> <Opcode : 'icmp'> <InPorts = 2> <OutPorts = 1>
ST_1 : Operation 22 [1/1] (2.07ns)   --->   "%add_ln1705_2 = add i16 %indvar_flatten_load, i16 1" [H:/subband_ref_q610_opt_stage4_latency_stepL2.cpp:1705]   --->   Operation 22 'add' 'add_ln1705_2' <Predicate = true> <Delay = 2.07> <CoreInst = "Adder">   --->   Core 1 'Adder' <Latency = 0> <II = 1> <Delay = 2.07> <FuncUnit> <Opcode : 'add' 'sub'> <InPorts = 2> <OutPorts = 1>
ST_1 : Operation 23 [1/1] (0.00ns)   --->   "%br_ln1705 = br i1 %icmp_ln1705, void %for.inc9, void %for.end11.exitStub" [H:/subband_ref_q610_opt_stage4_latency_stepL2.cpp:1705]   --->   Operation 23 'br' 'br_ln1705' <Predicate = true> <Delay = 0.00>
ST_1 : Operation 24 [1/1] (1.58ns)   --->   "%store_ln1705 = store i16 %add_ln1705_2, i16 %indvar_flatten" [H:/subband_ref_q610_opt_stage4_latency_stepL2.cpp:1705]   --->   Operation 24 'store' 'store_ln1705' <Predicate = (!icmp_ln1705)> <Delay = 1.58>

State 2 <SV = 1> <Delay = 7.30>
ST_2 : Operation 25 [1/1] (0.00ns)   --->   "%col_load = load i8 %col" [H:/subband_ref_q610_opt_stage4_latency_stepL2.cpp:1706]   --->   Operation 25 'load' 'col_load' <Predicate = true> <Delay = 0.00>
ST_2 : Operation 26 [1/1] (0.00ns)   --->   "%row_load = load i8 %row" [H:/subband_ref_q610_opt_stage4_latency_stepL2.cpp:1705]   --->   Operation 26 'load' 'row_load' <Predicate = true> <Delay = 0.00>
ST_2 : Operation 27 [1/1] (0.00ns)   --->   "%weights_addr = getelementptr i16 %weights, i32 %sext_ln1705_cast" [H:/subband_ref_q610_opt_stage4_latency_stepL2.cpp:1705]   --->   Operation 27 'getelementptr' 'weights_addr' <Predicate = true> <Delay = 0.00>
ST_2 : Operation 28 [1/1] (1.91ns)   --->   "%add_ln1705 = add i8 %row_load, i8 1" [H:/subband_ref_q610_opt_stage4_latency_stepL2.cpp:1705]   --->   Operation 28 'add' 'add_ln1705' <Predicate = true> <Delay = 1.91> <CoreInst = "Adder">   --->   Core 1 'Adder' <Latency = 0> <II = 1> <Delay = 1.91> <FuncUnit> <Opcode : 'add' 'sub'> <InPorts = 2> <OutPorts = 1>
ST_2 : Operation 29 [1/1] (1.91ns)   --->   "%icmp_ln1706 = icmp_eq  i8 %col_load, i8 224" [H:/subband_ref_q610_opt_stage4_latency_stepL2.cpp:1706]   --->   Operation 29 'icmp' 'icmp_ln1706' <Predicate = true> <Delay = 1.91> <CoreInst = "Cmp">   --->   Core 9 'Cmp' <Latency = 0> <II = 1> <Delay = 1.91> <FuncUnit> <Opcode : 'icmp'> <InPorts = 2> <OutPorts = 1>
ST_2 : Operation 30 [1/1] (1.24ns)   --->   "%select_ln1705 = select i1 %icmp_ln1706, i8 0, i8 %col_load" [H:/subband_ref_q610_opt_stage4_latency_stepL2.cpp:1705]   --->   Operation 30 'select' 'select_ln1705' <Predicate = true> <Delay = 1.24> <CoreInst = "Sel">   --->   Core 73 'Sel' <Latency = 0> <II = 1> <Delay = 1.24> <FuncUnit> <Opcode : 'select'> <InPorts = 3> <OutPorts = 1>
ST_2 : Operation 31 [1/1] (1.24ns)   --->   "%select_ln1705_2 = select i1 %icmp_ln1706, i8 %add_ln1705, i8 %row_load" [H:/subband_ref_q610_opt_stage4_latency_stepL2.cpp:1705]   --->   Operation 31 'select' 'select_ln1705_2' <Predicate = true> <Delay = 1.24> <CoreInst = "Sel">   --->   Core 73 'Sel' <Latency = 0> <II = 1> <Delay = 1.24> <FuncUnit> <Opcode : 'select'> <InPorts = 3> <OutPorts = 1>
ST_2 : Operation 32 [1/1] (0.00ns)   --->   "%trunc_ln1705 = trunc i8 %select_ln1705_2" [H:/subband_ref_q610_opt_stage4_latency_stepL2.cpp:1705]   --->   Operation 32 'trunc' 'trunc_ln1705' <Predicate = true> <Delay = 0.00>
ST_2 : Operation 33 [1/1] (0.00ns)   --->   "%lshr_ln = partselect i7 @_ssdm_op_PartSelect.i7.i8.i32.i32, i8 %select_ln1705_2, i32 1, i32 7" [H:/subband_ref_q610_opt_stage4_latency_stepL2.cpp:1705]   --->   Operation 33 'partselect' 'lshr_ln' <Predicate = true> <Delay = 0.00>
ST_2 : Operation 34 [1/1] (0.00ns)   --->   "%lshr_ln4 = partselect i3 @_ssdm_op_PartSelect.i3.i8.i32.i32, i8 %select_ln1705, i32 5, i32 7" [H:/subband_ref_q610_opt_stage4_latency_stepL2.cpp:1706]   --->   Operation 34 'partselect' 'lshr_ln4' <Predicate = true> <Delay = 0.00>
ST_2 : Operation 35 [1/1] (0.00ns)   --->   "%trunc_ln1708 = trunc i8 %select_ln1705" [H:/subband_ref_q610_opt_stage4_latency_stepL2.cpp:1708]   --->   Operation 35 'trunc' 'trunc_ln1708' <Predicate = true> <Delay = 0.00>
ST_2 : Operation 36 [1/1] (7.30ns)   --->   "%weights_addr_read = read i16 @_ssdm_op_Read.m_axi.p1i16, i16 %weights_addr" [H:/subband_ref_q610_opt_stage4_latency_stepL2.cpp:1708]   --->   Operation 36 'read' 'weights_addr_read' <Predicate = true> <Delay = 7.30> <CoreInst = "m_axi">   --->   Core 113 'm_axi' <Latency = 0> <II = 1> <Delay = 1.00> <Adapter> <Opcode : 'read' 'write' 'readreq' 'writereq' 'writeresp'>
ST_2 : Operation 37 [1/1] (0.00ns)   --->   "%br_ln1708 = br i1 %trunc_ln1705, void %arrayidx81.case.0, void %arrayidx81.case.1" [H:/subband_ref_q610_opt_stage4_latency_stepL2.cpp:1708]   --->   Operation 37 'br' 'br_ln1708' <Predicate = true> <Delay = 0.00>
ST_2 : Operation 38 [1/1] (1.91ns)   --->   "%add_ln1706 = add i8 %select_ln1705, i8 1" [H:/subband_ref_q610_opt_stage4_latency_stepL2.cpp:1706]   --->   Operation 38 'add' 'add_ln1706' <Predicate = true> <Delay = 1.91> <CoreInst = "Adder">   --->   Core 1 'Adder' <Latency = 0> <II = 1> <Delay = 1.91> <FuncUnit> <Opcode : 'add' 'sub'> <InPorts = 2> <OutPorts = 1>
ST_2 : Operation 39 [1/1] (1.58ns)   --->   "%store_ln1705 = store i8 %select_ln1705_2, i8 %row" [H:/subband_ref_q610_opt_stage4_latency_stepL2.cpp:1705]   --->   Operation 39 'store' 'store_ln1705' <Predicate = true> <Delay = 1.58>
ST_2 : Operation 40 [1/1] (1.58ns)   --->   "%store_ln1706 = store i8 %add_ln1706, i8 %col" [H:/subband_ref_q610_opt_stage4_latency_stepL2.cpp:1706]   --->   Operation 40 'store' 'store_ln1706' <Predicate = true> <Delay = 1.58>
ST_2 : Operation 41 [1/1] (0.00ns)   --->   "%br_ln1706 = br void %for.inc" [H:/subband_ref_q610_opt_stage4_latency_stepL2.cpp:1706]   --->   Operation 41 'br' 'br_ln1706' <Predicate = true> <Delay = 0.00>
ST_2 : Operation 69 [1/1] (0.00ns)   --->   "%ret_ln0 = ret"   --->   Operation 69 'ret' 'ret_ln0' <Predicate = (icmp_ln1705)> <Delay = 0.00>

State 3 <SV = 2> <Delay = 7.24>
ST_3 : Operation 42 [1/1] (0.00ns)   --->   "%specloopname_ln0 = specloopname void @_ssdm_op_SpecLoopName, void @VITIS_LOOP_1705_1_VITIS_LOOP_1706_2_str"   --->   Operation 42 'specloopname' 'specloopname_ln0' <Predicate = true> <Delay = 0.00>
ST_3 : Operation 43 [1/1] (0.00ns)   --->   "%speclooptripcount_ln0 = speclooptripcount void @_ssdm_op_SpecLoopTripCount, i64 50176, i64 50176, i64 50176"   --->   Operation 43 'speclooptripcount' 'speclooptripcount_ln0' <Predicate = true> <Delay = 0.00>
ST_3 : Operation 44 [1/1] (0.00ns)   --->   "%zext_ln1708 = zext i7 %lshr_ln" [H:/subband_ref_q610_opt_stage4_latency_stepL2.cpp:1708]   --->   Operation 44 'zext' 'zext_ln1708' <Predicate = true> <Delay = 0.00>
ST_3 : Operation 45 [1/1] (0.00ns)   --->   "%tmp_s = bitconcatenate i10 @_ssdm_op_BitConcatenate.i10.i7.i3, i7 %lshr_ln, i3 0" [H:/subband_ref_q610_opt_stage4_latency_stepL2.cpp:1708]   --->   Operation 45 'bitconcatenate' 'tmp_s' <Predicate = true> <Delay = 0.00>
ST_3 : Operation 46 [1/1] (0.00ns) (grouped into TernaryAdder)   --->   "%sub_ln1708 = sub i10 %tmp_s, i10 %zext_ln1708" [H:/subband_ref_q610_opt_stage4_latency_stepL2.cpp:1708]   --->   Operation 46 'sub' 'sub_ln1708' <Predicate = true> <Delay = 0.00> <CoreInst = "TAddSub">   --->   Core 10 'TAddSub' <Latency = 0> <II = 1> <Delay = 1.86> <IPBlock> <Opcode : '' 'add' 'sub'> <InPorts = 3> <OutPorts = 1> <Sync> <CReg>
ST_3 : Operation 47 [1/1] (0.00ns)   --->   "%specpipeline_ln1707 = specpipeline void @_ssdm_op_SpecPipeline, i32 1, i32 0, i32 0, i32 0, void @empty_25" [H:/subband_ref_q610_opt_stage4_latency_stepL2.cpp:1707]   --->   Operation 47 'specpipeline' 'specpipeline_ln1707' <Predicate = true> <Delay = 0.00>
ST_3 : Operation 48 [1/1] (0.00ns)   --->   "%shl_ln = bitconcatenate i9 @_ssdm_op_BitConcatenate.i9.i5.i4, i5 %trunc_ln1708, i4 0" [H:/subband_ref_q610_opt_stage4_latency_stepL2.cpp:1708]   --->   Operation 48 'bitconcatenate' 'shl_ln' <Predicate = true> <Delay = 0.00>
ST_3 : Operation 49 [1/1] (0.00ns)   --->   "%zext_ln1708_2 = zext i3 %lshr_ln4" [H:/subband_ref_q610_opt_stage4_latency_stepL2.cpp:1708]   --->   Operation 49 'zext' 'zext_ln1708_2' <Predicate = true> <Delay = 0.00>
ST_3 : Operation 50 [1/1] (3.72ns) (root node of TernaryAdder)   --->   "%add_ln1708 = add i10 %sub_ln1708, i10 %zext_ln1708_2" [H:/subband_ref_q610_opt_stage4_latency_stepL2.cpp:1708]   --->   Operation 50 'add' 'add_ln1708' <Predicate = true> <Delay = 3.72> <CoreInst = "TAddSub">   --->   Core 10 'TAddSub' <Latency = 0> <II = 1> <Delay = 1.86> <IPBlock> <Opcode : '' 'add' 'sub'> <InPorts = 3> <OutPorts = 1> <Sync> <CReg>
ST_3 : Operation 51 [1/1] (0.00ns)   --->   "%zext_ln1708_3 = zext i10 %add_ln1708" [H:/subband_ref_q610_opt_stage4_latency_stepL2.cpp:1708]   --->   Operation 51 'zext' 'zext_ln1708_3' <Predicate = true> <Delay = 0.00>
ST_3 : Operation 52 [1/1] (0.00ns)   --->   "%output_0_addr = getelementptr i512 %output_0, i32 0, i32 %zext_ln1708_3" [H:/subband_ref_q610_opt_stage4_latency_stepL2.cpp:1708]   --->   Operation 52 'getelementptr' 'output_0_addr' <Predicate = true> <Delay = 0.00>
ST_3 : Operation 53 [1/1] (0.00ns)   --->   "%output_1_addr = getelementptr i512 %output_1, i32 0, i32 %zext_ln1708_3" [H:/subband_ref_q610_opt_stage4_latency_stepL2.cpp:1708]   --->   Operation 53 'getelementptr' 'output_1_addr' <Predicate = true> <Delay = 0.00>
ST_3 : Operation 54 [1/1] (0.00ns)   --->   "%zext_ln1708_4 = zext i9 %shl_ln" [H:/subband_ref_q610_opt_stage4_latency_stepL2.cpp:1708]   --->   Operation 54 'zext' 'zext_ln1708_4' <Predicate = true> <Delay = 0.00>
ST_3 : Operation 55 [1/1] (0.00ns)   --->   "%zext_ln1708_5 = zext i16 %weights_addr_read" [H:/subband_ref_q610_opt_stage4_latency_stepL2.cpp:1708]   --->   Operation 55 'zext' 'zext_ln1708_5' <Predicate = true> <Delay = 0.00>
ST_3 : Operation 56 [1/1] (3.98ns)   --->   "%shl_ln1708 = shl i512 %zext_ln1708_5, i512 %zext_ln1708_4" [H:/subband_ref_q610_opt_stage4_latency_stepL2.cpp:1708]   --->   Operation 56 'shl' 'shl_ln1708' <Predicate = true> <Delay = 3.98> <CoreInst = "Shifter">   --->   Core 75 'Shifter' <Latency = 0> <II = 1> <Delay = 3.98> <FuncUnit> <Opcode : 'shl' 'lshr' 'ashr'> <InPorts = 2> <OutPorts = 1>
ST_3 : Operation 57 [1/1] (0.00ns)   --->   "%specbramwithbyteenable_ln1708 = specbramwithbyteenable void @_ssdm_op_SpecBRAMWithByteEnable, i512 %output_0" [H:/subband_ref_q610_opt_stage4_latency_stepL2.cpp:1708]   --->   Operation 57 'specbramwithbyteenable' 'specbramwithbyteenable_ln1708' <Predicate = (!trunc_ln1705)> <Delay = 0.00>
ST_3 : Operation 58 [1/1] (0.00ns)   --->   "%tmp_42 = bitconcatenate i6 @_ssdm_op_BitConcatenate.i6.i5.i1, i5 %trunc_ln1708, i1 0" [H:/subband_ref_q610_opt_stage4_latency_stepL2.cpp:1708]   --->   Operation 58 'bitconcatenate' 'tmp_42' <Predicate = (!trunc_ln1705)> <Delay = 0.00>
ST_3 : Operation 59 [1/1] (0.00ns)   --->   "%zext_ln1708_7 = zext i6 %tmp_42" [H:/subband_ref_q610_opt_stage4_latency_stepL2.cpp:1708]   --->   Operation 59 'zext' 'zext_ln1708_7' <Predicate = (!trunc_ln1705)> <Delay = 0.00>
ST_3 : Operation 60 [1/1] (2.94ns)   --->   "%shl_ln1708_2 = shl i64 3, i64 %zext_ln1708_7" [H:/subband_ref_q610_opt_stage4_latency_stepL2.cpp:1708]   --->   Operation 60 'shl' 'shl_ln1708_2' <Predicate = (!trunc_ln1705)> <Delay = 2.94> <CoreInst = "Shifter">   --->   Core 75 'Shifter' <Latency = 0> <II = 1> <Delay = 2.94> <FuncUnit> <Opcode : 'shl' 'lshr' 'ashr'> <InPorts = 2> <OutPorts = 1>
ST_3 : Operation 61 [1/1] (3.25ns)   --->   "%store_ln1708 = store void @_ssdm_op_Write.bram.i512, i10 %output_0_addr, i512 %shl_ln1708, i64 %shl_ln1708_2" [H:/subband_ref_q610_opt_stage4_latency_stepL2.cpp:1708]   --->   Operation 61 'store' 'store_ln1708' <Predicate = (!trunc_ln1705)> <Delay = 3.25> <CoreInst = "RAM_2P_BRAM">   --->   Core 91 'RAM_2P_BRAM' <Latency = 1> <II = 1> <Delay = 3.25> <Storage> <Opcode : 'load' 'store'> <Ports = 2> <Width = 512> <Depth = 784> <RAM>
ST_3 : Operation 62 [1/1] (0.00ns)   --->   "%br_ln1708 = br void %arrayidx81.exit" [H:/subband_ref_q610_opt_stage4_latency_stepL2.cpp:1708]   --->   Operation 62 'br' 'br_ln1708' <Predicate = (!trunc_ln1705)> <Delay = 0.00>
ST_3 : Operation 63 [1/1] (0.00ns)   --->   "%specbramwithbyteenable_ln1708 = specbramwithbyteenable void @_ssdm_op_SpecBRAMWithByteEnable, i512 %output_1" [H:/subband_ref_q610_opt_stage4_latency_stepL2.cpp:1708]   --->   Operation 63 'specbramwithbyteenable' 'specbramwithbyteenable_ln1708' <Predicate = (trunc_ln1705)> <Delay = 0.00>
ST_3 : Operation 64 [1/1] (0.00ns)   --->   "%tmp = bitconcatenate i6 @_ssdm_op_BitConcatenate.i6.i5.i1, i5 %trunc_ln1708, i1 0" [H:/subband_ref_q610_opt_stage4_latency_stepL2.cpp:1708]   --->   Operation 64 'bitconcatenate' 'tmp' <Predicate = (trunc_ln1705)> <Delay = 0.00>
ST_3 : Operation 65 [1/1] (0.00ns)   --->   "%zext_ln1708_6 = zext i6 %tmp" [H:/subband_ref_q610_opt_stage4_latency_stepL2.cpp:1708]   --->   Operation 65 'zext' 'zext_ln1708_6' <Predicate = (trunc_ln1705)> <Delay = 0.00>
ST_3 : Operation 66 [1/1] (2.94ns)   --->   "%shl_ln1708_1 = shl i64 3, i64 %zext_ln1708_6" [H:/subband_ref_q610_opt_stage4_latency_stepL2.cpp:1708]   --->   Operation 66 'shl' 'shl_ln1708_1' <Predicate = (trunc_ln1705)> <Delay = 2.94> <CoreInst = "Shifter">   --->   Core 75 'Shifter' <Latency = 0> <II = 1> <Delay = 2.94> <FuncUnit> <Opcode : 'shl' 'lshr' 'ashr'> <InPorts = 2> <OutPorts = 1>
ST_3 : Operation 67 [1/1] (3.25ns)   --->   "%store_ln1708 = store void @_ssdm_op_Write.bram.i512, i10 %output_1_addr, i512 %shl_ln1708, i64 %shl_ln1708_1" [H:/subband_ref_q610_opt_stage4_latency_stepL2.cpp:1708]   --->   Operation 67 'store' 'store_ln1708' <Predicate = (trunc_ln1705)> <Delay = 3.25> <CoreInst = "RAM_2P_BRAM">   --->   Core 91 'RAM_2P_BRAM' <Latency = 1> <II = 1> <Delay = 3.25> <Storage> <Opcode : 'load' 'store'> <Ports = 2> <Width = 512> <Depth = 784> <RAM>
ST_3 : Operation 68 [1/1] (0.00ns)   --->   "%br_ln1708 = br void %arrayidx81.exit" [H:/subband_ref_q610_opt_stage4_latency_stepL2.cpp:1708]   --->   Operation 68 'br' 'br_ln1708' <Predicate = (trunc_ln1705)> <Delay = 0.00>


============================================================
+ Verbose Summary: Timing violations
============================================================
Target clock period: 10.000ns, clock uncertainty: 2.700ns.

 <State 1>: 5.253ns
The critical path consists of the following:
	'store' operation 0 bit ('store_ln0') of constant 0 on local variable 'indvar_flatten' [15]  (1.588 ns)
	'load' operation 16 bit ('indvar_flatten_load', H:/subband_ref_q610_opt_stage4_latency_stepL2.cpp:1705) on local variable 'indvar_flatten' [20]  (0.000 ns)
	'icmp' operation 1 bit ('icmp_ln1705', H:/subband_ref_q610_opt_stage4_latency_stepL2.cpp:1705) [21]  (2.077 ns)
	'store' operation 0 bit ('store_ln1705', H:/subband_ref_q610_opt_stage4_latency_stepL2.cpp:1705) of variable 'add_ln1705_2', H:/subband_ref_q610_opt_stage4_latency_stepL2.cpp:1705 on local variable 'indvar_flatten' [69]  (1.588 ns)

 <State 2>: 7.300ns
The critical path consists of the following:
	'getelementptr' operation 16 bit ('weights_addr', H:/subband_ref_q610_opt_stage4_latency_stepL2.cpp:1705) [27]  (0.000 ns)
	bus read operation ('weights_addr_read', H:/subband_ref_q610_opt_stage4_latency_stepL2.cpp:1708) on port 'weights' (H:/subband_ref_q610_opt_stage4_latency_stepL2.cpp:1708) [48]  (7.300 ns)

 <State 3>: 7.242ns
The critical path consists of the following:
	'shl' operation 512 bit ('shl_ln1708', H:/subband_ref_q610_opt_stage4_latency_stepL2.cpp:1708) [51]  (3.988 ns)
	'store' operation 0 bit ('store_ln1708', H:/subband_ref_q610_opt_stage4_latency_stepL2.cpp:1708) of constant <constant:_ssdm_op_Write.bram.i512> on array 'output_1' [65]  (3.254 ns)


============================================================
+ Verbose Summary: Binding
============================================================
N/A
* FSMD analyzer results:
  - Output states:
 - Input state : 
  - Chain level:
	State 1
	State 2
	State 3


============================================================
+ Verbose Summary: Datapath Resource usage 
============================================================
N/A
