

================================================================
== Vitis HLS Report for 'p_anonymous_namespace_LoadMatrixQ610_Pipeline_VITIS_LOOP_1705_1_VITIS_LOOP_1706_2'
================================================================
* Date:           Wed May 13 19:58:21 2026

* Version:        2023.2 (Build 4023990 on Oct 11 2023)
* Project:        subband_q610_zybo_z7_20_hls
* Solution:       solution1 (Vivado IP Flow Target)
* Product family: zynq
* Target device:  xc7z020-clg400-1


================================================================
== Performance Estimates
================================================================
+ Timing: 
    * Summary: 
    +--------+----------+----------+------------+
    |  Clock |  Target  | Estimated| Uncertainty|
    +--------+----------+----------+------------+
    |ap_clk  |  10.00 ns|  7.300 ns|     2.70 ns|
    +--------+----------+----------+------------+

+ Latency: 
    * Summary: 
    +---------+---------+-----------+-----------+------+------+---------+
    |  Latency (cycles) |   Latency (absolute)  |   Interval  | Pipeline|
    |   min   |   max   |    min    |    max    |  min |  max |   Type  |
    +---------+---------+-----------+-----------+------+------+---------+
    |     8963|     8963|  89.630 us|  89.630 us|  8963|  8963|       no|
    +---------+---------+-----------+-----------+------+------+---------+

    + Detail: 
        * Instance: 
        N/A

        * Loop: 
        +---------------------------------------+---------+---------+----------+-----------+-----------+------+----------+
        |                                       |  Latency (cycles) | Iteration|  Initiation Interval  | Trip |          |
        |               Loop Name               |   min   |   max   |  Latency |  achieved |   target  | Count| Pipelined|
        +---------------------------------------+---------+---------+----------+-----------+-----------+------+----------+
        |- VITIS_LOOP_1705_1_VITIS_LOOP_1706_2  |     8961|     8961|         3|          1|          1|  8960|       yes|
        +---------------------------------------+---------+---------+----------+-----------+-----------+------+----------+

============================================================
+ Verbose Summary: Synthesis Manager
============================================================
InlineROM: 1
ExposeGlobal: 0
============================================================
+ Verbose Summary: CDFG Model
============================================================
IsTopModel: 0
ResetActiveHigh: 1
IsCombinational: 0
IsDatapathOnly: 0
HasWiredReturn: 1
HasMFsm: 2
HasVarLatency: 1
IsPipeline: 0
IsRtlPipelined: 0
IsInstanceOverlapped: 0
IsDontTouch: 0
HasImplIP: 0
IsGatedGlobalClock: 0

+ Individual pipeline summary: 
  * Pipeline-0: initiation interval (II) = 1, depth = 3


============================================================
+ Verbose Summary: Schedule
============================================================
* Number of FSM states : 3
* Pipeline : 1
  Pipeline-0 : II = 1, D = 3, States = { 1 2 3 }
* Dataflow Pipeline: 0

* FSM state transitions: 
1 --> 2 
2 --> 3 
3 --> 

* FSM state operations: 

State 1 <SV = 0> <Delay = 4.98>
ST_1 : Operation 6 [1/1] (0.00ns)   --->   "%col = alloca i32 1" [H:/subband_ref_q610_opt_stage4_latency_stepL2.cpp:1706]   --->   Operation 6 'alloca' 'col' <Predicate = true> <Delay = 0.00>
ST_1 : Operation 7 [1/1] (0.00ns)   --->   "%row = alloca i32 1" [H:/subband_ref_q610_opt_stage4_latency_stepL2.cpp:1705]   --->   Operation 7 'alloca' 'row' <Predicate = true> <Delay = 0.00>
ST_1 : Operation 8 [1/1] (0.00ns)   --->   "%indvar_flatten = alloca i32 1"   --->   Operation 8 'alloca' 'indvar_flatten' <Predicate = true> <Delay = 0.00>
ST_1 : Operation 9 [1/1] (0.00ns)   --->   "%sext_ln1705_read = read i31 @_ssdm_op_Read.ap_auto.i31, i31 %sext_ln1705"   --->   Operation 9 'read' 'sext_ln1705_read' <Predicate = true> <Delay = 0.00>
ST_1 : Operation 10 [1/1] (0.00ns)   --->   "%sext_ln1705_cast = sext i31 %sext_ln1705_read"   --->   Operation 10 'sext' 'sext_ln1705_cast' <Predicate = true> <Delay = 0.00>
ST_1 : Operation 11 [1/1] (0.00ns)   --->   "%specmemcore_ln0 = specmemcore void @_ssdm_op_SpecMemCore, i64 %SubbandBand0TopQ610_ap_int_const_ap_int_const_ap_int_const_ap_int_const_ap_i, i64 666, i64 22, i64 18446744073709551615"   --->   Operation 11 'specmemcore' 'specmemcore_ln0' <Predicate = true> <Delay = 0.00>
ST_1 : Operation 12 [1/1] (0.00ns)   --->   "%specinterface_ln0 = specinterface void @_ssdm_op_SpecInterface, i16 %weights, void @empty_173, i32 0, i32 0, void @empty_25, i32 0, i32 8512, void @empty_177, void @empty_176, void @empty_25, i32 1, i32 1, i32 16, i32 16, void @empty_25, void @empty_25, i32 4294967295, i32 0"   --->   Operation 12 'specinterface' 'specinterface_ln0' <Predicate = true> <Delay = 0.00>
ST_1 : Operation 13 [1/1] (1.58ns)   --->   "%store_ln0 = store i14 0, i14 %indvar_flatten"   --->   Operation 13 'store' 'store_ln0' <Predicate = true> <Delay = 1.58>
ST_1 : Operation 14 [1/1] (1.58ns)   --->   "%store_ln1705 = store i6 0, i6 %row" [H:/subband_ref_q610_opt_stage4_latency_stepL2.cpp:1705]   --->   Operation 14 'store' 'store_ln1705' <Predicate = true> <Delay = 1.58>
ST_1 : Operation 15 [1/1] (1.58ns)   --->   "%store_ln1706 = store i8 0, i8 %col" [H:/subband_ref_q610_opt_stage4_latency_stepL2.cpp:1706]   --->   Operation 15 'store' 'store_ln1706' <Predicate = true> <Delay = 1.58>
ST_1 : Operation 16 [1/1] (0.00ns)   --->   "%br_ln0 = br void %for.inc"   --->   Operation 16 'br' 'br_ln0' <Predicate = true> <Delay = 0.00>
ST_1 : Operation 17 [1/1] (0.00ns)   --->   "%indvar_flatten_load = load i14 %indvar_flatten" [H:/subband_ref_q610_opt_stage4_latency_stepL2.cpp:1705]   --->   Operation 17 'load' 'indvar_flatten_load' <Predicate = true> <Delay = 0.00>
ST_1 : Operation 18 [1/1] (1.81ns)   --->   "%icmp_ln1705 = icmp_eq  i14 %indvar_flatten_load, i14 8960" [H:/subband_ref_q610_opt_stage4_latency_stepL2.cpp:1705]   --->   Operation 18 'icmp' 'icmp_ln1705' <Predicate = true> <Delay = 1.81> <CoreInst = "Cmp">   --->   Core 9 'Cmp' <Latency = 0> <II = 1> <Delay = 1.81> <FuncUnit> <Opcode : 'icmp'> <InPorts = 2> <OutPorts = 1>
ST_1 : Operation 19 [1/1] (1.81ns)   --->   "%add_ln1705_1 = add i14 %indvar_flatten_load, i14 1" [H:/subband_ref_q610_opt_stage4_latency_stepL2.cpp:1705]   --->   Operation 19 'add' 'add_ln1705_1' <Predicate = true> <Delay = 1.81> <CoreInst = "Adder">   --->   Core 1 'Adder' <Latency = 0> <II = 1> <Delay = 1.81> <FuncUnit> <Opcode : 'add' 'sub'> <InPorts = 2> <OutPorts = 1>
ST_1 : Operation 20 [1/1] (0.00ns)   --->   "%br_ln1705 = br i1 %icmp_ln1705, void %for.inc9, void %for.end11.exitStub" [H:/subband_ref_q610_opt_stage4_latency_stepL2.cpp:1705]   --->   Operation 20 'br' 'br_ln1705' <Predicate = true> <Delay = 0.00>
ST_1 : Operation 21 [1/1] (1.58ns)   --->   "%store_ln1705 = store i14 %add_ln1705_1, i14 %indvar_flatten" [H:/subband_ref_q610_opt_stage4_latency_stepL2.cpp:1705]   --->   Operation 21 'store' 'store_ln1705' <Predicate = (!icmp_ln1705)> <Delay = 1.58>

State 2 <SV = 1> <Delay = 7.30>
ST_2 : Operation 22 [1/1] (0.00ns)   --->   "%col_load = load i8 %col" [H:/subband_ref_q610_opt_stage4_latency_stepL2.cpp:1706]   --->   Operation 22 'load' 'col_load' <Predicate = true> <Delay = 0.00>
ST_2 : Operation 23 [1/1] (0.00ns)   --->   "%row_load = load i6 %row" [H:/subband_ref_q610_opt_stage4_latency_stepL2.cpp:1705]   --->   Operation 23 'load' 'row_load' <Predicate = true> <Delay = 0.00>
ST_2 : Operation 24 [1/1] (0.00ns)   --->   "%weights_addr = getelementptr i16 %weights, i32 %sext_ln1705_cast" [H:/subband_ref_q610_opt_stage4_latency_stepL2.cpp:1705]   --->   Operation 24 'getelementptr' 'weights_addr' <Predicate = true> <Delay = 0.00>
ST_2 : Operation 25 [1/1] (1.82ns)   --->   "%add_ln1705 = add i6 %row_load, i6 1" [H:/subband_ref_q610_opt_stage4_latency_stepL2.cpp:1705]   --->   Operation 25 'add' 'add_ln1705' <Predicate = true> <Delay = 1.82> <CoreInst = "Adder">   --->   Core 1 'Adder' <Latency = 0> <II = 1> <Delay = 1.82> <FuncUnit> <Opcode : 'add' 'sub'> <InPorts = 2> <OutPorts = 1>
ST_2 : Operation 26 [1/1] (1.91ns)   --->   "%icmp_ln1706 = icmp_eq  i8 %col_load, i8 224" [H:/subband_ref_q610_opt_stage4_latency_stepL2.cpp:1706]   --->   Operation 26 'icmp' 'icmp_ln1706' <Predicate = true> <Delay = 1.91> <CoreInst = "Cmp">   --->   Core 9 'Cmp' <Latency = 0> <II = 1> <Delay = 1.91> <FuncUnit> <Opcode : 'icmp'> <InPorts = 2> <OutPorts = 1>
ST_2 : Operation 27 [1/1] (1.24ns)   --->   "%select_ln1705 = select i1 %icmp_ln1706, i8 0, i8 %col_load" [H:/subband_ref_q610_opt_stage4_latency_stepL2.cpp:1705]   --->   Operation 27 'select' 'select_ln1705' <Predicate = true> <Delay = 1.24> <CoreInst = "Sel">   --->   Core 73 'Sel' <Latency = 0> <II = 1> <Delay = 1.24> <FuncUnit> <Opcode : 'select'> <InPorts = 3> <OutPorts = 1>
ST_2 : Operation 28 [1/1] (1.18ns)   --->   "%select_ln1705_1 = select i1 %icmp_ln1706, i6 %add_ln1705, i6 %row_load" [H:/subband_ref_q610_opt_stage4_latency_stepL2.cpp:1705]   --->   Operation 28 'select' 'select_ln1705_1' <Predicate = true> <Delay = 1.18> <CoreInst = "Sel">   --->   Core 73 'Sel' <Latency = 0> <II = 1> <Delay = 1.18> <FuncUnit> <Opcode : 'select'> <InPorts = 3> <OutPorts = 1>
ST_2 : Operation 29 [1/1] (0.00ns)   --->   "%lshr_ln = partselect i6 @_ssdm_op_PartSelect.i6.i8.i32.i32, i8 %select_ln1705, i32 2, i32 7" [H:/subband_ref_q610_opt_stage4_latency_stepL2.cpp:1706]   --->   Operation 29 'partselect' 'lshr_ln' <Predicate = true> <Delay = 0.00>
ST_2 : Operation 30 [1/1] (0.00ns)   --->   "%trunc_ln1708 = trunc i8 %select_ln1705" [H:/subband_ref_q610_opt_stage4_latency_stepL2.cpp:1708]   --->   Operation 30 'trunc' 'trunc_ln1708' <Predicate = true> <Delay = 0.00>
ST_2 : Operation 31 [1/1] (7.30ns)   --->   "%weights_addr_read = read i16 @_ssdm_op_Read.m_axi.p1i16, i16 %weights_addr" [H:/subband_ref_q610_opt_stage4_latency_stepL2.cpp:1708]   --->   Operation 31 'read' 'weights_addr_read' <Predicate = true> <Delay = 7.30> <CoreInst = "m_axi">   --->   Core 113 'm_axi' <Latency = 0> <II = 1> <Delay = 1.00> <Adapter> <Opcode : 'read' 'write' 'readreq' 'writereq' 'writeresp'>
ST_2 : Operation 32 [1/1] (1.91ns)   --->   "%add_ln1706 = add i8 %select_ln1705, i8 1" [H:/subband_ref_q610_opt_stage4_latency_stepL2.cpp:1706]   --->   Operation 32 'add' 'add_ln1706' <Predicate = true> <Delay = 1.91> <CoreInst = "Adder">   --->   Core 1 'Adder' <Latency = 0> <II = 1> <Delay = 1.91> <FuncUnit> <Opcode : 'add' 'sub'> <InPorts = 2> <OutPorts = 1>
ST_2 : Operation 33 [1/1] (1.58ns)   --->   "%store_ln1705 = store i6 %select_ln1705_1, i6 %row" [H:/subband_ref_q610_opt_stage4_latency_stepL2.cpp:1705]   --->   Operation 33 'store' 'store_ln1705' <Predicate = true> <Delay = 1.58>
ST_2 : Operation 34 [1/1] (1.58ns)   --->   "%store_ln1706 = store i8 %add_ln1706, i8 %col" [H:/subband_ref_q610_opt_stage4_latency_stepL2.cpp:1706]   --->   Operation 34 'store' 'store_ln1706' <Predicate = true> <Delay = 1.58>
ST_2 : Operation 56 [1/1] (0.00ns)   --->   "%ret_ln0 = ret"   --->   Operation 56 'ret' 'ret_ln0' <Predicate = (icmp_ln1705)> <Delay = 0.00>

State 3 <SV = 2> <Delay = 7.24>
ST_3 : Operation 35 [1/1] (0.00ns)   --->   "%specloopname_ln0 = specloopname void @_ssdm_op_SpecLoopName, void @VITIS_LOOP_1705_1_VITIS_LOOP_1706_2_str"   --->   Operation 35 'specloopname' 'specloopname_ln0' <Predicate = true> <Delay = 0.00>
ST_3 : Operation 36 [1/1] (0.00ns)   --->   "%speclooptripcount_ln0 = speclooptripcount void @_ssdm_op_SpecLoopTripCount, i64 8960, i64 8960, i64 8960"   --->   Operation 36 'speclooptripcount' 'speclooptripcount_ln0' <Predicate = true> <Delay = 0.00>
ST_3 : Operation 37 [1/1] (0.00ns)   --->   "%tmp_28 = bitconcatenate i12 @_ssdm_op_BitConcatenate.i12.i6.i6, i6 %select_ln1705_1, i6 0" [H:/subband_ref_q610_opt_stage4_latency_stepL2.cpp:1708]   --->   Operation 37 'bitconcatenate' 'tmp_28' <Predicate = true> <Delay = 0.00>
ST_3 : Operation 38 [1/1] (0.00ns)   --->   "%tmp_s = bitconcatenate i9 @_ssdm_op_BitConcatenate.i9.i6.i3, i6 %select_ln1705_1, i3 0" [H:/subband_ref_q610_opt_stage4_latency_stepL2.cpp:1708]   --->   Operation 38 'bitconcatenate' 'tmp_s' <Predicate = true> <Delay = 0.00>
ST_3 : Operation 39 [1/1] (0.00ns)   --->   "%zext_ln1708 = zext i9 %tmp_s" [H:/subband_ref_q610_opt_stage4_latency_stepL2.cpp:1708]   --->   Operation 39 'zext' 'zext_ln1708' <Predicate = true> <Delay = 0.00>
ST_3 : Operation 40 [1/1] (0.00ns) (grouped into TernaryAdder)   --->   "%sub_ln1708 = sub i12 %tmp_28, i12 %zext_ln1708" [H:/subband_ref_q610_opt_stage4_latency_stepL2.cpp:1708]   --->   Operation 40 'sub' 'sub_ln1708' <Predicate = true> <Delay = 0.00> <CoreInst = "TAddSub">   --->   Core 10 'TAddSub' <Latency = 0> <II = 1> <Delay = 1.89> <IPBlock> <Opcode : '' 'add' 'sub'> <InPorts = 3> <OutPorts = 1> <Sync> <CReg>
ST_3 : Operation 41 [1/1] (0.00ns)   --->   "%specpipeline_ln1707 = specpipeline void @_ssdm_op_SpecPipeline, i32 1, i32 0, i32 0, i32 0, void @empty_25" [H:/subband_ref_q610_opt_stage4_latency_stepL2.cpp:1707]   --->   Operation 41 'specpipeline' 'specpipeline_ln1707' <Predicate = true> <Delay = 0.00>
ST_3 : Operation 42 [1/1] (0.00ns)   --->   "%shl_ln = bitconcatenate i6 @_ssdm_op_BitConcatenate.i6.i2.i4, i2 %trunc_ln1708, i4 0" [H:/subband_ref_q610_opt_stage4_latency_stepL2.cpp:1708]   --->   Operation 42 'bitconcatenate' 'shl_ln' <Predicate = true> <Delay = 0.00>
ST_3 : Operation 43 [1/1] (0.00ns)   --->   "%zext_ln1708_15 = zext i6 %lshr_ln" [H:/subband_ref_q610_opt_stage4_latency_stepL2.cpp:1708]   --->   Operation 43 'zext' 'zext_ln1708_15' <Predicate = true> <Delay = 0.00>
ST_3 : Operation 44 [1/1] (3.78ns) (root node of TernaryAdder)   --->   "%add_ln1708 = add i12 %sub_ln1708, i12 %zext_ln1708_15" [H:/subband_ref_q610_opt_stage4_latency_stepL2.cpp:1708]   --->   Operation 44 'add' 'add_ln1708' <Predicate = true> <Delay = 3.78> <CoreInst = "TAddSub">   --->   Core 10 'TAddSub' <Latency = 0> <II = 1> <Delay = 1.89> <IPBlock> <Opcode : '' 'add' 'sub'> <InPorts = 3> <OutPorts = 1> <Sync> <CReg>
ST_3 : Operation 45 [1/1] (0.00ns)   --->   "%zext_ln1708_16 = zext i12 %add_ln1708" [H:/subband_ref_q610_opt_stage4_latency_stepL2.cpp:1708]   --->   Operation 45 'zext' 'zext_ln1708_16' <Predicate = true> <Delay = 0.00>
ST_3 : Operation 46 [1/1] (0.00ns)   --->   "%SubbandBand0TopQ610_ap_int_const_ap_int_const_ap_int_const_ap_int_const_ap_i_41 = getelementptr i64 %SubbandBand0TopQ610_ap_int_const_ap_int_const_ap_int_const_ap_int_const_ap_i, i32 0, i32 %zext_ln1708_16" [H:/subband_ref_q610_opt_stage4_latency_stepL2.cpp:1708]   --->   Operation 46 'getelementptr' 'SubbandBand0TopQ610_ap_int_const_ap_int_const_ap_int_const_ap_int_const_ap_i_41' <Predicate = true> <Delay = 0.00>
ST_3 : Operation 47 [1/1] (0.00ns)   --->   "%zext_ln1708_17 = zext i6 %shl_ln" [H:/subband_ref_q610_opt_stage4_latency_stepL2.cpp:1708]   --->   Operation 47 'zext' 'zext_ln1708_17' <Predicate = true> <Delay = 0.00>
ST_3 : Operation 48 [1/1] (0.00ns)   --->   "%zext_ln1708_18 = zext i16 %weights_addr_read" [H:/subband_ref_q610_opt_stage4_latency_stepL2.cpp:1708]   --->   Operation 48 'zext' 'zext_ln1708_18' <Predicate = true> <Delay = 0.00>
ST_3 : Operation 49 [1/1] (3.98ns)   --->   "%shl_ln1708 = shl i64 %zext_ln1708_18, i64 %zext_ln1708_17" [H:/subband_ref_q610_opt_stage4_latency_stepL2.cpp:1708]   --->   Operation 49 'shl' 'shl_ln1708' <Predicate = true> <Delay = 3.98> <CoreInst = "Shifter">   --->   Core 75 'Shifter' <Latency = 0> <II = 1> <Delay = 3.98> <FuncUnit> <Opcode : 'shl' 'lshr' 'ashr'> <InPorts = 2> <OutPorts = 1>
ST_3 : Operation 50 [1/1] (0.00ns)   --->   "%specbramwithbyteenable_ln1708 = specbramwithbyteenable void @_ssdm_op_SpecBRAMWithByteEnable, i64 %SubbandBand0TopQ610_ap_int_const_ap_int_const_ap_int_const_ap_int_const_ap_i" [H:/subband_ref_q610_opt_stage4_latency_stepL2.cpp:1708]   --->   Operation 50 'specbramwithbyteenable' 'specbramwithbyteenable_ln1708' <Predicate = true> <Delay = 0.00>
ST_3 : Operation 51 [1/1] (0.00ns)   --->   "%tmp = bitconcatenate i3 @_ssdm_op_BitConcatenate.i3.i2.i1, i2 %trunc_ln1708, i1 0" [H:/subband_ref_q610_opt_stage4_latency_stepL2.cpp:1708]   --->   Operation 51 'bitconcatenate' 'tmp' <Predicate = true> <Delay = 0.00>
ST_3 : Operation 52 [1/1] (0.00ns)   --->   "%zext_ln1708_19 = zext i3 %tmp" [H:/subband_ref_q610_opt_stage4_latency_stepL2.cpp:1708]   --->   Operation 52 'zext' 'zext_ln1708_19' <Predicate = true> <Delay = 0.00>
ST_3 : Operation 53 [1/1] (2.12ns)   --->   "%shl_ln1708_6 = shl i8 3, i8 %zext_ln1708_19" [H:/subband_ref_q610_opt_stage4_latency_stepL2.cpp:1708]   --->   Operation 53 'shl' 'shl_ln1708_6' <Predicate = true> <Delay = 2.12> <CoreInst = "Shifter">   --->   Core 75 'Shifter' <Latency = 0> <II = 1> <Delay = 2.12> <FuncUnit> <Opcode : 'shl' 'lshr' 'ashr'> <InPorts = 2> <OutPorts = 1>
ST_3 : Operation 54 [1/1] (3.25ns)   --->   "%store_ln1708 = store void @_ssdm_op_Write.bram.i64, i12 %SubbandBand0TopQ610_ap_int_const_ap_int_const_ap_int_const_ap_int_const_ap_i_41, i64 %shl_ln1708, i8 %shl_ln1708_6" [H:/subband_ref_q610_opt_stage4_latency_stepL2.cpp:1708]   --->   Operation 54 'store' 'store_ln1708' <Predicate = true> <Delay = 3.25> <CoreInst = "RAM_2P_BRAM">   --->   Core 91 'RAM_2P_BRAM' <Latency = 1> <II = 1> <Delay = 3.25> <Storage> <Opcode : 'load' 'store'> <Ports = 2> <Width = 64> <Depth = 2240> <RAM>
ST_3 : Operation 55 [1/1] (0.00ns)   --->   "%br_ln1706 = br void %for.inc" [H:/subband_ref_q610_opt_stage4_latency_stepL2.cpp:1706]   --->   Operation 55 'br' 'br_ln1706' <Predicate = true> <Delay = 0.00>


============================================================
+ Verbose Summary: Binding
============================================================
STG Binding: 
---------------- STG Properties BEGIN ----------------
- Is combinational: 0
- Is one-state seq: 0
- Is datapath-only: 0
- Is pipelined: 0
- Is top level: 0
Port [ Return ] is wired: 1; IO mode=ap_ctrl_hs:ce=0
Port [ weights]:  wired=1; compound=1; hidden=0; nouse=0; global=0; static=0; extern=0; dir=0; type=4; pingpong=0; private_global=0; IO mode=m_axi:ce=0
Port [ sext_ln1705]:  wired=1; compound=0; hidden=0; nouse=0; global=0; static=0; extern=0; dir=0; type=0; pingpong=0; private_global=0; IO mode=ap_none:ce=0
Port [ SubbandBand0TopQ610_ap_int_const_ap_int_const_ap_int_const_ap_int_const_ap_i]:  wired=1; compound=1; hidden=0; nouse=0; global=1; static=1; extern=0; dir=1; type=1; pingpong=0; private_global=0; MemPort=[30]; IO mode=ap_memory:ce=0
---------------- STG Properties END ------------------

---------------- Datapath Model BEGIN ----------------

<LifeTime>
<method=bitvector/>
col                                                                             (alloca                ) [ 0110]
row                                                                             (alloca                ) [ 0110]
indvar_flatten                                                                  (alloca                ) [ 0100]
sext_ln1705_read                                                                (read                  ) [ 0000]
sext_ln1705_cast                                                                (sext                  ) [ 0110]
specmemcore_ln0                                                                 (specmemcore           ) [ 0000]
specinterface_ln0                                                               (specinterface         ) [ 0000]
store_ln0                                                                       (store                 ) [ 0000]
store_ln1705                                                                    (store                 ) [ 0000]
store_ln1706                                                                    (store                 ) [ 0000]
br_ln0                                                                          (br                    ) [ 0000]
indvar_flatten_load                                                             (load                  ) [ 0000]
icmp_ln1705                                                                     (icmp                  ) [ 0110]
add_ln1705_1                                                                    (add                   ) [ 0000]
br_ln1705                                                                       (br                    ) [ 0000]
store_ln1705                                                                    (store                 ) [ 0000]
col_load                                                                        (load                  ) [ 0000]
row_load                                                                        (load                  ) [ 0000]
weights_addr                                                                    (getelementptr         ) [ 0000]
add_ln1705                                                                      (add                   ) [ 0000]
icmp_ln1706                                                                     (icmp                  ) [ 0000]
select_ln1705                                                                   (select                ) [ 0000]
select_ln1705_1                                                                 (select                ) [ 0101]
lshr_ln                                                                         (partselect            ) [ 0101]
trunc_ln1708                                                                    (trunc                 ) [ 0101]
weights_addr_read                                                               (read                  ) [ 0101]
add_ln1706                                                                      (add                   ) [ 0000]
store_ln1705                                                                    (store                 ) [ 0000]
store_ln1706                                                                    (store                 ) [ 0000]
specloopname_ln0                                                                (specloopname          ) [ 0000]
speclooptripcount_ln0                                                           (speclooptripcount     ) [ 0000]
tmp_28                                                                          (bitconcatenate        ) [ 0000]
tmp_s                                                                           (bitconcatenate        ) [ 0000]
zext_ln1708                                                                     (zext                  ) [ 0000]
sub_ln1708                                                                      (sub                   ) [ 0000]
specpipeline_ln1707                                                             (specpipeline          ) [ 0000]
shl_ln                                                                          (bitconcatenate        ) [ 0000]
zext_ln1708_15                                                                  (zext                  ) [ 0000]
add_ln1708                                                                      (add                   ) [ 0000]
zext_ln1708_16                                                                  (zext                  ) [ 0000]
SubbandBand0TopQ610_ap_int_const_ap_int_const_ap_int_const_ap_int_const_ap_i_41 (getelementptr         ) [ 0000]
zext_ln1708_17                                                                  (zext                  ) [ 0000]
zext_ln1708_18                                                                  (zext                  ) [ 0000]
shl_ln1708                                                                      (shl                   ) [ 0000]
specbramwithbyteenable_ln1708                                                   (specbramwithbyteenable) [ 0000]
tmp                                                                             (bitconcatenate        ) [ 0000]
zext_ln1708_19                                                                  (zext                  ) [ 0000]
shl_ln1708_6                                                                    (shl                   ) [ 0000]
store_ln1708                                                                    (store                 ) [ 0000]
br_ln1706                                                                       (br                    ) [ 0000]
ret_ln0                                                                         (ret                   ) [ 0000]
</LifeTime>

<model>

<comp_list>
<comp id="0" class="1000" name="weights">
<pin_list>
<pin id="1" dir="1" index="0" bw="1" slack="0"/>
</pin_list>
<bind>
<StgValue><ssdm name="weights"/></StgValue>
</bind>
</comp>

<comp id="2" class="1000" name="sext_ln1705">
<pin_list>
<pin id="3" dir="1" index="0" bw="1" slack="0"/>
</pin_list>
<bind>
<StgValue><ssdm name="sext_ln1705"/></StgValue>
</bind>
</comp>

<comp id="4" class="1000" name="SubbandBand0TopQ610_ap_int_const_ap_int_const_ap_int_const_ap_int_const_ap_i">
<pin_list>
<pin id="5" dir="1" index="0" bw="1" slack="0"/>
</pin_list>
<bind>
<StgValue><ssdm name="SubbandBand0TopQ610_ap_int_const_ap_int_const_ap_int_const_ap_int_const_ap_i"/><MemPortTyVec>3 0 </MemPortTyVec>
</StgValue>
</bind>
</comp>

<comp id="6" class="1001" name="const_6">
<pin_list>
<pin id="7" dir="1" index="0" bw="1" slack="0"/>
</pin_list>
<bind>
<StgValue><ssdm name=""/></StgValue>
</bind>
</comp>

<comp id="8" class="1001" name="const_8">
<pin_list>
<pin id="9" dir="1" index="0" bw="1" slack="0"/>
</pin_list>
<bind>
<StgValue><ssdm name="_ssdm_op_Read.ap_auto.i31"/></StgValue>
</bind>
</comp>

<comp id="10" class="1001" name="const_10">
<pin_list>
<pin id="11" dir="1" index="0" bw="1" slack="2147483647"/>
</pin_list>
<bind>
<StgValue><ssdm name="_ssdm_op_SpecMemCore"/></StgValue>
</bind>
</comp>

<comp id="12" class="1001" name="const_12">
<pin_list>
<pin id="13" dir="1" index="0" bw="1" slack="2147483647"/>
</pin_list>
<bind>
<StgValue><ssdm name=""/></StgValue>
</bind>
</comp>

<comp id="14" class="1001" name="const_14">
<pin_list>
<pin id="15" dir="1" index="0" bw="1" slack="2147483647"/>
</pin_list>
<bind>
<StgValue><ssdm name=""/></StgValue>
</bind>
</comp>

<comp id="16" class="1001" name="const_16">
<pin_list>
<pin id="17" dir="1" index="0" bw="1" slack="2147483647"/>
</pin_list>
<bind>
<StgValue><ssdm name=""/></StgValue>
</bind>
</comp>

<comp id="18" class="1001" name="const_18">
<pin_list>
<pin id="19" dir="1" index="0" bw="1" slack="2147483647"/>
</pin_list>
<bind>
<StgValue><ssdm name="_ssdm_op_SpecInterface"/></StgValue>
</bind>
</comp>

<comp id="20" class="1001" name="const_20">
<pin_list>
<pin id="21" dir="1" index="0" bw="1" slack="2147483647"/>
</pin_list>
<bind>
<StgValue><ssdm name="empty_173"/></StgValue>
</bind>
</comp>

<comp id="22" class="1001" name="const_22">
<pin_list>
<pin id="23" dir="1" index="0" bw="1" slack="0"/>
</pin_list>
<bind>
<StgValue><ssdm name=""/></StgValue>
</bind>
</comp>

<comp id="24" class="1001" name="const_24">
<pin_list>
<pin id="25" dir="1" index="0" bw="1" slack="2147483647"/>
</pin_list>
<bind>
<StgValue><ssdm name="empty_25"/></StgValue>
</bind>
</comp>

<comp id="26" class="1001" name="const_26">
<pin_list>
<pin id="27" dir="1" index="0" bw="1" slack="2147483647"/>
</pin_list>
<bind>
<StgValue><ssdm name=""/></StgValue>
</bind>
</comp>

<comp id="28" class="1001" name="const_28">
<pin_list>
<pin id="29" dir="1" index="0" bw="1" slack="2147483647"/>
</pin_list>
<bind>
<StgValue><ssdm name="empty_177"/></StgValue>
</bind>
</comp>

<comp id="30" class="1001" name="const_30">
<pin_list>
<pin id="31" dir="1" index="0" bw="1" slack="2147483647"/>
</pin_list>
<bind>
<StgValue><ssdm name="empty_176"/></StgValue>
</bind>
</comp>

<comp id="32" class="1001" name="const_32">
<pin_list>
<pin id="33" dir="1" index="0" bw="1" slack="2147483647"/>
</pin_list>
<bind>
<StgValue><ssdm name=""/></StgValue>
</bind>
</comp>

<comp id="34" class="1001" name="const_34">
<pin_list>
<pin id="35" dir="1" index="0" bw="1" slack="2147483647"/>
</pin_list>
<bind>
<StgValue><ssdm name=""/></StgValue>
</bind>
</comp>

<comp id="36" class="1001" name="const_36">
<pin_list>
<pin id="37" dir="1" index="0" bw="1" slack="0"/>
</pin_list>
<bind>
<StgValue><ssdm name=""/></StgValue>
</bind>
</comp>

<comp id="38" class="1001" name="const_38">
<pin_list>
<pin id="39" dir="1" index="0" bw="1" slack="0"/>
</pin_list>
<bind>
<StgValue><ssdm name=""/></StgValue>
</bind>
</comp>

<comp id="40" class="1001" name="const_40">
<pin_list>
<pin id="41" dir="1" index="0" bw="1" slack="0"/>
</pin_list>
<bind>
<StgValue><ssdm name=""/></StgValue>
</bind>
</comp>

<comp id="42" class="1001" name="const_42">
<pin_list>
<pin id="43" dir="1" index="0" bw="1" slack="0"/>
</pin_list>
<bind>
<StgValue><ssdm name=""/></StgValue>
</bind>
</comp>

<comp id="44" class="1001" name="const_44">
<pin_list>
<pin id="45" dir="1" index="0" bw="1" slack="0"/>
</pin_list>
<bind>
<StgValue><ssdm name=""/></StgValue>
</bind>
</comp>

<comp id="46" class="1001" name="const_46">
<pin_list>
<pin id="47" dir="1" index="0" bw="1" slack="0"/>
</pin_list>
<bind>
<StgValue><ssdm name=""/></StgValue>
</bind>
</comp>

<comp id="48" class="1001" name="const_48">
<pin_list>
<pin id="49" dir="1" index="0" bw="1" slack="0"/>
</pin_list>
<bind>
<StgValue><ssdm name=""/></StgValue>
</bind>
</comp>

<comp id="50" class="1001" name="const_50">
<pin_list>
<pin id="51" dir="1" index="0" bw="1" slack="0"/>
</pin_list>
<bind>
<StgValue><ssdm name="_ssdm_op_PartSelect.i6.i8.i32.i32"/></StgValue>
</bind>
</comp>

<comp id="52" class="1001" name="const_52">
<pin_list>
<pin id="53" dir="1" index="0" bw="1" slack="0"/>
</pin_list>
<bind>
<StgValue><ssdm name=""/></StgValue>
</bind>
</comp>

<comp id="54" class="1001" name="const_54">
<pin_list>
<pin id="55" dir="1" index="0" bw="1" slack="0"/>
</pin_list>
<bind>
<StgValue><ssdm name=""/></StgValue>
</bind>
</comp>

<comp id="56" class="1001" name="const_56">
<pin_list>
<pin id="57" dir="1" index="0" bw="1" slack="0"/>
</pin_list>
<bind>
<StgValue><ssdm name="_ssdm_op_Read.m_axi.p1i16"/></StgValue>
</bind>
</comp>

<comp id="58" class="1001" name="const_58">
<pin_list>
<pin id="59" dir="1" index="0" bw="1" slack="0"/>
</pin_list>
<bind>
<StgValue><ssdm name=""/></StgValue>
</bind>
</comp>

<comp id="60" class="1001" name="const_60">
<pin_list>
<pin id="61" dir="1" index="0" bw="1" slack="2147483647"/>
</pin_list>
<bind>
<StgValue><ssdm name="_ssdm_op_SpecLoopName"/></StgValue>
</bind>
</comp>

<comp id="62" class="1001" name="const_62">
<pin_list>
<pin id="63" dir="1" index="0" bw="1" slack="2147483647"/>
</pin_list>
<bind>
<StgValue><ssdm name="VITIS_LOOP_1705_1_VITIS_LOOP_1706_2_str"/></StgValue>
</bind>
</comp>

<comp id="64" class="1001" name="const_64">
<pin_list>
<pin id="65" dir="1" index="0" bw="1" slack="2147483647"/>
</pin_list>
<bind>
<StgValue><ssdm name="_ssdm_op_SpecLoopTripCount"/></StgValue>
</bind>
</comp>

<comp id="66" class="1001" name="const_66">
<pin_list>
<pin id="67" dir="1" index="0" bw="1" slack="2147483647"/>
</pin_list>
<bind>
<StgValue><ssdm name=""/></StgValue>
</bind>
</comp>

<comp id="68" class="1001" name="const_68">
<pin_list>
<pin id="69" dir="1" index="0" bw="1" slack="0"/>
</pin_list>
<bind>
<StgValue><ssdm name="_ssdm_op_BitConcatenate.i12.i6.i6"/></StgValue>
</bind>
</comp>

<comp id="70" class="1001" name="const_70">
<pin_list>
<pin id="71" dir="1" index="0" bw="1" slack="0"/>
</pin_list>
<bind>
<StgValue><ssdm name="_ssdm_op_BitConcatenate.i9.i6.i3"/></StgValue>
</bind>
</comp>

<comp id="72" class="1001" name="const_72">
<pin_list>
<pin id="73" dir="1" index="0" bw="1" slack="0"/>
</pin_list>
<bind>
<StgValue><ssdm name=""/></StgValue>
</bind>
</comp>

<comp id="74" class="1001" name="const_74">
<pin_list>
<pin id="75" dir="1" index="0" bw="1" slack="2147483647"/>
</pin_list>
<bind>
<StgValue><ssdm name="_ssdm_op_SpecPipeline"/></StgValue>
</bind>
</comp>

<comp id="76" class="1001" name="const_76">
<pin_list>
<pin id="77" dir="1" index="0" bw="1" slack="0"/>
</pin_list>
<bind>
<StgValue><ssdm name="_ssdm_op_BitConcatenate.i6.i2.i4"/></StgValue>
</bind>
</comp>

<comp id="78" class="1001" name="const_78">
<pin_list>
<pin id="79" dir="1" index="0" bw="1" slack="0"/>
</pin_list>
<bind>
<StgValue><ssdm name=""/></StgValue>
</bind>
</comp>

<comp id="80" class="1001" name="const_80">
<pin_list>
<pin id="81" dir="1" index="0" bw="1" slack="2147483647"/>
</pin_list>
<bind>
<StgValue><ssdm name="_ssdm_op_SpecBRAMWithByteEnable"/></StgValue>
</bind>
</comp>

<comp id="82" class="1001" name="const_82">
<pin_list>
<pin id="83" dir="1" index="0" bw="1" slack="0"/>
</pin_list>
<bind>
<StgValue><ssdm name="_ssdm_op_BitConcatenate.i3.i2.i1"/></StgValue>
</bind>
</comp>

<comp id="84" class="1001" name="const_84">
<pin_list>
<pin id="85" dir="1" index="0" bw="1" slack="0"/>
</pin_list>
<bind>
<StgValue><ssdm name=""/></StgValue>
</bind>
</comp>

<comp id="86" class="1001" name="const_86">
<pin_list>
<pin id="87" dir="1" index="0" bw="1" slack="0"/>
</pin_list>
<bind>
<StgValue><ssdm name=""/></StgValue>
</bind>
</comp>

<comp id="88" class="1001" name="const_88">
<pin_list>
<pin id="89" dir="1" index="0" bw="1" slack="2147483647"/>
</pin_list>
<bind>
<StgValue><ssdm name="_ssdm_op_Write.bram.i64"/></StgValue>
</bind>
</comp>

<comp id="90" class="1004" name="col_fu_90">
<pin_list>
<pin id="91" dir="0" index="0" bw="1" slack="0"/>
<pin id="92" dir="1" index="1" bw="8" slack="0"/>
</pin_list>
<bind>
<opcode="alloca(26) " fcode="alloca"/>
<opset="col/1 "/>
</bind>
</comp>

<comp id="94" class="1004" name="row_fu_94">
<pin_list>
<pin id="95" dir="0" index="0" bw="1" slack="0"/>
<pin id="96" dir="1" index="1" bw="6" slack="0"/>
</pin_list>
<bind>
<opcode="alloca(26) " fcode="alloca"/>
<opset="row/1 "/>
</bind>
</comp>

<comp id="98" class="1004" name="indvar_flatten_fu_98">
<pin_list>
<pin id="99" dir="0" index="0" bw="1" slack="0"/>
<pin id="100" dir="1" index="1" bw="14" slack="0"/>
</pin_list>
<bind>
<opcode="alloca(26) " fcode="alloca"/>
<opset="indvar_flatten/1 "/>
</bind>
</comp>

<comp id="102" class="1004" name="sext_ln1705_read_read_fu_102">
<pin_list>
<pin id="103" dir="0" index="0" bw="31" slack="0"/>
<pin id="104" dir="0" index="1" bw="31" slack="0"/>
<pin id="105" dir="1" index="2" bw="31" slack="0"/>
</pin_list>
<bind>
<opcode="read(1150) " fcode="read"/>
<opset="sext_ln1705_read/1 "/>
</bind>
</comp>

<comp id="108" class="1004" name="weights_addr_read_read_fu_108">
<pin_list>
<pin id="109" dir="0" index="0" bw="16" slack="0"/>
<pin id="110" dir="0" index="1" bw="16" slack="0"/>
<pin id="111" dir="1" index="2" bw="16" slack="1"/>
</pin_list>
<bind>
<opcode="read(1150) " fcode="read"/>
<opset="weights_addr_read/2 "/>
</bind>
</comp>

<comp id="113" class="1004" name="SubbandBand0TopQ610_ap_int_const_ap_int_const_ap_int_const_ap_int_const_ap_i_41_gep_fu_113">
<pin_list>
<pin id="114" dir="0" index="0" bw="64" slack="0"/>
<pin id="115" dir="0" index="1" bw="1" slack="0"/>
<pin id="116" dir="0" index="2" bw="12" slack="0"/>
<pin id="117" dir="1" index="3" bw="12" slack="2147483647"/>
</pin_list>
<bind>
<opcode="getelementptr(29) " fcode="getelementptr"/>
<opset="SubbandBand0TopQ610_ap_int_const_ap_int_const_ap_int_const_ap_int_const_ap_i_41/3 "/>
</bind>
</comp>

<comp id="120" class="1004" name="store_ln1708_access_fu_120">
<pin_list>
<pin id="121" dir="0" index="0" bw="12" slack="2147483647"/>
<pin id="122" dir="0" index="1" bw="64" slack="2147483647"/>
<pin id="123" dir="0" index="2" bw="8" slack="2147483647"/>
<pin id="125" dir="0" index="4" bw="12" slack="2147483647"/>
<pin id="126" dir="0" index="5" bw="64" slack="0"/>
<pin id="127" dir="0" index="6" bw="8" slack="0"/>
<pin id="124" dir="1" index="3" bw="64" slack="2147483647"/>
<pin id="128" dir="1" index="7" bw="64" slack="2147483647"/>
</pin_list>
<bind>
<opcode="store(28) " fcode="store"/>
<opset="store_ln1708/3 "/>
</bind>
</comp>

<comp id="129" class="1004" name="sext_ln1705_cast_fu_129">
<pin_list>
<pin id="130" dir="0" index="0" bw="31" slack="0"/>
<pin id="131" dir="1" index="1" bw="32" slack="1"/>
</pin_list>
<bind>
<opcode="sext(35) " fcode="sext"/>
<opset="sext_ln1705_cast/1 "/>
</bind>
</comp>

<comp id="133" class="1004" name="store_ln0_store_fu_133">
<pin_list>
<pin id="134" dir="0" index="0" bw="1" slack="0"/>
<pin id="135" dir="0" index="1" bw="14" slack="0"/>
<pin id="136" dir="1" index="2" bw="0" slack="2147483647"/>
</pin_list>
<bind>
<opcode="store(28) " fcode="store"/>
<opset="store_ln0/1 "/>
</bind>
</comp>

<comp id="138" class="1004" name="store_ln1705_store_fu_138">
<pin_list>
<pin id="139" dir="0" index="0" bw="1" slack="0"/>
<pin id="140" dir="0" index="1" bw="6" slack="0"/>
<pin id="141" dir="1" index="2" bw="0" slack="2147483647"/>
</pin_list>
<bind>
<opcode="store(28) " fcode="store"/>
<opset="store_ln1705/1 "/>
</bind>
</comp>

<comp id="143" class="1004" name="store_ln1706_store_fu_143">
<pin_list>
<pin id="144" dir="0" index="0" bw="1" slack="0"/>
<pin id="145" dir="0" index="1" bw="8" slack="0"/>
<pin id="146" dir="1" index="2" bw="0" slack="2147483647"/>
</pin_list>
<bind>
<opcode="store(28) " fcode="store"/>
<opset="store_ln1706/1 "/>
</bind>
</comp>

<comp id="148" class="1004" name="indvar_flatten_load_load_fu_148">
<pin_list>
<pin id="149" dir="0" index="0" bw="14" slack="0"/>
<pin id="150" dir="1" index="1" bw="14" slack="0"/>
</pin_list>
<bind>
<opcode="load(27) " fcode="load"/>
<opset="indvar_flatten_load/1 "/>
</bind>
</comp>

<comp id="151" class="1004" name="icmp_ln1705_fu_151">
<pin_list>
<pin id="152" dir="0" index="0" bw="14" slack="0"/>
<pin id="153" dir="0" index="1" bw="14" slack="0"/>
<pin id="154" dir="1" index="2" bw="1" slack="1"/>
</pin_list>
<bind>
<opcode="icmp(45) " fcode="icmp"/>
<opset="icmp_ln1705/1 "/>
</bind>
</comp>

<comp id="157" class="1004" name="add_ln1705_1_fu_157">
<pin_list>
<pin id="158" dir="0" index="0" bw="14" slack="0"/>
<pin id="159" dir="0" index="1" bw="1" slack="0"/>
<pin id="160" dir="1" index="2" bw="14" slack="0"/>
</pin_list>
<bind>
<opcode="add(8) " fcode="add"/>
<opset="add_ln1705_1/1 "/>
</bind>
</comp>

<comp id="163" class="1004" name="store_ln1705_store_fu_163">
<pin_list>
<pin id="164" dir="0" index="0" bw="14" slack="0"/>
<pin id="165" dir="0" index="1" bw="14" slack="0"/>
<pin id="166" dir="1" index="2" bw="0" slack="2147483647"/>
</pin_list>
<bind>
<opcode="store(28) " fcode="store"/>
<opset="store_ln1705/1 "/>
</bind>
</comp>

<comp id="168" class="1004" name="col_load_load_fu_168">
<pin_list>
<pin id="169" dir="0" index="0" bw="8" slack="1"/>
<pin id="170" dir="1" index="1" bw="8" slack="0"/>
</pin_list>
<bind>
<opcode="load(27) " fcode="load"/>
<opset="col_load/2 "/>
</bind>
</comp>

<comp id="171" class="1004" name="row_load_load_fu_171">
<pin_list>
<pin id="172" dir="0" index="0" bw="6" slack="1"/>
<pin id="173" dir="1" index="1" bw="6" slack="0"/>
</pin_list>
<bind>
<opcode="load(27) " fcode="load"/>
<opset="row_load/2 "/>
</bind>
</comp>

<comp id="174" class="1004" name="weights_addr_fu_174">
<pin_list>
<pin id="175" dir="0" index="0" bw="16" slack="0"/>
<pin id="176" dir="0" index="1" bw="31" slack="1"/>
<pin id="177" dir="1" index="2" bw="16" slack="0"/>
</pin_list>
<bind>
<opcode="getelementptr(29) " fcode="getelementptr"/>
<opset="weights_addr/2 "/>
</bind>
</comp>

<comp id="180" class="1004" name="add_ln1705_fu_180">
<pin_list>
<pin id="181" dir="0" index="0" bw="6" slack="0"/>
<pin id="182" dir="0" index="1" bw="1" slack="0"/>
<pin id="183" dir="1" index="2" bw="6" slack="0"/>
</pin_list>
<bind>
<opcode="add(8) " fcode="add"/>
<opset="add_ln1705/2 "/>
</bind>
</comp>

<comp id="186" class="1004" name="icmp_ln1706_fu_186">
<pin_list>
<pin id="187" dir="0" index="0" bw="8" slack="0"/>
<pin id="188" dir="0" index="1" bw="6" slack="0"/>
<pin id="189" dir="1" index="2" bw="1" slack="0"/>
</pin_list>
<bind>
<opcode="icmp(45) " fcode="icmp"/>
<opset="icmp_ln1706/2 "/>
</bind>
</comp>

<comp id="192" class="1004" name="select_ln1705_fu_192">
<pin_list>
<pin id="193" dir="0" index="0" bw="1" slack="0"/>
<pin id="194" dir="0" index="1" bw="1" slack="0"/>
<pin id="195" dir="0" index="2" bw="8" slack="0"/>
<pin id="196" dir="1" index="3" bw="8" slack="0"/>
</pin_list>
<bind>
<opcode="select(49) " fcode="select"/>
<opset="select_ln1705/2 "/>
</bind>
</comp>

<comp id="200" class="1004" name="select_ln1705_1_fu_200">
<pin_list>
<pin id="201" dir="0" index="0" bw="1" slack="0"/>
<pin id="202" dir="0" index="1" bw="6" slack="0"/>
<pin id="203" dir="0" index="2" bw="6" slack="0"/>
<pin id="204" dir="1" index="3" bw="6" slack="0"/>
</pin_list>
<bind>
<opcode="select(49) " fcode="select"/>
<opset="select_ln1705_1/2 "/>
</bind>
</comp>

<comp id="208" class="1004" name="lshr_ln_fu_208">
<pin_list>
<pin id="209" dir="0" index="0" bw="6" slack="0"/>
<pin id="210" dir="0" index="1" bw="8" slack="0"/>
<pin id="211" dir="0" index="2" bw="3" slack="0"/>
<pin id="212" dir="0" index="3" bw="4" slack="0"/>
<pin id="213" dir="1" index="4" bw="6" slack="1"/>
</pin_list>
<bind>
<opcode="partselect(1002) " fcode="partselect"/>
<opset="lshr_ln/2 "/>
</bind>
</comp>

<comp id="218" class="1004" name="trunc_ln1708_fu_218">
<pin_list>
<pin id="219" dir="0" index="0" bw="8" slack="0"/>
<pin id="220" dir="1" index="1" bw="2" slack="1"/>
</pin_list>
<bind>
<opcode="trunc(33) " fcode="trunc"/>
<opset="trunc_ln1708/2 "/>
</bind>
</comp>

<comp id="222" class="1004" name="add_ln1706_fu_222">
<pin_list>
<pin id="223" dir="0" index="0" bw="8" slack="0"/>
<pin id="224" dir="0" index="1" bw="1" slack="0"/>
<pin id="225" dir="1" index="2" bw="8" slack="0"/>
</pin_list>
<bind>
<opcode="add(8) " fcode="add"/>
<opset="add_ln1706/2 "/>
</bind>
</comp>

<comp id="228" class="1004" name="store_ln1705_store_fu_228">
<pin_list>
<pin id="229" dir="0" index="0" bw="6" slack="0"/>
<pin id="230" dir="0" index="1" bw="6" slack="1"/>
<pin id="231" dir="1" index="2" bw="0" slack="2147483647"/>
</pin_list>
<bind>
<opcode="store(28) " fcode="store"/>
<opset="store_ln1705/2 "/>
</bind>
</comp>

<comp id="233" class="1004" name="store_ln1706_store_fu_233">
<pin_list>
<pin id="234" dir="0" index="0" bw="8" slack="0"/>
<pin id="235" dir="0" index="1" bw="8" slack="1"/>
<pin id="236" dir="1" index="2" bw="0" slack="2147483647"/>
</pin_list>
<bind>
<opcode="store(28) " fcode="store"/>
<opset="store_ln1706/2 "/>
</bind>
</comp>

<comp id="238" class="1004" name="tmp_28_fu_238">
<pin_list>
<pin id="239" dir="0" index="0" bw="12" slack="0"/>
<pin id="240" dir="0" index="1" bw="6" slack="1"/>
<pin id="241" dir="0" index="2" bw="1" slack="0"/>
<pin id="242" dir="1" index="3" bw="12" slack="0"/>
</pin_list>
<bind>
<opcode="bitconcatenate(1004) " fcode="bitconcatenate"/>
<opset="tmp_28/3 "/>
</bind>
</comp>

<comp id="245" class="1004" name="tmp_s_fu_245">
<pin_list>
<pin id="246" dir="0" index="0" bw="9" slack="0"/>
<pin id="247" dir="0" index="1" bw="6" slack="1"/>
<pin id="248" dir="0" index="2" bw="1" slack="0"/>
<pin id="249" dir="1" index="3" bw="9" slack="0"/>
</pin_list>
<bind>
<opcode="bitconcatenate(1004) " fcode="bitconcatenate"/>
<opset="tmp_s/3 "/>
</bind>
</comp>

<comp id="252" class="1004" name="zext_ln1708_fu_252">
<pin_list>
<pin id="253" dir="0" index="0" bw="9" slack="0"/>
<pin id="254" dir="1" index="1" bw="12" slack="0"/>
</pin_list>
<bind>
<opcode="zext(34) " fcode="zext"/>
<opset="zext_ln1708/3 "/>
</bind>
</comp>

<comp id="256" class="1004" name="sub_ln1708_fu_256">
<pin_list>
<pin id="257" dir="0" index="0" bw="12" slack="0"/>
<pin id="258" dir="0" index="1" bw="9" slack="0"/>
<pin id="259" dir="1" index="2" bw="12" slack="0"/>
</pin_list>
<bind>
<opcode="sub(10) " fcode="sub"/>
<opset="sub_ln1708/3 "/>
</bind>
</comp>

<comp id="262" class="1004" name="shl_ln_fu_262">
<pin_list>
<pin id="263" dir="0" index="0" bw="6" slack="0"/>
<pin id="264" dir="0" index="1" bw="2" slack="1"/>
<pin id="265" dir="0" index="2" bw="1" slack="0"/>
<pin id="266" dir="1" index="3" bw="6" slack="0"/>
</pin_list>
<bind>
<opcode="bitconcatenate(1004) " fcode="bitconcatenate"/>
<opset="shl_ln/3 "/>
</bind>
</comp>

<comp id="269" class="1004" name="zext_ln1708_15_fu_269">
<pin_list>
<pin id="270" dir="0" index="0" bw="6" slack="1"/>
<pin id="271" dir="1" index="1" bw="12" slack="0"/>
</pin_list>
<bind>
<opcode="zext(34) " fcode="zext"/>
<opset="zext_ln1708_15/3 "/>
</bind>
</comp>

<comp id="272" class="1004" name="add_ln1708_fu_272">
<pin_list>
<pin id="273" dir="0" index="0" bw="12" slack="0"/>
<pin id="274" dir="0" index="1" bw="6" slack="0"/>
<pin id="275" dir="1" index="2" bw="12" slack="0"/>
</pin_list>
<bind>
<opcode="add(8) " fcode="add"/>
<opset="add_ln1708/3 "/>
</bind>
</comp>

<comp id="278" class="1004" name="zext_ln1708_16_fu_278">
<pin_list>
<pin id="279" dir="0" index="0" bw="12" slack="0"/>
<pin id="280" dir="1" index="1" bw="32" slack="0"/>
</pin_list>
<bind>
<opcode="zext(34) " fcode="zext"/>
<opset="zext_ln1708_16/3 "/>
</bind>
</comp>

<comp id="283" class="1004" name="zext_ln1708_17_fu_283">
<pin_list>
<pin id="284" dir="0" index="0" bw="6" slack="0"/>
<pin id="285" dir="1" index="1" bw="64" slack="0"/>
</pin_list>
<bind>
<opcode="zext(34) " fcode="zext"/>
<opset="zext_ln1708_17/3 "/>
</bind>
</comp>

<comp id="287" class="1004" name="zext_ln1708_18_fu_287">
<pin_list>
<pin id="288" dir="0" index="0" bw="16" slack="1"/>
<pin id="289" dir="1" index="1" bw="64" slack="0"/>
</pin_list>
<bind>
<opcode="zext(34) " fcode="zext"/>
<opset="zext_ln1708_18/3 "/>
</bind>
</comp>

<comp id="290" class="1004" name="shl_ln1708_fu_290">
<pin_list>
<pin id="291" dir="0" index="0" bw="16" slack="0"/>
<pin id="292" dir="0" index="1" bw="6" slack="0"/>
<pin id="293" dir="1" index="2" bw="64" slack="0"/>
</pin_list>
<bind>
<opcode="shl(20) " fcode="shl"/>
<opset="shl_ln1708/3 "/>
</bind>
</comp>

<comp id="297" class="1004" name="tmp_fu_297">
<pin_list>
<pin id="298" dir="0" index="0" bw="3" slack="0"/>
<pin id="299" dir="0" index="1" bw="2" slack="1"/>
<pin id="300" dir="0" index="2" bw="1" slack="0"/>
<pin id="301" dir="1" index="3" bw="3" slack="0"/>
</pin_list>
<bind>
<opcode="bitconcatenate(1004) " fcode="bitconcatenate"/>
<opset="tmp/3 "/>
</bind>
</comp>

<comp id="304" class="1004" name="zext_ln1708_19_fu_304">
<pin_list>
<pin id="305" dir="0" index="0" bw="3" slack="0"/>
<pin id="306" dir="1" index="1" bw="8" slack="0"/>
</pin_list>
<bind>
<opcode="zext(34) " fcode="zext"/>
<opset="zext_ln1708_19/3 "/>
</bind>
</comp>

<comp id="308" class="1004" name="shl_ln1708_6_fu_308">
<pin_list>
<pin id="309" dir="0" index="0" bw="3" slack="0"/>
<pin id="310" dir="0" index="1" bw="3" slack="0"/>
<pin id="311" dir="1" index="2" bw="8" slack="0"/>
</pin_list>
<bind>
<opcode="shl(20) " fcode="shl"/>
<opset="shl_ln1708_6/3 "/>
</bind>
</comp>

<comp id="315" class="1005" name="col_reg_315">
<pin_list>
<pin id="316" dir="0" index="0" bw="8" slack="0"/>
<pin id="317" dir="1" index="1" bw="8" slack="0"/>
</pin_list>
<bind>
<opset="col "/>
</bind>
</comp>

<comp id="322" class="1005" name="row_reg_322">
<pin_list>
<pin id="323" dir="0" index="0" bw="6" slack="0"/>
<pin id="324" dir="1" index="1" bw="6" slack="0"/>
</pin_list>
<bind>
<opset="row "/>
</bind>
</comp>

<comp id="329" class="1005" name="indvar_flatten_reg_329">
<pin_list>
<pin id="330" dir="0" index="0" bw="14" slack="0"/>
<pin id="331" dir="1" index="1" bw="14" slack="0"/>
</pin_list>
<bind>
<opset="indvar_flatten "/>
</bind>
</comp>

<comp id="336" class="1005" name="sext_ln1705_cast_reg_336">
<pin_list>
<pin id="337" dir="0" index="0" bw="32" slack="1"/>
<pin id="338" dir="1" index="1" bw="32" slack="1"/>
</pin_list>
<bind>
<opset="sext_ln1705_cast "/>
</bind>
</comp>

<comp id="341" class="1005" name="icmp_ln1705_reg_341">
<pin_list>
<pin id="342" dir="0" index="0" bw="1" slack="1"/>
<pin id="343" dir="1" index="1" bw="1" slack="2147483647"/>
</pin_list>
<bind>
<opset="icmp_ln1705 "/>
</bind>
</comp>

<comp id="345" class="1005" name="select_ln1705_1_reg_345">
<pin_list>
<pin id="346" dir="0" index="0" bw="6" slack="1"/>
<pin id="347" dir="1" index="1" bw="6" slack="1"/>
</pin_list>
<bind>
<opset="select_ln1705_1 "/>
</bind>
</comp>

<comp id="351" class="1005" name="lshr_ln_reg_351">
<pin_list>
<pin id="352" dir="0" index="0" bw="6" slack="1"/>
<pin id="353" dir="1" index="1" bw="6" slack="1"/>
</pin_list>
<bind>
<opset="lshr_ln "/>
</bind>
</comp>

<comp id="356" class="1005" name="trunc_ln1708_reg_356">
<pin_list>
<pin id="357" dir="0" index="0" bw="2" slack="1"/>
<pin id="358" dir="1" index="1" bw="2" slack="1"/>
</pin_list>
<bind>
<opset="trunc_ln1708 "/>
</bind>
</comp>

<comp id="362" class="1005" name="weights_addr_read_reg_362">
<pin_list>
<pin id="363" dir="0" index="0" bw="16" slack="1"/>
<pin id="364" dir="1" index="1" bw="16" slack="1"/>
</pin_list>
<bind>
<opset="weights_addr_read "/>
</bind>
</comp>

</comp_list>

<net_list>
<net id="93"><net_src comp="6" pin="0"/><net_sink comp="90" pin=0"/></net>

<net id="97"><net_src comp="6" pin="0"/><net_sink comp="94" pin=0"/></net>

<net id="101"><net_src comp="6" pin="0"/><net_sink comp="98" pin=0"/></net>

<net id="106"><net_src comp="8" pin="0"/><net_sink comp="102" pin=0"/></net>

<net id="107"><net_src comp="2" pin="0"/><net_sink comp="102" pin=1"/></net>

<net id="112"><net_src comp="56" pin="0"/><net_sink comp="108" pin=0"/></net>

<net id="118"><net_src comp="4" pin="0"/><net_sink comp="113" pin=0"/></net>

<net id="119"><net_src comp="22" pin="0"/><net_sink comp="113" pin=1"/></net>

<net id="132"><net_src comp="102" pin="2"/><net_sink comp="129" pin=0"/></net>

<net id="137"><net_src comp="36" pin="0"/><net_sink comp="133" pin=0"/></net>

<net id="142"><net_src comp="38" pin="0"/><net_sink comp="138" pin=0"/></net>

<net id="147"><net_src comp="40" pin="0"/><net_sink comp="143" pin=0"/></net>

<net id="155"><net_src comp="148" pin="1"/><net_sink comp="151" pin=0"/></net>

<net id="156"><net_src comp="42" pin="0"/><net_sink comp="151" pin=1"/></net>

<net id="161"><net_src comp="148" pin="1"/><net_sink comp="157" pin=0"/></net>

<net id="162"><net_src comp="44" pin="0"/><net_sink comp="157" pin=1"/></net>

<net id="167"><net_src comp="157" pin="2"/><net_sink comp="163" pin=0"/></net>

<net id="178"><net_src comp="0" pin="0"/><net_sink comp="174" pin=0"/></net>

<net id="179"><net_src comp="174" pin="2"/><net_sink comp="108" pin=1"/></net>

<net id="184"><net_src comp="171" pin="1"/><net_sink comp="180" pin=0"/></net>

<net id="185"><net_src comp="46" pin="0"/><net_sink comp="180" pin=1"/></net>

<net id="190"><net_src comp="168" pin="1"/><net_sink comp="186" pin=0"/></net>

<net id="191"><net_src comp="48" pin="0"/><net_sink comp="186" pin=1"/></net>

<net id="197"><net_src comp="186" pin="2"/><net_sink comp="192" pin=0"/></net>

<net id="198"><net_src comp="40" pin="0"/><net_sink comp="192" pin=1"/></net>

<net id="199"><net_src comp="168" pin="1"/><net_sink comp="192" pin=2"/></net>

<net id="205"><net_src comp="186" pin="2"/><net_sink comp="200" pin=0"/></net>

<net id="206"><net_src comp="180" pin="2"/><net_sink comp="200" pin=1"/></net>

<net id="207"><net_src comp="171" pin="1"/><net_sink comp="200" pin=2"/></net>

<net id="214"><net_src comp="50" pin="0"/><net_sink comp="208" pin=0"/></net>

<net id="215"><net_src comp="192" pin="3"/><net_sink comp="208" pin=1"/></net>

<net id="216"><net_src comp="52" pin="0"/><net_sink comp="208" pin=2"/></net>

<net id="217"><net_src comp="54" pin="0"/><net_sink comp="208" pin=3"/></net>

<net id="221"><net_src comp="192" pin="3"/><net_sink comp="218" pin=0"/></net>

<net id="226"><net_src comp="192" pin="3"/><net_sink comp="222" pin=0"/></net>

<net id="227"><net_src comp="58" pin="0"/><net_sink comp="222" pin=1"/></net>

<net id="232"><net_src comp="200" pin="3"/><net_sink comp="228" pin=0"/></net>

<net id="237"><net_src comp="222" pin="2"/><net_sink comp="233" pin=0"/></net>

<net id="243"><net_src comp="68" pin="0"/><net_sink comp="238" pin=0"/></net>

<net id="244"><net_src comp="38" pin="0"/><net_sink comp="238" pin=2"/></net>

<net id="250"><net_src comp="70" pin="0"/><net_sink comp="245" pin=0"/></net>

<net id="251"><net_src comp="72" pin="0"/><net_sink comp="245" pin=2"/></net>

<net id="255"><net_src comp="245" pin="3"/><net_sink comp="252" pin=0"/></net>

<net id="260"><net_src comp="238" pin="3"/><net_sink comp="256" pin=0"/></net>

<net id="261"><net_src comp="252" pin="1"/><net_sink comp="256" pin=1"/></net>

<net id="267"><net_src comp="76" pin="0"/><net_sink comp="262" pin=0"/></net>

<net id="268"><net_src comp="78" pin="0"/><net_sink comp="262" pin=2"/></net>

<net id="276"><net_src comp="256" pin="2"/><net_sink comp="272" pin=0"/></net>

<net id="277"><net_src comp="269" pin="1"/><net_sink comp="272" pin=1"/></net>

<net id="281"><net_src comp="272" pin="2"/><net_sink comp="278" pin=0"/></net>

<net id="282"><net_src comp="278" pin="1"/><net_sink comp="113" pin=2"/></net>

<net id="286"><net_src comp="262" pin="3"/><net_sink comp="283" pin=0"/></net>

<net id="294"><net_src comp="287" pin="1"/><net_sink comp="290" pin=0"/></net>

<net id="295"><net_src comp="283" pin="1"/><net_sink comp="290" pin=1"/></net>

<net id="296"><net_src comp="290" pin="2"/><net_sink comp="120" pin=5"/></net>

<net id="302"><net_src comp="82" pin="0"/><net_sink comp="297" pin=0"/></net>

<net id="303"><net_src comp="84" pin="0"/><net_sink comp="297" pin=2"/></net>

<net id="307"><net_src comp="297" pin="3"/><net_sink comp="304" pin=0"/></net>

<net id="312"><net_src comp="86" pin="0"/><net_sink comp="308" pin=0"/></net>

<net id="313"><net_src comp="304" pin="1"/><net_sink comp="308" pin=1"/></net>

<net id="314"><net_src comp="308" pin="2"/><net_sink comp="120" pin=6"/></net>

<net id="318"><net_src comp="90" pin="1"/><net_sink comp="315" pin=0"/></net>

<net id="319"><net_src comp="315" pin="1"/><net_sink comp="143" pin=1"/></net>

<net id="320"><net_src comp="315" pin="1"/><net_sink comp="168" pin=0"/></net>

<net id="321"><net_src comp="315" pin="1"/><net_sink comp="233" pin=1"/></net>

<net id="325"><net_src comp="94" pin="1"/><net_sink comp="322" pin=0"/></net>

<net id="326"><net_src comp="322" pin="1"/><net_sink comp="138" pin=1"/></net>

<net id="327"><net_src comp="322" pin="1"/><net_sink comp="171" pin=0"/></net>

<net id="328"><net_src comp="322" pin="1"/><net_sink comp="228" pin=1"/></net>

<net id="332"><net_src comp="98" pin="1"/><net_sink comp="329" pin=0"/></net>

<net id="333"><net_src comp="329" pin="1"/><net_sink comp="133" pin=1"/></net>

<net id="334"><net_src comp="329" pin="1"/><net_sink comp="148" pin=0"/></net>

<net id="335"><net_src comp="329" pin="1"/><net_sink comp="163" pin=1"/></net>

<net id="339"><net_src comp="129" pin="1"/><net_sink comp="336" pin=0"/></net>

<net id="340"><net_src comp="336" pin="1"/><net_sink comp="174" pin=1"/></net>

<net id="344"><net_src comp="151" pin="2"/><net_sink comp="341" pin=0"/></net>

<net id="348"><net_src comp="200" pin="3"/><net_sink comp="345" pin=0"/></net>

<net id="349"><net_src comp="345" pin="1"/><net_sink comp="238" pin=1"/></net>

<net id="350"><net_src comp="345" pin="1"/><net_sink comp="245" pin=1"/></net>

<net id="354"><net_src comp="208" pin="4"/><net_sink comp="351" pin=0"/></net>

<net id="355"><net_src comp="351" pin="1"/><net_sink comp="269" pin=0"/></net>

<net id="359"><net_src comp="218" pin="1"/><net_sink comp="356" pin=0"/></net>

<net id="360"><net_src comp="356" pin="1"/><net_sink comp="262" pin=1"/></net>

<net id="361"><net_src comp="356" pin="1"/><net_sink comp="297" pin=1"/></net>

<net id="365"><net_src comp="108" pin="2"/><net_sink comp="362" pin=0"/></net>

<net id="366"><net_src comp="362" pin="1"/><net_sink comp="287" pin=0"/></net>

</net_list>

</model> 
---------------- Datapath Model END ------------------

* FSMD analyzer results:
  - Output states:
	Port: SubbandBand0TopQ610_ap_int_const_ap_int_const_ap_int_const_ap_int_const_ap_i | {3 }
 - Input state : 
	Port: (anonymous namespace)LoadMatrixQ610_Pipeline_VITIS_LOOP_1705_1_VITIS_LOOP_1706_2 : weights | {2 }
	Port: (anonymous namespace)LoadMatrixQ610_Pipeline_VITIS_LOOP_1705_1_VITIS_LOOP_1706_2 : sext_ln1705 | {1 }
  - Chain level:
	State 1
		store_ln0 : 1
		store_ln1705 : 1
		store_ln1706 : 1
		indvar_flatten_load : 1
		icmp_ln1705 : 2
		add_ln1705_1 : 2
		br_ln1705 : 3
		store_ln1705 : 3
	State 2
		add_ln1705 : 1
		icmp_ln1706 : 1
		select_ln1705 : 2
		select_ln1705_1 : 2
		lshr_ln : 3
		trunc_ln1708 : 3
		weights_addr_read : 1
		add_ln1706 : 3
		store_ln1705 : 3
		store_ln1706 : 4
	State 3
		zext_ln1708 : 1
		sub_ln1708 : 2
		add_ln1708 : 3
		zext_ln1708_16 : 4
		SubbandBand0TopQ610_ap_int_const_ap_int_const_ap_int_const_ap_int_const_ap_i_41 : 5
		zext_ln1708_17 : 1
		shl_ln1708 : 2
		zext_ln1708_19 : 1
		shl_ln1708_6 : 2
		store_ln1708 : 6


============================================================
+ Verbose Summary: Datapath Resource usage 
============================================================

* Functional unit list:
|----------|-------------------------------|---------|---------|
| Operation|        Functional Unit        |    FF   |   LUT   |
|----------|-------------------------------|---------|---------|
|          |      add_ln1705_1_fu_157      |    0    |    17   |
|    add   |       add_ln1705_fu_180       |    0    |    14   |
|          |       add_ln1706_fu_222       |    0    |    15   |
|          |       add_ln1708_fu_272       |    0    |    12   |
|----------|-------------------------------|---------|---------|
|    shl   |       shl_ln1708_fu_290       |    0    |    35   |
|          |      shl_ln1708_6_fu_308      |    0    |    7    |
|----------|-------------------------------|---------|---------|
|   icmp   |       icmp_ln1705_fu_151      |    0    |    17   |
|          |       icmp_ln1706_fu_186      |    0    |    15   |
|----------|-------------------------------|---------|---------|
|  select  |      select_ln1705_fu_192     |    0    |    8    |
|          |     select_ln1705_1_fu_200    |    0    |    6    |
|----------|-------------------------------|---------|---------|
|    sub   |       sub_ln1708_fu_256       |    0    |    12   |
|----------|-------------------------------|---------|---------|
|   read   |  sext_ln1705_read_read_fu_102 |    0    |    0    |
|          | weights_addr_read_read_fu_108 |    0    |    0    |
|----------|-------------------------------|---------|---------|
|   sext   |    sext_ln1705_cast_fu_129    |    0    |    0    |
|----------|-------------------------------|---------|---------|
|partselect|         lshr_ln_fu_208        |    0    |    0    |
|----------|-------------------------------|---------|---------|
|   trunc  |      trunc_ln1708_fu_218      |    0    |    0    |
|----------|-------------------------------|---------|---------|
|          |         tmp_28_fu_238         |    0    |    0    |
|bitconcatenate|          tmp_s_fu_245         |    0    |    0    |
|          |         shl_ln_fu_262         |    0    |    0    |
|          |           tmp_fu_297          |    0    |    0    |
|----------|-------------------------------|---------|---------|
|          |       zext_ln1708_fu_252      |    0    |    0    |
|          |     zext_ln1708_15_fu_269     |    0    |    0    |
|   zext   |     zext_ln1708_16_fu_278     |    0    |    0    |
|          |     zext_ln1708_17_fu_283     |    0    |    0    |
|          |     zext_ln1708_18_fu_287     |    0    |    0    |
|          |     zext_ln1708_19_fu_304     |    0    |    0    |
|----------|-------------------------------|---------|---------|
|   Total  |                               |    0    |   158   |
|----------|-------------------------------|---------|---------|

Memories:
N/A

* Register list:
+-------------------------+--------+
|                         |   FF   |
+-------------------------+--------+
|       col_reg_315       |    8   |
|   icmp_ln1705_reg_341   |    1   |
|  indvar_flatten_reg_329 |   14   |
|     lshr_ln_reg_351     |    6   |
|       row_reg_322       |    6   |
| select_ln1705_1_reg_345 |    6   |
| sext_ln1705_cast_reg_336|   32   |
|   trunc_ln1708_reg_356  |    2   |
|weights_addr_read_reg_362|   16   |
+-------------------------+--------+
|          Total          |   91   |
+-------------------------+--------+

* Multiplexer (MUX) list: 
|--------|------|------|------|--------|
|  Comp  |  Pin | Size |  BW  | S x BW |
|--------|------|------|------|--------|
|  Total |      |      |      |    0   |
|--------|------|------|------|--------|



* Summary:
+-----------+--------+--------+
|           |   FF   |   LUT  |
+-----------+--------+--------+
|  Function |    0   |   158  |
|   Memory  |    -   |    -   |
|Multiplexer|    -   |    -   |
|  Register |   91   |    -   |
+-----------+--------+--------+
|   Total   |   91   |   158  |
+-----------+--------+--------+
