

================================================================
== Vitis HLS Report for 'p_anonymous_namespace_RunGSULayer0StreamParallelQ610_Pipeline_VITIS_LOOP_1765_1'
================================================================
* Date:           Wed May 13 19:58:22 2026

* Version:        2023.2 (Build 4023990 on Oct 11 2023)
* Project:        subband_q610_zybo_z7_20_hls
* Solution:       solution1 (Vivado IP Flow Target)
* Product family: zynq
* Target device:  xc7z020-clg400-1


================================================================
== Performance Estimates
================================================================
+ Timing: 
    * Summary: 
    +--------+----------+----------+------------+
    |  Clock |  Target  | Estimated| Uncertainty|
    +--------+----------+----------+------------+
    |ap_clk  |  10.00 ns|  5.116 ns|     2.70 ns|
    +--------+----------+----------+------------+

+ Latency: 
    * Summary: 
    +---------+---------+----------+----------+-----+-----+---------+
    |  Latency (cycles) |  Latency (absolute) |  Interval | Pipeline|
    |   min   |   max   |    min   |    max   | min | max |   Type  |
    +---------+---------+----------+----------+-----+-----+---------+
    |       40|       40|  0.400 us|  0.400 us|   40|   40|       no|
    +---------+---------+----------+----------+-----+-----+---------+

    + Detail: 
        * Instance: 
        N/A

        * Loop: 
        +---------------------+---------+---------+----------+-----------+-----------+------+----------+
        |                     |  Latency (cycles) | Iteration|  Initiation Interval  | Trip |          |
        |      Loop Name      |   min   |   max   |  Latency |  achieved |   target  | Count| Pipelined|
        +---------------------+---------+---------+----------+-----------+-----------+------+----------+
        |- VITIS_LOOP_1765_1  |       38|       38|         2|          1|          1|    38|       yes|
        +---------------------+---------+---------+----------+-----------+-----------+------+----------+

============================================================
+ Verbose Summary: Synthesis Manager
============================================================
InlineROM: 1
ExposeGlobal: 0
============================================================
+ Verbose Summary: CDFG Model
============================================================
IsTopModel: 0
ResetActiveHigh: 1
IsCombinational: 0
IsDatapathOnly: 0
HasWiredReturn: 1
HasMFsm: 2
HasVarLatency: 1
IsPipeline: 0
IsRtlPipelined: 0
IsInstanceOverlapped: 0
IsDontTouch: 0
HasImplIP: 0
IsGatedGlobalClock: 0

+ Individual pipeline summary: 
  * Pipeline-0: initiation interval (II) = 1, depth = 2


============================================================
+ Verbose Summary: Schedule
============================================================
* Number of FSM states : 2
* Pipeline : 1
  Pipeline-0 : II = 1, D = 2, States = { 1 2 }
* Dataflow Pipeline: 0

* FSM state transitions: 
1 --> 2 
2 --> 

* FSM state operations: 

State 1 <SV = 0> <Delay = 5.00>
ST_1 : Operation 5 [1/1] (0.00ns)   --->   "%index = alloca i32 1" [H:/subband_ref_q610_opt_stage4_latency_stepL2.cpp:1765->H:/subband_ref_q610_opt_stage4_latency_stepL2.cpp:1983]   --->   Operation 5 'alloca' 'index' <Predicate = true> <Delay = 0.00>
ST_1 : Operation 6 [1/1] (0.00ns)   --->   "%empty = alloca i32 1"   --->   Operation 6 'alloca' 'empty' <Predicate = true> <Delay = 0.00>
ST_1 : Operation 7 [1/1] (0.00ns)   --->   "%empty_1007 = alloca i32 1"   --->   Operation 7 'alloca' 'empty_1007' <Predicate = true> <Delay = 0.00>
ST_1 : Operation 8 [1/1] (0.00ns)   --->   "%empty_1008 = alloca i32 1"   --->   Operation 8 'alloca' 'empty_1008' <Predicate = true> <Delay = 0.00>
ST_1 : Operation 9 [1/1] (0.00ns)   --->   "%empty_1009 = alloca i32 1"   --->   Operation 9 'alloca' 'empty_1009' <Predicate = true> <Delay = 0.00>
ST_1 : Operation 10 [1/1] (0.00ns)   --->   "%empty_1010 = alloca i32 1"   --->   Operation 10 'alloca' 'empty_1010' <Predicate = true> <Delay = 0.00>
ST_1 : Operation 11 [1/1] (0.00ns)   --->   "%empty_1011 = alloca i32 1"   --->   Operation 11 'alloca' 'empty_1011' <Predicate = true> <Delay = 0.00>
ST_1 : Operation 12 [1/1] (0.00ns)   --->   "%empty_1012 = alloca i32 1"   --->   Operation 12 'alloca' 'empty_1012' <Predicate = true> <Delay = 0.00>
ST_1 : Operation 13 [1/1] (0.00ns)   --->   "%empty_1013 = alloca i32 1"   --->   Operation 13 'alloca' 'empty_1013' <Predicate = true> <Delay = 0.00>
ST_1 : Operation 14 [1/1] (0.00ns)   --->   "%empty_1014 = alloca i32 1"   --->   Operation 14 'alloca' 'empty_1014' <Predicate = true> <Delay = 0.00>
ST_1 : Operation 15 [1/1] (0.00ns)   --->   "%empty_1015 = alloca i32 1"   --->   Operation 15 'alloca' 'empty_1015' <Predicate = true> <Delay = 0.00>
ST_1 : Operation 16 [1/1] (0.00ns)   --->   "%empty_1016 = alloca i32 1"   --->   Operation 16 'alloca' 'empty_1016' <Predicate = true> <Delay = 0.00>
ST_1 : Operation 17 [1/1] (0.00ns)   --->   "%empty_1017 = alloca i32 1"   --->   Operation 17 'alloca' 'empty_1017' <Predicate = true> <Delay = 0.00>
ST_1 : Operation 18 [1/1] (0.00ns)   --->   "%empty_1018 = alloca i32 1"   --->   Operation 18 'alloca' 'empty_1018' <Predicate = true> <Delay = 0.00>
ST_1 : Operation 19 [1/1] (0.00ns)   --->   "%empty_1019 = alloca i32 1"   --->   Operation 19 'alloca' 'empty_1019' <Predicate = true> <Delay = 0.00>
ST_1 : Operation 20 [1/1] (0.00ns)   --->   "%empty_1020 = alloca i32 1"   --->   Operation 20 'alloca' 'empty_1020' <Predicate = true> <Delay = 0.00>
ST_1 : Operation 21 [1/1] (0.00ns)   --->   "%empty_1021 = alloca i32 1"   --->   Operation 21 'alloca' 'empty_1021' <Predicate = true> <Delay = 0.00>
ST_1 : Operation 22 [1/1] (0.00ns)   --->   "%empty_1022 = alloca i32 1"   --->   Operation 22 'alloca' 'empty_1022' <Predicate = true> <Delay = 0.00>
ST_1 : Operation 23 [1/1] (0.00ns)   --->   "%empty_1023 = alloca i32 1"   --->   Operation 23 'alloca' 'empty_1023' <Predicate = true> <Delay = 0.00>
ST_1 : Operation 24 [1/1] (0.00ns)   --->   "%empty_1024 = alloca i32 1"   --->   Operation 24 'alloca' 'empty_1024' <Predicate = true> <Delay = 0.00>
ST_1 : Operation 25 [1/1] (0.00ns)   --->   "%empty_1025 = alloca i32 1"   --->   Operation 25 'alloca' 'empty_1025' <Predicate = true> <Delay = 0.00>
ST_1 : Operation 26 [1/1] (0.00ns)   --->   "%empty_1026 = alloca i32 1"   --->   Operation 26 'alloca' 'empty_1026' <Predicate = true> <Delay = 0.00>
ST_1 : Operation 27 [1/1] (0.00ns)   --->   "%empty_1027 = alloca i32 1"   --->   Operation 27 'alloca' 'empty_1027' <Predicate = true> <Delay = 0.00>
ST_1 : Operation 28 [1/1] (0.00ns)   --->   "%empty_1028 = alloca i32 1"   --->   Operation 28 'alloca' 'empty_1028' <Predicate = true> <Delay = 0.00>
ST_1 : Operation 29 [1/1] (0.00ns)   --->   "%empty_1029 = alloca i32 1"   --->   Operation 29 'alloca' 'empty_1029' <Predicate = true> <Delay = 0.00>
ST_1 : Operation 30 [1/1] (0.00ns)   --->   "%empty_1030 = alloca i32 1"   --->   Operation 30 'alloca' 'empty_1030' <Predicate = true> <Delay = 0.00>
ST_1 : Operation 31 [1/1] (0.00ns)   --->   "%empty_1031 = alloca i32 1"   --->   Operation 31 'alloca' 'empty_1031' <Predicate = true> <Delay = 0.00>
ST_1 : Operation 32 [1/1] (0.00ns)   --->   "%empty_1032 = alloca i32 1"   --->   Operation 32 'alloca' 'empty_1032' <Predicate = true> <Delay = 0.00>
ST_1 : Operation 33 [1/1] (0.00ns)   --->   "%empty_1033 = alloca i32 1"   --->   Operation 33 'alloca' 'empty_1033' <Predicate = true> <Delay = 0.00>
ST_1 : Operation 34 [1/1] (0.00ns)   --->   "%empty_1034 = alloca i32 1"   --->   Operation 34 'alloca' 'empty_1034' <Predicate = true> <Delay = 0.00>
ST_1 : Operation 35 [1/1] (0.00ns)   --->   "%empty_1035 = alloca i32 1"   --->   Operation 35 'alloca' 'empty_1035' <Predicate = true> <Delay = 0.00>
ST_1 : Operation 36 [1/1] (0.00ns)   --->   "%empty_1036 = alloca i32 1"   --->   Operation 36 'alloca' 'empty_1036' <Predicate = true> <Delay = 0.00>
ST_1 : Operation 37 [1/1] (0.00ns)   --->   "%empty_1037 = alloca i32 1"   --->   Operation 37 'alloca' 'empty_1037' <Predicate = true> <Delay = 0.00>
ST_1 : Operation 38 [1/1] (0.00ns)   --->   "%empty_1038 = alloca i32 1"   --->   Operation 38 'alloca' 'empty_1038' <Predicate = true> <Delay = 0.00>
ST_1 : Operation 39 [1/1] (0.00ns)   --->   "%empty_1039 = alloca i32 1"   --->   Operation 39 'alloca' 'empty_1039' <Predicate = true> <Delay = 0.00>
ST_1 : Operation 40 [1/1] (0.00ns)   --->   "%empty_1040 = alloca i32 1"   --->   Operation 40 'alloca' 'empty_1040' <Predicate = true> <Delay = 0.00>
ST_1 : Operation 41 [1/1] (0.00ns)   --->   "%empty_1041 = alloca i32 1"   --->   Operation 41 'alloca' 'empty_1041' <Predicate = true> <Delay = 0.00>
ST_1 : Operation 42 [1/1] (0.00ns)   --->   "%empty_1042 = alloca i32 1"   --->   Operation 42 'alloca' 'empty_1042' <Predicate = true> <Delay = 0.00>
ST_1 : Operation 43 [1/1] (0.00ns)   --->   "%empty_1043 = alloca i32 1"   --->   Operation 43 'alloca' 'empty_1043' <Predicate = true> <Delay = 0.00>
ST_1 : Operation 44 [1/1] (0.00ns)   --->   "%specinterface_ln0 = specinterface void @_ssdm_op_SpecInterface, i16 %sequence_stream, void @empty_199, i32 0, i32 0, void @empty_25, i32 0, i32 0, void @empty_25, void @empty_25, void @empty_25, i32 0, i32 0, i32 0, i32 0, void @empty_25, void @empty_25, i32 4294967295, i32 0"   --->   Operation 44 'specinterface' 'specinterface_ln0' <Predicate = true> <Delay = 0.00>
ST_1 : Operation 45 [1/1] (0.00ns)   --->   "%input_buffer_1155_read = read i16 @_ssdm_op_Read.ap_auto.i16, i16 %input_buffer_1155"   --->   Operation 45 'read' 'input_buffer_1155_read' <Predicate = true> <Delay = 0.00>
ST_1 : Operation 46 [1/1] (0.00ns)   --->   "%input_buffer_1154_read = read i16 @_ssdm_op_Read.ap_auto.i16, i16 %input_buffer_1154"   --->   Operation 46 'read' 'input_buffer_1154_read' <Predicate = true> <Delay = 0.00>
ST_1 : Operation 47 [1/1] (0.00ns)   --->   "%input_buffer_1153_read = read i16 @_ssdm_op_Read.ap_auto.i16, i16 %input_buffer_1153"   --->   Operation 47 'read' 'input_buffer_1153_read' <Predicate = true> <Delay = 0.00>
ST_1 : Operation 48 [1/1] (0.00ns)   --->   "%input_buffer_1152_read = read i16 @_ssdm_op_Read.ap_auto.i16, i16 %input_buffer_1152"   --->   Operation 48 'read' 'input_buffer_1152_read' <Predicate = true> <Delay = 0.00>
ST_1 : Operation 49 [1/1] (0.00ns)   --->   "%input_buffer_1151_read = read i16 @_ssdm_op_Read.ap_auto.i16, i16 %input_buffer_1151"   --->   Operation 49 'read' 'input_buffer_1151_read' <Predicate = true> <Delay = 0.00>
ST_1 : Operation 50 [1/1] (0.00ns)   --->   "%input_buffer_1150_read = read i16 @_ssdm_op_Read.ap_auto.i16, i16 %input_buffer_1150"   --->   Operation 50 'read' 'input_buffer_1150_read' <Predicate = true> <Delay = 0.00>
ST_1 : Operation 51 [1/1] (0.00ns)   --->   "%input_buffer_1149_read = read i16 @_ssdm_op_Read.ap_auto.i16, i16 %input_buffer_1149"   --->   Operation 51 'read' 'input_buffer_1149_read' <Predicate = true> <Delay = 0.00>
ST_1 : Operation 52 [1/1] (0.00ns)   --->   "%input_buffer_1148_read = read i16 @_ssdm_op_Read.ap_auto.i16, i16 %input_buffer_1148"   --->   Operation 52 'read' 'input_buffer_1148_read' <Predicate = true> <Delay = 0.00>
ST_1 : Operation 53 [1/1] (0.00ns)   --->   "%input_buffer_1147_read = read i16 @_ssdm_op_Read.ap_auto.i16, i16 %input_buffer_1147"   --->   Operation 53 'read' 'input_buffer_1147_read' <Predicate = true> <Delay = 0.00>
ST_1 : Operation 54 [1/1] (0.00ns)   --->   "%input_buffer_1146_read = read i16 @_ssdm_op_Read.ap_auto.i16, i16 %input_buffer_1146"   --->   Operation 54 'read' 'input_buffer_1146_read' <Predicate = true> <Delay = 0.00>
ST_1 : Operation 55 [1/1] (0.00ns)   --->   "%input_buffer_1145_read = read i16 @_ssdm_op_Read.ap_auto.i16, i16 %input_buffer_1145"   --->   Operation 55 'read' 'input_buffer_1145_read' <Predicate = true> <Delay = 0.00>
ST_1 : Operation 56 [1/1] (0.00ns)   --->   "%input_buffer_1144_read = read i16 @_ssdm_op_Read.ap_auto.i16, i16 %input_buffer_1144"   --->   Operation 56 'read' 'input_buffer_1144_read' <Predicate = true> <Delay = 0.00>
ST_1 : Operation 57 [1/1] (0.00ns)   --->   "%input_buffer_1143_read = read i16 @_ssdm_op_Read.ap_auto.i16, i16 %input_buffer_1143"   --->   Operation 57 'read' 'input_buffer_1143_read' <Predicate = true> <Delay = 0.00>
ST_1 : Operation 58 [1/1] (0.00ns)   --->   "%input_buffer_1142_read = read i16 @_ssdm_op_Read.ap_auto.i16, i16 %input_buffer_1142"   --->   Operation 58 'read' 'input_buffer_1142_read' <Predicate = true> <Delay = 0.00>
ST_1 : Operation 59 [1/1] (0.00ns)   --->   "%input_buffer_1141_read = read i16 @_ssdm_op_Read.ap_auto.i16, i16 %input_buffer_1141"   --->   Operation 59 'read' 'input_buffer_1141_read' <Predicate = true> <Delay = 0.00>
ST_1 : Operation 60 [1/1] (0.00ns)   --->   "%input_buffer_1140_read = read i16 @_ssdm_op_Read.ap_auto.i16, i16 %input_buffer_1140"   --->   Operation 60 'read' 'input_buffer_1140_read' <Predicate = true> <Delay = 0.00>
ST_1 : Operation 61 [1/1] (0.00ns)   --->   "%input_buffer_1139_read = read i16 @_ssdm_op_Read.ap_auto.i16, i16 %input_buffer_1139"   --->   Operation 61 'read' 'input_buffer_1139_read' <Predicate = true> <Delay = 0.00>
ST_1 : Operation 62 [1/1] (0.00ns)   --->   "%input_buffer_1138_read = read i16 @_ssdm_op_Read.ap_auto.i16, i16 %input_buffer_1138"   --->   Operation 62 'read' 'input_buffer_1138_read' <Predicate = true> <Delay = 0.00>
ST_1 : Operation 63 [1/1] (0.00ns)   --->   "%input_buffer_1137_read = read i16 @_ssdm_op_Read.ap_auto.i16, i16 %input_buffer_1137"   --->   Operation 63 'read' 'input_buffer_1137_read' <Predicate = true> <Delay = 0.00>
ST_1 : Operation 64 [1/1] (0.00ns)   --->   "%input_buffer_1136_read = read i16 @_ssdm_op_Read.ap_auto.i16, i16 %input_buffer_1136"   --->   Operation 64 'read' 'input_buffer_1136_read' <Predicate = true> <Delay = 0.00>
ST_1 : Operation 65 [1/1] (0.00ns)   --->   "%input_buffer_1135_read = read i16 @_ssdm_op_Read.ap_auto.i16, i16 %input_buffer_1135"   --->   Operation 65 'read' 'input_buffer_1135_read' <Predicate = true> <Delay = 0.00>
ST_1 : Operation 66 [1/1] (0.00ns)   --->   "%input_buffer_1134_read = read i16 @_ssdm_op_Read.ap_auto.i16, i16 %input_buffer_1134"   --->   Operation 66 'read' 'input_buffer_1134_read' <Predicate = true> <Delay = 0.00>
ST_1 : Operation 67 [1/1] (0.00ns)   --->   "%input_buffer_1133_read = read i16 @_ssdm_op_Read.ap_auto.i16, i16 %input_buffer_1133"   --->   Operation 67 'read' 'input_buffer_1133_read' <Predicate = true> <Delay = 0.00>
ST_1 : Operation 68 [1/1] (0.00ns)   --->   "%input_buffer_1132_read = read i16 @_ssdm_op_Read.ap_auto.i16, i16 %input_buffer_1132"   --->   Operation 68 'read' 'input_buffer_1132_read' <Predicate = true> <Delay = 0.00>
ST_1 : Operation 69 [1/1] (0.00ns)   --->   "%input_buffer_1131_read = read i16 @_ssdm_op_Read.ap_auto.i16, i16 %input_buffer_1131"   --->   Operation 69 'read' 'input_buffer_1131_read' <Predicate = true> <Delay = 0.00>
ST_1 : Operation 70 [1/1] (0.00ns)   --->   "%input_buffer_1130_read = read i16 @_ssdm_op_Read.ap_auto.i16, i16 %input_buffer_1130"   --->   Operation 70 'read' 'input_buffer_1130_read' <Predicate = true> <Delay = 0.00>
ST_1 : Operation 71 [1/1] (0.00ns)   --->   "%input_buffer_1129_read = read i16 @_ssdm_op_Read.ap_auto.i16, i16 %input_buffer_1129"   --->   Operation 71 'read' 'input_buffer_1129_read' <Predicate = true> <Delay = 0.00>
ST_1 : Operation 72 [1/1] (0.00ns)   --->   "%input_buffer_1128_read = read i16 @_ssdm_op_Read.ap_auto.i16, i16 %input_buffer_1128"   --->   Operation 72 'read' 'input_buffer_1128_read' <Predicate = true> <Delay = 0.00>
ST_1 : Operation 73 [1/1] (0.00ns)   --->   "%input_buffer_1127_read = read i16 @_ssdm_op_Read.ap_auto.i16, i16 %input_buffer_1127"   --->   Operation 73 'read' 'input_buffer_1127_read' <Predicate = true> <Delay = 0.00>
ST_1 : Operation 74 [1/1] (0.00ns)   --->   "%input_buffer_1126_read = read i16 @_ssdm_op_Read.ap_auto.i16, i16 %input_buffer_1126"   --->   Operation 74 'read' 'input_buffer_1126_read' <Predicate = true> <Delay = 0.00>
ST_1 : Operation 75 [1/1] (0.00ns)   --->   "%input_buffer_1125_read = read i16 @_ssdm_op_Read.ap_auto.i16, i16 %input_buffer_1125"   --->   Operation 75 'read' 'input_buffer_1125_read' <Predicate = true> <Delay = 0.00>
ST_1 : Operation 76 [1/1] (0.00ns)   --->   "%input_buffer_1124_read = read i16 @_ssdm_op_Read.ap_auto.i16, i16 %input_buffer_1124"   --->   Operation 76 'read' 'input_buffer_1124_read' <Predicate = true> <Delay = 0.00>
ST_1 : Operation 77 [1/1] (0.00ns)   --->   "%input_buffer_1123_read = read i16 @_ssdm_op_Read.ap_auto.i16, i16 %input_buffer_1123"   --->   Operation 77 'read' 'input_buffer_1123_read' <Predicate = true> <Delay = 0.00>
ST_1 : Operation 78 [1/1] (0.00ns)   --->   "%input_buffer_1122_read = read i16 @_ssdm_op_Read.ap_auto.i16, i16 %input_buffer_1122"   --->   Operation 78 'read' 'input_buffer_1122_read' <Predicate = true> <Delay = 0.00>
ST_1 : Operation 79 [1/1] (0.00ns)   --->   "%input_buffer_1121_read = read i16 @_ssdm_op_Read.ap_auto.i16, i16 %input_buffer_1121"   --->   Operation 79 'read' 'input_buffer_1121_read' <Predicate = true> <Delay = 0.00>
ST_1 : Operation 80 [1/1] (0.00ns)   --->   "%input_buffer_1120_read = read i16 @_ssdm_op_Read.ap_auto.i16, i16 %input_buffer_1120"   --->   Operation 80 'read' 'input_buffer_1120_read' <Predicate = true> <Delay = 0.00>
ST_1 : Operation 81 [1/1] (0.00ns)   --->   "%input_buffer_read = read i16 @_ssdm_op_Read.ap_auto.i16, i16 %input_buffer"   --->   Operation 81 'read' 'input_buffer_read' <Predicate = true> <Delay = 0.00>
ST_1 : Operation 82 [1/1] (0.00ns)   --->   "%input_buffer_1156_read = read i16 @_ssdm_op_Read.ap_auto.i16, i16 %input_buffer_1156"   --->   Operation 82 'read' 'input_buffer_1156_read' <Predicate = true> <Delay = 0.00>
ST_1 : Operation 83 [1/1] (1.58ns)   --->   "%store_ln0 = store i16 %input_buffer_1156_read, i16 %empty_1043"   --->   Operation 83 'store' 'store_ln0' <Predicate = true> <Delay = 1.58>
ST_1 : Operation 84 [1/1] (1.58ns)   --->   "%store_ln0 = store i16 %input_buffer_read, i16 %empty_1042"   --->   Operation 84 'store' 'store_ln0' <Predicate = true> <Delay = 1.58>
ST_1 : Operation 85 [1/1] (1.58ns)   --->   "%store_ln0 = store i16 %input_buffer_1120_read, i16 %empty_1041"   --->   Operation 85 'store' 'store_ln0' <Predicate = true> <Delay = 1.58>
ST_1 : Operation 86 [1/1] (1.58ns)   --->   "%store_ln0 = store i16 %input_buffer_1121_read, i16 %empty_1040"   --->   Operation 86 'store' 'store_ln0' <Predicate = true> <Delay = 1.58>
ST_1 : Operation 87 [1/1] (1.58ns)   --->   "%store_ln0 = store i16 %input_buffer_1122_read, i16 %empty_1039"   --->   Operation 87 'store' 'store_ln0' <Predicate = true> <Delay = 1.58>
ST_1 : Operation 88 [1/1] (1.58ns)   --->   "%store_ln0 = store i16 %input_buffer_1123_read, i16 %empty_1038"   --->   Operation 88 'store' 'store_ln0' <Predicate = true> <Delay = 1.58>
ST_1 : Operation 89 [1/1] (1.58ns)   --->   "%store_ln0 = store i16 %input_buffer_1124_read, i16 %empty_1037"   --->   Operation 89 'store' 'store_ln0' <Predicate = true> <Delay = 1.58>
ST_1 : Operation 90 [1/1] (1.58ns)   --->   "%store_ln0 = store i16 %input_buffer_1125_read, i16 %empty_1036"   --->   Operation 90 'store' 'store_ln0' <Predicate = true> <Delay = 1.58>
ST_1 : Operation 91 [1/1] (1.58ns)   --->   "%store_ln0 = store i16 %input_buffer_1126_read, i16 %empty_1035"   --->   Operation 91 'store' 'store_ln0' <Predicate = true> <Delay = 1.58>
ST_1 : Operation 92 [1/1] (1.58ns)   --->   "%store_ln0 = store i16 %input_buffer_1127_read, i16 %empty_1034"   --->   Operation 92 'store' 'store_ln0' <Predicate = true> <Delay = 1.58>
ST_1 : Operation 93 [1/1] (1.58ns)   --->   "%store_ln0 = store i16 %input_buffer_1128_read, i16 %empty_1033"   --->   Operation 93 'store' 'store_ln0' <Predicate = true> <Delay = 1.58>
ST_1 : Operation 94 [1/1] (1.58ns)   --->   "%store_ln0 = store i16 %input_buffer_1129_read, i16 %empty_1032"   --->   Operation 94 'store' 'store_ln0' <Predicate = true> <Delay = 1.58>
ST_1 : Operation 95 [1/1] (1.58ns)   --->   "%store_ln0 = store i16 %input_buffer_1130_read, i16 %empty_1031"   --->   Operation 95 'store' 'store_ln0' <Predicate = true> <Delay = 1.58>
ST_1 : Operation 96 [1/1] (1.58ns)   --->   "%store_ln0 = store i16 %input_buffer_1131_read, i16 %empty_1030"   --->   Operation 96 'store' 'store_ln0' <Predicate = true> <Delay = 1.58>
ST_1 : Operation 97 [1/1] (1.58ns)   --->   "%store_ln0 = store i16 %input_buffer_1132_read, i16 %empty_1029"   --->   Operation 97 'store' 'store_ln0' <Predicate = true> <Delay = 1.58>
ST_1 : Operation 98 [1/1] (1.58ns)   --->   "%store_ln0 = store i16 %input_buffer_1133_read, i16 %empty_1028"   --->   Operation 98 'store' 'store_ln0' <Predicate = true> <Delay = 1.58>
ST_1 : Operation 99 [1/1] (1.58ns)   --->   "%store_ln0 = store i16 %input_buffer_1134_read, i16 %empty_1027"   --->   Operation 99 'store' 'store_ln0' <Predicate = true> <Delay = 1.58>
ST_1 : Operation 100 [1/1] (1.58ns)   --->   "%store_ln0 = store i16 %input_buffer_1135_read, i16 %empty_1026"   --->   Operation 100 'store' 'store_ln0' <Predicate = true> <Delay = 1.58>
ST_1 : Operation 101 [1/1] (1.58ns)   --->   "%store_ln0 = store i16 %input_buffer_1136_read, i16 %empty_1025"   --->   Operation 101 'store' 'store_ln0' <Predicate = true> <Delay = 1.58>
ST_1 : Operation 102 [1/1] (1.58ns)   --->   "%store_ln0 = store i16 %input_buffer_1137_read, i16 %empty_1024"   --->   Operation 102 'store' 'store_ln0' <Predicate = true> <Delay = 1.58>
ST_1 : Operation 103 [1/1] (1.58ns)   --->   "%store_ln0 = store i16 %input_buffer_1138_read, i16 %empty_1023"   --->   Operation 103 'store' 'store_ln0' <Predicate = true> <Delay = 1.58>
ST_1 : Operation 104 [1/1] (1.58ns)   --->   "%store_ln0 = store i16 %input_buffer_1139_read, i16 %empty_1022"   --->   Operation 104 'store' 'store_ln0' <Predicate = true> <Delay = 1.58>
ST_1 : Operation 105 [1/1] (1.58ns)   --->   "%store_ln0 = store i16 %input_buffer_1140_read, i16 %empty_1021"   --->   Operation 105 'store' 'store_ln0' <Predicate = true> <Delay = 1.58>
ST_1 : Operation 106 [1/1] (1.58ns)   --->   "%store_ln0 = store i16 %input_buffer_1141_read, i16 %empty_1020"   --->   Operation 106 'store' 'store_ln0' <Predicate = true> <Delay = 1.58>
ST_1 : Operation 107 [1/1] (1.58ns)   --->   "%store_ln0 = store i16 %input_buffer_1142_read, i16 %empty_1019"   --->   Operation 107 'store' 'store_ln0' <Predicate = true> <Delay = 1.58>
ST_1 : Operation 108 [1/1] (1.58ns)   --->   "%store_ln0 = store i16 %input_buffer_1143_read, i16 %empty_1018"   --->   Operation 108 'store' 'store_ln0' <Predicate = true> <Delay = 1.58>
ST_1 : Operation 109 [1/1] (1.58ns)   --->   "%store_ln0 = store i16 %input_buffer_1144_read, i16 %empty_1017"   --->   Operation 109 'store' 'store_ln0' <Predicate = true> <Delay = 1.58>
ST_1 : Operation 110 [1/1] (1.58ns)   --->   "%store_ln0 = store i16 %input_buffer_1145_read, i16 %empty_1016"   --->   Operation 110 'store' 'store_ln0' <Predicate = true> <Delay = 1.58>
ST_1 : Operation 111 [1/1] (1.58ns)   --->   "%store_ln0 = store i16 %input_buffer_1146_read, i16 %empty_1015"   --->   Operation 111 'store' 'store_ln0' <Predicate = true> <Delay = 1.58>
ST_1 : Operation 112 [1/1] (1.58ns)   --->   "%store_ln0 = store i16 %input_buffer_1147_read, i16 %empty_1014"   --->   Operation 112 'store' 'store_ln0' <Predicate = true> <Delay = 1.58>
ST_1 : Operation 113 [1/1] (1.58ns)   --->   "%store_ln0 = store i16 %input_buffer_1148_read, i16 %empty_1013"   --->   Operation 113 'store' 'store_ln0' <Predicate = true> <Delay = 1.58>
ST_1 : Operation 114 [1/1] (1.58ns)   --->   "%store_ln0 = store i16 %input_buffer_1149_read, i16 %empty_1012"   --->   Operation 114 'store' 'store_ln0' <Predicate = true> <Delay = 1.58>
ST_1 : Operation 115 [1/1] (1.58ns)   --->   "%store_ln0 = store i16 %input_buffer_1150_read, i16 %empty_1011"   --->   Operation 115 'store' 'store_ln0' <Predicate = true> <Delay = 1.58>
ST_1 : Operation 116 [1/1] (1.58ns)   --->   "%store_ln0 = store i16 %input_buffer_1151_read, i16 %empty_1010"   --->   Operation 116 'store' 'store_ln0' <Predicate = true> <Delay = 1.58>
ST_1 : Operation 117 [1/1] (1.58ns)   --->   "%store_ln0 = store i16 %input_buffer_1152_read, i16 %empty_1009"   --->   Operation 117 'store' 'store_ln0' <Predicate = true> <Delay = 1.58>
ST_1 : Operation 118 [1/1] (1.58ns)   --->   "%store_ln0 = store i16 %input_buffer_1153_read, i16 %empty_1008"   --->   Operation 118 'store' 'store_ln0' <Predicate = true> <Delay = 1.58>
ST_1 : Operation 119 [1/1] (1.58ns)   --->   "%store_ln0 = store i16 %input_buffer_1154_read, i16 %empty_1007"   --->   Operation 119 'store' 'store_ln0' <Predicate = true> <Delay = 1.58>
ST_1 : Operation 120 [1/1] (1.58ns)   --->   "%store_ln0 = store i16 %input_buffer_1155_read, i16 %empty"   --->   Operation 120 'store' 'store_ln0' <Predicate = true> <Delay = 1.58>
ST_1 : Operation 121 [1/1] (1.58ns)   --->   "%store_ln1765 = store i6 0, i6 %index" [H:/subband_ref_q610_opt_stage4_latency_stepL2.cpp:1765->H:/subband_ref_q610_opt_stage4_latency_stepL2.cpp:1983]   --->   Operation 121 'store' 'store_ln1765' <Predicate = true> <Delay = 1.58>
ST_1 : Operation 122 [1/1] (0.00ns)   --->   "%br_ln0 = br void %for.body.i"   --->   Operation 122 'br' 'br_ln0' <Predicate = true> <Delay = 0.00>
ST_1 : Operation 123 [1/1] (0.00ns)   --->   "%index_11 = load i6 %index" [H:/subband_ref_q610_opt_stage4_latency_stepL2.cpp:1765->H:/subband_ref_q610_opt_stage4_latency_stepL2.cpp:1983]   --->   Operation 123 'load' 'index_11' <Predicate = true> <Delay = 0.00>
ST_1 : Operation 124 [1/1] (1.82ns)   --->   "%icmp_ln1765 = icmp_eq  i6 %index_11, i6 38" [H:/subband_ref_q610_opt_stage4_latency_stepL2.cpp:1765->H:/subband_ref_q610_opt_stage4_latency_stepL2.cpp:1983]   --->   Operation 124 'icmp' 'icmp_ln1765' <Predicate = true> <Delay = 1.82> <CoreInst = "Cmp">   --->   Core 9 'Cmp' <Latency = 0> <II = 1> <Delay = 1.82> <FuncUnit> <Opcode : 'icmp'> <InPorts = 2> <OutPorts = 1>
ST_1 : Operation 125 [1/1] (1.82ns)   --->   "%add_ln1765 = add i6 %index_11, i6 1" [H:/subband_ref_q610_opt_stage4_latency_stepL2.cpp:1765->H:/subband_ref_q610_opt_stage4_latency_stepL2.cpp:1983]   --->   Operation 125 'add' 'add_ln1765' <Predicate = true> <Delay = 1.82> <CoreInst = "Adder">   --->   Core 1 'Adder' <Latency = 0> <II = 1> <Delay = 1.82> <FuncUnit> <Opcode : 'add' 'sub'> <InPorts = 2> <OutPorts = 1>
ST_1 : Operation 126 [1/1] (0.00ns)   --->   "%br_ln1765 = br i1 %icmp_ln1765, void %for.body.i.split, void %_ZN12subband_q61012_GLOBAL__N_129ReadFixedVectorFromStreamQ610ILi38EEEvRN3hls6streamI6ap_intILi16EELi0EEERAT__S5_.exit.exitStub" [H:/subband_ref_q610_opt_stage4_latency_stepL2.cpp:1765->H:/subband_ref_q610_opt_stage4_latency_stepL2.cpp:1983]   --->   Operation 126 'br' 'br_ln1765' <Predicate = true> <Delay = 0.00>
ST_1 : Operation 127 [1/1] (1.91ns)   --->   "%switch_ln1767 = switch i6 %index_11, void %arrayidx.i.case.37, i6 0, void %for.body.i.split.arrayidx.i.exit_crit_edge76, i6 1, void %arrayidx.i.case.1, i6 2, void %arrayidx.i.case.2, i6 3, void %arrayidx.i.case.3, i6 4, void %arrayidx.i.case.4, i6 5, void %arrayidx.i.case.5, i6 6, void %arrayidx.i.case.6, i6 7, void %arrayidx.i.case.7, i6 8, void %arrayidx.i.case.8, i6 9, void %arrayidx.i.case.9, i6 10, void %arrayidx.i.case.10, i6 11, void %arrayidx.i.case.11, i6 12, void %arrayidx.i.case.12, i6 13, void %arrayidx.i.case.13, i6 14, void %arrayidx.i.case.14, i6 15, void %arrayidx.i.case.15, i6 16, void %arrayidx.i.case.16, i6 17, void %arrayidx.i.case.17, i6 18, void %arrayidx.i.case.18, i6 19, void %arrayidx.i.case.19, i6 20, void %arrayidx.i.case.20, i6 21, void %arrayidx.i.case.21, i6 22, void %arrayidx.i.case.22, i6 23, void %arrayidx.i.case.23, i6 24, void %arrayidx.i.case.24, i6 25, void %arrayidx.i.case.25, i6 26, void %arrayidx.i.case.26, i6 27, void %arrayidx.i.case.27, i6 28, void %arrayidx.i.case.28, i6 29, void %arrayidx.i.case.29, i6 30, void %arrayidx.i.case.30, i6 31, void %arrayidx.i.case.31, i6 32, void %arrayidx.i.case.32, i6 33, void %arrayidx.i.case.33, i6 34, void %arrayidx.i.case.34, i6 35, void %arrayidx.i.case.35, i6 36, void %for.body.i.split.arrayidx.i.exit_crit_edge" [H:/subband_ref_q610_opt_stage4_latency_stepL2.cpp:1767->H:/subband_ref_q610_opt_stage4_latency_stepL2.cpp:1983]   --->   Operation 127 'switch' 'switch_ln1767' <Predicate = (!icmp_ln1765)> <Delay = 1.91>
ST_1 : Operation 128 [1/1] (1.58ns)   --->   "%store_ln1765 = store i6 %add_ln1765, i6 %index" [H:/subband_ref_q610_opt_stage4_latency_stepL2.cpp:1765->H:/subband_ref_q610_opt_stage4_latency_stepL2.cpp:1983]   --->   Operation 128 'store' 'store_ln1765' <Predicate = (!icmp_ln1765)> <Delay = 1.58>
ST_1 : Operation 129 [1/1] (0.00ns)   --->   "%br_ln1765 = br void %for.body.i" [H:/subband_ref_q610_opt_stage4_latency_stepL2.cpp:1765->H:/subband_ref_q610_opt_stage4_latency_stepL2.cpp:1983]   --->   Operation 129 'br' 'br_ln1765' <Predicate = (!icmp_ln1765)> <Delay = 0.00>
ST_1 : Operation 210 [1/1] (0.00ns)   --->   "%p_load113 = load i16 %empty"   --->   Operation 210 'load' 'p_load113' <Predicate = (icmp_ln1765)> <Delay = 0.00>
ST_1 : Operation 211 [1/1] (0.00ns)   --->   "%p_load112 = load i16 %empty_1007"   --->   Operation 211 'load' 'p_load112' <Predicate = (icmp_ln1765)> <Delay = 0.00>
ST_1 : Operation 212 [1/1] (0.00ns)   --->   "%p_load111 = load i16 %empty_1008"   --->   Operation 212 'load' 'p_load111' <Predicate = (icmp_ln1765)> <Delay = 0.00>
ST_1 : Operation 213 [1/1] (0.00ns)   --->   "%p_load110 = load i16 %empty_1009"   --->   Operation 213 'load' 'p_load110' <Predicate = (icmp_ln1765)> <Delay = 0.00>
ST_1 : Operation 214 [1/1] (0.00ns)   --->   "%p_load109 = load i16 %empty_1010"   --->   Operation 214 'load' 'p_load109' <Predicate = (icmp_ln1765)> <Delay = 0.00>
ST_1 : Operation 215 [1/1] (0.00ns)   --->   "%p_load108 = load i16 %empty_1011"   --->   Operation 215 'load' 'p_load108' <Predicate = (icmp_ln1765)> <Delay = 0.00>
ST_1 : Operation 216 [1/1] (0.00ns)   --->   "%p_load107 = load i16 %empty_1012"   --->   Operation 216 'load' 'p_load107' <Predicate = (icmp_ln1765)> <Delay = 0.00>
ST_1 : Operation 217 [1/1] (0.00ns)   --->   "%p_load106 = load i16 %empty_1013"   --->   Operation 217 'load' 'p_load106' <Predicate = (icmp_ln1765)> <Delay = 0.00>
ST_1 : Operation 218 [1/1] (0.00ns)   --->   "%p_load105 = load i16 %empty_1014"   --->   Operation 218 'load' 'p_load105' <Predicate = (icmp_ln1765)> <Delay = 0.00>
ST_1 : Operation 219 [1/1] (0.00ns)   --->   "%p_load104 = load i16 %empty_1015"   --->   Operation 219 'load' 'p_load104' <Predicate = (icmp_ln1765)> <Delay = 0.00>
ST_1 : Operation 220 [1/1] (0.00ns)   --->   "%p_load103 = load i16 %empty_1016"   --->   Operation 220 'load' 'p_load103' <Predicate = (icmp_ln1765)> <Delay = 0.00>
ST_1 : Operation 221 [1/1] (0.00ns)   --->   "%p_load102 = load i16 %empty_1017"   --->   Operation 221 'load' 'p_load102' <Predicate = (icmp_ln1765)> <Delay = 0.00>
ST_1 : Operation 222 [1/1] (0.00ns)   --->   "%p_load101 = load i16 %empty_1018"   --->   Operation 222 'load' 'p_load101' <Predicate = (icmp_ln1765)> <Delay = 0.00>
ST_1 : Operation 223 [1/1] (0.00ns)   --->   "%p_load100 = load i16 %empty_1019"   --->   Operation 223 'load' 'p_load100' <Predicate = (icmp_ln1765)> <Delay = 0.00>
ST_1 : Operation 224 [1/1] (0.00ns)   --->   "%p_load99 = load i16 %empty_1020"   --->   Operation 224 'load' 'p_load99' <Predicate = (icmp_ln1765)> <Delay = 0.00>
ST_1 : Operation 225 [1/1] (0.00ns)   --->   "%p_load98 = load i16 %empty_1021"   --->   Operation 225 'load' 'p_load98' <Predicate = (icmp_ln1765)> <Delay = 0.00>
ST_1 : Operation 226 [1/1] (0.00ns)   --->   "%p_load97 = load i16 %empty_1022"   --->   Operation 226 'load' 'p_load97' <Predicate = (icmp_ln1765)> <Delay = 0.00>
ST_1 : Operation 227 [1/1] (0.00ns)   --->   "%p_load96 = load i16 %empty_1023"   --->   Operation 227 'load' 'p_load96' <Predicate = (icmp_ln1765)> <Delay = 0.00>
ST_1 : Operation 228 [1/1] (0.00ns)   --->   "%p_load95 = load i16 %empty_1024"   --->   Operation 228 'load' 'p_load95' <Predicate = (icmp_ln1765)> <Delay = 0.00>
ST_1 : Operation 229 [1/1] (0.00ns)   --->   "%p_load94 = load i16 %empty_1025"   --->   Operation 229 'load' 'p_load94' <Predicate = (icmp_ln1765)> <Delay = 0.00>
ST_1 : Operation 230 [1/1] (0.00ns)   --->   "%p_load93 = load i16 %empty_1026"   --->   Operation 230 'load' 'p_load93' <Predicate = (icmp_ln1765)> <Delay = 0.00>
ST_1 : Operation 231 [1/1] (0.00ns)   --->   "%p_load92 = load i16 %empty_1027"   --->   Operation 231 'load' 'p_load92' <Predicate = (icmp_ln1765)> <Delay = 0.00>
ST_1 : Operation 232 [1/1] (0.00ns)   --->   "%p_load91 = load i16 %empty_1028"   --->   Operation 232 'load' 'p_load91' <Predicate = (icmp_ln1765)> <Delay = 0.00>
ST_1 : Operation 233 [1/1] (0.00ns)   --->   "%p_load90 = load i16 %empty_1029"   --->   Operation 233 'load' 'p_load90' <Predicate = (icmp_ln1765)> <Delay = 0.00>
ST_1 : Operation 234 [1/1] (0.00ns)   --->   "%p_load89 = load i16 %empty_1030"   --->   Operation 234 'load' 'p_load89' <Predicate = (icmp_ln1765)> <Delay = 0.00>
ST_1 : Operation 235 [1/1] (0.00ns)   --->   "%p_load88 = load i16 %empty_1031"   --->   Operation 235 'load' 'p_load88' <Predicate = (icmp_ln1765)> <Delay = 0.00>
ST_1 : Operation 236 [1/1] (0.00ns)   --->   "%p_load87 = load i16 %empty_1032"   --->   Operation 236 'load' 'p_load87' <Predicate = (icmp_ln1765)> <Delay = 0.00>
ST_1 : Operation 237 [1/1] (0.00ns)   --->   "%p_load86 = load i16 %empty_1033"   --->   Operation 237 'load' 'p_load86' <Predicate = (icmp_ln1765)> <Delay = 0.00>
ST_1 : Operation 238 [1/1] (0.00ns)   --->   "%p_load85 = load i16 %empty_1034"   --->   Operation 238 'load' 'p_load85' <Predicate = (icmp_ln1765)> <Delay = 0.00>
ST_1 : Operation 239 [1/1] (0.00ns)   --->   "%p_load84 = load i16 %empty_1035"   --->   Operation 239 'load' 'p_load84' <Predicate = (icmp_ln1765)> <Delay = 0.00>
ST_1 : Operation 240 [1/1] (0.00ns)   --->   "%p_load83 = load i16 %empty_1036"   --->   Operation 240 'load' 'p_load83' <Predicate = (icmp_ln1765)> <Delay = 0.00>
ST_1 : Operation 241 [1/1] (0.00ns)   --->   "%p_load82 = load i16 %empty_1037"   --->   Operation 241 'load' 'p_load82' <Predicate = (icmp_ln1765)> <Delay = 0.00>
ST_1 : Operation 242 [1/1] (0.00ns)   --->   "%p_load81 = load i16 %empty_1038"   --->   Operation 242 'load' 'p_load81' <Predicate = (icmp_ln1765)> <Delay = 0.00>
ST_1 : Operation 243 [1/1] (0.00ns)   --->   "%p_load80 = load i16 %empty_1039"   --->   Operation 243 'load' 'p_load80' <Predicate = (icmp_ln1765)> <Delay = 0.00>
ST_1 : Operation 244 [1/1] (0.00ns)   --->   "%p_load79 = load i16 %empty_1040"   --->   Operation 244 'load' 'p_load79' <Predicate = (icmp_ln1765)> <Delay = 0.00>
ST_1 : Operation 245 [1/1] (0.00ns)   --->   "%p_load78 = load i16 %empty_1041"   --->   Operation 245 'load' 'p_load78' <Predicate = (icmp_ln1765)> <Delay = 0.00>
ST_1 : Operation 246 [1/1] (0.00ns)   --->   "%p_load77 = load i16 %empty_1042"   --->   Operation 246 'load' 'p_load77' <Predicate = (icmp_ln1765)> <Delay = 0.00>
ST_1 : Operation 247 [1/1] (0.00ns)   --->   "%p_load = load i16 %empty_1043"   --->   Operation 247 'load' 'p_load' <Predicate = (icmp_ln1765)> <Delay = 0.00>
ST_1 : Operation 248 [1/1] (0.00ns)   --->   "%write_ln0 = write void @_ssdm_op_Write.ap_auto.i16P0A, i16 %p_out, i16 %p_load"   --->   Operation 248 'write' 'write_ln0' <Predicate = (icmp_ln1765)> <Delay = 0.00>
ST_1 : Operation 249 [1/1] (0.00ns)   --->   "%write_ln0 = write void @_ssdm_op_Write.ap_auto.i16P0A, i16 %p_out1, i16 %p_load77"   --->   Operation 249 'write' 'write_ln0' <Predicate = (icmp_ln1765)> <Delay = 0.00>
ST_1 : Operation 250 [1/1] (0.00ns)   --->   "%write_ln0 = write void @_ssdm_op_Write.ap_auto.i16P0A, i16 %p_out2, i16 %p_load78"   --->   Operation 250 'write' 'write_ln0' <Predicate = (icmp_ln1765)> <Delay = 0.00>
ST_1 : Operation 251 [1/1] (0.00ns)   --->   "%write_ln0 = write void @_ssdm_op_Write.ap_auto.i16P0A, i16 %p_out3, i16 %p_load79"   --->   Operation 251 'write' 'write_ln0' <Predicate = (icmp_ln1765)> <Delay = 0.00>
ST_1 : Operation 252 [1/1] (0.00ns)   --->   "%write_ln0 = write void @_ssdm_op_Write.ap_auto.i16P0A, i16 %p_out4, i16 %p_load80"   --->   Operation 252 'write' 'write_ln0' <Predicate = (icmp_ln1765)> <Delay = 0.00>
ST_1 : Operation 253 [1/1] (0.00ns)   --->   "%write_ln0 = write void @_ssdm_op_Write.ap_auto.i16P0A, i16 %p_out5, i16 %p_load81"   --->   Operation 253 'write' 'write_ln0' <Predicate = (icmp_ln1765)> <Delay = 0.00>
ST_1 : Operation 254 [1/1] (0.00ns)   --->   "%write_ln0 = write void @_ssdm_op_Write.ap_auto.i16P0A, i16 %p_out6, i16 %p_load82"   --->   Operation 254 'write' 'write_ln0' <Predicate = (icmp_ln1765)> <Delay = 0.00>
ST_1 : Operation 255 [1/1] (0.00ns)   --->   "%write_ln0 = write void @_ssdm_op_Write.ap_auto.i16P0A, i16 %p_out7, i16 %p_load83"   --->   Operation 255 'write' 'write_ln0' <Predicate = (icmp_ln1765)> <Delay = 0.00>
ST_1 : Operation 256 [1/1] (0.00ns)   --->   "%write_ln0 = write void @_ssdm_op_Write.ap_auto.i16P0A, i16 %p_out8, i16 %p_load84"   --->   Operation 256 'write' 'write_ln0' <Predicate = (icmp_ln1765)> <Delay = 0.00>
ST_1 : Operation 257 [1/1] (0.00ns)   --->   "%write_ln0 = write void @_ssdm_op_Write.ap_auto.i16P0A, i16 %p_out9, i16 %p_load85"   --->   Operation 257 'write' 'write_ln0' <Predicate = (icmp_ln1765)> <Delay = 0.00>
ST_1 : Operation 258 [1/1] (0.00ns)   --->   "%write_ln0 = write void @_ssdm_op_Write.ap_auto.i16P0A, i16 %p_out10, i16 %p_load86"   --->   Operation 258 'write' 'write_ln0' <Predicate = (icmp_ln1765)> <Delay = 0.00>
ST_1 : Operation 259 [1/1] (0.00ns)   --->   "%write_ln0 = write void @_ssdm_op_Write.ap_auto.i16P0A, i16 %p_out11, i16 %p_load87"   --->   Operation 259 'write' 'write_ln0' <Predicate = (icmp_ln1765)> <Delay = 0.00>
ST_1 : Operation 260 [1/1] (0.00ns)   --->   "%write_ln0 = write void @_ssdm_op_Write.ap_auto.i16P0A, i16 %p_out12, i16 %p_load88"   --->   Operation 260 'write' 'write_ln0' <Predicate = (icmp_ln1765)> <Delay = 0.00>
ST_1 : Operation 261 [1/1] (0.00ns)   --->   "%write_ln0 = write void @_ssdm_op_Write.ap_auto.i16P0A, i16 %p_out13, i16 %p_load89"   --->   Operation 261 'write' 'write_ln0' <Predicate = (icmp_ln1765)> <Delay = 0.00>
ST_1 : Operation 262 [1/1] (0.00ns)   --->   "%write_ln0 = write void @_ssdm_op_Write.ap_auto.i16P0A, i16 %p_out14, i16 %p_load90"   --->   Operation 262 'write' 'write_ln0' <Predicate = (icmp_ln1765)> <Delay = 0.00>
ST_1 : Operation 263 [1/1] (0.00ns)   --->   "%write_ln0 = write void @_ssdm_op_Write.ap_auto.i16P0A, i16 %p_out15, i16 %p_load91"   --->   Operation 263 'write' 'write_ln0' <Predicate = (icmp_ln1765)> <Delay = 0.00>
ST_1 : Operation 264 [1/1] (0.00ns)   --->   "%write_ln0 = write void @_ssdm_op_Write.ap_auto.i16P0A, i16 %p_out16, i16 %p_load92"   --->   Operation 264 'write' 'write_ln0' <Predicate = (icmp_ln1765)> <Delay = 0.00>
ST_1 : Operation 265 [1/1] (0.00ns)   --->   "%write_ln0 = write void @_ssdm_op_Write.ap_auto.i16P0A, i16 %p_out17, i16 %p_load93"   --->   Operation 265 'write' 'write_ln0' <Predicate = (icmp_ln1765)> <Delay = 0.00>
ST_1 : Operation 266 [1/1] (0.00ns)   --->   "%write_ln0 = write void @_ssdm_op_Write.ap_auto.i16P0A, i16 %p_out18, i16 %p_load94"   --->   Operation 266 'write' 'write_ln0' <Predicate = (icmp_ln1765)> <Delay = 0.00>
ST_1 : Operation 267 [1/1] (0.00ns)   --->   "%write_ln0 = write void @_ssdm_op_Write.ap_auto.i16P0A, i16 %p_out19, i16 %p_load95"   --->   Operation 267 'write' 'write_ln0' <Predicate = (icmp_ln1765)> <Delay = 0.00>
ST_1 : Operation 268 [1/1] (0.00ns)   --->   "%write_ln0 = write void @_ssdm_op_Write.ap_auto.i16P0A, i16 %p_out20, i16 %p_load96"   --->   Operation 268 'write' 'write_ln0' <Predicate = (icmp_ln1765)> <Delay = 0.00>
ST_1 : Operation 269 [1/1] (0.00ns)   --->   "%write_ln0 = write void @_ssdm_op_Write.ap_auto.i16P0A, i16 %p_out21, i16 %p_load97"   --->   Operation 269 'write' 'write_ln0' <Predicate = (icmp_ln1765)> <Delay = 0.00>
ST_1 : Operation 270 [1/1] (0.00ns)   --->   "%write_ln0 = write void @_ssdm_op_Write.ap_auto.i16P0A, i16 %p_out22, i16 %p_load98"   --->   Operation 270 'write' 'write_ln0' <Predicate = (icmp_ln1765)> <Delay = 0.00>
ST_1 : Operation 271 [1/1] (0.00ns)   --->   "%write_ln0 = write void @_ssdm_op_Write.ap_auto.i16P0A, i16 %p_out23, i16 %p_load99"   --->   Operation 271 'write' 'write_ln0' <Predicate = (icmp_ln1765)> <Delay = 0.00>
ST_1 : Operation 272 [1/1] (0.00ns)   --->   "%write_ln0 = write void @_ssdm_op_Write.ap_auto.i16P0A, i16 %p_out24, i16 %p_load100"   --->   Operation 272 'write' 'write_ln0' <Predicate = (icmp_ln1765)> <Delay = 0.00>
ST_1 : Operation 273 [1/1] (0.00ns)   --->   "%write_ln0 = write void @_ssdm_op_Write.ap_auto.i16P0A, i16 %p_out25, i16 %p_load101"   --->   Operation 273 'write' 'write_ln0' <Predicate = (icmp_ln1765)> <Delay = 0.00>
ST_1 : Operation 274 [1/1] (0.00ns)   --->   "%write_ln0 = write void @_ssdm_op_Write.ap_auto.i16P0A, i16 %p_out26, i16 %p_load102"   --->   Operation 274 'write' 'write_ln0' <Predicate = (icmp_ln1765)> <Delay = 0.00>
ST_1 : Operation 275 [1/1] (0.00ns)   --->   "%write_ln0 = write void @_ssdm_op_Write.ap_auto.i16P0A, i16 %p_out27, i16 %p_load103"   --->   Operation 275 'write' 'write_ln0' <Predicate = (icmp_ln1765)> <Delay = 0.00>
ST_1 : Operation 276 [1/1] (0.00ns)   --->   "%write_ln0 = write void @_ssdm_op_Write.ap_auto.i16P0A, i16 %p_out28, i16 %p_load104"   --->   Operation 276 'write' 'write_ln0' <Predicate = (icmp_ln1765)> <Delay = 0.00>
ST_1 : Operation 277 [1/1] (0.00ns)   --->   "%write_ln0 = write void @_ssdm_op_Write.ap_auto.i16P0A, i16 %p_out29, i16 %p_load105"   --->   Operation 277 'write' 'write_ln0' <Predicate = (icmp_ln1765)> <Delay = 0.00>
ST_1 : Operation 278 [1/1] (0.00ns)   --->   "%write_ln0 = write void @_ssdm_op_Write.ap_auto.i16P0A, i16 %p_out30, i16 %p_load106"   --->   Operation 278 'write' 'write_ln0' <Predicate = (icmp_ln1765)> <Delay = 0.00>
ST_1 : Operation 279 [1/1] (0.00ns)   --->   "%write_ln0 = write void @_ssdm_op_Write.ap_auto.i16P0A, i16 %p_out31, i16 %p_load107"   --->   Operation 279 'write' 'write_ln0' <Predicate = (icmp_ln1765)> <Delay = 0.00>
ST_1 : Operation 280 [1/1] (0.00ns)   --->   "%write_ln0 = write void @_ssdm_op_Write.ap_auto.i16P0A, i16 %p_out32, i16 %p_load108"   --->   Operation 280 'write' 'write_ln0' <Predicate = (icmp_ln1765)> <Delay = 0.00>
ST_1 : Operation 281 [1/1] (0.00ns)   --->   "%write_ln0 = write void @_ssdm_op_Write.ap_auto.i16P0A, i16 %p_out33, i16 %p_load109"   --->   Operation 281 'write' 'write_ln0' <Predicate = (icmp_ln1765)> <Delay = 0.00>
ST_1 : Operation 282 [1/1] (0.00ns)   --->   "%write_ln0 = write void @_ssdm_op_Write.ap_auto.i16P0A, i16 %p_out34, i16 %p_load110"   --->   Operation 282 'write' 'write_ln0' <Predicate = (icmp_ln1765)> <Delay = 0.00>
ST_1 : Operation 283 [1/1] (0.00ns)   --->   "%write_ln0 = write void @_ssdm_op_Write.ap_auto.i16P0A, i16 %p_out35, i16 %p_load111"   --->   Operation 283 'write' 'write_ln0' <Predicate = (icmp_ln1765)> <Delay = 0.00>
ST_1 : Operation 284 [1/1] (0.00ns)   --->   "%write_ln0 = write void @_ssdm_op_Write.ap_auto.i16P0A, i16 %p_out36, i16 %p_load112"   --->   Operation 284 'write' 'write_ln0' <Predicate = (icmp_ln1765)> <Delay = 0.00>
ST_1 : Operation 285 [1/1] (0.00ns)   --->   "%write_ln0 = write void @_ssdm_op_Write.ap_auto.i16P0A, i16 %p_out37, i16 %p_load113"   --->   Operation 285 'write' 'write_ln0' <Predicate = (icmp_ln1765)> <Delay = 0.00>
ST_1 : Operation 286 [1/1] (0.00ns)   --->   "%ret_ln0 = ret"   --->   Operation 286 'ret' 'ret_ln0' <Predicate = (icmp_ln1765)> <Delay = 0.00>

State 2 <SV = 1> <Delay = 5.11>
ST_2 : Operation 130 [1/1] (0.00ns)   --->   "%specpipeline_ln1766 = specpipeline void @_ssdm_op_SpecPipeline, i32 1, i32 0, i32 0, i32 0, void @empty_25" [H:/subband_ref_q610_opt_stage4_latency_stepL2.cpp:1766->H:/subband_ref_q610_opt_stage4_latency_stepL2.cpp:1983]   --->   Operation 130 'specpipeline' 'specpipeline_ln1766' <Predicate = true> <Delay = 0.00>
ST_2 : Operation 131 [1/1] (0.00ns)   --->   "%speclooptripcount_ln1765 = speclooptripcount void @_ssdm_op_SpecLoopTripCount, i64 38, i64 38, i64 38" [H:/subband_ref_q610_opt_stage4_latency_stepL2.cpp:1765->H:/subband_ref_q610_opt_stage4_latency_stepL2.cpp:1983]   --->   Operation 131 'speclooptripcount' 'speclooptripcount_ln1765' <Predicate = true> <Delay = 0.00>
ST_2 : Operation 132 [1/1] (0.00ns)   --->   "%specloopname_ln1765 = specloopname void @_ssdm_op_SpecLoopName, void @empty_200" [H:/subband_ref_q610_opt_stage4_latency_stepL2.cpp:1765->H:/subband_ref_q610_opt_stage4_latency_stepL2.cpp:1983]   --->   Operation 132 'specloopname' 'specloopname_ln1765' <Predicate = true> <Delay = 0.00>
ST_2 : Operation 133 [1/1] (3.52ns)   --->   "%sequence_stream_read = read i16 @_ssdm_op_Read.ap_fifo.volatile.i16P0A, i16 %sequence_stream" [H:/subband_ref_q610_opt_stage4_latency_stepL2.cpp:1767->H:/subband_ref_q610_opt_stage4_latency_stepL2.cpp:1983]   --->   Operation 133 'read' 'sequence_stream_read' <Predicate = true> <Delay = 3.52> <CoreInst = "FIFO">   --->   Core 78 'FIFO' <Latency = 0> <II = 1> <Delay = 3.52> <Storage> <Opcode : 'read' 'write' 'nbread' 'nbwrite'> <Ports = 0> <Width = 16> <Depth = 128> <FIFO>
ST_2 : Operation 134 [1/1] (1.58ns)   --->   "%store_ln1767 = store i16 %sequence_stream_read, i16 %empty" [H:/subband_ref_q610_opt_stage4_latency_stepL2.cpp:1767->H:/subband_ref_q610_opt_stage4_latency_stepL2.cpp:1983]   --->   Operation 134 'store' 'store_ln1767' <Predicate = (index_11 == 36)> <Delay = 1.58>
ST_2 : Operation 135 [1/1] (0.00ns)   --->   "%br_ln1767 = br void %arrayidx.i.exit" [H:/subband_ref_q610_opt_stage4_latency_stepL2.cpp:1767->H:/subband_ref_q610_opt_stage4_latency_stepL2.cpp:1983]   --->   Operation 135 'br' 'br_ln1767' <Predicate = (index_11 == 36)> <Delay = 0.00>
ST_2 : Operation 136 [1/1] (1.58ns)   --->   "%store_ln1767 = store i16 %sequence_stream_read, i16 %empty_1007" [H:/subband_ref_q610_opt_stage4_latency_stepL2.cpp:1767->H:/subband_ref_q610_opt_stage4_latency_stepL2.cpp:1983]   --->   Operation 136 'store' 'store_ln1767' <Predicate = (index_11 == 35)> <Delay = 1.58>
ST_2 : Operation 137 [1/1] (0.00ns)   --->   "%br_ln1767 = br void %arrayidx.i.exit" [H:/subband_ref_q610_opt_stage4_latency_stepL2.cpp:1767->H:/subband_ref_q610_opt_stage4_latency_stepL2.cpp:1983]   --->   Operation 137 'br' 'br_ln1767' <Predicate = (index_11 == 35)> <Delay = 0.00>
ST_2 : Operation 138 [1/1] (1.58ns)   --->   "%store_ln1767 = store i16 %sequence_stream_read, i16 %empty_1008" [H:/subband_ref_q610_opt_stage4_latency_stepL2.cpp:1767->H:/subband_ref_q610_opt_stage4_latency_stepL2.cpp:1983]   --->   Operation 138 'store' 'store_ln1767' <Predicate = (index_11 == 34)> <Delay = 1.58>
ST_2 : Operation 139 [1/1] (0.00ns)   --->   "%br_ln1767 = br void %arrayidx.i.exit" [H:/subband_ref_q610_opt_stage4_latency_stepL2.cpp:1767->H:/subband_ref_q610_opt_stage4_latency_stepL2.cpp:1983]   --->   Operation 139 'br' 'br_ln1767' <Predicate = (index_11 == 34)> <Delay = 0.00>
ST_2 : Operation 140 [1/1] (1.58ns)   --->   "%store_ln1767 = store i16 %sequence_stream_read, i16 %empty_1009" [H:/subband_ref_q610_opt_stage4_latency_stepL2.cpp:1767->H:/subband_ref_q610_opt_stage4_latency_stepL2.cpp:1983]   --->   Operation 140 'store' 'store_ln1767' <Predicate = (index_11 == 33)> <Delay = 1.58>
ST_2 : Operation 141 [1/1] (0.00ns)   --->   "%br_ln1767 = br void %arrayidx.i.exit" [H:/subband_ref_q610_opt_stage4_latency_stepL2.cpp:1767->H:/subband_ref_q610_opt_stage4_latency_stepL2.cpp:1983]   --->   Operation 141 'br' 'br_ln1767' <Predicate = (index_11 == 33)> <Delay = 0.00>
ST_2 : Operation 142 [1/1] (1.58ns)   --->   "%store_ln1767 = store i16 %sequence_stream_read, i16 %empty_1010" [H:/subband_ref_q610_opt_stage4_latency_stepL2.cpp:1767->H:/subband_ref_q610_opt_stage4_latency_stepL2.cpp:1983]   --->   Operation 142 'store' 'store_ln1767' <Predicate = (index_11 == 32)> <Delay = 1.58>
ST_2 : Operation 143 [1/1] (0.00ns)   --->   "%br_ln1767 = br void %arrayidx.i.exit" [H:/subband_ref_q610_opt_stage4_latency_stepL2.cpp:1767->H:/subband_ref_q610_opt_stage4_latency_stepL2.cpp:1983]   --->   Operation 143 'br' 'br_ln1767' <Predicate = (index_11 == 32)> <Delay = 0.00>
ST_2 : Operation 144 [1/1] (1.58ns)   --->   "%store_ln1767 = store i16 %sequence_stream_read, i16 %empty_1011" [H:/subband_ref_q610_opt_stage4_latency_stepL2.cpp:1767->H:/subband_ref_q610_opt_stage4_latency_stepL2.cpp:1983]   --->   Operation 144 'store' 'store_ln1767' <Predicate = (index_11 == 31)> <Delay = 1.58>
ST_2 : Operation 145 [1/1] (0.00ns)   --->   "%br_ln1767 = br void %arrayidx.i.exit" [H:/subband_ref_q610_opt_stage4_latency_stepL2.cpp:1767->H:/subband_ref_q610_opt_stage4_latency_stepL2.cpp:1983]   --->   Operation 145 'br' 'br_ln1767' <Predicate = (index_11 == 31)> <Delay = 0.00>
ST_2 : Operation 146 [1/1] (1.58ns)   --->   "%store_ln1767 = store i16 %sequence_stream_read, i16 %empty_1012" [H:/subband_ref_q610_opt_stage4_latency_stepL2.cpp:1767->H:/subband_ref_q610_opt_stage4_latency_stepL2.cpp:1983]   --->   Operation 146 'store' 'store_ln1767' <Predicate = (index_11 == 30)> <Delay = 1.58>
ST_2 : Operation 147 [1/1] (0.00ns)   --->   "%br_ln1767 = br void %arrayidx.i.exit" [H:/subband_ref_q610_opt_stage4_latency_stepL2.cpp:1767->H:/subband_ref_q610_opt_stage4_latency_stepL2.cpp:1983]   --->   Operation 147 'br' 'br_ln1767' <Predicate = (index_11 == 30)> <Delay = 0.00>
ST_2 : Operation 148 [1/1] (1.58ns)   --->   "%store_ln1767 = store i16 %sequence_stream_read, i16 %empty_1013" [H:/subband_ref_q610_opt_stage4_latency_stepL2.cpp:1767->H:/subband_ref_q610_opt_stage4_latency_stepL2.cpp:1983]   --->   Operation 148 'store' 'store_ln1767' <Predicate = (index_11 == 29)> <Delay = 1.58>
ST_2 : Operation 149 [1/1] (0.00ns)   --->   "%br_ln1767 = br void %arrayidx.i.exit" [H:/subband_ref_q610_opt_stage4_latency_stepL2.cpp:1767->H:/subband_ref_q610_opt_stage4_latency_stepL2.cpp:1983]   --->   Operation 149 'br' 'br_ln1767' <Predicate = (index_11 == 29)> <Delay = 0.00>
ST_2 : Operation 150 [1/1] (1.58ns)   --->   "%store_ln1767 = store i16 %sequence_stream_read, i16 %empty_1014" [H:/subband_ref_q610_opt_stage4_latency_stepL2.cpp:1767->H:/subband_ref_q610_opt_stage4_latency_stepL2.cpp:1983]   --->   Operation 150 'store' 'store_ln1767' <Predicate = (index_11 == 28)> <Delay = 1.58>
ST_2 : Operation 151 [1/1] (0.00ns)   --->   "%br_ln1767 = br void %arrayidx.i.exit" [H:/subband_ref_q610_opt_stage4_latency_stepL2.cpp:1767->H:/subband_ref_q610_opt_stage4_latency_stepL2.cpp:1983]   --->   Operation 151 'br' 'br_ln1767' <Predicate = (index_11 == 28)> <Delay = 0.00>
ST_2 : Operation 152 [1/1] (1.58ns)   --->   "%store_ln1767 = store i16 %sequence_stream_read, i16 %empty_1015" [H:/subband_ref_q610_opt_stage4_latency_stepL2.cpp:1767->H:/subband_ref_q610_opt_stage4_latency_stepL2.cpp:1983]   --->   Operation 152 'store' 'store_ln1767' <Predicate = (index_11 == 27)> <Delay = 1.58>
ST_2 : Operation 153 [1/1] (0.00ns)   --->   "%br_ln1767 = br void %arrayidx.i.exit" [H:/subband_ref_q610_opt_stage4_latency_stepL2.cpp:1767->H:/subband_ref_q610_opt_stage4_latency_stepL2.cpp:1983]   --->   Operation 153 'br' 'br_ln1767' <Predicate = (index_11 == 27)> <Delay = 0.00>
ST_2 : Operation 154 [1/1] (1.58ns)   --->   "%store_ln1767 = store i16 %sequence_stream_read, i16 %empty_1016" [H:/subband_ref_q610_opt_stage4_latency_stepL2.cpp:1767->H:/subband_ref_q610_opt_stage4_latency_stepL2.cpp:1983]   --->   Operation 154 'store' 'store_ln1767' <Predicate = (index_11 == 26)> <Delay = 1.58>
ST_2 : Operation 155 [1/1] (0.00ns)   --->   "%br_ln1767 = br void %arrayidx.i.exit" [H:/subband_ref_q610_opt_stage4_latency_stepL2.cpp:1767->H:/subband_ref_q610_opt_stage4_latency_stepL2.cpp:1983]   --->   Operation 155 'br' 'br_ln1767' <Predicate = (index_11 == 26)> <Delay = 0.00>
ST_2 : Operation 156 [1/1] (1.58ns)   --->   "%store_ln1767 = store i16 %sequence_stream_read, i16 %empty_1017" [H:/subband_ref_q610_opt_stage4_latency_stepL2.cpp:1767->H:/subband_ref_q610_opt_stage4_latency_stepL2.cpp:1983]   --->   Operation 156 'store' 'store_ln1767' <Predicate = (index_11 == 25)> <Delay = 1.58>
ST_2 : Operation 157 [1/1] (0.00ns)   --->   "%br_ln1767 = br void %arrayidx.i.exit" [H:/subband_ref_q610_opt_stage4_latency_stepL2.cpp:1767->H:/subband_ref_q610_opt_stage4_latency_stepL2.cpp:1983]   --->   Operation 157 'br' 'br_ln1767' <Predicate = (index_11 == 25)> <Delay = 0.00>
ST_2 : Operation 158 [1/1] (1.58ns)   --->   "%store_ln1767 = store i16 %sequence_stream_read, i16 %empty_1018" [H:/subband_ref_q610_opt_stage4_latency_stepL2.cpp:1767->H:/subband_ref_q610_opt_stage4_latency_stepL2.cpp:1983]   --->   Operation 158 'store' 'store_ln1767' <Predicate = (index_11 == 24)> <Delay = 1.58>
ST_2 : Operation 159 [1/1] (0.00ns)   --->   "%br_ln1767 = br void %arrayidx.i.exit" [H:/subband_ref_q610_opt_stage4_latency_stepL2.cpp:1767->H:/subband_ref_q610_opt_stage4_latency_stepL2.cpp:1983]   --->   Operation 159 'br' 'br_ln1767' <Predicate = (index_11 == 24)> <Delay = 0.00>
ST_2 : Operation 160 [1/1] (1.58ns)   --->   "%store_ln1767 = store i16 %sequence_stream_read, i16 %empty_1019" [H:/subband_ref_q610_opt_stage4_latency_stepL2.cpp:1767->H:/subband_ref_q610_opt_stage4_latency_stepL2.cpp:1983]   --->   Operation 160 'store' 'store_ln1767' <Predicate = (index_11 == 23)> <Delay = 1.58>
ST_2 : Operation 161 [1/1] (0.00ns)   --->   "%br_ln1767 = br void %arrayidx.i.exit" [H:/subband_ref_q610_opt_stage4_latency_stepL2.cpp:1767->H:/subband_ref_q610_opt_stage4_latency_stepL2.cpp:1983]   --->   Operation 161 'br' 'br_ln1767' <Predicate = (index_11 == 23)> <Delay = 0.00>
ST_2 : Operation 162 [1/1] (1.58ns)   --->   "%store_ln1767 = store i16 %sequence_stream_read, i16 %empty_1020" [H:/subband_ref_q610_opt_stage4_latency_stepL2.cpp:1767->H:/subband_ref_q610_opt_stage4_latency_stepL2.cpp:1983]   --->   Operation 162 'store' 'store_ln1767' <Predicate = (index_11 == 22)> <Delay = 1.58>
ST_2 : Operation 163 [1/1] (0.00ns)   --->   "%br_ln1767 = br void %arrayidx.i.exit" [H:/subband_ref_q610_opt_stage4_latency_stepL2.cpp:1767->H:/subband_ref_q610_opt_stage4_latency_stepL2.cpp:1983]   --->   Operation 163 'br' 'br_ln1767' <Predicate = (index_11 == 22)> <Delay = 0.00>
ST_2 : Operation 164 [1/1] (1.58ns)   --->   "%store_ln1767 = store i16 %sequence_stream_read, i16 %empty_1021" [H:/subband_ref_q610_opt_stage4_latency_stepL2.cpp:1767->H:/subband_ref_q610_opt_stage4_latency_stepL2.cpp:1983]   --->   Operation 164 'store' 'store_ln1767' <Predicate = (index_11 == 21)> <Delay = 1.58>
ST_2 : Operation 165 [1/1] (0.00ns)   --->   "%br_ln1767 = br void %arrayidx.i.exit" [H:/subband_ref_q610_opt_stage4_latency_stepL2.cpp:1767->H:/subband_ref_q610_opt_stage4_latency_stepL2.cpp:1983]   --->   Operation 165 'br' 'br_ln1767' <Predicate = (index_11 == 21)> <Delay = 0.00>
ST_2 : Operation 166 [1/1] (1.58ns)   --->   "%store_ln1767 = store i16 %sequence_stream_read, i16 %empty_1022" [H:/subband_ref_q610_opt_stage4_latency_stepL2.cpp:1767->H:/subband_ref_q610_opt_stage4_latency_stepL2.cpp:1983]   --->   Operation 166 'store' 'store_ln1767' <Predicate = (index_11 == 20)> <Delay = 1.58>
ST_2 : Operation 167 [1/1] (0.00ns)   --->   "%br_ln1767 = br void %arrayidx.i.exit" [H:/subband_ref_q610_opt_stage4_latency_stepL2.cpp:1767->H:/subband_ref_q610_opt_stage4_latency_stepL2.cpp:1983]   --->   Operation 167 'br' 'br_ln1767' <Predicate = (index_11 == 20)> <Delay = 0.00>
ST_2 : Operation 168 [1/1] (1.58ns)   --->   "%store_ln1767 = store i16 %sequence_stream_read, i16 %empty_1023" [H:/subband_ref_q610_opt_stage4_latency_stepL2.cpp:1767->H:/subband_ref_q610_opt_stage4_latency_stepL2.cpp:1983]   --->   Operation 168 'store' 'store_ln1767' <Predicate = (index_11 == 19)> <Delay = 1.58>
ST_2 : Operation 169 [1/1] (0.00ns)   --->   "%br_ln1767 = br void %arrayidx.i.exit" [H:/subband_ref_q610_opt_stage4_latency_stepL2.cpp:1767->H:/subband_ref_q610_opt_stage4_latency_stepL2.cpp:1983]   --->   Operation 169 'br' 'br_ln1767' <Predicate = (index_11 == 19)> <Delay = 0.00>
ST_2 : Operation 170 [1/1] (1.58ns)   --->   "%store_ln1767 = store i16 %sequence_stream_read, i16 %empty_1024" [H:/subband_ref_q610_opt_stage4_latency_stepL2.cpp:1767->H:/subband_ref_q610_opt_stage4_latency_stepL2.cpp:1983]   --->   Operation 170 'store' 'store_ln1767' <Predicate = (index_11 == 18)> <Delay = 1.58>
ST_2 : Operation 171 [1/1] (0.00ns)   --->   "%br_ln1767 = br void %arrayidx.i.exit" [H:/subband_ref_q610_opt_stage4_latency_stepL2.cpp:1767->H:/subband_ref_q610_opt_stage4_latency_stepL2.cpp:1983]   --->   Operation 171 'br' 'br_ln1767' <Predicate = (index_11 == 18)> <Delay = 0.00>
ST_2 : Operation 172 [1/1] (1.58ns)   --->   "%store_ln1767 = store i16 %sequence_stream_read, i16 %empty_1025" [H:/subband_ref_q610_opt_stage4_latency_stepL2.cpp:1767->H:/subband_ref_q610_opt_stage4_latency_stepL2.cpp:1983]   --->   Operation 172 'store' 'store_ln1767' <Predicate = (index_11 == 17)> <Delay = 1.58>
ST_2 : Operation 173 [1/1] (0.00ns)   --->   "%br_ln1767 = br void %arrayidx.i.exit" [H:/subband_ref_q610_opt_stage4_latency_stepL2.cpp:1767->H:/subband_ref_q610_opt_stage4_latency_stepL2.cpp:1983]   --->   Operation 173 'br' 'br_ln1767' <Predicate = (index_11 == 17)> <Delay = 0.00>
ST_2 : Operation 174 [1/1] (1.58ns)   --->   "%store_ln1767 = store i16 %sequence_stream_read, i16 %empty_1026" [H:/subband_ref_q610_opt_stage4_latency_stepL2.cpp:1767->H:/subband_ref_q610_opt_stage4_latency_stepL2.cpp:1983]   --->   Operation 174 'store' 'store_ln1767' <Predicate = (index_11 == 16)> <Delay = 1.58>
ST_2 : Operation 175 [1/1] (0.00ns)   --->   "%br_ln1767 = br void %arrayidx.i.exit" [H:/subband_ref_q610_opt_stage4_latency_stepL2.cpp:1767->H:/subband_ref_q610_opt_stage4_latency_stepL2.cpp:1983]   --->   Operation 175 'br' 'br_ln1767' <Predicate = (index_11 == 16)> <Delay = 0.00>
ST_2 : Operation 176 [1/1] (1.58ns)   --->   "%store_ln1767 = store i16 %sequence_stream_read, i16 %empty_1027" [H:/subband_ref_q610_opt_stage4_latency_stepL2.cpp:1767->H:/subband_ref_q610_opt_stage4_latency_stepL2.cpp:1983]   --->   Operation 176 'store' 'store_ln1767' <Predicate = (index_11 == 15)> <Delay = 1.58>
ST_2 : Operation 177 [1/1] (0.00ns)   --->   "%br_ln1767 = br void %arrayidx.i.exit" [H:/subband_ref_q610_opt_stage4_latency_stepL2.cpp:1767->H:/subband_ref_q610_opt_stage4_latency_stepL2.cpp:1983]   --->   Operation 177 'br' 'br_ln1767' <Predicate = (index_11 == 15)> <Delay = 0.00>
ST_2 : Operation 178 [1/1] (1.58ns)   --->   "%store_ln1767 = store i16 %sequence_stream_read, i16 %empty_1028" [H:/subband_ref_q610_opt_stage4_latency_stepL2.cpp:1767->H:/subband_ref_q610_opt_stage4_latency_stepL2.cpp:1983]   --->   Operation 178 'store' 'store_ln1767' <Predicate = (index_11 == 14)> <Delay = 1.58>
ST_2 : Operation 179 [1/1] (0.00ns)   --->   "%br_ln1767 = br void %arrayidx.i.exit" [H:/subband_ref_q610_opt_stage4_latency_stepL2.cpp:1767->H:/subband_ref_q610_opt_stage4_latency_stepL2.cpp:1983]   --->   Operation 179 'br' 'br_ln1767' <Predicate = (index_11 == 14)> <Delay = 0.00>
ST_2 : Operation 180 [1/1] (1.58ns)   --->   "%store_ln1767 = store i16 %sequence_stream_read, i16 %empty_1029" [H:/subband_ref_q610_opt_stage4_latency_stepL2.cpp:1767->H:/subband_ref_q610_opt_stage4_latency_stepL2.cpp:1983]   --->   Operation 180 'store' 'store_ln1767' <Predicate = (index_11 == 13)> <Delay = 1.58>
ST_2 : Operation 181 [1/1] (0.00ns)   --->   "%br_ln1767 = br void %arrayidx.i.exit" [H:/subband_ref_q610_opt_stage4_latency_stepL2.cpp:1767->H:/subband_ref_q610_opt_stage4_latency_stepL2.cpp:1983]   --->   Operation 181 'br' 'br_ln1767' <Predicate = (index_11 == 13)> <Delay = 0.00>
ST_2 : Operation 182 [1/1] (1.58ns)   --->   "%store_ln1767 = store i16 %sequence_stream_read, i16 %empty_1030" [H:/subband_ref_q610_opt_stage4_latency_stepL2.cpp:1767->H:/subband_ref_q610_opt_stage4_latency_stepL2.cpp:1983]   --->   Operation 182 'store' 'store_ln1767' <Predicate = (index_11 == 12)> <Delay = 1.58>
ST_2 : Operation 183 [1/1] (0.00ns)   --->   "%br_ln1767 = br void %arrayidx.i.exit" [H:/subband_ref_q610_opt_stage4_latency_stepL2.cpp:1767->H:/subband_ref_q610_opt_stage4_latency_stepL2.cpp:1983]   --->   Operation 183 'br' 'br_ln1767' <Predicate = (index_11 == 12)> <Delay = 0.00>
ST_2 : Operation 184 [1/1] (1.58ns)   --->   "%store_ln1767 = store i16 %sequence_stream_read, i16 %empty_1031" [H:/subband_ref_q610_opt_stage4_latency_stepL2.cpp:1767->H:/subband_ref_q610_opt_stage4_latency_stepL2.cpp:1983]   --->   Operation 184 'store' 'store_ln1767' <Predicate = (index_11 == 11)> <Delay = 1.58>
ST_2 : Operation 185 [1/1] (0.00ns)   --->   "%br_ln1767 = br void %arrayidx.i.exit" [H:/subband_ref_q610_opt_stage4_latency_stepL2.cpp:1767->H:/subband_ref_q610_opt_stage4_latency_stepL2.cpp:1983]   --->   Operation 185 'br' 'br_ln1767' <Predicate = (index_11 == 11)> <Delay = 0.00>
ST_2 : Operation 186 [1/1] (1.58ns)   --->   "%store_ln1767 = store i16 %sequence_stream_read, i16 %empty_1032" [H:/subband_ref_q610_opt_stage4_latency_stepL2.cpp:1767->H:/subband_ref_q610_opt_stage4_latency_stepL2.cpp:1983]   --->   Operation 186 'store' 'store_ln1767' <Predicate = (index_11 == 10)> <Delay = 1.58>
ST_2 : Operation 187 [1/1] (0.00ns)   --->   "%br_ln1767 = br void %arrayidx.i.exit" [H:/subband_ref_q610_opt_stage4_latency_stepL2.cpp:1767->H:/subband_ref_q610_opt_stage4_latency_stepL2.cpp:1983]   --->   Operation 187 'br' 'br_ln1767' <Predicate = (index_11 == 10)> <Delay = 0.00>
ST_2 : Operation 188 [1/1] (1.58ns)   --->   "%store_ln1767 = store i16 %sequence_stream_read, i16 %empty_1033" [H:/subband_ref_q610_opt_stage4_latency_stepL2.cpp:1767->H:/subband_ref_q610_opt_stage4_latency_stepL2.cpp:1983]   --->   Operation 188 'store' 'store_ln1767' <Predicate = (index_11 == 9)> <Delay = 1.58>
ST_2 : Operation 189 [1/1] (0.00ns)   --->   "%br_ln1767 = br void %arrayidx.i.exit" [H:/subband_ref_q610_opt_stage4_latency_stepL2.cpp:1767->H:/subband_ref_q610_opt_stage4_latency_stepL2.cpp:1983]   --->   Operation 189 'br' 'br_ln1767' <Predicate = (index_11 == 9)> <Delay = 0.00>
ST_2 : Operation 190 [1/1] (1.58ns)   --->   "%store_ln1767 = store i16 %sequence_stream_read, i16 %empty_1034" [H:/subband_ref_q610_opt_stage4_latency_stepL2.cpp:1767->H:/subband_ref_q610_opt_stage4_latency_stepL2.cpp:1983]   --->   Operation 190 'store' 'store_ln1767' <Predicate = (index_11 == 8)> <Delay = 1.58>
ST_2 : Operation 191 [1/1] (0.00ns)   --->   "%br_ln1767 = br void %arrayidx.i.exit" [H:/subband_ref_q610_opt_stage4_latency_stepL2.cpp:1767->H:/subband_ref_q610_opt_stage4_latency_stepL2.cpp:1983]   --->   Operation 191 'br' 'br_ln1767' <Predicate = (index_11 == 8)> <Delay = 0.00>
ST_2 : Operation 192 [1/1] (1.58ns)   --->   "%store_ln1767 = store i16 %sequence_stream_read, i16 %empty_1035" [H:/subband_ref_q610_opt_stage4_latency_stepL2.cpp:1767->H:/subband_ref_q610_opt_stage4_latency_stepL2.cpp:1983]   --->   Operation 192 'store' 'store_ln1767' <Predicate = (index_11 == 7)> <Delay = 1.58>
ST_2 : Operation 193 [1/1] (0.00ns)   --->   "%br_ln1767 = br void %arrayidx.i.exit" [H:/subband_ref_q610_opt_stage4_latency_stepL2.cpp:1767->H:/subband_ref_q610_opt_stage4_latency_stepL2.cpp:1983]   --->   Operation 193 'br' 'br_ln1767' <Predicate = (index_11 == 7)> <Delay = 0.00>
ST_2 : Operation 194 [1/1] (1.58ns)   --->   "%store_ln1767 = store i16 %sequence_stream_read, i16 %empty_1036" [H:/subband_ref_q610_opt_stage4_latency_stepL2.cpp:1767->H:/subband_ref_q610_opt_stage4_latency_stepL2.cpp:1983]   --->   Operation 194 'store' 'store_ln1767' <Predicate = (index_11 == 6)> <Delay = 1.58>
ST_2 : Operation 195 [1/1] (0.00ns)   --->   "%br_ln1767 = br void %arrayidx.i.exit" [H:/subband_ref_q610_opt_stage4_latency_stepL2.cpp:1767->H:/subband_ref_q610_opt_stage4_latency_stepL2.cpp:1983]   --->   Operation 195 'br' 'br_ln1767' <Predicate = (index_11 == 6)> <Delay = 0.00>
ST_2 : Operation 196 [1/1] (1.58ns)   --->   "%store_ln1767 = store i16 %sequence_stream_read, i16 %empty_1037" [H:/subband_ref_q610_opt_stage4_latency_stepL2.cpp:1767->H:/subband_ref_q610_opt_stage4_latency_stepL2.cpp:1983]   --->   Operation 196 'store' 'store_ln1767' <Predicate = (index_11 == 5)> <Delay = 1.58>
ST_2 : Operation 197 [1/1] (0.00ns)   --->   "%br_ln1767 = br void %arrayidx.i.exit" [H:/subband_ref_q610_opt_stage4_latency_stepL2.cpp:1767->H:/subband_ref_q610_opt_stage4_latency_stepL2.cpp:1983]   --->   Operation 197 'br' 'br_ln1767' <Predicate = (index_11 == 5)> <Delay = 0.00>
ST_2 : Operation 198 [1/1] (1.58ns)   --->   "%store_ln1767 = store i16 %sequence_stream_read, i16 %empty_1038" [H:/subband_ref_q610_opt_stage4_latency_stepL2.cpp:1767->H:/subband_ref_q610_opt_stage4_latency_stepL2.cpp:1983]   --->   Operation 198 'store' 'store_ln1767' <Predicate = (index_11 == 4)> <Delay = 1.58>
ST_2 : Operation 199 [1/1] (0.00ns)   --->   "%br_ln1767 = br void %arrayidx.i.exit" [H:/subband_ref_q610_opt_stage4_latency_stepL2.cpp:1767->H:/subband_ref_q610_opt_stage4_latency_stepL2.cpp:1983]   --->   Operation 199 'br' 'br_ln1767' <Predicate = (index_11 == 4)> <Delay = 0.00>
ST_2 : Operation 200 [1/1] (1.58ns)   --->   "%store_ln1767 = store i16 %sequence_stream_read, i16 %empty_1039" [H:/subband_ref_q610_opt_stage4_latency_stepL2.cpp:1767->H:/subband_ref_q610_opt_stage4_latency_stepL2.cpp:1983]   --->   Operation 200 'store' 'store_ln1767' <Predicate = (index_11 == 3)> <Delay = 1.58>
ST_2 : Operation 201 [1/1] (0.00ns)   --->   "%br_ln1767 = br void %arrayidx.i.exit" [H:/subband_ref_q610_opt_stage4_latency_stepL2.cpp:1767->H:/subband_ref_q610_opt_stage4_latency_stepL2.cpp:1983]   --->   Operation 201 'br' 'br_ln1767' <Predicate = (index_11 == 3)> <Delay = 0.00>
ST_2 : Operation 202 [1/1] (1.58ns)   --->   "%store_ln1767 = store i16 %sequence_stream_read, i16 %empty_1040" [H:/subband_ref_q610_opt_stage4_latency_stepL2.cpp:1767->H:/subband_ref_q610_opt_stage4_latency_stepL2.cpp:1983]   --->   Operation 202 'store' 'store_ln1767' <Predicate = (index_11 == 2)> <Delay = 1.58>
ST_2 : Operation 203 [1/1] (0.00ns)   --->   "%br_ln1767 = br void %arrayidx.i.exit" [H:/subband_ref_q610_opt_stage4_latency_stepL2.cpp:1767->H:/subband_ref_q610_opt_stage4_latency_stepL2.cpp:1983]   --->   Operation 203 'br' 'br_ln1767' <Predicate = (index_11 == 2)> <Delay = 0.00>
ST_2 : Operation 204 [1/1] (1.58ns)   --->   "%store_ln1767 = store i16 %sequence_stream_read, i16 %empty_1041" [H:/subband_ref_q610_opt_stage4_latency_stepL2.cpp:1767->H:/subband_ref_q610_opt_stage4_latency_stepL2.cpp:1983]   --->   Operation 204 'store' 'store_ln1767' <Predicate = (index_11 == 1)> <Delay = 1.58>
ST_2 : Operation 205 [1/1] (0.00ns)   --->   "%br_ln1767 = br void %arrayidx.i.exit" [H:/subband_ref_q610_opt_stage4_latency_stepL2.cpp:1767->H:/subband_ref_q610_opt_stage4_latency_stepL2.cpp:1983]   --->   Operation 205 'br' 'br_ln1767' <Predicate = (index_11 == 1)> <Delay = 0.00>
ST_2 : Operation 206 [1/1] (1.58ns)   --->   "%store_ln1767 = store i16 %sequence_stream_read, i16 %empty_1042" [H:/subband_ref_q610_opt_stage4_latency_stepL2.cpp:1767->H:/subband_ref_q610_opt_stage4_latency_stepL2.cpp:1983]   --->   Operation 206 'store' 'store_ln1767' <Predicate = (index_11 == 0)> <Delay = 1.58>
ST_2 : Operation 207 [1/1] (0.00ns)   --->   "%br_ln1767 = br void %arrayidx.i.exit" [H:/subband_ref_q610_opt_stage4_latency_stepL2.cpp:1767->H:/subband_ref_q610_opt_stage4_latency_stepL2.cpp:1983]   --->   Operation 207 'br' 'br_ln1767' <Predicate = (index_11 == 0)> <Delay = 0.00>
ST_2 : Operation 208 [1/1] (1.58ns)   --->   "%store_ln1767 = store i16 %sequence_stream_read, i16 %empty_1043" [H:/subband_ref_q610_opt_stage4_latency_stepL2.cpp:1767->H:/subband_ref_q610_opt_stage4_latency_stepL2.cpp:1983]   --->   Operation 208 'store' 'store_ln1767' <Predicate = (index_11 != 0 & index_11 != 1 & index_11 != 2 & index_11 != 3 & index_11 != 4 & index_11 != 5 & index_11 != 6 & index_11 != 7 & index_11 != 8 & index_11 != 9 & index_11 != 10 & index_11 != 11 & index_11 != 12 & index_11 != 13 & index_11 != 14 & index_11 != 15 & index_11 != 16 & index_11 != 17 & index_11 != 18 & index_11 != 19 & index_11 != 20 & index_11 != 21 & index_11 != 22 & index_11 != 23 & index_11 != 24 & index_11 != 25 & index_11 != 26 & index_11 != 27 & index_11 != 28 & index_11 != 29 & index_11 != 30 & index_11 != 31 & index_11 != 32 & index_11 != 33 & index_11 != 34 & index_11 != 35 & index_11 != 36)> <Delay = 1.58>
ST_2 : Operation 209 [1/1] (0.00ns)   --->   "%br_ln1767 = br void %arrayidx.i.exit" [H:/subband_ref_q610_opt_stage4_latency_stepL2.cpp:1767->H:/subband_ref_q610_opt_stage4_latency_stepL2.cpp:1983]   --->   Operation 209 'br' 'br_ln1767' <Predicate = (index_11 != 0 & index_11 != 1 & index_11 != 2 & index_11 != 3 & index_11 != 4 & index_11 != 5 & index_11 != 6 & index_11 != 7 & index_11 != 8 & index_11 != 9 & index_11 != 10 & index_11 != 11 & index_11 != 12 & index_11 != 13 & index_11 != 14 & index_11 != 15 & index_11 != 16 & index_11 != 17 & index_11 != 18 & index_11 != 19 & index_11 != 20 & index_11 != 21 & index_11 != 22 & index_11 != 23 & index_11 != 24 & index_11 != 25 & index_11 != 26 & index_11 != 27 & index_11 != 28 & index_11 != 29 & index_11 != 30 & index_11 != 31 & index_11 != 32 & index_11 != 33 & index_11 != 34 & index_11 != 35 & index_11 != 36)> <Delay = 0.00>


============================================================
+ Verbose Summary: Timing violations
============================================================
Target clock period: 10.000ns, clock uncertainty: 2.700ns.

 <State 1>: 5.001ns
The critical path consists of the following:
	'store' operation 0 bit ('store_ln1765', H:/subband_ref_q610_opt_stage4_latency_stepL2.cpp:1765->H:/subband_ref_q610_opt_stage4_latency_stepL2.cpp:1983) of constant 0 on local variable 'index', H:/subband_ref_q610_opt_stage4_latency_stepL2.cpp:1765->H:/subband_ref_q610_opt_stage4_latency_stepL2.cpp:1983 [194]  (1.588 ns)
	'load' operation 6 bit ('index', H:/subband_ref_q610_opt_stage4_latency_stepL2.cpp:1765->H:/subband_ref_q610_opt_stage4_latency_stepL2.cpp:1983) on local variable 'index', H:/subband_ref_q610_opt_stage4_latency_stepL2.cpp:1765->H:/subband_ref_q610_opt_stage4_latency_stepL2.cpp:1983 [197]  (0.000 ns)
	'add' operation 6 bit ('add_ln1765', H:/subband_ref_q610_opt_stage4_latency_stepL2.cpp:1765->H:/subband_ref_q610_opt_stage4_latency_stepL2.cpp:1983) [199]  (1.825 ns)
	'store' operation 0 bit ('store_ln1765', H:/subband_ref_q610_opt_stage4_latency_stepL2.cpp:1765->H:/subband_ref_q610_opt_stage4_latency_stepL2.cpp:1983) of variable 'add_ln1765', H:/subband_ref_q610_opt_stage4_latency_stepL2.cpp:1765->H:/subband_ref_q610_opt_stage4_latency_stepL2.cpp:1983 on local variable 'index', H:/subband_ref_q610_opt_stage4_latency_stepL2.cpp:1765->H:/subband_ref_q610_opt_stage4_latency_stepL2.cpp:1983 [322]  (1.588 ns)

 <State 2>: 5.116ns
The critical path consists of the following:
	fifo read operation ('sequence_stream_read', H:/subband_ref_q610_opt_stage4_latency_stepL2.cpp:1767->H:/subband_ref_q610_opt_stage4_latency_stepL2.cpp:1983) on port 'sequence_stream' (H:/subband_ref_q610_opt_stage4_latency_stepL2.cpp:1767->H:/subband_ref_q610_opt_stage4_latency_stepL2.cpp:1983) [205]  (3.528 ns)
	'store' operation 0 bit ('store_ln1767', H:/subband_ref_q610_opt_stage4_latency_stepL2.cpp:1767->H:/subband_ref_q610_opt_stage4_latency_stepL2.cpp:1983) of variable 'sequence_stream_read', H:/subband_ref_q610_opt_stage4_latency_stepL2.cpp:1767->H:/subband_ref_q610_opt_stage4_latency_stepL2.cpp:1983 on local variable 'empty_1009' [217]  (1.588 ns)


============================================================
+ Verbose Summary: Binding
============================================================
N/A
* FSMD analyzer results:
  - Output states:
 - Input state : 
  - Chain level:
	State 1
	State 2


============================================================
+ Verbose Summary: Datapath Resource usage 
============================================================
N/A
