

================================================================
== Vitis HLS Report for 'p_anonymous_namespace_RunGSULayer1StreamParallelQ610_Pipeline_VITIS_LOOP_1774_1'
================================================================
* Date:           Wed May 13 19:58:35 2026

* Version:        2023.2 (Build 4023990 on Oct 11 2023)
* Project:        subband_q610_zybo_z7_20_hls
* Solution:       solution1 (Vivado IP Flow Target)
* Product family: zynq
* Target device:  xc7z020-clg400-1


================================================================
== Performance Estimates
================================================================
+ Timing: 
    * Summary: 
    +--------+----------+----------+------------+
    |  Clock |  Target  | Estimated| Uncertainty|
    +--------+----------+----------+------------+
    |ap_clk  |  10.00 ns|  5.091 ns|     2.70 ns|
    +--------+----------+----------+------------+

+ Latency: 
    * Summary: 
    +---------+---------+----------+----------+-----+-----+---------+
    |  Latency (cycles) |  Latency (absolute) |  Interval | Pipeline|
    |   min   |   max   |    min   |    max   | min | max |   Type  |
    +---------+---------+----------+----------+-----+-----+---------+
    |      227|      227|  2.270 us|  2.270 us|  227|  227|       no|
    +---------+---------+----------+----------+-----+-----+---------+

    + Detail: 
        * Instance: 
        N/A

        * Loop: 
        +---------------------+---------+---------+----------+-----------+-----------+------+----------+
        |                     |  Latency (cycles) | Iteration|  Initiation Interval  | Trip |          |
        |      Loop Name      |   min   |   max   |  Latency |  achieved |   target  | Count| Pipelined|
        +---------------------+---------+---------+----------+-----------+-----------+------+----------+
        |- VITIS_LOOP_1774_1  |      225|      225|         3|          1|          1|   224|       yes|
        +---------------------+---------+---------+----------+-----------+-----------+------+----------+

============================================================
+ Verbose Summary: Synthesis Manager
============================================================
InlineROM: 1
ExposeGlobal: 0
============================================================
+ Verbose Summary: CDFG Model
============================================================
IsTopModel: 0
ResetActiveHigh: 1
IsCombinational: 0
IsDatapathOnly: 0
HasWiredReturn: 1
HasMFsm: 2
HasVarLatency: 1
IsPipeline: 0
IsRtlPipelined: 0
IsInstanceOverlapped: 0
IsDontTouch: 0
HasImplIP: 0
IsGatedGlobalClock: 0

+ Individual pipeline summary: 
  * Pipeline-0: initiation interval (II) = 1, depth = 3


============================================================
+ Verbose Summary: Schedule
============================================================
* Number of FSM states : 3
* Pipeline : 1
  Pipeline-0 : II = 1, D = 3, States = { 1 2 3 }
* Dataflow Pipeline: 0

* FSM state transitions: 
1 --> 2 
2 --> 3 
3 --> 

* FSM state operations: 

State 1 <SV = 0> <Delay = 5.09>
ST_1 : Operation 6 [1/1] (0.00ns)   --->   "%index_7 = alloca i32 1" [H:/subband_ref_q610_opt_stage4_latency_stepL2.cpp:1774->H:/subband_ref_q610_opt_stage4_latency_stepL2.cpp:2029]   --->   Operation 6 'alloca' 'index_7' <Predicate = true> <Delay = 0.00>
ST_1 : Operation 7 [1/1] (0.00ns)   --->   "%specinterface_ln0 = specinterface void @_ssdm_op_SpecInterface, i16 %layer1_output_stream, void @empty_199, i32 0, i32 0, void @empty_25, i32 0, i32 0, void @empty_25, void @empty_25, void @empty_25, i32 0, i32 0, i32 0, i32 0, void @empty_25, void @empty_25, i32 4294967295, i32 0"   --->   Operation 7 'specinterface' 'specinterface_ln0' <Predicate = true> <Delay = 0.00>
ST_1 : Operation 8 [1/1] (1.58ns)   --->   "%store_ln1774 = store i8 0, i8 %index_7" [H:/subband_ref_q610_opt_stage4_latency_stepL2.cpp:1774->H:/subband_ref_q610_opt_stage4_latency_stepL2.cpp:2029]   --->   Operation 8 'store' 'store_ln1774' <Predicate = true> <Delay = 1.58>
ST_1 : Operation 9 [1/1] (0.00ns)   --->   "%br_ln0 = br void %for.body.i8"   --->   Operation 9 'br' 'br_ln0' <Predicate = true> <Delay = 0.00>
ST_1 : Operation 10 [1/1] (0.00ns)   --->   "%index = load i8 %index_7" [H:/subband_ref_q610_opt_stage4_latency_stepL2.cpp:1774->H:/subband_ref_q610_opt_stage4_latency_stepL2.cpp:2029]   --->   Operation 10 'load' 'index' <Predicate = true> <Delay = 0.00>
ST_1 : Operation 11 [1/1] (1.91ns)   --->   "%icmp_ln1774 = icmp_eq  i8 %index, i8 224" [H:/subband_ref_q610_opt_stage4_latency_stepL2.cpp:1774->H:/subband_ref_q610_opt_stage4_latency_stepL2.cpp:2029]   --->   Operation 11 'icmp' 'icmp_ln1774' <Predicate = true> <Delay = 1.91> <CoreInst = "Cmp">   --->   Core 9 'Cmp' <Latency = 0> <II = 1> <Delay = 1.91> <FuncUnit> <Opcode : 'icmp'> <InPorts = 2> <OutPorts = 1>
ST_1 : Operation 12 [1/1] (1.91ns)   --->   "%add_ln1774 = add i8 %index, i8 1" [H:/subband_ref_q610_opt_stage4_latency_stepL2.cpp:1774->H:/subband_ref_q610_opt_stage4_latency_stepL2.cpp:2029]   --->   Operation 12 'add' 'add_ln1774' <Predicate = true> <Delay = 1.91> <CoreInst = "Adder">   --->   Core 1 'Adder' <Latency = 0> <II = 1> <Delay = 1.91> <FuncUnit> <Opcode : 'add' 'sub'> <InPorts = 2> <OutPorts = 1>
ST_1 : Operation 13 [1/1] (0.00ns)   --->   "%br_ln1774 = br i1 %icmp_ln1774, void %for.body.i8.split, void %for.inc.exitStub" [H:/subband_ref_q610_opt_stage4_latency_stepL2.cpp:1774->H:/subband_ref_q610_opt_stage4_latency_stepL2.cpp:2029]   --->   Operation 13 'br' 'br_ln1774' <Predicate = true> <Delay = 0.00>
ST_1 : Operation 14 [1/1] (0.00ns)   --->   "%trunc_ln1774 = trunc i8 %index" [H:/subband_ref_q610_opt_stage4_latency_stepL2.cpp:1774->H:/subband_ref_q610_opt_stage4_latency_stepL2.cpp:2029]   --->   Operation 14 'trunc' 'trunc_ln1774' <Predicate = (!icmp_ln1774)> <Delay = 0.00>
ST_1 : Operation 15 [1/1] (0.00ns)   --->   "%lshr_ln = partselect i7 @_ssdm_op_PartSelect.i7.i8.i32.i32, i8 %index, i32 1, i32 7" [H:/subband_ref_q610_opt_stage4_latency_stepL2.cpp:1774->H:/subband_ref_q610_opt_stage4_latency_stepL2.cpp:2029]   --->   Operation 15 'partselect' 'lshr_ln' <Predicate = (!icmp_ln1774)> <Delay = 0.00>
ST_1 : Operation 16 [1/1] (0.00ns)   --->   "%zext_ln1776 = zext i7 %lshr_ln" [H:/subband_ref_q610_opt_stage4_latency_stepL2.cpp:1776->H:/subband_ref_q610_opt_stage4_latency_stepL2.cpp:2029]   --->   Operation 16 'zext' 'zext_ln1776' <Predicate = (!icmp_ln1774)> <Delay = 0.00>
ST_1 : Operation 17 [1/1] (0.00ns)   --->   "%output_buffer_addr = getelementptr i11 %output_buffer, i32 0, i32 %zext_ln1776" [H:/subband_ref_q610_opt_stage4_latency_stepL2.cpp:1776->H:/subband_ref_q610_opt_stage4_latency_stepL2.cpp:2029]   --->   Operation 17 'getelementptr' 'output_buffer_addr' <Predicate = (!icmp_ln1774)> <Delay = 0.00>
ST_1 : Operation 18 [1/1] (0.00ns)   --->   "%output_buffer_2_addr = getelementptr i11 %output_buffer_2, i32 0, i32 %zext_ln1776" [H:/subband_ref_q610_opt_stage4_latency_stepL2.cpp:1776->H:/subband_ref_q610_opt_stage4_latency_stepL2.cpp:2029]   --->   Operation 18 'getelementptr' 'output_buffer_2_addr' <Predicate = (!icmp_ln1774)> <Delay = 0.00>
ST_1 : Operation 19 [2/2] (3.25ns)   --->   "%output_buffer_load = load i7 %output_buffer_addr" [H:/subband_ref_q610_opt_stage4_latency_stepL2.cpp:1776->H:/subband_ref_q610_opt_stage4_latency_stepL2.cpp:2029]   --->   Operation 19 'load' 'output_buffer_load' <Predicate = (!icmp_ln1774)> <Delay = 3.25> <CoreInst = "RAM">   --->   Core 82 'RAM' <Latency = 1> <II = 1> <Delay = 3.25> <Storage> <Opcode : 'load' 'store'> <Ports = 2> <Width = 11> <Depth = 112> <RAM>
ST_1 : Operation 20 [2/2] (3.25ns)   --->   "%output_buffer_2_load = load i7 %output_buffer_2_addr" [H:/subband_ref_q610_opt_stage4_latency_stepL2.cpp:1776->H:/subband_ref_q610_opt_stage4_latency_stepL2.cpp:2029]   --->   Operation 20 'load' 'output_buffer_2_load' <Predicate = (!icmp_ln1774)> <Delay = 3.25> <CoreInst = "RAM">   --->   Core 82 'RAM' <Latency = 1> <II = 1> <Delay = 3.25> <Storage> <Opcode : 'load' 'store'> <Ports = 2> <Width = 11> <Depth = 112> <RAM>
ST_1 : Operation 21 [1/1] (1.58ns)   --->   "%store_ln1774 = store i8 %add_ln1774, i8 %index_7" [H:/subband_ref_q610_opt_stage4_latency_stepL2.cpp:1774->H:/subband_ref_q610_opt_stage4_latency_stepL2.cpp:2029]   --->   Operation 21 'store' 'store_ln1774' <Predicate = (!icmp_ln1774)> <Delay = 1.58>

State 2 <SV = 1> <Delay = 3.94>
ST_2 : Operation 22 [1/2] (3.25ns)   --->   "%output_buffer_load = load i7 %output_buffer_addr" [H:/subband_ref_q610_opt_stage4_latency_stepL2.cpp:1776->H:/subband_ref_q610_opt_stage4_latency_stepL2.cpp:2029]   --->   Operation 22 'load' 'output_buffer_load' <Predicate = true> <Delay = 3.25> <CoreInst = "RAM">   --->   Core 82 'RAM' <Latency = 1> <II = 1> <Delay = 3.25> <Storage> <Opcode : 'load' 'store'> <Ports = 2> <Width = 11> <Depth = 112> <RAM>
ST_2 : Operation 23 [1/2] (3.25ns)   --->   "%output_buffer_2_load = load i7 %output_buffer_2_addr" [H:/subband_ref_q610_opt_stage4_latency_stepL2.cpp:1776->H:/subband_ref_q610_opt_stage4_latency_stepL2.cpp:2029]   --->   Operation 23 'load' 'output_buffer_2_load' <Predicate = true> <Delay = 3.25> <CoreInst = "RAM">   --->   Core 82 'RAM' <Latency = 1> <II = 1> <Delay = 3.25> <Storage> <Opcode : 'load' 'store'> <Ports = 2> <Width = 11> <Depth = 112> <RAM>
ST_2 : Operation 24 [1/1] (0.69ns)   --->   "%select_ln1776 = select i1 %trunc_ln1774, i11 %output_buffer_2_load, i11 %output_buffer_load" [H:/subband_ref_q610_opt_stage4_latency_stepL2.cpp:1776->H:/subband_ref_q610_opt_stage4_latency_stepL2.cpp:2029]   --->   Operation 24 'select' 'select_ln1776' <Predicate = true> <Delay = 0.69> <CoreInst = "Sel">   --->   Core 73 'Sel' <Latency = 0> <II = 1> <Delay = 0.69> <FuncUnit> <Opcode : 'select'> <InPorts = 3> <OutPorts = 1>
ST_2 : Operation 31 [1/1] (0.00ns)   --->   "%ret_ln0 = ret"   --->   Operation 31 'ret' 'ret_ln0' <Predicate = (icmp_ln1774)> <Delay = 0.00>

State 3 <SV = 2> <Delay = 3.61>
ST_3 : Operation 25 [1/1] (0.00ns)   --->   "%specpipeline_ln1775 = specpipeline void @_ssdm_op_SpecPipeline, i32 1, i32 0, i32 0, i32 0, void @empty_25" [H:/subband_ref_q610_opt_stage4_latency_stepL2.cpp:1775->H:/subband_ref_q610_opt_stage4_latency_stepL2.cpp:2029]   --->   Operation 25 'specpipeline' 'specpipeline_ln1775' <Predicate = true> <Delay = 0.00>
ST_3 : Operation 26 [1/1] (0.00ns)   --->   "%speclooptripcount_ln1774 = speclooptripcount void @_ssdm_op_SpecLoopTripCount, i64 224, i64 224, i64 224" [H:/subband_ref_q610_opt_stage4_latency_stepL2.cpp:1774->H:/subband_ref_q610_opt_stage4_latency_stepL2.cpp:2029]   --->   Operation 26 'speclooptripcount' 'speclooptripcount_ln1774' <Predicate = true> <Delay = 0.00>
ST_3 : Operation 27 [1/1] (0.00ns)   --->   "%specloopname_ln1774 = specloopname void @_ssdm_op_SpecLoopName, void @empty_201" [H:/subband_ref_q610_opt_stage4_latency_stepL2.cpp:1774->H:/subband_ref_q610_opt_stage4_latency_stepL2.cpp:2029]   --->   Operation 27 'specloopname' 'specloopname_ln1774' <Predicate = true> <Delay = 0.00>
ST_3 : Operation 28 [1/1] (0.00ns)   --->   "%zext_ln1776_1 = zext i11 %select_ln1776" [H:/subband_ref_q610_opt_stage4_latency_stepL2.cpp:1776->H:/subband_ref_q610_opt_stage4_latency_stepL2.cpp:2029]   --->   Operation 28 'zext' 'zext_ln1776_1' <Predicate = true> <Delay = 0.00>
ST_3 : Operation 29 [1/1] (3.61ns)   --->   "%write_ln1776 = write void @_ssdm_op_Write.ap_fifo.volatile.i16P0A, i16 %layer1_output_stream, i16 %zext_ln1776_1" [H:/subband_ref_q610_opt_stage4_latency_stepL2.cpp:1776->H:/subband_ref_q610_opt_stage4_latency_stepL2.cpp:2029]   --->   Operation 29 'write' 'write_ln1776' <Predicate = true> <Delay = 3.61> <CoreInst = "FIFO">   --->   Core 78 'FIFO' <Latency = 0> <II = 1> <Delay = 3.61> <Storage> <Opcode : 'read' 'write' 'nbread' 'nbwrite'> <Ports = 0> <Width = 16> <Depth = 512> <FIFO>
ST_3 : Operation 30 [1/1] (0.00ns)   --->   "%br_ln1774 = br void %for.body.i8" [H:/subband_ref_q610_opt_stage4_latency_stepL2.cpp:1774->H:/subband_ref_q610_opt_stage4_latency_stepL2.cpp:2029]   --->   Operation 30 'br' 'br_ln1774' <Predicate = true> <Delay = 0.00>


============================================================
+ Verbose Summary: Binding
============================================================
STG Binding: 
---------------- STG Properties BEGIN ----------------
- Is combinational: 0
- Is one-state seq: 0
- Is datapath-only: 0
- Is pipelined: 0
- Is top level: 0
Port [ Return ] is wired: 1; IO mode=ap_ctrl_hs:ce=0
Port [ output_buffer]:  wired=1; compound=1; hidden=0; nouse=0; global=0; static=0; extern=0; dir=0; type=1; pingpong=0; private_global=0; MemPort=[13]; IO mode=ap_memory:ce=0
Port [ output_buffer_2]:  wired=1; compound=1; hidden=0; nouse=0; global=0; static=0; extern=0; dir=0; type=1; pingpong=0; private_global=0; MemPort=[13]; IO mode=ap_memory:ce=0
Port [ layer1_output_stream]:  wired=1; compound=1; hidden=0; nouse=0; global=0; static=0; extern=0; dir=1; type=3; pingpong=0; private_global=0; IO mode=ap_fifo:ce=0
---------------- STG Properties END ------------------

---------------- Datapath Model BEGIN ----------------

<LifeTime>
<method=bitvector/>
index_7                  (alloca           ) [ 0100]
specinterface_ln0        (specinterface    ) [ 0000]
store_ln1774             (store            ) [ 0000]
br_ln0                   (br               ) [ 0000]
index                    (load             ) [ 0000]
icmp_ln1774              (icmp             ) [ 0110]
add_ln1774               (add              ) [ 0000]
br_ln1774                (br               ) [ 0000]
trunc_ln1774             (trunc            ) [ 0110]
lshr_ln                  (partselect       ) [ 0000]
zext_ln1776              (zext             ) [ 0000]
output_buffer_addr       (getelementptr    ) [ 0110]
output_buffer_2_addr     (getelementptr    ) [ 0110]
store_ln1774             (store            ) [ 0000]
output_buffer_load       (load             ) [ 0000]
output_buffer_2_load     (load             ) [ 0000]
select_ln1776            (select           ) [ 0101]
specpipeline_ln1775      (specpipeline     ) [ 0000]
speclooptripcount_ln1774 (speclooptripcount) [ 0000]
specloopname_ln1774      (specloopname     ) [ 0000]
zext_ln1776_1            (zext             ) [ 0000]
write_ln1776             (write            ) [ 0000]
br_ln1774                (br               ) [ 0000]
ret_ln0                  (ret              ) [ 0000]
</LifeTime>

<model>

<comp_list>
<comp id="0" class="1000" name="output_buffer">
<pin_list>
<pin id="1" dir="1" index="0" bw="1" slack="0"/>
</pin_list>
<bind>
<StgValue><ssdm name="output_buffer"/><MemPortTyVec>1 3 </MemPortTyVec>
</StgValue>
</bind>
</comp>

<comp id="2" class="1000" name="output_buffer_2">
<pin_list>
<pin id="3" dir="1" index="0" bw="1" slack="0"/>
</pin_list>
<bind>
<StgValue><ssdm name="output_buffer_2"/><MemPortTyVec>1 3 </MemPortTyVec>
</StgValue>
</bind>
</comp>

<comp id="4" class="1000" name="layer1_output_stream">
<pin_list>
<pin id="5" dir="1" index="0" bw="1" slack="0"/>
</pin_list>
<bind>
<StgValue><ssdm name="layer1_output_stream"/></StgValue>
</bind>
</comp>

<comp id="6" class="1001" name="const_6">
<pin_list>
<pin id="7" dir="1" index="0" bw="1" slack="0"/>
</pin_list>
<bind>
<StgValue><ssdm name=""/></StgValue>
</bind>
</comp>

<comp id="8" class="1001" name="const_8">
<pin_list>
<pin id="9" dir="1" index="0" bw="1" slack="2147483647"/>
</pin_list>
<bind>
<StgValue><ssdm name="_ssdm_op_SpecInterface"/></StgValue>
</bind>
</comp>

<comp id="10" class="1001" name="const_10">
<pin_list>
<pin id="11" dir="1" index="0" bw="1" slack="2147483647"/>
</pin_list>
<bind>
<StgValue><ssdm name="empty_199"/></StgValue>
</bind>
</comp>

<comp id="12" class="1001" name="const_12">
<pin_list>
<pin id="13" dir="1" index="0" bw="1" slack="0"/>
</pin_list>
<bind>
<StgValue><ssdm name=""/></StgValue>
</bind>
</comp>

<comp id="14" class="1001" name="const_14">
<pin_list>
<pin id="15" dir="1" index="0" bw="1" slack="2147483647"/>
</pin_list>
<bind>
<StgValue><ssdm name="empty_25"/></StgValue>
</bind>
</comp>

<comp id="16" class="1001" name="const_16">
<pin_list>
<pin id="17" dir="1" index="0" bw="1" slack="2147483647"/>
</pin_list>
<bind>
<StgValue><ssdm name=""/></StgValue>
</bind>
</comp>

<comp id="18" class="1001" name="const_18">
<pin_list>
<pin id="19" dir="1" index="0" bw="1" slack="0"/>
</pin_list>
<bind>
<StgValue><ssdm name=""/></StgValue>
</bind>
</comp>

<comp id="20" class="1001" name="const_20">
<pin_list>
<pin id="21" dir="1" index="0" bw="1" slack="0"/>
</pin_list>
<bind>
<StgValue><ssdm name=""/></StgValue>
</bind>
</comp>

<comp id="22" class="1001" name="const_22">
<pin_list>
<pin id="23" dir="1" index="0" bw="1" slack="0"/>
</pin_list>
<bind>
<StgValue><ssdm name=""/></StgValue>
</bind>
</comp>

<comp id="24" class="1001" name="const_24">
<pin_list>
<pin id="25" dir="1" index="0" bw="1" slack="0"/>
</pin_list>
<bind>
<StgValue><ssdm name="_ssdm_op_PartSelect.i7.i8.i32.i32"/></StgValue>
</bind>
</comp>

<comp id="26" class="1001" name="const_26">
<pin_list>
<pin id="27" dir="1" index="0" bw="1" slack="0"/>
</pin_list>
<bind>
<StgValue><ssdm name=""/></StgValue>
</bind>
</comp>

<comp id="28" class="1001" name="const_28">
<pin_list>
<pin id="29" dir="1" index="0" bw="1" slack="2147483647"/>
</pin_list>
<bind>
<StgValue><ssdm name="_ssdm_op_SpecPipeline"/></StgValue>
</bind>
</comp>

<comp id="30" class="1001" name="const_30">
<pin_list>
<pin id="31" dir="1" index="0" bw="1" slack="2147483647"/>
</pin_list>
<bind>
<StgValue><ssdm name="_ssdm_op_SpecLoopTripCount"/></StgValue>
</bind>
</comp>

<comp id="32" class="1001" name="const_32">
<pin_list>
<pin id="33" dir="1" index="0" bw="1" slack="2147483647"/>
</pin_list>
<bind>
<StgValue><ssdm name=""/></StgValue>
</bind>
</comp>

<comp id="34" class="1001" name="const_34">
<pin_list>
<pin id="35" dir="1" index="0" bw="1" slack="2147483647"/>
</pin_list>
<bind>
<StgValue><ssdm name="_ssdm_op_SpecLoopName"/></StgValue>
</bind>
</comp>

<comp id="36" class="1001" name="const_36">
<pin_list>
<pin id="37" dir="1" index="0" bw="1" slack="2147483647"/>
</pin_list>
<bind>
<StgValue><ssdm name="empty_201"/></StgValue>
</bind>
</comp>

<comp id="38" class="1001" name="const_38">
<pin_list>
<pin id="39" dir="1" index="0" bw="1" slack="0"/>
</pin_list>
<bind>
<StgValue><ssdm name="_ssdm_op_Write.ap_fifo.volatile.i16P0A"/></StgValue>
</bind>
</comp>

<comp id="40" class="1004" name="index_7_fu_40">
<pin_list>
<pin id="41" dir="0" index="0" bw="1" slack="0"/>
<pin id="42" dir="1" index="1" bw="8" slack="0"/>
</pin_list>
<bind>
<opcode="alloca(26) " fcode="alloca"/>
<opset="index_7/1 "/>
</bind>
</comp>

<comp id="44" class="1004" name="write_ln1776_write_fu_44">
<pin_list>
<pin id="45" dir="0" index="0" bw="0" slack="0"/>
<pin id="46" dir="0" index="1" bw="16" slack="0"/>
<pin id="47" dir="0" index="2" bw="11" slack="0"/>
<pin id="48" dir="1" index="3" bw="0" slack="2147483647"/>
</pin_list>
<bind>
<opcode="write(1151) " fcode="write"/>
<opset="write_ln1776/3 "/>
</bind>
</comp>

<comp id="51" class="1004" name="output_buffer_addr_gep_fu_51">
<pin_list>
<pin id="52" dir="0" index="0" bw="11" slack="0"/>
<pin id="53" dir="0" index="1" bw="1" slack="0"/>
<pin id="54" dir="0" index="2" bw="7" slack="0"/>
<pin id="55" dir="1" index="3" bw="7" slack="0"/>
</pin_list>
<bind>
<opcode="getelementptr(29) " fcode="getelementptr"/>
<opset="output_buffer_addr/1 "/>
</bind>
</comp>

<comp id="58" class="1004" name="output_buffer_2_addr_gep_fu_58">
<pin_list>
<pin id="59" dir="0" index="0" bw="11" slack="0"/>
<pin id="60" dir="0" index="1" bw="1" slack="0"/>
<pin id="61" dir="0" index="2" bw="7" slack="0"/>
<pin id="62" dir="1" index="3" bw="7" slack="0"/>
</pin_list>
<bind>
<opcode="getelementptr(29) " fcode="getelementptr"/>
<opset="output_buffer_2_addr/1 "/>
</bind>
</comp>

<comp id="65" class="1004" name="grp_access_fu_65">
<pin_list>
<pin id="66" dir="0" index="0" bw="7" slack="0"/>
<pin id="67" dir="0" index="1" bw="11" slack="2147483647"/>
<pin id="68" dir="0" index="2" bw="0" slack="2147483647"/>
<pin id="69" dir="1" index="3" bw="11" slack="0"/>
</pin_list>
<bind>
<opcode="load(27) " fcode="load"/>
<opset="output_buffer_load/1 "/>
</bind>
</comp>

<comp id="71" class="1004" name="grp_access_fu_71">
<pin_list>
<pin id="72" dir="0" index="0" bw="7" slack="0"/>
<pin id="73" dir="0" index="1" bw="11" slack="2147483647"/>
<pin id="74" dir="0" index="2" bw="0" slack="2147483647"/>
<pin id="75" dir="1" index="3" bw="11" slack="0"/>
</pin_list>
<bind>
<opcode="load(27) " fcode="load"/>
<opset="output_buffer_2_load/1 "/>
</bind>
</comp>

<comp id="77" class="1004" name="store_ln1774_store_fu_77">
<pin_list>
<pin id="78" dir="0" index="0" bw="1" slack="0"/>
<pin id="79" dir="0" index="1" bw="8" slack="0"/>
<pin id="80" dir="1" index="2" bw="0" slack="2147483647"/>
</pin_list>
<bind>
<opcode="store(28) " fcode="store"/>
<opset="store_ln1774/1 "/>
</bind>
</comp>

<comp id="82" class="1004" name="index_load_fu_82">
<pin_list>
<pin id="83" dir="0" index="0" bw="8" slack="0"/>
<pin id="84" dir="1" index="1" bw="8" slack="0"/>
</pin_list>
<bind>
<opcode="load(27) " fcode="load"/>
<opset="index/1 "/>
</bind>
</comp>

<comp id="85" class="1004" name="icmp_ln1774_fu_85">
<pin_list>
<pin id="86" dir="0" index="0" bw="8" slack="0"/>
<pin id="87" dir="0" index="1" bw="6" slack="0"/>
<pin id="88" dir="1" index="2" bw="1" slack="1"/>
</pin_list>
<bind>
<opcode="icmp(45) " fcode="icmp"/>
<opset="icmp_ln1774/1 "/>
</bind>
</comp>

<comp id="91" class="1004" name="add_ln1774_fu_91">
<pin_list>
<pin id="92" dir="0" index="0" bw="8" slack="0"/>
<pin id="93" dir="0" index="1" bw="1" slack="0"/>
<pin id="94" dir="1" index="2" bw="8" slack="0"/>
</pin_list>
<bind>
<opcode="add(8) " fcode="add"/>
<opset="add_ln1774/1 "/>
</bind>
</comp>

<comp id="97" class="1004" name="trunc_ln1774_fu_97">
<pin_list>
<pin id="98" dir="0" index="0" bw="8" slack="0"/>
<pin id="99" dir="1" index="1" bw="1" slack="1"/>
</pin_list>
<bind>
<opcode="trunc(33) " fcode="trunc"/>
<opset="trunc_ln1774/1 "/>
</bind>
</comp>

<comp id="101" class="1004" name="lshr_ln_fu_101">
<pin_list>
<pin id="102" dir="0" index="0" bw="7" slack="0"/>
<pin id="103" dir="0" index="1" bw="8" slack="0"/>
<pin id="104" dir="0" index="2" bw="1" slack="0"/>
<pin id="105" dir="0" index="3" bw="4" slack="0"/>
<pin id="106" dir="1" index="4" bw="7" slack="0"/>
</pin_list>
<bind>
<opcode="partselect(1002) " fcode="partselect"/>
<opset="lshr_ln/1 "/>
</bind>
</comp>

<comp id="111" class="1004" name="zext_ln1776_fu_111">
<pin_list>
<pin id="112" dir="0" index="0" bw="7" slack="0"/>
<pin id="113" dir="1" index="1" bw="32" slack="0"/>
</pin_list>
<bind>
<opcode="zext(34) " fcode="zext"/>
<opset="zext_ln1776/1 "/>
</bind>
</comp>

<comp id="117" class="1004" name="store_ln1774_store_fu_117">
<pin_list>
<pin id="118" dir="0" index="0" bw="8" slack="0"/>
<pin id="119" dir="0" index="1" bw="8" slack="0"/>
<pin id="120" dir="1" index="2" bw="0" slack="2147483647"/>
</pin_list>
<bind>
<opcode="store(28) " fcode="store"/>
<opset="store_ln1774/1 "/>
</bind>
</comp>

<comp id="122" class="1004" name="select_ln1776_fu_122">
<pin_list>
<pin id="123" dir="0" index="0" bw="1" slack="1"/>
<pin id="124" dir="0" index="1" bw="11" slack="0"/>
<pin id="125" dir="0" index="2" bw="11" slack="0"/>
<pin id="126" dir="1" index="3" bw="11" slack="1"/>
</pin_list>
<bind>
<opcode="select(49) " fcode="select"/>
<opset="select_ln1776/2 "/>
</bind>
</comp>

<comp id="129" class="1004" name="zext_ln1776_1_fu_129">
<pin_list>
<pin id="130" dir="0" index="0" bw="11" slack="1"/>
<pin id="131" dir="1" index="1" bw="16" slack="0"/>
</pin_list>
<bind>
<opcode="zext(34) " fcode="zext"/>
<opset="zext_ln1776_1/3 "/>
</bind>
</comp>

<comp id="133" class="1005" name="index_7_reg_133">
<pin_list>
<pin id="134" dir="0" index="0" bw="8" slack="0"/>
<pin id="135" dir="1" index="1" bw="8" slack="0"/>
</pin_list>
<bind>
<opset="index_7 "/>
</bind>
</comp>

<comp id="140" class="1005" name="icmp_ln1774_reg_140">
<pin_list>
<pin id="141" dir="0" index="0" bw="1" slack="1"/>
<pin id="142" dir="1" index="1" bw="1" slack="2147483647"/>
</pin_list>
<bind>
<opset="icmp_ln1774 "/>
</bind>
</comp>

<comp id="144" class="1005" name="trunc_ln1774_reg_144">
<pin_list>
<pin id="145" dir="0" index="0" bw="1" slack="1"/>
<pin id="146" dir="1" index="1" bw="1" slack="1"/>
</pin_list>
<bind>
<opset="trunc_ln1774 "/>
</bind>
</comp>

<comp id="149" class="1005" name="output_buffer_addr_reg_149">
<pin_list>
<pin id="150" dir="0" index="0" bw="7" slack="1"/>
<pin id="151" dir="1" index="1" bw="7" slack="1"/>
</pin_list>
<bind>
<opset="output_buffer_addr "/>
</bind>
</comp>

<comp id="154" class="1005" name="output_buffer_2_addr_reg_154">
<pin_list>
<pin id="155" dir="0" index="0" bw="7" slack="1"/>
<pin id="156" dir="1" index="1" bw="7" slack="1"/>
</pin_list>
<bind>
<opset="output_buffer_2_addr "/>
</bind>
</comp>

<comp id="159" class="1005" name="select_ln1776_reg_159">
<pin_list>
<pin id="160" dir="0" index="0" bw="11" slack="1"/>
<pin id="161" dir="1" index="1" bw="11" slack="1"/>
</pin_list>
<bind>
<opset="select_ln1776 "/>
</bind>
</comp>

</comp_list>

<net_list>
<net id="43"><net_src comp="6" pin="0"/><net_sink comp="40" pin=0"/></net>

<net id="49"><net_src comp="38" pin="0"/><net_sink comp="44" pin=0"/></net>

<net id="50"><net_src comp="4" pin="0"/><net_sink comp="44" pin=1"/></net>

<net id="56"><net_src comp="0" pin="0"/><net_sink comp="51" pin=0"/></net>

<net id="57"><net_src comp="12" pin="0"/><net_sink comp="51" pin=1"/></net>

<net id="63"><net_src comp="2" pin="0"/><net_sink comp="58" pin=0"/></net>

<net id="64"><net_src comp="12" pin="0"/><net_sink comp="58" pin=1"/></net>

<net id="70"><net_src comp="51" pin="3"/><net_sink comp="65" pin=0"/></net>

<net id="76"><net_src comp="58" pin="3"/><net_sink comp="71" pin=0"/></net>

<net id="81"><net_src comp="18" pin="0"/><net_sink comp="77" pin=0"/></net>

<net id="89"><net_src comp="82" pin="1"/><net_sink comp="85" pin=0"/></net>

<net id="90"><net_src comp="20" pin="0"/><net_sink comp="85" pin=1"/></net>

<net id="95"><net_src comp="82" pin="1"/><net_sink comp="91" pin=0"/></net>

<net id="96"><net_src comp="22" pin="0"/><net_sink comp="91" pin=1"/></net>

<net id="100"><net_src comp="82" pin="1"/><net_sink comp="97" pin=0"/></net>

<net id="107"><net_src comp="24" pin="0"/><net_sink comp="101" pin=0"/></net>

<net id="108"><net_src comp="82" pin="1"/><net_sink comp="101" pin=1"/></net>

<net id="109"><net_src comp="6" pin="0"/><net_sink comp="101" pin=2"/></net>

<net id="110"><net_src comp="26" pin="0"/><net_sink comp="101" pin=3"/></net>

<net id="114"><net_src comp="101" pin="4"/><net_sink comp="111" pin=0"/></net>

<net id="115"><net_src comp="111" pin="1"/><net_sink comp="51" pin=2"/></net>

<net id="116"><net_src comp="111" pin="1"/><net_sink comp="58" pin=2"/></net>

<net id="121"><net_src comp="91" pin="2"/><net_sink comp="117" pin=0"/></net>

<net id="127"><net_src comp="71" pin="3"/><net_sink comp="122" pin=1"/></net>

<net id="128"><net_src comp="65" pin="3"/><net_sink comp="122" pin=2"/></net>

<net id="132"><net_src comp="129" pin="1"/><net_sink comp="44" pin=2"/></net>

<net id="136"><net_src comp="40" pin="1"/><net_sink comp="133" pin=0"/></net>

<net id="137"><net_src comp="133" pin="1"/><net_sink comp="77" pin=1"/></net>

<net id="138"><net_src comp="133" pin="1"/><net_sink comp="82" pin=0"/></net>

<net id="139"><net_src comp="133" pin="1"/><net_sink comp="117" pin=1"/></net>

<net id="143"><net_src comp="85" pin="2"/><net_sink comp="140" pin=0"/></net>

<net id="147"><net_src comp="97" pin="1"/><net_sink comp="144" pin=0"/></net>

<net id="148"><net_src comp="144" pin="1"/><net_sink comp="122" pin=0"/></net>

<net id="152"><net_src comp="51" pin="3"/><net_sink comp="149" pin=0"/></net>

<net id="153"><net_src comp="149" pin="1"/><net_sink comp="65" pin=0"/></net>

<net id="157"><net_src comp="58" pin="3"/><net_sink comp="154" pin=0"/></net>

<net id="158"><net_src comp="154" pin="1"/><net_sink comp="71" pin=0"/></net>

<net id="162"><net_src comp="122" pin="3"/><net_sink comp="159" pin=0"/></net>

<net id="163"><net_src comp="159" pin="1"/><net_sink comp="129" pin=0"/></net>

</net_list>

</model> 
---------------- Datapath Model END ------------------

* FSMD analyzer results:
  - Output states:
	Port: layer1_output_stream | {3 }
 - Input state : 
	Port: (anonymous namespace)RunGSULayer1StreamParallelQ610_Pipeline_VITIS_LOOP_1774_1 : output_buffer | {1 2 }
	Port: (anonymous namespace)RunGSULayer1StreamParallelQ610_Pipeline_VITIS_LOOP_1774_1 : output_buffer_2 | {1 2 }
  - Chain level:
	State 1
		store_ln1774 : 1
		index : 1
		icmp_ln1774 : 2
		add_ln1774 : 2
		br_ln1774 : 3
		trunc_ln1774 : 2
		lshr_ln : 2
		zext_ln1776 : 3
		output_buffer_addr : 4
		output_buffer_2_addr : 4
		output_buffer_load : 5
		output_buffer_2_load : 5
		store_ln1774 : 3
	State 2
		select_ln1776 : 1
	State 3
		write_ln1776 : 1


============================================================
+ Verbose Summary: Datapath Resource usage 
============================================================

* Functional unit list:
|----------|--------------------------|---------|---------|
| Operation|      Functional Unit     |    FF   |   LUT   |
|----------|--------------------------|---------|---------|
|   icmp   |     icmp_ln1774_fu_85    |    0    |    15   |
|----------|--------------------------|---------|---------|
|    add   |     add_ln1774_fu_91     |    0    |    15   |
|----------|--------------------------|---------|---------|
|  select  |   select_ln1776_fu_122   |    0    |    11   |
|----------|--------------------------|---------|---------|
|   write  | write_ln1776_write_fu_44 |    0    |    0    |
|----------|--------------------------|---------|---------|
|   trunc  |    trunc_ln1774_fu_97    |    0    |    0    |
|----------|--------------------------|---------|---------|
|partselect|      lshr_ln_fu_101      |    0    |    0    |
|----------|--------------------------|---------|---------|
|   zext   |    zext_ln1776_fu_111    |    0    |    0    |
|          |   zext_ln1776_1_fu_129   |    0    |    0    |
|----------|--------------------------|---------|---------|
|   Total  |                          |    0    |    41   |
|----------|--------------------------|---------|---------|

Memories:
N/A

* Register list:
+----------------------------+--------+
|                            |   FF   |
+----------------------------+--------+
|     icmp_ln1774_reg_140    |    1   |
|       index_7_reg_133      |    8   |
|output_buffer_2_addr_reg_154|    7   |
| output_buffer_addr_reg_149 |    7   |
|    select_ln1776_reg_159   |   11   |
|    trunc_ln1774_reg_144    |    1   |
+----------------------------+--------+
|            Total           |   35   |
+----------------------------+--------+

* Multiplexer (MUX) list: 
|------------------|------|------|------|--------||---------||---------|
|       Comp       |  Pin | Size |  BW  | S x BW ||  Delay  ||   LUT   |
|------------------|------|------|------|--------||---------||---------|
| grp_access_fu_65 |  p0  |   2  |   7  |   14   ||    9    |
| grp_access_fu_71 |  p0  |   2  |   7  |   14   ||    9    |
|------------------|------|------|------|--------||---------||---------|
|       Total      |      |      |      |   28   ||  3.176  ||    18   |
|------------------|------|------|------|--------||---------||---------|



* Summary:
+-----------+--------+--------+--------+
|           |  Delay |   FF   |   LUT  |
+-----------+--------+--------+--------+
|  Function |    -   |    0   |   41   |
|   Memory  |    -   |    -   |    -   |
|Multiplexer|    3   |    -   |   18   |
|  Register |    -   |   35   |    -   |
+-----------+--------+--------+--------+
|   Total   |    3   |   35   |   59   |
+-----------+--------+--------+--------+
