

================================================================
== Vitis HLS Report for 'p_anonymous_namespace_LoadVectorQ610_40_s'
================================================================
* Date:           Wed May 13 19:58:21 2026

* Version:        2023.2 (Build 4023990 on Oct 11 2023)
* Project:        subband_q610_zybo_z7_20_hls
* Solution:       solution1 (Vivado IP Flow Target)
* Product family: zynq
* Target device:  xc7z020-clg400-1


================================================================
== Performance Estimates
================================================================
+ Timing: 
    * Summary: 
    +--------+----------+----------+------------+
    |  Clock |  Target  | Estimated| Uncertainty|
    +--------+----------+----------+------------+
    |ap_clk  |  10.00 ns|  7.300 ns|     2.70 ns|
    +--------+----------+----------+------------+

+ Latency: 
    * Summary: 
    +---------+---------+----------+----------+-----+-----+---------+
    |  Latency (cycles) |  Latency (absolute) |  Interval | Pipeline|
    |   min   |   max   |    min   |    max   | min | max |   Type  |
    +---------+---------+----------+----------+-----+-----+---------+
    |       52|       52|  0.520 us|  0.520 us|   52|   52|       no|
    +---------+---------+----------+----------+-----+-----+---------+

    + Detail: 
        * Instance: 
        +------------------------------------------------------------------------------+--------------------------------------------------------------------+---------+---------+----------+----------+-----+-----+---------+
        |                                                                              |                                                                    |  Latency (cycles) |  Latency (absolute) |  Interval | Pipeline|
        |                                   Instance                                   |                               Module                               |   min   |   max   |    min   |    max   | min | max |   Type  |
        +------------------------------------------------------------------------------+--------------------------------------------------------------------+---------+---------+----------+----------+-----+-----+---------+
        |grp_p_anonymous_namespace_LoadVectorQ610_40_Pipeline_VITIS_LOOP_1716_1_fu_51  |p_anonymous_namespace_LoadVectorQ610_40_Pipeline_VITIS_LOOP_1716_1  |       43|       43|  0.430 us|  0.430 us|   43|   43|       no|
        +------------------------------------------------------------------------------+--------------------------------------------------------------------+---------+---------+----------+----------+-----+-----+---------+

        * Loop: 
        N/A

============================================================
+ Verbose Summary: Synthesis Manager
============================================================
InlineROM: 1
ExposeGlobal: 0
============================================================
+ Verbose Summary: CDFG Model
============================================================
IsTopModel: 0
ResetActiveHigh: 1
IsCombinational: 0
IsDatapathOnly: 0
HasWiredReturn: 1
HasMFsm: 0
HasVarLatency: 1
IsPipeline: 0
IsRtlPipelined: 0
IsInstanceOverlapped: 0
IsDontTouch: 0
HasImplIP: 0
IsGatedGlobalClock: 0


============================================================
+ Verbose Summary: Schedule
============================================================
* Number of FSM states : 10
* Pipeline : 0
* Dataflow Pipeline: 0

* FSM state transitions: 
1 --> 2 
2 --> 3 
3 --> 4 
4 --> 5 
5 --> 6 
6 --> 7 
7 --> 8 
8 --> 9 
9 --> 10 
10 --> 

* FSM state operations: 

State 1 <SV = 0> <Delay = 7.30>
ST_1 : Operation 11 [1/1] (0.00ns)   --->   "%input_read = read i32 @_ssdm_op_Read.ap_auto.i32, i32 %input_r" [H:/subband_ref_q610_opt_stage4_latency_stepL2.cpp:1716]   --->   Operation 11 'read' 'input_read' <Predicate = true> <Delay = 0.00>
ST_1 : Operation 12 [1/1] (0.00ns)   --->   "%trunc_ln = partselect i31 @_ssdm_op_PartSelect.i31.i32.i32.i32, i32 %input_read, i32 1, i32 31" [H:/subband_ref_q610_opt_stage4_latency_stepL2.cpp:1716]   --->   Operation 12 'partselect' 'trunc_ln' <Predicate = true> <Delay = 0.00>
ST_1 : Operation 13 [1/1] (0.00ns)   --->   "%sext_ln1716 = sext i31 %trunc_ln" [H:/subband_ref_q610_opt_stage4_latency_stepL2.cpp:1716]   --->   Operation 13 'sext' 'sext_ln1716' <Predicate = true> <Delay = 0.00>
ST_1 : Operation 14 [1/1] (0.00ns)   --->   "%weights_addr = getelementptr i16 %weights, i32 %sext_ln1716" [H:/subband_ref_q610_opt_stage4_latency_stepL2.cpp:1716]   --->   Operation 14 'getelementptr' 'weights_addr' <Predicate = true> <Delay = 0.00>
ST_1 : Operation 15 [8/8] (7.30ns)   --->   "%empty = readreq i1 @_ssdm_op_ReadReq.m_axi.p1i16, i16 %weights_addr, i32 40" [H:/subband_ref_q610_opt_stage4_latency_stepL2.cpp:1716]   --->   Operation 15 'readreq' 'empty' <Predicate = true> <Delay = 7.30> <CoreInst = "m_axi">   --->   Core 113 'm_axi' <Latency = 0> <II = 1> <Delay = 1.00> <Adapter> <Opcode : 'read' 'write' 'readreq' 'writereq' 'writeresp'>

State 2 <SV = 1> <Delay = 7.30>
ST_2 : Operation 16 [7/8] (7.30ns)   --->   "%empty = readreq i1 @_ssdm_op_ReadReq.m_axi.p1i16, i16 %weights_addr, i32 40" [H:/subband_ref_q610_opt_stage4_latency_stepL2.cpp:1716]   --->   Operation 16 'readreq' 'empty' <Predicate = true> <Delay = 7.30> <CoreInst = "m_axi">   --->   Core 113 'm_axi' <Latency = 0> <II = 1> <Delay = 1.00> <Adapter> <Opcode : 'read' 'write' 'readreq' 'writereq' 'writeresp'>

State 3 <SV = 2> <Delay = 7.30>
ST_3 : Operation 17 [6/8] (7.30ns)   --->   "%empty = readreq i1 @_ssdm_op_ReadReq.m_axi.p1i16, i16 %weights_addr, i32 40" [H:/subband_ref_q610_opt_stage4_latency_stepL2.cpp:1716]   --->   Operation 17 'readreq' 'empty' <Predicate = true> <Delay = 7.30> <CoreInst = "m_axi">   --->   Core 113 'm_axi' <Latency = 0> <II = 1> <Delay = 1.00> <Adapter> <Opcode : 'read' 'write' 'readreq' 'writereq' 'writeresp'>

State 4 <SV = 3> <Delay = 7.30>
ST_4 : Operation 18 [5/8] (7.30ns)   --->   "%empty = readreq i1 @_ssdm_op_ReadReq.m_axi.p1i16, i16 %weights_addr, i32 40" [H:/subband_ref_q610_opt_stage4_latency_stepL2.cpp:1716]   --->   Operation 18 'readreq' 'empty' <Predicate = true> <Delay = 7.30> <CoreInst = "m_axi">   --->   Core 113 'm_axi' <Latency = 0> <II = 1> <Delay = 1.00> <Adapter> <Opcode : 'read' 'write' 'readreq' 'writereq' 'writeresp'>

State 5 <SV = 4> <Delay = 7.30>
ST_5 : Operation 19 [4/8] (7.30ns)   --->   "%empty = readreq i1 @_ssdm_op_ReadReq.m_axi.p1i16, i16 %weights_addr, i32 40" [H:/subband_ref_q610_opt_stage4_latency_stepL2.cpp:1716]   --->   Operation 19 'readreq' 'empty' <Predicate = true> <Delay = 7.30> <CoreInst = "m_axi">   --->   Core 113 'm_axi' <Latency = 0> <II = 1> <Delay = 1.00> <Adapter> <Opcode : 'read' 'write' 'readreq' 'writereq' 'writeresp'>

State 6 <SV = 5> <Delay = 7.30>
ST_6 : Operation 20 [3/8] (7.30ns)   --->   "%empty = readreq i1 @_ssdm_op_ReadReq.m_axi.p1i16, i16 %weights_addr, i32 40" [H:/subband_ref_q610_opt_stage4_latency_stepL2.cpp:1716]   --->   Operation 20 'readreq' 'empty' <Predicate = true> <Delay = 7.30> <CoreInst = "m_axi">   --->   Core 113 'm_axi' <Latency = 0> <II = 1> <Delay = 1.00> <Adapter> <Opcode : 'read' 'write' 'readreq' 'writereq' 'writeresp'>

State 7 <SV = 6> <Delay = 7.30>
ST_7 : Operation 21 [2/8] (7.30ns)   --->   "%empty = readreq i1 @_ssdm_op_ReadReq.m_axi.p1i16, i16 %weights_addr, i32 40" [H:/subband_ref_q610_opt_stage4_latency_stepL2.cpp:1716]   --->   Operation 21 'readreq' 'empty' <Predicate = true> <Delay = 7.30> <CoreInst = "m_axi">   --->   Core 113 'm_axi' <Latency = 0> <II = 1> <Delay = 1.00> <Adapter> <Opcode : 'read' 'write' 'readreq' 'writereq' 'writeresp'>

State 8 <SV = 7> <Delay = 7.30>
ST_8 : Operation 22 [1/8] (7.30ns)   --->   "%empty = readreq i1 @_ssdm_op_ReadReq.m_axi.p1i16, i16 %weights_addr, i32 40" [H:/subband_ref_q610_opt_stage4_latency_stepL2.cpp:1716]   --->   Operation 22 'readreq' 'empty' <Predicate = true> <Delay = 7.30> <CoreInst = "m_axi">   --->   Core 113 'm_axi' <Latency = 0> <II = 1> <Delay = 1.00> <Adapter> <Opcode : 'read' 'write' 'readreq' 'writereq' 'writeresp'>

State 9 <SV = 8> <Delay = 0.00>
ST_9 : Operation 23 [2/2] (0.00ns)   --->   "%call_ln1716 = call void @(anonymous namespace)LoadVectorQ610<40>_Pipeline_VITIS_LOOP_1716_1, i16 %weights, i31 %trunc_ln, i16 %proj_bias_local" [H:/subband_ref_q610_opt_stage4_latency_stepL2.cpp:1716]   --->   Operation 23 'call' 'call_ln1716' <Predicate = true> <Delay = 0.00> <CoreType = "Generic">   --->   Core 0 '' <Latency = 0> <II = 1> <Delay = 1.00> <Generic> <Opcode : >

State 10 <SV = 9> <Delay = 0.00>
ST_10 : Operation 24 [1/1] (0.00ns)   --->   "%specinterface_ln0 = specinterface void @_ssdm_op_SpecInterface, i16 %weights, void @empty_173, i32 0, i32 0, void @empty_25, i32 0, i32 8512, void @empty_177, void @empty_176, void @empty_25, i32 1, i32 1, i32 16, i32 16, void @empty_25, void @empty_25, i32 4294967295, i32 0"   --->   Operation 24 'specinterface' 'specinterface_ln0' <Predicate = true> <Delay = 0.00>
ST_10 : Operation 25 [1/2] (0.00ns)   --->   "%call_ln1716 = call void @(anonymous namespace)LoadVectorQ610<40>_Pipeline_VITIS_LOOP_1716_1, i16 %weights, i31 %trunc_ln, i16 %proj_bias_local" [H:/subband_ref_q610_opt_stage4_latency_stepL2.cpp:1716]   --->   Operation 25 'call' 'call_ln1716' <Predicate = true> <Delay = 0.00> <CoreType = "Generic">   --->   Core 0 '' <Latency = 0> <II = 1> <Delay = 1.00> <Generic> <Opcode : >
ST_10 : Operation 26 [1/1] (0.00ns)   --->   "%ret_ln1720 = ret" [H:/subband_ref_q610_opt_stage4_latency_stepL2.cpp:1720]   --->   Operation 26 'ret' 'ret_ln1720' <Predicate = true> <Delay = 0.00>


============================================================
+ Verbose Summary: Binding
============================================================
STG Binding: 
---------------- STG Properties BEGIN ----------------
- Is combinational: 0
- Is one-state seq: 0
- Is datapath-only: 0
- Is pipelined: 0
- Is top level: 0
Port [ Return ] is wired: 1; IO mode=ap_ctrl_hs:ce=0
Port [ weights]:  wired=1; compound=1; hidden=0; nouse=0; global=0; static=0; extern=0; dir=0; type=4; pingpong=0; private_global=0; IO mode=m_axi:ce=0
Port [ input_r]:  wired=1; compound=0; hidden=0; nouse=0; global=0; static=0; extern=0; dir=0; type=0; pingpong=0; private_global=0; IO mode=ap_none:ce=0
Port [ proj_bias_local]:  wired=1; compound=1; hidden=0; nouse=0; global=1; static=1; extern=0; dir=1; type=1; pingpong=0; private_global=0; MemPort=[03]; IO mode=ap_memory:ce=0
---------------- STG Properties END ------------------

---------------- Datapath Model BEGIN ----------------

<LifeTime>
<method=bitvector/>
input_read        (read         ) [ 00000000000]
trunc_ln          (partselect   ) [ 00111111111]
sext_ln1716       (sext         ) [ 00000000000]
weights_addr      (getelementptr) [ 00111111100]
empty             (readreq      ) [ 00000000000]
specinterface_ln0 (specinterface) [ 00000000000]
call_ln1716       (call         ) [ 00000000000]
ret_ln1720        (ret          ) [ 00000000000]
</LifeTime>

<model>

<comp_list>
<comp id="0" class="1000" name="weights">
<pin_list>
<pin id="1" dir="1" index="0" bw="1" slack="0"/>
</pin_list>
<bind>
<StgValue><ssdm name="weights"/></StgValue>
</bind>
</comp>

<comp id="2" class="1000" name="input_r">
<pin_list>
<pin id="3" dir="1" index="0" bw="1" slack="0"/>
</pin_list>
<bind>
<StgValue><ssdm name="input_r"/></StgValue>
</bind>
</comp>

<comp id="4" class="1000" name="proj_bias_local">
<pin_list>
<pin id="5" dir="1" index="0" bw="1" slack="0"/>
</pin_list>
<bind>
<StgValue><ssdm name="proj_bias_local"/><MemPortTyVec>0 3 </MemPortTyVec>
</StgValue>
</bind>
</comp>

<comp id="6" class="1001" name="const_6">
<pin_list>
<pin id="7" dir="1" index="0" bw="1" slack="0"/>
</pin_list>
<bind>
<StgValue><ssdm name="_ssdm_op_Read.ap_auto.i32"/></StgValue>
</bind>
</comp>

<comp id="8" class="1001" name="const_8">
<pin_list>
<pin id="9" dir="1" index="0" bw="1" slack="0"/>
</pin_list>
<bind>
<StgValue><ssdm name="_ssdm_op_PartSelect.i31.i32.i32.i32"/></StgValue>
</bind>
</comp>

<comp id="10" class="1001" name="const_10">
<pin_list>
<pin id="11" dir="1" index="0" bw="1" slack="0"/>
</pin_list>
<bind>
<StgValue><ssdm name=""/></StgValue>
</bind>
</comp>

<comp id="12" class="1001" name="const_12">
<pin_list>
<pin id="13" dir="1" index="0" bw="1" slack="0"/>
</pin_list>
<bind>
<StgValue><ssdm name=""/></StgValue>
</bind>
</comp>

<comp id="14" class="1001" name="const_14">
<pin_list>
<pin id="15" dir="1" index="0" bw="1" slack="0"/>
</pin_list>
<bind>
<StgValue><ssdm name="_ssdm_op_ReadReq.m_axi.p1i16"/></StgValue>
</bind>
</comp>

<comp id="16" class="1001" name="const_16">
<pin_list>
<pin id="17" dir="1" index="0" bw="1" slack="0"/>
</pin_list>
<bind>
<StgValue><ssdm name=""/></StgValue>
</bind>
</comp>

<comp id="18" class="1001" name="const_18">
<pin_list>
<pin id="19" dir="1" index="0" bw="1" slack="0"/>
</pin_list>
<bind>
<StgValue><ssdm name="(anonymous namespace)LoadVectorQ610<40>_Pipeline_VITIS_LOOP_1716_1"/></StgValue>
</bind>
</comp>

<comp id="20" class="1001" name="const_20">
<pin_list>
<pin id="21" dir="1" index="0" bw="1" slack="2147483647"/>
</pin_list>
<bind>
<StgValue><ssdm name="_ssdm_op_SpecInterface"/></StgValue>
</bind>
</comp>

<comp id="22" class="1001" name="const_22">
<pin_list>
<pin id="23" dir="1" index="0" bw="1" slack="2147483647"/>
</pin_list>
<bind>
<StgValue><ssdm name="empty_173"/></StgValue>
</bind>
</comp>

<comp id="24" class="1001" name="const_24">
<pin_list>
<pin id="25" dir="1" index="0" bw="1" slack="2147483647"/>
</pin_list>
<bind>
<StgValue><ssdm name=""/></StgValue>
</bind>
</comp>

<comp id="26" class="1001" name="const_26">
<pin_list>
<pin id="27" dir="1" index="0" bw="1" slack="2147483647"/>
</pin_list>
<bind>
<StgValue><ssdm name="empty_25"/></StgValue>
</bind>
</comp>

<comp id="28" class="1001" name="const_28">
<pin_list>
<pin id="29" dir="1" index="0" bw="1" slack="2147483647"/>
</pin_list>
<bind>
<StgValue><ssdm name=""/></StgValue>
</bind>
</comp>

<comp id="30" class="1001" name="const_30">
<pin_list>
<pin id="31" dir="1" index="0" bw="1" slack="2147483647"/>
</pin_list>
<bind>
<StgValue><ssdm name="empty_177"/></StgValue>
</bind>
</comp>

<comp id="32" class="1001" name="const_32">
<pin_list>
<pin id="33" dir="1" index="0" bw="1" slack="2147483647"/>
</pin_list>
<bind>
<StgValue><ssdm name="empty_176"/></StgValue>
</bind>
</comp>

<comp id="34" class="1001" name="const_34">
<pin_list>
<pin id="35" dir="1" index="0" bw="1" slack="2147483647"/>
</pin_list>
<bind>
<StgValue><ssdm name=""/></StgValue>
</bind>
</comp>

<comp id="36" class="1001" name="const_36">
<pin_list>
<pin id="37" dir="1" index="0" bw="1" slack="2147483647"/>
</pin_list>
<bind>
<StgValue><ssdm name=""/></StgValue>
</bind>
</comp>

<comp id="38" class="1004" name="input_read_read_fu_38">
<pin_list>
<pin id="39" dir="0" index="0" bw="32" slack="0"/>
<pin id="40" dir="0" index="1" bw="32" slack="0"/>
<pin id="41" dir="1" index="2" bw="32" slack="0"/>
</pin_list>
<bind>
<opcode="read(1150) " fcode="read"/>
<opset="input_read/1 "/>
</bind>
</comp>

<comp id="44" class="1004" name="grp_readreq_fu_44">
<pin_list>
<pin id="45" dir="0" index="0" bw="1" slack="0"/>
<pin id="46" dir="0" index="1" bw="16" slack="0"/>
<pin id="47" dir="0" index="2" bw="7" slack="0"/>
<pin id="48" dir="1" index="3" bw="1" slack="2147483647"/>
</pin_list>
<bind>
<opcode="readreq(1154) " fcode="readreq"/>
<opset="empty/1 "/>
</bind>
</comp>

<comp id="51" class="1004" name="grp_p_anonymous_namespace_LoadVectorQ610_40_Pipeline_VITIS_LOOP_1716_1_fu_51">
<pin_list>
<pin id="52" dir="0" index="0" bw="0" slack="0"/>
<pin id="53" dir="0" index="1" bw="16" slack="0"/>
<pin id="54" dir="0" index="2" bw="31" slack="8"/>
<pin id="55" dir="0" index="3" bw="16" slack="0"/>
<pin id="56" dir="1" index="4" bw="0" slack="2147483647"/>
</pin_list>
<bind>
<opcode="call(48) " fcode="call"/>
<opset="call_ln1716/9 "/>
</bind>
</comp>

<comp id="60" class="1004" name="trunc_ln_fu_60">
<pin_list>
<pin id="61" dir="0" index="0" bw="31" slack="0"/>
<pin id="62" dir="0" index="1" bw="32" slack="0"/>
<pin id="63" dir="0" index="2" bw="1" slack="0"/>
<pin id="64" dir="0" index="3" bw="6" slack="0"/>
<pin id="65" dir="1" index="4" bw="31" slack="0"/>
</pin_list>
<bind>
<opcode="partselect(1002) " fcode="partselect"/>
<opset="trunc_ln/1 "/>
</bind>
</comp>

<comp id="70" class="1004" name="sext_ln1716_fu_70">
<pin_list>
<pin id="71" dir="0" index="0" bw="31" slack="0"/>
<pin id="72" dir="1" index="1" bw="32" slack="0"/>
</pin_list>
<bind>
<opcode="sext(35) " fcode="sext"/>
<opset="sext_ln1716/1 "/>
</bind>
</comp>

<comp id="74" class="1004" name="weights_addr_fu_74">
<pin_list>
<pin id="75" dir="0" index="0" bw="16" slack="0"/>
<pin id="76" dir="0" index="1" bw="31" slack="0"/>
<pin id="77" dir="1" index="2" bw="16" slack="0"/>
</pin_list>
<bind>
<opcode="getelementptr(29) " fcode="getelementptr"/>
<opset="weights_addr/1 "/>
</bind>
</comp>

<comp id="81" class="1005" name="trunc_ln_reg_81">
<pin_list>
<pin id="82" dir="0" index="0" bw="31" slack="8"/>
<pin id="83" dir="1" index="1" bw="31" slack="8"/>
</pin_list>
<bind>
<opset="trunc_ln "/>
</bind>
</comp>

<comp id="86" class="1005" name="weights_addr_reg_86">
<pin_list>
<pin id="87" dir="0" index="0" bw="16" slack="1"/>
<pin id="88" dir="1" index="1" bw="16" slack="1"/>
</pin_list>
<bind>
<opset="weights_addr "/>
</bind>
</comp>

</comp_list>

<net_list>
<net id="42"><net_src comp="6" pin="0"/><net_sink comp="38" pin=0"/></net>

<net id="43"><net_src comp="2" pin="0"/><net_sink comp="38" pin=1"/></net>

<net id="49"><net_src comp="14" pin="0"/><net_sink comp="44" pin=0"/></net>

<net id="50"><net_src comp="16" pin="0"/><net_sink comp="44" pin=2"/></net>

<net id="57"><net_src comp="18" pin="0"/><net_sink comp="51" pin=0"/></net>

<net id="58"><net_src comp="0" pin="0"/><net_sink comp="51" pin=1"/></net>

<net id="59"><net_src comp="4" pin="0"/><net_sink comp="51" pin=3"/></net>

<net id="66"><net_src comp="8" pin="0"/><net_sink comp="60" pin=0"/></net>

<net id="67"><net_src comp="38" pin="2"/><net_sink comp="60" pin=1"/></net>

<net id="68"><net_src comp="10" pin="0"/><net_sink comp="60" pin=2"/></net>

<net id="69"><net_src comp="12" pin="0"/><net_sink comp="60" pin=3"/></net>

<net id="73"><net_src comp="60" pin="4"/><net_sink comp="70" pin=0"/></net>

<net id="78"><net_src comp="0" pin="0"/><net_sink comp="74" pin=0"/></net>

<net id="79"><net_src comp="70" pin="1"/><net_sink comp="74" pin=1"/></net>

<net id="80"><net_src comp="74" pin="2"/><net_sink comp="44" pin=1"/></net>

<net id="84"><net_src comp="60" pin="4"/><net_sink comp="81" pin=0"/></net>

<net id="85"><net_src comp="81" pin="1"/><net_sink comp="51" pin=2"/></net>

<net id="89"><net_src comp="74" pin="2"/><net_sink comp="86" pin=0"/></net>

<net id="90"><net_src comp="86" pin="1"/><net_sink comp="44" pin=1"/></net>

</net_list>

</model> 
---------------- Datapath Model END ------------------

* FSMD analyzer results:
  - Output states:
	Port: proj_bias_local | {9 10 }
 - Input state : 
	Port: (anonymous namespace)LoadVectorQ610<40> : weights | {1 2 3 4 5 6 7 8 9 10 }
	Port: (anonymous namespace)LoadVectorQ610<40> : input_r | {1 }
  - Chain level:
	State 1
		sext_ln1716 : 1
		weights_addr : 2
		empty : 3
	State 2
	State 3
	State 4
	State 5
	State 6
	State 7
	State 8
	State 9
	State 10


============================================================
+ Verbose Summary: Datapath Resource usage 
============================================================

* Functional unit list:
|----------|------------------------------------------------------------------------------|---------|---------|
| Operation|                                Functional Unit                               |    FF   |   LUT   |
|----------|------------------------------------------------------------------------------|---------|---------|
|   call   | grp_p_anonymous_namespace_LoadVectorQ610_40_Pipeline_VITIS_LOOP_1716_1_fu_51 |    61   |    28   |
|----------|------------------------------------------------------------------------------|---------|---------|
|   read   |                             input_read_read_fu_38                            |    0    |    0    |
|----------|------------------------------------------------------------------------------|---------|---------|
|  readreq |                               grp_readreq_fu_44                              |    0    |    0    |
|----------|------------------------------------------------------------------------------|---------|---------|
|partselect|                                trunc_ln_fu_60                                |    0    |    0    |
|----------|------------------------------------------------------------------------------|---------|---------|
|   sext   |                               sext_ln1716_fu_70                              |    0    |    0    |
|----------|------------------------------------------------------------------------------|---------|---------|
|   Total  |                                                                              |    61   |    28   |
|----------|------------------------------------------------------------------------------|---------|---------|

Memories:
N/A

* Register list:
+-------------------+--------+
|                   |   FF   |
+-------------------+--------+
|  trunc_ln_reg_81  |   31   |
|weights_addr_reg_86|   16   |
+-------------------+--------+
|       Total       |   47   |
+-------------------+--------+

* Multiplexer (MUX) list: 
|-------------------|------|------|------|--------||---------||---------|
|        Comp       |  Pin | Size |  BW  | S x BW ||  Delay  ||   LUT   |
|-------------------|------|------|------|--------||---------||---------|
| grp_readreq_fu_44 |  p1  |   2  |  16  |   32   ||    9    |
|-------------------|------|------|------|--------||---------||---------|
|       Total       |      |      |      |   32   ||  1.588  ||    9    |
|-------------------|------|------|------|--------||---------||---------|



* Summary:
+-----------+--------+--------+--------+
|           |  Delay |   FF   |   LUT  |
+-----------+--------+--------+--------+
|  Function |    -   |   61   |   28   |
|   Memory  |    -   |    -   |    -   |
|Multiplexer|    1   |    -   |    9   |
|  Register |    -   |   47   |    -   |
+-----------+--------+--------+--------+
|   Total   |    1   |   108  |   37   |
+-----------+--------+--------+--------+
