

================================================================
== Vitis HLS Report for 'p_anonymous_namespace_GenerateBand0SequenceStreamOptimizedQ610_Pipeline_VITIS_LOO'
================================================================
* Date:           Wed May 13 19:58:43 2026

* Version:        2023.2 (Build 4023990 on Oct 11 2023)
* Project:        subband_q610_zybo_z7_20_hls
* Solution:       solution1 (Vivado IP Flow Target)
* Product family: zynq
* Target device:  xc7z020-clg400-1


================================================================
== Performance Estimates
================================================================
+ Timing: 
    * Summary: 
    +--------+----------+----------+------------+
    |  Clock |  Target  | Estimated| Uncertainty|
    +--------+----------+----------+------------+
    |ap_clk  |  10.00 ns|  7.300 ns|     2.70 ns|
    +--------+----------+----------+------------+

+ Latency: 
    * Summary: 
    +---------+---------+----------+----------+-----+-----+---------+
    |  Latency (cycles) |  Latency (absolute) |  Interval | Pipeline|
    |   min   |   max   |    min   |    max   | min | max |   Type  |
    +---------+---------+----------+----------+-----+-----+---------+
    |       18|       18|  0.180 us|  0.180 us|   18|   18|       no|
    +---------+---------+----------+----------+-----+-----+---------+

    + Detail: 
        * Instance: 
        N/A

        * Loop: 
        +---------------------+---------+---------+----------+-----------+-----------+------+----------+
        |                     |  Latency (cycles) | Iteration|  Initiation Interval  | Trip |          |
        |      Loop Name      |   min   |   max   |  Latency |  achieved |   target  | Count| Pipelined|
        +---------------------+---------+---------+----------+-----------+-----------+------+----------+
        |- VITIS_LOOP_1810_4  |       16|       16|        14|          1|          1|     4|       yes|
        +---------------------+---------+---------+----------+-----------+-----------+------+----------+



================================================================
== Utilization Estimates
================================================================
* Summary: 
+-----------------+---------+-----+--------+-------+-----+
|       Name      | BRAM_18K| DSP |   FF   |  LUT  | URAM|
+-----------------+---------+-----+--------+-------+-----+
|DSP              |        -|    1|       -|      -|    -|
|Expression       |        -|    -|       0|     69|    -|
|FIFO             |        -|    -|       -|      -|    -|
|Instance         |        -|    -|       -|      -|    -|
|Memory           |        -|    -|       -|      -|    -|
|Multiplexer      |        -|    -|       -|     63|    -|
|Register         |        -|    -|      90|      -|    -|
+-----------------+---------+-----+--------+-------+-----+
|Total            |        0|    1|      90|    132|    0|
+-----------------+---------+-----+--------+-------+-----+
|Available        |      280|  220|  106400|  53200|    0|
+-----------------+---------+-----+--------+-------+-----+
|Utilization (%)  |        0|   ~0|      ~0|     ~0|    0|
+-----------------+---------+-----+--------+-------+-----+

+ Detail: 
    * Instance: 
    N/A

    * DSP: 
    +--------------------------------------------+----------------------------------------+---------------------+
    |                  Instance                  |                 Module                 |      Expression     |
    +--------------------------------------------+----------------------------------------+---------------------+
    |ama_addmuladd_5ns_3ns_12ns_12ns_17_4_1_U89  |ama_addmuladd_5ns_3ns_12ns_12ns_17_4_1  |  (i0 + i1) * i2 + i3|
    +--------------------------------------------+----------------------------------------+---------------------+

    * Memory: 
    N/A

    * FIFO: 
    N/A

    * Expression: 
    +---------------------------+----------+----+---+----+------------+------------+
    |       Variable Name       | Operation| DSP| FF| LUT| Bitwidth P0| Bitwidth P1|
    +---------------------------+----------+----+---+----+------------+------------+
    |add_ln1810_fu_129_p2       |         +|   0|  0|  11|           3|           1|
    |add_ln1813_fu_155_p2       |         +|   0|  0|  39|          32|          32|
    |icmp_ln1810_fu_123_p2      |      icmp|   0|  0|  13|           3|           4|
    |ap_block_pp0_stage0_01001  |        or|   0|  0|   2|           1|           1|
    |ap_block_pp0_stage0_11001  |        or|   0|  0|   2|           1|           1|
    |ap_enable_pp0              |       xor|   0|  0|   2|           1|           2|
    +---------------------------+----------+----+---+----+------------+------------+
    |Total                      |          |   0|  0|  69|          41|          41|
    +---------------------------+----------+----+---+----+------------+------------+

    * Multiplexer: 
    +----------------------------------+----+-----------+-----+-----------+
    |               Name               | LUT| Input Size| Bits| Total Bits|
    +----------------------------------+----+-----------+-----+-----------+
    |ap_done_int                       |   9|          2|    1|          2|
    |ap_enable_reg_pp0_iter1           |   9|          2|    1|          2|
    |ap_sig_allocacmp_fb_freq_index_1  |   9|          2|    3|          6|
    |fb_freq_index_fu_70               |   9|          2|    3|          6|
    |gmem_in_blk_n_AR                  |   9|          2|    1|          2|
    |gmem_in_blk_n_R                   |   9|          2|    1|          2|
    |sequence_stream_blk_n             |   9|          2|    1|          2|
    +----------------------------------+----+-----------+-----+-----------+
    |Total                             |  63|         14|   11|         22|
    +----------------------------------+----+-----------+-----+-----------+

    * Register: 
    +-----------------------------------+----+----+-----+-----------+
    |                Name               | FF | LUT| Bits| Const Bits|
    +-----------------------------------+----+----+-----+-----------+
    |ap_CS_fsm                          |   1|   0|    1|          0|
    |ap_done_reg                        |   1|   0|    1|          0|
    |ap_enable_reg_pp0_iter1            |   1|   0|    1|          0|
    |ap_enable_reg_pp0_iter10           |   1|   0|    1|          0|
    |ap_enable_reg_pp0_iter11           |   1|   0|    1|          0|
    |ap_enable_reg_pp0_iter12           |   1|   0|    1|          0|
    |ap_enable_reg_pp0_iter13           |   1|   0|    1|          0|
    |ap_enable_reg_pp0_iter2            |   1|   0|    1|          0|
    |ap_enable_reg_pp0_iter3            |   1|   0|    1|          0|
    |ap_enable_reg_pp0_iter4            |   1|   0|    1|          0|
    |ap_enable_reg_pp0_iter5            |   1|   0|    1|          0|
    |ap_enable_reg_pp0_iter6            |   1|   0|    1|          0|
    |ap_enable_reg_pp0_iter7            |   1|   0|    1|          0|
    |ap_enable_reg_pp0_iter8            |   1|   0|    1|          0|
    |ap_enable_reg_pp0_iter9            |   1|   0|    1|          0|
    |ap_loop_exit_ready_pp0_iter10_reg  |   1|   0|    1|          0|
    |ap_loop_exit_ready_pp0_iter11_reg  |   1|   0|    1|          0|
    |ap_loop_exit_ready_pp0_iter12_reg  |   1|   0|    1|          0|
    |ap_loop_exit_ready_pp0_iter1_reg   |   1|   0|    1|          0|
    |ap_loop_exit_ready_pp0_iter2_reg   |   1|   0|    1|          0|
    |ap_loop_exit_ready_pp0_iter3_reg   |   1|   0|    1|          0|
    |ap_loop_exit_ready_pp0_iter4_reg   |   1|   0|    1|          0|
    |ap_loop_exit_ready_pp0_iter5_reg   |   1|   0|    1|          0|
    |ap_loop_exit_ready_pp0_iter6_reg   |   1|   0|    1|          0|
    |ap_loop_exit_ready_pp0_iter7_reg   |   1|   0|    1|          0|
    |ap_loop_exit_ready_pp0_iter8_reg   |   1|   0|    1|          0|
    |ap_loop_exit_ready_pp0_iter9_reg   |   1|   0|    1|          0|
    |fb_freq_index_fu_70                |   3|   0|    3|          0|
    |gmem_in_addr_read_reg_217          |  16|   0|   16|          0|
    |gmem_in_addr_reg_211               |  32|   0|   32|          0|
    |zext_ln1798_cast_reg_202           |  12|   0|   17|          5|
    +-----------------------------------+----+----+-----+-----------+
    |Total                              |  90|   0|   95|          5|
    +-----------------------------------+----+----+-----+-----------+



================================================================
== Interface
================================================================
* Summary: 
+--------------------------------+-----+-----+------------+----------------------------------------------------------------------------------+--------------+
|            RTL Ports           | Dir | Bits|  Protocol  |                                   Source Object                                  |    C Type    |
+--------------------------------+-----+-----+------------+----------------------------------------------------------------------------------+--------------+
|ap_clk                          |   in|    1|  ap_ctrl_hs|  (anonymous namespace)GenerateBand0SequenceStreamOptimizedQ610_Pipeline_VITIS_LOO|  return value|
|ap_rst                          |   in|    1|  ap_ctrl_hs|  (anonymous namespace)GenerateBand0SequenceStreamOptimizedQ610_Pipeline_VITIS_LOO|  return value|
|ap_start                        |   in|    1|  ap_ctrl_hs|  (anonymous namespace)GenerateBand0SequenceStreamOptimizedQ610_Pipeline_VITIS_LOO|  return value|
|ap_done                         |  out|    1|  ap_ctrl_hs|  (anonymous namespace)GenerateBand0SequenceStreamOptimizedQ610_Pipeline_VITIS_LOO|  return value|
|ap_idle                         |  out|    1|  ap_ctrl_hs|  (anonymous namespace)GenerateBand0SequenceStreamOptimizedQ610_Pipeline_VITIS_LOO|  return value|
|ap_ready                        |  out|    1|  ap_ctrl_hs|  (anonymous namespace)GenerateBand0SequenceStreamOptimizedQ610_Pipeline_VITIS_LOO|  return value|
|m_axi_gmem_in_AWVALID           |  out|    1|       m_axi|                                                                           gmem_in|       pointer|
|m_axi_gmem_in_AWREADY           |   in|    1|       m_axi|                                                                           gmem_in|       pointer|
|m_axi_gmem_in_AWADDR            |  out|   32|       m_axi|                                                                           gmem_in|       pointer|
|m_axi_gmem_in_AWID              |  out|    1|       m_axi|                                                                           gmem_in|       pointer|
|m_axi_gmem_in_AWLEN             |  out|   32|       m_axi|                                                                           gmem_in|       pointer|
|m_axi_gmem_in_AWSIZE            |  out|    3|       m_axi|                                                                           gmem_in|       pointer|
|m_axi_gmem_in_AWBURST           |  out|    2|       m_axi|                                                                           gmem_in|       pointer|
|m_axi_gmem_in_AWLOCK            |  out|    2|       m_axi|                                                                           gmem_in|       pointer|
|m_axi_gmem_in_AWCACHE           |  out|    4|       m_axi|                                                                           gmem_in|       pointer|
|m_axi_gmem_in_AWPROT            |  out|    3|       m_axi|                                                                           gmem_in|       pointer|
|m_axi_gmem_in_AWQOS             |  out|    4|       m_axi|                                                                           gmem_in|       pointer|
|m_axi_gmem_in_AWREGION          |  out|    4|       m_axi|                                                                           gmem_in|       pointer|
|m_axi_gmem_in_AWUSER            |  out|    1|       m_axi|                                                                           gmem_in|       pointer|
|m_axi_gmem_in_WVALID            |  out|    1|       m_axi|                                                                           gmem_in|       pointer|
|m_axi_gmem_in_WREADY            |   in|    1|       m_axi|                                                                           gmem_in|       pointer|
|m_axi_gmem_in_WDATA             |  out|   16|       m_axi|                                                                           gmem_in|       pointer|
|m_axi_gmem_in_WSTRB             |  out|    2|       m_axi|                                                                           gmem_in|       pointer|
|m_axi_gmem_in_WLAST             |  out|    1|       m_axi|                                                                           gmem_in|       pointer|
|m_axi_gmem_in_WID               |  out|    1|       m_axi|                                                                           gmem_in|       pointer|
|m_axi_gmem_in_WUSER             |  out|    1|       m_axi|                                                                           gmem_in|       pointer|
|m_axi_gmem_in_ARVALID           |  out|    1|       m_axi|                                                                           gmem_in|       pointer|
|m_axi_gmem_in_ARREADY           |   in|    1|       m_axi|                                                                           gmem_in|       pointer|
|m_axi_gmem_in_ARADDR            |  out|   32|       m_axi|                                                                           gmem_in|       pointer|
|m_axi_gmem_in_ARID              |  out|    1|       m_axi|                                                                           gmem_in|       pointer|
|m_axi_gmem_in_ARLEN             |  out|   32|       m_axi|                                                                           gmem_in|       pointer|
|m_axi_gmem_in_ARSIZE            |  out|    3|       m_axi|                                                                           gmem_in|       pointer|
|m_axi_gmem_in_ARBURST           |  out|    2|       m_axi|                                                                           gmem_in|       pointer|
|m_axi_gmem_in_ARLOCK            |  out|    2|       m_axi|                                                                           gmem_in|       pointer|
|m_axi_gmem_in_ARCACHE           |  out|    4|       m_axi|                                                                           gmem_in|       pointer|
|m_axi_gmem_in_ARPROT            |  out|    3|       m_axi|                                                                           gmem_in|       pointer|
|m_axi_gmem_in_ARQOS             |  out|    4|       m_axi|                                                                           gmem_in|       pointer|
|m_axi_gmem_in_ARREGION          |  out|    4|       m_axi|                                                                           gmem_in|       pointer|
|m_axi_gmem_in_ARUSER            |  out|    1|       m_axi|                                                                           gmem_in|       pointer|
|m_axi_gmem_in_RVALID            |   in|    1|       m_axi|                                                                           gmem_in|       pointer|
|m_axi_gmem_in_RREADY            |  out|    1|       m_axi|                                                                           gmem_in|       pointer|
|m_axi_gmem_in_RDATA             |   in|   16|       m_axi|                                                                           gmem_in|       pointer|
|m_axi_gmem_in_RLAST             |   in|    1|       m_axi|                                                                           gmem_in|       pointer|
|m_axi_gmem_in_RID               |   in|    1|       m_axi|                                                                           gmem_in|       pointer|
|m_axi_gmem_in_RFIFONUM          |   in|    6|       m_axi|                                                                           gmem_in|       pointer|
|m_axi_gmem_in_RUSER             |   in|    1|       m_axi|                                                                           gmem_in|       pointer|
|m_axi_gmem_in_RRESP             |   in|    2|       m_axi|                                                                           gmem_in|       pointer|
|m_axi_gmem_in_BVALID            |   in|    1|       m_axi|                                                                           gmem_in|       pointer|
|m_axi_gmem_in_BREADY            |  out|    1|       m_axi|                                                                           gmem_in|       pointer|
|m_axi_gmem_in_BRESP             |   in|    2|       m_axi|                                                                           gmem_in|       pointer|
|m_axi_gmem_in_BID               |   in|    1|       m_axi|                                                                           gmem_in|       pointer|
|m_axi_gmem_in_BUSER             |   in|    1|       m_axi|                                                                           gmem_in|       pointer|
|sequence_stream_din             |  out|   16|     ap_fifo|                                                                   sequence_stream|       pointer|
|sequence_stream_num_data_valid  |   in|    8|     ap_fifo|                                                                   sequence_stream|       pointer|
|sequence_stream_fifo_cap        |   in|    8|     ap_fifo|                                                                   sequence_stream|       pointer|
|sequence_stream_full_n          |   in|    1|     ap_fifo|                                                                   sequence_stream|       pointer|
|sequence_stream_write           |  out|    1|     ap_fifo|                                                                   sequence_stream|       pointer|
|shl_ln                          |   in|    5|     ap_none|                                                                            shl_ln|        scalar|
|zext_ln1798                     |   in|   12|     ap_none|                                                                       zext_ln1798|        scalar|
|fb_output_q610                  |   in|   32|     ap_none|                                                                    fb_output_q610|        scalar|
+--------------------------------+-----+-----+------------+----------------------------------------------------------------------------------+--------------+

============================================================
+ Verbose Summary: Synthesis Manager
============================================================
InlineROM: 1
ExposeGlobal: 0
============================================================
+ Verbose Summary: CDFG Model
============================================================
IsTopModel: 0
ResetActiveHigh: 1
IsCombinational: 2
IsDatapathOnly: 2
HasWiredReturn: 1
HasMFsm: 2
HasVarLatency: 1
IsPipeline: 0
IsRtlPipelined: 0
IsInstanceOverlapped: 0
IsDontTouch: 0
HasImplIP: 0
IsGatedGlobalClock: 0

+ Individual pipeline summary: 
  * Pipeline-0: initiation interval (II) = 1, depth = 14


============================================================
+ Verbose Summary: Schedule
============================================================
* Number of FSM states : 14
* Pipeline : 1
  Pipeline-0 : II = 1, D = 14, States = { 1 2 3 4 5 6 7 8 9 10 11 12 13 14 }
* Dataflow Pipeline: 0

* FSM state transitions: 
1 --> 2 
2 --> 3 
3 --> 4 
4 --> 5 
5 --> 6 
6 --> 7 
7 --> 8 
8 --> 9 
9 --> 10 
10 --> 11 
11 --> 12 
12 --> 13 
13 --> 14 
14 --> 

* FSM state operations: 

State 1 <SV = 0> <Delay = 4.82>
ST_1 : Operation 17 [1/1] (0.00ns)   --->   "%fb_freq_index = alloca i32 1" [H:/subband_ref_q610_opt_stage4_latency_stepL2.cpp:1810]   --->   Operation 17 'alloca' 'fb_freq_index' <Predicate = true> <Delay = 0.00>
ST_1 : Operation 18 [1/1] (0.00ns)   --->   "%fb_output_q610_read = read i32 @_ssdm_op_Read.ap_auto.i32, i32 %fb_output_q610"   --->   Operation 18 'read' 'fb_output_q610_read' <Predicate = true> <Delay = 0.00>
ST_1 : Operation 19 [1/1] (0.00ns)   --->   "%zext_ln1798_read = read i12 @_ssdm_op_Read.ap_auto.i12, i12 %zext_ln1798"   --->   Operation 19 'read' 'zext_ln1798_read' <Predicate = true> <Delay = 0.00>
ST_1 : Operation 20 [1/1] (0.00ns)   --->   "%shl_ln_read = read i5 @_ssdm_op_Read.ap_auto.i5, i5 %shl_ln"   --->   Operation 20 'read' 'shl_ln_read' <Predicate = true> <Delay = 0.00>
ST_1 : Operation 21 [1/1] (0.00ns)   --->   "%zext_ln1798_cast = zext i12 %zext_ln1798_read"   --->   Operation 21 'zext' 'zext_ln1798_cast' <Predicate = true> <Delay = 0.00>
ST_1 : Operation 22 [1/1] (0.00ns)   --->   "%specinterface_ln0 = specinterface void @_ssdm_op_SpecInterface, i16 %gmem_in, void @empty_173, i32 0, i32 0, void @empty_25, i32 0, i32 618240, void @empty_175, void @empty_176, void @empty_25, i32 1, i32 1, i32 16, i32 16, void @empty_25, void @empty_25, i32 4294967295, i32 0"   --->   Operation 22 'specinterface' 'specinterface_ln0' <Predicate = true> <Delay = 0.00>
ST_1 : Operation 23 [1/1] (0.00ns)   --->   "%specinterface_ln0 = specinterface void @_ssdm_op_SpecInterface, i16 %sequence_stream, void @empty_199, i32 0, i32 0, void @empty_25, i32 0, i32 0, void @empty_25, void @empty_25, void @empty_25, i32 0, i32 0, i32 0, i32 0, void @empty_25, void @empty_25, i32 4294967295, i32 0"   --->   Operation 23 'specinterface' 'specinterface_ln0' <Predicate = true> <Delay = 0.00>
ST_1 : Operation 24 [1/1] (1.58ns)   --->   "%store_ln1810 = store i3 0, i3 %fb_freq_index" [H:/subband_ref_q610_opt_stage4_latency_stepL2.cpp:1810]   --->   Operation 24 'store' 'store_ln1810' <Predicate = true> <Delay = 1.58>
ST_1 : Operation 25 [1/1] (0.00ns)   --->   "%br_ln0 = br void %for.inc19"   --->   Operation 25 'br' 'br_ln0' <Predicate = true> <Delay = 0.00>
ST_1 : Operation 26 [1/1] (0.00ns)   --->   "%fb_freq_index_1 = load i3 %fb_freq_index" [H:/subband_ref_q610_opt_stage4_latency_stepL2.cpp:1810]   --->   Operation 26 'load' 'fb_freq_index_1' <Predicate = true> <Delay = 0.00>
ST_1 : Operation 27 [1/1] (1.65ns)   --->   "%icmp_ln1810 = icmp_eq  i3 %fb_freq_index_1, i3 4" [H:/subband_ref_q610_opt_stage4_latency_stepL2.cpp:1810]   --->   Operation 27 'icmp' 'icmp_ln1810' <Predicate = true> <Delay = 1.65> <CoreInst = "Cmp">   --->   Core 9 'Cmp' <Latency = 0> <II = 1> <Delay = 1.73> <FuncUnit> <Opcode : 'icmp'> <InPorts = 2> <OutPorts = 1>
ST_1 : Operation 28 [1/1] (1.65ns)   --->   "%add_ln1810 = add i3 %fb_freq_index_1, i3 1" [H:/subband_ref_q610_opt_stage4_latency_stepL2.cpp:1810]   --->   Operation 28 'add' 'add_ln1810' <Predicate = true> <Delay = 1.65> <CoreInst = "Adder">   --->   Core 1 'Adder' <Latency = 0> <II = 1> <Delay = 1.65> <FuncUnit> <Opcode : 'add' 'sub'> <InPorts = 2> <OutPorts = 1>
ST_1 : Operation 29 [1/1] (0.00ns)   --->   "%br_ln1810 = br i1 %icmp_ln1810, void %for.inc19.split, void %for.inc22.exitStub" [H:/subband_ref_q610_opt_stage4_latency_stepL2.cpp:1810]   --->   Operation 29 'br' 'br_ln1810' <Predicate = true> <Delay = 0.00>
ST_1 : Operation 30 [1/1] (0.00ns)   --->   "%zext_ln1810 = zext i3 %fb_freq_index_1" [H:/subband_ref_q610_opt_stage4_latency_stepL2.cpp:1810]   --->   Operation 30 'zext' 'zext_ln1810' <Predicate = (!icmp_ln1810)> <Delay = 0.00>
ST_1 : Operation 31 [1/1] (1.65ns) (grouped into DSP with root node add_ln108_1)   --->   "%add_ln108 = add i5 %shl_ln_read, i5 %zext_ln1810" [H:/subband_ref_q610_opt_stage4_latency_stepL2.cpp:108->H:/subband_ref_q610_opt_stage4_latency_stepL2.cpp:1813]   --->   Operation 31 'add' 'add_ln108' <Predicate = (!icmp_ln1810)> <Delay = 1.65> <CoreInst = "DSP48">   --->   Core 119 'DSP48' <Latency = 3> <II = 1> <Delay = 2.15> <IPBlock> <Opcode : '' 'add' 'sub' 'mul' 'select'> <InPorts = 0> <OutPorts = 1> <Sync> <CReg>
ST_1 : Operation 32 [1/1] (0.00ns) (grouped into DSP with root node add_ln108_1)   --->   "%zext_ln108 = zext i5 %add_ln108" [H:/subband_ref_q610_opt_stage4_latency_stepL2.cpp:108->H:/subband_ref_q610_opt_stage4_latency_stepL2.cpp:1813]   --->   Operation 32 'zext' 'zext_ln108' <Predicate = (!icmp_ln1810)> <Delay = 0.00>
ST_1 : Operation 33 [3/3] (1.05ns) (grouped into DSP with root node add_ln108_1)   --->   "%mul_ln108 = mul i17 %zext_ln108, i17 2415" [H:/subband_ref_q610_opt_stage4_latency_stepL2.cpp:108->H:/subband_ref_q610_opt_stage4_latency_stepL2.cpp:1813]   --->   Operation 33 'mul' 'mul_ln108' <Predicate = (!icmp_ln1810)> <Delay = 1.05> <CoreInst = "DSP48">   --->   Core 119 'DSP48' <Latency = 3> <II = 1> <Delay = 2.15> <IPBlock> <Opcode : '' 'add' 'sub' 'mul' 'select'> <InPorts = 0> <OutPorts = 1> <Sync> <CReg>
ST_1 : Operation 34 [1/1] (1.58ns)   --->   "%store_ln1810 = store i3 %add_ln1810, i3 %fb_freq_index" [H:/subband_ref_q610_opt_stage4_latency_stepL2.cpp:1810]   --->   Operation 34 'store' 'store_ln1810' <Predicate = (!icmp_ln1810)> <Delay = 1.58>

State 2 <SV = 1> <Delay = 1.05>
ST_2 : Operation 35 [2/3] (1.05ns) (grouped into DSP with root node add_ln108_1)   --->   "%mul_ln108 = mul i17 %zext_ln108, i17 2415" [H:/subband_ref_q610_opt_stage4_latency_stepL2.cpp:108->H:/subband_ref_q610_opt_stage4_latency_stepL2.cpp:1813]   --->   Operation 35 'mul' 'mul_ln108' <Predicate = true> <Delay = 1.05> <CoreInst = "DSP48">   --->   Core 119 'DSP48' <Latency = 3> <II = 1> <Delay = 2.15> <IPBlock> <Opcode : '' 'add' 'sub' 'mul' 'select'> <InPorts = 0> <OutPorts = 1> <Sync> <CReg>

State 3 <SV = 2> <Delay = 2.10>
ST_3 : Operation 36 [1/3] (0.00ns) (grouped into DSP with root node add_ln108_1)   --->   "%mul_ln108 = mul i17 %zext_ln108, i17 2415" [H:/subband_ref_q610_opt_stage4_latency_stepL2.cpp:108->H:/subband_ref_q610_opt_stage4_latency_stepL2.cpp:1813]   --->   Operation 36 'mul' 'mul_ln108' <Predicate = true> <Delay = 0.00> <CoreInst = "DSP48">   --->   Core 119 'DSP48' <Latency = 3> <II = 1> <Delay = 2.15> <IPBlock> <Opcode : '' 'add' 'sub' 'mul' 'select'> <InPorts = 0> <OutPorts = 1> <Sync> <CReg>
ST_3 : Operation 37 [2/2] (2.10ns) (root node of the DSP)   --->   "%add_ln108_1 = add i17 %mul_ln108, i17 %zext_ln1798_cast" [H:/subband_ref_q610_opt_stage4_latency_stepL2.cpp:108->H:/subband_ref_q610_opt_stage4_latency_stepL2.cpp:1813]   --->   Operation 37 'add' 'add_ln108_1' <Predicate = true> <Delay = 2.10> <CoreInst = "DSP48">   --->   Core 119 'DSP48' <Latency = 3> <II = 1> <Delay = 2.15> <IPBlock> <Opcode : '' 'add' 'sub' 'mul' 'select'> <InPorts = 0> <OutPorts = 1> <Sync> <CReg>

State 4 <SV = 3> <Delay = 4.65>
ST_4 : Operation 38 [1/2] (2.10ns) (root node of the DSP)   --->   "%add_ln108_1 = add i17 %mul_ln108, i17 %zext_ln1798_cast" [H:/subband_ref_q610_opt_stage4_latency_stepL2.cpp:108->H:/subband_ref_q610_opt_stage4_latency_stepL2.cpp:1813]   --->   Operation 38 'add' 'add_ln108_1' <Predicate = true> <Delay = 2.10> <CoreInst = "DSP48">   --->   Core 119 'DSP48' <Latency = 3> <II = 1> <Delay = 2.15> <IPBlock> <Opcode : '' 'add' 'sub' 'mul' 'select'> <InPorts = 0> <OutPorts = 1> <Sync> <CReg>
ST_4 : Operation 39 [1/1] (0.00ns)   --->   "%shl_ln4 = bitconcatenate i18 @_ssdm_op_BitConcatenate.i18.i17.i1, i17 %add_ln108_1, i1 0" [H:/subband_ref_q610_opt_stage4_latency_stepL2.cpp:1813]   --->   Operation 39 'bitconcatenate' 'shl_ln4' <Predicate = true> <Delay = 0.00>
ST_4 : Operation 40 [1/1] (0.00ns)   --->   "%zext_ln1813 = zext i18 %shl_ln4" [H:/subband_ref_q610_opt_stage4_latency_stepL2.cpp:1813]   --->   Operation 40 'zext' 'zext_ln1813' <Predicate = true> <Delay = 0.00>
ST_4 : Operation 41 [1/1] (2.55ns)   --->   "%add_ln1813 = add i32 %zext_ln1813, i32 %fb_output_q610_read" [H:/subband_ref_q610_opt_stage4_latency_stepL2.cpp:1813]   --->   Operation 41 'add' 'add_ln1813' <Predicate = true> <Delay = 2.55> <CoreInst = "Adder">   --->   Core 1 'Adder' <Latency = 0> <II = 1> <Delay = 2.55> <FuncUnit> <Opcode : 'add' 'sub'> <InPorts = 2> <OutPorts = 1>
ST_4 : Operation 42 [1/1] (0.00ns)   --->   "%trunc_ln = partselect i31 @_ssdm_op_PartSelect.i31.i32.i32.i32, i32 %add_ln1813, i32 1, i32 31" [H:/subband_ref_q610_opt_stage4_latency_stepL2.cpp:1813]   --->   Operation 42 'partselect' 'trunc_ln' <Predicate = true> <Delay = 0.00>
ST_4 : Operation 43 [1/1] (0.00ns)   --->   "%sext_ln1813 = sext i31 %trunc_ln" [H:/subband_ref_q610_opt_stage4_latency_stepL2.cpp:1813]   --->   Operation 43 'sext' 'sext_ln1813' <Predicate = true> <Delay = 0.00>
ST_4 : Operation 44 [1/1] (0.00ns)   --->   "%gmem_in_addr = getelementptr i16 %gmem_in, i32 %sext_ln1813" [H:/subband_ref_q610_opt_stage4_latency_stepL2.cpp:1813]   --->   Operation 44 'getelementptr' 'gmem_in_addr' <Predicate = true> <Delay = 0.00>

State 5 <SV = 4> <Delay = 7.30>
ST_5 : Operation 45 [8/8] (7.30ns)   --->   "%gmem_in_load_1_req = readreq i1 @_ssdm_op_ReadReq.m_axi.i16P1A, i32 %gmem_in_addr, i32 1" [H:/subband_ref_q610_opt_stage4_latency_stepL2.cpp:1813]   --->   Operation 45 'readreq' 'gmem_in_load_1_req' <Predicate = true> <Delay = 7.30> <CoreInst = "m_axi">   --->   Core 113 'm_axi' <Latency = 0> <II = 1> <Delay = 1.00> <Adapter> <Opcode : 'read' 'write' 'readreq' 'writereq' 'writeresp'>

State 6 <SV = 5> <Delay = 7.30>
ST_6 : Operation 46 [7/8] (7.30ns)   --->   "%gmem_in_load_1_req = readreq i1 @_ssdm_op_ReadReq.m_axi.i16P1A, i32 %gmem_in_addr, i32 1" [H:/subband_ref_q610_opt_stage4_latency_stepL2.cpp:1813]   --->   Operation 46 'readreq' 'gmem_in_load_1_req' <Predicate = true> <Delay = 7.30> <CoreInst = "m_axi">   --->   Core 113 'm_axi' <Latency = 0> <II = 1> <Delay = 1.00> <Adapter> <Opcode : 'read' 'write' 'readreq' 'writereq' 'writeresp'>

State 7 <SV = 6> <Delay = 7.30>
ST_7 : Operation 47 [6/8] (7.30ns)   --->   "%gmem_in_load_1_req = readreq i1 @_ssdm_op_ReadReq.m_axi.i16P1A, i32 %gmem_in_addr, i32 1" [H:/subband_ref_q610_opt_stage4_latency_stepL2.cpp:1813]   --->   Operation 47 'readreq' 'gmem_in_load_1_req' <Predicate = true> <Delay = 7.30> <CoreInst = "m_axi">   --->   Core 113 'm_axi' <Latency = 0> <II = 1> <Delay = 1.00> <Adapter> <Opcode : 'read' 'write' 'readreq' 'writereq' 'writeresp'>

State 8 <SV = 7> <Delay = 7.30>
ST_8 : Operation 48 [5/8] (7.30ns)   --->   "%gmem_in_load_1_req = readreq i1 @_ssdm_op_ReadReq.m_axi.i16P1A, i32 %gmem_in_addr, i32 1" [H:/subband_ref_q610_opt_stage4_latency_stepL2.cpp:1813]   --->   Operation 48 'readreq' 'gmem_in_load_1_req' <Predicate = true> <Delay = 7.30> <CoreInst = "m_axi">   --->   Core 113 'm_axi' <Latency = 0> <II = 1> <Delay = 1.00> <Adapter> <Opcode : 'read' 'write' 'readreq' 'writereq' 'writeresp'>

State 9 <SV = 8> <Delay = 7.30>
ST_9 : Operation 49 [4/8] (7.30ns)   --->   "%gmem_in_load_1_req = readreq i1 @_ssdm_op_ReadReq.m_axi.i16P1A, i32 %gmem_in_addr, i32 1" [H:/subband_ref_q610_opt_stage4_latency_stepL2.cpp:1813]   --->   Operation 49 'readreq' 'gmem_in_load_1_req' <Predicate = true> <Delay = 7.30> <CoreInst = "m_axi">   --->   Core 113 'm_axi' <Latency = 0> <II = 1> <Delay = 1.00> <Adapter> <Opcode : 'read' 'write' 'readreq' 'writereq' 'writeresp'>

State 10 <SV = 9> <Delay = 7.30>
ST_10 : Operation 50 [3/8] (7.30ns)   --->   "%gmem_in_load_1_req = readreq i1 @_ssdm_op_ReadReq.m_axi.i16P1A, i32 %gmem_in_addr, i32 1" [H:/subband_ref_q610_opt_stage4_latency_stepL2.cpp:1813]   --->   Operation 50 'readreq' 'gmem_in_load_1_req' <Predicate = true> <Delay = 7.30> <CoreInst = "m_axi">   --->   Core 113 'm_axi' <Latency = 0> <II = 1> <Delay = 1.00> <Adapter> <Opcode : 'read' 'write' 'readreq' 'writereq' 'writeresp'>

State 11 <SV = 10> <Delay = 7.30>
ST_11 : Operation 51 [2/8] (7.30ns)   --->   "%gmem_in_load_1_req = readreq i1 @_ssdm_op_ReadReq.m_axi.i16P1A, i32 %gmem_in_addr, i32 1" [H:/subband_ref_q610_opt_stage4_latency_stepL2.cpp:1813]   --->   Operation 51 'readreq' 'gmem_in_load_1_req' <Predicate = true> <Delay = 7.30> <CoreInst = "m_axi">   --->   Core 113 'm_axi' <Latency = 0> <II = 1> <Delay = 1.00> <Adapter> <Opcode : 'read' 'write' 'readreq' 'writereq' 'writeresp'>

State 12 <SV = 11> <Delay = 7.30>
ST_12 : Operation 52 [1/8] (7.30ns)   --->   "%gmem_in_load_1_req = readreq i1 @_ssdm_op_ReadReq.m_axi.i16P1A, i32 %gmem_in_addr, i32 1" [H:/subband_ref_q610_opt_stage4_latency_stepL2.cpp:1813]   --->   Operation 52 'readreq' 'gmem_in_load_1_req' <Predicate = true> <Delay = 7.30> <CoreInst = "m_axi">   --->   Core 113 'm_axi' <Latency = 0> <II = 1> <Delay = 1.00> <Adapter> <Opcode : 'read' 'write' 'readreq' 'writereq' 'writeresp'>

State 13 <SV = 12> <Delay = 7.30>
ST_13 : Operation 53 [1/1] (7.30ns)   --->   "%gmem_in_addr_read = read i16 @_ssdm_op_Read.m_axi.i16P1A, i32 %gmem_in_addr" [H:/subband_ref_q610_opt_stage4_latency_stepL2.cpp:1813]   --->   Operation 53 'read' 'gmem_in_addr_read' <Predicate = true> <Delay = 7.30> <CoreInst = "m_axi">   --->   Core 113 'm_axi' <Latency = 0> <II = 1> <Delay = 1.00> <Adapter> <Opcode : 'read' 'write' 'readreq' 'writereq' 'writeresp'>
ST_13 : Operation 59 [1/1] (0.00ns)   --->   "%ret_ln0 = ret"   --->   Operation 59 'ret' 'ret_ln0' <Predicate = (icmp_ln1810)> <Delay = 0.00>

State 14 <SV = 13> <Delay = 3.52>
ST_14 : Operation 54 [1/1] (0.00ns)   --->   "%specpipeline_ln1811 = specpipeline void @_ssdm_op_SpecPipeline, i32 1, i32 0, i32 0, i32 0, void @empty_25" [H:/subband_ref_q610_opt_stage4_latency_stepL2.cpp:1811]   --->   Operation 54 'specpipeline' 'specpipeline_ln1811' <Predicate = true> <Delay = 0.00>
ST_14 : Operation 55 [1/1] (0.00ns)   --->   "%speclooptripcount_ln1810 = speclooptripcount void @_ssdm_op_SpecLoopTripCount, i64 4, i64 4, i64 4" [H:/subband_ref_q610_opt_stage4_latency_stepL2.cpp:1810]   --->   Operation 55 'speclooptripcount' 'speclooptripcount_ln1810' <Predicate = true> <Delay = 0.00>
ST_14 : Operation 56 [1/1] (0.00ns)   --->   "%specloopname_ln1810 = specloopname void @_ssdm_op_SpecLoopName, void @empty_209" [H:/subband_ref_q610_opt_stage4_latency_stepL2.cpp:1810]   --->   Operation 56 'specloopname' 'specloopname_ln1810' <Predicate = true> <Delay = 0.00>
ST_14 : Operation 57 [1/1] (3.52ns)   --->   "%write_ln1813 = write void @_ssdm_op_Write.ap_fifo.volatile.i16P0A, i16 %sequence_stream, i16 %gmem_in_addr_read" [H:/subband_ref_q610_opt_stage4_latency_stepL2.cpp:1813]   --->   Operation 57 'write' 'write_ln1813' <Predicate = true> <Delay = 3.52> <CoreInst = "FIFO">   --->   Core 78 'FIFO' <Latency = 0> <II = 1> <Delay = 3.52> <Storage> <Opcode : 'read' 'write' 'nbread' 'nbwrite'> <Ports = 0> <Width = 16> <Depth = 128> <FIFO>
ST_14 : Operation 58 [1/1] (0.00ns)   --->   "%br_ln1810 = br void %for.inc19" [H:/subband_ref_q610_opt_stage4_latency_stepL2.cpp:1810]   --->   Operation 58 'br' 'br_ln1810' <Predicate = true> <Delay = 0.00>


============================================================
+ Verbose Summary: Binding
============================================================
STG Binding: 
---------------- STG Properties BEGIN ----------------
- Is combinational: 0
- Is one-state seq: 0
- Is datapath-only: 0
- Is pipelined: 0
- Is top level: 0
Port [ Return ] is wired: 1; IO mode=ap_ctrl_hs:ce=0
Port [ shl_ln]:  wired=1; compound=0; hidden=0; nouse=0; global=0; static=0; extern=0; dir=0; type=0; pingpong=0; private_global=0; IO mode=ap_none:ce=0
Port [ zext_ln1798]:  wired=1; compound=0; hidden=0; nouse=0; global=0; static=0; extern=0; dir=0; type=0; pingpong=0; private_global=0; IO mode=ap_none:ce=0
Port [ fb_output_q610]:  wired=1; compound=0; hidden=0; nouse=0; global=0; static=0; extern=0; dir=0; type=0; pingpong=0; private_global=0; IO mode=ap_none:ce=0
Port [ gmem_in]:  wired=1; compound=1; hidden=0; nouse=0; global=0; static=0; extern=0; dir=0; type=4; pingpong=0; private_global=0; IO mode=m_axi:ce=0
Port [ sequence_stream]:  wired=1; compound=1; hidden=0; nouse=0; global=0; static=0; extern=0; dir=1; type=3; pingpong=0; private_global=0; IO mode=ap_fifo:ce=0
---------------- STG Properties END ------------------

---------------- Datapath Model BEGIN ----------------

<LifeTime>
<method=bitvector/>
fb_freq_index            (alloca           ) [ 010000000000000]
fb_output_q610_read      (read             ) [ 011110000000000]
zext_ln1798_read         (read             ) [ 000000000000000]
shl_ln_read              (read             ) [ 000000000000000]
zext_ln1798_cast         (zext             ) [ 011110000000000]
specinterface_ln0        (specinterface    ) [ 000000000000000]
specinterface_ln0        (specinterface    ) [ 000000000000000]
store_ln1810             (store            ) [ 000000000000000]
br_ln0                   (br               ) [ 000000000000000]
fb_freq_index_1          (load             ) [ 000000000000000]
icmp_ln1810              (icmp             ) [ 011111111111110]
add_ln1810               (add              ) [ 000000000000000]
br_ln1810                (br               ) [ 000000000000000]
zext_ln1810              (zext             ) [ 000000000000000]
add_ln108                (add              ) [ 000000000000000]
zext_ln108               (zext             ) [ 011100000000000]
store_ln1810             (store            ) [ 000000000000000]
mul_ln108                (mul              ) [ 010010000000000]
add_ln108_1              (add              ) [ 000000000000000]
shl_ln4                  (bitconcatenate   ) [ 000000000000000]
zext_ln1813              (zext             ) [ 000000000000000]
add_ln1813               (add              ) [ 000000000000000]
trunc_ln                 (partselect       ) [ 000000000000000]
sext_ln1813              (sext             ) [ 000000000000000]
gmem_in_addr             (getelementptr    ) [ 010001111111110]
gmem_in_load_1_req       (readreq          ) [ 000000000000000]
gmem_in_addr_read        (read             ) [ 010000000000001]
specpipeline_ln1811      (specpipeline     ) [ 000000000000000]
speclooptripcount_ln1810 (speclooptripcount) [ 000000000000000]
specloopname_ln1810      (specloopname     ) [ 000000000000000]
write_ln1813             (write            ) [ 000000000000000]
br_ln1810                (br               ) [ 000000000000000]
ret_ln0                  (ret              ) [ 000000000000000]
</LifeTime>

<model>

<comp_list>
<comp id="0" class="1000" name="shl_ln">
<pin_list>
<pin id="1" dir="1" index="0" bw="1" slack="0"/>
</pin_list>
<bind>
<StgValue><ssdm name="shl_ln"/></StgValue>
</bind>
</comp>

<comp id="2" class="1000" name="zext_ln1798">
<pin_list>
<pin id="3" dir="1" index="0" bw="1" slack="0"/>
</pin_list>
<bind>
<StgValue><ssdm name="zext_ln1798"/></StgValue>
</bind>
</comp>

<comp id="4" class="1000" name="fb_output_q610">
<pin_list>
<pin id="5" dir="1" index="0" bw="1" slack="0"/>
</pin_list>
<bind>
<StgValue><ssdm name="fb_output_q610"/></StgValue>
</bind>
</comp>

<comp id="6" class="1000" name="gmem_in">
<pin_list>
<pin id="7" dir="1" index="0" bw="1" slack="0"/>
</pin_list>
<bind>
<StgValue><ssdm name="gmem_in"/></StgValue>
</bind>
</comp>

<comp id="8" class="1000" name="sequence_stream">
<pin_list>
<pin id="9" dir="1" index="0" bw="1" slack="0"/>
</pin_list>
<bind>
<StgValue><ssdm name="sequence_stream"/></StgValue>
</bind>
</comp>

<comp id="10" class="1001" name="const_10">
<pin_list>
<pin id="11" dir="1" index="0" bw="1" slack="0"/>
</pin_list>
<bind>
<StgValue><ssdm name=""/></StgValue>
</bind>
</comp>

<comp id="12" class="1001" name="const_12">
<pin_list>
<pin id="13" dir="1" index="0" bw="1" slack="0"/>
</pin_list>
<bind>
<StgValue><ssdm name="_ssdm_op_Read.ap_auto.i32"/></StgValue>
</bind>
</comp>

<comp id="14" class="1001" name="const_14">
<pin_list>
<pin id="15" dir="1" index="0" bw="1" slack="0"/>
</pin_list>
<bind>
<StgValue><ssdm name="_ssdm_op_Read.ap_auto.i12"/></StgValue>
</bind>
</comp>

<comp id="16" class="1001" name="const_16">
<pin_list>
<pin id="17" dir="1" index="0" bw="1" slack="0"/>
</pin_list>
<bind>
<StgValue><ssdm name="_ssdm_op_Read.ap_auto.i5"/></StgValue>
</bind>
</comp>

<comp id="18" class="1001" name="const_18">
<pin_list>
<pin id="19" dir="1" index="0" bw="1" slack="2147483647"/>
</pin_list>
<bind>
<StgValue><ssdm name="_ssdm_op_SpecInterface"/></StgValue>
</bind>
</comp>

<comp id="20" class="1001" name="const_20">
<pin_list>
<pin id="21" dir="1" index="0" bw="1" slack="2147483647"/>
</pin_list>
<bind>
<StgValue><ssdm name="empty_173"/></StgValue>
</bind>
</comp>

<comp id="22" class="1001" name="const_22">
<pin_list>
<pin id="23" dir="1" index="0" bw="1" slack="2147483647"/>
</pin_list>
<bind>
<StgValue><ssdm name=""/></StgValue>
</bind>
</comp>

<comp id="24" class="1001" name="const_24">
<pin_list>
<pin id="25" dir="1" index="0" bw="1" slack="2147483647"/>
</pin_list>
<bind>
<StgValue><ssdm name="empty_25"/></StgValue>
</bind>
</comp>

<comp id="26" class="1001" name="const_26">
<pin_list>
<pin id="27" dir="1" index="0" bw="1" slack="2147483647"/>
</pin_list>
<bind>
<StgValue><ssdm name=""/></StgValue>
</bind>
</comp>

<comp id="28" class="1001" name="const_28">
<pin_list>
<pin id="29" dir="1" index="0" bw="1" slack="2147483647"/>
</pin_list>
<bind>
<StgValue><ssdm name="empty_175"/></StgValue>
</bind>
</comp>

<comp id="30" class="1001" name="const_30">
<pin_list>
<pin id="31" dir="1" index="0" bw="1" slack="2147483647"/>
</pin_list>
<bind>
<StgValue><ssdm name="empty_176"/></StgValue>
</bind>
</comp>

<comp id="32" class="1001" name="const_32">
<pin_list>
<pin id="33" dir="1" index="0" bw="1" slack="2147483647"/>
</pin_list>
<bind>
<StgValue><ssdm name=""/></StgValue>
</bind>
</comp>

<comp id="34" class="1001" name="const_34">
<pin_list>
<pin id="35" dir="1" index="0" bw="1" slack="2147483647"/>
</pin_list>
<bind>
<StgValue><ssdm name=""/></StgValue>
</bind>
</comp>

<comp id="36" class="1001" name="const_36">
<pin_list>
<pin id="37" dir="1" index="0" bw="1" slack="2147483647"/>
</pin_list>
<bind>
<StgValue><ssdm name="empty_199"/></StgValue>
</bind>
</comp>

<comp id="38" class="1001" name="const_38">
<pin_list>
<pin id="39" dir="1" index="0" bw="1" slack="0"/>
</pin_list>
<bind>
<StgValue><ssdm name=""/></StgValue>
</bind>
</comp>

<comp id="40" class="1001" name="const_40">
<pin_list>
<pin id="41" dir="1" index="0" bw="1" slack="0"/>
</pin_list>
<bind>
<StgValue><ssdm name=""/></StgValue>
</bind>
</comp>

<comp id="42" class="1001" name="const_42">
<pin_list>
<pin id="43" dir="1" index="0" bw="1" slack="0"/>
</pin_list>
<bind>
<StgValue><ssdm name=""/></StgValue>
</bind>
</comp>

<comp id="44" class="1001" name="const_44">
<pin_list>
<pin id="45" dir="1" index="0" bw="1" slack="0"/>
</pin_list>
<bind>
<StgValue><ssdm name=""/></StgValue>
</bind>
</comp>

<comp id="46" class="1001" name="const_46">
<pin_list>
<pin id="47" dir="1" index="0" bw="1" slack="0"/>
</pin_list>
<bind>
<StgValue><ssdm name="_ssdm_op_BitConcatenate.i18.i17.i1"/></StgValue>
</bind>
</comp>

<comp id="48" class="1001" name="const_48">
<pin_list>
<pin id="49" dir="1" index="0" bw="1" slack="0"/>
</pin_list>
<bind>
<StgValue><ssdm name=""/></StgValue>
</bind>
</comp>

<comp id="50" class="1001" name="const_50">
<pin_list>
<pin id="51" dir="1" index="0" bw="1" slack="0"/>
</pin_list>
<bind>
<StgValue><ssdm name="_ssdm_op_PartSelect.i31.i32.i32.i32"/></StgValue>
</bind>
</comp>

<comp id="52" class="1001" name="const_52">
<pin_list>
<pin id="53" dir="1" index="0" bw="1" slack="0"/>
</pin_list>
<bind>
<StgValue><ssdm name=""/></StgValue>
</bind>
</comp>

<comp id="54" class="1001" name="const_54">
<pin_list>
<pin id="55" dir="1" index="0" bw="1" slack="0"/>
</pin_list>
<bind>
<StgValue><ssdm name="_ssdm_op_ReadReq.m_axi.i16P1A"/></StgValue>
</bind>
</comp>

<comp id="56" class="1001" name="const_56">
<pin_list>
<pin id="57" dir="1" index="0" bw="1" slack="0"/>
</pin_list>
<bind>
<StgValue><ssdm name="_ssdm_op_Read.m_axi.i16P1A"/></StgValue>
</bind>
</comp>

<comp id="58" class="1001" name="const_58">
<pin_list>
<pin id="59" dir="1" index="0" bw="1" slack="2147483647"/>
</pin_list>
<bind>
<StgValue><ssdm name="_ssdm_op_SpecPipeline"/></StgValue>
</bind>
</comp>

<comp id="60" class="1001" name="const_60">
<pin_list>
<pin id="61" dir="1" index="0" bw="1" slack="2147483647"/>
</pin_list>
<bind>
<StgValue><ssdm name="_ssdm_op_SpecLoopTripCount"/></StgValue>
</bind>
</comp>

<comp id="62" class="1001" name="const_62">
<pin_list>
<pin id="63" dir="1" index="0" bw="1" slack="2147483647"/>
</pin_list>
<bind>
<StgValue><ssdm name=""/></StgValue>
</bind>
</comp>

<comp id="64" class="1001" name="const_64">
<pin_list>
<pin id="65" dir="1" index="0" bw="1" slack="2147483647"/>
</pin_list>
<bind>
<StgValue><ssdm name="_ssdm_op_SpecLoopName"/></StgValue>
</bind>
</comp>

<comp id="66" class="1001" name="const_66">
<pin_list>
<pin id="67" dir="1" index="0" bw="1" slack="2147483647"/>
</pin_list>
<bind>
<StgValue><ssdm name="empty_209"/></StgValue>
</bind>
</comp>

<comp id="68" class="1001" name="const_68">
<pin_list>
<pin id="69" dir="1" index="0" bw="1" slack="0"/>
</pin_list>
<bind>
<StgValue><ssdm name="_ssdm_op_Write.ap_fifo.volatile.i16P0A"/></StgValue>
</bind>
</comp>

<comp id="70" class="1004" name="fb_freq_index_fu_70">
<pin_list>
<pin id="71" dir="0" index="0" bw="1" slack="0"/>
<pin id="72" dir="1" index="1" bw="3" slack="0"/>
</pin_list>
<bind>
<opcode="alloca(26) " fcode="alloca"/>
<opset="fb_freq_index/1 "/>
</bind>
</comp>

<comp id="74" class="1004" name="fb_output_q610_read_read_fu_74">
<pin_list>
<pin id="75" dir="0" index="0" bw="32" slack="0"/>
<pin id="76" dir="0" index="1" bw="32" slack="0"/>
<pin id="77" dir="1" index="2" bw="32" slack="3"/>
</pin_list>
<bind>
<opcode="read(1150) " fcode="read"/>
<opset="fb_output_q610_read/1 "/>
</bind>
</comp>

<comp id="80" class="1004" name="zext_ln1798_read_read_fu_80">
<pin_list>
<pin id="81" dir="0" index="0" bw="12" slack="0"/>
<pin id="82" dir="0" index="1" bw="12" slack="0"/>
<pin id="83" dir="1" index="2" bw="12" slack="0"/>
</pin_list>
<bind>
<opcode="read(1150) " fcode="read"/>
<opset="zext_ln1798_read/1 "/>
</bind>
</comp>

<comp id="86" class="1004" name="shl_ln_read_read_fu_86">
<pin_list>
<pin id="87" dir="0" index="0" bw="5" slack="0"/>
<pin id="88" dir="0" index="1" bw="5" slack="0"/>
<pin id="89" dir="1" index="2" bw="5" slack="0"/>
</pin_list>
<bind>
<opcode="read(1150) " fcode="read"/>
<opset="shl_ln_read/1 "/>
</bind>
</comp>

<comp id="92" class="1004" name="grp_readreq_fu_92">
<pin_list>
<pin id="93" dir="0" index="0" bw="1" slack="0"/>
<pin id="94" dir="0" index="1" bw="16" slack="1"/>
<pin id="95" dir="0" index="2" bw="1" slack="0"/>
<pin id="96" dir="1" index="3" bw="1" slack="2147483647"/>
</pin_list>
<bind>
<opcode="readreq(1154) " fcode="readreq"/>
<opset="gmem_in_load_1_req/5 "/>
</bind>
</comp>

<comp id="99" class="1004" name="gmem_in_addr_read_read_fu_99">
<pin_list>
<pin id="100" dir="0" index="0" bw="16" slack="0"/>
<pin id="101" dir="0" index="1" bw="16" slack="9"/>
<pin id="102" dir="1" index="2" bw="16" slack="1"/>
</pin_list>
<bind>
<opcode="read(1150) " fcode="read"/>
<opset="gmem_in_addr_read/13 "/>
</bind>
</comp>

<comp id="104" class="1004" name="write_ln1813_write_fu_104">
<pin_list>
<pin id="105" dir="0" index="0" bw="0" slack="0"/>
<pin id="106" dir="0" index="1" bw="16" slack="0"/>
<pin id="107" dir="0" index="2" bw="16" slack="1"/>
<pin id="108" dir="1" index="3" bw="0" slack="2147483647"/>
</pin_list>
<bind>
<opcode="write(1151) " fcode="write"/>
<opset="write_ln1813/14 "/>
</bind>
</comp>

<comp id="111" class="1004" name="zext_ln1798_cast_fu_111">
<pin_list>
<pin id="112" dir="0" index="0" bw="12" slack="0"/>
<pin id="113" dir="1" index="1" bw="17" slack="2"/>
</pin_list>
<bind>
<opcode="zext(34) " fcode="zext"/>
<opset="zext_ln1798_cast/1 "/>
</bind>
</comp>

<comp id="115" class="1004" name="store_ln1810_store_fu_115">
<pin_list>
<pin id="116" dir="0" index="0" bw="1" slack="0"/>
<pin id="117" dir="0" index="1" bw="3" slack="0"/>
<pin id="118" dir="1" index="2" bw="0" slack="2147483647"/>
</pin_list>
<bind>
<opcode="store(28) " fcode="store"/>
<opset="store_ln1810/1 "/>
</bind>
</comp>

<comp id="120" class="1004" name="fb_freq_index_1_load_fu_120">
<pin_list>
<pin id="121" dir="0" index="0" bw="3" slack="0"/>
<pin id="122" dir="1" index="1" bw="3" slack="0"/>
</pin_list>
<bind>
<opcode="load(27) " fcode="load"/>
<opset="fb_freq_index_1/1 "/>
</bind>
</comp>

<comp id="123" class="1004" name="icmp_ln1810_fu_123">
<pin_list>
<pin id="124" dir="0" index="0" bw="3" slack="0"/>
<pin id="125" dir="0" index="1" bw="3" slack="0"/>
<pin id="126" dir="1" index="2" bw="1" slack="12"/>
</pin_list>
<bind>
<opcode="icmp(45) " fcode="icmp"/>
<opset="icmp_ln1810/1 "/>
</bind>
</comp>

<comp id="129" class="1004" name="add_ln1810_fu_129">
<pin_list>
<pin id="130" dir="0" index="0" bw="3" slack="0"/>
<pin id="131" dir="0" index="1" bw="1" slack="0"/>
<pin id="132" dir="1" index="2" bw="3" slack="0"/>
</pin_list>
<bind>
<opcode="add(8) " fcode="add"/>
<opset="add_ln1810/1 "/>
</bind>
</comp>

<comp id="135" class="1004" name="zext_ln1810_fu_135">
<pin_list>
<pin id="136" dir="0" index="0" bw="3" slack="0"/>
<pin id="137" dir="1" index="1" bw="5" slack="0"/>
</pin_list>
<bind>
<opcode="zext(34) " fcode="zext"/>
<opset="zext_ln1810/1 "/>
</bind>
</comp>

<comp id="139" class="1004" name="store_ln1810_store_fu_139">
<pin_list>
<pin id="140" dir="0" index="0" bw="3" slack="0"/>
<pin id="141" dir="0" index="1" bw="3" slack="0"/>
<pin id="142" dir="1" index="2" bw="0" slack="2147483647"/>
</pin_list>
<bind>
<opcode="store(28) " fcode="store"/>
<opset="store_ln1810/1 "/>
</bind>
</comp>

<comp id="144" class="1004" name="shl_ln4_fu_144">
<pin_list>
<pin id="145" dir="0" index="0" bw="18" slack="0"/>
<pin id="146" dir="0" index="1" bw="17" slack="0"/>
<pin id="147" dir="0" index="2" bw="1" slack="0"/>
<pin id="148" dir="1" index="3" bw="18" slack="0"/>
</pin_list>
<bind>
<opcode="bitconcatenate(1004) " fcode="bitconcatenate"/>
<opset="shl_ln4/4 "/>
</bind>
</comp>

<comp id="151" class="1004" name="zext_ln1813_fu_151">
<pin_list>
<pin id="152" dir="0" index="0" bw="18" slack="0"/>
<pin id="153" dir="1" index="1" bw="32" slack="0"/>
</pin_list>
<bind>
<opcode="zext(34) " fcode="zext"/>
<opset="zext_ln1813/4 "/>
</bind>
</comp>

<comp id="155" class="1004" name="add_ln1813_fu_155">
<pin_list>
<pin id="156" dir="0" index="0" bw="18" slack="0"/>
<pin id="157" dir="0" index="1" bw="32" slack="3"/>
<pin id="158" dir="1" index="2" bw="32" slack="0"/>
</pin_list>
<bind>
<opcode="add(8) " fcode="add"/>
<opset="add_ln1813/4 "/>
</bind>
</comp>

<comp id="160" class="1004" name="trunc_ln_fu_160">
<pin_list>
<pin id="161" dir="0" index="0" bw="31" slack="0"/>
<pin id="162" dir="0" index="1" bw="32" slack="0"/>
<pin id="163" dir="0" index="2" bw="1" slack="0"/>
<pin id="164" dir="0" index="3" bw="6" slack="0"/>
<pin id="165" dir="1" index="4" bw="31" slack="0"/>
</pin_list>
<bind>
<opcode="partselect(1002) " fcode="partselect"/>
<opset="trunc_ln/4 "/>
</bind>
</comp>

<comp id="170" class="1004" name="sext_ln1813_fu_170">
<pin_list>
<pin id="171" dir="0" index="0" bw="31" slack="0"/>
<pin id="172" dir="1" index="1" bw="32" slack="0"/>
</pin_list>
<bind>
<opcode="sext(35) " fcode="sext"/>
<opset="sext_ln1813/4 "/>
</bind>
</comp>

<comp id="174" class="1004" name="gmem_in_addr_fu_174">
<pin_list>
<pin id="175" dir="0" index="0" bw="32" slack="0"/>
<pin id="176" dir="0" index="1" bw="32" slack="0"/>
<pin id="177" dir="1" index="2" bw="32" slack="1"/>
</pin_list>
<bind>
<opcode="getelementptr(29) " fcode="getelementptr"/>
<opset="gmem_in_addr/4 "/>
</bind>
</comp>

<comp id="180" class="1007" name="grp_fu_180">
<pin_list>
<pin id="181" dir="0" index="0" bw="5" slack="0"/>
<pin id="182" dir="0" index="1" bw="3" slack="0"/>
<pin id="183" dir="0" index="2" bw="12" slack="0"/>
<pin id="184" dir="0" index="3" bw="12" slack="2147483647"/>
<pin id="185" dir="1" index="4" bw="17" slack="0"/>
</pin_list>
<bind>
<opcode="addmuladd(1175) " fcode="addmuladd"/>
<opset="add_ln108/1 zext_ln108/1 mul_ln108/1 add_ln108_1/3 "/>
</bind>
</comp>

<comp id="190" class="1005" name="fb_freq_index_reg_190">
<pin_list>
<pin id="191" dir="0" index="0" bw="3" slack="0"/>
<pin id="192" dir="1" index="1" bw="3" slack="0"/>
</pin_list>
<bind>
<opset="fb_freq_index "/>
</bind>
</comp>

<comp id="197" class="1005" name="fb_output_q610_read_reg_197">
<pin_list>
<pin id="198" dir="0" index="0" bw="32" slack="3"/>
<pin id="199" dir="1" index="1" bw="32" slack="3"/>
</pin_list>
<bind>
<opset="fb_output_q610_read "/>
</bind>
</comp>

<comp id="202" class="1005" name="zext_ln1798_cast_reg_202">
<pin_list>
<pin id="203" dir="0" index="0" bw="17" slack="2"/>
<pin id="204" dir="1" index="1" bw="17" slack="2"/>
</pin_list>
<bind>
<opset="zext_ln1798_cast "/>
</bind>
</comp>

<comp id="207" class="1005" name="icmp_ln1810_reg_207">
<pin_list>
<pin id="208" dir="0" index="0" bw="1" slack="12"/>
<pin id="209" dir="1" index="1" bw="1" slack="2147483647"/>
</pin_list>
<bind>
<opset="icmp_ln1810 "/>
</bind>
</comp>

<comp id="211" class="1005" name="gmem_in_addr_reg_211">
<pin_list>
<pin id="212" dir="0" index="0" bw="16" slack="1"/>
<pin id="213" dir="1" index="1" bw="16" slack="1"/>
</pin_list>
<bind>
<opset="gmem_in_addr "/>
</bind>
</comp>

<comp id="217" class="1005" name="gmem_in_addr_read_reg_217">
<pin_list>
<pin id="218" dir="0" index="0" bw="16" slack="1"/>
<pin id="219" dir="1" index="1" bw="16" slack="1"/>
</pin_list>
<bind>
<opset="gmem_in_addr_read "/>
</bind>
</comp>

</comp_list>

<net_list>
<net id="73"><net_src comp="10" pin="0"/><net_sink comp="70" pin=0"/></net>

<net id="78"><net_src comp="12" pin="0"/><net_sink comp="74" pin=0"/></net>

<net id="79"><net_src comp="4" pin="0"/><net_sink comp="74" pin=1"/></net>

<net id="84"><net_src comp="14" pin="0"/><net_sink comp="80" pin=0"/></net>

<net id="85"><net_src comp="2" pin="0"/><net_sink comp="80" pin=1"/></net>

<net id="90"><net_src comp="16" pin="0"/><net_sink comp="86" pin=0"/></net>

<net id="91"><net_src comp="0" pin="0"/><net_sink comp="86" pin=1"/></net>

<net id="97"><net_src comp="54" pin="0"/><net_sink comp="92" pin=0"/></net>

<net id="98"><net_src comp="10" pin="0"/><net_sink comp="92" pin=2"/></net>

<net id="103"><net_src comp="56" pin="0"/><net_sink comp="99" pin=0"/></net>

<net id="109"><net_src comp="68" pin="0"/><net_sink comp="104" pin=0"/></net>

<net id="110"><net_src comp="8" pin="0"/><net_sink comp="104" pin=1"/></net>

<net id="114"><net_src comp="80" pin="2"/><net_sink comp="111" pin=0"/></net>

<net id="119"><net_src comp="38" pin="0"/><net_sink comp="115" pin=0"/></net>

<net id="127"><net_src comp="120" pin="1"/><net_sink comp="123" pin=0"/></net>

<net id="128"><net_src comp="40" pin="0"/><net_sink comp="123" pin=1"/></net>

<net id="133"><net_src comp="120" pin="1"/><net_sink comp="129" pin=0"/></net>

<net id="134"><net_src comp="42" pin="0"/><net_sink comp="129" pin=1"/></net>

<net id="138"><net_src comp="120" pin="1"/><net_sink comp="135" pin=0"/></net>

<net id="143"><net_src comp="129" pin="2"/><net_sink comp="139" pin=0"/></net>

<net id="149"><net_src comp="46" pin="0"/><net_sink comp="144" pin=0"/></net>

<net id="150"><net_src comp="48" pin="0"/><net_sink comp="144" pin=2"/></net>

<net id="154"><net_src comp="144" pin="3"/><net_sink comp="151" pin=0"/></net>

<net id="159"><net_src comp="151" pin="1"/><net_sink comp="155" pin=0"/></net>

<net id="166"><net_src comp="50" pin="0"/><net_sink comp="160" pin=0"/></net>

<net id="167"><net_src comp="155" pin="2"/><net_sink comp="160" pin=1"/></net>

<net id="168"><net_src comp="10" pin="0"/><net_sink comp="160" pin=2"/></net>

<net id="169"><net_src comp="52" pin="0"/><net_sink comp="160" pin=3"/></net>

<net id="173"><net_src comp="160" pin="4"/><net_sink comp="170" pin=0"/></net>

<net id="178"><net_src comp="6" pin="0"/><net_sink comp="174" pin=0"/></net>

<net id="179"><net_src comp="170" pin="1"/><net_sink comp="174" pin=1"/></net>

<net id="186"><net_src comp="86" pin="2"/><net_sink comp="180" pin=0"/></net>

<net id="187"><net_src comp="135" pin="1"/><net_sink comp="180" pin=1"/></net>

<net id="188"><net_src comp="44" pin="0"/><net_sink comp="180" pin=2"/></net>

<net id="189"><net_src comp="180" pin="4"/><net_sink comp="144" pin=1"/></net>

<net id="193"><net_src comp="70" pin="1"/><net_sink comp="190" pin=0"/></net>

<net id="194"><net_src comp="190" pin="1"/><net_sink comp="115" pin=1"/></net>

<net id="195"><net_src comp="190" pin="1"/><net_sink comp="120" pin=0"/></net>

<net id="196"><net_src comp="190" pin="1"/><net_sink comp="139" pin=1"/></net>

<net id="200"><net_src comp="74" pin="2"/><net_sink comp="197" pin=0"/></net>

<net id="201"><net_src comp="197" pin="1"/><net_sink comp="155" pin=1"/></net>

<net id="205"><net_src comp="111" pin="1"/><net_sink comp="202" pin=0"/></net>

<net id="206"><net_src comp="202" pin="1"/><net_sink comp="180" pin=1"/></net>

<net id="210"><net_src comp="123" pin="2"/><net_sink comp="207" pin=0"/></net>

<net id="214"><net_src comp="174" pin="2"/><net_sink comp="211" pin=0"/></net>

<net id="215"><net_src comp="211" pin="1"/><net_sink comp="92" pin=1"/></net>

<net id="216"><net_src comp="211" pin="1"/><net_sink comp="99" pin=1"/></net>

<net id="220"><net_src comp="99" pin="2"/><net_sink comp="217" pin=0"/></net>

<net id="221"><net_src comp="217" pin="1"/><net_sink comp="104" pin=2"/></net>

</net_list>

</model> 
---------------- Datapath Model END ------------------

* FSMD analyzer results:
  - Output states:
	Port: gmem_in | {}
	Port: sequence_stream | {14 }
 - Input state : 
	Port: (anonymous namespace)GenerateBand0SequenceStreamOptimizedQ610_Pipeline_VITIS_LOO : shl_ln | {1 }
	Port: (anonymous namespace)GenerateBand0SequenceStreamOptimizedQ610_Pipeline_VITIS_LOO : zext_ln1798 | {1 }
	Port: (anonymous namespace)GenerateBand0SequenceStreamOptimizedQ610_Pipeline_VITIS_LOO : fb_output_q610 | {1 }
	Port: (anonymous namespace)GenerateBand0SequenceStreamOptimizedQ610_Pipeline_VITIS_LOO : gmem_in | {5 6 7 8 9 10 11 12 13 }
	Port: (anonymous namespace)GenerateBand0SequenceStreamOptimizedQ610_Pipeline_VITIS_LOO : sequence_stream | {}
  - Chain level:
	State 1
		store_ln1810 : 1
		fb_freq_index_1 : 1
		icmp_ln1810 : 2
		add_ln1810 : 2
		br_ln1810 : 3
		zext_ln1810 : 2
		add_ln108 : 3
		zext_ln108 : 4
		mul_ln108 : 5
		store_ln1810 : 3
	State 2
	State 3
		add_ln108_1 : 1
	State 4
		shl_ln4 : 1
		zext_ln1813 : 2
		add_ln1813 : 3
		trunc_ln : 4
		sext_ln1813 : 5
		gmem_in_addr : 6
	State 5
	State 6
	State 7
	State 8
	State 9
	State 10
	State 11
	State 12
	State 13
	State 14


============================================================
+ Verbose Summary: Datapath Resource usage 
============================================================

* Functional unit list:
|----------|--------------------------------|---------|---------|---------|
| Operation|         Functional Unit        |   DSP   |    FF   |   LUT   |
|----------|--------------------------------|---------|---------|---------|
|    add   |        add_ln1810_fu_129       |    0    |    0    |    11   |
|          |        add_ln1813_fu_155       |    0    |    0    |    39   |
|----------|--------------------------------|---------|---------|---------|
|   icmp   |       icmp_ln1810_fu_123       |    0    |    0    |    11   |
|----------|--------------------------------|---------|---------|---------|
| addmuladd|           grp_fu_180           |    1    |    0    |    0    |
|----------|--------------------------------|---------|---------|---------|
|          | fb_output_q610_read_read_fu_74 |    0    |    0    |    0    |
|   read   |   zext_ln1798_read_read_fu_80  |    0    |    0    |    0    |
|          |     shl_ln_read_read_fu_86     |    0    |    0    |    0    |
|          |  gmem_in_addr_read_read_fu_99  |    0    |    0    |    0    |
|----------|--------------------------------|---------|---------|---------|
|  readreq |        grp_readreq_fu_92       |    0    |    0    |    0    |
|----------|--------------------------------|---------|---------|---------|
|   write  |    write_ln1813_write_fu_104   |    0    |    0    |    0    |
|----------|--------------------------------|---------|---------|---------|
|          |     zext_ln1798_cast_fu_111    |    0    |    0    |    0    |
|   zext   |       zext_ln1810_fu_135       |    0    |    0    |    0    |
|          |       zext_ln1813_fu_151       |    0    |    0    |    0    |
|----------|--------------------------------|---------|---------|---------|
|bitconcatenate|         shl_ln4_fu_144         |    0    |    0    |    0    |
|----------|--------------------------------|---------|---------|---------|
|partselect|         trunc_ln_fu_160        |    0    |    0    |    0    |
|----------|--------------------------------|---------|---------|---------|
|   sext   |       sext_ln1813_fu_170       |    0    |    0    |    0    |
|----------|--------------------------------|---------|---------|---------|
|   Total  |                                |    1    |    0    |    61   |
|----------|--------------------------------|---------|---------|---------|

Memories:
N/A

* Register list:
+---------------------------+--------+
|                           |   FF   |
+---------------------------+--------+
|   fb_freq_index_reg_190   |    3   |
|fb_output_q610_read_reg_197|   32   |
| gmem_in_addr_read_reg_217 |   16   |
|    gmem_in_addr_reg_211   |   16   |
|    icmp_ln1810_reg_207    |    1   |
|  zext_ln1798_cast_reg_202 |   17   |
+---------------------------+--------+
|           Total           |   85   |
+---------------------------+--------+

* Multiplexer (MUX) list: 
|------------|------|------|------|--------||---------||---------|
|    Comp    |  Pin | Size |  BW  | S x BW ||  Delay  ||   LUT   |
|------------|------|------|------|--------||---------||---------|
| grp_fu_180 |  p1  |   2  |   3  |    6   ||    9    |
|------------|------|------|------|--------||---------||---------|
|    Total   |      |      |      |    6   ||  1.588  ||    9    |
|------------|------|------|------|--------||---------||---------|



* Summary:
+-----------+--------+--------+--------+--------+
|           |   DSP  |  Delay |   FF   |   LUT  |
+-----------+--------+--------+--------+--------+
|  Function |    1   |    -   |    0   |   61   |
|   Memory  |    -   |    -   |    -   |    -   |
|Multiplexer|    -   |    1   |    -   |    9   |
|  Register |    -   |    -   |   85   |    -   |
+-----------+--------+--------+--------+--------+
|   Total   |    1   |    1   |   85   |   70   |
+-----------+--------+--------+--------+--------+
