

================================================================
== Vitis HLS Report for 'p_anonymous_namespace_SnapshotGSUStateQ610_2_s'
================================================================
* Date:           Wed May 13 19:58:24 2026

* Version:        2023.2 (Build 4023990 on Oct 11 2023)
* Project:        subband_q610_zybo_z7_20_hls
* Solution:       solution1 (Vivado IP Flow Target)
* Product family: zynq
* Target device:  xc7z020-clg400-1


================================================================
== Performance Estimates
================================================================
+ Timing: 
    * Summary: 
    +--------+----------+----------+------------+
    |  Clock |  Target  | Estimated| Uncertainty|
    +--------+----------+----------+------------+
    |ap_clk  |  10.00 ns|  6.716 ns|     2.70 ns|
    +--------+----------+----------+------------+

+ Latency: 
    * Summary: 
    +---------+---------+----------+----------+-----+-----+---------+
    |  Latency (cycles) |  Latency (absolute) |  Interval | Pipeline|
    |   min   |   max   |    min   |    max   | min | max |   Type  |
    +---------+---------+----------+----------+-----+-----+---------+
    |      115|      115|  1.150 us|  1.150 us|  115|  115|       no|
    +---------+---------+----------+----------+-----+-----+---------+

    + Detail: 
        * Instance: 
        N/A

        * Loop: 
        N/A

============================================================
+ Verbose Summary: Synthesis Manager
============================================================
InlineROM: 1
ExposeGlobal: 0
============================================================
+ Verbose Summary: CDFG Model
============================================================
IsTopModel: 0
ResetActiveHigh: 1
IsCombinational: 0
IsDatapathOnly: 0
HasWiredReturn: 1
HasMFsm: 0
HasVarLatency: 1
IsPipeline: 0
IsRtlPipelined: 0
IsInstanceOverlapped: 0
IsDontTouch: 0
HasImplIP: 0
IsGatedGlobalClock: 0


============================================================
+ Verbose Summary: Schedule
============================================================
* Number of FSM states : 2
* Pipeline : 0
* Dataflow Pipeline: 0

* FSM state transitions: 
1 --> 2 
2 --> 

* FSM state operations: 

State 1 <SV = 0> <Delay = 6.71>
ST_1 : Operation 3 [1/1] (0.00ns)   --->   "%cx_state_q610_1_offset_read = read i3 @_ssdm_op_Read.ap_auto.i3, i3 %cx_state_q610_1_offset" [H:/subband_ref_q610_opt_stage4_latency_stepL2.cpp:1933]   --->   Operation 3 'read' 'cx_state_q610_1_offset_read' <Predicate = true> <Delay = 0.00>
ST_1 : Operation 4 [1/1] (0.00ns)   --->   "%cx_state_q610_0_offset_read = read i3 @_ssdm_op_Read.ap_auto.i3, i3 %cx_state_q610_0_offset" [H:/subband_ref_q610_opt_stage4_latency_stepL2.cpp:1933]   --->   Operation 4 'read' 'cx_state_q610_0_offset_read' <Predicate = true> <Delay = 0.00>
ST_1 : Operation 5 [1/1] (0.00ns)   --->   "%hx_state_q610_1_offset_read = read i3 @_ssdm_op_Read.ap_auto.i3, i3 %hx_state_q610_1_offset" [H:/subband_ref_q610_opt_stage4_latency_stepL2.cpp:1933]   --->   Operation 5 'read' 'hx_state_q610_1_offset_read' <Predicate = true> <Delay = 0.00>
ST_1 : Operation 6 [1/1] (0.00ns)   --->   "%hx_state_q610_0_offset_read = read i3 @_ssdm_op_Read.ap_auto.i3, i3 %hx_state_q610_0_offset" [H:/subband_ref_q610_opt_stage4_latency_stepL2.cpp:1933]   --->   Operation 6 'read' 'hx_state_q610_0_offset_read' <Predicate = true> <Delay = 0.00>
ST_1 : Operation 7 [1/1] (0.00ns)   --->   "%tmp = bitconcatenate i10 @_ssdm_op_BitConcatenate.i10.i3.i7, i3 %cx_state_q610_1_offset_read, i7 0" [H:/subband_ref_q610_opt_stage4_latency_stepL2.cpp:1933]   --->   Operation 7 'bitconcatenate' 'tmp' <Predicate = true> <Delay = 0.00>
ST_1 : Operation 8 [1/1] (0.00ns)   --->   "%tmp_1 = bitconcatenate i7 @_ssdm_op_BitConcatenate.i7.i3.i4, i3 %cx_state_q610_1_offset_read, i4 0" [H:/subband_ref_q610_opt_stage4_latency_stepL2.cpp:1933]   --->   Operation 8 'bitconcatenate' 'tmp_1' <Predicate = true> <Delay = 0.00>
ST_1 : Operation 9 [1/1] (0.00ns)   --->   "%zext_ln1933 = zext i7 %tmp_1" [H:/subband_ref_q610_opt_stage4_latency_stepL2.cpp:1933]   --->   Operation 9 'zext' 'zext_ln1933' <Predicate = true> <Delay = 0.00>
ST_1 : Operation 10 [1/1] (1.73ns)   --->   "%sub_ln1933 = sub i10 %tmp, i10 %zext_ln1933" [H:/subband_ref_q610_opt_stage4_latency_stepL2.cpp:1933]   --->   Operation 10 'sub' 'sub_ln1933' <Predicate = true> <Delay = 1.73> <CoreInst = "Adder">   --->   Core 1 'Adder' <Latency = 0> <II = 1> <Delay = 1.73> <FuncUnit> <Opcode : 'add' 'sub'> <InPorts = 2> <OutPorts = 1>
ST_1 : Operation 11 [1/1] (0.00ns)   --->   "%tmp_2 = bitconcatenate i10 @_ssdm_op_BitConcatenate.i10.i3.i7, i3 %cx_state_q610_0_offset_read, i7 0" [H:/subband_ref_q610_opt_stage4_latency_stepL2.cpp:1933]   --->   Operation 11 'bitconcatenate' 'tmp_2' <Predicate = true> <Delay = 0.00>
ST_1 : Operation 12 [1/1] (0.00ns)   --->   "%tmp_3 = bitconcatenate i7 @_ssdm_op_BitConcatenate.i7.i3.i4, i3 %cx_state_q610_0_offset_read, i4 0" [H:/subband_ref_q610_opt_stage4_latency_stepL2.cpp:1933]   --->   Operation 12 'bitconcatenate' 'tmp_3' <Predicate = true> <Delay = 0.00>
ST_1 : Operation 13 [1/1] (0.00ns)   --->   "%zext_ln1933_2 = zext i7 %tmp_3" [H:/subband_ref_q610_opt_stage4_latency_stepL2.cpp:1933]   --->   Operation 13 'zext' 'zext_ln1933_2' <Predicate = true> <Delay = 0.00>
ST_1 : Operation 14 [1/1] (1.73ns)   --->   "%sub_ln1933_1 = sub i10 %tmp_2, i10 %zext_ln1933_2" [H:/subband_ref_q610_opt_stage4_latency_stepL2.cpp:1933]   --->   Operation 14 'sub' 'sub_ln1933_1' <Predicate = true> <Delay = 1.73> <CoreInst = "Adder">   --->   Core 1 'Adder' <Latency = 0> <II = 1> <Delay = 1.73> <FuncUnit> <Opcode : 'add' 'sub'> <InPorts = 2> <OutPorts = 1>
ST_1 : Operation 15 [1/1] (0.00ns)   --->   "%tmp_4 = bitconcatenate i10 @_ssdm_op_BitConcatenate.i10.i3.i7, i3 %hx_state_q610_1_offset_read, i7 0" [H:/subband_ref_q610_opt_stage4_latency_stepL2.cpp:1932]   --->   Operation 15 'bitconcatenate' 'tmp_4' <Predicate = true> <Delay = 0.00>
ST_1 : Operation 16 [1/1] (0.00ns)   --->   "%tmp_5 = bitconcatenate i7 @_ssdm_op_BitConcatenate.i7.i3.i4, i3 %hx_state_q610_1_offset_read, i4 0" [H:/subband_ref_q610_opt_stage4_latency_stepL2.cpp:1932]   --->   Operation 16 'bitconcatenate' 'tmp_5' <Predicate = true> <Delay = 0.00>
ST_1 : Operation 17 [1/1] (0.00ns)   --->   "%zext_ln1932 = zext i7 %tmp_5" [H:/subband_ref_q610_opt_stage4_latency_stepL2.cpp:1932]   --->   Operation 17 'zext' 'zext_ln1932' <Predicate = true> <Delay = 0.00>
ST_1 : Operation 18 [1/1] (1.73ns)   --->   "%sub_ln1932 = sub i10 %tmp_4, i10 %zext_ln1932" [H:/subband_ref_q610_opt_stage4_latency_stepL2.cpp:1932]   --->   Operation 18 'sub' 'sub_ln1932' <Predicate = true> <Delay = 1.73> <CoreInst = "Adder">   --->   Core 1 'Adder' <Latency = 0> <II = 1> <Delay = 1.73> <FuncUnit> <Opcode : 'add' 'sub'> <InPorts = 2> <OutPorts = 1>
ST_1 : Operation 19 [1/1] (0.00ns)   --->   "%tmp_6 = bitconcatenate i10 @_ssdm_op_BitConcatenate.i10.i3.i7, i3 %hx_state_q610_0_offset_read, i7 0" [H:/subband_ref_q610_opt_stage4_latency_stepL2.cpp:1932]   --->   Operation 19 'bitconcatenate' 'tmp_6' <Predicate = true> <Delay = 0.00>
ST_1 : Operation 20 [1/1] (0.00ns)   --->   "%tmp_7 = bitconcatenate i7 @_ssdm_op_BitConcatenate.i7.i3.i4, i3 %hx_state_q610_0_offset_read, i4 0" [H:/subband_ref_q610_opt_stage4_latency_stepL2.cpp:1932]   --->   Operation 20 'bitconcatenate' 'tmp_7' <Predicate = true> <Delay = 0.00>
ST_1 : Operation 21 [1/1] (0.00ns)   --->   "%zext_ln1932_3 = zext i7 %tmp_7" [H:/subband_ref_q610_opt_stage4_latency_stepL2.cpp:1932]   --->   Operation 21 'zext' 'zext_ln1932_3' <Predicate = true> <Delay = 0.00>
ST_1 : Operation 22 [1/1] (1.73ns)   --->   "%sub_ln1932_1 = sub i10 %tmp_6, i10 %zext_ln1932_3" [H:/subband_ref_q610_opt_stage4_latency_stepL2.cpp:1932]   --->   Operation 22 'sub' 'sub_ln1932_1' <Predicate = true> <Delay = 1.73> <CoreInst = "Adder">   --->   Core 1 'Adder' <Latency = 0> <II = 1> <Delay = 1.73> <FuncUnit> <Opcode : 'add' 'sub'> <InPorts = 2> <OutPorts = 1>
ST_1 : Operation 23 [2/2] (4.98ns)   --->   "%call_ln1932 = call void @(anonymous namespace)SnapshotGSUStateQ610<2>_Pipeline_VITIS_LOOP_1927_1, i11 %prev_hx_q610_0, i11 %prev_hx_q610_1, i16 %prev_cx_q610_0, i16 %prev_cx_q610_1, i16 %prev_cx_q610_223, i16 %prev_cx_q610_222, i16 %prev_cx_q610_221, i16 %prev_cx_q610_220, i16 %prev_cx_q610_219, i16 %prev_cx_q610_218, i16 %prev_cx_q610_217, i16 %prev_cx_q610_216, i16 %prev_cx_q610_215, i16 %prev_cx_q610_214, i16 %prev_cx_q610_213, i16 %prev_cx_q610_212, i16 %prev_cx_q610_211, i16 %prev_cx_q610_210, i16 %prev_cx_q610_209, i16 %prev_cx_q610_208, i16 %prev_cx_q610_207, i16 %prev_cx_q610_206, i16 %prev_cx_q610_205, i16 %prev_cx_q610_204, i16 %prev_cx_q610_203, i16 %prev_cx_q610_202, i16 %prev_cx_q610_201, i16 %prev_cx_q610_200, i16 %prev_cx_q610_199, i16 %prev_cx_q610_198, i16 %prev_cx_q610_197, i16 %prev_cx_q610_196, i16 %prev_cx_q610_195, i16 %prev_cx_q610_194, i16 %prev_cx_q610_193, i16 %prev_cx_q610_192, i16 %prev_cx_q610_191, i16 %prev_cx_q610_190, i16 %prev_cx_q610_189, i16 %prev_cx_q610_188, i16 %prev_cx_q610_187, i16 %prev_cx_q610_186, i16 %prev_cx_q610_185, i16 %prev_cx_q610_184, i16 %prev_cx_q610_183, i16 %prev_cx_q610_182, i16 %prev_cx_q610_181, i16 %prev_cx_q610_180, i16 %prev_cx_q610_179, i16 %prev_cx_q610_178, i16 %prev_cx_q610_177, i16 %prev_cx_q610_176, i16 %prev_cx_q610_175, i16 %prev_cx_q610_174, i16 %prev_cx_q610_173, i16 %prev_cx_q610_172, i16 %prev_cx_q610_171, i16 %prev_cx_q610_170, i16 %prev_cx_q610_169, i16 %prev_cx_q610_168, i16 %prev_cx_q610_167, i16 %prev_cx_q610_166, i16 %prev_cx_q610_165, i16 %prev_cx_q610_164, i16 %prev_cx_q610_163, i16 %prev_cx_q610_162, i16 %prev_cx_q610_161, i16 %prev_cx_q610_160, i16 %prev_cx_q610_159, i16 %prev_cx_q610_158, i16 %prev_cx_q610_157, i16 %prev_cx_q610_156, i16 %prev_cx_q610_155, i16 %prev_cx_q610_154, i16 %prev_cx_q610_153, i16 %prev_cx_q610_152, i16 %prev_cx_q610_151, i16 %prev_cx_q610_150, i16 %prev_cx_q610_149, i16 %prev_cx_q610_148, i16 %prev_cx_q610_147, i16 %prev_cx_q610_146, i16 %prev_cx_q610_145, i16 %prev_cx_q610_144, i16 %prev_cx_q610_143, i16 %prev_cx_q610_142, i16 %prev_cx_q610_141, i16 %prev_cx_q610_140, i16 %prev_cx_q610_139, i16 %prev_cx_q610_138, i16 %prev_cx_q610_137, i16 %prev_cx_q610_136, i16 %prev_cx_q610_135, i16 %prev_cx_q610_134, i16 %prev_cx_q610_133, i16 %prev_cx_q610_132, i16 %prev_cx_q610_131, i16 %prev_cx_q610_130, i16 %prev_cx_q610_129, i16 %prev_cx_q610_128, i16 %prev_cx_q610_127, i16 %prev_cx_q610_126, i16 %prev_cx_q610_125, i16 %prev_cx_q610_124, i16 %prev_cx_q610_123, i16 %prev_cx_q610_122, i16 %prev_cx_q610_121, i16 %prev_cx_q610_120, i16 %prev_cx_q610_119, i16 %prev_cx_q610_118, i16 %prev_cx_q610_117, i16 %prev_cx_q610_116, i16 %prev_cx_q610_115, i16 %prev_cx_q610_114, i16 %prev_cx_q610_113, i16 %prev_cx_q610_112, i16 %prev_cx_q610_111, i16 %prev_cx_q610_110, i16 %prev_cx_q610_109, i16 %prev_cx_q610_108, i16 %prev_cx_q610_107, i16 %prev_cx_q610_106, i16 %prev_cx_q610_105, i16 %prev_cx_q610_104, i16 %prev_cx_q610_103, i16 %prev_cx_q610_102, i16 %prev_cx_q610_101, i16 %prev_cx_q610_100, i16 %prev_cx_q610_99, i16 %prev_cx_q610_98, i16 %prev_cx_q610_97, i16 %prev_cx_q610_96, i16 %prev_cx_q610_95, i16 %prev_cx_q610_94, i16 %prev_cx_q610_93, i16 %prev_cx_q610_92, i16 %prev_cx_q610_91, i16 %prev_cx_q610_90, i16 %prev_cx_q610_89, i16 %prev_cx_q610_88, i16 %prev_cx_q610_87, i16 %prev_cx_q610_86, i16 %prev_cx_q610_85, i16 %prev_cx_q610_84, i16 %prev_cx_q610_83, i16 %prev_cx_q610_82, i16 %prev_cx_q610_81, i16 %prev_cx_q610_80, i16 %prev_cx_q610_79, i16 %prev_cx_q610_78, i16 %prev_cx_q610_77, i16 %prev_cx_q610_76, i16 %prev_cx_q610_75, i16 %prev_cx_q610_74, i16 %prev_cx_q610_73, i16 %prev_cx_q610_72, i16 %prev_cx_q610_71, i16 %prev_cx_q610_70, i16 %prev_cx_q610_69, i16 %prev_cx_q610_68, i16 %prev_cx_q610_67, i16 %prev_cx_q610_66, i16 %prev_cx_q610_65, i16 %prev_cx_q610_64, i16 %prev_cx_q610_63, i16 %prev_cx_q610_62, i16 %prev_cx_q610_61, i16 %prev_cx_q610_60, i16 %prev_cx_q610_59, i16 %prev_cx_q610_58, i16 %prev_cx_q610_57, i16 %prev_cx_q610_56, i16 %prev_cx_q610_55, i16 %prev_cx_q610_54, i16 %prev_cx_q610_53, i16 %prev_cx_q610_52, i16 %prev_cx_q610_51, i16 %prev_cx_q610_50, i16 %prev_cx_q610_49, i16 %prev_cx_q610_48, i16 %prev_cx_q610_47, i16 %prev_cx_q610_46, i16 %prev_cx_q610_45, i16 %prev_cx_q610_44, i16 %prev_cx_q610_43, i16 %prev_cx_q610_42, i16 %prev_cx_q610_41, i16 %prev_cx_q610_40, i16 %prev_cx_q610_39, i16 %prev_cx_q610_38, i16 %prev_cx_q610_37, i16 %prev_cx_q610_36, i16 %prev_cx_q610_35, i16 %prev_cx_q610_34, i16 %prev_cx_q610_33, i16 %prev_cx_q610_32, i16 %prev_cx_q610_31, i16 %prev_cx_q610_30, i16 %prev_cx_q610_29, i16 %prev_cx_q610_28, i16 %prev_cx_q610_27, i16 %prev_cx_q610_26, i16 %prev_cx_q610_25, i16 %prev_cx_q610_24, i16 %prev_cx_q610_23, i16 %prev_cx_q610_22, i16 %prev_cx_q610_21, i16 %prev_cx_q610_20, i16 %prev_cx_q610_19, i16 %prev_cx_q610_18, i16 %prev_cx_q610_17, i16 %prev_cx_q610_16, i16 %prev_cx_q610_15, i16 %prev_cx_q610_14, i16 %prev_cx_q610_13, i16 %prev_cx_q610_12, i16 %prev_cx_q610_11, i16 %prev_cx_q610_10, i16 %prev_cx_q610_9, i16 %prev_cx_q610_8, i16 %prev_cx_q610_7, i16 %prev_cx_q610_6, i16 %prev_cx_q610_5, i16 %prev_cx_q610_4, i16 %prev_cx_q610_3, i16 %prev_cx_q610_2, i11 %prev_hx_q610_223, i11 %prev_hx_q610_222, i11 %prev_hx_q610_221, i11 %prev_hx_q610_220, i11 %prev_hx_q610_219, i11 %prev_hx_q610_218, i11 %prev_hx_q610_217, i11 %prev_hx_q610_216, i11 %prev_hx_q610_215, i11 %prev_hx_q610_214, i11 %prev_hx_q610_213, i11 %prev_hx_q610_212, i11 %prev_hx_q610_211, i11 %prev_hx_q610_210, i11 %prev_hx_q610_209, i11 %prev_hx_q610_208, i11 %prev_hx_q610_207, i11 %prev_hx_q610_206, i11 %prev_hx_q610_205, i11 %prev_hx_q610_204, i11 %prev_hx_q610_203, i11 %prev_hx_q610_202, i11 %prev_hx_q610_201, i11 %prev_hx_q610_200, i11 %prev_hx_q610_199, i11 %prev_hx_q610_198, i11 %prev_hx_q610_197, i11 %prev_hx_q610_196, i11 %prev_hx_q610_195, i11 %prev_hx_q610_194, i11 %prev_hx_q610_193, i11 %prev_hx_q610_192, i11 %prev_hx_q610_191, i11 %prev_hx_q610_190, i11 %prev_hx_q610_189, i11 %prev_hx_q610_188, i11 %prev_hx_q610_187, i11 %prev_hx_q610_186, i11 %prev_hx_q610_185, i11 %prev_hx_q610_184, i11 %prev_hx_q610_183, i11 %prev_hx_q610_182, i11 %prev_hx_q610_181, i11 %prev_hx_q610_180, i11 %prev_hx_q610_179, i11 %prev_hx_q610_178, i11 %prev_hx_q610_177, i11 %prev_hx_q610_176, i11 %prev_hx_q610_175, i11 %prev_hx_q610_174, i11 %prev_hx_q610_173, i11 %prev_hx_q610_172, i11 %prev_hx_q610_171, i11 %prev_hx_q610_170, i11 %prev_hx_q610_169, i11 %prev_hx_q610_168, i11 %prev_hx_q610_167, i11 %prev_hx_q610_166, i11 %prev_hx_q610_165, i11 %prev_hx_q610_164, i11 %prev_hx_q610_163, i11 %prev_hx_q610_162, i11 %prev_hx_q610_161, i11 %prev_hx_q610_160, i11 %prev_hx_q610_159, i11 %prev_hx_q610_158, i11 %prev_hx_q610_157, i11 %prev_hx_q610_156, i11 %prev_hx_q610_155, i11 %prev_hx_q610_154, i11 %prev_hx_q610_153, i11 %prev_hx_q610_152, i11 %prev_hx_q610_151, i11 %prev_hx_q610_150, i11 %prev_hx_q610_149, i11 %prev_hx_q610_148, i11 %prev_hx_q610_147, i11 %prev_hx_q610_146, i11 %prev_hx_q610_145, i11 %prev_hx_q610_144, i11 %prev_hx_q610_143, i11 %prev_hx_q610_142, i11 %prev_hx_q610_141, i11 %prev_hx_q610_140, i11 %prev_hx_q610_139, i11 %prev_hx_q610_138, i11 %prev_hx_q610_137, i11 %prev_hx_q610_136, i11 %prev_hx_q610_135, i11 %prev_hx_q610_134, i11 %prev_hx_q610_133, i11 %prev_hx_q610_132, i11 %prev_hx_q610_131, i11 %prev_hx_q610_130, i11 %prev_hx_q610_129, i11 %prev_hx_q610_128, i11 %prev_hx_q610_127, i11 %prev_hx_q610_126, i11 %prev_hx_q610_125, i11 %prev_hx_q610_124, i11 %prev_hx_q610_123, i11 %prev_hx_q610_122, i11 %prev_hx_q610_121, i11 %prev_hx_q610_120, i11 %prev_hx_q610_119, i11 %prev_hx_q610_118, i11 %prev_hx_q610_117, i11 %prev_hx_q610_116, i11 %prev_hx_q610_115, i11 %prev_hx_q610_114, i11 %prev_hx_q610_113, i11 %prev_hx_q610_112, i11 %prev_hx_q610_111, i11 %prev_hx_q610_110, i11 %prev_hx_q610_109, i11 %prev_hx_q610_108, i11 %prev_hx_q610_107, i11 %prev_hx_q610_106, i11 %prev_hx_q610_105, i11 %prev_hx_q610_104, i11 %prev_hx_q610_103, i11 %prev_hx_q610_102, i11 %prev_hx_q610_101, i11 %prev_hx_q610_100, i11 %prev_hx_q610_99, i11 %prev_hx_q610_98, i11 %prev_hx_q610_97, i11 %prev_hx_q610_96, i11 %prev_hx_q610_95, i11 %prev_hx_q610_94, i11 %prev_hx_q610_93, i11 %prev_hx_q610_92, i11 %prev_hx_q610_91, i11 %prev_hx_q610_90, i11 %prev_hx_q610_89, i11 %prev_hx_q610_88, i11 %prev_hx_q610_87, i11 %prev_hx_q610_86, i11 %prev_hx_q610_85, i11 %prev_hx_q610_84, i11 %prev_hx_q610_83, i11 %prev_hx_q610_82, i11 %prev_hx_q610_81, i11 %prev_hx_q610_80, i11 %prev_hx_q610_79, i11 %prev_hx_q610_78, i11 %prev_hx_q610_77, i11 %prev_hx_q610_76, i11 %prev_hx_q610_75, i11 %prev_hx_q610_74, i11 %prev_hx_q610_73, i11 %prev_hx_q610_72, i11 %prev_hx_q610_71, i11 %prev_hx_q610_70, i11 %prev_hx_q610_69, i11 %prev_hx_q610_68, i11 %prev_hx_q610_67, i11 %prev_hx_q610_66, i11 %prev_hx_q610_65, i11 %prev_hx_q610_64, i11 %prev_hx_q610_63, i11 %prev_hx_q610_62, i11 %prev_hx_q610_61, i11 %prev_hx_q610_60, i11 %prev_hx_q610_59, i11 %prev_hx_q610_58, i11 %prev_hx_q610_57, i11 %prev_hx_q610_56, i11 %prev_hx_q610_55, i11 %prev_hx_q610_54, i11 %prev_hx_q610_53, i11 %prev_hx_q610_52, i11 %prev_hx_q610_51, i11 %prev_hx_q610_50, i11 %prev_hx_q610_49, i11 %prev_hx_q610_48, i11 %prev_hx_q610_47, i11 %prev_hx_q610_46, i11 %prev_hx_q610_45, i11 %prev_hx_q610_44, i11 %prev_hx_q610_43, i11 %prev_hx_q610_42, i11 %prev_hx_q610_41, i11 %prev_hx_q610_40, i11 %prev_hx_q610_39, i11 %prev_hx_q610_38, i11 %prev_hx_q610_37, i11 %prev_hx_q610_36, i11 %prev_hx_q610_35, i11 %prev_hx_q610_34, i11 %prev_hx_q610_33, i11 %prev_hx_q610_32, i11 %prev_hx_q610_31, i11 %prev_hx_q610_30, i11 %prev_hx_q610_29, i11 %prev_hx_q610_28, i11 %prev_hx_q610_27, i11 %prev_hx_q610_26, i11 %prev_hx_q610_25, i11 %prev_hx_q610_24, i11 %prev_hx_q610_23, i11 %prev_hx_q610_22, i11 %prev_hx_q610_21, i11 %prev_hx_q610_20, i11 %prev_hx_q610_19, i11 %prev_hx_q610_18, i11 %prev_hx_q610_17, i11 %prev_hx_q610_16, i11 %prev_hx_q610_15, i11 %prev_hx_q610_14, i11 %prev_hx_q610_13, i11 %prev_hx_q610_12, i11 %prev_hx_q610_11, i11 %prev_hx_q610_10, i11 %prev_hx_q610_9, i11 %prev_hx_q610_8, i11 %prev_hx_q610_7, i11 %prev_hx_q610_6, i11 %prev_hx_q610_5, i11 %prev_hx_q610_4, i11 %prev_hx_q610_3, i11 %prev_hx_q610_2, i10 %sub_ln1932_1, i11 %hx_state_q610_0, i10 %sub_ln1932, i11 %hx_state_q610_1, i10 %sub_ln1933_1, i16 %cx_state_q610_0, i10 %sub_ln1933, i16 %cx_state_q610_1" [H:/subband_ref_q610_opt_stage4_latency_stepL2.cpp:1932]   --->   Operation 23 'call' 'call_ln1932' <Predicate = true> <Delay = 4.98> <CoreType = "Generic">   --->   Core 0 '' <Latency = 0> <II = 1> <Delay = 1.00> <Generic> <Opcode : >

State 2 <SV = 1> <Delay = 3.25>
ST_2 : Operation 24 [1/2] (3.25ns)   --->   "%call_ln1932 = call void @(anonymous namespace)SnapshotGSUStateQ610<2>_Pipeline_VITIS_LOOP_1927_1, i11 %prev_hx_q610_0, i11 %prev_hx_q610_1, i16 %prev_cx_q610_0, i16 %prev_cx_q610_1, i16 %prev_cx_q610_223, i16 %prev_cx_q610_222, i16 %prev_cx_q610_221, i16 %prev_cx_q610_220, i16 %prev_cx_q610_219, i16 %prev_cx_q610_218, i16 %prev_cx_q610_217, i16 %prev_cx_q610_216, i16 %prev_cx_q610_215, i16 %prev_cx_q610_214, i16 %prev_cx_q610_213, i16 %prev_cx_q610_212, i16 %prev_cx_q610_211, i16 %prev_cx_q610_210, i16 %prev_cx_q610_209, i16 %prev_cx_q610_208, i16 %prev_cx_q610_207, i16 %prev_cx_q610_206, i16 %prev_cx_q610_205, i16 %prev_cx_q610_204, i16 %prev_cx_q610_203, i16 %prev_cx_q610_202, i16 %prev_cx_q610_201, i16 %prev_cx_q610_200, i16 %prev_cx_q610_199, i16 %prev_cx_q610_198, i16 %prev_cx_q610_197, i16 %prev_cx_q610_196, i16 %prev_cx_q610_195, i16 %prev_cx_q610_194, i16 %prev_cx_q610_193, i16 %prev_cx_q610_192, i16 %prev_cx_q610_191, i16 %prev_cx_q610_190, i16 %prev_cx_q610_189, i16 %prev_cx_q610_188, i16 %prev_cx_q610_187, i16 %prev_cx_q610_186, i16 %prev_cx_q610_185, i16 %prev_cx_q610_184, i16 %prev_cx_q610_183, i16 %prev_cx_q610_182, i16 %prev_cx_q610_181, i16 %prev_cx_q610_180, i16 %prev_cx_q610_179, i16 %prev_cx_q610_178, i16 %prev_cx_q610_177, i16 %prev_cx_q610_176, i16 %prev_cx_q610_175, i16 %prev_cx_q610_174, i16 %prev_cx_q610_173, i16 %prev_cx_q610_172, i16 %prev_cx_q610_171, i16 %prev_cx_q610_170, i16 %prev_cx_q610_169, i16 %prev_cx_q610_168, i16 %prev_cx_q610_167, i16 %prev_cx_q610_166, i16 %prev_cx_q610_165, i16 %prev_cx_q610_164, i16 %prev_cx_q610_163, i16 %prev_cx_q610_162, i16 %prev_cx_q610_161, i16 %prev_cx_q610_160, i16 %prev_cx_q610_159, i16 %prev_cx_q610_158, i16 %prev_cx_q610_157, i16 %prev_cx_q610_156, i16 %prev_cx_q610_155, i16 %prev_cx_q610_154, i16 %prev_cx_q610_153, i16 %prev_cx_q610_152, i16 %prev_cx_q610_151, i16 %prev_cx_q610_150, i16 %prev_cx_q610_149, i16 %prev_cx_q610_148, i16 %prev_cx_q610_147, i16 %prev_cx_q610_146, i16 %prev_cx_q610_145, i16 %prev_cx_q610_144, i16 %prev_cx_q610_143, i16 %prev_cx_q610_142, i16 %prev_cx_q610_141, i16 %prev_cx_q610_140, i16 %prev_cx_q610_139, i16 %prev_cx_q610_138, i16 %prev_cx_q610_137, i16 %prev_cx_q610_136, i16 %prev_cx_q610_135, i16 %prev_cx_q610_134, i16 %prev_cx_q610_133, i16 %prev_cx_q610_132, i16 %prev_cx_q610_131, i16 %prev_cx_q610_130, i16 %prev_cx_q610_129, i16 %prev_cx_q610_128, i16 %prev_cx_q610_127, i16 %prev_cx_q610_126, i16 %prev_cx_q610_125, i16 %prev_cx_q610_124, i16 %prev_cx_q610_123, i16 %prev_cx_q610_122, i16 %prev_cx_q610_121, i16 %prev_cx_q610_120, i16 %prev_cx_q610_119, i16 %prev_cx_q610_118, i16 %prev_cx_q610_117, i16 %prev_cx_q610_116, i16 %prev_cx_q610_115, i16 %prev_cx_q610_114, i16 %prev_cx_q610_113, i16 %prev_cx_q610_112, i16 %prev_cx_q610_111, i16 %prev_cx_q610_110, i16 %prev_cx_q610_109, i16 %prev_cx_q610_108, i16 %prev_cx_q610_107, i16 %prev_cx_q610_106, i16 %prev_cx_q610_105, i16 %prev_cx_q610_104, i16 %prev_cx_q610_103, i16 %prev_cx_q610_102, i16 %prev_cx_q610_101, i16 %prev_cx_q610_100, i16 %prev_cx_q610_99, i16 %prev_cx_q610_98, i16 %prev_cx_q610_97, i16 %prev_cx_q610_96, i16 %prev_cx_q610_95, i16 %prev_cx_q610_94, i16 %prev_cx_q610_93, i16 %prev_cx_q610_92, i16 %prev_cx_q610_91, i16 %prev_cx_q610_90, i16 %prev_cx_q610_89, i16 %prev_cx_q610_88, i16 %prev_cx_q610_87, i16 %prev_cx_q610_86, i16 %prev_cx_q610_85, i16 %prev_cx_q610_84, i16 %prev_cx_q610_83, i16 %prev_cx_q610_82, i16 %prev_cx_q610_81, i16 %prev_cx_q610_80, i16 %prev_cx_q610_79, i16 %prev_cx_q610_78, i16 %prev_cx_q610_77, i16 %prev_cx_q610_76, i16 %prev_cx_q610_75, i16 %prev_cx_q610_74, i16 %prev_cx_q610_73, i16 %prev_cx_q610_72, i16 %prev_cx_q610_71, i16 %prev_cx_q610_70, i16 %prev_cx_q610_69, i16 %prev_cx_q610_68, i16 %prev_cx_q610_67, i16 %prev_cx_q610_66, i16 %prev_cx_q610_65, i16 %prev_cx_q610_64, i16 %prev_cx_q610_63, i16 %prev_cx_q610_62, i16 %prev_cx_q610_61, i16 %prev_cx_q610_60, i16 %prev_cx_q610_59, i16 %prev_cx_q610_58, i16 %prev_cx_q610_57, i16 %prev_cx_q610_56, i16 %prev_cx_q610_55, i16 %prev_cx_q610_54, i16 %prev_cx_q610_53, i16 %prev_cx_q610_52, i16 %prev_cx_q610_51, i16 %prev_cx_q610_50, i16 %prev_cx_q610_49, i16 %prev_cx_q610_48, i16 %prev_cx_q610_47, i16 %prev_cx_q610_46, i16 %prev_cx_q610_45, i16 %prev_cx_q610_44, i16 %prev_cx_q610_43, i16 %prev_cx_q610_42, i16 %prev_cx_q610_41, i16 %prev_cx_q610_40, i16 %prev_cx_q610_39, i16 %prev_cx_q610_38, i16 %prev_cx_q610_37, i16 %prev_cx_q610_36, i16 %prev_cx_q610_35, i16 %prev_cx_q610_34, i16 %prev_cx_q610_33, i16 %prev_cx_q610_32, i16 %prev_cx_q610_31, i16 %prev_cx_q610_30, i16 %prev_cx_q610_29, i16 %prev_cx_q610_28, i16 %prev_cx_q610_27, i16 %prev_cx_q610_26, i16 %prev_cx_q610_25, i16 %prev_cx_q610_24, i16 %prev_cx_q610_23, i16 %prev_cx_q610_22, i16 %prev_cx_q610_21, i16 %prev_cx_q610_20, i16 %prev_cx_q610_19, i16 %prev_cx_q610_18, i16 %prev_cx_q610_17, i16 %prev_cx_q610_16, i16 %prev_cx_q610_15, i16 %prev_cx_q610_14, i16 %prev_cx_q610_13, i16 %prev_cx_q610_12, i16 %prev_cx_q610_11, i16 %prev_cx_q610_10, i16 %prev_cx_q610_9, i16 %prev_cx_q610_8, i16 %prev_cx_q610_7, i16 %prev_cx_q610_6, i16 %prev_cx_q610_5, i16 %prev_cx_q610_4, i16 %prev_cx_q610_3, i16 %prev_cx_q610_2, i11 %prev_hx_q610_223, i11 %prev_hx_q610_222, i11 %prev_hx_q610_221, i11 %prev_hx_q610_220, i11 %prev_hx_q610_219, i11 %prev_hx_q610_218, i11 %prev_hx_q610_217, i11 %prev_hx_q610_216, i11 %prev_hx_q610_215, i11 %prev_hx_q610_214, i11 %prev_hx_q610_213, i11 %prev_hx_q610_212, i11 %prev_hx_q610_211, i11 %prev_hx_q610_210, i11 %prev_hx_q610_209, i11 %prev_hx_q610_208, i11 %prev_hx_q610_207, i11 %prev_hx_q610_206, i11 %prev_hx_q610_205, i11 %prev_hx_q610_204, i11 %prev_hx_q610_203, i11 %prev_hx_q610_202, i11 %prev_hx_q610_201, i11 %prev_hx_q610_200, i11 %prev_hx_q610_199, i11 %prev_hx_q610_198, i11 %prev_hx_q610_197, i11 %prev_hx_q610_196, i11 %prev_hx_q610_195, i11 %prev_hx_q610_194, i11 %prev_hx_q610_193, i11 %prev_hx_q610_192, i11 %prev_hx_q610_191, i11 %prev_hx_q610_190, i11 %prev_hx_q610_189, i11 %prev_hx_q610_188, i11 %prev_hx_q610_187, i11 %prev_hx_q610_186, i11 %prev_hx_q610_185, i11 %prev_hx_q610_184, i11 %prev_hx_q610_183, i11 %prev_hx_q610_182, i11 %prev_hx_q610_181, i11 %prev_hx_q610_180, i11 %prev_hx_q610_179, i11 %prev_hx_q610_178, i11 %prev_hx_q610_177, i11 %prev_hx_q610_176, i11 %prev_hx_q610_175, i11 %prev_hx_q610_174, i11 %prev_hx_q610_173, i11 %prev_hx_q610_172, i11 %prev_hx_q610_171, i11 %prev_hx_q610_170, i11 %prev_hx_q610_169, i11 %prev_hx_q610_168, i11 %prev_hx_q610_167, i11 %prev_hx_q610_166, i11 %prev_hx_q610_165, i11 %prev_hx_q610_164, i11 %prev_hx_q610_163, i11 %prev_hx_q610_162, i11 %prev_hx_q610_161, i11 %prev_hx_q610_160, i11 %prev_hx_q610_159, i11 %prev_hx_q610_158, i11 %prev_hx_q610_157, i11 %prev_hx_q610_156, i11 %prev_hx_q610_155, i11 %prev_hx_q610_154, i11 %prev_hx_q610_153, i11 %prev_hx_q610_152, i11 %prev_hx_q610_151, i11 %prev_hx_q610_150, i11 %prev_hx_q610_149, i11 %prev_hx_q610_148, i11 %prev_hx_q610_147, i11 %prev_hx_q610_146, i11 %prev_hx_q610_145, i11 %prev_hx_q610_144, i11 %prev_hx_q610_143, i11 %prev_hx_q610_142, i11 %prev_hx_q610_141, i11 %prev_hx_q610_140, i11 %prev_hx_q610_139, i11 %prev_hx_q610_138, i11 %prev_hx_q610_137, i11 %prev_hx_q610_136, i11 %prev_hx_q610_135, i11 %prev_hx_q610_134, i11 %prev_hx_q610_133, i11 %prev_hx_q610_132, i11 %prev_hx_q610_131, i11 %prev_hx_q610_130, i11 %prev_hx_q610_129, i11 %prev_hx_q610_128, i11 %prev_hx_q610_127, i11 %prev_hx_q610_126, i11 %prev_hx_q610_125, i11 %prev_hx_q610_124, i11 %prev_hx_q610_123, i11 %prev_hx_q610_122, i11 %prev_hx_q610_121, i11 %prev_hx_q610_120, i11 %prev_hx_q610_119, i11 %prev_hx_q610_118, i11 %prev_hx_q610_117, i11 %prev_hx_q610_116, i11 %prev_hx_q610_115, i11 %prev_hx_q610_114, i11 %prev_hx_q610_113, i11 %prev_hx_q610_112, i11 %prev_hx_q610_111, i11 %prev_hx_q610_110, i11 %prev_hx_q610_109, i11 %prev_hx_q610_108, i11 %prev_hx_q610_107, i11 %prev_hx_q610_106, i11 %prev_hx_q610_105, i11 %prev_hx_q610_104, i11 %prev_hx_q610_103, i11 %prev_hx_q610_102, i11 %prev_hx_q610_101, i11 %prev_hx_q610_100, i11 %prev_hx_q610_99, i11 %prev_hx_q610_98, i11 %prev_hx_q610_97, i11 %prev_hx_q610_96, i11 %prev_hx_q610_95, i11 %prev_hx_q610_94, i11 %prev_hx_q610_93, i11 %prev_hx_q610_92, i11 %prev_hx_q610_91, i11 %prev_hx_q610_90, i11 %prev_hx_q610_89, i11 %prev_hx_q610_88, i11 %prev_hx_q610_87, i11 %prev_hx_q610_86, i11 %prev_hx_q610_85, i11 %prev_hx_q610_84, i11 %prev_hx_q610_83, i11 %prev_hx_q610_82, i11 %prev_hx_q610_81, i11 %prev_hx_q610_80, i11 %prev_hx_q610_79, i11 %prev_hx_q610_78, i11 %prev_hx_q610_77, i11 %prev_hx_q610_76, i11 %prev_hx_q610_75, i11 %prev_hx_q610_74, i11 %prev_hx_q610_73, i11 %prev_hx_q610_72, i11 %prev_hx_q610_71, i11 %prev_hx_q610_70, i11 %prev_hx_q610_69, i11 %prev_hx_q610_68, i11 %prev_hx_q610_67, i11 %prev_hx_q610_66, i11 %prev_hx_q610_65, i11 %prev_hx_q610_64, i11 %prev_hx_q610_63, i11 %prev_hx_q610_62, i11 %prev_hx_q610_61, i11 %prev_hx_q610_60, i11 %prev_hx_q610_59, i11 %prev_hx_q610_58, i11 %prev_hx_q610_57, i11 %prev_hx_q610_56, i11 %prev_hx_q610_55, i11 %prev_hx_q610_54, i11 %prev_hx_q610_53, i11 %prev_hx_q610_52, i11 %prev_hx_q610_51, i11 %prev_hx_q610_50, i11 %prev_hx_q610_49, i11 %prev_hx_q610_48, i11 %prev_hx_q610_47, i11 %prev_hx_q610_46, i11 %prev_hx_q610_45, i11 %prev_hx_q610_44, i11 %prev_hx_q610_43, i11 %prev_hx_q610_42, i11 %prev_hx_q610_41, i11 %prev_hx_q610_40, i11 %prev_hx_q610_39, i11 %prev_hx_q610_38, i11 %prev_hx_q610_37, i11 %prev_hx_q610_36, i11 %prev_hx_q610_35, i11 %prev_hx_q610_34, i11 %prev_hx_q610_33, i11 %prev_hx_q610_32, i11 %prev_hx_q610_31, i11 %prev_hx_q610_30, i11 %prev_hx_q610_29, i11 %prev_hx_q610_28, i11 %prev_hx_q610_27, i11 %prev_hx_q610_26, i11 %prev_hx_q610_25, i11 %prev_hx_q610_24, i11 %prev_hx_q610_23, i11 %prev_hx_q610_22, i11 %prev_hx_q610_21, i11 %prev_hx_q610_20, i11 %prev_hx_q610_19, i11 %prev_hx_q610_18, i11 %prev_hx_q610_17, i11 %prev_hx_q610_16, i11 %prev_hx_q610_15, i11 %prev_hx_q610_14, i11 %prev_hx_q610_13, i11 %prev_hx_q610_12, i11 %prev_hx_q610_11, i11 %prev_hx_q610_10, i11 %prev_hx_q610_9, i11 %prev_hx_q610_8, i11 %prev_hx_q610_7, i11 %prev_hx_q610_6, i11 %prev_hx_q610_5, i11 %prev_hx_q610_4, i11 %prev_hx_q610_3, i11 %prev_hx_q610_2, i10 %sub_ln1932_1, i11 %hx_state_q610_0, i10 %sub_ln1932, i11 %hx_state_q610_1, i10 %sub_ln1933_1, i16 %cx_state_q610_0, i10 %sub_ln1933, i16 %cx_state_q610_1" [H:/subband_ref_q610_opt_stage4_latency_stepL2.cpp:1932]   --->   Operation 24 'call' 'call_ln1932' <Predicate = true> <Delay = 3.25> <CoreType = "Generic">   --->   Core 0 '' <Latency = 0> <II = 1> <Delay = 1.00> <Generic> <Opcode : >
ST_2 : Operation 25 [1/1] (0.00ns)   --->   "%ret_ln1936 = ret" [H:/subband_ref_q610_opt_stage4_latency_stepL2.cpp:1936]   --->   Operation 25 'ret' 'ret_ln1936' <Predicate = true> <Delay = 0.00>


============================================================
+ Verbose Summary: Timing violations
============================================================
Target clock period: 10.000ns, clock uncertainty: 2.700ns.

 <State 1>: 6.716ns
The critical path consists of the following:
	wire read operation ('cx_state_q610_1_offset_read', H:/subband_ref_q610_opt_stage4_latency_stepL2.cpp:1933) on port 'cx_state_q610_1_offset' (H:/subband_ref_q610_opt_stage4_latency_stepL2.cpp:1933) [457]  (0.000 ns)
	'sub' operation 10 bit ('sub_ln1933', H:/subband_ref_q610_opt_stage4_latency_stepL2.cpp:1933) [464]  (1.731 ns)
	'call' operation 0 bit ('call_ln1932', H:/subband_ref_q610_opt_stage4_latency_stepL2.cpp:1932) to '(anonymous namespace)SnapshotGSUStateQ610<2>_Pipeline_VITIS_LOOP_1927_1' [477]  (4.985 ns)

 <State 2>: 3.254ns
The critical path consists of the following:
	'call' operation 0 bit ('call_ln1932', H:/subband_ref_q610_opt_stage4_latency_stepL2.cpp:1932) to '(anonymous namespace)SnapshotGSUStateQ610<2>_Pipeline_VITIS_LOOP_1927_1' [477]  (3.254 ns)


============================================================
+ Verbose Summary: Binding
============================================================
N/A
* FSMD analyzer results:
  - Output states:
 - Input state : 
  - Chain level:
	State 1
	State 2


============================================================
+ Verbose Summary: Datapath Resource usage 
============================================================
N/A
