

================================================================
== Vitis HLS Report for 'p_anonymous_namespace_LoadVectorQ610_40_Pipeline_VITIS_LOOP_1716_1'
================================================================
* Date:           Wed May 13 19:58:21 2026

* Version:        2023.2 (Build 4023990 on Oct 11 2023)
* Project:        subband_q610_zybo_z7_20_hls
* Solution:       solution1 (Vivado IP Flow Target)
* Product family: zynq
* Target device:  xc7z020-clg400-1


================================================================
== Performance Estimates
================================================================
+ Timing: 
    * Summary: 
    +--------+----------+----------+------------+
    |  Clock |  Target  | Estimated| Uncertainty|
    +--------+----------+----------+------------+
    |ap_clk  |  10.00 ns|  7.300 ns|     2.70 ns|
    +--------+----------+----------+------------+

+ Latency: 
    * Summary: 
    +---------+---------+----------+----------+-----+-----+---------+
    |  Latency (cycles) |  Latency (absolute) |  Interval | Pipeline|
    |   min   |   max   |    min   |    max   | min | max |   Type  |
    +---------+---------+----------+----------+-----+-----+---------+
    |       43|       43|  0.430 us|  0.430 us|   43|   43|       no|
    +---------+---------+----------+----------+-----+-----+---------+

    + Detail: 
        * Instance: 
        N/A

        * Loop: 
        +---------------------+---------+---------+----------+-----------+-----------+------+----------+
        |                     |  Latency (cycles) | Iteration|  Initiation Interval  | Trip |          |
        |      Loop Name      |   min   |   max   |  Latency |  achieved |   target  | Count| Pipelined|
        +---------------------+---------+---------+----------+-----------+-----------+------+----------+
        |- VITIS_LOOP_1716_1  |       41|       41|         3|          1|          1|    40|       yes|
        +---------------------+---------+---------+----------+-----------+-----------+------+----------+

============================================================
+ Verbose Summary: Synthesis Manager
============================================================
InlineROM: 1
ExposeGlobal: 0
============================================================
+ Verbose Summary: CDFG Model
============================================================
IsTopModel: 0
ResetActiveHigh: 1
IsCombinational: 0
IsDatapathOnly: 0
HasWiredReturn: 1
HasMFsm: 2
HasVarLatency: 1
IsPipeline: 0
IsRtlPipelined: 0
IsInstanceOverlapped: 0
IsDontTouch: 0
HasImplIP: 0
IsGatedGlobalClock: 0

+ Individual pipeline summary: 
  * Pipeline-0: initiation interval (II) = 1, depth = 3


============================================================
+ Verbose Summary: Schedule
============================================================
* Number of FSM states : 3
* Pipeline : 1
  Pipeline-0 : II = 1, D = 3, States = { 1 2 3 }
* Dataflow Pipeline: 0

* FSM state transitions: 
1 --> 2 
2 --> 3 
3 --> 

* FSM state operations: 

State 1 <SV = 0> <Delay = 5.00>
ST_1 : Operation 6 [1/1] (0.00ns)   --->   "%index = alloca i32 1" [H:/subband_ref_q610_opt_stage4_latency_stepL2.cpp:1716]   --->   Operation 6 'alloca' 'index' <Predicate = true> <Delay = 0.00>
ST_1 : Operation 7 [1/1] (0.00ns)   --->   "%sext_ln1716_read = read i31 @_ssdm_op_Read.ap_auto.i31, i31 %sext_ln1716"   --->   Operation 7 'read' 'sext_ln1716_read' <Predicate = true> <Delay = 0.00>
ST_1 : Operation 8 [1/1] (0.00ns)   --->   "%sext_ln1716_cast = sext i31 %sext_ln1716_read"   --->   Operation 8 'sext' 'sext_ln1716_cast' <Predicate = true> <Delay = 0.00>
ST_1 : Operation 9 [1/1] (0.00ns)   --->   "%specinterface_ln0 = specinterface void @_ssdm_op_SpecInterface, i16 %weights, void @empty_173, i32 0, i32 0, void @empty_25, i32 0, i32 8512, void @empty_177, void @empty_176, void @empty_25, i32 1, i32 1, i32 16, i32 16, void @empty_25, void @empty_25, i32 4294967295, i32 0"   --->   Operation 9 'specinterface' 'specinterface_ln0' <Predicate = true> <Delay = 0.00>
ST_1 : Operation 10 [1/1] (1.58ns)   --->   "%store_ln1716 = store i6 0, i6 %index" [H:/subband_ref_q610_opt_stage4_latency_stepL2.cpp:1716]   --->   Operation 10 'store' 'store_ln1716' <Predicate = true> <Delay = 1.58>
ST_1 : Operation 11 [1/1] (0.00ns)   --->   "%br_ln0 = br void %for.inc"   --->   Operation 11 'br' 'br_ln0' <Predicate = true> <Delay = 0.00>
ST_1 : Operation 12 [1/1] (0.00ns)   --->   "%index_12 = load i6 %index" [H:/subband_ref_q610_opt_stage4_latency_stepL2.cpp:1716]   --->   Operation 12 'load' 'index_12' <Predicate = true> <Delay = 0.00>
ST_1 : Operation 13 [1/1] (1.82ns)   --->   "%icmp_ln1716 = icmp_eq  i6 %index_12, i6 40" [H:/subband_ref_q610_opt_stage4_latency_stepL2.cpp:1716]   --->   Operation 13 'icmp' 'icmp_ln1716' <Predicate = true> <Delay = 1.82> <CoreInst = "Cmp">   --->   Core 9 'Cmp' <Latency = 0> <II = 1> <Delay = 1.82> <FuncUnit> <Opcode : 'icmp'> <InPorts = 2> <OutPorts = 1>
ST_1 : Operation 14 [1/1] (1.82ns)   --->   "%add_ln1716 = add i6 %index_12, i6 1" [H:/subband_ref_q610_opt_stage4_latency_stepL2.cpp:1716]   --->   Operation 14 'add' 'add_ln1716' <Predicate = true> <Delay = 1.82> <CoreInst = "Adder">   --->   Core 1 'Adder' <Latency = 0> <II = 1> <Delay = 1.82> <FuncUnit> <Opcode : 'add' 'sub'> <InPorts = 2> <OutPorts = 1>
ST_1 : Operation 15 [1/1] (0.00ns)   --->   "%br_ln1716 = br i1 %icmp_ln1716, void %for.inc.split, void %for.end.exitStub" [H:/subband_ref_q610_opt_stage4_latency_stepL2.cpp:1716]   --->   Operation 15 'br' 'br_ln1716' <Predicate = true> <Delay = 0.00>
ST_1 : Operation 16 [1/1] (1.58ns)   --->   "%store_ln1716 = store i6 %add_ln1716, i6 %index" [H:/subband_ref_q610_opt_stage4_latency_stepL2.cpp:1716]   --->   Operation 16 'store' 'store_ln1716' <Predicate = (!icmp_ln1716)> <Delay = 1.58>

State 2 <SV = 1> <Delay = 7.30>
ST_2 : Operation 17 [1/1] (0.00ns)   --->   "%weights_addr = getelementptr i16 %weights, i32 %sext_ln1716_cast" [H:/subband_ref_q610_opt_stage4_latency_stepL2.cpp:1716]   --->   Operation 17 'getelementptr' 'weights_addr' <Predicate = true> <Delay = 0.00>
ST_2 : Operation 18 [1/1] (7.30ns)   --->   "%weights_addr_read = read i16 @_ssdm_op_Read.m_axi.p1i16, i16 %weights_addr" [H:/subband_ref_q610_opt_stage4_latency_stepL2.cpp:1718]   --->   Operation 18 'read' 'weights_addr_read' <Predicate = true> <Delay = 7.30> <CoreInst = "m_axi">   --->   Core 113 'm_axi' <Latency = 0> <II = 1> <Delay = 1.00> <Adapter> <Opcode : 'read' 'write' 'readreq' 'writereq' 'writeresp'>
ST_2 : Operation 26 [1/1] (0.00ns)   --->   "%ret_ln0 = ret"   --->   Operation 26 'ret' 'ret_ln0' <Predicate = (icmp_ln1716)> <Delay = 0.00>

State 3 <SV = 2> <Delay = 2.32>
ST_3 : Operation 19 [1/1] (0.00ns)   --->   "%specpipeline_ln1717 = specpipeline void @_ssdm_op_SpecPipeline, i32 1, i32 0, i32 0, i32 0, void @empty_25" [H:/subband_ref_q610_opt_stage4_latency_stepL2.cpp:1717]   --->   Operation 19 'specpipeline' 'specpipeline_ln1717' <Predicate = true> <Delay = 0.00>
ST_3 : Operation 20 [1/1] (0.00ns)   --->   "%speclooptripcount_ln1716 = speclooptripcount void @_ssdm_op_SpecLoopTripCount, i64 40, i64 40, i64 40" [H:/subband_ref_q610_opt_stage4_latency_stepL2.cpp:1716]   --->   Operation 20 'speclooptripcount' 'speclooptripcount_ln1716' <Predicate = true> <Delay = 0.00>
ST_3 : Operation 21 [1/1] (0.00ns)   --->   "%specloopname_ln1716 = specloopname void @_ssdm_op_SpecLoopName, void @empty_207" [H:/subband_ref_q610_opt_stage4_latency_stepL2.cpp:1716]   --->   Operation 21 'specloopname' 'specloopname_ln1716' <Predicate = true> <Delay = 0.00>
ST_3 : Operation 22 [1/1] (0.00ns)   --->   "%zext_ln1718 = zext i6 %index_12" [H:/subband_ref_q610_opt_stage4_latency_stepL2.cpp:1718]   --->   Operation 22 'zext' 'zext_ln1718' <Predicate = true> <Delay = 0.00>
ST_3 : Operation 23 [1/1] (0.00ns)   --->   "%proj_bias_local_addr = getelementptr i16 %proj_bias_local, i32 0, i32 %zext_ln1718" [H:/subband_ref_q610_opt_stage4_latency_stepL2.cpp:1718]   --->   Operation 23 'getelementptr' 'proj_bias_local_addr' <Predicate = true> <Delay = 0.00>
ST_3 : Operation 24 [1/1] (2.32ns)   --->   "%store_ln1718 = store i16 %weights_addr_read, i6 %proj_bias_local_addr" [H:/subband_ref_q610_opt_stage4_latency_stepL2.cpp:1718]   --->   Operation 24 'store' 'store_ln1718' <Predicate = true> <Delay = 2.32> <CoreInst = "RAM">   --->   Core 82 'RAM' <Latency = 1> <II = 1> <Delay = 2.32> <Storage> <Opcode : 'load' 'store'> <Ports = 2> <Width = 16> <Depth = 40> <RAM>
ST_3 : Operation 25 [1/1] (0.00ns)   --->   "%br_ln1716 = br void %for.inc" [H:/subband_ref_q610_opt_stage4_latency_stepL2.cpp:1716]   --->   Operation 25 'br' 'br_ln1716' <Predicate = true> <Delay = 0.00>


============================================================
+ Verbose Summary: Timing violations
============================================================
Target clock period: 10.000ns, clock uncertainty: 2.700ns.

 <State 1>: 5.001ns
The critical path consists of the following:
	'store' operation 0 bit ('store_ln1716', H:/subband_ref_q610_opt_stage4_latency_stepL2.cpp:1716) of constant 0 on local variable 'index', H:/subband_ref_q610_opt_stage4_latency_stepL2.cpp:1716 [8]  (1.588 ns)
	'load' operation 6 bit ('index', H:/subband_ref_q610_opt_stage4_latency_stepL2.cpp:1716) on local variable 'index', H:/subband_ref_q610_opt_stage4_latency_stepL2.cpp:1716 [11]  (0.000 ns)
	'add' operation 6 bit ('add_ln1716', H:/subband_ref_q610_opt_stage4_latency_stepL2.cpp:1716) [13]  (1.825 ns)
	'store' operation 0 bit ('store_ln1716', H:/subband_ref_q610_opt_stage4_latency_stepL2.cpp:1716) of variable 'add_ln1716', H:/subband_ref_q610_opt_stage4_latency_stepL2.cpp:1716 on local variable 'index', H:/subband_ref_q610_opt_stage4_latency_stepL2.cpp:1716 [24]  (1.588 ns)

 <State 2>: 7.300ns
The critical path consists of the following:
	'getelementptr' operation 16 bit ('weights_addr', H:/subband_ref_q610_opt_stage4_latency_stepL2.cpp:1716) [16]  (0.000 ns)
	bus read operation ('weights_addr_read', H:/subband_ref_q610_opt_stage4_latency_stepL2.cpp:1718) on port 'weights' (H:/subband_ref_q610_opt_stage4_latency_stepL2.cpp:1718) [22]  (7.300 ns)

 <State 3>: 2.322ns
The critical path consists of the following:
	'getelementptr' operation 6 bit ('proj_bias_local_addr', H:/subband_ref_q610_opt_stage4_latency_stepL2.cpp:1718) [21]  (0.000 ns)
	'store' operation 0 bit ('store_ln1718', H:/subband_ref_q610_opt_stage4_latency_stepL2.cpp:1718) of variable 'weights_addr_read', H:/subband_ref_q610_opt_stage4_latency_stepL2.cpp:1718 on array 'proj_bias_local' [23]  (2.322 ns)


============================================================
+ Verbose Summary: Binding
============================================================
N/A
* FSMD analyzer results:
  - Output states:
 - Input state : 
  - Chain level:
	State 1
	State 2
	State 3


============================================================
+ Verbose Summary: Datapath Resource usage 
============================================================
N/A
