

================================================================
== Vitis HLS Report for 'p_anonymous_namespace_GenerateBand0SequenceStreamOptimizedQ610_Pipeline_VITIS_LOO'
================================================================
* Date:           Wed May 13 19:58:22 2026

* Version:        2023.2 (Build 4023990 on Oct 11 2023)
* Project:        subband_q610_zybo_z7_20_hls
* Solution:       solution1 (Vivado IP Flow Target)
* Product family: zynq
* Target device:  xc7z020-clg400-1


================================================================
== Performance Estimates
================================================================
+ Timing: 
    * Summary: 
    +--------+----------+----------+------------+
    |  Clock |  Target  | Estimated| Uncertainty|
    +--------+----------+----------+------------+
    |ap_clk  |  10.00 ns|  7.300 ns|     2.70 ns|
    +--------+----------+----------+------------+

+ Latency: 
    * Summary: 
    +---------+---------+----------+----------+-----+-----+---------+
    |  Latency (cycles) |  Latency (absolute) |  Interval | Pipeline|
    |   min   |   max   |    min   |    max   | min | max |   Type  |
    +---------+---------+----------+----------+-----+-----+---------+
    |       18|       18|  0.180 us|  0.180 us|   18|   18|       no|
    +---------+---------+----------+----------+-----+-----+---------+

    + Detail: 
        * Instance: 
        N/A

        * Loop: 
        +---------------------+---------+---------+----------+-----------+-----------+------+----------+
        |                     |  Latency (cycles) | Iteration|  Initiation Interval  | Trip |          |
        |      Loop Name      |   min   |   max   |  Latency |  achieved |   target  | Count| Pipelined|
        +---------------------+---------+---------+----------+-----------+-----------+------+----------+
        |- VITIS_LOOP_1810_4  |       16|       16|        14|          1|          1|     4|       yes|
        +---------------------+---------+---------+----------+-----------+-----------+------+----------+

============================================================
+ Verbose Summary: Synthesis Manager
============================================================
InlineROM: 1
ExposeGlobal: 0
============================================================
+ Verbose Summary: CDFG Model
============================================================
IsTopModel: 0
ResetActiveHigh: 1
IsCombinational: 0
IsDatapathOnly: 0
HasWiredReturn: 1
HasMFsm: 2
HasVarLatency: 1
IsPipeline: 0
IsRtlPipelined: 0
IsInstanceOverlapped: 0
IsDontTouch: 0
HasImplIP: 0
IsGatedGlobalClock: 0

+ Individual pipeline summary: 
  * Pipeline-0: initiation interval (II) = 1, depth = 14


============================================================
+ Verbose Summary: Schedule
============================================================
* Number of FSM states : 14
* Pipeline : 1
  Pipeline-0 : II = 1, D = 14, States = { 1 2 3 4 5 6 7 8 9 10 11 12 13 14 }
* Dataflow Pipeline: 0

* FSM state transitions: 
1 --> 2 
2 --> 3 
3 --> 4 
4 --> 5 
5 --> 6 
6 --> 7 
7 --> 8 
8 --> 9 
9 --> 10 
10 --> 11 
11 --> 12 
12 --> 13 
13 --> 14 
14 --> 

* FSM state operations: 

State 1 <SV = 0> <Delay = 4.82>
ST_1 : Operation 17 [1/1] (0.00ns)   --->   "%fb_freq_index = alloca i32 1" [H:/subband_ref_q610_opt_stage4_latency_stepL2.cpp:1810]   --->   Operation 17 'alloca' 'fb_freq_index' <Predicate = true> <Delay = 0.00>
ST_1 : Operation 18 [1/1] (0.00ns)   --->   "%fb_output_q610_read = read i32 @_ssdm_op_Read.ap_auto.i32, i32 %fb_output_q610"   --->   Operation 18 'read' 'fb_output_q610_read' <Predicate = true> <Delay = 0.00>
ST_1 : Operation 19 [1/1] (0.00ns)   --->   "%zext_ln1798_read = read i12 @_ssdm_op_Read.ap_auto.i12, i12 %zext_ln1798"   --->   Operation 19 'read' 'zext_ln1798_read' <Predicate = true> <Delay = 0.00>
ST_1 : Operation 20 [1/1] (0.00ns)   --->   "%shl_ln_read = read i5 @_ssdm_op_Read.ap_auto.i5, i5 %shl_ln"   --->   Operation 20 'read' 'shl_ln_read' <Predicate = true> <Delay = 0.00>
ST_1 : Operation 21 [1/1] (0.00ns)   --->   "%zext_ln1798_cast = zext i12 %zext_ln1798_read"   --->   Operation 21 'zext' 'zext_ln1798_cast' <Predicate = true> <Delay = 0.00>
ST_1 : Operation 22 [1/1] (0.00ns)   --->   "%specinterface_ln0 = specinterface void @_ssdm_op_SpecInterface, i16 %gmem_in, void @empty_173, i32 0, i32 0, void @empty_25, i32 0, i32 618240, void @empty_175, void @empty_176, void @empty_25, i32 1, i32 1, i32 16, i32 16, void @empty_25, void @empty_25, i32 4294967295, i32 0"   --->   Operation 22 'specinterface' 'specinterface_ln0' <Predicate = true> <Delay = 0.00>
ST_1 : Operation 23 [1/1] (0.00ns)   --->   "%specinterface_ln0 = specinterface void @_ssdm_op_SpecInterface, i16 %sequence_stream, void @empty_199, i32 0, i32 0, void @empty_25, i32 0, i32 0, void @empty_25, void @empty_25, void @empty_25, i32 0, i32 0, i32 0, i32 0, void @empty_25, void @empty_25, i32 4294967295, i32 0"   --->   Operation 23 'specinterface' 'specinterface_ln0' <Predicate = true> <Delay = 0.00>
ST_1 : Operation 24 [1/1] (1.58ns)   --->   "%store_ln1810 = store i3 0, i3 %fb_freq_index" [H:/subband_ref_q610_opt_stage4_latency_stepL2.cpp:1810]   --->   Operation 24 'store' 'store_ln1810' <Predicate = true> <Delay = 1.58>
ST_1 : Operation 25 [1/1] (0.00ns)   --->   "%br_ln0 = br void %for.inc19"   --->   Operation 25 'br' 'br_ln0' <Predicate = true> <Delay = 0.00>
ST_1 : Operation 26 [1/1] (0.00ns)   --->   "%fb_freq_index_1 = load i3 %fb_freq_index" [H:/subband_ref_q610_opt_stage4_latency_stepL2.cpp:1810]   --->   Operation 26 'load' 'fb_freq_index_1' <Predicate = true> <Delay = 0.00>
ST_1 : Operation 27 [1/1] (1.65ns)   --->   "%icmp_ln1810 = icmp_eq  i3 %fb_freq_index_1, i3 4" [H:/subband_ref_q610_opt_stage4_latency_stepL2.cpp:1810]   --->   Operation 27 'icmp' 'icmp_ln1810' <Predicate = true> <Delay = 1.65> <CoreInst = "Cmp">   --->   Core 9 'Cmp' <Latency = 0> <II = 1> <Delay = 1.65> <FuncUnit> <Opcode : 'icmp'> <InPorts = 2> <OutPorts = 1>
ST_1 : Operation 28 [1/1] (1.65ns)   --->   "%add_ln1810 = add i3 %fb_freq_index_1, i3 1" [H:/subband_ref_q610_opt_stage4_latency_stepL2.cpp:1810]   --->   Operation 28 'add' 'add_ln1810' <Predicate = true> <Delay = 1.65> <CoreInst = "Adder">   --->   Core 1 'Adder' <Latency = 0> <II = 1> <Delay = 1.65> <FuncUnit> <Opcode : 'add' 'sub'> <InPorts = 2> <OutPorts = 1>
ST_1 : Operation 29 [1/1] (0.00ns)   --->   "%br_ln1810 = br i1 %icmp_ln1810, void %for.inc19.split, void %for.inc22.exitStub" [H:/subband_ref_q610_opt_stage4_latency_stepL2.cpp:1810]   --->   Operation 29 'br' 'br_ln1810' <Predicate = true> <Delay = 0.00>
ST_1 : Operation 30 [1/1] (0.00ns)   --->   "%zext_ln1810 = zext i3 %fb_freq_index_1" [H:/subband_ref_q610_opt_stage4_latency_stepL2.cpp:1810]   --->   Operation 30 'zext' 'zext_ln1810' <Predicate = (!icmp_ln1810)> <Delay = 0.00>
ST_1 : Operation 31 [1/1] (1.65ns) (grouped into DSP with root node add_ln108_1)   --->   "%add_ln108 = add i5 %shl_ln_read, i5 %zext_ln1810" [H:/subband_ref_q610_opt_stage4_latency_stepL2.cpp:108->H:/subband_ref_q610_opt_stage4_latency_stepL2.cpp:1813]   --->   Operation 31 'add' 'add_ln108' <Predicate = (!icmp_ln1810)> <Delay = 1.65> <CoreInst = "DSP48">   --->   Core 119 'DSP48' <Latency = 3> <II = 1> <Delay = 2.15> <IPBlock> <Opcode : '' 'add' 'sub' 'mul' 'select'> <InPorts = 0> <OutPorts = 1> <Sync> <CReg>
ST_1 : Operation 32 [1/1] (0.00ns) (grouped into DSP with root node add_ln108_1)   --->   "%zext_ln108 = zext i5 %add_ln108" [H:/subband_ref_q610_opt_stage4_latency_stepL2.cpp:108->H:/subband_ref_q610_opt_stage4_latency_stepL2.cpp:1813]   --->   Operation 32 'zext' 'zext_ln108' <Predicate = (!icmp_ln1810)> <Delay = 0.00>
ST_1 : Operation 33 [3/3] (1.05ns) (grouped into DSP with root node add_ln108_1)   --->   "%mul_ln108 = mul i17 %zext_ln108, i17 2415" [H:/subband_ref_q610_opt_stage4_latency_stepL2.cpp:108->H:/subband_ref_q610_opt_stage4_latency_stepL2.cpp:1813]   --->   Operation 33 'mul' 'mul_ln108' <Predicate = (!icmp_ln1810)> <Delay = 1.05> <CoreInst = "DSP48">   --->   Core 119 'DSP48' <Latency = 3> <II = 1> <Delay = 2.15> <IPBlock> <Opcode : '' 'add' 'sub' 'mul' 'select'> <InPorts = 0> <OutPorts = 1> <Sync> <CReg>
ST_1 : Operation 34 [1/1] (1.58ns)   --->   "%store_ln1810 = store i3 %add_ln1810, i3 %fb_freq_index" [H:/subband_ref_q610_opt_stage4_latency_stepL2.cpp:1810]   --->   Operation 34 'store' 'store_ln1810' <Predicate = (!icmp_ln1810)> <Delay = 1.58>

State 2 <SV = 1> <Delay = 1.05>
ST_2 : Operation 35 [2/3] (1.05ns) (grouped into DSP with root node add_ln108_1)   --->   "%mul_ln108 = mul i17 %zext_ln108, i17 2415" [H:/subband_ref_q610_opt_stage4_latency_stepL2.cpp:108->H:/subband_ref_q610_opt_stage4_latency_stepL2.cpp:1813]   --->   Operation 35 'mul' 'mul_ln108' <Predicate = true> <Delay = 1.05> <CoreInst = "DSP48">   --->   Core 119 'DSP48' <Latency = 3> <II = 1> <Delay = 2.15> <IPBlock> <Opcode : '' 'add' 'sub' 'mul' 'select'> <InPorts = 0> <OutPorts = 1> <Sync> <CReg>

State 3 <SV = 2> <Delay = 2.10>
ST_3 : Operation 36 [1/3] (0.00ns) (grouped into DSP with root node add_ln108_1)   --->   "%mul_ln108 = mul i17 %zext_ln108, i17 2415" [H:/subband_ref_q610_opt_stage4_latency_stepL2.cpp:108->H:/subband_ref_q610_opt_stage4_latency_stepL2.cpp:1813]   --->   Operation 36 'mul' 'mul_ln108' <Predicate = true> <Delay = 0.00> <CoreInst = "DSP48">   --->   Core 119 'DSP48' <Latency = 3> <II = 1> <Delay = 2.15> <IPBlock> <Opcode : '' 'add' 'sub' 'mul' 'select'> <InPorts = 0> <OutPorts = 1> <Sync> <CReg>
ST_3 : Operation 37 [2/2] (2.10ns) (root node of the DSP)   --->   "%add_ln108_1 = add i17 %mul_ln108, i17 %zext_ln1798_cast" [H:/subband_ref_q610_opt_stage4_latency_stepL2.cpp:108->H:/subband_ref_q610_opt_stage4_latency_stepL2.cpp:1813]   --->   Operation 37 'add' 'add_ln108_1' <Predicate = true> <Delay = 2.10> <CoreInst = "DSP48">   --->   Core 119 'DSP48' <Latency = 3> <II = 1> <Delay = 2.15> <IPBlock> <Opcode : '' 'add' 'sub' 'mul' 'select'> <InPorts = 0> <OutPorts = 1> <Sync> <CReg>

State 4 <SV = 3> <Delay = 4.65>
ST_4 : Operation 38 [1/2] (2.10ns) (root node of the DSP)   --->   "%add_ln108_1 = add i17 %mul_ln108, i17 %zext_ln1798_cast" [H:/subband_ref_q610_opt_stage4_latency_stepL2.cpp:108->H:/subband_ref_q610_opt_stage4_latency_stepL2.cpp:1813]   --->   Operation 38 'add' 'add_ln108_1' <Predicate = true> <Delay = 2.10> <CoreInst = "DSP48">   --->   Core 119 'DSP48' <Latency = 3> <II = 1> <Delay = 2.15> <IPBlock> <Opcode : '' 'add' 'sub' 'mul' 'select'> <InPorts = 0> <OutPorts = 1> <Sync> <CReg>
ST_4 : Operation 39 [1/1] (0.00ns)   --->   "%shl_ln4 = bitconcatenate i18 @_ssdm_op_BitConcatenate.i18.i17.i1, i17 %add_ln108_1, i1 0" [H:/subband_ref_q610_opt_stage4_latency_stepL2.cpp:1813]   --->   Operation 39 'bitconcatenate' 'shl_ln4' <Predicate = true> <Delay = 0.00>
ST_4 : Operation 40 [1/1] (0.00ns)   --->   "%zext_ln1813 = zext i18 %shl_ln4" [H:/subband_ref_q610_opt_stage4_latency_stepL2.cpp:1813]   --->   Operation 40 'zext' 'zext_ln1813' <Predicate = true> <Delay = 0.00>
ST_4 : Operation 41 [1/1] (2.55ns)   --->   "%add_ln1813 = add i32 %zext_ln1813, i32 %fb_output_q610_read" [H:/subband_ref_q610_opt_stage4_latency_stepL2.cpp:1813]   --->   Operation 41 'add' 'add_ln1813' <Predicate = true> <Delay = 2.55> <CoreInst = "Adder">   --->   Core 1 'Adder' <Latency = 0> <II = 1> <Delay = 2.55> <FuncUnit> <Opcode : 'add' 'sub'> <InPorts = 2> <OutPorts = 1>
ST_4 : Operation 42 [1/1] (0.00ns)   --->   "%trunc_ln = partselect i31 @_ssdm_op_PartSelect.i31.i32.i32.i32, i32 %add_ln1813, i32 1, i32 31" [H:/subband_ref_q610_opt_stage4_latency_stepL2.cpp:1813]   --->   Operation 42 'partselect' 'trunc_ln' <Predicate = true> <Delay = 0.00>
ST_4 : Operation 43 [1/1] (0.00ns)   --->   "%sext_ln1813 = sext i31 %trunc_ln" [H:/subband_ref_q610_opt_stage4_latency_stepL2.cpp:1813]   --->   Operation 43 'sext' 'sext_ln1813' <Predicate = true> <Delay = 0.00>
ST_4 : Operation 44 [1/1] (0.00ns)   --->   "%gmem_in_addr = getelementptr i16 %gmem_in, i32 %sext_ln1813" [H:/subband_ref_q610_opt_stage4_latency_stepL2.cpp:1813]   --->   Operation 44 'getelementptr' 'gmem_in_addr' <Predicate = true> <Delay = 0.00>

State 5 <SV = 4> <Delay = 7.30>
ST_5 : Operation 45 [8/8] (7.30ns)   --->   "%gmem_in_load_1_req = readreq i1 @_ssdm_op_ReadReq.m_axi.i16P1A, i16 %gmem_in_addr, i32 1" [H:/subband_ref_q610_opt_stage4_latency_stepL2.cpp:1813]   --->   Operation 45 'readreq' 'gmem_in_load_1_req' <Predicate = true> <Delay = 7.30> <CoreInst = "m_axi">   --->   Core 113 'm_axi' <Latency = 0> <II = 1> <Delay = 1.00> <Adapter> <Opcode : 'read' 'write' 'readreq' 'writereq' 'writeresp'>

State 6 <SV = 5> <Delay = 7.30>
ST_6 : Operation 46 [7/8] (7.30ns)   --->   "%gmem_in_load_1_req = readreq i1 @_ssdm_op_ReadReq.m_axi.i16P1A, i16 %gmem_in_addr, i32 1" [H:/subband_ref_q610_opt_stage4_latency_stepL2.cpp:1813]   --->   Operation 46 'readreq' 'gmem_in_load_1_req' <Predicate = true> <Delay = 7.30> <CoreInst = "m_axi">   --->   Core 113 'm_axi' <Latency = 0> <II = 1> <Delay = 1.00> <Adapter> <Opcode : 'read' 'write' 'readreq' 'writereq' 'writeresp'>

State 7 <SV = 6> <Delay = 7.30>
ST_7 : Operation 47 [6/8] (7.30ns)   --->   "%gmem_in_load_1_req = readreq i1 @_ssdm_op_ReadReq.m_axi.i16P1A, i16 %gmem_in_addr, i32 1" [H:/subband_ref_q610_opt_stage4_latency_stepL2.cpp:1813]   --->   Operation 47 'readreq' 'gmem_in_load_1_req' <Predicate = true> <Delay = 7.30> <CoreInst = "m_axi">   --->   Core 113 'm_axi' <Latency = 0> <II = 1> <Delay = 1.00> <Adapter> <Opcode : 'read' 'write' 'readreq' 'writereq' 'writeresp'>

State 8 <SV = 7> <Delay = 7.30>
ST_8 : Operation 48 [5/8] (7.30ns)   --->   "%gmem_in_load_1_req = readreq i1 @_ssdm_op_ReadReq.m_axi.i16P1A, i16 %gmem_in_addr, i32 1" [H:/subband_ref_q610_opt_stage4_latency_stepL2.cpp:1813]   --->   Operation 48 'readreq' 'gmem_in_load_1_req' <Predicate = true> <Delay = 7.30> <CoreInst = "m_axi">   --->   Core 113 'm_axi' <Latency = 0> <II = 1> <Delay = 1.00> <Adapter> <Opcode : 'read' 'write' 'readreq' 'writereq' 'writeresp'>

State 9 <SV = 8> <Delay = 7.30>
ST_9 : Operation 49 [4/8] (7.30ns)   --->   "%gmem_in_load_1_req = readreq i1 @_ssdm_op_ReadReq.m_axi.i16P1A, i16 %gmem_in_addr, i32 1" [H:/subband_ref_q610_opt_stage4_latency_stepL2.cpp:1813]   --->   Operation 49 'readreq' 'gmem_in_load_1_req' <Predicate = true> <Delay = 7.30> <CoreInst = "m_axi">   --->   Core 113 'm_axi' <Latency = 0> <II = 1> <Delay = 1.00> <Adapter> <Opcode : 'read' 'write' 'readreq' 'writereq' 'writeresp'>

State 10 <SV = 9> <Delay = 7.30>
ST_10 : Operation 50 [3/8] (7.30ns)   --->   "%gmem_in_load_1_req = readreq i1 @_ssdm_op_ReadReq.m_axi.i16P1A, i16 %gmem_in_addr, i32 1" [H:/subband_ref_q610_opt_stage4_latency_stepL2.cpp:1813]   --->   Operation 50 'readreq' 'gmem_in_load_1_req' <Predicate = true> <Delay = 7.30> <CoreInst = "m_axi">   --->   Core 113 'm_axi' <Latency = 0> <II = 1> <Delay = 1.00> <Adapter> <Opcode : 'read' 'write' 'readreq' 'writereq' 'writeresp'>

State 11 <SV = 10> <Delay = 7.30>
ST_11 : Operation 51 [2/8] (7.30ns)   --->   "%gmem_in_load_1_req = readreq i1 @_ssdm_op_ReadReq.m_axi.i16P1A, i16 %gmem_in_addr, i32 1" [H:/subband_ref_q610_opt_stage4_latency_stepL2.cpp:1813]   --->   Operation 51 'readreq' 'gmem_in_load_1_req' <Predicate = true> <Delay = 7.30> <CoreInst = "m_axi">   --->   Core 113 'm_axi' <Latency = 0> <II = 1> <Delay = 1.00> <Adapter> <Opcode : 'read' 'write' 'readreq' 'writereq' 'writeresp'>

State 12 <SV = 11> <Delay = 7.30>
ST_12 : Operation 52 [1/8] (7.30ns)   --->   "%gmem_in_load_1_req = readreq i1 @_ssdm_op_ReadReq.m_axi.i16P1A, i16 %gmem_in_addr, i32 1" [H:/subband_ref_q610_opt_stage4_latency_stepL2.cpp:1813]   --->   Operation 52 'readreq' 'gmem_in_load_1_req' <Predicate = true> <Delay = 7.30> <CoreInst = "m_axi">   --->   Core 113 'm_axi' <Latency = 0> <II = 1> <Delay = 1.00> <Adapter> <Opcode : 'read' 'write' 'readreq' 'writereq' 'writeresp'>

State 13 <SV = 12> <Delay = 7.30>
ST_13 : Operation 53 [1/1] (7.30ns)   --->   "%gmem_in_addr_read = read i16 @_ssdm_op_Read.m_axi.i16P1A, i16 %gmem_in_addr" [H:/subband_ref_q610_opt_stage4_latency_stepL2.cpp:1813]   --->   Operation 53 'read' 'gmem_in_addr_read' <Predicate = true> <Delay = 7.30> <CoreInst = "m_axi">   --->   Core 113 'm_axi' <Latency = 0> <II = 1> <Delay = 1.00> <Adapter> <Opcode : 'read' 'write' 'readreq' 'writereq' 'writeresp'>
ST_13 : Operation 59 [1/1] (0.00ns)   --->   "%ret_ln0 = ret"   --->   Operation 59 'ret' 'ret_ln0' <Predicate = (icmp_ln1810)> <Delay = 0.00>

State 14 <SV = 13> <Delay = 3.52>
ST_14 : Operation 54 [1/1] (0.00ns)   --->   "%specpipeline_ln1811 = specpipeline void @_ssdm_op_SpecPipeline, i32 1, i32 0, i32 0, i32 0, void @empty_25" [H:/subband_ref_q610_opt_stage4_latency_stepL2.cpp:1811]   --->   Operation 54 'specpipeline' 'specpipeline_ln1811' <Predicate = true> <Delay = 0.00>
ST_14 : Operation 55 [1/1] (0.00ns)   --->   "%speclooptripcount_ln1810 = speclooptripcount void @_ssdm_op_SpecLoopTripCount, i64 4, i64 4, i64 4" [H:/subband_ref_q610_opt_stage4_latency_stepL2.cpp:1810]   --->   Operation 55 'speclooptripcount' 'speclooptripcount_ln1810' <Predicate = true> <Delay = 0.00>
ST_14 : Operation 56 [1/1] (0.00ns)   --->   "%specloopname_ln1810 = specloopname void @_ssdm_op_SpecLoopName, void @empty_209" [H:/subband_ref_q610_opt_stage4_latency_stepL2.cpp:1810]   --->   Operation 56 'specloopname' 'specloopname_ln1810' <Predicate = true> <Delay = 0.00>
ST_14 : Operation 57 [1/1] (3.52ns)   --->   "%write_ln1813 = write void @_ssdm_op_Write.ap_fifo.volatile.i16P0A, i16 %sequence_stream, i16 %gmem_in_addr_read" [H:/subband_ref_q610_opt_stage4_latency_stepL2.cpp:1813]   --->   Operation 57 'write' 'write_ln1813' <Predicate = true> <Delay = 3.52> <CoreInst = "FIFO">   --->   Core 78 'FIFO' <Latency = 0> <II = 1> <Delay = 3.52> <Storage> <Opcode : 'read' 'write' 'nbread' 'nbwrite'> <Ports = 0> <Width = 16> <Depth = 128> <FIFO>
ST_14 : Operation 58 [1/1] (0.00ns)   --->   "%br_ln1810 = br void %for.inc19" [H:/subband_ref_q610_opt_stage4_latency_stepL2.cpp:1810]   --->   Operation 58 'br' 'br_ln1810' <Predicate = true> <Delay = 0.00>


============================================================
+ Verbose Summary: Timing violations
============================================================
Target clock period: 10.000ns, clock uncertainty: 2.700ns.

 <State 1>: 4.826ns
The critical path consists of the following:
	'store' operation 0 bit ('store_ln1810', H:/subband_ref_q610_opt_stage4_latency_stepL2.cpp:1810) of constant 0 on local variable 'fb_freq_index', H:/subband_ref_q610_opt_stage4_latency_stepL2.cpp:1810 [13]  (1.588 ns)
	'load' operation 3 bit ('fb_freq_index', H:/subband_ref_q610_opt_stage4_latency_stepL2.cpp:1810) on local variable 'fb_freq_index', H:/subband_ref_q610_opt_stage4_latency_stepL2.cpp:1810 [16]  (0.000 ns)
	'icmp' operation 1 bit ('icmp_ln1810', H:/subband_ref_q610_opt_stage4_latency_stepL2.cpp:1810) [17]  (1.650 ns)
	'store' operation 0 bit ('store_ln1810', H:/subband_ref_q610_opt_stage4_latency_stepL2.cpp:1810) of variable 'add_ln1810', H:/subband_ref_q610_opt_stage4_latency_stepL2.cpp:1810 on local variable 'fb_freq_index', H:/subband_ref_q610_opt_stage4_latency_stepL2.cpp:1810 [38]  (1.588 ns)

 <State 2>: 1.050ns
The critical path consists of the following:
	'mul' operation 17 bit of DSP[28] ('mul_ln108', H:/subband_ref_q610_opt_stage4_latency_stepL2.cpp:108->H:/subband_ref_q610_opt_stage4_latency_stepL2.cpp:1813) [27]  (1.050 ns)

 <State 3>: 2.100ns
The critical path consists of the following:
	'mul' operation 17 bit of DSP[28] ('mul_ln108', H:/subband_ref_q610_opt_stage4_latency_stepL2.cpp:108->H:/subband_ref_q610_opt_stage4_latency_stepL2.cpp:1813) [27]  (0.000 ns)
	'add' operation 17 bit of DSP[28] ('add_ln108_1', H:/subband_ref_q610_opt_stage4_latency_stepL2.cpp:108->H:/subband_ref_q610_opt_stage4_latency_stepL2.cpp:1813) [28]  (2.100 ns)

 <State 4>: 4.652ns
The critical path consists of the following:
	'add' operation 17 bit of DSP[28] ('add_ln108_1', H:/subband_ref_q610_opt_stage4_latency_stepL2.cpp:108->H:/subband_ref_q610_opt_stage4_latency_stepL2.cpp:1813) [28]  (2.100 ns)
	'add' operation 32 bit ('add_ln1813', H:/subband_ref_q610_opt_stage4_latency_stepL2.cpp:1813) [31]  (2.552 ns)

 <State 5>: 7.300ns
The critical path consists of the following:
	bus request operation ('gmem_in_load_1_req', H:/subband_ref_q610_opt_stage4_latency_stepL2.cpp:1813) on port 'gmem_in' (H:/subband_ref_q610_opt_stage4_latency_stepL2.cpp:1813) [35]  (7.300 ns)

 <State 6>: 7.300ns
The critical path consists of the following:
	bus request operation ('gmem_in_load_1_req', H:/subband_ref_q610_opt_stage4_latency_stepL2.cpp:1813) on port 'gmem_in' (H:/subband_ref_q610_opt_stage4_latency_stepL2.cpp:1813) [35]  (7.300 ns)

 <State 7>: 7.300ns
The critical path consists of the following:
	bus request operation ('gmem_in_load_1_req', H:/subband_ref_q610_opt_stage4_latency_stepL2.cpp:1813) on port 'gmem_in' (H:/subband_ref_q610_opt_stage4_latency_stepL2.cpp:1813) [35]  (7.300 ns)

 <State 8>: 7.300ns
The critical path consists of the following:
	bus request operation ('gmem_in_load_1_req', H:/subband_ref_q610_opt_stage4_latency_stepL2.cpp:1813) on port 'gmem_in' (H:/subband_ref_q610_opt_stage4_latency_stepL2.cpp:1813) [35]  (7.300 ns)

 <State 9>: 7.300ns
The critical path consists of the following:
	bus request operation ('gmem_in_load_1_req', H:/subband_ref_q610_opt_stage4_latency_stepL2.cpp:1813) on port 'gmem_in' (H:/subband_ref_q610_opt_stage4_latency_stepL2.cpp:1813) [35]  (7.300 ns)

 <State 10>: 7.300ns
The critical path consists of the following:
	bus request operation ('gmem_in_load_1_req', H:/subband_ref_q610_opt_stage4_latency_stepL2.cpp:1813) on port 'gmem_in' (H:/subband_ref_q610_opt_stage4_latency_stepL2.cpp:1813) [35]  (7.300 ns)

 <State 11>: 7.300ns
The critical path consists of the following:
	bus request operation ('gmem_in_load_1_req', H:/subband_ref_q610_opt_stage4_latency_stepL2.cpp:1813) on port 'gmem_in' (H:/subband_ref_q610_opt_stage4_latency_stepL2.cpp:1813) [35]  (7.300 ns)

 <State 12>: 7.300ns
The critical path consists of the following:
	bus request operation ('gmem_in_load_1_req', H:/subband_ref_q610_opt_stage4_latency_stepL2.cpp:1813) on port 'gmem_in' (H:/subband_ref_q610_opt_stage4_latency_stepL2.cpp:1813) [35]  (7.300 ns)

 <State 13>: 7.300ns
The critical path consists of the following:
	bus read operation ('gmem_in_addr_read', H:/subband_ref_q610_opt_stage4_latency_stepL2.cpp:1813) on port 'gmem_in' (H:/subband_ref_q610_opt_stage4_latency_stepL2.cpp:1813) [36]  (7.300 ns)

 <State 14>: 3.528ns
The critical path consists of the following:
	fifo write operation ('write_ln1813', H:/subband_ref_q610_opt_stage4_latency_stepL2.cpp:1813) on port 'sequence_stream' (H:/subband_ref_q610_opt_stage4_latency_stepL2.cpp:1813) [37]  (3.528 ns)


============================================================
+ Verbose Summary: Binding
============================================================
N/A
* FSMD analyzer results:
  - Output states:
 - Input state : 
  - Chain level:
	State 1
	State 2
	State 3
	State 4
	State 5
	State 6
	State 7
	State 8
	State 9
	State 10
	State 11
	State 12
	State 13
	State 14


============================================================
+ Verbose Summary: Datapath Resource usage 
============================================================
N/A
