

================================================================
== Vitis HLS Report for 'p_anonymous_namespace_LoadMatrixQ610_2_224_s'
================================================================
* Date:           Wed May 13 19:58:20 2026

* Version:        2023.2 (Build 4023990 on Oct 11 2023)
* Project:        subband_q610_zybo_z7_20_hls
* Solution:       solution1 (Vivado IP Flow Target)
* Product family: zynq
* Target device:  xc7z020-clg400-1


================================================================
== Performance Estimates
================================================================
+ Timing: 
    * Summary: 
    +--------+----------+----------+------------+
    |  Clock |  Target  | Estimated| Uncertainty|
    +--------+----------+----------+------------+
    |ap_clk  |  10.00 ns|  7.300 ns|     2.70 ns|
    +--------+----------+----------+------------+

+ Latency: 
    * Summary: 
    +---------+---------+----------+----------+-----+-----+---------+
    |  Latency (cycles) |  Latency (absolute) |  Interval | Pipeline|
    |   min   |   max   |    min   |    max   | min | max |   Type  |
    +---------+---------+----------+----------+-----+-----+---------+
    |      460|      460|  4.600 us|  4.600 us|  460|  460|       no|
    +---------+---------+----------+----------+-----+-----+---------+

    + Detail: 
        * Instance: 
        +-----------------------------------------------------------------------------------------------+-------------------------------------------------------------------------------------+---------+---------+----------+----------+-----+-----+---------+
        |                                                                                               |                                                                                     |  Latency (cycles) |  Latency (absolute) |  Interval | Pipeline|
        |                                            Instance                                           |                                        Module                                       |   min   |   max   |    min   |    max   | min | max |   Type  |
        +-----------------------------------------------------------------------------------------------+-------------------------------------------------------------------------------------+---------+---------+----------+----------+-----+-----+---------+
        |grp_p_anonymous_namespace_LoadMatrixQ610_Pipeline_VITIS_LOOP_1705_1_VITIS_LOOP_1706_2_3_fu_57  |p_anonymous_namespace_LoadMatrixQ610_Pipeline_VITIS_LOOP_1705_1_VITIS_LOOP_1706_2_3  |      451|      451|  4.510 us|  4.510 us|  451|  451|       no|
        +-----------------------------------------------------------------------------------------------+-------------------------------------------------------------------------------------+---------+---------+----------+----------+-----+-----+---------+

        * Loop: 
        N/A

============================================================
+ Verbose Summary: Synthesis Manager
============================================================
InlineROM: 1
ExposeGlobal: 0
============================================================
+ Verbose Summary: CDFG Model
============================================================
IsTopModel: 0
ResetActiveHigh: 1
IsCombinational: 0
IsDatapathOnly: 0
HasWiredReturn: 1
HasMFsm: 0
HasVarLatency: 1
IsPipeline: 0
IsRtlPipelined: 0
IsInstanceOverlapped: 0
IsDontTouch: 0
HasImplIP: 0
IsGatedGlobalClock: 0


============================================================
+ Verbose Summary: Schedule
============================================================
* Number of FSM states : 10
* Pipeline : 0
* Dataflow Pipeline: 0

* FSM state transitions: 
1 --> 2 
2 --> 3 
3 --> 4 
4 --> 5 
5 --> 6 
6 --> 7 
7 --> 8 
8 --> 9 
9 --> 10 
10 --> 

* FSM state operations: 

State 1 <SV = 0> <Delay = 7.30>
ST_1 : Operation 11 [1/1] (0.00ns)   --->   "%input_read = read i32 @_ssdm_op_Read.ap_auto.i32, i32 %input_r" [H:/subband_ref_q610_opt_stage4_latency_stepL2.cpp:1705]   --->   Operation 11 'read' 'input_read' <Predicate = true> <Delay = 0.00>
ST_1 : Operation 12 [1/1] (0.00ns)   --->   "%trunc_ln = partselect i31 @_ssdm_op_PartSelect.i31.i32.i32.i32, i32 %input_read, i32 1, i32 31" [H:/subband_ref_q610_opt_stage4_latency_stepL2.cpp:1705]   --->   Operation 12 'partselect' 'trunc_ln' <Predicate = true> <Delay = 0.00>
ST_1 : Operation 13 [1/1] (0.00ns)   --->   "%sext_ln1705 = sext i31 %trunc_ln" [H:/subband_ref_q610_opt_stage4_latency_stepL2.cpp:1705]   --->   Operation 13 'sext' 'sext_ln1705' <Predicate = true> <Delay = 0.00>
ST_1 : Operation 14 [1/1] (0.00ns)   --->   "%weights_addr = getelementptr i16 %weights, i32 %sext_ln1705" [H:/subband_ref_q610_opt_stage4_latency_stepL2.cpp:1705]   --->   Operation 14 'getelementptr' 'weights_addr' <Predicate = true> <Delay = 0.00>
ST_1 : Operation 15 [8/8] (7.30ns)   --->   "%empty = readreq i1 @_ssdm_op_ReadReq.m_axi.p1i16, i16 %weights_addr, i32 448" [H:/subband_ref_q610_opt_stage4_latency_stepL2.cpp:1705]   --->   Operation 15 'readreq' 'empty' <Predicate = true> <Delay = 7.30> <CoreInst = "m_axi">   --->   Core 113 'm_axi' <Latency = 0> <II = 1> <Delay = 1.00> <Adapter> <Opcode : 'read' 'write' 'readreq' 'writereq' 'writeresp'>

State 2 <SV = 1> <Delay = 7.30>
ST_2 : Operation 16 [7/8] (7.30ns)   --->   "%empty = readreq i1 @_ssdm_op_ReadReq.m_axi.p1i16, i16 %weights_addr, i32 448" [H:/subband_ref_q610_opt_stage4_latency_stepL2.cpp:1705]   --->   Operation 16 'readreq' 'empty' <Predicate = true> <Delay = 7.30> <CoreInst = "m_axi">   --->   Core 113 'm_axi' <Latency = 0> <II = 1> <Delay = 1.00> <Adapter> <Opcode : 'read' 'write' 'readreq' 'writereq' 'writeresp'>

State 3 <SV = 2> <Delay = 7.30>
ST_3 : Operation 17 [6/8] (7.30ns)   --->   "%empty = readreq i1 @_ssdm_op_ReadReq.m_axi.p1i16, i16 %weights_addr, i32 448" [H:/subband_ref_q610_opt_stage4_latency_stepL2.cpp:1705]   --->   Operation 17 'readreq' 'empty' <Predicate = true> <Delay = 7.30> <CoreInst = "m_axi">   --->   Core 113 'm_axi' <Latency = 0> <II = 1> <Delay = 1.00> <Adapter> <Opcode : 'read' 'write' 'readreq' 'writereq' 'writeresp'>

State 4 <SV = 3> <Delay = 7.30>
ST_4 : Operation 18 [5/8] (7.30ns)   --->   "%empty = readreq i1 @_ssdm_op_ReadReq.m_axi.p1i16, i16 %weights_addr, i32 448" [H:/subband_ref_q610_opt_stage4_latency_stepL2.cpp:1705]   --->   Operation 18 'readreq' 'empty' <Predicate = true> <Delay = 7.30> <CoreInst = "m_axi">   --->   Core 113 'm_axi' <Latency = 0> <II = 1> <Delay = 1.00> <Adapter> <Opcode : 'read' 'write' 'readreq' 'writereq' 'writeresp'>

State 5 <SV = 4> <Delay = 7.30>
ST_5 : Operation 19 [4/8] (7.30ns)   --->   "%empty = readreq i1 @_ssdm_op_ReadReq.m_axi.p1i16, i16 %weights_addr, i32 448" [H:/subband_ref_q610_opt_stage4_latency_stepL2.cpp:1705]   --->   Operation 19 'readreq' 'empty' <Predicate = true> <Delay = 7.30> <CoreInst = "m_axi">   --->   Core 113 'm_axi' <Latency = 0> <II = 1> <Delay = 1.00> <Adapter> <Opcode : 'read' 'write' 'readreq' 'writereq' 'writeresp'>

State 6 <SV = 5> <Delay = 7.30>
ST_6 : Operation 20 [3/8] (7.30ns)   --->   "%empty = readreq i1 @_ssdm_op_ReadReq.m_axi.p1i16, i16 %weights_addr, i32 448" [H:/subband_ref_q610_opt_stage4_latency_stepL2.cpp:1705]   --->   Operation 20 'readreq' 'empty' <Predicate = true> <Delay = 7.30> <CoreInst = "m_axi">   --->   Core 113 'm_axi' <Latency = 0> <II = 1> <Delay = 1.00> <Adapter> <Opcode : 'read' 'write' 'readreq' 'writereq' 'writeresp'>

State 7 <SV = 6> <Delay = 7.30>
ST_7 : Operation 21 [2/8] (7.30ns)   --->   "%empty = readreq i1 @_ssdm_op_ReadReq.m_axi.p1i16, i16 %weights_addr, i32 448" [H:/subband_ref_q610_opt_stage4_latency_stepL2.cpp:1705]   --->   Operation 21 'readreq' 'empty' <Predicate = true> <Delay = 7.30> <CoreInst = "m_axi">   --->   Core 113 'm_axi' <Latency = 0> <II = 1> <Delay = 1.00> <Adapter> <Opcode : 'read' 'write' 'readreq' 'writereq' 'writeresp'>

State 8 <SV = 7> <Delay = 7.30>
ST_8 : Operation 22 [1/8] (7.30ns)   --->   "%empty = readreq i1 @_ssdm_op_ReadReq.m_axi.p1i16, i16 %weights_addr, i32 448" [H:/subband_ref_q610_opt_stage4_latency_stepL2.cpp:1705]   --->   Operation 22 'readreq' 'empty' <Predicate = true> <Delay = 7.30> <CoreInst = "m_axi">   --->   Core 113 'm_axi' <Latency = 0> <II = 1> <Delay = 1.00> <Adapter> <Opcode : 'read' 'write' 'readreq' 'writereq' 'writeresp'>

State 9 <SV = 8> <Delay = 0.00>
ST_9 : Operation 23 [2/2] (0.00ns)   --->   "%call_ln1705 = call void @(anonymous namespace)LoadMatrixQ610_Pipeline_VITIS_LOOP_1705_1_VITIS_LOOP_1706_2.3, i16 %weights, i31 %trunc_ln, i16 %output_1, i16 %output_0" [H:/subband_ref_q610_opt_stage4_latency_stepL2.cpp:1705]   --->   Operation 23 'call' 'call_ln1705' <Predicate = true> <Delay = 0.00> <CoreType = "Generic">   --->   Core 0 '' <Latency = 0> <II = 1> <Delay = 1.00> <Generic> <Opcode : >

State 10 <SV = 9> <Delay = 0.00>
ST_10 : Operation 24 [1/1] (0.00ns)   --->   "%specstablecontent_ln0 = specstablecontent void @_ssdm_op_SpecStableContent, i16 %output_0, void "   --->   Operation 24 'specstablecontent' 'specstablecontent_ln0' <Predicate = true> <Delay = 0.00>
ST_10 : Operation 25 [1/1] (0.00ns)   --->   "%specstablecontent_ln0 = specstablecontent void @_ssdm_op_SpecStableContent, i16 %output_1, void "   --->   Operation 25 'specstablecontent' 'specstablecontent_ln0' <Predicate = true> <Delay = 0.00>
ST_10 : Operation 26 [1/1] (0.00ns)   --->   "%specinterface_ln0 = specinterface void @_ssdm_op_SpecInterface, i16 %weights, void @empty_173, i32 0, i32 0, void @empty_25, i32 0, i32 8512, void @empty_177, void @empty_176, void @empty_25, i32 1, i32 1, i32 16, i32 16, void @empty_25, void @empty_25, i32 4294967295, i32 0"   --->   Operation 26 'specinterface' 'specinterface_ln0' <Predicate = true> <Delay = 0.00>
ST_10 : Operation 27 [1/2] (0.00ns)   --->   "%call_ln1705 = call void @(anonymous namespace)LoadMatrixQ610_Pipeline_VITIS_LOOP_1705_1_VITIS_LOOP_1706_2.3, i16 %weights, i31 %trunc_ln, i16 %output_1, i16 %output_0" [H:/subband_ref_q610_opt_stage4_latency_stepL2.cpp:1705]   --->   Operation 27 'call' 'call_ln1705' <Predicate = true> <Delay = 0.00> <CoreType = "Generic">   --->   Core 0 '' <Latency = 0> <II = 1> <Delay = 1.00> <Generic> <Opcode : >
ST_10 : Operation 28 [1/1] (0.00ns)   --->   "%ret_ln1711 = ret" [H:/subband_ref_q610_opt_stage4_latency_stepL2.cpp:1711]   --->   Operation 28 'ret' 'ret_ln1711' <Predicate = true> <Delay = 0.00>


============================================================
+ Verbose Summary: Binding
============================================================
STG Binding: 
---------------- STG Properties BEGIN ----------------
- Is combinational: 0
- Is one-state seq: 0
- Is datapath-only: 0
- Is pipelined: 0
- Is top level: 0
Port [ Return ] is wired: 1; IO mode=ap_ctrl_hs:ce=0
Port [ weights]:  wired=1; compound=1; hidden=0; nouse=0; global=0; static=0; extern=0; dir=0; type=4; pingpong=0; private_global=0; IO mode=m_axi:ce=0
Port [ input_r]:  wired=1; compound=0; hidden=0; nouse=0; global=0; static=0; extern=0; dir=0; type=0; pingpong=0; private_global=0; IO mode=ap_none:ce=0
Port [ output_0]:  wired=1; compound=1; hidden=0; nouse=0; global=0; static=0; extern=0; dir=1; type=1; pingpong=0; private_global=0; MemPort=[03]; IO mode=ap_memory:ce=0
Port [ output_1]:  wired=1; compound=1; hidden=0; nouse=0; global=0; static=0; extern=0; dir=1; type=1; pingpong=0; private_global=0; MemPort=[03]; IO mode=ap_memory:ce=0
---------------- STG Properties END ------------------

---------------- Datapath Model BEGIN ----------------

<LifeTime>
<method=bitvector/>
input_read            (read             ) [ 00000000000]
trunc_ln              (partselect       ) [ 00111111111]
sext_ln1705           (sext             ) [ 00000000000]
weights_addr          (getelementptr    ) [ 00111111100]
empty                 (readreq          ) [ 00000000000]
specstablecontent_ln0 (specstablecontent) [ 00000000000]
specstablecontent_ln0 (specstablecontent) [ 00000000000]
specinterface_ln0     (specinterface    ) [ 00000000000]
call_ln1705           (call             ) [ 00000000000]
ret_ln1711            (ret              ) [ 00000000000]
</LifeTime>

<model>

<comp_list>
<comp id="0" class="1000" name="weights">
<pin_list>
<pin id="1" dir="1" index="0" bw="1" slack="0"/>
</pin_list>
<bind>
<StgValue><ssdm name="weights"/></StgValue>
</bind>
</comp>

<comp id="2" class="1000" name="input_r">
<pin_list>
<pin id="3" dir="1" index="0" bw="1" slack="0"/>
</pin_list>
<bind>
<StgValue><ssdm name="input_r"/></StgValue>
</bind>
</comp>

<comp id="4" class="1000" name="output_0">
<pin_list>
<pin id="5" dir="1" index="0" bw="1" slack="0"/>
</pin_list>
<bind>
<StgValue><ssdm name="output_0"/><MemPortTyVec>0 3 </MemPortTyVec>
</StgValue>
</bind>
</comp>

<comp id="6" class="1000" name="output_1">
<pin_list>
<pin id="7" dir="1" index="0" bw="1" slack="0"/>
</pin_list>
<bind>
<StgValue><ssdm name="output_1"/><MemPortTyVec>0 3 </MemPortTyVec>
</StgValue>
</bind>
</comp>

<comp id="8" class="1001" name="const_8">
<pin_list>
<pin id="9" dir="1" index="0" bw="1" slack="0"/>
</pin_list>
<bind>
<StgValue><ssdm name="_ssdm_op_Read.ap_auto.i32"/></StgValue>
</bind>
</comp>

<comp id="10" class="1001" name="const_10">
<pin_list>
<pin id="11" dir="1" index="0" bw="1" slack="0"/>
</pin_list>
<bind>
<StgValue><ssdm name="_ssdm_op_PartSelect.i31.i32.i32.i32"/></StgValue>
</bind>
</comp>

<comp id="12" class="1001" name="const_12">
<pin_list>
<pin id="13" dir="1" index="0" bw="1" slack="0"/>
</pin_list>
<bind>
<StgValue><ssdm name=""/></StgValue>
</bind>
</comp>

<comp id="14" class="1001" name="const_14">
<pin_list>
<pin id="15" dir="1" index="0" bw="1" slack="0"/>
</pin_list>
<bind>
<StgValue><ssdm name=""/></StgValue>
</bind>
</comp>

<comp id="16" class="1001" name="const_16">
<pin_list>
<pin id="17" dir="1" index="0" bw="1" slack="0"/>
</pin_list>
<bind>
<StgValue><ssdm name="_ssdm_op_ReadReq.m_axi.p1i16"/></StgValue>
</bind>
</comp>

<comp id="18" class="1001" name="const_18">
<pin_list>
<pin id="19" dir="1" index="0" bw="1" slack="0"/>
</pin_list>
<bind>
<StgValue><ssdm name=""/></StgValue>
</bind>
</comp>

<comp id="20" class="1001" name="const_20">
<pin_list>
<pin id="21" dir="1" index="0" bw="1" slack="0"/>
</pin_list>
<bind>
<StgValue><ssdm name="(anonymous namespace)LoadMatrixQ610_Pipeline_VITIS_LOOP_1705_1_VITIS_LOOP_1706_2.3"/></StgValue>
</bind>
</comp>

<comp id="22" class="1001" name="const_22">
<pin_list>
<pin id="23" dir="1" index="0" bw="1" slack="2147483647"/>
</pin_list>
<bind>
<StgValue><ssdm name="_ssdm_op_SpecStableContent"/></StgValue>
</bind>
</comp>

<comp id="24" class="1001" name="const_24">
<pin_list>
<pin id="25" dir="1" index="0" bw="1" slack="2147483647"/>
</pin_list>
<bind>
<StgValue><ssdm name=""/></StgValue>
</bind>
</comp>

<comp id="26" class="1001" name="const_26">
<pin_list>
<pin id="27" dir="1" index="0" bw="1" slack="2147483647"/>
</pin_list>
<bind>
<StgValue><ssdm name="_ssdm_op_SpecInterface"/></StgValue>
</bind>
</comp>

<comp id="28" class="1001" name="const_28">
<pin_list>
<pin id="29" dir="1" index="0" bw="1" slack="2147483647"/>
</pin_list>
<bind>
<StgValue><ssdm name="empty_173"/></StgValue>
</bind>
</comp>

<comp id="30" class="1001" name="const_30">
<pin_list>
<pin id="31" dir="1" index="0" bw="1" slack="2147483647"/>
</pin_list>
<bind>
<StgValue><ssdm name=""/></StgValue>
</bind>
</comp>

<comp id="32" class="1001" name="const_32">
<pin_list>
<pin id="33" dir="1" index="0" bw="1" slack="2147483647"/>
</pin_list>
<bind>
<StgValue><ssdm name="empty_25"/></StgValue>
</bind>
</comp>

<comp id="34" class="1001" name="const_34">
<pin_list>
<pin id="35" dir="1" index="0" bw="1" slack="2147483647"/>
</pin_list>
<bind>
<StgValue><ssdm name=""/></StgValue>
</bind>
</comp>

<comp id="36" class="1001" name="const_36">
<pin_list>
<pin id="37" dir="1" index="0" bw="1" slack="2147483647"/>
</pin_list>
<bind>
<StgValue><ssdm name="empty_177"/></StgValue>
</bind>
</comp>

<comp id="38" class="1001" name="const_38">
<pin_list>
<pin id="39" dir="1" index="0" bw="1" slack="2147483647"/>
</pin_list>
<bind>
<StgValue><ssdm name="empty_176"/></StgValue>
</bind>
</comp>

<comp id="40" class="1001" name="const_40">
<pin_list>
<pin id="41" dir="1" index="0" bw="1" slack="2147483647"/>
</pin_list>
<bind>
<StgValue><ssdm name=""/></StgValue>
</bind>
</comp>

<comp id="42" class="1001" name="const_42">
<pin_list>
<pin id="43" dir="1" index="0" bw="1" slack="2147483647"/>
</pin_list>
<bind>
<StgValue><ssdm name=""/></StgValue>
</bind>
</comp>

<comp id="44" class="1004" name="input_read_read_fu_44">
<pin_list>
<pin id="45" dir="0" index="0" bw="32" slack="0"/>
<pin id="46" dir="0" index="1" bw="32" slack="0"/>
<pin id="47" dir="1" index="2" bw="32" slack="0"/>
</pin_list>
<bind>
<opcode="read(1150) " fcode="read"/>
<opset="input_read/1 "/>
</bind>
</comp>

<comp id="50" class="1004" name="grp_readreq_fu_50">
<pin_list>
<pin id="51" dir="0" index="0" bw="1" slack="0"/>
<pin id="52" dir="0" index="1" bw="16" slack="0"/>
<pin id="53" dir="0" index="2" bw="10" slack="0"/>
<pin id="54" dir="1" index="3" bw="1" slack="2147483647"/>
</pin_list>
<bind>
<opcode="readreq(1154) " fcode="readreq"/>
<opset="empty/1 "/>
</bind>
</comp>

<comp id="57" class="1004" name="grp_p_anonymous_namespace_LoadMatrixQ610_Pipeline_VITIS_LOOP_1705_1_VITIS_LOOP_1706_2_3_fu_57">
<pin_list>
<pin id="58" dir="0" index="0" bw="0" slack="0"/>
<pin id="59" dir="0" index="1" bw="16" slack="0"/>
<pin id="60" dir="0" index="2" bw="31" slack="8"/>
<pin id="61" dir="0" index="3" bw="16" slack="0"/>
<pin id="62" dir="0" index="4" bw="16" slack="0"/>
<pin id="63" dir="1" index="5" bw="0" slack="2147483647"/>
</pin_list>
<bind>
<opcode="call(48) " fcode="call"/>
<opset="call_ln1705/9 "/>
</bind>
</comp>

<comp id="68" class="1004" name="trunc_ln_fu_68">
<pin_list>
<pin id="69" dir="0" index="0" bw="31" slack="0"/>
<pin id="70" dir="0" index="1" bw="32" slack="0"/>
<pin id="71" dir="0" index="2" bw="1" slack="0"/>
<pin id="72" dir="0" index="3" bw="6" slack="0"/>
<pin id="73" dir="1" index="4" bw="31" slack="0"/>
</pin_list>
<bind>
<opcode="partselect(1002) " fcode="partselect"/>
<opset="trunc_ln/1 "/>
</bind>
</comp>

<comp id="78" class="1004" name="sext_ln1705_fu_78">
<pin_list>
<pin id="79" dir="0" index="0" bw="31" slack="0"/>
<pin id="80" dir="1" index="1" bw="32" slack="0"/>
</pin_list>
<bind>
<opcode="sext(35) " fcode="sext"/>
<opset="sext_ln1705/1 "/>
</bind>
</comp>

<comp id="82" class="1004" name="weights_addr_fu_82">
<pin_list>
<pin id="83" dir="0" index="0" bw="16" slack="0"/>
<pin id="84" dir="0" index="1" bw="31" slack="0"/>
<pin id="85" dir="1" index="2" bw="16" slack="0"/>
</pin_list>
<bind>
<opcode="getelementptr(29) " fcode="getelementptr"/>
<opset="weights_addr/1 "/>
</bind>
</comp>

<comp id="89" class="1005" name="trunc_ln_reg_89">
<pin_list>
<pin id="90" dir="0" index="0" bw="31" slack="8"/>
<pin id="91" dir="1" index="1" bw="31" slack="8"/>
</pin_list>
<bind>
<opset="trunc_ln "/>
</bind>
</comp>

<comp id="94" class="1005" name="weights_addr_reg_94">
<pin_list>
<pin id="95" dir="0" index="0" bw="16" slack="1"/>
<pin id="96" dir="1" index="1" bw="16" slack="1"/>
</pin_list>
<bind>
<opset="weights_addr "/>
</bind>
</comp>

</comp_list>

<net_list>
<net id="48"><net_src comp="8" pin="0"/><net_sink comp="44" pin=0"/></net>

<net id="49"><net_src comp="2" pin="0"/><net_sink comp="44" pin=1"/></net>

<net id="55"><net_src comp="16" pin="0"/><net_sink comp="50" pin=0"/></net>

<net id="56"><net_src comp="18" pin="0"/><net_sink comp="50" pin=2"/></net>

<net id="64"><net_src comp="20" pin="0"/><net_sink comp="57" pin=0"/></net>

<net id="65"><net_src comp="0" pin="0"/><net_sink comp="57" pin=1"/></net>

<net id="66"><net_src comp="6" pin="0"/><net_sink comp="57" pin=3"/></net>

<net id="67"><net_src comp="4" pin="0"/><net_sink comp="57" pin=4"/></net>

<net id="74"><net_src comp="10" pin="0"/><net_sink comp="68" pin=0"/></net>

<net id="75"><net_src comp="44" pin="2"/><net_sink comp="68" pin=1"/></net>

<net id="76"><net_src comp="12" pin="0"/><net_sink comp="68" pin=2"/></net>

<net id="77"><net_src comp="14" pin="0"/><net_sink comp="68" pin=3"/></net>

<net id="81"><net_src comp="68" pin="4"/><net_sink comp="78" pin=0"/></net>

<net id="86"><net_src comp="0" pin="0"/><net_sink comp="82" pin=0"/></net>

<net id="87"><net_src comp="78" pin="1"/><net_sink comp="82" pin=1"/></net>

<net id="88"><net_src comp="82" pin="2"/><net_sink comp="50" pin=1"/></net>

<net id="92"><net_src comp="68" pin="4"/><net_sink comp="89" pin=0"/></net>

<net id="93"><net_src comp="89" pin="1"/><net_sink comp="57" pin=2"/></net>

<net id="97"><net_src comp="82" pin="2"/><net_sink comp="94" pin=0"/></net>

<net id="98"><net_src comp="94" pin="1"/><net_sink comp="50" pin=1"/></net>

</net_list>

</model> 
---------------- Datapath Model END ------------------

* FSMD analyzer results:
  - Output states:
	Port: output_0 | {9 10 }
	Port: output_1 | {9 10 }
 - Input state : 
	Port: (anonymous namespace)LoadMatrixQ610<2, 224> : weights | {1 2 3 4 5 6 7 8 9 10 }
	Port: (anonymous namespace)LoadMatrixQ610<2, 224> : input_r | {1 }
  - Chain level:
	State 1
		sext_ln1705 : 1
		weights_addr : 2
		empty : 3
	State 2
	State 3
	State 4
	State 5
	State 6
	State 7
	State 8
	State 9
	State 10


============================================================
+ Verbose Summary: Datapath Resource usage 
============================================================

* Functional unit list:
|----------|-----------------------------------------------------------------------------------------------|---------|---------|
| Operation|                                        Functional Unit                                        |    FF   |   LUT   |
|----------|-----------------------------------------------------------------------------------------------|---------|---------|
|   call   | grp_p_anonymous_namespace_LoadMatrixQ610_Pipeline_VITIS_LOOP_1705_1_VITIS_LOOP_1706_2_3_fu_57 |    77   |   101   |
|----------|-----------------------------------------------------------------------------------------------|---------|---------|
|   read   |                                     input_read_read_fu_44                                     |    0    |    0    |
|----------|-----------------------------------------------------------------------------------------------|---------|---------|
|  readreq |                                       grp_readreq_fu_50                                       |    0    |    0    |
|----------|-----------------------------------------------------------------------------------------------|---------|---------|
|partselect|                                         trunc_ln_fu_68                                        |    0    |    0    |
|----------|-----------------------------------------------------------------------------------------------|---------|---------|
|   sext   |                                       sext_ln1705_fu_78                                       |    0    |    0    |
|----------|-----------------------------------------------------------------------------------------------|---------|---------|
|   Total  |                                                                                               |    77   |   101   |
|----------|-----------------------------------------------------------------------------------------------|---------|---------|

Memories:
N/A

* Register list:
+-------------------+--------+
|                   |   FF   |
+-------------------+--------+
|  trunc_ln_reg_89  |   31   |
|weights_addr_reg_94|   16   |
+-------------------+--------+
|       Total       |   47   |
+-------------------+--------+

* Multiplexer (MUX) list: 
|-------------------|------|------|------|--------||---------||---------|
|        Comp       |  Pin | Size |  BW  | S x BW ||  Delay  ||   LUT   |
|-------------------|------|------|------|--------||---------||---------|
| grp_readreq_fu_50 |  p1  |   2  |  16  |   32   ||    9    |
|-------------------|------|------|------|--------||---------||---------|
|       Total       |      |      |      |   32   ||  1.588  ||    9    |
|-------------------|------|------|------|--------||---------||---------|



* Summary:
+-----------+--------+--------+--------+
|           |  Delay |   FF   |   LUT  |
+-----------+--------+--------+--------+
|  Function |    -   |   77   |   101  |
|   Memory  |    -   |    -   |    -   |
|Multiplexer|    1   |    -   |    9   |
|  Register |    -   |   47   |    -   |
+-----------+--------+--------+--------+
|   Total   |    1   |   124  |   110  |
+-----------+--------+--------+--------+
