H:\subband_q610_zybo_z7_20_hls\solution1\.autopilot\db\subband_ref_q610_opt_stage4_latency_stepL2.pp.0.cpp:2472:7: warning: Added loop label VITIS_LOOP_1207_1:   [xilinx-label-all-loops]
      for (i = 0; i < __N - 1; ++i) {
      ^~~
      VITIS_LOOP_1207_1: 
H:\subband_q610_zybo_z7_20_hls\solution1\.autopilot\db\subband_ref_q610_opt_stage4_latency_stepL2.pp.0.cpp:2472:7: note: FIX-IT applied suggested code changes
H:\subband_q610_zybo_z7_20_hls\solution1\.autopilot\db\subband_ref_q610_opt_stage4_latency_stepL2.pp.0.cpp:3446:5: warning: Added loop label VITIS_LOOP_676_1:   [xilinx-label-all-loops]
    for (unsigned i = low; i != high; ++i) {
    ^~~
    VITIS_LOOP_676_1: 
H:\subband_q610_zybo_z7_20_hls\solution1\.autopilot\db\subband_ref_q610_opt_stage4_latency_stepL2.pp.0.cpp:3446:5: note: FIX-IT applied suggested code changes
H:\subband_q610_zybo_z7_20_hls\solution1\.autopilot\db\subband_ref_q610_opt_stage4_latency_stepL2.pp.0.cpp:3460:5: warning: Added loop label VITIS_LOOP_690_1:   [xilinx-label-all-loops]
    for (unsigned i = low; i != high; ++i) {
    ^~~
    VITIS_LOOP_690_1: 
H:\subband_q610_zybo_z7_20_hls\solution1\.autopilot\db\subband_ref_q610_opt_stage4_latency_stepL2.pp.0.cpp:3460:5: note: FIX-IT applied suggested code changes
H:\subband_q610_zybo_z7_20_hls\solution1\.autopilot\db\subband_ref_q610_opt_stage4_latency_stepL2.pp.0.cpp:3474:5: warning: Added loop label VITIS_LOOP_704_1:   [xilinx-label-all-loops]
    for (unsigned i = low; i != high; ++i) {
    ^~~
    VITIS_LOOP_704_1: 
H:\subband_q610_zybo_z7_20_hls\solution1\.autopilot\db\subband_ref_q610_opt_stage4_latency_stepL2.pp.0.cpp:3474:5: note: FIX-IT applied suggested code changes
H:\subband_q610_zybo_z7_20_hls\solution1\.autopilot\db\subband_ref_q610_opt_stage4_latency_stepL2.pp.0.cpp:5103:7: warning: Added loop label VITIS_LOOP_1247_1:   [xilinx-label-all-loops]
      for (i = 0; i < __N - 1; ++i) {
      ^~~
      VITIS_LOOP_1247_1: 
H:\subband_q610_zybo_z7_20_hls\solution1\.autopilot\db\subband_ref_q610_opt_stage4_latency_stepL2.pp.0.cpp:5103:7: note: FIX-IT applied suggested code changes
H:\subband_q610_zybo_z7_20_hls\solution1\.autopilot\db\subband_ref_q610_opt_stage4_latency_stepL2.pp.0.cpp:33138:3: warning: Added loop label VITIS_LOOP_67_1:   [xilinx-label-all-loops]
  for (int index = 0; index < N; ++index) {
  ^~~
  VITIS_LOOP_67_1: 
H:\subband_q610_zybo_z7_20_hls\solution1\.autopilot\db\subband_ref_q610_opt_stage4_latency_stepL2.pp.0.cpp:33138:3: note: FIX-IT applied suggested code changes
H:\subband_q610_zybo_z7_20_hls\solution1\.autopilot\db\subband_ref_q610_opt_stage4_latency_stepL2.pp.0.cpp:33146:3: warning: Added loop label VITIS_LOOP_75_1:   [xilinx-label-all-loops]
  for (int index = 0; index < N; ++index) {
  ^~~
  VITIS_LOOP_75_1: 
H:\subband_q610_zybo_z7_20_hls\solution1\.autopilot\db\subband_ref_q610_opt_stage4_latency_stepL2.pp.0.cpp:33146:3: note: FIX-IT applied suggested code changes
H:\subband_q610_zybo_z7_20_hls\solution1\.autopilot\db\subband_ref_q610_opt_stage4_latency_stepL2.pp.0.cpp:33154:3: warning: Added loop label VITIS_LOOP_83_1:   [xilinx-label-all-loops]
  for (int index = 0; index < N; ++index) {
  ^~~
  VITIS_LOOP_83_1: 
H:\subband_q610_zybo_z7_20_hls\solution1\.autopilot\db\subband_ref_q610_opt_stage4_latency_stepL2.pp.0.cpp:33154:3: note: FIX-IT applied suggested code changes
H:\subband_q610_zybo_z7_20_hls\solution1\.autopilot\db\subband_ref_q610_opt_stage4_latency_stepL2.pp.0.cpp:33163:3: warning: Added loop label VITIS_LOOP_92_1:   [xilinx-label-all-loops]
  for (int index = 0; index < vector_size; ++index) {
  ^~~
  VITIS_LOOP_92_1: 
H:\subband_q610_zybo_z7_20_hls\solution1\.autopilot\db\subband_ref_q610_opt_stage4_latency_stepL2.pp.0.cpp:33163:3: note: FIX-IT applied suggested code changes
H:\subband_q610_zybo_z7_20_hls\solution1\.autopilot\db\subband_ref_q610_opt_stage4_latency_stepL2.pp.0.cpp:33172:3: warning: Added loop label VITIS_LOOP_101_1:   [xilinx-label-all-loops]
  for (int index = 0; index < vector_size; ++index) {
  ^~~
  VITIS_LOOP_101_1: 
H:\subband_q610_zybo_z7_20_hls\solution1\.autopilot\db\subband_ref_q610_opt_stage4_latency_stepL2.pp.0.cpp:33172:3: note: FIX-IT applied suggested code changes
H:\subband_q610_zybo_z7_20_hls\solution1\.autopilot\db\subband_ref_q610_opt_stage4_latency_stepL2.pp.0.cpp:33279:3: warning: Added loop label VITIS_LOOP_208_1:   [xilinx-label-all-loops]
  for (int segment = 0; segment < kSigmoidPwlSegmentCount; ++segment) {
  ^~~
  VITIS_LOOP_208_1: 
H:\subband_q610_zybo_z7_20_hls\solution1\.autopilot\db\subband_ref_q610_opt_stage4_latency_stepL2.pp.0.cpp:33279:3: note: FIX-IT applied suggested code changes
H:\subband_q610_zybo_z7_20_hls\solution1\.autopilot\db\subband_ref_q610_opt_stage4_latency_stepL2.pp.0.cpp:33314:3: warning: Added loop label VITIS_LOOP_243_1:   [xilinx-label-all-loops]
  for (int reflect_iter = 0; reflect_iter < (2 * kNumFreqs); ++reflect_iter) {
  ^~~
  VITIS_LOOP_243_1: 
H:\subband_q610_zybo_z7_20_hls\solution1\.autopilot\db\subband_ref_q610_opt_stage4_latency_stepL2.pp.0.cpp:33314:3: note: FIX-IT applied suggested code changes
H:\subband_q610_zybo_z7_20_hls\solution1\.autopilot\db\subband_ref_q610_opt_stage4_latency_stepL2.pp.0.cpp:33374:3: warning: Added loop label VITIS_LOOP_303_1:   [xilinx-label-all-loops]
  for (std::size_t index = 0; index < element_count; ++index) {
  ^~~
  VITIS_LOOP_303_1: 
H:\subband_q610_zybo_z7_20_hls\solution1\.autopilot\db\subband_ref_q610_opt_stage4_latency_stepL2.pp.0.cpp:33374:3: note: FIX-IT applied suggested code changes
H:\subband_q610_zybo_z7_20_hls\solution1\.autopilot\db\subband_ref_q610_opt_stage4_latency_stepL2.pp.0.cpp:33390:3: warning: Added loop label VITIS_LOOP_319_1:   [xilinx-label-all-loops]
  for (int batch_index = 0; batch_index < batch_size; ++batch_index) {
  ^~~
  VITIS_LOOP_319_1: 
H:\subband_q610_zybo_z7_20_hls\solution1\.autopilot\db\subband_ref_q610_opt_stage4_latency_stepL2.pp.0.cpp:33390:3: note: FIX-IT applied suggested code changes
H:\subband_q610_zybo_z7_20_hls\solution1\.autopilot\db\subband_ref_q610_opt_stage4_latency_stepL2.pp.0.cpp:33391:5: warning: Added loop label VITIS_LOOP_320_2:   [xilinx-label-all-loops]
    for (int subband_index = 0; subband_index < spec.num_subbands; ++subband_index) {
    ^~~
    VITIS_LOOP_320_2: 
H:\subband_q610_zybo_z7_20_hls\solution1\.autopilot\db\subband_ref_q610_opt_stage4_latency_stepL2.pp.0.cpp:33391:5: note: FIX-IT applied suggested code changes
H:\subband_q610_zybo_z7_20_hls\solution1\.autopilot\db\subband_ref_q610_opt_stage4_latency_stepL2.pp.0.cpp:33393:7: warning: Added loop label VITIS_LOOP_322_3:   [xilinx-label-all-loops]
      for (int sb_freq_index = 0; sb_freq_index < freq_size; ++sb_freq_index) {
      ^~~
      VITIS_LOOP_322_3: 
H:\subband_q610_zybo_z7_20_hls\solution1\.autopilot\db\subband_ref_q610_opt_stage4_latency_stepL2.pp.0.cpp:33393:7: note: FIX-IT applied suggested code changes
H:\subband_q610_zybo_z7_20_hls\solution1\.autopilot\db\subband_ref_q610_opt_stage4_latency_stepL2.pp.0.cpp:33396:9: warning: Added loop label VITIS_LOOP_325_4:   [xilinx-label-all-loops]
        for (int frame_index = 0; frame_index < num_frames; ++frame_index) {
        ^~~
        VITIS_LOOP_325_4: 
H:\subband_q610_zybo_z7_20_hls\solution1\.autopilot\db\subband_ref_q610_opt_stage4_latency_stepL2.pp.0.cpp:33396:9: note: FIX-IT applied suggested code changes
H:\subband_q610_zybo_z7_20_hls\solution1\.autopilot\db\subband_ref_q610_opt_stage4_latency_stepL2.pp.0.cpp:33421:3: warning: Added loop label VITIS_LOOP_350_1:   [xilinx-label-all-loops]
  for (int batch_index = 0; batch_index < batch_size; ++batch_index) {
  ^~~
  VITIS_LOOP_350_1: 
H:\subband_q610_zybo_z7_20_hls\solution1\.autopilot\db\subband_ref_q610_opt_stage4_latency_stepL2.pp.0.cpp:33421:3: note: FIX-IT applied suggested code changes
H:\subband_q610_zybo_z7_20_hls\solution1\.autopilot\db\subband_ref_q610_opt_stage4_latency_stepL2.pp.0.cpp:33422:5: warning: Added loop label VITIS_LOOP_351_2:   [xilinx-label-all-loops]
    for (int subband_index = 0; subband_index < spec.num_subbands; ++subband_index) {
    ^~~
    VITIS_LOOP_351_2: 
H:\subband_q610_zybo_z7_20_hls\solution1\.autopilot\db\subband_ref_q610_opt_stage4_latency_stepL2.pp.0.cpp:33422:5: note: FIX-IT applied suggested code changes
H:\subband_q610_zybo_z7_20_hls\solution1\.autopilot\db\subband_ref_q610_opt_stage4_latency_stepL2.pp.0.cpp:33423:7: warning: Added loop label VITIS_LOOP_352_3:   [xilinx-label-all-loops]
      for (int freq_index = 0; freq_index < spec.noisy_freq_size; ++freq_index) {
      ^~~
      VITIS_LOOP_352_3: 
H:\subband_q610_zybo_z7_20_hls\solution1\.autopilot\db\subband_ref_q610_opt_stage4_latency_stepL2.pp.0.cpp:33423:7: note: FIX-IT applied suggested code changes
H:\subband_q610_zybo_z7_20_hls\solution1\.autopilot\db\subband_ref_q610_opt_stage4_latency_stepL2.pp.0.cpp:33424:9: warning: Added loop label VITIS_LOOP_353_4:   [xilinx-label-all-loops]
        for (int frame_index = 0; frame_index < num_frames; ++frame_index) {
        ^~~
        VITIS_LOOP_353_4: 
H:\subband_q610_zybo_z7_20_hls\solution1\.autopilot\db\subband_ref_q610_opt_stage4_latency_stepL2.pp.0.cpp:33424:9: note: FIX-IT applied suggested code changes
H:\subband_q610_zybo_z7_20_hls\solution1\.autopilot\db\subband_ref_q610_opt_stage4_latency_stepL2.pp.0.cpp:33445:7: warning: Added loop label VITIS_LOOP_374_5:   [xilinx-label-all-loops]
      for (int freq_index = 0; freq_index < spec.fb_freq_size; ++freq_index) {
      ^~~
      VITIS_LOOP_374_5: 
H:\subband_q610_zybo_z7_20_hls\solution1\.autopilot\db\subband_ref_q610_opt_stage4_latency_stepL2.pp.0.cpp:33445:7: note: FIX-IT applied suggested code changes
H:\subband_q610_zybo_z7_20_hls\solution1\.autopilot\db\subband_ref_q610_opt_stage4_latency_stepL2.pp.0.cpp:33446:9: warning: Added loop label VITIS_LOOP_375_6:   [xilinx-label-all-loops]
        for (int frame_index = 0; frame_index < num_frames; ++frame_index) {
        ^~~
        VITIS_LOOP_375_6: 
H:\subband_q610_zybo_z7_20_hls\solution1\.autopilot\db\subband_ref_q610_opt_stage4_latency_stepL2.pp.0.cpp:33446:9: note: FIX-IT applied suggested code changes
H:\subband_q610_zybo_z7_20_hls\solution1\.autopilot\db\subband_ref_q610_opt_stage4_latency_stepL2.pp.0.cpp:33477:3: warning: Added loop label VITIS_LOOP_406_1:   [xilinx-label-all-loops]
  for (int batch_index = 0; batch_index < batch_size; ++batch_index) {
  ^~~
  VITIS_LOOP_406_1: 
H:\subband_q610_zybo_z7_20_hls\solution1\.autopilot\db\subband_ref_q610_opt_stage4_latency_stepL2.pp.0.cpp:33477:3: note: FIX-IT applied suggested code changes
H:\subband_q610_zybo_z7_20_hls\solution1\.autopilot\db\subband_ref_q610_opt_stage4_latency_stepL2.pp.0.cpp:33478:5: warning: Added loop label VITIS_LOOP_407_2:   [xilinx-label-all-loops]
    for (int subband_index = 0; subband_index < spec.num_subbands; ++subband_index) {
    ^~~
    VITIS_LOOP_407_2: 
H:\subband_q610_zybo_z7_20_hls\solution1\.autopilot\db\subband_ref_q610_opt_stage4_latency_stepL2.pp.0.cpp:33478:5: note: FIX-IT applied suggested code changes
H:\subband_q610_zybo_z7_20_hls\solution1\.autopilot\db\subband_ref_q610_opt_stage4_latency_stepL2.pp.0.cpp:33480:7: warning: Added loop label VITIS_LOOP_409_3:   [xilinx-label-all-loops]
      for (int freq_index = 0; freq_index < spec.packed_input_size; ++freq_index) {
      ^~~
      VITIS_LOOP_409_3: 
H:\subband_q610_zybo_z7_20_hls\solution1\.autopilot\db\subband_ref_q610_opt_stage4_latency_stepL2.pp.0.cpp:33480:7: note: FIX-IT applied suggested code changes
H:\subband_q610_zybo_z7_20_hls\solution1\.autopilot\db\subband_ref_q610_opt_stage4_latency_stepL2.pp.0.cpp:33481:9: warning: Added loop label VITIS_LOOP_410_4:   [xilinx-label-all-loops]
        for (int frame_index = 0; frame_index < num_frames; ++frame_index) {
        ^~~
        VITIS_LOOP_410_4: 
H:\subband_q610_zybo_z7_20_hls\solution1\.autopilot\db\subband_ref_q610_opt_stage4_latency_stepL2.pp.0.cpp:33481:9: note: FIX-IT applied suggested code changes
H:\subband_q610_zybo_z7_20_hls\solution1\.autopilot\db\subband_ref_q610_opt_stage4_latency_stepL2.pp.0.cpp:33508:3: warning: Added loop label VITIS_LOOP_437_1:   [xilinx-label-all-loops]
  for (int sample_index = 0; sample_index < batch_subbands; ++sample_index) {
  ^~~
  VITIS_LOOP_437_1: 
H:\subband_q610_zybo_z7_20_hls\solution1\.autopilot\db\subband_ref_q610_opt_stage4_latency_stepL2.pp.0.cpp:33508:3: note: FIX-IT applied suggested code changes
H:\subband_q610_zybo_z7_20_hls\solution1\.autopilot\db\subband_ref_q610_opt_stage4_latency_stepL2.pp.0.cpp:33509:5: warning: Added loop label VITIS_LOOP_438_2:   [xilinx-label-all-loops]
    for (int feature_index = 0; feature_index < feature_size; ++feature_index) {
    ^~~
    VITIS_LOOP_438_2: 
H:\subband_q610_zybo_z7_20_hls\solution1\.autopilot\db\subband_ref_q610_opt_stage4_latency_stepL2.pp.0.cpp:33509:5: note: FIX-IT applied suggested code changes
H:\subband_q610_zybo_z7_20_hls\solution1\.autopilot\db\subband_ref_q610_opt_stage4_latency_stepL2.pp.0.cpp:33510:7: warning: Added loop label VITIS_LOOP_439_3:   [xilinx-label-all-loops]
      for (int frame_index = 0; frame_index < num_frames; ++frame_index) {
      ^~~
      VITIS_LOOP_439_3: 
H:\subband_q610_zybo_z7_20_hls\solution1\.autopilot\db\subband_ref_q610_opt_stage4_latency_stepL2.pp.0.cpp:33510:7: note: FIX-IT applied suggested code changes
H:\subband_q610_zybo_z7_20_hls\solution1\.autopilot\db\subband_ref_q610_opt_stage4_latency_stepL2.pp.0.cpp:33529:3: warning: Added loop label VITIS_LOOP_458_1:   [xilinx-label-all-loops]
  for (int batch_index = 0; batch_index < batch_size; ++batch_index) {
  ^~~
  VITIS_LOOP_458_1: 
H:\subband_q610_zybo_z7_20_hls\solution1\.autopilot\db\subband_ref_q610_opt_stage4_latency_stepL2.pp.0.cpp:33529:3: note: FIX-IT applied suggested code changes
H:\subband_q610_zybo_z7_20_hls\solution1\.autopilot\db\subband_ref_q610_opt_stage4_latency_stepL2.pp.0.cpp:33530:5: warning: Added loop label VITIS_LOOP_459_2:   [xilinx-label-all-loops]
    for (int subband_index = 0; subband_index < spec.num_subbands; ++subband_index) {
    ^~~
    VITIS_LOOP_459_2: 
H:\subband_q610_zybo_z7_20_hls\solution1\.autopilot\db\subband_ref_q610_opt_stage4_latency_stepL2.pp.0.cpp:33530:5: note: FIX-IT applied suggested code changes
H:\subband_q610_zybo_z7_20_hls\solution1\.autopilot\db\subband_ref_q610_opt_stage4_latency_stepL2.pp.0.cpp:33532:7: warning: Added loop label VITIS_LOOP_461_3:   [xilinx-label-all-loops]
      for (int feature_index = 0; feature_index < spec.packed_input_size; ++feature_index) {
      ^~~
      VITIS_LOOP_461_3: 
H:\subband_q610_zybo_z7_20_hls\solution1\.autopilot\db\subband_ref_q610_opt_stage4_latency_stepL2.pp.0.cpp:33532:7: note: FIX-IT applied suggested code changes
H:\subband_q610_zybo_z7_20_hls\solution1\.autopilot\db\subband_ref_q610_opt_stage4_latency_stepL2.pp.0.cpp:33533:9: warning: Added loop label VITIS_LOOP_462_4:   [xilinx-label-all-loops]
        for (int frame_index = 0; frame_index < num_frames; ++frame_index) {
        ^~~
        VITIS_LOOP_462_4: 
H:\subband_q610_zybo_z7_20_hls\solution1\.autopilot\db\subband_ref_q610_opt_stage4_latency_stepL2.pp.0.cpp:33533:9: note: FIX-IT applied suggested code changes
H:\subband_q610_zybo_z7_20_hls\solution1\.autopilot\db\subband_ref_q610_opt_stage4_latency_stepL2.pp.0.cpp:33572:3: warning: Added loop label VITIS_LOOP_501_1:   [xilinx-label-all-loops]
  for (int hidden_index = 0; hidden_index < kSbHiddenSize; ++hidden_index) {
  ^~~
  VITIS_LOOP_501_1: 
H:\subband_q610_zybo_z7_20_hls\solution1\.autopilot\db\subband_ref_q610_opt_stage4_latency_stepL2.pp.0.cpp:33572:3: note: FIX-IT applied suggested code changes
H:\subband_q610_zybo_z7_20_hls\solution1\.autopilot\db\subband_ref_q610_opt_stage4_latency_stepL2.pp.0.cpp:33578:3: warning: Added loop label VITIS_LOOP_507_2:   [xilinx-label-all-loops]
  for (int hidden_index = 0; hidden_index < kSbHiddenSize; ++hidden_index) {
  ^~~
  VITIS_LOOP_507_2: 
H:\subband_q610_zybo_z7_20_hls\solution1\.autopilot\db\subband_ref_q610_opt_stage4_latency_stepL2.pp.0.cpp:33578:3: note: FIX-IT applied suggested code changes
H:\subband_q610_zybo_z7_20_hls\solution1\.autopilot\db\subband_ref_q610_opt_stage4_latency_stepL2.pp.0.cpp:33584:5: warning: Added loop label VITIS_LOOP_513_3:   [xilinx-label-all-loops]
    for (int input_index = 0; input_index < input_size; input_index += 2) {
    ^~~
    VITIS_LOOP_513_3: 
H:\subband_q610_zybo_z7_20_hls\solution1\.autopilot\db\subband_ref_q610_opt_stage4_latency_stepL2.pp.0.cpp:33584:5: note: FIX-IT applied suggested code changes
H:\subband_q610_zybo_z7_20_hls\solution1\.autopilot\db\subband_ref_q610_opt_stage4_latency_stepL2.pp.0.cpp:33596:5: warning: Added loop label VITIS_LOOP_525_4:   [xilinx-label-all-loops]
    for (int recurrent_index = 0; recurrent_index < kSbHiddenSize; recurrent_index += 2) {
    ^~~
    VITIS_LOOP_525_4: 
H:\subband_q610_zybo_z7_20_hls\solution1\.autopilot\db\subband_ref_q610_opt_stage4_latency_stepL2.pp.0.cpp:33596:5: note: FIX-IT applied suggested code changes
H:\subband_q610_zybo_z7_20_hls\solution1\.autopilot\db\subband_ref_q610_opt_stage4_latency_stepL2.pp.0.cpp:33646:3: warning: Added loop label VITIS_LOOP_575_1:   [xilinx-label-all-loops]
  for (int frame_index = 0; frame_index < num_frames; ++frame_index) {
  ^~~
  VITIS_LOOP_575_1: 
H:\subband_q610_zybo_z7_20_hls\solution1\.autopilot\db\subband_ref_q610_opt_stage4_latency_stepL2.pp.0.cpp:33646:3: note: FIX-IT applied suggested code changes
H:\subband_q610_zybo_z7_20_hls\solution1\.autopilot\db\subband_ref_q610_opt_stage4_latency_stepL2.pp.0.cpp:33647:5: warning: Added loop label VITIS_LOOP_576_2:   [xilinx-label-all-loops]
    for (int sample_index = 0; sample_index < batch_subbands; ++sample_index) {
    ^~~
    VITIS_LOOP_576_2: 
H:\subband_q610_zybo_z7_20_hls\solution1\.autopilot\db\subband_ref_q610_opt_stage4_latency_stepL2.pp.0.cpp:33647:5: note: FIX-IT applied suggested code changes
H:\subband_q610_zybo_z7_20_hls\solution1\.autopilot\db\subband_ref_q610_opt_stage4_latency_stepL2.pp.0.cpp:33717:3: warning: Added loop label VITIS_LOOP_646_1:   [xilinx-label-all-loops]
  for (int frame_index = 0; frame_index < num_frames; ++frame_index) {
  ^~~
  VITIS_LOOP_646_1: 
H:\subband_q610_zybo_z7_20_hls\solution1\.autopilot\db\subband_ref_q610_opt_stage4_latency_stepL2.pp.0.cpp:33717:3: note: FIX-IT applied suggested code changes
H:\subband_q610_zybo_z7_20_hls\solution1\.autopilot\db\subband_ref_q610_opt_stage4_latency_stepL2.pp.0.cpp:33718:5: warning: Added loop label VITIS_LOOP_647_2:   [xilinx-label-all-loops]
    for (int batch_index = 0; batch_index < batch_size; ++batch_index) {
    ^~~
    VITIS_LOOP_647_2: 
H:\subband_q610_zybo_z7_20_hls\solution1\.autopilot\db\subband_ref_q610_opt_stage4_latency_stepL2.pp.0.cpp:33718:5: note: FIX-IT applied suggested code changes
H:\subband_q610_zybo_z7_20_hls\solution1\.autopilot\db\subband_ref_q610_opt_stage4_latency_stepL2.pp.0.cpp:33719:7: warning: Added loop label VITIS_LOOP_648_3:   [xilinx-label-all-loops]
      for (int subband_index = 0; subband_index < spec.num_subbands; ++subband_index) {
      ^~~
      VITIS_LOOP_648_3: 
H:\subband_q610_zybo_z7_20_hls\solution1\.autopilot\db\subband_ref_q610_opt_stage4_latency_stepL2.pp.0.cpp:33719:7: note: FIX-IT applied suggested code changes
H:\subband_q610_zybo_z7_20_hls\solution1\.autopilot\db\subband_ref_q610_opt_stage4_latency_stepL2.pp.0.cpp:33724:9: warning: Added loop label VITIS_LOOP_653_4:   [xilinx-label-all-loops]
        for (int feature_index = 0; feature_index < spec.packed_input_size; ++feature_index) {
        ^~~
        VITIS_LOOP_653_4: 
H:\subband_q610_zybo_z7_20_hls\solution1\.autopilot\db\subband_ref_q610_opt_stage4_latency_stepL2.pp.0.cpp:33724:9: note: FIX-IT applied suggested code changes
H:\subband_q610_zybo_z7_20_hls\solution1\.autopilot\db\subband_ref_q610_opt_stage4_latency_stepL2.pp.0.cpp:33743:9: warning: Added loop label VITIS_LOOP_672_5:   [xilinx-label-all-loops]
        for (int hidden_index = 0; hidden_index < kSbHiddenSize; ++hidden_index) {
        ^~~
        VITIS_LOOP_672_5: 
H:\subband_q610_zybo_z7_20_hls\solution1\.autopilot\db\subband_ref_q610_opt_stage4_latency_stepL2.pp.0.cpp:33743:9: note: FIX-IT applied suggested code changes
H:\subband_q610_zybo_z7_20_hls\solution1\.autopilot\db\subband_ref_q610_opt_stage4_latency_stepL2.pp.0.cpp:33755:9: warning: Added loop label VITIS_LOOP_684_6:   [xilinx-label-all-loops]
        for (int hidden_index = 0; hidden_index < kSbHiddenSize; ++hidden_index) {
        ^~~
        VITIS_LOOP_684_6: 
H:\subband_q610_zybo_z7_20_hls\solution1\.autopilot\db\subband_ref_q610_opt_stage4_latency_stepL2.pp.0.cpp:33755:9: note: FIX-IT applied suggested code changes
H:\subband_q610_zybo_z7_20_hls\solution1\.autopilot\db\subband_ref_q610_opt_stage4_latency_stepL2.pp.0.cpp:33775:3: warning: Added loop label VITIS_LOOP_704_1:   [xilinx-label-all-loops]
  for (int frame_index = 0; frame_index < num_frames; ++frame_index) {
  ^~~
  VITIS_LOOP_704_1: 
H:\subband_q610_zybo_z7_20_hls\solution1\.autopilot\db\subband_ref_q610_opt_stage4_latency_stepL2.pp.0.cpp:33775:3: note: FIX-IT applied suggested code changes
H:\subband_q610_zybo_z7_20_hls\solution1\.autopilot\db\subband_ref_q610_opt_stage4_latency_stepL2.pp.0.cpp:33776:5: warning: Added loop label VITIS_LOOP_705_2:   [xilinx-label-all-loops]
    for (int sample_index = 0; sample_index < batch_subbands; ++sample_index) {
    ^~~
    VITIS_LOOP_705_2: 
H:\subband_q610_zybo_z7_20_hls\solution1\.autopilot\db\subband_ref_q610_opt_stage4_latency_stepL2.pp.0.cpp:33776:5: note: FIX-IT applied suggested code changes
H:\subband_q610_zybo_z7_20_hls\solution1\.autopilot\db\subband_ref_q610_opt_stage4_latency_stepL2.pp.0.cpp:33779:7: warning: Added loop label VITIS_LOOP_708_3:   [xilinx-label-all-loops]
      for (int proj_index = 0; proj_index < proj_size; ++proj_index) {
      ^~~
      VITIS_LOOP_708_3: 
H:\subband_q610_zybo_z7_20_hls\solution1\.autopilot\db\subband_ref_q610_opt_stage4_latency_stepL2.pp.0.cpp:33779:7: note: FIX-IT applied suggested code changes
H:\subband_q610_zybo_z7_20_hls\solution1\.autopilot\db\subband_ref_q610_opt_stage4_latency_stepL2.pp.0.cpp:33784:9: warning: Added loop label VITIS_LOOP_713_4:   [xilinx-label-all-loops]
        for (int hidden_index = 0; hidden_index < kSbHiddenSize; ++hidden_index) {
        ^~~
        VITIS_LOOP_713_4: 
H:\subband_q610_zybo_z7_20_hls\solution1\.autopilot\db\subband_ref_q610_opt_stage4_latency_stepL2.pp.0.cpp:33784:9: note: FIX-IT applied suggested code changes
H:\subband_q610_zybo_z7_20_hls\solution1\.autopilot\db\subband_ref_q610_opt_stage4_latency_stepL2.pp.0.cpp:33806:3: warning: Added loop label VITIS_LOOP_735_1:   [xilinx-label-all-loops]
  for (int batch_index = 0; batch_index < batch_size; ++batch_index) {
  ^~~
  VITIS_LOOP_735_1: 
H:\subband_q610_zybo_z7_20_hls\solution1\.autopilot\db\subband_ref_q610_opt_stage4_latency_stepL2.pp.0.cpp:33806:3: note: FIX-IT applied suggested code changes
H:\subband_q610_zybo_z7_20_hls\solution1\.autopilot\db\subband_ref_q610_opt_stage4_latency_stepL2.pp.0.cpp:33807:5: warning: Added loop label VITIS_LOOP_736_2:   [xilinx-label-all-loops]
    for (int subband_index = 0; subband_index < spec.num_subbands; ++subband_index) {
    ^~~
    VITIS_LOOP_736_2: 
H:\subband_q610_zybo_z7_20_hls\solution1\.autopilot\db\subband_ref_q610_opt_stage4_latency_stepL2.pp.0.cpp:33807:5: note: FIX-IT applied suggested code changes
H:\subband_q610_zybo_z7_20_hls\solution1\.autopilot\db\subband_ref_q610_opt_stage4_latency_stepL2.pp.0.cpp:33809:7: warning: Added loop label VITIS_LOOP_738_3:   [xilinx-label-all-loops]
      for (int complex_index = 0; complex_index < 2; ++complex_index) {
      ^~~
      VITIS_LOOP_738_3: 
H:\subband_q610_zybo_z7_20_hls\solution1\.autopilot\db\subband_ref_q610_opt_stage4_latency_stepL2.pp.0.cpp:33809:7: note: FIX-IT applied suggested code changes
H:\subband_q610_zybo_z7_20_hls\solution1\.autopilot\db\subband_ref_q610_opt_stage4_latency_stepL2.pp.0.cpp:33810:9: warning: Added loop label VITIS_LOOP_739_4:   [xilinx-label-all-loops]
        for (int ctr_index = 0; ctr_index < spec.ctr_freq; ++ctr_index) {
        ^~~
        VITIS_LOOP_739_4: 
H:\subband_q610_zybo_z7_20_hls\solution1\.autopilot\db\subband_ref_q610_opt_stage4_latency_stepL2.pp.0.cpp:33810:9: note: FIX-IT applied suggested code changes
H:\subband_q610_zybo_z7_20_hls\solution1\.autopilot\db\subband_ref_q610_opt_stage4_latency_stepL2.pp.0.cpp:33811:11: warning: Added loop label VITIS_LOOP_740_5:   [xilinx-label-all-loops]
          for (int df_index = 0; df_index < spec.df_order; ++df_index) {
          ^~~
          VITIS_LOOP_740_5: 
H:\subband_q610_zybo_z7_20_hls\solution1\.autopilot\db\subband_ref_q610_opt_stage4_latency_stepL2.pp.0.cpp:33811:11: note: FIX-IT applied suggested code changes
H:\subband_q610_zybo_z7_20_hls\solution1\.autopilot\db\subband_ref_q610_opt_stage4_latency_stepL2.pp.0.cpp:33814:13: warning: Added loop label VITIS_LOOP_743_6:   [xilinx-label-all-loops]
            for (int frame_index = 0; frame_index < num_frames; ++frame_index) {
            ^~~
            VITIS_LOOP_743_6: 
H:\subband_q610_zybo_z7_20_hls\solution1\.autopilot\db\subband_ref_q610_opt_stage4_latency_stepL2.pp.0.cpp:33814:13: note: FIX-IT applied suggested code changes
H:\subband_q610_zybo_z7_20_hls\solution1\.autopilot\db\subband_ref_q610_opt_stage4_latency_stepL2.pp.0.cpp:33848:3: warning: Added loop label VITIS_LOOP_777_1:   [xilinx-label-all-loops]
  for (int frame_index = 0; frame_index < kFixedNumFrames; ++frame_index) {
  ^~~
  VITIS_LOOP_777_1: 
H:\subband_q610_zybo_z7_20_hls\solution1\.autopilot\db\subband_ref_q610_opt_stage4_latency_stepL2.pp.0.cpp:33848:3: note: FIX-IT applied suggested code changes
H:\subband_q610_zybo_z7_20_hls\solution1\.autopilot\db\subband_ref_q610_opt_stage4_latency_stepL2.pp.0.cpp:33850:2: warning: Added loop label VITIS_LOOP_779_2:   [xilinx-label-all-loops]
 for (int subband_index = 0; subband_index < kBand0NumSubbands; ++subband_index) {
 ^~~
 VITIS_LOOP_779_2: 
H:\subband_q610_zybo_z7_20_hls\solution1\.autopilot\db\subband_ref_q610_opt_stage4_latency_stepL2.pp.0.cpp:33850:2: note: FIX-IT applied suggested code changes
H:\subband_q610_zybo_z7_20_hls\solution1\.autopilot\db\subband_ref_q610_opt_stage4_latency_stepL2.pp.0.cpp:33852:7: warning: Added loop label VITIS_LOOP_781_3:   [xilinx-label-all-loops]
      for (int noisy_freq_index = 0; noisy_freq_index < kBand0NoisyFreqSize; ++noisy_freq_index) {
      ^~~
      VITIS_LOOP_781_3: 
H:\subband_q610_zybo_z7_20_hls\solution1\.autopilot\db\subband_ref_q610_opt_stage4_latency_stepL2.pp.0.cpp:33852:7: note: FIX-IT applied suggested code changes
H:\subband_q610_zybo_z7_20_hls\solution1\.autopilot\db\subband_ref_q610_opt_stage4_latency_stepL2.pp.0.cpp:33860:7: warning: Added loop label VITIS_LOOP_789_4:   [xilinx-label-all-loops]
      for (int fb_freq_index = 0; fb_freq_index < kBand0FbFreqSize; ++fb_freq_index) {
      ^~~
      VITIS_LOOP_789_4: 
H:\subband_q610_zybo_z7_20_hls\solution1\.autopilot\db\subband_ref_q610_opt_stage4_latency_stepL2.pp.0.cpp:33860:7: note: FIX-IT applied suggested code changes
H:\subband_q610_zybo_z7_20_hls\solution1\.autopilot\db\subband_ref_q610_opt_stage4_latency_stepL2.pp.0.cpp:33886:3: warning: Added loop label VITIS_LOOP_815_1:   [xilinx-label-all-loops]
  for (int frame_index = 0; frame_index < num_frames; ++frame_index) {
  ^~~
  VITIS_LOOP_815_1: 
H:\subband_q610_zybo_z7_20_hls\solution1\.autopilot\db\subband_ref_q610_opt_stage4_latency_stepL2.pp.0.cpp:33886:3: note: FIX-IT applied suggested code changes
H:\subband_q610_zybo_z7_20_hls\solution1\.autopilot\db\subband_ref_q610_opt_stage4_latency_stepL2.pp.0.cpp:33888:2: warning: Added loop label VITIS_LOOP_817_2:   [xilinx-label-all-loops]
 for (int sample_index = 0; sample_index < batch_subbands; ++sample_index) {
 ^~~
 VITIS_LOOP_817_2: 
H:\subband_q610_zybo_z7_20_hls\solution1\.autopilot\db\subband_ref_q610_opt_stage4_latency_stepL2.pp.0.cpp:33888:2: note: FIX-IT applied suggested code changes
H:\subband_q610_zybo_z7_20_hls\solution1\.autopilot\db\subband_ref_q610_opt_stage4_latency_stepL2.pp.0.cpp:33917:3: warning: Added loop label VITIS_LOOP_846_1:   [xilinx-label-all-loops]
  for (int frame_index = 0; frame_index < num_frames; ++frame_index) {
  ^~~
  VITIS_LOOP_846_1: 
H:\subband_q610_zybo_z7_20_hls\solution1\.autopilot\db\subband_ref_q610_opt_stage4_latency_stepL2.pp.0.cpp:33917:3: note: FIX-IT applied suggested code changes
H:\subband_q610_zybo_z7_20_hls\solution1\.autopilot\db\subband_ref_q610_opt_stage4_latency_stepL2.pp.0.cpp:33919:2: warning: Added loop label VITIS_LOOP_848_2:   [xilinx-label-all-loops]
 for (int sample_index = 0; sample_index < batch_subbands; ++sample_index) {
 ^~~
 VITIS_LOOP_848_2: 
H:\subband_q610_zybo_z7_20_hls\solution1\.autopilot\db\subband_ref_q610_opt_stage4_latency_stepL2.pp.0.cpp:33919:2: note: FIX-IT applied suggested code changes
H:\subband_q610_zybo_z7_20_hls\solution1\.autopilot\db\subband_ref_q610_opt_stage4_latency_stepL2.pp.0.cpp:33921:7: warning: Added loop label VITIS_LOOP_850_3:   [xilinx-label-all-loops]
      for (int proj_index = 0; proj_index < proj_size; ++proj_index) {
      ^~~
      VITIS_LOOP_850_3: 
H:\subband_q610_zybo_z7_20_hls\solution1\.autopilot\db\subband_ref_q610_opt_stage4_latency_stepL2.pp.0.cpp:33921:7: note: FIX-IT applied suggested code changes
H:\subband_q610_zybo_z7_20_hls\solution1\.autopilot\db\subband_ref_q610_opt_stage4_latency_stepL2.pp.0.cpp:33925:9: warning: Added loop label VITIS_LOOP_854_4:   [xilinx-label-all-loops]
        for (int hidden_index = 0; hidden_index < kSbHiddenSize; ++hidden_index) {
        ^~~
        VITIS_LOOP_854_4: 
H:\subband_q610_zybo_z7_20_hls\solution1\.autopilot\db\subband_ref_q610_opt_stage4_latency_stepL2.pp.0.cpp:33925:9: note: FIX-IT applied suggested code changes
H:\subband_q610_zybo_z7_20_hls\solution1\.autopilot\db\subband_ref_q610_opt_stage4_latency_stepL2.pp.0.cpp:33937:2: warning: Added loop label VITIS_LOOP_866_1:   [xilinx-label-all-loops]
 for (int frame_index = 0; frame_index < kFixedNumFrames; ++frame_index) {
 ^~~
 VITIS_LOOP_866_1: 
H:\subband_q610_zybo_z7_20_hls\solution1\.autopilot\db\subband_ref_q610_opt_stage4_latency_stepL2.pp.0.cpp:33937:2: note: FIX-IT applied suggested code changes
H:\subband_q610_zybo_z7_20_hls\solution1\.autopilot\db\subband_ref_q610_opt_stage4_latency_stepL2.pp.0.cpp:33939:2: warning: Added loop label VITIS_LOOP_868_2:   [xilinx-label-all-loops]
 for (int subband_index = 0; subband_index < kBand0NumSubbands; ++subband_index) {
 ^~~
 VITIS_LOOP_868_2: 
H:\subband_q610_zybo_z7_20_hls\solution1\.autopilot\db\subband_ref_q610_opt_stage4_latency_stepL2.pp.0.cpp:33939:2: note: FIX-IT applied suggested code changes
H:\subband_q610_zybo_z7_20_hls\solution1\.autopilot\db\subband_ref_q610_opt_stage4_latency_stepL2.pp.0.cpp:33940:7: warning: Added loop label VITIS_LOOP_869_3:   [xilinx-label-all-loops]
      for (int feature_index = 0; feature_index < kBand0ProjSize; ++feature_index) {
      ^~~
      VITIS_LOOP_869_3: 
H:\subband_q610_zybo_z7_20_hls\solution1\.autopilot\db\subband_ref_q610_opt_stage4_latency_stepL2.pp.0.cpp:33940:7: note: FIX-IT applied suggested code changes
H:\subband_q610_zybo_z7_20_hls\solution1\.autopilot\db\subband_ref_q610_opt_stage4_latency_stepL2.pp.0.cpp:34376:3: warning: Added loop label VITIS_LOOP_1305_1:   [xilinx-label-all-loops]
  for (int hidden_index = 0; hidden_index < kSbHiddenSize; ++hidden_index) {
  ^~~
  VITIS_LOOP_1305_1: 
H:\subband_q610_zybo_z7_20_hls\solution1\.autopilot\db\subband_ref_q610_opt_stage4_latency_stepL2.pp.0.cpp:34376:3: note: FIX-IT applied suggested code changes
H:\subband_q610_zybo_z7_20_hls\solution1\.autopilot\db\subband_ref_q610_opt_stage4_latency_stepL2.pp.0.cpp:34381:3: warning: Added loop label VITIS_LOOP_1310_2:   [xilinx-label-all-loops]
  for (int hidden_index = 0; hidden_index < kSbHiddenSize; ++hidden_index) {
  ^~~
  VITIS_LOOP_1310_2: 
H:\subband_q610_zybo_z7_20_hls\solution1\.autopilot\db\subband_ref_q610_opt_stage4_latency_stepL2.pp.0.cpp:34381:3: note: FIX-IT applied suggested code changes
H:\subband_q610_zybo_z7_20_hls\solution1\.autopilot\db\subband_ref_q610_opt_stage4_latency_stepL2.pp.0.cpp:34387:5: warning: Added loop label VITIS_LOOP_1316_3:   [xilinx-label-all-loops]
    for (int input_index = 0; input_index < input_size; input_index += 2) {
    ^~~
    VITIS_LOOP_1316_3: 
H:\subband_q610_zybo_z7_20_hls\solution1\.autopilot\db\subband_ref_q610_opt_stage4_latency_stepL2.pp.0.cpp:34387:5: note: FIX-IT applied suggested code changes
H:\subband_q610_zybo_z7_20_hls\solution1\.autopilot\db\subband_ref_q610_opt_stage4_latency_stepL2.pp.0.cpp:34399:5: warning: Added loop label VITIS_LOOP_1328_4:   [xilinx-label-all-loops]
    for (int recurrent_index = 0; recurrent_index < kSbHiddenSize; recurrent_index += 2) {
    ^~~
    VITIS_LOOP_1328_4: 
H:\subband_q610_zybo_z7_20_hls\solution1\.autopilot\db\subband_ref_q610_opt_stage4_latency_stepL2.pp.0.cpp:34399:5: note: FIX-IT applied suggested code changes
H:\subband_q610_zybo_z7_20_hls\solution1\.autopilot\db\subband_ref_q610_opt_stage4_latency_stepL2.pp.0.cpp:34449:3: warning: Added loop label VITIS_LOOP_1378_1:   [xilinx-label-all-loops]
  for (int frame_index = 0; frame_index < num_frames; ++frame_index) {
  ^~~
  VITIS_LOOP_1378_1: 
H:\subband_q610_zybo_z7_20_hls\solution1\.autopilot\db\subband_ref_q610_opt_stage4_latency_stepL2.pp.0.cpp:34449:3: note: FIX-IT applied suggested code changes
H:\subband_q610_zybo_z7_20_hls\solution1\.autopilot\db\subband_ref_q610_opt_stage4_latency_stepL2.pp.0.cpp:34450:5: warning: Added loop label VITIS_LOOP_1379_2:   [xilinx-label-all-loops]
    for (int sample_index = 0; sample_index < batch_subbands; ++sample_index) {
    ^~~
    VITIS_LOOP_1379_2: 
H:\subband_q610_zybo_z7_20_hls\solution1\.autopilot\db\subband_ref_q610_opt_stage4_latency_stepL2.pp.0.cpp:34450:5: note: FIX-IT applied suggested code changes
H:\subband_q610_zybo_z7_20_hls\solution1\.autopilot\db\subband_ref_q610_opt_stage4_latency_stepL2.pp.0.cpp:34476:3: warning: Added loop label VITIS_LOOP_1405_1:   [xilinx-label-all-loops]
  for (int frame_index = 0; frame_index < num_frames; ++frame_index) {
  ^~~
  VITIS_LOOP_1405_1: 
H:\subband_q610_zybo_z7_20_hls\solution1\.autopilot\db\subband_ref_q610_opt_stage4_latency_stepL2.pp.0.cpp:34476:3: note: FIX-IT applied suggested code changes
H:\subband_q610_zybo_z7_20_hls\solution1\.autopilot\db\subband_ref_q610_opt_stage4_latency_stepL2.pp.0.cpp:34477:5: warning: Added loop label VITIS_LOOP_1406_2:   [xilinx-label-all-loops]
    for (int sample_index = 0; sample_index < batch_subbands; ++sample_index) {
    ^~~
    VITIS_LOOP_1406_2: 
H:\subband_q610_zybo_z7_20_hls\solution1\.autopilot\db\subband_ref_q610_opt_stage4_latency_stepL2.pp.0.cpp:34477:5: note: FIX-IT applied suggested code changes
H:\subband_q610_zybo_z7_20_hls\solution1\.autopilot\db\subband_ref_q610_opt_stage4_latency_stepL2.pp.0.cpp:34480:7: warning: Added loop label VITIS_LOOP_1409_3:   [xilinx-label-all-loops]
      for (int proj_index = 0; proj_index < kBand0ProjSize; ++proj_index) {
      ^~~
      VITIS_LOOP_1409_3: 
H:\subband_q610_zybo_z7_20_hls\solution1\.autopilot\db\subband_ref_q610_opt_stage4_latency_stepL2.pp.0.cpp:34480:7: note: FIX-IT applied suggested code changes
H:\subband_q610_zybo_z7_20_hls\solution1\.autopilot\db\subband_ref_q610_opt_stage4_latency_stepL2.pp.0.cpp:34484:9: warning: Added loop label VITIS_LOOP_1413_4:   [xilinx-label-all-loops]
        for (int hidden_index = 0; hidden_index < kSbHiddenSize; ++hidden_index) {
        ^~~
        VITIS_LOOP_1413_4: 
H:\subband_q610_zybo_z7_20_hls\solution1\.autopilot\db\subband_ref_q610_opt_stage4_latency_stepL2.pp.0.cpp:34484:9: note: FIX-IT applied suggested code changes
H:\subband_q610_zybo_z7_20_hls\solution1\.autopilot\db\subband_ref_q610_opt_stage4_latency_stepL2.pp.0.cpp:34506:3: warning: Added loop label VITIS_LOOP_1435_1:   [xilinx-label-all-loops]
  for (int frame_index = 0; frame_index < num_frames; ++frame_index) {
  ^~~
  VITIS_LOOP_1435_1: 
H:\subband_q610_zybo_z7_20_hls\solution1\.autopilot\db\subband_ref_q610_opt_stage4_latency_stepL2.pp.0.cpp:34506:3: note: FIX-IT applied suggested code changes
H:\subband_q610_zybo_z7_20_hls\solution1\.autopilot\db\subband_ref_q610_opt_stage4_latency_stepL2.pp.0.cpp:34507:5: warning: Added loop label VITIS_LOOP_1436_2:   [xilinx-label-all-loops]
    for (int sample_index = 0; sample_index < batch_subbands; ++sample_index) {
    ^~~
    VITIS_LOOP_1436_2: 
H:\subband_q610_zybo_z7_20_hls\solution1\.autopilot\db\subband_ref_q610_opt_stage4_latency_stepL2.pp.0.cpp:34507:5: note: FIX-IT applied suggested code changes
H:\subband_q610_zybo_z7_20_hls\solution1\.autopilot\db\subband_ref_q610_opt_stage4_latency_stepL2.pp.0.cpp:34511:7: warning: Added loop label VITIS_LOOP_1440_3:   [xilinx-label-all-loops]
      for (int proj_index = 0; proj_index < kBand0ProjSize; ++proj_index) {
      ^~~
      VITIS_LOOP_1440_3: 
H:\subband_q610_zybo_z7_20_hls\solution1\.autopilot\db\subband_ref_q610_opt_stage4_latency_stepL2.pp.0.cpp:34511:7: note: FIX-IT applied suggested code changes
H:\subband_q610_zybo_z7_20_hls\solution1\.autopilot\db\subband_ref_q610_opt_stage4_latency_stepL2.pp.0.cpp:34515:9: warning: Added loop label VITIS_LOOP_1444_4:   [xilinx-label-all-loops]
        for (int hidden_index = 0; hidden_index < kSbHiddenSize; ++hidden_index) {
        ^~~
        VITIS_LOOP_1444_4: 
H:\subband_q610_zybo_z7_20_hls\solution1\.autopilot\db\subband_ref_q610_opt_stage4_latency_stepL2.pp.0.cpp:34515:9: note: FIX-IT applied suggested code changes
H:\subband_q610_zybo_z7_20_hls\solution1\.autopilot\db\subband_ref_q610_opt_stage4_latency_stepL2.pp.0.cpp:34594:3: warning: Added loop label VITIS_LOOP_1523_1:   [xilinx-label-all-loops]
  for (int frame_index = 0; frame_index < num_frames; ++frame_index) {
  ^~~
  VITIS_LOOP_1523_1: 
H:\subband_q610_zybo_z7_20_hls\solution1\.autopilot\db\subband_ref_q610_opt_stage4_latency_stepL2.pp.0.cpp:34594:3: note: FIX-IT applied suggested code changes
H:\subband_q610_zybo_z7_20_hls\solution1\.autopilot\db\subband_ref_q610_opt_stage4_latency_stepL2.pp.0.cpp:34595:5: warning: Added loop label VITIS_LOOP_1524_2:   [xilinx-label-all-loops]
    for (int subband_index = 0; subband_index < spec.num_subbands; ++subband_index) {
    ^~~
    VITIS_LOOP_1524_2: 
H:\subband_q610_zybo_z7_20_hls\solution1\.autopilot\db\subband_ref_q610_opt_stage4_latency_stepL2.pp.0.cpp:34595:5: note: FIX-IT applied suggested code changes
H:\subband_q610_zybo_z7_20_hls\solution1\.autopilot\db\subband_ref_q610_opt_stage4_latency_stepL2.pp.0.cpp:34599:7: warning: Added loop label VITIS_LOOP_1528_3:   [xilinx-label-all-loops]
      for (int noisy_freq_index = 0; noisy_freq_index < spec.noisy_freq_size; ++noisy_freq_index) {
      ^~~
      VITIS_LOOP_1528_3: 
H:\subband_q610_zybo_z7_20_hls\solution1\.autopilot\db\subband_ref_q610_opt_stage4_latency_stepL2.pp.0.cpp:34599:7: note: FIX-IT applied suggested code changes
H:\subband_q610_zybo_z7_20_hls\solution1\.autopilot\db\subband_ref_q610_opt_stage4_latency_stepL2.pp.0.cpp:34605:7: warning: Added loop label VITIS_LOOP_1534_4:   [xilinx-label-all-loops]
      for (int fb_freq_index = 0; fb_freq_index < spec.fb_freq_size; ++fb_freq_index) {
      ^~~
      VITIS_LOOP_1534_4: 
H:\subband_q610_zybo_z7_20_hls\solution1\.autopilot\db\subband_ref_q610_opt_stage4_latency_stepL2.pp.0.cpp:34605:7: note: FIX-IT applied suggested code changes
H:\subband_q610_zybo_z7_20_hls\solution1\.autopilot\db\subband_ref_q610_opt_stage4_latency_stepL2.pp.0.cpp:34635:7: warning: Added loop label VITIS_LOOP_1564_5:   [xilinx-label-all-loops]
      for (int proj_index = 0; proj_index < kBand0ProjSize; ++proj_index) {
      ^~~
      VITIS_LOOP_1564_5: 
H:\subband_q610_zybo_z7_20_hls\solution1\.autopilot\db\subband_ref_q610_opt_stage4_latency_stepL2.pp.0.cpp:34635:7: note: FIX-IT applied suggested code changes
H:\subband_q610_zybo_z7_20_hls\solution1\.autopilot\db\subband_ref_q610_opt_stage4_latency_stepL2.pp.0.cpp:34639:9: warning: Added loop label VITIS_LOOP_1568_6:   [xilinx-label-all-loops]
        for (int hidden_index = 0; hidden_index < kSbHiddenSize; ++hidden_index) {
        ^~~
        VITIS_LOOP_1568_6: 
H:\subband_q610_zybo_z7_20_hls\solution1\.autopilot\db\subband_ref_q610_opt_stage4_latency_stepL2.pp.0.cpp:34639:9: note: FIX-IT applied suggested code changes
H:\subband_q610_zybo_z7_20_hls\solution1\.autopilot\db\subband_ref_q610_opt_stage4_latency_stepL2.pp.0.cpp:34695:9: error: Invalid Directive: for current device, mul + dsp is invalid combination for bind_op [clang-diagnostic-error]
#pragma HLS bind_op variable=product_q20 op=mul impl=dsp latency=2
        ^
H:\subband_q610_zybo_z7_20_hls\solution1\.autopilot\db\subband_ref_q610_opt_stage4_latency_stepL2.pp.0.cpp:34703:9: error: Invalid Directive: for current device, mul + fabric is invalid combination for bind_op [clang-diagnostic-error]
#pragma HLS bind_op variable=product_q20 op=mul impl=fabric
        ^
H:\subband_q610_zybo_z7_20_hls\solution1\.autopilot\db\subband_ref_q610_opt_stage4_latency_stepL2.pp.0.cpp:34711:9: error: Invalid Directive: for current device, mul + dsp is invalid combination for bind_op [clang-diagnostic-error]
#pragma HLS bind_op variable=product_q20 op=mul impl=dsp latency=2
        ^
H:\subband_q610_zybo_z7_20_hls\solution1\.autopilot\db\subband_ref_q610_opt_stage4_latency_stepL2.pp.0.cpp:34765:9: error: Invalid Directive: for current device, mul + fabric is invalid combination for bind_op [clang-diagnostic-error]
#pragma HLS bind_op variable=interp_product_q610 op=mul impl=fabric
        ^
H:\subband_q610_zybo_z7_20_hls\solution1\.autopilot\db\subband_ref_q610_opt_stage4_latency_stepL2.pp.0.cpp:34776:2: warning: Added loop label VITIS_LOOP_1705_1:   [xilinx-label-all-loops]
 for (int row = 0; row < Rows; ++row) {
 ^~~
 VITIS_LOOP_1705_1: 
H:\subband_q610_zybo_z7_20_hls\solution1\.autopilot\db\subband_ref_q610_opt_stage4_latency_stepL2.pp.0.cpp:34776:2: note: FIX-IT applied suggested code changes
H:\subband_q610_zybo_z7_20_hls\solution1\.autopilot\db\subband_ref_q610_opt_stage4_latency_stepL2.pp.0.cpp:34777:5: warning: Added loop label VITIS_LOOP_1706_2:   [xilinx-label-all-loops]
    for (int col = 0; col < Cols; ++col) {
    ^~~
    VITIS_LOOP_1706_2: 
H:\subband_q610_zybo_z7_20_hls\solution1\.autopilot\db\subband_ref_q610_opt_stage4_latency_stepL2.pp.0.cpp:34777:5: note: FIX-IT applied suggested code changes
H:\subband_q610_zybo_z7_20_hls\solution1\.autopilot\db\subband_ref_q610_opt_stage4_latency_stepL2.pp.0.cpp:34787:2: warning: Added loop label VITIS_LOOP_1716_1:   [xilinx-label-all-loops]
 for (int index = 0; index < N; ++index) {
 ^~~
 VITIS_LOOP_1716_1: 
H:\subband_q610_zybo_z7_20_hls\solution1\.autopilot\db\subband_ref_q610_opt_stage4_latency_stepL2.pp.0.cpp:34787:2: note: FIX-IT applied suggested code changes
H:\subband_q610_zybo_z7_20_hls\solution1\.autopilot\db\subband_ref_q610_opt_stage4_latency_stepL2.pp.0.cpp:34836:2: warning: Added loop label VITIS_LOOP_1765_1:   [xilinx-label-all-loops]
 for (int index = 0; index < N; ++index) {
 ^~~
 VITIS_LOOP_1765_1: 
H:\subband_q610_zybo_z7_20_hls\solution1\.autopilot\db\subband_ref_q610_opt_stage4_latency_stepL2.pp.0.cpp:34836:2: note: FIX-IT applied suggested code changes
H:\subband_q610_zybo_z7_20_hls\solution1\.autopilot\db\subband_ref_q610_opt_stage4_latency_stepL2.pp.0.cpp:34845:2: warning: Added loop label VITIS_LOOP_1774_1:   [xilinx-label-all-loops]
 for (int index = 0; index < N; ++index) {
 ^~~
 VITIS_LOOP_1774_1: 
H:\subband_q610_zybo_z7_20_hls\solution1\.autopilot\db\subband_ref_q610_opt_stage4_latency_stepL2.pp.0.cpp:34845:2: note: FIX-IT applied suggested code changes
H:\subband_q610_zybo_z7_20_hls\solution1\.autopilot\db\subband_ref_q610_opt_stage4_latency_stepL2.pp.0.cpp:34854:2: warning: Added loop label VITIS_LOOP_1783_1:   [xilinx-label-all-loops]
 for (int subband_index = 0; subband_index < kBand0NumSubbands; ++subband_index) {
 ^~~
 VITIS_LOOP_1783_1: 
H:\subband_q610_zybo_z7_20_hls\solution1\.autopilot\db\subband_ref_q610_opt_stage4_latency_stepL2.pp.0.cpp:34854:2: note: FIX-IT applied suggested code changes
H:\subband_q610_zybo_z7_20_hls\solution1\.autopilot\db\subband_ref_q610_opt_stage4_latency_stepL2.pp.0.cpp:34855:5: warning: Added loop label VITIS_LOOP_1784_2:   [xilinx-label-all-loops]
    for (int hidden_index = 0; hidden_index < N; ++hidden_index) {
    ^~~
    VITIS_LOOP_1784_2: 
H:\subband_q610_zybo_z7_20_hls\solution1\.autopilot\db\subband_ref_q610_opt_stage4_latency_stepL2.pp.0.cpp:34855:5: note: FIX-IT applied suggested code changes
H:\subband_q610_zybo_z7_20_hls\solution1\.autopilot\db\subband_ref_q610_opt_stage4_latency_stepL2.pp.0.cpp:34869:3: warning: Added loop label VITIS_LOOP_1798_1:   [xilinx-label-all-loops]
  for (int frame_index = 0; frame_index < kFixedNumFrames; ++frame_index) {
  ^~~
  VITIS_LOOP_1798_1: 
H:\subband_q610_zybo_z7_20_hls\solution1\.autopilot\db\subband_ref_q610_opt_stage4_latency_stepL2.pp.0.cpp:34869:3: note: FIX-IT applied suggested code changes
H:\subband_q610_zybo_z7_20_hls\solution1\.autopilot\db\subband_ref_q610_opt_stage4_latency_stepL2.pp.0.cpp:34871:2: warning: Added loop label VITIS_LOOP_1800_2:   [xilinx-label-all-loops]
 for (int subband_index = 0; subband_index < kBand0NumSubbands; ++subband_index) {
 ^~~
 VITIS_LOOP_1800_2: 
H:\subband_q610_zybo_z7_20_hls\solution1\.autopilot\db\subband_ref_q610_opt_stage4_latency_stepL2.pp.0.cpp:34871:2: note: FIX-IT applied suggested code changes
H:\subband_q610_zybo_z7_20_hls\solution1\.autopilot\db\subband_ref_q610_opt_stage4_latency_stepL2.pp.0.cpp:34873:7: warning: Added loop label VITIS_LOOP_1802_3:   [xilinx-label-all-loops]
      for (int noisy_freq_index = 0; noisy_freq_index < kBand0NoisyFreqSize; ++noisy_freq_index) {
      ^~~
      VITIS_LOOP_1802_3: 
H:\subband_q610_zybo_z7_20_hls\solution1\.autopilot\db\subband_ref_q610_opt_stage4_latency_stepL2.pp.0.cpp:34873:7: note: FIX-IT applied suggested code changes
H:\subband_q610_zybo_z7_20_hls\solution1\.autopilot\db\subband_ref_q610_opt_stage4_latency_stepL2.pp.0.cpp:34881:7: warning: Added loop label VITIS_LOOP_1810_4:   [xilinx-label-all-loops]
      for (int fb_freq_index = 0; fb_freq_index < kBand0FbFreqSize; ++fb_freq_index) {
      ^~~
      VITIS_LOOP_1810_4: 
H:\subband_q610_zybo_z7_20_hls\solution1\.autopilot\db\subband_ref_q610_opt_stage4_latency_stepL2.pp.0.cpp:34881:7: note: FIX-IT applied suggested code changes
H:\subband_q610_zybo_z7_20_hls\solution1\.autopilot\db\subband_ref_q610_opt_stage4_latency_stepL2.pp.0.cpp:34899:2: warning: Added loop label VITIS_LOOP_1828_1:   [xilinx-label-all-loops]
 for (int lane = 0; lane < Par; ++lane) {
 ^~~
 VITIS_LOOP_1828_1: 
H:\subband_q610_zybo_z7_20_hls\solution1\.autopilot\db\subband_ref_q610_opt_stage4_latency_stepL2.pp.0.cpp:34899:2: note: FIX-IT applied suggested code changes
H:\subband_q610_zybo_z7_20_hls\solution1\.autopilot\db\subband_ref_q610_opt_stage4_latency_stepL2.pp.0.cpp:34904:3: warning: Added loop label VITIS_LOOP_1833_2:   [xilinx-label-all-loops]
  for (int base_index = 0; base_index < Terms; base_index += Par) {
  ^~~
  VITIS_LOOP_1833_2: 
H:\subband_q610_zybo_z7_20_hls\solution1\.autopilot\db\subband_ref_q610_opt_stage4_latency_stepL2.pp.0.cpp:34904:3: note: FIX-IT applied suggested code changes
H:\subband_q610_zybo_z7_20_hls\solution1\.autopilot\db\subband_ref_q610_opt_stage4_latency_stepL2.pp.0.cpp:34906:2: warning: Added loop label VITIS_LOOP_1835_3:   [xilinx-label-all-loops]
 for (int lane = 0; lane < Par; ++lane) {
 ^~~
 VITIS_LOOP_1835_3: 
H:\subband_q610_zybo_z7_20_hls\solution1\.autopilot\db\subband_ref_q610_opt_stage4_latency_stepL2.pp.0.cpp:34906:2: note: FIX-IT applied suggested code changes
H:\subband_q610_zybo_z7_20_hls\solution1\.autopilot\db\subband_ref_q610_opt_stage4_latency_stepL2.pp.0.cpp:34916:3: warning: Added loop label VITIS_LOOP_1845_4:   [xilinx-label-all-loops]
  for (int lane = 0; lane < Par; ++lane) {
  ^~~
  VITIS_LOOP_1845_4: 
H:\subband_q610_zybo_z7_20_hls\solution1\.autopilot\db\subband_ref_q610_opt_stage4_latency_stepL2.pp.0.cpp:34916:3: note: FIX-IT applied suggested code changes
H:\subband_q610_zybo_z7_20_hls\solution1\.autopilot\db\subband_ref_q610_opt_stage4_latency_stepL2.pp.0.cpp:34931:2: warning: Added loop label VITIS_LOOP_1860_1:   [xilinx-label-all-loops]
 for (int hidden_base = 0; hidden_base < kSbHiddenSize; hidden_base += HiddenPar) {
 ^~~
 VITIS_LOOP_1860_1: 
H:\subband_q610_zybo_z7_20_hls\solution1\.autopilot\db\subband_ref_q610_opt_stage4_latency_stepL2.pp.0.cpp:34931:2: note: FIX-IT applied suggested code changes
H:\subband_q610_zybo_z7_20_hls\solution1\.autopilot\db\subband_ref_q610_opt_stage4_latency_stepL2.pp.0.cpp:34933:5: warning: Added loop label VITIS_LOOP_1862_2:   [xilinx-label-all-loops]
    for (int hidden_lane = 0; hidden_lane < HiddenPar; ++hidden_lane) {
    ^~~
    VITIS_LOOP_1862_2: 
H:\subband_q610_zybo_z7_20_hls\solution1\.autopilot\db\subband_ref_q610_opt_stage4_latency_stepL2.pp.0.cpp:34933:5: note: FIX-IT applied suggested code changes
H:\subband_q610_zybo_z7_20_hls\solution1\.autopilot\db\subband_ref_q610_opt_stage4_latency_stepL2.pp.0.cpp:34958:2: warning: Added loop label VITIS_LOOP_1887_1:   [xilinx-label-all-loops]
 for (int hidden_base = 0; hidden_base < kSbHiddenSize; hidden_base += HiddenPar) {
 ^~~
 VITIS_LOOP_1887_1: 
H:\subband_q610_zybo_z7_20_hls\solution1\.autopilot\db\subband_ref_q610_opt_stage4_latency_stepL2.pp.0.cpp:34958:2: note: FIX-IT applied suggested code changes
H:\subband_q610_zybo_z7_20_hls\solution1\.autopilot\db\subband_ref_q610_opt_stage4_latency_stepL2.pp.0.cpp:34960:5: warning: Added loop label VITIS_LOOP_1889_2:   [xilinx-label-all-loops]
    for (int hidden_lane = 0; hidden_lane < HiddenPar; ++hidden_lane) {
    ^~~
    VITIS_LOOP_1889_2: 
H:\subband_q610_zybo_z7_20_hls\solution1\.autopilot\db\subband_ref_q610_opt_stage4_latency_stepL2.pp.0.cpp:34960:5: note: FIX-IT applied suggested code changes
H:\subband_q610_zybo_z7_20_hls\solution1\.autopilot\db\subband_ref_q610_opt_stage4_latency_stepL2.pp.0.cpp:34998:2: warning: Added loop label VITIS_LOOP_1927_1:   [xilinx-label-all-loops]
 for (int hidden_base = 0; hidden_base < kSbHiddenSize; hidden_base += HiddenPar) {
 ^~~
 VITIS_LOOP_1927_1: 
H:\subband_q610_zybo_z7_20_hls\solution1\.autopilot\db\subband_ref_q610_opt_stage4_latency_stepL2.pp.0.cpp:34998:2: note: FIX-IT applied suggested code changes
H:\subband_q610_zybo_z7_20_hls\solution1\.autopilot\db\subband_ref_q610_opt_stage4_latency_stepL2.pp.0.cpp:35000:2: warning: Added loop label VITIS_LOOP_1929_2:   [xilinx-label-all-loops]
 for (int hidden_lane = 0; hidden_lane < HiddenPar; ++hidden_lane) {
 ^~~
 VITIS_LOOP_1929_2: 
H:\subband_q610_zybo_z7_20_hls\solution1\.autopilot\db\subband_ref_q610_opt_stage4_latency_stepL2.pp.0.cpp:35000:2: note: FIX-IT applied suggested code changes
H:\subband_q610_zybo_z7_20_hls\solution1\.autopilot\db\subband_ref_q610_opt_stage4_latency_stepL2.pp.0.cpp:35051:2: warning: Added loop label VITIS_LOOP_1980_1:   [xilinx-label-all-loops]
 for (int frame_index = 0; frame_index < kFixedNumFrames; ++frame_index) {
 ^~~
 VITIS_LOOP_1980_1: 
H:\subband_q610_zybo_z7_20_hls\solution1\.autopilot\db\subband_ref_q610_opt_stage4_latency_stepL2.pp.0.cpp:35051:2: note: FIX-IT applied suggested code changes
H:\subband_q610_zybo_z7_20_hls\solution1\.autopilot\db\subband_ref_q610_opt_stage4_latency_stepL2.pp.0.cpp:35053:2: warning: Added loop label VITIS_LOOP_1982_2:   [xilinx-label-all-loops]
 for (int subband_index = 0; subband_index < kBand0NumSubbands; ++subband_index) {
 ^~~
 VITIS_LOOP_1982_2: 
H:\subband_q610_zybo_z7_20_hls\solution1\.autopilot\db\subband_ref_q610_opt_stage4_latency_stepL2.pp.0.cpp:35053:2: note: FIX-IT applied suggested code changes
H:\subband_q610_zybo_z7_20_hls\solution1\.autopilot\db\subband_ref_q610_opt_stage4_latency_stepL2.pp.0.cpp:35086:2: warning: Added loop label VITIS_LOOP_2015_1:   [xilinx-label-all-loops]
 for (int frame_index = 0; frame_index < kFixedNumFrames; ++frame_index) {
 ^~~
 VITIS_LOOP_2015_1: 
H:\subband_q610_zybo_z7_20_hls\solution1\.autopilot\db\subband_ref_q610_opt_stage4_latency_stepL2.pp.0.cpp:35086:2: note: FIX-IT applied suggested code changes
H:\subband_q610_zybo_z7_20_hls\solution1\.autopilot\db\subband_ref_q610_opt_stage4_latency_stepL2.pp.0.cpp:35088:2: warning: Added loop label VITIS_LOOP_2017_2:   [xilinx-label-all-loops]
 for (int subband_index = 0; subband_index < kBand0NumSubbands; ++subband_index) {
 ^~~
 VITIS_LOOP_2017_2: 
H:\subband_q610_zybo_z7_20_hls\solution1\.autopilot\db\subband_ref_q610_opt_stage4_latency_stepL2.pp.0.cpp:35088:2: note: FIX-IT applied suggested code changes
H:\subband_q610_zybo_z7_20_hls\solution1\.autopilot\db\subband_ref_q610_opt_stage4_latency_stepL2.pp.0.cpp:35113:2: warning: Added loop label VITIS_LOOP_2042_1:   [xilinx-label-all-loops]
 for (int lane = 0; lane < kProjectionDotPar; ++lane) {
 ^~~
 VITIS_LOOP_2042_1: 
H:\subband_q610_zybo_z7_20_hls\solution1\.autopilot\db\subband_ref_q610_opt_stage4_latency_stepL2.pp.0.cpp:35113:2: note: FIX-IT applied suggested code changes
H:\subband_q610_zybo_z7_20_hls\solution1\.autopilot\db\subband_ref_q610_opt_stage4_latency_stepL2.pp.0.cpp:35118:3: warning: Added loop label VITIS_LOOP_2047_2:   [xilinx-label-all-loops]
  for (int hidden_base = 0; hidden_base < kSbHiddenSize; hidden_base += kProjectionDotPar) {
  ^~~
  VITIS_LOOP_2047_2: 
H:\subband_q610_zybo_z7_20_hls\solution1\.autopilot\db\subband_ref_q610_opt_stage4_latency_stepL2.pp.0.cpp:35118:3: note: FIX-IT applied suggested code changes
H:\subband_q610_zybo_z7_20_hls\solution1\.autopilot\db\subband_ref_q610_opt_stage4_latency_stepL2.pp.0.cpp:35120:2: warning: Added loop label VITIS_LOOP_2049_3:   [xilinx-label-all-loops]
 for (int lane = 0; lane < kProjectionDotPar; ++lane) {
 ^~~
 VITIS_LOOP_2049_3: 
H:\subband_q610_zybo_z7_20_hls\solution1\.autopilot\db\subband_ref_q610_opt_stage4_latency_stepL2.pp.0.cpp:35120:2: note: FIX-IT applied suggested code changes
H:\subband_q610_zybo_z7_20_hls\solution1\.autopilot\db\subband_ref_q610_opt_stage4_latency_stepL2.pp.0.cpp:35128:3: warning: Added loop label VITIS_LOOP_2057_4:   [xilinx-label-all-loops]
  for (int lane = 0; lane < kProjectionDotPar; ++lane) {
  ^~~
  VITIS_LOOP_2057_4: 
H:\subband_q610_zybo_z7_20_hls\solution1\.autopilot\db\subband_ref_q610_opt_stage4_latency_stepL2.pp.0.cpp:35128:3: note: FIX-IT applied suggested code changes
H:\subband_q610_zybo_z7_20_hls\solution1\.autopilot\db\subband_ref_q610_opt_stage4_latency_stepL2.pp.0.cpp:35144:2: warning: Added loop label VITIS_LOOP_2073_1:   [xilinx-label-all-loops]
 for (int frame_index = 0; frame_index < kFixedNumFrames; ++frame_index) {
 ^~~
 VITIS_LOOP_2073_1: 
H:\subband_q610_zybo_z7_20_hls\solution1\.autopilot\db\subband_ref_q610_opt_stage4_latency_stepL2.pp.0.cpp:35144:2: note: FIX-IT applied suggested code changes
H:\subband_q610_zybo_z7_20_hls\solution1\.autopilot\db\subband_ref_q610_opt_stage4_latency_stepL2.pp.0.cpp:35146:2: warning: Added loop label VITIS_LOOP_2075_2:   [xilinx-label-all-loops]
 for (int subband_index = 0; subband_index < kBand0NumSubbands; ++subband_index) {
 ^~~
 VITIS_LOOP_2075_2: 
H:\subband_q610_zybo_z7_20_hls\solution1\.autopilot\db\subband_ref_q610_opt_stage4_latency_stepL2.pp.0.cpp:35146:2: note: FIX-IT applied suggested code changes
H:\subband_q610_zybo_z7_20_hls\solution1\.autopilot\db\subband_ref_q610_opt_stage4_latency_stepL2.pp.0.cpp:35148:7: warning: Added loop label VITIS_LOOP_2077_3:   [xilinx-label-all-loops]
      for (int proj_index = 0; proj_index < kBand0ProjSize; ++proj_index) {
      ^~~
      VITIS_LOOP_2077_3: 
H:\subband_q610_zybo_z7_20_hls\solution1\.autopilot\db\subband_ref_q610_opt_stage4_latency_stepL2.pp.0.cpp:35148:7: note: FIX-IT applied suggested code changes
H:\subband_q610_zybo_z7_20_hls\solution1\.autopilot\db\subband_ref_q610_opt_stage4_latency_stepL2.pp.0.cpp:35364:63: error: Invalid Directive: for current device, ram_2p + bram is invalid combination for BIND_STORAGE's option 'type + impl' [clang-diagnostic-error]
#pragma HLS bind_storage variable=layer0_weight_ih_local type=ram_2p impl=bram
                                                              ^
H:\subband_q610_zybo_z7_20_hls\solution1\.autopilot\db\subband_ref_q610_opt_stage4_latency_stepL2.pp.0.cpp:35365:63: error: Invalid Directive: for current device, ram_2p + bram is invalid combination for BIND_STORAGE's option 'type + impl' [clang-diagnostic-error]
#pragma HLS bind_storage variable=layer0_weight_hh_local type=ram_2p impl=bram
                                                              ^
H:\subband_q610_zybo_z7_20_hls\solution1\.autopilot\db\subband_ref_q610_opt_stage4_latency_stepL2.pp.0.cpp:35366:63: error: Invalid Directive: for current device, ram_2p + bram is invalid combination for BIND_STORAGE's option 'type + impl' [clang-diagnostic-error]
#pragma HLS bind_storage variable=layer1_weight_ih_local type=ram_2p impl=bram
                                                              ^
H:\subband_q610_zybo_z7_20_hls\solution1\.autopilot\db\subband_ref_q610_opt_stage4_latency_stepL2.pp.0.cpp:35367:63: error: Invalid Directive: for current device, ram_2p + bram is invalid combination for BIND_STORAGE's option 'type + impl' [clang-diagnostic-error]
#pragma HLS bind_storage variable=layer1_weight_hh_local type=ram_2p impl=bram
                                                              ^
H:\subband_q610_zybo_z7_20_hls\solution1\.autopilot\db\subband_ref_q610_opt_stage4_latency_stepL2.pp.0.cpp:35368:58: error: Invalid Directive: for current device, ram_2p + bram is invalid combination for BIND_STORAGE's option 'type + impl' [clang-diagnostic-error]
#pragma HLS bind_storage variable=proj_weight_local type=ram_2p impl=bram
                                                         ^
