H:/subband_ref_q610_opt_stage4_latency_stepL2.cpp:68:9: warning: HLS pragma dump _XLX_SEP_ PragmaIsValid=1_XLX_SEP_ PragmaType=pipeline_XLX_SEP_ PragmaContext=_XLX_SEP_ PragmaFunction=CopyExternalToLocalQ610_XLX_SEP_ PragmaOptions=II=1_XLX_SEP_ [-Wdump-hls-pragmas]
#pragma HLS pipeline II=1
        ^
H:/subband_ref_q610_opt_stage4_latency_stepL2.cpp:76:9: warning: HLS pragma dump _XLX_SEP_ PragmaIsValid=1_XLX_SEP_ PragmaType=pipeline_XLX_SEP_ PragmaContext=_XLX_SEP_ PragmaFunction=PointerToStreamQ610_XLX_SEP_ PragmaOptions=II=1_XLX_SEP_ [-Wdump-hls-pragmas]
#pragma HLS pipeline II=1
        ^
H:/subband_ref_q610_opt_stage4_latency_stepL2.cpp:84:9: warning: HLS pragma dump _XLX_SEP_ PragmaIsValid=1_XLX_SEP_ PragmaType=pipeline_XLX_SEP_ PragmaContext=_XLX_SEP_ PragmaFunction=StreamToPointerQ610_XLX_SEP_ PragmaOptions=II=1_XLX_SEP_ [-Wdump-hls-pragmas]
#pragma HLS pipeline II=1
        ^
H:/subband_ref_q610_opt_stage4_latency_stepL2.cpp:93:9: warning: HLS pragma dump _XLX_SEP_ PragmaIsValid=1_XLX_SEP_ PragmaType=pipeline_XLX_SEP_ PragmaContext=_XLX_SEP_ PragmaFunction=ReadVectorFromStreamQ610_XLX_SEP_ PragmaOptions=II=1_XLX_SEP_ [-Wdump-hls-pragmas]
#pragma HLS pipeline II=1
        ^
H:/subband_ref_q610_opt_stage4_latency_stepL2.cpp:102:9: warning: HLS pragma dump _XLX_SEP_ PragmaIsValid=1_XLX_SEP_ PragmaType=pipeline_XLX_SEP_ PragmaContext=_XLX_SEP_ PragmaFunction=WriteVectorToStreamQ610_XLX_SEP_ PragmaOptions=II=1_XLX_SEP_ [-Wdump-hls-pragmas]
#pragma HLS pipeline II=1
        ^
H:/subband_ref_q610_opt_stage4_latency_stepL2.cpp:209:9: warning: HLS pragma dump _XLX_SEP_ PragmaIsValid=1_XLX_SEP_ PragmaType=unroll_XLX_SEP_ PragmaContext=_XLX_SEP_ PragmaFunction=SigmoidPwlQ610_XLX_SEP_ PragmaOptions=_XLX_SEP_ [-Wdump-hls-pragmas]
#pragma HLS unroll
        ^
H:/subband_ref_q610_opt_stage4_latency_stepL2.cpp:304:9: warning: HLS pragma dump _XLX_SEP_ PragmaIsValid=1_XLX_SEP_ PragmaType=pipeline_XLX_SEP_ PragmaContext=_XLX_SEP_ PragmaFunction=ClearBufferQ610_XLX_SEP_ PragmaOptions=II=1_XLX_SEP_ [-Wdump-hls-pragmas]
#pragma HLS pipeline II=1
        ^
H:/subband_ref_q610_opt_stage4_latency_stepL2.cpp:326:9: warning: HLS pragma dump _XLX_SEP_ PragmaIsValid=1_XLX_SEP_ PragmaType=loop_tripcount_XLX_SEP_ PragmaContext=_XLX_SEP_ PragmaFunction=FreqUnfoldQ610_XLX_SEP_ PragmaOptions=min=1 max=kMaxNumFrames_XLX_SEP_ [-Wdump-hls-pragmas]
#pragma HLS loop_tripcount min=1 max=kMaxNumFrames
        ^
H:/subband_ref_q610_opt_stage4_latency_stepL2.cpp:327:9: warning: HLS pragma dump _XLX_SEP_ PragmaIsValid=1_XLX_SEP_ PragmaType=pipeline_XLX_SEP_ PragmaContext=_XLX_SEP_ PragmaFunction=FreqUnfoldQ610_XLX_SEP_ PragmaOptions=II=1_XLX_SEP_ [-Wdump-hls-pragmas]
#pragma HLS pipeline II=1
        ^
H:/subband_ref_q610_opt_stage4_latency_stepL2.cpp:354:9: warning: HLS pragma dump _XLX_SEP_ PragmaIsValid=1_XLX_SEP_ PragmaType=loop_tripcount_XLX_SEP_ PragmaContext=_XLX_SEP_ PragmaFunction=ConcatQ610_XLX_SEP_ PragmaOptions=min=1 max=kMaxNumFrames_XLX_SEP_ [-Wdump-hls-pragmas]
#pragma HLS loop_tripcount min=1 max=kMaxNumFrames
        ^
H:/subband_ref_q610_opt_stage4_latency_stepL2.cpp:355:9: warning: HLS pragma dump _XLX_SEP_ PragmaIsValid=1_XLX_SEP_ PragmaType=pipeline_XLX_SEP_ PragmaContext=_XLX_SEP_ PragmaFunction=ConcatQ610_XLX_SEP_ PragmaOptions=II=1_XLX_SEP_ [-Wdump-hls-pragmas]
#pragma HLS pipeline II=1
        ^
H:/subband_ref_q610_opt_stage4_latency_stepL2.cpp:376:9: warning: HLS pragma dump _XLX_SEP_ PragmaIsValid=1_XLX_SEP_ PragmaType=loop_tripcount_XLX_SEP_ PragmaContext=_XLX_SEP_ PragmaFunction=ConcatQ610_XLX_SEP_ PragmaOptions=min=1 max=kMaxNumFrames_XLX_SEP_ [-Wdump-hls-pragmas]
#pragma HLS loop_tripcount min=1 max=kMaxNumFrames
        ^
H:/subband_ref_q610_opt_stage4_latency_stepL2.cpp:377:9: warning: HLS pragma dump _XLX_SEP_ PragmaIsValid=1_XLX_SEP_ PragmaType=pipeline_XLX_SEP_ PragmaContext=_XLX_SEP_ PragmaFunction=ConcatQ610_XLX_SEP_ PragmaOptions=II=1_XLX_SEP_ [-Wdump-hls-pragmas]
#pragma HLS pipeline II=1
        ^
H:/subband_ref_q610_opt_stage4_latency_stepL2.cpp:411:9: warning: HLS pragma dump _XLX_SEP_ PragmaIsValid=1_XLX_SEP_ PragmaType=loop_tripcount_XLX_SEP_ PragmaContext=_XLX_SEP_ PragmaFunction=PackQ610_XLX_SEP_ PragmaOptions=min=1 max=kMaxNumFrames_XLX_SEP_ [-Wdump-hls-pragmas]
#pragma HLS loop_tripcount min=1 max=kMaxNumFrames
        ^
H:/subband_ref_q610_opt_stage4_latency_stepL2.cpp:412:9: warning: HLS pragma dump _XLX_SEP_ PragmaIsValid=1_XLX_SEP_ PragmaType=pipeline_XLX_SEP_ PragmaContext=_XLX_SEP_ PragmaFunction=PackQ610_XLX_SEP_ PragmaOptions=II=1_XLX_SEP_ [-Wdump-hls-pragmas]
#pragma HLS pipeline II=1
        ^
H:/subband_ref_q610_opt_stage4_latency_stepL2.cpp:440:9: warning: HLS pragma dump _XLX_SEP_ PragmaIsValid=1_XLX_SEP_ PragmaType=loop_tripcount_XLX_SEP_ PragmaContext=_XLX_SEP_ PragmaFunction=PackedToSequenceQ610_XLX_SEP_ PragmaOptions=min=1 max=kMaxNumFrames_XLX_SEP_ [-Wdump-hls-pragmas]
#pragma HLS loop_tripcount min=1 max=kMaxNumFrames
        ^
H:/subband_ref_q610_opt_stage4_latency_stepL2.cpp:441:9: warning: HLS pragma dump _XLX_SEP_ PragmaIsValid=1_XLX_SEP_ PragmaType=pipeline_XLX_SEP_ PragmaContext=_XLX_SEP_ PragmaFunction=PackedToSequenceQ610_XLX_SEP_ PragmaOptions=II=1_XLX_SEP_ [-Wdump-hls-pragmas]
#pragma HLS pipeline II=1
        ^
H:/subband_ref_q610_opt_stage4_latency_stepL2.cpp:463:9: warning: HLS pragma dump _XLX_SEP_ PragmaIsValid=1_XLX_SEP_ PragmaType=loop_tripcount_XLX_SEP_ PragmaContext=_XLX_SEP_ PragmaFunction=SbInputToSequenceQ610_XLX_SEP_ PragmaOptions=min=1 max=kMaxNumFrames_XLX_SEP_ [-Wdump-hls-pragmas]
#pragma HLS loop_tripcount min=1 max=kMaxNumFrames
        ^
H:/subband_ref_q610_opt_stage4_latency_stepL2.cpp:464:9: warning: HLS pragma dump _XLX_SEP_ PragmaIsValid=1_XLX_SEP_ PragmaType=pipeline_XLX_SEP_ PragmaContext=_XLX_SEP_ PragmaFunction=SbInputToSequenceQ610_XLX_SEP_ PragmaOptions=II=1_XLX_SEP_ [-Wdump-hls-pragmas]
#pragma HLS pipeline II=1
        ^
H:/subband_ref_q610_opt_stage4_latency_stepL2.cpp:502:9: warning: HLS pragma dump _XLX_SEP_ PragmaIsValid=1_XLX_SEP_ PragmaType=pipeline_XLX_SEP_ PragmaContext=_XLX_SEP_ PragmaFunction=RunGSUCellQ610_XLX_SEP_ PragmaOptions=II=1_XLX_SEP_ [-Wdump-hls-pragmas]
#pragma HLS pipeline II=1
        ^
H:/subband_ref_q610_opt_stage4_latency_stepL2.cpp:514:9: warning: HLS pragma dump _XLX_SEP_ PragmaIsValid=1_XLX_SEP_ PragmaType=unroll_XLX_SEP_ PragmaContext=_XLX_SEP_ PragmaFunction=RunGSUCellQ610_XLX_SEP_ PragmaOptions=factor=2_XLX_SEP_ [-Wdump-hls-pragmas]
#pragma HLS UNROLL factor=2
        ^
H:/subband_ref_q610_opt_stage4_latency_stepL2.cpp:526:9: warning: HLS pragma dump _XLX_SEP_ PragmaIsValid=1_XLX_SEP_ PragmaType=unroll_XLX_SEP_ PragmaContext=_XLX_SEP_ PragmaFunction=RunGSUCellQ610_XLX_SEP_ PragmaOptions=factor=2_XLX_SEP_ [-Wdump-hls-pragmas]
#pragma HLS UNROLL factor=2
        ^
H:/subband_ref_q610_opt_stage4_latency_stepL2.cpp:744:9: warning: HLS pragma dump _XLX_SEP_ PragmaIsValid=1_XLX_SEP_ PragmaType=loop_tripcount_XLX_SEP_ PragmaContext=_XLX_SEP_ PragmaFunction=ProjectToDfCoefQ610_XLX_SEP_ PragmaOptions=min=1 max=kMaxNumFrames_XLX_SEP_ [-Wdump-hls-pragmas]
#pragma HLS loop_tripcount min=1 max=kMaxNumFrames
        ^
H:/subband_ref_q610_opt_stage4_latency_stepL2.cpp:745:9: warning: HLS pragma dump _XLX_SEP_ PragmaIsValid=1_XLX_SEP_ PragmaType=pipeline_XLX_SEP_ PragmaContext=_XLX_SEP_ PragmaFunction=ProjectToDfCoefQ610_XLX_SEP_ PragmaOptions=II=1_XLX_SEP_ [-Wdump-hls-pragmas]
#pragma HLS pipeline II=1
        ^
H:/subband_ref_q610_opt_stage4_latency_stepL2.cpp:774:9: warning: HLS pragma dump _XLX_SEP_ PragmaIsValid=1_XLX_SEP_ PragmaType=inline_XLX_SEP_ PragmaContext=_XLX_SEP_ PragmaFunction=GenerateBand0SequenceStreamQ610_XLX_SEP_ PragmaOptions=off_XLX_SEP_ [-Wdump-hls-pragmas]
#pragma HLS inline off
        ^
H:/subband_ref_q610_opt_stage4_latency_stepL2.cpp:778:9: warning: HLS pragma dump _XLX_SEP_ PragmaIsValid=1_XLX_SEP_ PragmaType=loop_tripcount_XLX_SEP_ PragmaContext=_XLX_SEP_ PragmaFunction=GenerateBand0SequenceStreamQ610_XLX_SEP_ PragmaOptions=min=1 max=kFixedNumFrames_XLX_SEP_ [-Wdump-hls-pragmas]
#pragma HLS loop_tripcount min=1 max=kFixedNumFrames
        ^
H:/subband_ref_q610_opt_stage4_latency_stepL2.cpp:782:9: warning: HLS pragma dump _XLX_SEP_ PragmaIsValid=1_XLX_SEP_ PragmaType=pipeline_XLX_SEP_ PragmaContext=_XLX_SEP_ PragmaFunction=GenerateBand0SequenceStreamQ610_XLX_SEP_ PragmaOptions=II=1_XLX_SEP_ [-Wdump-hls-pragmas]
#pragma HLS pipeline II=1
        ^
H:/subband_ref_q610_opt_stage4_latency_stepL2.cpp:790:9: warning: HLS pragma dump _XLX_SEP_ PragmaIsValid=1_XLX_SEP_ PragmaType=pipeline_XLX_SEP_ PragmaContext=_XLX_SEP_ PragmaFunction=GenerateBand0SequenceStreamQ610_XLX_SEP_ PragmaOptions=II=1_XLX_SEP_ [-Wdump-hls-pragmas]
#pragma HLS pipeline II=1
        ^
H:/subband_ref_q610_opt_stage4_latency_stepL2.cpp:807:9: warning: HLS pragma dump _XLX_SEP_ PragmaIsValid=1_XLX_SEP_ PragmaType=inline_XLX_SEP_ PragmaContext=_XLX_SEP_ PragmaFunction=RunGSULayerStreamQ610_XLX_SEP_ PragmaOptions=off_XLX_SEP_ [-Wdump-hls-pragmas]
#pragma HLS inline off
        ^
H:/subband_ref_q610_opt_stage4_latency_stepL2.cpp:816:9: warning: HLS pragma dump _XLX_SEP_ PragmaIsValid=1_XLX_SEP_ PragmaType=loop_tripcount_XLX_SEP_ PragmaContext=_XLX_SEP_ PragmaFunction=RunGSULayerStreamQ610_XLX_SEP_ PragmaOptions=min=1 max=kMaxNumFrames_XLX_SEP_ [-Wdump-hls-pragmas]
#pragma HLS loop_tripcount min=1 max=kMaxNumFrames
        ^
H:/subband_ref_q610_opt_stage4_latency_stepL2.cpp:839:9: warning: HLS pragma dump _XLX_SEP_ PragmaIsValid=1_XLX_SEP_ PragmaType=inline_XLX_SEP_ PragmaContext=_XLX_SEP_ PragmaFunction=RunProjectionStreamQ610_XLX_SEP_ PragmaOptions=off_XLX_SEP_ [-Wdump-hls-pragmas]
#pragma HLS inline off
        ^
H:/subband_ref_q610_opt_stage4_latency_stepL2.cpp:847:9: warning: HLS pragma dump _XLX_SEP_ PragmaIsValid=1_XLX_SEP_ PragmaType=loop_tripcount_XLX_SEP_ PragmaContext=_XLX_SEP_ PragmaFunction=RunProjectionStreamQ610_XLX_SEP_ PragmaOptions=min=1 max=kMaxNumFrames_XLX_SEP_ [-Wdump-hls-pragmas]
#pragma HLS loop_tripcount min=1 max=kMaxNumFrames
        ^
H:/subband_ref_q610_opt_stage4_latency_stepL2.cpp:865:9: warning: HLS pragma dump _XLX_SEP_ PragmaIsValid=1_XLX_SEP_ PragmaType=inline_XLX_SEP_ PragmaContext=_XLX_SEP_ PragmaFunction=ProjectBand0DfCoefQ610_XLX_SEP_ PragmaOptions=off_XLX_SEP_ [-Wdump-hls-pragmas]
#pragma HLS inline off
        ^
H:/subband_ref_q610_opt_stage4_latency_stepL2.cpp:867:9: warning: HLS pragma dump _XLX_SEP_ PragmaIsValid=1_XLX_SEP_ PragmaType=loop_tripcount_XLX_SEP_ PragmaContext=_XLX_SEP_ PragmaFunction=ProjectBand0DfCoefQ610_XLX_SEP_ PragmaOptions=min=1 max=kFixedNumFrames_XLX_SEP_ [-Wdump-hls-pragmas]
#pragma HLS loop_tripcount min=1 max=kFixedNumFrames
        ^
H:/subband_ref_q610_opt_stage4_latency_stepL2.cpp:870:9: warning: HLS pragma dump _XLX_SEP_ PragmaIsValid=1_XLX_SEP_ PragmaType=pipeline_XLX_SEP_ PragmaContext=_XLX_SEP_ PragmaFunction=ProjectBand0DfCoefQ610_XLX_SEP_ PragmaOptions=II=1_XLX_SEP_ [-Wdump-hls-pragmas]
#pragma HLS pipeline II=1
        ^
H:/subband_ref_q610_opt_stage4_latency_stepL2.cpp:900:9: warning: HLS pragma dump _XLX_SEP_ PragmaIsValid=1_XLX_SEP_ PragmaType=inline_XLX_SEP_ PragmaContext=_XLX_SEP_ PragmaFunction=RunBand0StreamingCoreQ610_XLX_SEP_ PragmaOptions=off_XLX_SEP_ [-Wdump-hls-pragmas]
#pragma HLS inline off
        ^
H:/subband_ref_q610_opt_stage4_latency_stepL2.cpp:906:9: warning: HLS pragma dump _XLX_SEP_ PragmaIsValid=1_XLX_SEP_ PragmaType=stream_XLX_SEP_ PragmaContext=_XLX_SEP_ PragmaFunction=RunBand0StreamingCoreQ610_XLX_SEP_ PragmaOptions=variable=sequence_stream depth=64_XLX_SEP_ [-Wdump-hls-pragmas]
#pragma HLS stream variable=sequence_stream depth=64
        ^
H:/subband_ref_q610_opt_stage4_latency_stepL2.cpp:907:9: warning: HLS pragma dump _XLX_SEP_ PragmaIsValid=1_XLX_SEP_ PragmaType=stream_XLX_SEP_ PragmaContext=_XLX_SEP_ PragmaFunction=RunBand0StreamingCoreQ610_XLX_SEP_ PragmaOptions=variable=layer0_output_stream depth=64_XLX_SEP_ [-Wdump-hls-pragmas]
#pragma HLS stream variable=layer0_output_stream depth=64
        ^
H:/subband_ref_q610_opt_stage4_latency_stepL2.cpp:908:9: warning: HLS pragma dump _XLX_SEP_ PragmaIsValid=1_XLX_SEP_ PragmaType=stream_XLX_SEP_ PragmaContext=_XLX_SEP_ PragmaFunction=RunBand0StreamingCoreQ610_XLX_SEP_ PragmaOptions=variable=layer1_output_stream depth=64_XLX_SEP_ [-Wdump-hls-pragmas]
#pragma HLS stream variable=layer1_output_stream depth=64
        ^
H:/subband_ref_q610_opt_stage4_latency_stepL2.cpp:909:9: warning: HLS pragma dump _XLX_SEP_ PragmaIsValid=1_XLX_SEP_ PragmaType=stream_XLX_SEP_ PragmaContext=_XLX_SEP_ PragmaFunction=RunBand0StreamingCoreQ610_XLX_SEP_ PragmaOptions=variable=projected_output_stream depth=64_XLX_SEP_ [-Wdump-hls-pragmas]
#pragma HLS stream variable=projected_output_stream depth=64
        ^
H:/subband_ref_q610_opt_stage4_latency_stepL2.cpp:916:9: warning: HLS pragma dump _XLX_SEP_ PragmaIsValid=1_XLX_SEP_ PragmaType=dataflow_XLX_SEP_ PragmaContext=_XLX_SEP_ PragmaFunction=RunBand0StreamingCoreQ610_XLX_SEP_ PragmaOptions=_XLX_SEP_ [-Wdump-hls-pragmas]
#pragma HLS dataflow
        ^
H:/subband_ref_q610_opt_stage4_latency_stepL2.cpp:966:15: warning: unused parameter 'projected_output_q610' [-Wunused-parameter]
    q_data_t* projected_output_q610,
              ^
H:/subband_ref_q610_opt_stage4_latency_stepL2.cpp:1071:9: warning: HLS pragma dump _XLX_SEP_ PragmaIsValid=1_XLX_SEP_ PragmaType=inline_XLX_SEP_ PragmaContext=_XLX_SEP_ PragmaFunction=LoadBand0WeightsQ610_XLX_SEP_ PragmaOptions=off_XLX_SEP_ [-Wdump-hls-pragmas]
#pragma HLS inline off
        ^
H:/subband_ref_q610_opt_stage4_latency_stepL2.cpp:1091:9: warning: HLS pragma dump _XLX_SEP_ PragmaIsValid=1_XLX_SEP_ PragmaType=inline_XLX_SEP_ PragmaContext=_XLX_SEP_ PragmaFunction=LoadBand0InputsQ610_XLX_SEP_ PragmaOptions=off_XLX_SEP_ [-Wdump-hls-pragmas]
#pragma HLS inline off
        ^
H:/subband_ref_q610_opt_stage4_latency_stepL2.cpp:1112:9: warning: HLS pragma dump _XLX_SEP_ PragmaIsValid=1_XLX_SEP_ PragmaType=inline_XLX_SEP_ PragmaContext=_XLX_SEP_ PragmaFunction=ComputeBand0FromStreamsQ610_XLX_SEP_ PragmaOptions=off_XLX_SEP_ [-Wdump-hls-pragmas]
#pragma HLS inline off
        ^
H:/subband_ref_q610_opt_stage4_latency_stepL2.cpp:1158:9: warning: HLS pragma dump _XLX_SEP_ PragmaIsValid=1_XLX_SEP_ PragmaType=inline_XLX_SEP_ PragmaContext=_XLX_SEP_ PragmaFunction=StoreBand0OutputQ610_XLX_SEP_ PragmaOptions=off_XLX_SEP_ [-Wdump-hls-pragmas]
#pragma HLS inline off
        ^
H:/subband_ref_q610_opt_stage4_latency_stepL2.cpp:1317:9: warning: HLS pragma dump _XLX_SEP_ PragmaIsValid=1_XLX_SEP_ PragmaType=unroll_XLX_SEP_ PragmaContext=_XLX_SEP_ PragmaFunction=RunGSUCellBand0DirectQ610_XLX_SEP_ PragmaOptions=factor=2_XLX_SEP_ [-Wdump-hls-pragmas]
#pragma HLS UNROLL factor=2
        ^
H:/subband_ref_q610_opt_stage4_latency_stepL2.cpp:1329:9: warning: HLS pragma dump _XLX_SEP_ PragmaIsValid=1_XLX_SEP_ PragmaType=unroll_XLX_SEP_ PragmaContext=_XLX_SEP_ PragmaFunction=RunGSUCellBand0DirectQ610_XLX_SEP_ PragmaOptions=factor=2_XLX_SEP_ [-Wdump-hls-pragmas]
#pragma HLS UNROLL factor=2
        ^
H:/subband_ref_q610_opt_stage4_latency_stepL2.cpp:1622:9: warning: HLS pragma dump _XLX_SEP_ PragmaIsValid=1_XLX_SEP_ PragmaType=inline_XLX_SEP_ PragmaContext=_XLX_SEP_ PragmaFunction=MulForMacDspQ610_XLX_SEP_ PragmaOptions=_XLX_SEP_ [-Wdump-hls-pragmas]
#pragma HLS inline
        ^
H:/subband_ref_q610_opt_stage4_latency_stepL2.cpp:1624:9: warning: HLS pragma dump _XLX_SEP_ PragmaIsValid=1_XLX_SEP_ PragmaType=bind_op_XLX_SEP_ PragmaContext=_XLX_SEP_ PragmaFunction=MulForMacDspQ610_XLX_SEP_ PragmaOptions=variable=product_q20 op=mul impl=dsp latency=2_XLX_SEP_ [-Wdump-hls-pragmas]
#pragma HLS bind_op variable=product_q20 op=mul impl=dsp latency=2
        ^
H:/subband_ref_q610_opt_stage4_latency_stepL2.cpp:1630:9: warning: HLS pragma dump _XLX_SEP_ PragmaIsValid=1_XLX_SEP_ PragmaType=inline_XLX_SEP_ PragmaContext=_XLX_SEP_ PragmaFunction=MulQ610Fabric_XLX_SEP_ PragmaOptions=_XLX_SEP_ [-Wdump-hls-pragmas]
#pragma HLS inline
        ^
H:/subband_ref_q610_opt_stage4_latency_stepL2.cpp:1632:9: warning: HLS pragma dump _XLX_SEP_ PragmaIsValid=1_XLX_SEP_ PragmaType=bind_op_XLX_SEP_ PragmaContext=_XLX_SEP_ PragmaFunction=MulQ610Fabric_XLX_SEP_ PragmaOptions=variable=product_q20 op=mul impl=fabric_XLX_SEP_ [-Wdump-hls-pragmas]
#pragma HLS bind_op variable=product_q20 op=mul impl=fabric
        ^
H:/subband_ref_q610_opt_stage4_latency_stepL2.cpp:1638:9: warning: HLS pragma dump _XLX_SEP_ PragmaIsValid=1_XLX_SEP_ PragmaType=inline_XLX_SEP_ PragmaContext=_XLX_SEP_ PragmaFunction=MulQ610Dsp_XLX_SEP_ PragmaOptions=_XLX_SEP_ [-Wdump-hls-pragmas]
#pragma HLS inline
        ^
H:/subband_ref_q610_opt_stage4_latency_stepL2.cpp:1640:9: warning: HLS pragma dump _XLX_SEP_ PragmaIsValid=1_XLX_SEP_ PragmaType=bind_op_XLX_SEP_ PragmaContext=_XLX_SEP_ PragmaFunction=MulQ610Dsp_XLX_SEP_ PragmaOptions=variable=product_q20 op=mul impl=dsp latency=2_XLX_SEP_ [-Wdump-hls-pragmas]
#pragma HLS bind_op variable=product_q20 op=mul impl=dsp latency=2
        ^
H:/subband_ref_q610_opt_stage4_latency_stepL2.cpp:1650:9: warning: HLS pragma dump _XLX_SEP_ PragmaIsValid=1_XLX_SEP_ PragmaType=inline_XLX_SEP_ PragmaContext=_XLX_SEP_ PragmaFunction=MulGateUpdateQ610_XLX_SEP_ PragmaOptions=_XLX_SEP_ [-Wdump-hls-pragmas]
#pragma HLS inline
        ^
H:/subband_ref_q610_opt_stage4_latency_stepL2.cpp:1656:9: warning: HLS pragma dump _XLX_SEP_ PragmaIsValid=1_XLX_SEP_ PragmaType=inline_XLX_SEP_ PragmaContext=_XLX_SEP_ PragmaFunction=MulGateUpdateQ610_XLX_SEP_ PragmaOptions=_XLX_SEP_ [-Wdump-hls-pragmas]
#pragma HLS inline
        ^
H:/subband_ref_q610_opt_stage4_latency_stepL2.cpp:1661:9: warning: HLS pragma dump _XLX_SEP_ PragmaIsValid=1_XLX_SEP_ PragmaType=inline_XLX_SEP_ PragmaContext=_XLX_SEP_ PragmaFunction=SigmoidPwlQ610Fabric_XLX_SEP_ PragmaOptions=_XLX_SEP_ [-Wdump-hls-pragmas]
#pragma HLS inline
        ^
H:/subband_ref_q610_opt_stage4_latency_stepL2.cpp:1694:9: warning: HLS pragma dump _XLX_SEP_ PragmaIsValid=1_XLX_SEP_ PragmaType=bind_op_XLX_SEP_ PragmaContext=_XLX_SEP_ PragmaFunction=SigmoidPwlQ610Fabric_XLX_SEP_ PragmaOptions=variable=interp_product_q610 op=mul impl=fabric_XLX_SEP_ [-Wdump-hls-pragmas]
#pragma HLS bind_op variable=interp_product_q610 op=mul impl=fabric
        ^
H:/subband_ref_q610_opt_stage4_latency_stepL2.cpp:1704:9: warning: HLS pragma dump _XLX_SEP_ PragmaIsValid=1_XLX_SEP_ PragmaType=inline_XLX_SEP_ PragmaContext=_XLX_SEP_ PragmaFunction=LoadMatrixQ610_XLX_SEP_ PragmaOptions=off_XLX_SEP_ [-Wdump-hls-pragmas]
#pragma HLS inline off
        ^
H:/subband_ref_q610_opt_stage4_latency_stepL2.cpp:1707:9: warning: HLS pragma dump _XLX_SEP_ PragmaIsValid=1_XLX_SEP_ PragmaType=pipeline_XLX_SEP_ PragmaContext=_XLX_SEP_ PragmaFunction=LoadMatrixQ610_XLX_SEP_ PragmaOptions=II=1_XLX_SEP_ [-Wdump-hls-pragmas]
#pragma HLS pipeline II=1
        ^
H:/subband_ref_q610_opt_stage4_latency_stepL2.cpp:1715:9: warning: HLS pragma dump _XLX_SEP_ PragmaIsValid=1_XLX_SEP_ PragmaType=inline_XLX_SEP_ PragmaContext=_XLX_SEP_ PragmaFunction=LoadVectorQ610_XLX_SEP_ PragmaOptions=off_XLX_SEP_ [-Wdump-hls-pragmas]
#pragma HLS inline off
        ^
H:/subband_ref_q610_opt_stage4_latency_stepL2.cpp:1717:9: warning: HLS pragma dump _XLX_SEP_ PragmaIsValid=1_XLX_SEP_ PragmaType=pipeline_XLX_SEP_ PragmaContext=_XLX_SEP_ PragmaFunction=LoadVectorQ610_XLX_SEP_ PragmaOptions=II=1_XLX_SEP_ [-Wdump-hls-pragmas]
#pragma HLS pipeline II=1
        ^
H:/subband_ref_q610_opt_stage4_latency_stepL2.cpp:1747:9: warning: HLS pragma dump _XLX_SEP_ PragmaIsValid=1_XLX_SEP_ PragmaType=inline_XLX_SEP_ PragmaContext=_XLX_SEP_ PragmaFunction=LoadBand0Weights2DQ610_XLX_SEP_ PragmaOptions=off_XLX_SEP_ [-Wdump-hls-pragmas]
#pragma HLS inline off
        ^
H:/subband_ref_q610_opt_stage4_latency_stepL2.cpp:1764:9: warning: HLS pragma dump _XLX_SEP_ PragmaIsValid=1_XLX_SEP_ PragmaType=inline_XLX_SEP_ PragmaContext=_XLX_SEP_ PragmaFunction=ReadFixedVectorFromStreamQ610_XLX_SEP_ PragmaOptions=_XLX_SEP_ [-Wdump-hls-pragmas]
#pragma HLS inline
        ^
H:/subband_ref_q610_opt_stage4_latency_stepL2.cpp:1766:9: warning: HLS pragma dump _XLX_SEP_ PragmaIsValid=1_XLX_SEP_ PragmaType=pipeline_XLX_SEP_ PragmaContext=_XLX_SEP_ PragmaFunction=ReadFixedVectorFromStreamQ610_XLX_SEP_ PragmaOptions=II=1_XLX_SEP_ [-Wdump-hls-pragmas]
#pragma HLS pipeline II=1
        ^
H:/subband_ref_q610_opt_stage4_latency_stepL2.cpp:1773:9: warning: HLS pragma dump _XLX_SEP_ PragmaIsValid=1_XLX_SEP_ PragmaType=inline_XLX_SEP_ PragmaContext=_XLX_SEP_ PragmaFunction=WriteFixedVectorToStreamQ610_XLX_SEP_ PragmaOptions=_XLX_SEP_ [-Wdump-hls-pragmas]
#pragma HLS inline
        ^
H:/subband_ref_q610_opt_stage4_latency_stepL2.cpp:1775:9: warning: HLS pragma dump _XLX_SEP_ PragmaIsValid=1_XLX_SEP_ PragmaType=pipeline_XLX_SEP_ PragmaContext=_XLX_SEP_ PragmaFunction=WriteFixedVectorToStreamQ610_XLX_SEP_ PragmaOptions=II=1_XLX_SEP_ [-Wdump-hls-pragmas]
#pragma HLS pipeline II=1
        ^
H:/subband_ref_q610_opt_stage4_latency_stepL2.cpp:1782:9: warning: HLS pragma dump _XLX_SEP_ PragmaIsValid=1_XLX_SEP_ PragmaType=inline_XLX_SEP_ PragmaContext=_XLX_SEP_ PragmaFunction=ClearStateVectorQ610_XLX_SEP_ PragmaOptions=off_XLX_SEP_ [-Wdump-hls-pragmas]
#pragma HLS inline off
        ^
H:/subband_ref_q610_opt_stage4_latency_stepL2.cpp:1785:9: warning: HLS pragma dump _XLX_SEP_ PragmaIsValid=1_XLX_SEP_ PragmaType=pipeline_XLX_SEP_ PragmaContext=_XLX_SEP_ PragmaFunction=ClearStateVectorQ610_XLX_SEP_ PragmaOptions=II=1_XLX_SEP_ [-Wdump-hls-pragmas]
#pragma HLS pipeline II=1
        ^
H:/subband_ref_q610_opt_stage4_latency_stepL2.cpp:1795:9: warning: HLS pragma dump _XLX_SEP_ PragmaIsValid=1_XLX_SEP_ PragmaType=inline_XLX_SEP_ PragmaContext=_XLX_SEP_ PragmaFunction=GenerateBand0SequenceStreamOptimizedQ610_XLX_SEP_ PragmaOptions=off_XLX_SEP_ [-Wdump-hls-pragmas]
#pragma HLS inline off
        ^
H:/subband_ref_q610_opt_stage4_latency_stepL2.cpp:1799:9: warning: HLS pragma dump _XLX_SEP_ PragmaIsValid=1_XLX_SEP_ PragmaType=loop_tripcount_XLX_SEP_ PragmaContext=_XLX_SEP_ PragmaFunction=GenerateBand0SequenceStreamOptimizedQ610_XLX_SEP_ PragmaOptions=min=kFixedNumFrames max=kFixedNumFrames_XLX_SEP_ [-Wdump-hls-pragmas]
#pragma HLS loop_tripcount min=kFixedNumFrames max=kFixedNumFrames
        ^
H:/subband_ref_q610_opt_stage4_latency_stepL2.cpp:1803:9: warning: HLS pragma dump _XLX_SEP_ PragmaIsValid=1_XLX_SEP_ PragmaType=pipeline_XLX_SEP_ PragmaContext=_XLX_SEP_ PragmaFunction=GenerateBand0SequenceStreamOptimizedQ610_XLX_SEP_ PragmaOptions=II=1_XLX_SEP_ [-Wdump-hls-pragmas]
#pragma HLS pipeline II=1
        ^
H:/subband_ref_q610_opt_stage4_latency_stepL2.cpp:1811:9: warning: HLS pragma dump _XLX_SEP_ PragmaIsValid=1_XLX_SEP_ PragmaType=pipeline_XLX_SEP_ PragmaContext=_XLX_SEP_ PragmaFunction=GenerateBand0SequenceStreamOptimizedQ610_XLX_SEP_ PragmaOptions=II=1_XLX_SEP_ [-Wdump-hls-pragmas]
#pragma HLS pipeline II=1
        ^
H:/subband_ref_q610_opt_stage4_latency_stepL2.cpp:1824:9: warning: HLS pragma dump _XLX_SEP_ PragmaIsValid=1_XLX_SEP_ PragmaType=inline_XLX_SEP_ PragmaContext=_XLX_SEP_ PragmaFunction=DotProductDspQ610_XLX_SEP_ PragmaOptions=_XLX_SEP_ [-Wdump-hls-pragmas]
#pragma HLS inline
        ^
H:/subband_ref_q610_opt_stage4_latency_stepL2.cpp:1826:9: warning: HLS pragma dump _XLX_SEP_ PragmaIsValid=1_XLX_SEP_ PragmaType=array_partition_XLX_SEP_ PragmaContext=_XLX_SEP_ PragmaFunction=DotProductDspQ610_XLX_SEP_ PragmaOptions=variable=lane_sums complete dim=1_XLX_SEP_ [-Wdump-hls-pragmas]
#pragma HLS array_partition variable=lane_sums complete dim=1
        ^
H:/subband_ref_q610_opt_stage4_latency_stepL2.cpp:1829:9: warning: HLS pragma dump _XLX_SEP_ PragmaIsValid=1_XLX_SEP_ PragmaType=unroll_XLX_SEP_ PragmaContext=_XLX_SEP_ PragmaFunction=DotProductDspQ610_XLX_SEP_ PragmaOptions=_XLX_SEP_ [-Wdump-hls-pragmas]
#pragma HLS unroll
        ^
H:/subband_ref_q610_opt_stage4_latency_stepL2.cpp:1834:9: warning: HLS pragma dump _XLX_SEP_ PragmaIsValid=1_XLX_SEP_ PragmaType=pipeline_XLX_SEP_ PragmaContext=_XLX_SEP_ PragmaFunction=DotProductDspQ610_XLX_SEP_ PragmaOptions=II=1_XLX_SEP_ [-Wdump-hls-pragmas]
#pragma HLS pipeline II=1
        ^
H:/subband_ref_q610_opt_stage4_latency_stepL2.cpp:1836:9: warning: HLS pragma dump _XLX_SEP_ PragmaIsValid=1_XLX_SEP_ PragmaType=unroll_XLX_SEP_ PragmaContext=_XLX_SEP_ PragmaFunction=DotProductDspQ610_XLX_SEP_ PragmaOptions=_XLX_SEP_ [-Wdump-hls-pragmas]
#pragma HLS unroll
        ^
H:/subband_ref_q610_opt_stage4_latency_stepL2.cpp:1846:9: warning: HLS pragma dump _XLX_SEP_ PragmaIsValid=1_XLX_SEP_ PragmaType=unroll_XLX_SEP_ PragmaContext=_XLX_SEP_ PragmaFunction=DotProductDspQ610_XLX_SEP_ PragmaOptions=_XLX_SEP_ [-Wdump-hls-pragmas]
#pragma HLS unroll
        ^
H:/subband_ref_q610_opt_stage4_latency_stepL2.cpp:1859:9: warning: HLS pragma dump _XLX_SEP_ PragmaIsValid=1_XLX_SEP_ PragmaType=inline_XLX_SEP_ PragmaContext=_XLX_SEP_ PragmaFunction=RunGSUMacPhaseBand0Q610_XLX_SEP_ PragmaOptions=off_XLX_SEP_ [-Wdump-hls-pragmas]
#pragma HLS inline off
        ^
H:/subband_ref_q610_opt_stage4_latency_stepL2.cpp:1863:9: warning: HLS pragma dump _XLX_SEP_ PragmaIsValid=1_XLX_SEP_ PragmaType=unroll_XLX_SEP_ PragmaContext=_XLX_SEP_ PragmaFunction=RunGSUMacPhaseBand0Q610_XLX_SEP_ PragmaOptions=_XLX_SEP_ [-Wdump-hls-pragmas]
#pragma HLS unroll
        ^
H:/subband_ref_q610_opt_stage4_latency_stepL2.cpp:1886:9: warning: HLS pragma dump _XLX_SEP_ PragmaIsValid=1_XLX_SEP_ PragmaType=inline_XLX_SEP_ PragmaContext=_XLX_SEP_ PragmaFunction=RunGSUGatePhaseBand0Q610_XLX_SEP_ PragmaOptions=off_XLX_SEP_ [-Wdump-hls-pragmas]
#pragma HLS inline off
        ^
H:/subband_ref_q610_opt_stage4_latency_stepL2.cpp:1890:9: warning: HLS pragma dump _XLX_SEP_ PragmaIsValid=1_XLX_SEP_ PragmaType=unroll_XLX_SEP_ PragmaContext=_XLX_SEP_ PragmaFunction=RunGSUGatePhaseBand0Q610_XLX_SEP_ PragmaOptions=_XLX_SEP_ [-Wdump-hls-pragmas]
#pragma HLS unroll
        ^
H:/subband_ref_q610_opt_stage4_latency_stepL2.cpp:1926:9: warning: HLS pragma dump _XLX_SEP_ PragmaIsValid=1_XLX_SEP_ PragmaType=inline_XLX_SEP_ PragmaContext=_XLX_SEP_ PragmaFunction=SnapshotGSUStateQ610_XLX_SEP_ PragmaOptions=off_XLX_SEP_ [-Wdump-hls-pragmas]
#pragma HLS inline off
        ^
H:/subband_ref_q610_opt_stage4_latency_stepL2.cpp:1928:9: warning: HLS pragma dump _XLX_SEP_ PragmaIsValid=1_XLX_SEP_ PragmaType=pipeline_XLX_SEP_ PragmaContext=_XLX_SEP_ PragmaFunction=SnapshotGSUStateQ610_XLX_SEP_ PragmaOptions=II=1_XLX_SEP_ [-Wdump-hls-pragmas]
#pragma HLS pipeline II=1
        ^
H:/subband_ref_q610_opt_stage4_latency_stepL2.cpp:1930:9: warning: HLS pragma dump _XLX_SEP_ PragmaIsValid=1_XLX_SEP_ PragmaType=unroll_XLX_SEP_ PragmaContext=_XLX_SEP_ PragmaFunction=SnapshotGSUStateQ610_XLX_SEP_ PragmaOptions=_XLX_SEP_ [-Wdump-hls-pragmas]
#pragma HLS unroll
        ^
H:/subband_ref_q610_opt_stage4_latency_stepL2.cpp:1949:9: warning: HLS pragma dump _XLX_SEP_ PragmaIsValid=1_XLX_SEP_ PragmaType=inline_XLX_SEP_ PragmaContext=_XLX_SEP_ PragmaFunction=RunGSUCellBand0ParallelQ610_XLX_SEP_ PragmaOptions=off_XLX_SEP_ [-Wdump-hls-pragmas]
#pragma HLS inline off
        ^
H:/subband_ref_q610_opt_stage4_latency_stepL2.cpp:1953:9: warning: HLS pragma dump _XLX_SEP_ PragmaIsValid=1_XLX_SEP_ PragmaType=array_partition_XLX_SEP_ PragmaContext=_XLX_SEP_ PragmaFunction=RunGSUCellBand0ParallelQ610_XLX_SEP_ PragmaOptions=variable=prev_hx_q610 complete dim=1_XLX_SEP_ [-Wdump-hls-pragmas]
#pragma HLS array_partition variable=prev_hx_q610 complete dim=1
        ^
H:/subband_ref_q610_opt_stage4_latency_stepL2.cpp:1954:9: warning: HLS pragma dump _XLX_SEP_ PragmaIsValid=1_XLX_SEP_ PragmaType=array_partition_XLX_SEP_ PragmaContext=_XLX_SEP_ PragmaFunction=RunGSUCellBand0ParallelQ610_XLX_SEP_ PragmaOptions=variable=prev_cx_q610 complete dim=1_XLX_SEP_ [-Wdump-hls-pragmas]
#pragma HLS array_partition variable=prev_cx_q610 complete dim=1
        ^
H:/subband_ref_q610_opt_stage4_latency_stepL2.cpp:1955:9: warning: HLS pragma dump _XLX_SEP_ PragmaIsValid=1_XLX_SEP_ PragmaType=stream_XLX_SEP_ PragmaContext=_XLX_SEP_ PragmaFunction=RunGSUCellBand0ParallelQ610_XLX_SEP_ PragmaOptions=variable=common_sum_stream depth=2_XLX_SEP_ [-Wdump-hls-pragmas]
#pragma HLS stream variable=common_sum_stream depth=2
        ^
H:/subband_ref_q610_opt_stage4_latency_stepL2.cpp:1974:9: warning: HLS pragma dump _XLX_SEP_ PragmaIsValid=1_XLX_SEP_ PragmaType=inline_XLX_SEP_ PragmaContext=_XLX_SEP_ PragmaFunction=RunGSULayer0StreamParallelQ610_XLX_SEP_ PragmaOptions=off_XLX_SEP_ [-Wdump-hls-pragmas]
#pragma HLS inline off
        ^
H:/subband_ref_q610_opt_stage4_latency_stepL2.cpp:1977:9: warning: HLS pragma dump _XLX_SEP_ PragmaIsValid=1_XLX_SEP_ PragmaType=array_partition_XLX_SEP_ PragmaContext=_XLX_SEP_ PragmaFunction=RunGSULayer0StreamParallelQ610_XLX_SEP_ PragmaOptions=variable=input_buffer complete dim=1_XLX_SEP_ [-Wdump-hls-pragmas]
#pragma HLS array_partition variable=input_buffer complete dim=1
        ^
H:/subband_ref_q610_opt_stage4_latency_stepL2.cpp:1978:9: warning: HLS pragma dump _XLX_SEP_ PragmaIsValid=1_XLX_SEP_ PragmaType=array_partition_XLX_SEP_ PragmaContext=_XLX_SEP_ PragmaFunction=RunGSULayer0StreamParallelQ610_XLX_SEP_ PragmaOptions=variable=output_buffer cyclic factor=kLayer0HiddenPar dim=1_XLX_SEP_ [-Wdump-hls-pragmas]
#pragma HLS array_partition variable=output_buffer cyclic factor=kLayer0HiddenPar dim=1
        ^
H:/subband_ref_q610_opt_stage4_latency_stepL2.cpp:1981:9: warning: HLS pragma dump _XLX_SEP_ PragmaIsValid=1_XLX_SEP_ PragmaType=loop_tripcount_XLX_SEP_ PragmaContext=_XLX_SEP_ PragmaFunction=RunGSULayer0StreamParallelQ610_XLX_SEP_ PragmaOptions=min=kFixedNumFrames max=kFixedNumFrames_XLX_SEP_ [-Wdump-hls-pragmas]
#pragma HLS loop_tripcount min=kFixedNumFrames max=kFixedNumFrames
        ^
H:/subband_ref_q610_opt_stage4_latency_stepL2.cpp:2009:9: warning: HLS pragma dump _XLX_SEP_ PragmaIsValid=1_XLX_SEP_ PragmaType=inline_XLX_SEP_ PragmaContext=_XLX_SEP_ PragmaFunction=RunGSULayer1StreamParallelQ610_XLX_SEP_ PragmaOptions=off_XLX_SEP_ [-Wdump-hls-pragmas]
#pragma HLS inline off
        ^
H:/subband_ref_q610_opt_stage4_latency_stepL2.cpp:2012:9: warning: HLS pragma dump _XLX_SEP_ PragmaIsValid=1_XLX_SEP_ PragmaType=array_partition_XLX_SEP_ PragmaContext=_XLX_SEP_ PragmaFunction=RunGSULayer1StreamParallelQ610_XLX_SEP_ PragmaOptions=variable=input_buffer complete dim=1_XLX_SEP_ [-Wdump-hls-pragmas]
#pragma HLS array_partition variable=input_buffer complete dim=1
        ^
H:/subband_ref_q610_opt_stage4_latency_stepL2.cpp:2013:9: warning: HLS pragma dump _XLX_SEP_ PragmaIsValid=1_XLX_SEP_ PragmaType=array_partition_XLX_SEP_ PragmaContext=_XLX_SEP_ PragmaFunction=RunGSULayer1StreamParallelQ610_XLX_SEP_ PragmaOptions=variable=output_buffer cyclic factor=kLayer1HiddenPar dim=1_XLX_SEP_ [-Wdump-hls-pragmas]
#pragma HLS array_partition variable=output_buffer cyclic factor=kLayer1HiddenPar dim=1
        ^
H:/subband_ref_q610_opt_stage4_latency_stepL2.cpp:2016:9: warning: HLS pragma dump _XLX_SEP_ PragmaIsValid=1_XLX_SEP_ PragmaType=loop_tripcount_XLX_SEP_ PragmaContext=_XLX_SEP_ PragmaFunction=RunGSULayer1StreamParallelQ610_XLX_SEP_ PragmaOptions=min=kFixedNumFrames max=kFixedNumFrames_XLX_SEP_ [-Wdump-hls-pragmas]
#pragma HLS loop_tripcount min=kFixedNumFrames max=kFixedNumFrames
        ^
H:/subband_ref_q610_opt_stage4_latency_stepL2.cpp:2038:9: warning: HLS pragma dump _XLX_SEP_ PragmaIsValid=1_XLX_SEP_ PragmaType=inline_XLX_SEP_ PragmaContext=_XLX_SEP_ PragmaFunction=ProjectionDotProductDspQ610_XLX_SEP_ PragmaOptions=_XLX_SEP_ [-Wdump-hls-pragmas]
#pragma HLS inline
        ^
H:/subband_ref_q610_opt_stage4_latency_stepL2.cpp:2040:9: warning: HLS pragma dump _XLX_SEP_ PragmaIsValid=1_XLX_SEP_ PragmaType=array_partition_XLX_SEP_ PragmaContext=_XLX_SEP_ PragmaFunction=ProjectionDotProductDspQ610_XLX_SEP_ PragmaOptions=variable=lane_sums complete dim=1_XLX_SEP_ [-Wdump-hls-pragmas]
#pragma HLS array_partition variable=lane_sums complete dim=1
        ^
H:/subband_ref_q610_opt_stage4_latency_stepL2.cpp:2043:9: warning: HLS pragma dump _XLX_SEP_ PragmaIsValid=1_XLX_SEP_ PragmaType=unroll_XLX_SEP_ PragmaContext=_XLX_SEP_ PragmaFunction=ProjectionDotProductDspQ610_XLX_SEP_ PragmaOptions=_XLX_SEP_ [-Wdump-hls-pragmas]
#pragma HLS unroll
        ^
H:/subband_ref_q610_opt_stage4_latency_stepL2.cpp:2048:9: warning: HLS pragma dump _XLX_SEP_ PragmaIsValid=1_XLX_SEP_ PragmaType=pipeline_XLX_SEP_ PragmaContext=_XLX_SEP_ PragmaFunction=ProjectionDotProductDspQ610_XLX_SEP_ PragmaOptions=II=1_XLX_SEP_ [-Wdump-hls-pragmas]
#pragma HLS pipeline II=1
        ^
H:/subband_ref_q610_opt_stage4_latency_stepL2.cpp:2050:9: warning: HLS pragma dump _XLX_SEP_ PragmaIsValid=1_XLX_SEP_ PragmaType=unroll_XLX_SEP_ PragmaContext=_XLX_SEP_ PragmaFunction=ProjectionDotProductDspQ610_XLX_SEP_ PragmaOptions=_XLX_SEP_ [-Wdump-hls-pragmas]
#pragma HLS unroll
        ^
H:/subband_ref_q610_opt_stage4_latency_stepL2.cpp:2058:9: warning: HLS pragma dump _XLX_SEP_ PragmaIsValid=1_XLX_SEP_ PragmaType=unroll_XLX_SEP_ PragmaContext=_XLX_SEP_ PragmaFunction=ProjectionDotProductDspQ610_XLX_SEP_ PragmaOptions=_XLX_SEP_ [-Wdump-hls-pragmas]
#pragma HLS unroll
        ^
H:/subband_ref_q610_opt_stage4_latency_stepL2.cpp:2069:9: warning: HLS pragma dump _XLX_SEP_ PragmaIsValid=1_XLX_SEP_ PragmaType=inline_XLX_SEP_ PragmaContext=_XLX_SEP_ PragmaFunction=RunProjectionStoreBand0StreamParallelQ610_XLX_SEP_ PragmaOptions=off_XLX_SEP_ [-Wdump-hls-pragmas]
#pragma HLS inline off
        ^
H:/subband_ref_q610_opt_stage4_latency_stepL2.cpp:2071:9: warning: HLS pragma dump _XLX_SEP_ PragmaIsValid=1_XLX_SEP_ PragmaType=array_partition_XLX_SEP_ PragmaContext=_XLX_SEP_ PragmaFunction=RunProjectionStoreBand0StreamParallelQ610_XLX_SEP_ PragmaOptions=variable=input_buffer complete dim=1_XLX_SEP_ [-Wdump-hls-pragmas]
#pragma HLS array_partition variable=input_buffer complete dim=1
        ^
H:/subband_ref_q610_opt_stage4_latency_stepL2.cpp:2074:9: warning: HLS pragma dump _XLX_SEP_ PragmaIsValid=1_XLX_SEP_ PragmaType=loop_tripcount_XLX_SEP_ PragmaContext=_XLX_SEP_ PragmaFunction=RunProjectionStoreBand0StreamParallelQ610_XLX_SEP_ PragmaOptions=min=kFixedNumFrames max=kFixedNumFrames_XLX_SEP_ [-Wdump-hls-pragmas]
#pragma HLS loop_tripcount min=kFixedNumFrames max=kFixedNumFrames
        ^
H:/subband_ref_q610_opt_stage4_latency_stepL2.cpp:2121:9: warning: HLS pragma dump _XLX_SEP_ PragmaIsValid=1_XLX_SEP_ PragmaType=inline_XLX_SEP_ PragmaContext=_XLX_SEP_ PragmaFunction=RunBand0OptimizedDataflowQ610_XLX_SEP_ PragmaOptions=off_XLX_SEP_ [-Wdump-hls-pragmas]
#pragma HLS inline off
        ^
H:/subband_ref_q610_opt_stage4_latency_stepL2.cpp:2122:9: warning: HLS pragma dump _XLX_SEP_ PragmaIsValid=1_XLX_SEP_ PragmaType=stable_XLX_SEP_ PragmaContext=_XLX_SEP_ PragmaFunction=RunBand0OptimizedDataflowQ610_XLX_SEP_ PragmaOptions=variable=layer0_weight_ih_q610_XLX_SEP_ [-Wdump-hls-pragmas]
#pragma HLS stable variable=layer0_weight_ih_q610
        ^
H:/subband_ref_q610_opt_stage4_latency_stepL2.cpp:2123:9: warning: HLS pragma dump _XLX_SEP_ PragmaIsValid=1_XLX_SEP_ PragmaType=stable_XLX_SEP_ PragmaContext=_XLX_SEP_ PragmaFunction=RunBand0OptimizedDataflowQ610_XLX_SEP_ PragmaOptions=variable=layer0_weight_hh_q610_XLX_SEP_ [-Wdump-hls-pragmas]
#pragma HLS stable variable=layer0_weight_hh_q610
        ^
H:/subband_ref_q610_opt_stage4_latency_stepL2.cpp:2124:9: warning: HLS pragma dump _XLX_SEP_ PragmaIsValid=1_XLX_SEP_ PragmaType=stable_XLX_SEP_ PragmaContext=_XLX_SEP_ PragmaFunction=RunBand0OptimizedDataflowQ610_XLX_SEP_ PragmaOptions=variable=layer0_bias_ih_q610_XLX_SEP_ [-Wdump-hls-pragmas]
#pragma HLS stable variable=layer0_bias_ih_q610
        ^
H:/subband_ref_q610_opt_stage4_latency_stepL2.cpp:2125:9: warning: HLS pragma dump _XLX_SEP_ PragmaIsValid=1_XLX_SEP_ PragmaType=stable_XLX_SEP_ PragmaContext=_XLX_SEP_ PragmaFunction=RunBand0OptimizedDataflowQ610_XLX_SEP_ PragmaOptions=variable=layer0_bn_mul_q610_XLX_SEP_ [-Wdump-hls-pragmas]
#pragma HLS stable variable=layer0_bn_mul_q610
        ^
H:/subband_ref_q610_opt_stage4_latency_stepL2.cpp:2126:9: warning: HLS pragma dump _XLX_SEP_ PragmaIsValid=1_XLX_SEP_ PragmaType=stable_XLX_SEP_ PragmaContext=_XLX_SEP_ PragmaFunction=RunBand0OptimizedDataflowQ610_XLX_SEP_ PragmaOptions=variable=layer0_bn_add_q610_XLX_SEP_ [-Wdump-hls-pragmas]
#pragma HLS stable variable=layer0_bn_add_q610
        ^
H:/subband_ref_q610_opt_stage4_latency_stepL2.cpp:2127:9: warning: HLS pragma dump _XLX_SEP_ PragmaIsValid=1_XLX_SEP_ PragmaType=stable_XLX_SEP_ PragmaContext=_XLX_SEP_ PragmaFunction=RunBand0OptimizedDataflowQ610_XLX_SEP_ PragmaOptions=variable=layer1_weight_ih_q610_XLX_SEP_ [-Wdump-hls-pragmas]
#pragma HLS stable variable=layer1_weight_ih_q610
        ^
H:/subband_ref_q610_opt_stage4_latency_stepL2.cpp:2128:9: warning: HLS pragma dump _XLX_SEP_ PragmaIsValid=1_XLX_SEP_ PragmaType=stable_XLX_SEP_ PragmaContext=_XLX_SEP_ PragmaFunction=RunBand0OptimizedDataflowQ610_XLX_SEP_ PragmaOptions=variable=layer1_weight_hh_q610_XLX_SEP_ [-Wdump-hls-pragmas]
#pragma HLS stable variable=layer1_weight_hh_q610
        ^
H:/subband_ref_q610_opt_stage4_latency_stepL2.cpp:2129:9: warning: HLS pragma dump _XLX_SEP_ PragmaIsValid=1_XLX_SEP_ PragmaType=stable_XLX_SEP_ PragmaContext=_XLX_SEP_ PragmaFunction=RunBand0OptimizedDataflowQ610_XLX_SEP_ PragmaOptions=variable=layer1_bias_ih_q610_XLX_SEP_ [-Wdump-hls-pragmas]
#pragma HLS stable variable=layer1_bias_ih_q610
        ^
H:/subband_ref_q610_opt_stage4_latency_stepL2.cpp:2130:9: warning: HLS pragma dump _XLX_SEP_ PragmaIsValid=1_XLX_SEP_ PragmaType=stable_XLX_SEP_ PragmaContext=_XLX_SEP_ PragmaFunction=RunBand0OptimizedDataflowQ610_XLX_SEP_ PragmaOptions=variable=layer1_bn_mul_q610_XLX_SEP_ [-Wdump-hls-pragmas]
#pragma HLS stable variable=layer1_bn_mul_q610
        ^
H:/subband_ref_q610_opt_stage4_latency_stepL2.cpp:2131:9: warning: HLS pragma dump _XLX_SEP_ PragmaIsValid=1_XLX_SEP_ PragmaType=stable_XLX_SEP_ PragmaContext=_XLX_SEP_ PragmaFunction=RunBand0OptimizedDataflowQ610_XLX_SEP_ PragmaOptions=variable=layer1_bn_add_q610_XLX_SEP_ [-Wdump-hls-pragmas]
#pragma HLS stable variable=layer1_bn_add_q610
        ^
H:/subband_ref_q610_opt_stage4_latency_stepL2.cpp:2132:9: warning: HLS pragma dump _XLX_SEP_ PragmaIsValid=1_XLX_SEP_ PragmaType=stable_XLX_SEP_ PragmaContext=_XLX_SEP_ PragmaFunction=RunBand0OptimizedDataflowQ610_XLX_SEP_ PragmaOptions=variable=proj_weight_q610_XLX_SEP_ [-Wdump-hls-pragmas]
#pragma HLS stable variable=proj_weight_q610
        ^
H:/subband_ref_q610_opt_stage4_latency_stepL2.cpp:2133:9: warning: HLS pragma dump _XLX_SEP_ PragmaIsValid=1_XLX_SEP_ PragmaType=stable_XLX_SEP_ PragmaContext=_XLX_SEP_ PragmaFunction=RunBand0OptimizedDataflowQ610_XLX_SEP_ PragmaOptions=variable=proj_bias_q610_XLX_SEP_ [-Wdump-hls-pragmas]
#pragma HLS stable variable=proj_bias_q610
        ^
H:/subband_ref_q610_opt_stage4_latency_stepL2.cpp:2137:9: warning: HLS pragma dump _XLX_SEP_ PragmaIsValid=1_XLX_SEP_ PragmaType=stream_XLX_SEP_ PragmaContext=_XLX_SEP_ PragmaFunction=RunBand0OptimizedDataflowQ610_XLX_SEP_ PragmaOptions=variable=sequence_stream depth=128_XLX_SEP_ [-Wdump-hls-pragmas]
#pragma HLS stream variable=sequence_stream depth=128
        ^
H:/subband_ref_q610_opt_stage4_latency_stepL2.cpp:2138:9: warning: HLS pragma dump _XLX_SEP_ PragmaIsValid=1_XLX_SEP_ PragmaType=stream_XLX_SEP_ PragmaContext=_XLX_SEP_ PragmaFunction=RunBand0OptimizedDataflowQ610_XLX_SEP_ PragmaOptions=variable=layer0_output_stream depth=512_XLX_SEP_ [-Wdump-hls-pragmas]
#pragma HLS stream variable=layer0_output_stream depth=512
        ^
H:/subband_ref_q610_opt_stage4_latency_stepL2.cpp:2139:9: warning: HLS pragma dump _XLX_SEP_ PragmaIsValid=1_XLX_SEP_ PragmaType=stream_XLX_SEP_ PragmaContext=_XLX_SEP_ PragmaFunction=RunBand0OptimizedDataflowQ610_XLX_SEP_ PragmaOptions=variable=layer1_output_stream depth=512_XLX_SEP_ [-Wdump-hls-pragmas]
#pragma HLS stream variable=layer1_output_stream depth=512
        ^
H:/subband_ref_q610_opt_stage4_latency_stepL2.cpp:2141:9: warning: HLS pragma dump _XLX_SEP_ PragmaIsValid=1_XLX_SEP_ PragmaType=dataflow_XLX_SEP_ PragmaContext=_XLX_SEP_ PragmaFunction=RunBand0OptimizedDataflowQ610_XLX_SEP_ PragmaOptions=_XLX_SEP_ [-Wdump-hls-pragmas]
#pragma HLS dataflow
        ^
H:/subband_ref_q610_opt_stage4_latency_stepL2.cpp:2186:9: warning: HLS pragma dump _XLX_SEP_ PragmaIsValid=1_XLX_SEP_ PragmaType=inline_XLX_SEP_ PragmaContext=_XLX_SEP_ PragmaFunction=RunBand0OptimizedCoreQ610_XLX_SEP_ PragmaOptions=off_XLX_SEP_ [-Wdump-hls-pragmas]
#pragma HLS inline off
        ^
H:/subband_ref_q610_opt_stage4_latency_stepL2.cpp:2191:9: warning: HLS pragma dump _XLX_SEP_ PragmaIsValid=1_XLX_SEP_ PragmaType=array_partition_XLX_SEP_ PragmaContext=_XLX_SEP_ PragmaFunction=RunBand0OptimizedCoreQ610_XLX_SEP_ PragmaOptions=variable=layer0_hx_state_q610 cyclic factor=kLayer0HiddenPar dim=2_XLX_SEP_ [-Wdump-hls-pragmas]
#pragma HLS array_partition variable=layer0_hx_state_q610 cyclic factor=kLayer0HiddenPar dim=2
        ^
H:/subband_ref_q610_opt_stage4_latency_stepL2.cpp:2192:9: warning: HLS pragma dump _XLX_SEP_ PragmaIsValid=1_XLX_SEP_ PragmaType=array_partition_XLX_SEP_ PragmaContext=_XLX_SEP_ PragmaFunction=RunBand0OptimizedCoreQ610_XLX_SEP_ PragmaOptions=variable=layer0_cx_state_q610 cyclic factor=kLayer0HiddenPar dim=2_XLX_SEP_ [-Wdump-hls-pragmas]
#pragma HLS array_partition variable=layer0_cx_state_q610 cyclic factor=kLayer0HiddenPar dim=2
        ^
H:/subband_ref_q610_opt_stage4_latency_stepL2.cpp:2193:9: warning: HLS pragma dump _XLX_SEP_ PragmaIsValid=1_XLX_SEP_ PragmaType=array_partition_XLX_SEP_ PragmaContext=_XLX_SEP_ PragmaFunction=RunBand0OptimizedCoreQ610_XLX_SEP_ PragmaOptions=variable=layer1_hx_state_q610 cyclic factor=kLayer1HiddenPar dim=2_XLX_SEP_ [-Wdump-hls-pragmas]
#pragma HLS array_partition variable=layer1_hx_state_q610 cyclic factor=kLayer1HiddenPar dim=2
        ^
H:/subband_ref_q610_opt_stage4_latency_stepL2.cpp:2194:9: warning: HLS pragma dump _XLX_SEP_ PragmaIsValid=1_XLX_SEP_ PragmaType=array_partition_XLX_SEP_ PragmaContext=_XLX_SEP_ PragmaFunction=RunBand0OptimizedCoreQ610_XLX_SEP_ PragmaOptions=variable=layer1_cx_state_q610 cyclic factor=kLayer1HiddenPar dim=2_XLX_SEP_ [-Wdump-hls-pragmas]
#pragma HLS array_partition variable=layer1_cx_state_q610 cyclic factor=kLayer1HiddenPar dim=2
        ^
H:/run_hls_zybo_z7_20_synth_only.tcl:14:9: warning: HLS pragma dump _XLX_SEP_ PragmaIsValid=1_XLX_SEP_ PragmaType=top_XLX_SEP_ PragmaContext=directive_XLX_SEP_ PragmaFunction=SubbandBand0TopQ610_XLX_SEP_ PragmaOptions=name=SubbandBand0TopQ610_XLX_SEP_ [-Wdump-hls-pragmas]
#pragma HLSDIRECTIVE TOP name=SubbandBand0TopQ610
        ^
H:/subband_ref_q610_opt_stage4_latency_stepL2.cpp:2244:9: warning: HLS pragma dump _XLX_SEP_ PragmaIsValid=1_XLX_SEP_ PragmaType=interface_XLX_SEP_ PragmaContext=_XLX_SEP_ PragmaFunction=SubbandBand0TopQ610_XLX_SEP_ PragmaOptions=m_axi port=noisy_input_q610 offset=slave bundle=gmem_in depth=kBand0InputElementCount_XLX_SEP_ [-Wdump-hls-pragmas]
#pragma HLS INTERFACE m_axi port=noisy_input_q610 offset=slave bundle=gmem_in depth=kBand0InputElementCount
        ^
H:/subband_ref_q610_opt_stage4_latency_stepL2.cpp:2245:9: warning: HLS pragma dump _XLX_SEP_ PragmaIsValid=1_XLX_SEP_ PragmaType=interface_XLX_SEP_ PragmaContext=_XLX_SEP_ PragmaFunction=SubbandBand0TopQ610_XLX_SEP_ PragmaOptions=m_axi port=fb_output_q610 offset=slave bundle=gmem_in depth=kBand0InputElementCount_XLX_SEP_ [-Wdump-hls-pragmas]
#pragma HLS INTERFACE m_axi port=fb_output_q610 offset=slave bundle=gmem_in depth=kBand0InputElementCount
        ^
H:/subband_ref_q610_opt_stage4_latency_stepL2.cpp:2246:9: warning: HLS pragma dump _XLX_SEP_ PragmaIsValid=1_XLX_SEP_ PragmaType=interface_XLX_SEP_ PragmaContext=_XLX_SEP_ PragmaFunction=SubbandBand0TopQ610_XLX_SEP_ PragmaOptions=m_axi port=layer0_weight_ih_q610 offset=slave bundle=weights depth=(kSbHiddenSize * kBand0PackedInputSize)_XLX_SEP_ [-Wdump-hls-pragmas]
#pragma HLS INTERFACE m_axi port=layer0_weight_ih_q610 offset=slave bundle=weights depth=(kSbHiddenSize * kBand0PackedInputSize)
        ^
H:/subband_ref_q610_opt_stage4_latency_stepL2.cpp:2247:9: warning: HLS pragma dump _XLX_SEP_ PragmaIsValid=1_XLX_SEP_ PragmaType=interface_XLX_SEP_ PragmaContext=_XLX_SEP_ PragmaFunction=SubbandBand0TopQ610_XLX_SEP_ PragmaOptions=m_axi port=layer0_weight_hh_q610 offset=slave bundle=weights depth=(kSbHiddenSize * kSbHiddenSize)_XLX_SEP_ [-Wdump-hls-pragmas]
#pragma HLS INTERFACE m_axi port=layer0_weight_hh_q610 offset=slave bundle=weights depth=(kSbHiddenSize * kSbHiddenSize)
        ^
H:/subband_ref_q610_opt_stage4_latency_stepL2.cpp:2248:9: warning: HLS pragma dump _XLX_SEP_ PragmaIsValid=1_XLX_SEP_ PragmaType=interface_XLX_SEP_ PragmaContext=_XLX_SEP_ PragmaFunction=SubbandBand0TopQ610_XLX_SEP_ PragmaOptions=m_axi port=layer0_bias_ih_q610 offset=slave bundle=weights depth=(2 * kSbHiddenSize)_XLX_SEP_ [-Wdump-hls-pragmas]
#pragma HLS INTERFACE m_axi port=layer0_bias_ih_q610 offset=slave bundle=weights depth=(2 * kSbHiddenSize)
        ^
H:/subband_ref_q610_opt_stage4_latency_stepL2.cpp:2249:9: warning: HLS pragma dump _XLX_SEP_ PragmaIsValid=1_XLX_SEP_ PragmaType=interface_XLX_SEP_ PragmaContext=_XLX_SEP_ PragmaFunction=SubbandBand0TopQ610_XLX_SEP_ PragmaOptions=m_axi port=layer0_bn_mul_q610 offset=slave bundle=weights depth=kSbHiddenSize_XLX_SEP_ [-Wdump-hls-pragmas]
#pragma HLS INTERFACE m_axi port=layer0_bn_mul_q610 offset=slave bundle=weights depth=kSbHiddenSize
        ^
H:/subband_ref_q610_opt_stage4_latency_stepL2.cpp:2250:9: warning: HLS pragma dump _XLX_SEP_ PragmaIsValid=1_XLX_SEP_ PragmaType=interface_XLX_SEP_ PragmaContext=_XLX_SEP_ PragmaFunction=SubbandBand0TopQ610_XLX_SEP_ PragmaOptions=m_axi port=layer0_bn_add_q610 offset=slave bundle=weights depth=kSbHiddenSize_XLX_SEP_ [-Wdump-hls-pragmas]
#pragma HLS INTERFACE m_axi port=layer0_bn_add_q610 offset=slave bundle=weights depth=kSbHiddenSize
        ^
H:/subband_ref_q610_opt_stage4_latency_stepL2.cpp:2251:9: warning: HLS pragma dump _XLX_SEP_ PragmaIsValid=1_XLX_SEP_ PragmaType=interface_XLX_SEP_ PragmaContext=_XLX_SEP_ PragmaFunction=SubbandBand0TopQ610_XLX_SEP_ PragmaOptions=m_axi port=layer1_weight_ih_q610 offset=slave bundle=weights depth=(kSbHiddenSize * kSbHiddenSize)_XLX_SEP_ [-Wdump-hls-pragmas]
#pragma HLS INTERFACE m_axi port=layer1_weight_ih_q610 offset=slave bundle=weights depth=(kSbHiddenSize * kSbHiddenSize)
        ^
H:/subband_ref_q610_opt_stage4_latency_stepL2.cpp:2252:9: warning: HLS pragma dump _XLX_SEP_ PragmaIsValid=1_XLX_SEP_ PragmaType=interface_XLX_SEP_ PragmaContext=_XLX_SEP_ PragmaFunction=SubbandBand0TopQ610_XLX_SEP_ PragmaOptions=m_axi port=layer1_weight_hh_q610 offset=slave bundle=weights depth=(kSbHiddenSize * kSbHiddenSize)_XLX_SEP_ [-Wdump-hls-pragmas]
#pragma HLS INTERFACE m_axi port=layer1_weight_hh_q610 offset=slave bundle=weights depth=(kSbHiddenSize * kSbHiddenSize)
        ^
H:/subband_ref_q610_opt_stage4_latency_stepL2.cpp:2253:9: warning: HLS pragma dump _XLX_SEP_ PragmaIsValid=1_XLX_SEP_ PragmaType=interface_XLX_SEP_ PragmaContext=_XLX_SEP_ PragmaFunction=SubbandBand0TopQ610_XLX_SEP_ PragmaOptions=m_axi port=layer1_bias_ih_q610 offset=slave bundle=weights depth=(2 * kSbHiddenSize)_XLX_SEP_ [-Wdump-hls-pragmas]
#pragma HLS INTERFACE m_axi port=layer1_bias_ih_q610 offset=slave bundle=weights depth=(2 * kSbHiddenSize)
        ^
H:/subband_ref_q610_opt_stage4_latency_stepL2.cpp:2254:9: warning: HLS pragma dump _XLX_SEP_ PragmaIsValid=1_XLX_SEP_ PragmaType=interface_XLX_SEP_ PragmaContext=_XLX_SEP_ PragmaFunction=SubbandBand0TopQ610_XLX_SEP_ PragmaOptions=m_axi port=layer1_bn_mul_q610 offset=slave bundle=weights depth=kSbHiddenSize_XLX_SEP_ [-Wdump-hls-pragmas]
#pragma HLS INTERFACE m_axi port=layer1_bn_mul_q610 offset=slave bundle=weights depth=kSbHiddenSize
        ^
H:/subband_ref_q610_opt_stage4_latency_stepL2.cpp:2255:9: warning: HLS pragma dump _XLX_SEP_ PragmaIsValid=1_XLX_SEP_ PragmaType=interface_XLX_SEP_ PragmaContext=_XLX_SEP_ PragmaFunction=SubbandBand0TopQ610_XLX_SEP_ PragmaOptions=m_axi port=layer1_bn_add_q610 offset=slave bundle=weights depth=kSbHiddenSize_XLX_SEP_ [-Wdump-hls-pragmas]
#pragma HLS INTERFACE m_axi port=layer1_bn_add_q610 offset=slave bundle=weights depth=kSbHiddenSize
        ^
H:/subband_ref_q610_opt_stage4_latency_stepL2.cpp:2256:9: warning: HLS pragma dump _XLX_SEP_ PragmaIsValid=1_XLX_SEP_ PragmaType=interface_XLX_SEP_ PragmaContext=_XLX_SEP_ PragmaFunction=SubbandBand0TopQ610_XLX_SEP_ PragmaOptions=m_axi port=proj_weight_q610 offset=slave bundle=weights depth=(kBand0ProjSize * kSbHiddenSize)_XLX_SEP_ [-Wdump-hls-pragmas]
#pragma HLS INTERFACE m_axi port=proj_weight_q610 offset=slave bundle=weights depth=(kBand0ProjSize * kSbHiddenSize)
        ^
H:/subband_ref_q610_opt_stage4_latency_stepL2.cpp:2257:9: warning: HLS pragma dump _XLX_SEP_ PragmaIsValid=1_XLX_SEP_ PragmaType=interface_XLX_SEP_ PragmaContext=_XLX_SEP_ PragmaFunction=SubbandBand0TopQ610_XLX_SEP_ PragmaOptions=m_axi port=proj_bias_q610 offset=slave bundle=weights depth=kBand0ProjSize_XLX_SEP_ [-Wdump-hls-pragmas]
#pragma HLS INTERFACE m_axi port=proj_bias_q610 offset=slave bundle=weights depth=kBand0ProjSize
        ^
H:/subband_ref_q610_opt_stage4_latency_stepL2.cpp:2258:9: warning: HLS pragma dump _XLX_SEP_ PragmaIsValid=1_XLX_SEP_ PragmaType=interface_XLX_SEP_ PragmaContext=_XLX_SEP_ PragmaFunction=SubbandBand0TopQ610_XLX_SEP_ PragmaOptions=m_axi port=df_coef_q610 offset=slave bundle=gmem_out depth=kBand0DfCoefElementCount_XLX_SEP_ [-Wdump-hls-pragmas]
#pragma HLS INTERFACE m_axi port=df_coef_q610 offset=slave bundle=gmem_out depth=kBand0DfCoefElementCount
        ^
H:/subband_ref_q610_opt_stage4_latency_stepL2.cpp:2259:9: warning: HLS pragma dump _XLX_SEP_ PragmaIsValid=1_XLX_SEP_ PragmaType=interface_XLX_SEP_ PragmaContext=_XLX_SEP_ PragmaFunction=SubbandBand0TopQ610_XLX_SEP_ PragmaOptions=s_axilite port=noisy_input_q610 bundle=control_XLX_SEP_ [-Wdump-hls-pragmas]
#pragma HLS INTERFACE s_axilite port=noisy_input_q610 bundle=control
        ^
H:/subband_ref_q610_opt_stage4_latency_stepL2.cpp:2260:9: warning: HLS pragma dump _XLX_SEP_ PragmaIsValid=1_XLX_SEP_ PragmaType=interface_XLX_SEP_ PragmaContext=_XLX_SEP_ PragmaFunction=SubbandBand0TopQ610_XLX_SEP_ PragmaOptions=s_axilite port=fb_output_q610 bundle=control_XLX_SEP_ [-Wdump-hls-pragmas]
#pragma HLS INTERFACE s_axilite port=fb_output_q610 bundle=control
        ^
H:/subband_ref_q610_opt_stage4_latency_stepL2.cpp:2261:9: warning: HLS pragma dump _XLX_SEP_ PragmaIsValid=1_XLX_SEP_ PragmaType=interface_XLX_SEP_ PragmaContext=_XLX_SEP_ PragmaFunction=SubbandBand0TopQ610_XLX_SEP_ PragmaOptions=s_axilite port=layer0_weight_ih_q610 bundle=control_XLX_SEP_ [-Wdump-hls-pragmas]
#pragma HLS INTERFACE s_axilite port=layer0_weight_ih_q610 bundle=control
        ^
H:/subband_ref_q610_opt_stage4_latency_stepL2.cpp:2262:9: warning: HLS pragma dump _XLX_SEP_ PragmaIsValid=1_XLX_SEP_ PragmaType=interface_XLX_SEP_ PragmaContext=_XLX_SEP_ PragmaFunction=SubbandBand0TopQ610_XLX_SEP_ PragmaOptions=s_axilite port=layer0_weight_hh_q610 bundle=control_XLX_SEP_ [-Wdump-hls-pragmas]
#pragma HLS INTERFACE s_axilite port=layer0_weight_hh_q610 bundle=control
        ^
H:/subband_ref_q610_opt_stage4_latency_stepL2.cpp:2263:9: warning: HLS pragma dump _XLX_SEP_ PragmaIsValid=1_XLX_SEP_ PragmaType=interface_XLX_SEP_ PragmaContext=_XLX_SEP_ PragmaFunction=SubbandBand0TopQ610_XLX_SEP_ PragmaOptions=s_axilite port=layer0_bias_ih_q610 bundle=control_XLX_SEP_ [-Wdump-hls-pragmas]
#pragma HLS INTERFACE s_axilite port=layer0_bias_ih_q610 bundle=control
        ^
H:/subband_ref_q610_opt_stage4_latency_stepL2.cpp:2264:9: warning: HLS pragma dump _XLX_SEP_ PragmaIsValid=1_XLX_SEP_ PragmaType=interface_XLX_SEP_ PragmaContext=_XLX_SEP_ PragmaFunction=SubbandBand0TopQ610_XLX_SEP_ PragmaOptions=s_axilite port=layer0_bn_mul_q610 bundle=control_XLX_SEP_ [-Wdump-hls-pragmas]
#pragma HLS INTERFACE s_axilite port=layer0_bn_mul_q610 bundle=control
        ^
H:/subband_ref_q610_opt_stage4_latency_stepL2.cpp:2265:9: warning: HLS pragma dump _XLX_SEP_ PragmaIsValid=1_XLX_SEP_ PragmaType=interface_XLX_SEP_ PragmaContext=_XLX_SEP_ PragmaFunction=SubbandBand0TopQ610_XLX_SEP_ PragmaOptions=s_axilite port=layer0_bn_add_q610 bundle=control_XLX_SEP_ [-Wdump-hls-pragmas]
#pragma HLS INTERFACE s_axilite port=layer0_bn_add_q610 bundle=control
        ^
H:/subband_ref_q610_opt_stage4_latency_stepL2.cpp:2266:9: warning: HLS pragma dump _XLX_SEP_ PragmaIsValid=1_XLX_SEP_ PragmaType=interface_XLX_SEP_ PragmaContext=_XLX_SEP_ PragmaFunction=SubbandBand0TopQ610_XLX_SEP_ PragmaOptions=s_axilite port=layer1_weight_ih_q610 bundle=control_XLX_SEP_ [-Wdump-hls-pragmas]
#pragma HLS INTERFACE s_axilite port=layer1_weight_ih_q610 bundle=control
        ^
H:/subband_ref_q610_opt_stage4_latency_stepL2.cpp:2267:9: warning: HLS pragma dump _XLX_SEP_ PragmaIsValid=1_XLX_SEP_ PragmaType=interface_XLX_SEP_ PragmaContext=_XLX_SEP_ PragmaFunction=SubbandBand0TopQ610_XLX_SEP_ PragmaOptions=s_axilite port=layer1_weight_hh_q610 bundle=control_XLX_SEP_ [-Wdump-hls-pragmas]
#pragma HLS INTERFACE s_axilite port=layer1_weight_hh_q610 bundle=control
        ^
H:/subband_ref_q610_opt_stage4_latency_stepL2.cpp:2268:9: warning: HLS pragma dump _XLX_SEP_ PragmaIsValid=1_XLX_SEP_ PragmaType=interface_XLX_SEP_ PragmaContext=_XLX_SEP_ PragmaFunction=SubbandBand0TopQ610_XLX_SEP_ PragmaOptions=s_axilite port=layer1_bias_ih_q610 bundle=control_XLX_SEP_ [-Wdump-hls-pragmas]
#pragma HLS INTERFACE s_axilite port=layer1_bias_ih_q610 bundle=control
        ^
H:/subband_ref_q610_opt_stage4_latency_stepL2.cpp:2269:9: warning: HLS pragma dump _XLX_SEP_ PragmaIsValid=1_XLX_SEP_ PragmaType=interface_XLX_SEP_ PragmaContext=_XLX_SEP_ PragmaFunction=SubbandBand0TopQ610_XLX_SEP_ PragmaOptions=s_axilite port=layer1_bn_mul_q610 bundle=control_XLX_SEP_ [-Wdump-hls-pragmas]
#pragma HLS INTERFACE s_axilite port=layer1_bn_mul_q610 bundle=control
        ^
H:/subband_ref_q610_opt_stage4_latency_stepL2.cpp:2270:9: warning: HLS pragma dump _XLX_SEP_ PragmaIsValid=1_XLX_SEP_ PragmaType=interface_XLX_SEP_ PragmaContext=_XLX_SEP_ PragmaFunction=SubbandBand0TopQ610_XLX_SEP_ PragmaOptions=s_axilite port=layer1_bn_add_q610 bundle=control_XLX_SEP_ [-Wdump-hls-pragmas]
#pragma HLS INTERFACE s_axilite port=layer1_bn_add_q610 bundle=control
        ^
H:/subband_ref_q610_opt_stage4_latency_stepL2.cpp:2271:9: warning: HLS pragma dump _XLX_SEP_ PragmaIsValid=1_XLX_SEP_ PragmaType=interface_XLX_SEP_ PragmaContext=_XLX_SEP_ PragmaFunction=SubbandBand0TopQ610_XLX_SEP_ PragmaOptions=s_axilite port=proj_weight_q610 bundle=control_XLX_SEP_ [-Wdump-hls-pragmas]
#pragma HLS INTERFACE s_axilite port=proj_weight_q610 bundle=control
        ^
H:/subband_ref_q610_opt_stage4_latency_stepL2.cpp:2272:9: warning: HLS pragma dump _XLX_SEP_ PragmaIsValid=1_XLX_SEP_ PragmaType=interface_XLX_SEP_ PragmaContext=_XLX_SEP_ PragmaFunction=SubbandBand0TopQ610_XLX_SEP_ PragmaOptions=s_axilite port=proj_bias_q610 bundle=control_XLX_SEP_ [-Wdump-hls-pragmas]
#pragma HLS INTERFACE s_axilite port=proj_bias_q610 bundle=control
        ^
H:/subband_ref_q610_opt_stage4_latency_stepL2.cpp:2273:9: warning: HLS pragma dump _XLX_SEP_ PragmaIsValid=1_XLX_SEP_ PragmaType=interface_XLX_SEP_ PragmaContext=_XLX_SEP_ PragmaFunction=SubbandBand0TopQ610_XLX_SEP_ PragmaOptions=s_axilite port=df_coef_q610 bundle=control_XLX_SEP_ [-Wdump-hls-pragmas]
#pragma HLS INTERFACE s_axilite port=df_coef_q610 bundle=control
        ^
H:/subband_ref_q610_opt_stage4_latency_stepL2.cpp:2274:9: warning: HLS pragma dump _XLX_SEP_ PragmaIsValid=1_XLX_SEP_ PragmaType=interface_XLX_SEP_ PragmaContext=_XLX_SEP_ PragmaFunction=SubbandBand0TopQ610_XLX_SEP_ PragmaOptions=s_axilite port=return bundle=control_XLX_SEP_ [-Wdump-hls-pragmas]
#pragma HLS INTERFACE s_axilite port=return bundle=control
        ^
H:/subband_ref_q610_opt_stage4_latency_stepL2.cpp:2289:9: warning: HLS pragma dump _XLX_SEP_ PragmaIsValid=1_XLX_SEP_ PragmaType=bind_storage_XLX_SEP_ PragmaContext=_XLX_SEP_ PragmaFunction=SubbandBand0TopQ610_XLX_SEP_ PragmaOptions=variable=layer0_weight_ih_local type=ram_2p impl=bram_XLX_SEP_ [-Wdump-hls-pragmas]
#pragma HLS bind_storage variable=layer0_weight_ih_local type=ram_2p impl=bram
        ^
H:/subband_ref_q610_opt_stage4_latency_stepL2.cpp:2290:9: warning: HLS pragma dump _XLX_SEP_ PragmaIsValid=1_XLX_SEP_ PragmaType=bind_storage_XLX_SEP_ PragmaContext=_XLX_SEP_ PragmaFunction=SubbandBand0TopQ610_XLX_SEP_ PragmaOptions=variable=layer0_weight_hh_local type=ram_2p impl=bram_XLX_SEP_ [-Wdump-hls-pragmas]
#pragma HLS bind_storage variable=layer0_weight_hh_local type=ram_2p impl=bram
        ^
H:/subband_ref_q610_opt_stage4_latency_stepL2.cpp:2291:9: warning: HLS pragma dump _XLX_SEP_ PragmaIsValid=1_XLX_SEP_ PragmaType=bind_storage_XLX_SEP_ PragmaContext=_XLX_SEP_ PragmaFunction=SubbandBand0TopQ610_XLX_SEP_ PragmaOptions=variable=layer1_weight_ih_local type=ram_2p impl=bram_XLX_SEP_ [-Wdump-hls-pragmas]
#pragma HLS bind_storage variable=layer1_weight_ih_local type=ram_2p impl=bram
        ^
H:/subband_ref_q610_opt_stage4_latency_stepL2.cpp:2292:9: warning: HLS pragma dump _XLX_SEP_ PragmaIsValid=1_XLX_SEP_ PragmaType=bind_storage_XLX_SEP_ PragmaContext=_XLX_SEP_ PragmaFunction=SubbandBand0TopQ610_XLX_SEP_ PragmaOptions=variable=layer1_weight_hh_local type=ram_2p impl=bram_XLX_SEP_ [-Wdump-hls-pragmas]
#pragma HLS bind_storage variable=layer1_weight_hh_local type=ram_2p impl=bram
        ^
H:/subband_ref_q610_opt_stage4_latency_stepL2.cpp:2293:9: warning: HLS pragma dump _XLX_SEP_ PragmaIsValid=1_XLX_SEP_ PragmaType=bind_storage_XLX_SEP_ PragmaContext=_XLX_SEP_ PragmaFunction=SubbandBand0TopQ610_XLX_SEP_ PragmaOptions=variable=proj_weight_local type=ram_2p impl=bram_XLX_SEP_ [-Wdump-hls-pragmas]
#pragma HLS bind_storage variable=proj_weight_local type=ram_2p impl=bram
        ^
H:/subband_ref_q610_opt_stage4_latency_stepL2.cpp:2294:9: warning: HLS pragma dump _XLX_SEP_ PragmaIsValid=1_XLX_SEP_ PragmaType=array_partition_XLX_SEP_ PragmaContext=_XLX_SEP_ PragmaFunction=SubbandBand0TopQ610_XLX_SEP_ PragmaOptions=variable=layer0_weight_ih_local cyclic factor=kLayer0HiddenPar dim=1_XLX_SEP_ [-Wdump-hls-pragmas]
#pragma HLS array_partition variable=layer0_weight_ih_local cyclic factor=kLayer0HiddenPar dim=1
        ^
H:/subband_ref_q610_opt_stage4_latency_stepL2.cpp:2295:9: warning: HLS pragma dump _XLX_SEP_ PragmaIsValid=1_XLX_SEP_ PragmaType=array_reshape_XLX_SEP_ PragmaContext=_XLX_SEP_ PragmaFunction=SubbandBand0TopQ610_XLX_SEP_ PragmaOptions=variable=layer0_weight_ih_local cyclic factor=kLayer0InputPar dim=2_XLX_SEP_ [-Wdump-hls-pragmas]
#pragma HLS array_reshape variable=layer0_weight_ih_local cyclic factor=kLayer0InputPar dim=2
        ^
H:/subband_ref_q610_opt_stage4_latency_stepL2.cpp:2296:9: warning: HLS pragma dump _XLX_SEP_ PragmaIsValid=1_XLX_SEP_ PragmaType=array_partition_XLX_SEP_ PragmaContext=_XLX_SEP_ PragmaFunction=SubbandBand0TopQ610_XLX_SEP_ PragmaOptions=variable=layer0_weight_hh_local cyclic factor=kLayer0HiddenPar dim=1_XLX_SEP_ [-Wdump-hls-pragmas]
#pragma HLS array_partition variable=layer0_weight_hh_local cyclic factor=kLayer0HiddenPar dim=1
        ^
H:/subband_ref_q610_opt_stage4_latency_stepL2.cpp:2297:9: warning: HLS pragma dump _XLX_SEP_ PragmaIsValid=1_XLX_SEP_ PragmaType=array_reshape_XLX_SEP_ PragmaContext=_XLX_SEP_ PragmaFunction=SubbandBand0TopQ610_XLX_SEP_ PragmaOptions=variable=layer0_weight_hh_local cyclic factor=kLayer0RecurrentPar dim=2_XLX_SEP_ [-Wdump-hls-pragmas]
#pragma HLS array_reshape variable=layer0_weight_hh_local cyclic factor=kLayer0RecurrentPar dim=2
        ^
H:/subband_ref_q610_opt_stage4_latency_stepL2.cpp:2298:9: warning: HLS pragma dump _XLX_SEP_ PragmaIsValid=1_XLX_SEP_ PragmaType=array_partition_XLX_SEP_ PragmaContext=_XLX_SEP_ PragmaFunction=SubbandBand0TopQ610_XLX_SEP_ PragmaOptions=variable=layer0_bias_ih_local cyclic factor=kLayer0HiddenPar dim=2_XLX_SEP_ [-Wdump-hls-pragmas]
#pragma HLS array_partition variable=layer0_bias_ih_local cyclic factor=kLayer0HiddenPar dim=2
        ^
H:/subband_ref_q610_opt_stage4_latency_stepL2.cpp:2299:9: warning: HLS pragma dump _XLX_SEP_ PragmaIsValid=1_XLX_SEP_ PragmaType=array_partition_XLX_SEP_ PragmaContext=_XLX_SEP_ PragmaFunction=SubbandBand0TopQ610_XLX_SEP_ PragmaOptions=variable=layer0_bn_mul_local cyclic factor=kLayer0HiddenPar dim=1_XLX_SEP_ [-Wdump-hls-pragmas]
#pragma HLS array_partition variable=layer0_bn_mul_local cyclic factor=kLayer0HiddenPar dim=1
        ^
H:/subband_ref_q610_opt_stage4_latency_stepL2.cpp:2300:9: warning: HLS pragma dump _XLX_SEP_ PragmaIsValid=1_XLX_SEP_ PragmaType=array_partition_XLX_SEP_ PragmaContext=_XLX_SEP_ PragmaFunction=SubbandBand0TopQ610_XLX_SEP_ PragmaOptions=variable=layer0_bn_add_local cyclic factor=kLayer0HiddenPar dim=1_XLX_SEP_ [-Wdump-hls-pragmas]
#pragma HLS array_partition variable=layer0_bn_add_local cyclic factor=kLayer0HiddenPar dim=1
        ^
H:/subband_ref_q610_opt_stage4_latency_stepL2.cpp:2301:9: warning: HLS pragma dump _XLX_SEP_ PragmaIsValid=1_XLX_SEP_ PragmaType=array_partition_XLX_SEP_ PragmaContext=_XLX_SEP_ PragmaFunction=SubbandBand0TopQ610_XLX_SEP_ PragmaOptions=variable=layer1_weight_ih_local cyclic factor=kLayer1HiddenPar dim=1_XLX_SEP_ [-Wdump-hls-pragmas]
#pragma HLS array_partition variable=layer1_weight_ih_local cyclic factor=kLayer1HiddenPar dim=1
        ^
H:/subband_ref_q610_opt_stage4_latency_stepL2.cpp:2302:9: warning: HLS pragma dump _XLX_SEP_ PragmaIsValid=1_XLX_SEP_ PragmaType=array_reshape_XLX_SEP_ PragmaContext=_XLX_SEP_ PragmaFunction=SubbandBand0TopQ610_XLX_SEP_ PragmaOptions=variable=layer1_weight_ih_local cyclic factor=kLayer1InputPar dim=2_XLX_SEP_ [-Wdump-hls-pragmas]
#pragma HLS array_reshape variable=layer1_weight_ih_local cyclic factor=kLayer1InputPar dim=2
        ^
H:/subband_ref_q610_opt_stage4_latency_stepL2.cpp:2303:9: warning: HLS pragma dump _XLX_SEP_ PragmaIsValid=1_XLX_SEP_ PragmaType=array_partition_XLX_SEP_ PragmaContext=_XLX_SEP_ PragmaFunction=SubbandBand0TopQ610_XLX_SEP_ PragmaOptions=variable=layer1_weight_hh_local cyclic factor=kLayer1HiddenPar dim=1_XLX_SEP_ [-Wdump-hls-pragmas]
#pragma HLS array_partition variable=layer1_weight_hh_local cyclic factor=kLayer1HiddenPar dim=1
        ^
H:/subband_ref_q610_opt_stage4_latency_stepL2.cpp:2304:9: warning: HLS pragma dump _XLX_SEP_ PragmaIsValid=1_XLX_SEP_ PragmaType=array_reshape_XLX_SEP_ PragmaContext=_XLX_SEP_ PragmaFunction=SubbandBand0TopQ610_XLX_SEP_ PragmaOptions=variable=layer1_weight_hh_local cyclic factor=kLayer1RecurrentPar dim=2_XLX_SEP_ [-Wdump-hls-pragmas]
#pragma HLS array_reshape variable=layer1_weight_hh_local cyclic factor=kLayer1RecurrentPar dim=2
        ^
H:/subband_ref_q610_opt_stage4_latency_stepL2.cpp:2305:9: warning: HLS pragma dump _XLX_SEP_ PragmaIsValid=1_XLX_SEP_ PragmaType=array_partition_XLX_SEP_ PragmaContext=_XLX_SEP_ PragmaFunction=SubbandBand0TopQ610_XLX_SEP_ PragmaOptions=variable=layer1_bias_ih_local cyclic factor=kLayer1HiddenPar dim=2_XLX_SEP_ [-Wdump-hls-pragmas]
#pragma HLS array_partition variable=layer1_bias_ih_local cyclic factor=kLayer1HiddenPar dim=2
        ^
H:/subband_ref_q610_opt_stage4_latency_stepL2.cpp:2306:9: warning: HLS pragma dump _XLX_SEP_ PragmaIsValid=1_XLX_SEP_ PragmaType=array_partition_XLX_SEP_ PragmaContext=_XLX_SEP_ PragmaFunction=SubbandBand0TopQ610_XLX_SEP_ PragmaOptions=variable=layer1_bn_mul_local cyclic factor=kLayer1HiddenPar dim=1_XLX_SEP_ [-Wdump-hls-pragmas]
#pragma HLS array_partition variable=layer1_bn_mul_local cyclic factor=kLayer1HiddenPar dim=1
        ^
H:/subband_ref_q610_opt_stage4_latency_stepL2.cpp:2307:9: warning: HLS pragma dump _XLX_SEP_ PragmaIsValid=1_XLX_SEP_ PragmaType=array_partition_XLX_SEP_ PragmaContext=_XLX_SEP_ PragmaFunction=SubbandBand0TopQ610_XLX_SEP_ PragmaOptions=variable=layer1_bn_add_local cyclic factor=kLayer1HiddenPar dim=1_XLX_SEP_ [-Wdump-hls-pragmas]
#pragma HLS array_partition variable=layer1_bn_add_local cyclic factor=kLayer1HiddenPar dim=1
        ^
H:/subband_ref_q610_opt_stage4_latency_stepL2.cpp:2308:9: warning: HLS pragma dump _XLX_SEP_ PragmaIsValid=1_XLX_SEP_ PragmaType=array_reshape_XLX_SEP_ PragmaContext=_XLX_SEP_ PragmaFunction=SubbandBand0TopQ610_XLX_SEP_ PragmaOptions=variable=proj_weight_local cyclic factor=kProjectionDotPar dim=2_XLX_SEP_ [-Wdump-hls-pragmas]
#pragma HLS array_reshape variable=proj_weight_local cyclic factor=kProjectionDotPar dim=2
        ^
181 warnings generated.
