INFO: [SIM 2] *************** CSIM start ***************
INFO: [SIM 4] CSIM will launch GCC as the compiler.
   Compiling ../../../../subband_q610_hls_tb.cpp in debug mode
   Compiling ../../../../subband_ref_q610_opt_stage4_latency_stepL2.cpp in debug mode
   Generating csim.exe
[REF] RunBandQ610 start
[REF] batch_size=1 num_frames=8 num_subbands=8 packed_input_size=38 proj_size=40
[REF] FreqUnfold noisy start
[REF] FreqUnfold noisy done
[REF] FreqUnfold fb start
[REF] FreqUnfold fb done
[REF] Concat start
[REF] Concat done
[REF] Pack/PackedToSequence start
[REF] Pack/PackedToSequence done
[REF] Clear layer0 hx start
[REF] Clear layer0 hx done
[REF] Clear layer0 cx start
[REF] Clear layer0 cx done
[REF] Clear layer1 hx start
[REF] Clear layer1 hx done
[REF] Clear layer1 cx start
[REF] Clear layer1 cx done
[REF] RunStackedGSU start
[REF] RunStackedGSU done
[REF] RunProjection start
[REF] RunProjection done
[REF] ProjectToDfCoef start
[REF] ProjectToDfCoef done
[REF] RunBandQ610 done
Band0 optimized smoke test passed for 8 frames.
INFO [HLS SIM]: The maximum depth reached by any hls::stream() instance in the design is 112
INFO: [SIM 1] CSim done with 0 errors.
INFO: [SIM 3] *************** CSIM finish ***************
