#-----------------------------------------------------------
# Vivado v2023.2 (64-bit)
# SW Build 4029153 on Fri Oct 13 20:14:34 MDT 2023
# IP Build 4028589 on Sat Oct 14 00:45:43 MDT 2023
# SharedData Build 4025554 on Tue Oct 10 17:18:54 MDT 2023
# Start of session at: Sat May 23 20:33:09 2026
# Process ID: 8756
# Current directory: H:/build/hls/subband_q610_realtime_rtl_engine_hls/solution1/impl/ip
# Command line: vivado.exe -notrace -mode batch -source run_ippack.tcl
# Log file: H:/build/hls/subband_q610_realtime_rtl_engine_hls/solution1/impl/ip/vivado.log
# Journal file: H:/build/hls/subband_q610_realtime_rtl_engine_hls/solution1/impl/ip\vivado.jou
# Running On: DESKTOP-PMQ3QCF, OS: Windows, CPU Frequency: 3418 MHz, CPU Physical cores: 4, Host memory: 17016 MB
#-----------------------------------------------------------
CRITICAL WARNING: [Common 17-741] No write access right to the local Tcl store at 'C'. XilinxTclStore is reverted to the installation area. If you want to use local Tcl Store, please change the access right and relaunch Vivado.
source run_ippack.tcl -notrace
ipx::create_core: Time (s): cpu = 00:00:06 ; elapsed = 00:00:08 . Memory (MB): peak = 479.766 ; gain = 175.027
INFO: [IP_Flow 19-234] Refreshing IP repositories
INFO: [IP_Flow 19-1704] No user IP repositories specified
INFO: [IP_Flow 19-2313] Loaded Vivado IP repository 'C:/Xilinx/Vivado/2023.2/data/ip'.
INFO: [Common 17-206] Exiting Vivado at Sat May 23 20:33:25 2026...
