

================================================================
== Vitis HLS Report for 'p_anonymous_namespace_LoadRealtimeProjectionWeightsQ610_Pipeline_VITIS_LOOP_2599_s'
================================================================
* Date:           Thu May 14 12:27:15 2026

* Version:        2023.2 (Build 4023990 on Oct 11 2023)
* Project:        subband_q610_realtime_hls
* Solution:       solution1 (Vivado IP Flow Target)
* Product family: zynq
* Target device:  xc7z020-clg400-1


================================================================
== Performance Estimates
================================================================
+ Timing: 
    * Summary: 
    +--------+----------+----------+------------+
    |  Clock |  Target  | Estimated| Uncertainty|
    +--------+----------+----------+------------+
    |ap_clk  |  10.00 ns|  8.254 ns|     2.70 ns|
    +--------+----------+----------+------------+

+ Latency: 
    * Summary: 
    +---------+---------+-----------+-----------+------+------+---------+
    |  Latency (cycles) |   Latency (absolute)  |   Interval  | Pipeline|
    |   min   |   max   |    min    |    max    |  min |  max |   Type  |
    +---------+---------+-----------+-----------+------+------+---------+
    |     2701|     2701|  27.010 us|  27.010 us|  2701|  2701|       no|
    +---------+---------+-----------+-----------+------+------+---------+

    + Detail: 
        * Instance: 
        N/A

        * Loop: 
        +---------------------------------------+---------+---------+----------+-----------+-----------+------+----------+
        |                                       |  Latency (cycles) | Iteration|  Initiation Interval  | Trip |          |
        |               Loop Name               |   min   |   max   |  Latency |  achieved |   target  | Count| Pipelined|
        +---------------------------------------+---------+---------+----------+-----------+-----------+------+----------+
        |- VITIS_LOOP_2599_1_VITIS_LOOP_2600_2  |     2699|     2699|        14|          2|          1|  1344|       yes|
        +---------------------------------------+---------+---------+----------+-----------+-----------+------+----------+

============================================================
+ Verbose Summary: Synthesis Manager
============================================================
InlineROM: 1
ExposeGlobal: 0
============================================================
+ Verbose Summary: CDFG Model
============================================================
IsTopModel: 0
ResetActiveHigh: 1
IsCombinational: 0
IsDatapathOnly: 0
HasWiredReturn: 1
HasMFsm: 2
HasVarLatency: 1
IsPipeline: 0
IsRtlPipelined: 0
IsInstanceOverlapped: 0
IsDontTouch: 0
HasImplIP: 0
IsGatedGlobalClock: 0

+ Individual pipeline summary: 
  * Pipeline-0: initiation interval (II) = 2, depth = 14


============================================================
+ Verbose Summary: Schedule
============================================================
* Number of FSM states : 14
* Pipeline : 1
  Pipeline-0 : II = 2, D = 14, States = { 1 2 3 4 5 6 7 8 9 10 11 12 13 14 }
* Dataflow Pipeline: 0

* FSM state transitions: 
1 --> 2 
2 --> 3 
3 --> 4 
4 --> 5 
5 --> 6 
6 --> 7 
7 --> 8 
8 --> 9 
9 --> 10 
10 --> 11 
11 --> 12 
12 --> 13 
13 --> 14 
14 --> 

* FSM state operations: 

State 1 <SV = 0> <Delay = 8.25>
ST_1 : Operation 17 [1/1] (0.00ns)   --->   "%hidden_base = alloca i32 1" [H:/subband_ref_q610_opt_stage4_latency_stepL2.cpp:2600]   --->   Operation 17 'alloca' 'hidden_base' <Predicate = true> <Delay = 0.00>
ST_1 : Operation 18 [1/1] (0.00ns)   --->   "%proj_index = alloca i32 1" [H:/subband_ref_q610_opt_stage4_latency_stepL2.cpp:2599]   --->   Operation 18 'alloca' 'proj_index' <Predicate = true> <Delay = 0.00>
ST_1 : Operation 19 [1/1] (0.00ns)   --->   "%indvar_flatten = alloca i32 1"   --->   Operation 19 'alloca' 'indvar_flatten' <Predicate = true> <Delay = 0.00>
ST_1 : Operation 20 [1/1] (0.00ns)   --->   "%specmemcore_ln0 = specmemcore void @_ssdm_op_SpecMemCore, i512 %RunSubbandRealtimeTopCoreQ610_stream_stream_ap_uint_const_int_bool_stream_pr, i64 666, i64 22, i64 18446744073709551615"   --->   Operation 20 'specmemcore' 'specmemcore_ln0' <Predicate = true> <Delay = 0.00>
ST_1 : Operation 21 [1/1] (0.00ns)   --->   "%specinterface_ln0 = specinterface void @_ssdm_op_SpecInterface, i256 %weights, void @empty_135, i32 0, i32 0, void @empty_136, i32 0, i32 43031, void @empty_137, void @empty_138, void @empty_136, i32 1, i32 1, i32 16, i32 16, void @empty_136, void @empty_136, i32 4294967295, i32 0"   --->   Operation 21 'specinterface' 'specinterface_ln0' <Predicate = true> <Delay = 0.00>
ST_1 : Operation 22 [1/1] (0.00ns)   --->   "%weights_q610_read = read i32 @_ssdm_op_Read.ap_auto.i32, i32 %weights_q610"   --->   Operation 22 'read' 'weights_q610_read' <Predicate = true> <Delay = 0.00>
ST_1 : Operation 23 [1/1] (0.00ns)   --->   "%weight_offset_read_2 = read i32 @_ssdm_op_Read.ap_auto.i32, i32 %weight_offset_read"   --->   Operation 23 'read' 'weight_offset_read_2' <Predicate = true> <Delay = 0.00>
ST_1 : Operation 24 [1/1] (0.00ns)   --->   "%proj_size_read = read i8 @_ssdm_op_Read.ap_auto.i8, i8 %proj_size"   --->   Operation 24 'read' 'proj_size_read' <Predicate = true> <Delay = 0.00>
ST_1 : Operation 25 [1/1] (1.58ns)   --->   "%store_ln0 = store i11 0, i11 %indvar_flatten"   --->   Operation 25 'store' 'store_ln0' <Predicate = true> <Delay = 1.58>
ST_1 : Operation 26 [1/1] (1.58ns)   --->   "%store_ln2599 = store i8 0, i8 %proj_index" [H:/subband_ref_q610_opt_stage4_latency_stepL2.cpp:2599]   --->   Operation 26 'store' 'store_ln2599' <Predicate = true> <Delay = 1.58>
ST_1 : Operation 27 [1/1] (1.58ns)   --->   "%store_ln2600 = store i8 0, i8 %hidden_base" [H:/subband_ref_q610_opt_stage4_latency_stepL2.cpp:2600]   --->   Operation 27 'store' 'store_ln2600' <Predicate = true> <Delay = 1.58>
ST_1 : Operation 28 [1/1] (0.00ns)   --->   "%br_ln0 = br void %for.body4"   --->   Operation 28 'br' 'br_ln0' <Predicate = true> <Delay = 0.00>
ST_1 : Operation 29 [1/1] (0.00ns)   --->   "%indvar_flatten_load = load i11 %indvar_flatten" [H:/subband_ref_q610_opt_stage4_latency_stepL2.cpp:2599]   --->   Operation 29 'load' 'indvar_flatten_load' <Predicate = true> <Delay = 0.00>
ST_1 : Operation 30 [1/1] (1.63ns)   --->   "%icmp_ln2599 = icmp_eq  i11 %indvar_flatten_load, i11 1344" [H:/subband_ref_q610_opt_stage4_latency_stepL2.cpp:2599]   --->   Operation 30 'icmp' 'icmp_ln2599' <Predicate = true> <Delay = 1.63> <CoreInst = "Cmp">   --->   Core 9 'Cmp' <Latency = 0> <II = 1> <Delay = 1.63> <FuncUnit> <Opcode : 'icmp'> <InPorts = 2> <OutPorts = 1>
ST_1 : Operation 31 [1/1] (1.63ns)   --->   "%add_ln2599_1 = add i11 %indvar_flatten_load, i11 1" [H:/subband_ref_q610_opt_stage4_latency_stepL2.cpp:2599]   --->   Operation 31 'add' 'add_ln2599_1' <Predicate = true> <Delay = 1.63> <CoreInst = "Adder">   --->   Core 1 'Adder' <Latency = 0> <II = 1> <Delay = 1.63> <FuncUnit> <Opcode : 'add' 'sub'> <InPorts = 2> <OutPorts = 1>
ST_1 : Operation 32 [1/1] (0.00ns)   --->   "%br_ln2599 = br i1 %icmp_ln2599, void %for.inc41, void %for.end43.exitStub" [H:/subband_ref_q610_opt_stage4_latency_stepL2.cpp:2599]   --->   Operation 32 'br' 'br_ln2599' <Predicate = true> <Delay = 0.00>
ST_1 : Operation 33 [1/1] (0.00ns)   --->   "%hidden_base_load = load i8 %hidden_base" [H:/subband_ref_q610_opt_stage4_latency_stepL2.cpp:2600]   --->   Operation 33 'load' 'hidden_base_load' <Predicate = (!icmp_ln2599)> <Delay = 0.00>
ST_1 : Operation 34 [1/1] (0.00ns)   --->   "%proj_index_load = load i8 %proj_index" [H:/subband_ref_q610_opt_stage4_latency_stepL2.cpp:2599]   --->   Operation 34 'load' 'proj_index_load' <Predicate = (!icmp_ln2599)> <Delay = 0.00>
ST_1 : Operation 35 [1/1] (1.91ns)   --->   "%add_ln2599 = add i8 %proj_index_load, i8 1" [H:/subband_ref_q610_opt_stage4_latency_stepL2.cpp:2599]   --->   Operation 35 'add' 'add_ln2599' <Predicate = (!icmp_ln2599)> <Delay = 1.91> <CoreInst = "Adder">   --->   Core 1 'Adder' <Latency = 0> <II = 1> <Delay = 1.91> <FuncUnit> <Opcode : 'add' 'sub'> <InPorts = 2> <OutPorts = 1>
ST_1 : Operation 36 [1/1] (1.91ns)   --->   "%icmp_ln2600 = icmp_eq  i8 %hidden_base_load, i8 224" [H:/subband_ref_q610_opt_stage4_latency_stepL2.cpp:2600]   --->   Operation 36 'icmp' 'icmp_ln2600' <Predicate = (!icmp_ln2599)> <Delay = 1.91> <CoreInst = "Cmp">   --->   Core 9 'Cmp' <Latency = 0> <II = 1> <Delay = 1.91> <FuncUnit> <Opcode : 'icmp'> <InPorts = 2> <OutPorts = 1>
ST_1 : Operation 37 [1/1] (1.24ns)   --->   "%select_ln2599 = select i1 %icmp_ln2600, i8 0, i8 %hidden_base_load" [H:/subband_ref_q610_opt_stage4_latency_stepL2.cpp:2599]   --->   Operation 37 'select' 'select_ln2599' <Predicate = (!icmp_ln2599)> <Delay = 1.24> <CoreInst = "Sel">   --->   Core 73 'Sel' <Latency = 0> <II = 1> <Delay = 1.24> <FuncUnit> <Opcode : 'select'> <InPorts = 3> <OutPorts = 1>
ST_1 : Operation 38 [1/1] (1.24ns)   --->   "%select_ln2599_1 = select i1 %icmp_ln2600, i8 %add_ln2599, i8 %proj_index_load" [H:/subband_ref_q610_opt_stage4_latency_stepL2.cpp:2599]   --->   Operation 38 'select' 'select_ln2599_1' <Predicate = (!icmp_ln2599)> <Delay = 1.24> <CoreInst = "Sel">   --->   Core 73 'Sel' <Latency = 0> <II = 1> <Delay = 1.24> <FuncUnit> <Opcode : 'select'> <InPorts = 3> <OutPorts = 1>
ST_1 : Operation 39 [1/1] (1.91ns)   --->   "%cmp5 = icmp_ult  i8 %select_ln2599_1, i8 %proj_size_read" [H:/subband_ref_q610_opt_stage4_latency_stepL2.cpp:2599]   --->   Operation 39 'icmp' 'cmp5' <Predicate = (!icmp_ln2599)> <Delay = 1.91> <CoreInst = "Cmp">   --->   Core 9 'Cmp' <Latency = 0> <II = 1> <Delay = 1.91> <FuncUnit> <Opcode : 'icmp'> <InPorts = 2> <OutPorts = 1>
ST_1 : Operation 40 [1/1] (0.00ns)   --->   "%p_shl = bitconcatenate i16 @_ssdm_op_BitConcatenate.i16.i8.i8, i8 %select_ln2599_1, i8 0" [H:/subband_ref_q610_opt_stage4_latency_stepL2.cpp:2599]   --->   Operation 40 'bitconcatenate' 'p_shl' <Predicate = (!icmp_ln2599)> <Delay = 0.00>
ST_1 : Operation 41 [1/1] (0.00ns)   --->   "%p_shl_cast = zext i16 %p_shl" [H:/subband_ref_q610_opt_stage4_latency_stepL2.cpp:2599]   --->   Operation 41 'zext' 'p_shl_cast' <Predicate = (!icmp_ln2599)> <Delay = 0.00>
ST_1 : Operation 42 [1/1] (0.00ns)   --->   "%p_shl1 = bitconcatenate i13 @_ssdm_op_BitConcatenate.i13.i8.i5, i8 %select_ln2599_1, i5 0" [H:/subband_ref_q610_opt_stage4_latency_stepL2.cpp:2599]   --->   Operation 42 'bitconcatenate' 'p_shl1' <Predicate = (!icmp_ln2599)> <Delay = 0.00>
ST_1 : Operation 43 [1/1] (0.00ns)   --->   "%p_shl1_cast = zext i13 %p_shl1" [H:/subband_ref_q610_opt_stage4_latency_stepL2.cpp:2599]   --->   Operation 43 'zext' 'p_shl1_cast' <Predicate = (!icmp_ln2599)> <Delay = 0.00>
ST_1 : Operation 44 [1/1] (2.07ns)   --->   "%empty = sub i17 %p_shl_cast, i17 %p_shl1_cast" [H:/subband_ref_q610_opt_stage4_latency_stepL2.cpp:2599]   --->   Operation 44 'sub' 'empty' <Predicate = (!icmp_ln2599)> <Delay = 2.07> <CoreInst = "Adder">   --->   Core 1 'Adder' <Latency = 0> <II = 1> <Delay = 2.07> <FuncUnit> <Opcode : 'add' 'sub'> <InPorts = 2> <OutPorts = 1>
ST_1 : Operation 45 [1/1] (1.58ns)   --->   "%br_ln2604 = br i1 %cmp5, void %for.inc, void %if.then" [H:/subband_ref_q610_opt_stage4_latency_stepL2.cpp:2604]   --->   Operation 45 'br' 'br_ln2604' <Predicate = (!icmp_ln2599)> <Delay = 1.58>
ST_1 : Operation 46 [1/1] (1.91ns)   --->   "%add_ln2600 = add i8 %select_ln2599, i8 32" [H:/subband_ref_q610_opt_stage4_latency_stepL2.cpp:2600]   --->   Operation 46 'add' 'add_ln2600' <Predicate = (!icmp_ln2599)> <Delay = 1.91> <CoreInst = "Adder">   --->   Core 1 'Adder' <Latency = 0> <II = 1> <Delay = 1.91> <FuncUnit> <Opcode : 'add' 'sub'> <InPorts = 2> <OutPorts = 1>
ST_1 : Operation 47 [1/1] (1.58ns)   --->   "%store_ln2599 = store i11 %add_ln2599_1, i11 %indvar_flatten" [H:/subband_ref_q610_opt_stage4_latency_stepL2.cpp:2599]   --->   Operation 47 'store' 'store_ln2599' <Predicate = (!icmp_ln2599)> <Delay = 1.58>
ST_1 : Operation 48 [1/1] (1.58ns)   --->   "%store_ln2599 = store i8 %select_ln2599_1, i8 %proj_index" [H:/subband_ref_q610_opt_stage4_latency_stepL2.cpp:2599]   --->   Operation 48 'store' 'store_ln2599' <Predicate = (!icmp_ln2599)> <Delay = 1.58>
ST_1 : Operation 49 [1/1] (1.58ns)   --->   "%store_ln2600 = store i8 %add_ln2600, i8 %hidden_base" [H:/subband_ref_q610_opt_stage4_latency_stepL2.cpp:2600]   --->   Operation 49 'store' 'store_ln2600' <Predicate = (!icmp_ln2599)> <Delay = 1.58>

State 2 <SV = 1> <Delay = 6.89>
ST_2 : Operation 50 [1/1] (0.00ns)   --->   "%specloopname_ln0 = specloopname void @_ssdm_op_SpecLoopName, void @VITIS_LOOP_2599_1_VITIS_LOOP_2600_2_str"   --->   Operation 50 'specloopname' 'specloopname_ln0' <Predicate = (!icmp_ln2599)> <Delay = 0.00>
ST_2 : Operation 51 [1/1] (0.00ns)   --->   "%speclooptripcount_ln0 = speclooptripcount void @_ssdm_op_SpecLoopTripCount, i64 1344, i64 1344, i64 1344"   --->   Operation 51 'speclooptripcount' 'speclooptripcount_ln0' <Predicate = (!icmp_ln2599)> <Delay = 0.00>
ST_2 : Operation 52 [1/1] (0.00ns)   --->   "%p_cast = sext i17 %empty" [H:/subband_ref_q610_opt_stage4_latency_stepL2.cpp:2599]   --->   Operation 52 'sext' 'p_cast' <Predicate = (!icmp_ln2599)> <Delay = 0.00>
ST_2 : Operation 53 [1/1] (0.00ns)   --->   "%zext_ln2616 = zext i8 %select_ln2599_1" [H:/subband_ref_q610_opt_stage4_latency_stepL2.cpp:2616]   --->   Operation 53 'zext' 'zext_ln2616' <Predicate = (!icmp_ln2599)> <Delay = 0.00>
ST_2 : Operation 54 [1/1] (0.00ns)   --->   "%tmp_s = bitconcatenate i11 @_ssdm_op_BitConcatenate.i11.i8.i3, i8 %select_ln2599_1, i3 0" [H:/subband_ref_q610_opt_stage4_latency_stepL2.cpp:2616]   --->   Operation 54 'bitconcatenate' 'tmp_s' <Predicate = (!icmp_ln2599)> <Delay = 0.00>
ST_2 : Operation 55 [1/1] (1.63ns)   --->   "%sub_ln2616 = sub i11 %tmp_s, i11 %zext_ln2616" [H:/subband_ref_q610_opt_stage4_latency_stepL2.cpp:2616]   --->   Operation 55 'sub' 'sub_ln2616' <Predicate = (!icmp_ln2599)> <Delay = 1.63> <CoreInst = "Adder">   --->   Core 1 'Adder' <Latency = 0> <II = 1> <Delay = 1.63> <FuncUnit> <Opcode : 'add' 'sub'> <InPorts = 2> <OutPorts = 1>
ST_2 : Operation 56 [1/1] (0.00ns)   --->   "%specpipeline_ln2601 = specpipeline void @_ssdm_op_SpecPipeline, i32 1, i32 0, i32 0, i32 0, void @empty_136" [H:/subband_ref_q610_opt_stage4_latency_stepL2.cpp:2601]   --->   Operation 56 'specpipeline' 'specpipeline_ln2601' <Predicate = (!icmp_ln2599)> <Delay = 0.00>
ST_2 : Operation 57 [1/1] (0.00ns)   --->   "%zext_ln2606 = zext i8 %select_ln2599" [H:/subband_ref_q610_opt_stage4_latency_stepL2.cpp:2606]   --->   Operation 57 'zext' 'zext_ln2606' <Predicate = (!icmp_ln2599 & cmp5)> <Delay = 0.00>
ST_2 : Operation 58 [1/1] (0.00ns) (grouped into TernaryAdder)   --->   "%add_ln2373 = add i32 %zext_ln2606, i32 %weight_offset_read_2" [H:/subband_ref_q610_opt_stage4_latency_stepL2.cpp:2373->H:/subband_ref_q610_opt_stage4_latency_stepL2.cpp:2606]   --->   Operation 58 'add' 'add_ln2373' <Predicate = (!icmp_ln2599 & cmp5)> <Delay = 0.00> <CoreInst = "TAddSub">   --->   Core 10 'TAddSub' <Latency = 0> <II = 1> <Delay = 2.18> <IPBlock> <Opcode : '' 'add' 'sub'> <InPorts = 3> <OutPorts = 1> <Sync> <CReg>
ST_2 : Operation 59 [1/1] (4.37ns) (root node of TernaryAdder)   --->   "%add_ln2373_2 = add i32 %add_ln2373, i32 %p_cast" [H:/subband_ref_q610_opt_stage4_latency_stepL2.cpp:2373->H:/subband_ref_q610_opt_stage4_latency_stepL2.cpp:2606]   --->   Operation 59 'add' 'add_ln2373_2' <Predicate = (!icmp_ln2599 & cmp5)> <Delay = 4.37> <CoreInst = "TAddSub">   --->   Core 10 'TAddSub' <Latency = 0> <II = 1> <Delay = 2.18> <IPBlock> <Opcode : '' 'add' 'sub'> <InPorts = 3> <OutPorts = 1> <Sync> <CReg>
ST_2 : Operation 60 [1/1] (0.00ns)   --->   "%trunc_ln2373 = trunc i32 %add_ln2373_2" [H:/subband_ref_q610_opt_stage4_latency_stepL2.cpp:2373->H:/subband_ref_q610_opt_stage4_latency_stepL2.cpp:2606]   --->   Operation 60 'trunc' 'trunc_ln2373' <Predicate = (!icmp_ln2599 & cmp5)> <Delay = 0.00>
ST_2 : Operation 61 [1/1] (2.52ns)   --->   "%sub_ln2373 = sub i31 0, i31 %trunc_ln2373" [H:/subband_ref_q610_opt_stage4_latency_stepL2.cpp:2373->H:/subband_ref_q610_opt_stage4_latency_stepL2.cpp:2606]   --->   Operation 61 'sub' 'sub_ln2373' <Predicate = (!icmp_ln2599 & cmp5)> <Delay = 2.52> <CoreInst = "Adder">   --->   Core 1 'Adder' <Latency = 0> <II = 1> <Delay = 2.52> <FuncUnit> <Opcode : 'add' 'sub'> <InPorts = 2> <OutPorts = 1>
ST_2 : Operation 62 [1/1] (0.00ns)   --->   "%trunc_ln2373_4 = partselect i27 @_ssdm_op_PartSelect.i27.i31.i32.i32, i31 %sub_ln2373, i32 4, i32 30" [H:/subband_ref_q610_opt_stage4_latency_stepL2.cpp:2373->H:/subband_ref_q610_opt_stage4_latency_stepL2.cpp:2606]   --->   Operation 62 'partselect' 'trunc_ln2373_4' <Predicate = (!icmp_ln2599 & cmp5)> <Delay = 0.00>
ST_2 : Operation 63 [1/1] (2.52ns)   --->   "%sub_ln2373_3 = sub i31 2147483632, i31 %trunc_ln2373" [H:/subband_ref_q610_opt_stage4_latency_stepL2.cpp:2373->H:/subband_ref_q610_opt_stage4_latency_stepL2.cpp:2607]   --->   Operation 63 'sub' 'sub_ln2373_3' <Predicate = (!icmp_ln2599 & cmp5)> <Delay = 2.52> <CoreInst = "Adder">   --->   Core 1 'Adder' <Latency = 0> <II = 1> <Delay = 2.52> <FuncUnit> <Opcode : 'add' 'sub'> <InPorts = 2> <OutPorts = 1>
ST_2 : Operation 64 [1/1] (0.00ns)   --->   "%trunc_ln2373_7 = partselect i27 @_ssdm_op_PartSelect.i27.i31.i32.i32, i31 %sub_ln2373_3, i32 4, i32 30" [H:/subband_ref_q610_opt_stage4_latency_stepL2.cpp:2373->H:/subband_ref_q610_opt_stage4_latency_stepL2.cpp:2607]   --->   Operation 64 'partselect' 'trunc_ln2373_7' <Predicate = (!icmp_ln2599 & cmp5)> <Delay = 0.00>
ST_2 : Operation 65 [1/1] (0.00ns)   --->   "%lshr_ln = partselect i3 @_ssdm_op_PartSelect.i3.i8.i32.i32, i8 %select_ln2599, i32 5, i32 7" [H:/subband_ref_q610_opt_stage4_latency_stepL2.cpp:2616]   --->   Operation 65 'partselect' 'lshr_ln' <Predicate = (!icmp_ln2599)> <Delay = 0.00>
ST_2 : Operation 66 [1/1] (0.00ns)   --->   "%zext_ln2616_1 = zext i3 %lshr_ln" [H:/subband_ref_q610_opt_stage4_latency_stepL2.cpp:2616]   --->   Operation 66 'zext' 'zext_ln2616_1' <Predicate = (!icmp_ln2599)> <Delay = 0.00>
ST_2 : Operation 67 [1/1] (1.63ns)   --->   "%add_ln2616 = add i11 %sub_ln2616, i11 %zext_ln2616_1" [H:/subband_ref_q610_opt_stage4_latency_stepL2.cpp:2616]   --->   Operation 67 'add' 'add_ln2616' <Predicate = (!icmp_ln2599)> <Delay = 1.63> <CoreInst = "Adder">   --->   Core 1 'Adder' <Latency = 0> <II = 1> <Delay = 1.63> <FuncUnit> <Opcode : 'add' 'sub'> <InPorts = 2> <OutPorts = 1>

State 3 <SV = 2> <Delay = 5.10>
ST_3 : Operation 68 [1/1] (0.00ns) (grouped into LUT with out node add_ln2606)   --->   "%tmp_37 = bitselect i1 @_ssdm_op_BitSelect.i1.i32.i32, i32 %add_ln2373_2, i32 31" [H:/subband_ref_q610_opt_stage4_latency_stepL2.cpp:2373->H:/subband_ref_q610_opt_stage4_latency_stepL2.cpp:2606]   --->   Operation 68 'bitselect' 'tmp_37' <Predicate = (!icmp_ln2599 & cmp5)> <Delay = 0.00>
ST_3 : Operation 69 [1/1] (2.40ns)   --->   "%sub_ln2373_2 = sub i27 0, i27 %trunc_ln2373_4" [H:/subband_ref_q610_opt_stage4_latency_stepL2.cpp:2373->H:/subband_ref_q610_opt_stage4_latency_stepL2.cpp:2606]   --->   Operation 69 'sub' 'sub_ln2373_2' <Predicate = (!icmp_ln2599 & cmp5)> <Delay = 2.40> <CoreInst = "Adder">   --->   Core 1 'Adder' <Latency = 0> <II = 1> <Delay = 2.40> <FuncUnit> <Opcode : 'add' 'sub'> <InPorts = 2> <OutPorts = 1>
ST_3 : Operation 70 [1/1] (0.00ns) (grouped into LUT with out node add_ln2606)   --->   "%tmp_15 = partselect i27 @_ssdm_op_PartSelect.i27.i32.i32.i32, i32 %add_ln2373_2, i32 4, i32 30" [H:/subband_ref_q610_opt_stage4_latency_stepL2.cpp:2606]   --->   Operation 70 'partselect' 'tmp_15' <Predicate = (!icmp_ln2599 & cmp5)> <Delay = 0.00>
ST_3 : Operation 71 [1/1] (0.00ns) (grouped into LUT with out node add_ln2606)   --->   "%select_ln2373 = select i1 %tmp_37, i27 %sub_ln2373_2, i27 %tmp_15" [H:/subband_ref_q610_opt_stage4_latency_stepL2.cpp:2373->H:/subband_ref_q610_opt_stage4_latency_stepL2.cpp:2606]   --->   Operation 71 'select' 'select_ln2373' <Predicate = (!icmp_ln2599 & cmp5)> <Delay = 0.00> <CoreInst = "Sel">   --->   Core 73 'Sel' <Latency = 0> <II = 1> <Delay = 0.80> <FuncUnit> <Opcode : 'select'> <InPorts = 3> <OutPorts = 1>
ST_3 : Operation 72 [1/1] (0.00ns) (grouped into LUT with out node add_ln2606)   --->   "%shl_ln3 = bitconcatenate i32 @_ssdm_op_BitConcatenate.i32.i27.i5, i27 %select_ln2373, i5 0" [H:/subband_ref_q610_opt_stage4_latency_stepL2.cpp:2606]   --->   Operation 72 'bitconcatenate' 'shl_ln3' <Predicate = (!icmp_ln2599 & cmp5)> <Delay = 0.00>
ST_3 : Operation 73 [1/1] (2.55ns) (out node of the LUT)   --->   "%add_ln2606 = add i32 %shl_ln3, i32 %weights_q610_read" [H:/subband_ref_q610_opt_stage4_latency_stepL2.cpp:2606]   --->   Operation 73 'add' 'add_ln2606' <Predicate = (!icmp_ln2599 & cmp5)> <Delay = 2.55> <CoreInst = "Adder">   --->   Core 1 'Adder' <Latency = 0> <II = 1> <Delay = 2.55> <FuncUnit> <Opcode : 'add' 'sub'> <InPorts = 2> <OutPorts = 1>
ST_3 : Operation 74 [1/1] (0.00ns)   --->   "%trunc_ln = partselect i27 @_ssdm_op_PartSelect.i27.i32.i32.i32, i32 %add_ln2606, i32 5, i32 31" [H:/subband_ref_q610_opt_stage4_latency_stepL2.cpp:2605]   --->   Operation 74 'partselect' 'trunc_ln' <Predicate = (!icmp_ln2599 & cmp5)> <Delay = 0.00>
ST_3 : Operation 75 [1/1] (2.55ns)   --->   "%add_ln2373_1 = add i32 %add_ln2373_2, i32 16" [H:/subband_ref_q610_opt_stage4_latency_stepL2.cpp:2373->H:/subband_ref_q610_opt_stage4_latency_stepL2.cpp:2607]   --->   Operation 75 'add' 'add_ln2373_1' <Predicate = (!icmp_ln2599 & cmp5)> <Delay = 2.55> <CoreInst = "Adder">   --->   Core 1 'Adder' <Latency = 0> <II = 1> <Delay = 2.55> <FuncUnit> <Opcode : 'add' 'sub'> <InPorts = 2> <OutPorts = 1>
ST_3 : Operation 76 [1/1] (0.00ns) (grouped into LUT with out node add_ln2607)   --->   "%tmp_38 = bitselect i1 @_ssdm_op_BitSelect.i1.i32.i32, i32 %add_ln2373_1, i32 31" [H:/subband_ref_q610_opt_stage4_latency_stepL2.cpp:2373->H:/subband_ref_q610_opt_stage4_latency_stepL2.cpp:2607]   --->   Operation 76 'bitselect' 'tmp_38' <Predicate = (!icmp_ln2599 & cmp5)> <Delay = 0.00>
ST_3 : Operation 77 [1/1] (2.40ns)   --->   "%sub_ln2373_4 = sub i27 0, i27 %trunc_ln2373_7" [H:/subband_ref_q610_opt_stage4_latency_stepL2.cpp:2373->H:/subband_ref_q610_opt_stage4_latency_stepL2.cpp:2607]   --->   Operation 77 'sub' 'sub_ln2373_4' <Predicate = (!icmp_ln2599 & cmp5)> <Delay = 2.40> <CoreInst = "Adder">   --->   Core 1 'Adder' <Latency = 0> <II = 1> <Delay = 2.40> <FuncUnit> <Opcode : 'add' 'sub'> <InPorts = 2> <OutPorts = 1>
ST_3 : Operation 78 [1/1] (0.00ns) (grouped into LUT with out node add_ln2607)   --->   "%tmp_16 = partselect i27 @_ssdm_op_PartSelect.i27.i32.i32.i32, i32 %add_ln2373_1, i32 4, i32 30" [H:/subband_ref_q610_opt_stage4_latency_stepL2.cpp:2607]   --->   Operation 78 'partselect' 'tmp_16' <Predicate = (!icmp_ln2599 & cmp5)> <Delay = 0.00>
ST_3 : Operation 79 [1/1] (0.00ns) (grouped into LUT with out node add_ln2607)   --->   "%select_ln2373_1 = select i1 %tmp_38, i27 %sub_ln2373_4, i27 %tmp_16" [H:/subband_ref_q610_opt_stage4_latency_stepL2.cpp:2373->H:/subband_ref_q610_opt_stage4_latency_stepL2.cpp:2607]   --->   Operation 79 'select' 'select_ln2373_1' <Predicate = (!icmp_ln2599 & cmp5)> <Delay = 0.00> <CoreInst = "Sel">   --->   Core 73 'Sel' <Latency = 0> <II = 1> <Delay = 0.80> <FuncUnit> <Opcode : 'select'> <InPorts = 3> <OutPorts = 1>
ST_3 : Operation 80 [1/1] (0.00ns) (grouped into LUT with out node add_ln2607)   --->   "%shl_ln4 = bitconcatenate i32 @_ssdm_op_BitConcatenate.i32.i27.i5, i27 %select_ln2373_1, i5 0" [H:/subband_ref_q610_opt_stage4_latency_stepL2.cpp:2607]   --->   Operation 80 'bitconcatenate' 'shl_ln4' <Predicate = (!icmp_ln2599 & cmp5)> <Delay = 0.00>
ST_3 : Operation 81 [1/1] (2.55ns) (out node of the LUT)   --->   "%add_ln2607 = add i32 %shl_ln4, i32 %weights_q610_read" [H:/subband_ref_q610_opt_stage4_latency_stepL2.cpp:2607]   --->   Operation 81 'add' 'add_ln2607' <Predicate = (!icmp_ln2599 & cmp5)> <Delay = 2.55> <CoreInst = "Adder">   --->   Core 1 'Adder' <Latency = 0> <II = 1> <Delay = 2.55> <FuncUnit> <Opcode : 'add' 'sub'> <InPorts = 2> <OutPorts = 1>
ST_3 : Operation 82 [1/1] (0.00ns)   --->   "%trunc_ln4 = partselect i27 @_ssdm_op_PartSelect.i27.i32.i32.i32, i32 %add_ln2607, i32 5, i32 31" [H:/subband_ref_q610_opt_stage4_latency_stepL2.cpp:2607]   --->   Operation 82 'partselect' 'trunc_ln4' <Predicate = (!icmp_ln2599 & cmp5)> <Delay = 0.00>

State 4 <SV = 3> <Delay = 7.30>
ST_4 : Operation 83 [1/1] (0.00ns)   --->   "%sext_ln2605 = sext i27 %trunc_ln" [H:/subband_ref_q610_opt_stage4_latency_stepL2.cpp:2605]   --->   Operation 83 'sext' 'sext_ln2605' <Predicate = (!icmp_ln2599 & cmp5)> <Delay = 0.00>
ST_4 : Operation 84 [1/1] (0.00ns)   --->   "%weights_addr = getelementptr i256 %weights, i32 %sext_ln2605" [H:/subband_ref_q610_opt_stage4_latency_stepL2.cpp:2605]   --->   Operation 84 'getelementptr' 'weights_addr' <Predicate = (!icmp_ln2599 & cmp5)> <Delay = 0.00>
ST_4 : Operation 85 [8/8] (7.30ns)   --->   "%word_lo_req = readreq i1 @_ssdm_op_ReadReq.m_axi.i256P1A, i256 %weights_addr, i32 1" [H:/subband_ref_q610_opt_stage4_latency_stepL2.cpp:2605]   --->   Operation 85 'readreq' 'word_lo_req' <Predicate = (!icmp_ln2599 & cmp5)> <Delay = 7.30> <CoreInst = "m_axi">   --->   Core 113 'm_axi' <Latency = 0> <II = 1> <Delay = 1.00> <Adapter> <Opcode : 'read' 'write' 'readreq' 'writereq' 'writeresp'>

State 5 <SV = 4> <Delay = 7.30>
ST_5 : Operation 86 [7/8] (7.30ns)   --->   "%word_lo_req = readreq i1 @_ssdm_op_ReadReq.m_axi.i256P1A, i256 %weights_addr, i32 1" [H:/subband_ref_q610_opt_stage4_latency_stepL2.cpp:2605]   --->   Operation 86 'readreq' 'word_lo_req' <Predicate = (!icmp_ln2599 & cmp5)> <Delay = 7.30> <CoreInst = "m_axi">   --->   Core 113 'm_axi' <Latency = 0> <II = 1> <Delay = 1.00> <Adapter> <Opcode : 'read' 'write' 'readreq' 'writereq' 'writeresp'>
ST_5 : Operation 87 [1/1] (0.00ns)   --->   "%sext_ln2607 = sext i27 %trunc_ln4" [H:/subband_ref_q610_opt_stage4_latency_stepL2.cpp:2607]   --->   Operation 87 'sext' 'sext_ln2607' <Predicate = (!icmp_ln2599 & cmp5)> <Delay = 0.00>
ST_5 : Operation 88 [1/1] (0.00ns)   --->   "%weights_addr_1 = getelementptr i256 %weights, i32 %sext_ln2607" [H:/subband_ref_q610_opt_stage4_latency_stepL2.cpp:2607]   --->   Operation 88 'getelementptr' 'weights_addr_1' <Predicate = (!icmp_ln2599 & cmp5)> <Delay = 0.00>
ST_5 : Operation 89 [8/8] (7.30ns)   --->   "%word_hi_req = readreq i1 @_ssdm_op_ReadReq.m_axi.i256P1A, i256 %weights_addr_1, i32 1" [H:/subband_ref_q610_opt_stage4_latency_stepL2.cpp:2607]   --->   Operation 89 'readreq' 'word_hi_req' <Predicate = (!icmp_ln2599 & cmp5)> <Delay = 7.30> <CoreInst = "m_axi">   --->   Core 113 'm_axi' <Latency = 0> <II = 1> <Delay = 1.00> <Adapter> <Opcode : 'read' 'write' 'readreq' 'writereq' 'writeresp'>

State 6 <SV = 5> <Delay = 7.30>
ST_6 : Operation 90 [6/8] (7.30ns)   --->   "%word_lo_req = readreq i1 @_ssdm_op_ReadReq.m_axi.i256P1A, i256 %weights_addr, i32 1" [H:/subband_ref_q610_opt_stage4_latency_stepL2.cpp:2605]   --->   Operation 90 'readreq' 'word_lo_req' <Predicate = (!icmp_ln2599 & cmp5)> <Delay = 7.30> <CoreInst = "m_axi">   --->   Core 113 'm_axi' <Latency = 0> <II = 1> <Delay = 1.00> <Adapter> <Opcode : 'read' 'write' 'readreq' 'writereq' 'writeresp'>
ST_6 : Operation 91 [7/8] (7.30ns)   --->   "%word_hi_req = readreq i1 @_ssdm_op_ReadReq.m_axi.i256P1A, i256 %weights_addr_1, i32 1" [H:/subband_ref_q610_opt_stage4_latency_stepL2.cpp:2607]   --->   Operation 91 'readreq' 'word_hi_req' <Predicate = (!icmp_ln2599 & cmp5)> <Delay = 7.30> <CoreInst = "m_axi">   --->   Core 113 'm_axi' <Latency = 0> <II = 1> <Delay = 1.00> <Adapter> <Opcode : 'read' 'write' 'readreq' 'writereq' 'writeresp'>

State 7 <SV = 6> <Delay = 7.30>
ST_7 : Operation 92 [5/8] (7.30ns)   --->   "%word_lo_req = readreq i1 @_ssdm_op_ReadReq.m_axi.i256P1A, i256 %weights_addr, i32 1" [H:/subband_ref_q610_opt_stage4_latency_stepL2.cpp:2605]   --->   Operation 92 'readreq' 'word_lo_req' <Predicate = (!icmp_ln2599 & cmp5)> <Delay = 7.30> <CoreInst = "m_axi">   --->   Core 113 'm_axi' <Latency = 0> <II = 1> <Delay = 1.00> <Adapter> <Opcode : 'read' 'write' 'readreq' 'writereq' 'writeresp'>
ST_7 : Operation 93 [6/8] (7.30ns)   --->   "%word_hi_req = readreq i1 @_ssdm_op_ReadReq.m_axi.i256P1A, i256 %weights_addr_1, i32 1" [H:/subband_ref_q610_opt_stage4_latency_stepL2.cpp:2607]   --->   Operation 93 'readreq' 'word_hi_req' <Predicate = (!icmp_ln2599 & cmp5)> <Delay = 7.30> <CoreInst = "m_axi">   --->   Core 113 'm_axi' <Latency = 0> <II = 1> <Delay = 1.00> <Adapter> <Opcode : 'read' 'write' 'readreq' 'writereq' 'writeresp'>

State 8 <SV = 7> <Delay = 7.30>
ST_8 : Operation 94 [4/8] (7.30ns)   --->   "%word_lo_req = readreq i1 @_ssdm_op_ReadReq.m_axi.i256P1A, i256 %weights_addr, i32 1" [H:/subband_ref_q610_opt_stage4_latency_stepL2.cpp:2605]   --->   Operation 94 'readreq' 'word_lo_req' <Predicate = (!icmp_ln2599 & cmp5)> <Delay = 7.30> <CoreInst = "m_axi">   --->   Core 113 'm_axi' <Latency = 0> <II = 1> <Delay = 1.00> <Adapter> <Opcode : 'read' 'write' 'readreq' 'writereq' 'writeresp'>
ST_8 : Operation 95 [5/8] (7.30ns)   --->   "%word_hi_req = readreq i1 @_ssdm_op_ReadReq.m_axi.i256P1A, i256 %weights_addr_1, i32 1" [H:/subband_ref_q610_opt_stage4_latency_stepL2.cpp:2607]   --->   Operation 95 'readreq' 'word_hi_req' <Predicate = (!icmp_ln2599 & cmp5)> <Delay = 7.30> <CoreInst = "m_axi">   --->   Core 113 'm_axi' <Latency = 0> <II = 1> <Delay = 1.00> <Adapter> <Opcode : 'read' 'write' 'readreq' 'writereq' 'writeresp'>

State 9 <SV = 8> <Delay = 7.30>
ST_9 : Operation 96 [3/8] (7.30ns)   --->   "%word_lo_req = readreq i1 @_ssdm_op_ReadReq.m_axi.i256P1A, i256 %weights_addr, i32 1" [H:/subband_ref_q610_opt_stage4_latency_stepL2.cpp:2605]   --->   Operation 96 'readreq' 'word_lo_req' <Predicate = (!icmp_ln2599 & cmp5)> <Delay = 7.30> <CoreInst = "m_axi">   --->   Core 113 'm_axi' <Latency = 0> <II = 1> <Delay = 1.00> <Adapter> <Opcode : 'read' 'write' 'readreq' 'writereq' 'writeresp'>
ST_9 : Operation 97 [4/8] (7.30ns)   --->   "%word_hi_req = readreq i1 @_ssdm_op_ReadReq.m_axi.i256P1A, i256 %weights_addr_1, i32 1" [H:/subband_ref_q610_opt_stage4_latency_stepL2.cpp:2607]   --->   Operation 97 'readreq' 'word_hi_req' <Predicate = (!icmp_ln2599 & cmp5)> <Delay = 7.30> <CoreInst = "m_axi">   --->   Core 113 'm_axi' <Latency = 0> <II = 1> <Delay = 1.00> <Adapter> <Opcode : 'read' 'write' 'readreq' 'writereq' 'writeresp'>

State 10 <SV = 9> <Delay = 7.30>
ST_10 : Operation 98 [2/8] (7.30ns)   --->   "%word_lo_req = readreq i1 @_ssdm_op_ReadReq.m_axi.i256P1A, i256 %weights_addr, i32 1" [H:/subband_ref_q610_opt_stage4_latency_stepL2.cpp:2605]   --->   Operation 98 'readreq' 'word_lo_req' <Predicate = (!icmp_ln2599 & cmp5)> <Delay = 7.30> <CoreInst = "m_axi">   --->   Core 113 'm_axi' <Latency = 0> <II = 1> <Delay = 1.00> <Adapter> <Opcode : 'read' 'write' 'readreq' 'writereq' 'writeresp'>
ST_10 : Operation 99 [3/8] (7.30ns)   --->   "%word_hi_req = readreq i1 @_ssdm_op_ReadReq.m_axi.i256P1A, i256 %weights_addr_1, i32 1" [H:/subband_ref_q610_opt_stage4_latency_stepL2.cpp:2607]   --->   Operation 99 'readreq' 'word_hi_req' <Predicate = (!icmp_ln2599 & cmp5)> <Delay = 7.30> <CoreInst = "m_axi">   --->   Core 113 'm_axi' <Latency = 0> <II = 1> <Delay = 1.00> <Adapter> <Opcode : 'read' 'write' 'readreq' 'writereq' 'writeresp'>

State 11 <SV = 10> <Delay = 7.30>
ST_11 : Operation 100 [1/8] (7.30ns)   --->   "%word_lo_req = readreq i1 @_ssdm_op_ReadReq.m_axi.i256P1A, i256 %weights_addr, i32 1" [H:/subband_ref_q610_opt_stage4_latency_stepL2.cpp:2605]   --->   Operation 100 'readreq' 'word_lo_req' <Predicate = (!icmp_ln2599 & cmp5)> <Delay = 7.30> <CoreInst = "m_axi">   --->   Core 113 'm_axi' <Latency = 0> <II = 1> <Delay = 1.00> <Adapter> <Opcode : 'read' 'write' 'readreq' 'writereq' 'writeresp'>
ST_11 : Operation 101 [2/8] (7.30ns)   --->   "%word_hi_req = readreq i1 @_ssdm_op_ReadReq.m_axi.i256P1A, i256 %weights_addr_1, i32 1" [H:/subband_ref_q610_opt_stage4_latency_stepL2.cpp:2607]   --->   Operation 101 'readreq' 'word_hi_req' <Predicate = (!icmp_ln2599 & cmp5)> <Delay = 7.30> <CoreInst = "m_axi">   --->   Core 113 'm_axi' <Latency = 0> <II = 1> <Delay = 1.00> <Adapter> <Opcode : 'read' 'write' 'readreq' 'writereq' 'writeresp'>

State 12 <SV = 11> <Delay = 7.30>
ST_12 : Operation 102 [1/1] (7.30ns)   --->   "%word_lo = read i256 @_ssdm_op_Read.m_axi.i256P1A, i256 %weights_addr" [H:/subband_ref_q610_opt_stage4_latency_stepL2.cpp:2605]   --->   Operation 102 'read' 'word_lo' <Predicate = (!icmp_ln2599 & cmp5)> <Delay = 7.30> <CoreInst = "m_axi">   --->   Core 113 'm_axi' <Latency = 0> <II = 1> <Delay = 1.00> <Adapter> <Opcode : 'read' 'write' 'readreq' 'writereq' 'writeresp'>
ST_12 : Operation 103 [1/8] (7.30ns)   --->   "%word_hi_req = readreq i1 @_ssdm_op_ReadReq.m_axi.i256P1A, i256 %weights_addr_1, i32 1" [H:/subband_ref_q610_opt_stage4_latency_stepL2.cpp:2607]   --->   Operation 103 'readreq' 'word_hi_req' <Predicate = (!icmp_ln2599 & cmp5)> <Delay = 7.30> <CoreInst = "m_axi">   --->   Core 113 'm_axi' <Latency = 0> <II = 1> <Delay = 1.00> <Adapter> <Opcode : 'read' 'write' 'readreq' 'writereq' 'writeresp'>
ST_12 : Operation 113 [1/1] (0.00ns)   --->   "%ret_ln0 = ret"   --->   Operation 113 'ret' 'ret_ln0' <Predicate = (icmp_ln2599)> <Delay = 0.00>

State 13 <SV = 12> <Delay = 7.30>
ST_13 : Operation 104 [1/1] (7.30ns)   --->   "%word_hi = read i256 @_ssdm_op_Read.m_axi.i256P1A, i256 %weights_addr_1" [H:/subband_ref_q610_opt_stage4_latency_stepL2.cpp:2607]   --->   Operation 104 'read' 'word_hi' <Predicate = (!icmp_ln2599 & cmp5)> <Delay = 7.30> <CoreInst = "m_axi">   --->   Core 113 'm_axi' <Latency = 0> <II = 1> <Delay = 1.00> <Adapter> <Opcode : 'read' 'write' 'readreq' 'writereq' 'writeresp'>

State 14 <SV = 13> <Delay = 4.84>
ST_14 : Operation 105 [1/1] (1.58ns)   --->   "%br_ln2609 = br void %for.inc" [H:/subband_ref_q610_opt_stage4_latency_stepL2.cpp:2609]   --->   Operation 105 'br' 'br_ln2609' <Predicate = (!icmp_ln2599 & cmp5)> <Delay = 1.58>
ST_14 : Operation 106 [1/1] (0.00ns)   --->   "%word_hi_1 = phi i256 %word_hi, void %if.then, i256 0, void %for.inc41"   --->   Operation 106 'phi' 'word_hi_1' <Predicate = true> <Delay = 0.00>
ST_14 : Operation 107 [1/1] (0.00ns)   --->   "%word_lo_1 = phi i256 %word_lo, void %if.then, i256 0, void %for.inc41"   --->   Operation 107 'phi' 'word_lo_1' <Predicate = true> <Delay = 0.00>
ST_14 : Operation 108 [1/1] (0.00ns)   --->   "%zext_ln2616_2 = zext i11 %add_ln2616" [H:/subband_ref_q610_opt_stage4_latency_stepL2.cpp:2616]   --->   Operation 108 'zext' 'zext_ln2616_2' <Predicate = true> <Delay = 0.00>
ST_14 : Operation 109 [1/1] (0.00ns)   --->   "%RunSubbandRealtimeTopCoreQ610_stream_stream_ap_uint_const_int_bool_stream_pr_43 = getelementptr i512 %RunSubbandRealtimeTopCoreQ610_stream_stream_ap_uint_const_int_bool_stream_pr, i32 0, i32 %zext_ln2616_2" [H:/subband_ref_q610_opt_stage4_latency_stepL2.cpp:2616]   --->   Operation 109 'getelementptr' 'RunSubbandRealtimeTopCoreQ610_stream_stream_ap_uint_const_int_bool_stream_pr_43' <Predicate = true> <Delay = 0.00>
ST_14 : Operation 110 [1/1] (0.00ns)   --->   "%tmp = bitconcatenate i512 @_ssdm_op_BitConcatenate.i512.i256.i256, i256 %word_hi_1, i256 %word_lo_1" [H:/subband_ref_q610_opt_stage4_latency_stepL2.cpp:2616]   --->   Operation 110 'bitconcatenate' 'tmp' <Predicate = true> <Delay = 0.00>
ST_14 : Operation 111 [1/1] (3.25ns)   --->   "%store_ln2616 = store i512 %tmp, i11 %RunSubbandRealtimeTopCoreQ610_stream_stream_ap_uint_const_int_bool_stream_pr_43" [H:/subband_ref_q610_opt_stage4_latency_stepL2.cpp:2616]   --->   Operation 111 'store' 'store_ln2616' <Predicate = true> <Delay = 3.25> <CoreInst = "RAM_2P_BRAM">   --->   Core 91 'RAM_2P_BRAM' <Latency = 1> <II = 1> <Delay = 3.25> <Storage> <Opcode : 'load' 'store'> <Ports = 2> <Width = 512> <Depth = 1344> <RAM>
ST_14 : Operation 112 [1/1] (0.00ns)   --->   "%br_ln2600 = br void %for.body4" [H:/subband_ref_q610_opt_stage4_latency_stepL2.cpp:2600]   --->   Operation 112 'br' 'br_ln2600' <Predicate = true> <Delay = 0.00>


============================================================
+ Verbose Summary: Timing violations
============================================================
Target clock period: 10.000ns, clock uncertainty: 2.700ns.

 <State 1>: 8.254ns
The critical path consists of the following:
	'store' operation 0 bit ('store_ln2600', H:/subband_ref_q610_opt_stage4_latency_stepL2.cpp:2600) of constant 0 on local variable 'hidden_base', H:/subband_ref_q610_opt_stage4_latency_stepL2.cpp:2600 [16]  (1.588 ns)
	'load' operation 8 bit ('hidden_base_load', H:/subband_ref_q610_opt_stage4_latency_stepL2.cpp:2600) on local variable 'hidden_base', H:/subband_ref_q610_opt_stage4_latency_stepL2.cpp:2600 [24]  (0.000 ns)
	'icmp' operation 1 bit ('icmp_ln2600', H:/subband_ref_q610_opt_stage4_latency_stepL2.cpp:2600) [29]  (1.915 ns)
	'select' operation 8 bit ('select_ln2599', H:/subband_ref_q610_opt_stage4_latency_stepL2.cpp:2599) [30]  (1.248 ns)
	'add' operation 8 bit ('add_ln2600', H:/subband_ref_q610_opt_stage4_latency_stepL2.cpp:2600) [87]  (1.915 ns)
	'store' operation 0 bit ('store_ln2600', H:/subband_ref_q610_opt_stage4_latency_stepL2.cpp:2600) of variable 'add_ln2600', H:/subband_ref_q610_opt_stage4_latency_stepL2.cpp:2600 on local variable 'hidden_base', H:/subband_ref_q610_opt_stage4_latency_stepL2.cpp:2600 [90]  (1.588 ns)

 <State 2>: 6.893ns
The critical path consists of the following:
	'add' operation 32 bit ('add_ln2373_2', H:/subband_ref_q610_opt_stage4_latency_stepL2.cpp:2373->H:/subband_ref_q610_opt_stage4_latency_stepL2.cpp:2606) [47]  (4.371 ns)
	'sub' operation 31 bit ('sub_ln2373', H:/subband_ref_q610_opt_stage4_latency_stepL2.cpp:2373->H:/subband_ref_q610_opt_stage4_latency_stepL2.cpp:2606) [50]  (2.522 ns)

 <State 3>: 5.104ns
The critical path consists of the following:
	'add' operation 32 bit ('add_ln2373_1', H:/subband_ref_q610_opt_stage4_latency_stepL2.cpp:2373->H:/subband_ref_q610_opt_stage4_latency_stepL2.cpp:2607) [62]  (2.552 ns)
	'select' operation 27 bit ('select_ln2373_1', H:/subband_ref_q610_opt_stage4_latency_stepL2.cpp:2373->H:/subband_ref_q610_opt_stage4_latency_stepL2.cpp:2607) [68]  (0.000 ns)
	'add' operation 32 bit ('add_ln2607', H:/subband_ref_q610_opt_stage4_latency_stepL2.cpp:2607) [70]  (2.552 ns)

 <State 4>: 7.300ns
The critical path consists of the following:
	'getelementptr' operation 256 bit ('weights_addr', H:/subband_ref_q610_opt_stage4_latency_stepL2.cpp:2605) [59]  (0.000 ns)
	bus request operation ('word_lo_req', H:/subband_ref_q610_opt_stage4_latency_stepL2.cpp:2605) on port 'weights' (H:/subband_ref_q610_opt_stage4_latency_stepL2.cpp:2605) [60]  (7.300 ns)

 <State 5>: 7.300ns
The critical path consists of the following:
	bus request operation ('word_lo_req', H:/subband_ref_q610_opt_stage4_latency_stepL2.cpp:2605) on port 'weights' (H:/subband_ref_q610_opt_stage4_latency_stepL2.cpp:2605) [60]  (7.300 ns)

 <State 6>: 7.300ns
The critical path consists of the following:
	bus request operation ('word_lo_req', H:/subband_ref_q610_opt_stage4_latency_stepL2.cpp:2605) on port 'weights' (H:/subband_ref_q610_opt_stage4_latency_stepL2.cpp:2605) [60]  (7.300 ns)

 <State 7>: 7.300ns
The critical path consists of the following:
	bus request operation ('word_lo_req', H:/subband_ref_q610_opt_stage4_latency_stepL2.cpp:2605) on port 'weights' (H:/subband_ref_q610_opt_stage4_latency_stepL2.cpp:2605) [60]  (7.300 ns)

 <State 8>: 7.300ns
The critical path consists of the following:
	bus request operation ('word_lo_req', H:/subband_ref_q610_opt_stage4_latency_stepL2.cpp:2605) on port 'weights' (H:/subband_ref_q610_opt_stage4_latency_stepL2.cpp:2605) [60]  (7.300 ns)

 <State 9>: 7.300ns
The critical path consists of the following:
	bus request operation ('word_lo_req', H:/subband_ref_q610_opt_stage4_latency_stepL2.cpp:2605) on port 'weights' (H:/subband_ref_q610_opt_stage4_latency_stepL2.cpp:2605) [60]  (7.300 ns)

 <State 10>: 7.300ns
The critical path consists of the following:
	bus request operation ('word_lo_req', H:/subband_ref_q610_opt_stage4_latency_stepL2.cpp:2605) on port 'weights' (H:/subband_ref_q610_opt_stage4_latency_stepL2.cpp:2605) [60]  (7.300 ns)

 <State 11>: 7.300ns
The critical path consists of the following:
	bus request operation ('word_lo_req', H:/subband_ref_q610_opt_stage4_latency_stepL2.cpp:2605) on port 'weights' (H:/subband_ref_q610_opt_stage4_latency_stepL2.cpp:2605) [60]  (7.300 ns)

 <State 12>: 7.300ns
The critical path consists of the following:
	bus read operation ('word_lo', H:/subband_ref_q610_opt_stage4_latency_stepL2.cpp:2605) on port 'weights' (H:/subband_ref_q610_opt_stage4_latency_stepL2.cpp:2605) [61]  (7.300 ns)

 <State 13>: 7.300ns
The critical path consists of the following:
	bus read operation ('word_hi', H:/subband_ref_q610_opt_stage4_latency_stepL2.cpp:2607) on port 'weights' (H:/subband_ref_q610_opt_stage4_latency_stepL2.cpp:2607) [75]  (7.300 ns)

 <State 14>: 4.842ns
The critical path consists of the following:
	multiplexor before 'phi' operation 256 bit ('word_hi') with incoming values : ('word_hi', H:/subband_ref_q610_opt_stage4_latency_stepL2.cpp:2607) [78]  (1.588 ns)
	'phi' operation 256 bit ('word_hi') with incoming values : ('word_hi', H:/subband_ref_q610_opt_stage4_latency_stepL2.cpp:2607) [78]  (0.000 ns)
	'store' operation 0 bit ('store_ln2616', H:/subband_ref_q610_opt_stage4_latency_stepL2.cpp:2616) of variable 'tmp', H:/subband_ref_q610_opt_stage4_latency_stepL2.cpp:2616 on array 'RunSubbandRealtimeTopCoreQ610_stream_stream_ap_uint_const_int_bool_stream_pr' [86]  (3.254 ns)


============================================================
+ Verbose Summary: Binding
============================================================
N/A
* FSMD analyzer results:
  - Output states:
 - Input state : 
  - Chain level:
	State 1
	State 2
	State 3
	State 4
	State 5
	State 6
	State 7
	State 8
	State 9
	State 10
	State 11
	State 12
	State 13
	State 14


============================================================
+ Verbose Summary: Datapath Resource usage 
============================================================
N/A
