

================================================================
== Vitis HLS Report for 'p_anonymous_namespace_EmitRealtimeOutputChunkQ610_Pipeline_VITIS_LOOP_2473_2'
================================================================
* Date:           Thu May 14 12:27:20 2026

* Version:        2023.2 (Build 4023990 on Oct 11 2023)
* Project:        subband_q610_realtime_hls
* Solution:       solution1 (Vivado IP Flow Target)
* Product family: zynq
* Target device:  xc7z020-clg400-1


================================================================
== Performance Estimates
================================================================
+ Timing: 
    * Summary: 
    +--------+----------+----------+------------+
    |  Clock |  Target  | Estimated| Uncertainty|
    +--------+----------+----------+------------+
    |ap_clk  |  10.00 ns|  6.521 ns|     2.70 ns|
    +--------+----------+----------+------------+

+ Latency: 
    * Summary: 
    +---------+---------+-----------+-----------+------+------+---------+
    |  Latency (cycles) |   Latency (absolute)  |   Interval  | Pipeline|
    |   min   |   max   |    min    |    max    |  min |  max |   Type  |
    +---------+---------+-----------+-----------+------+------+---------+
    |     1154|     1154|  11.540 us|  11.540 us|  1154|  1154|       no|
    +---------+---------+-----------+-----------+------+------+---------+

    + Detail: 
        * Instance: 
        N/A

        * Loop: 
        +---------------------+---------+---------+----------+-----------+-----------+------+----------+
        |                     |  Latency (cycles) | Iteration|  Initiation Interval  | Trip |          |
        |      Loop Name      |   min   |   max   |  Latency |  achieved |   target  | Count| Pipelined|
        +---------------------+---------+---------+----------+-----------+-----------+------+----------+
        |- VITIS_LOOP_2473_2  |     1152|     1152|         2|          1|          1|  1152|       yes|
        +---------------------+---------+---------+----------+-----------+-----------+------+----------+

============================================================
+ Verbose Summary: Synthesis Manager
============================================================
InlineROM: 1
ExposeGlobal: 0
============================================================
+ Verbose Summary: CDFG Model
============================================================
IsTopModel: 0
ResetActiveHigh: 1
IsCombinational: 0
IsDatapathOnly: 0
HasWiredReturn: 1
HasMFsm: 2
HasVarLatency: 1
IsPipeline: 0
IsRtlPipelined: 0
IsInstanceOverlapped: 0
IsDontTouch: 0
HasImplIP: 0
IsGatedGlobalClock: 0

+ Individual pipeline summary: 
  * Pipeline-0: initiation interval (II) = 1, depth = 2


============================================================
+ Verbose Summary: Schedule
============================================================
* Number of FSM states : 2
* Pipeline : 1
  Pipeline-0 : II = 1, D = 2, States = { 1 2 }
* Dataflow Pipeline: 0

* FSM state transitions: 
1 --> 2 
2 --> 

* FSM state operations: 

State 1 <SV = 0> <Delay = 6.52>
ST_1 : Operation 5 [1/1] (0.00ns)   --->   "%output_index = alloca i32 1" [H:/subband_ref_q610_opt_stage4_latency_stepL2.cpp:2473]   --->   Operation 5 'alloca' 'output_index' <Predicate = true> <Delay = 0.00>
ST_1 : Operation 6 [1/1] (0.00ns)   --->   "%specaxissidechannel_ln0 = specaxissidechannel void @_ssdm_op_SpecAXISSideChannel, i16 %df_coef_stream_V_data_V, i2 %df_coef_stream_V_keep_V, i2 %df_coef_stream_V_strb_V, i1 0, i1 %df_coef_stream_V_last_V, i1 0, i1 0, void @empty_148"   --->   Operation 6 'specaxissidechannel' 'specaxissidechannel_ln0' <Predicate = true> <Delay = 0.00>
ST_1 : Operation 7 [1/1] (0.00ns)   --->   "%specmemcore_ln0 = specmemcore void @_ssdm_op_SpecMemCore, i16 %output_chunk, i64 666, i64 22, i64 18446744073709551615"   --->   Operation 7 'specmemcore' 'specmemcore_ln0' <Predicate = true> <Delay = 0.00>
ST_1 : Operation 8 [1/1] (0.00ns)   --->   "%specinterface_ln0 = specinterface void @_ssdm_op_SpecInterface, i16 %df_coef_stream_V_data_V, i2 %df_coef_stream_V_keep_V, i2 %df_coef_stream_V_strb_V, i1 %df_coef_stream_V_last_V, void @empty_139, i32 0, i32 0, void @empty_140, i32 0, i32 0, void @empty_136, void @empty_136, void @empty_136, i32 0, i32 0, i32 0, i32 0, void @empty_136, void @empty_136, i32 4294967295, i32 0"   --->   Operation 8 'specinterface' 'specinterface_ln0' <Predicate = true> <Delay = 0.00>
ST_1 : Operation 9 [1/1] (0.00ns)   --->   "%or_ln2477_read = read i13 @_ssdm_op_Read.ap_auto.i13, i13 %or_ln2477"   --->   Operation 9 'read' 'or_ln2477_read' <Predicate = true> <Delay = 0.00>
ST_1 : Operation 10 [1/1] (0.00ns)   --->   "%cmp6_read = read i1 @_ssdm_op_Read.ap_auto.i1, i1 %cmp6"   --->   Operation 10 'read' 'cmp6_read' <Predicate = true> <Delay = 0.00>
ST_1 : Operation 11 [1/1] (1.58ns)   --->   "%store_ln2473 = store i11 0, i11 %output_index" [H:/subband_ref_q610_opt_stage4_latency_stepL2.cpp:2473]   --->   Operation 11 'store' 'store_ln2473' <Predicate = true> <Delay = 1.58>
ST_1 : Operation 12 [1/1] (0.00ns)   --->   "%br_ln0 = br void %for.body5"   --->   Operation 12 'br' 'br_ln0' <Predicate = true> <Delay = 0.00>
ST_1 : Operation 13 [1/1] (0.00ns)   --->   "%output_index_1 = load i11 %output_index" [H:/subband_ref_q610_opt_stage4_latency_stepL2.cpp:2473]   --->   Operation 13 'load' 'output_index_1' <Predicate = true> <Delay = 0.00>
ST_1 : Operation 14 [1/1] (1.63ns)   --->   "%icmp_ln2473 = icmp_eq  i11 %output_index_1, i11 1152" [H:/subband_ref_q610_opt_stage4_latency_stepL2.cpp:2473]   --->   Operation 14 'icmp' 'icmp_ln2473' <Predicate = true> <Delay = 1.63> <CoreInst = "Cmp">   --->   Core 9 'Cmp' <Latency = 0> <II = 1> <Delay = 1.63> <FuncUnit> <Opcode : 'icmp'> <InPorts = 2> <OutPorts = 1>
ST_1 : Operation 15 [1/1] (1.63ns)   --->   "%add_ln2473 = add i11 %output_index_1, i11 1" [H:/subband_ref_q610_opt_stage4_latency_stepL2.cpp:2473]   --->   Operation 15 'add' 'add_ln2473' <Predicate = true> <Delay = 1.63> <CoreInst = "Adder">   --->   Core 1 'Adder' <Latency = 0> <II = 1> <Delay = 1.63> <FuncUnit> <Opcode : 'add' 'sub'> <InPorts = 2> <OutPorts = 1>
ST_1 : Operation 16 [1/1] (0.00ns)   --->   "%br_ln2473 = br i1 %icmp_ln2473, void %for.body5.split, void %for.inc10.loopexit.exitStub" [H:/subband_ref_q610_opt_stage4_latency_stepL2.cpp:2473]   --->   Operation 16 'br' 'br_ln2473' <Predicate = true> <Delay = 0.00>
ST_1 : Operation 17 [1/1] (1.63ns)   --->   "%icmp_ln2476 = icmp_eq  i11 %output_index_1, i11 1151" [H:/subband_ref_q610_opt_stage4_latency_stepL2.cpp:2476]   --->   Operation 17 'icmp' 'icmp_ln2476' <Predicate = (!icmp_ln2473)> <Delay = 1.63> <CoreInst = "Cmp">   --->   Core 9 'Cmp' <Latency = 0> <II = 1> <Delay = 1.63> <FuncUnit> <Opcode : 'icmp'> <InPorts = 2> <OutPorts = 1>
ST_1 : Operation 18 [1/1] (0.97ns)   --->   "%is_last = and i1 %cmp6_read, i1 %icmp_ln2476" [H:/subband_ref_q610_opt_stage4_latency_stepL2.cpp:2476]   --->   Operation 18 'and' 'is_last' <Predicate = (!icmp_ln2473)> <Delay = 0.97> <CoreInst = "LogicGate">   --->   Core 74 'LogicGate' <Latency = 0> <II = 1> <Delay = 0.97> <FuncUnit> <Opcode : 'and' 'or' 'xor'> <InPorts = 2> <OutPorts = 1>
ST_1 : Operation 19 [1/1] (0.00ns)   --->   "%zext_ln2477 = zext i11 %output_index_1" [H:/subband_ref_q610_opt_stage4_latency_stepL2.cpp:2477]   --->   Operation 19 'zext' 'zext_ln2477' <Predicate = (!icmp_ln2473)> <Delay = 0.00>
ST_1 : Operation 20 [1/1] (1.67ns)   --->   "%add_ln2477 = add i13 %or_ln2477_read, i13 %zext_ln2477" [H:/subband_ref_q610_opt_stage4_latency_stepL2.cpp:2477]   --->   Operation 20 'add' 'add_ln2477' <Predicate = (!icmp_ln2473)> <Delay = 1.67> <CoreInst = "Adder">   --->   Core 1 'Adder' <Latency = 0> <II = 1> <Delay = 1.67> <FuncUnit> <Opcode : 'add' 'sub'> <InPorts = 2> <OutPorts = 1>
ST_1 : Operation 21 [1/1] (0.00ns)   --->   "%zext_ln2477_1 = zext i13 %add_ln2477" [H:/subband_ref_q610_opt_stage4_latency_stepL2.cpp:2477]   --->   Operation 21 'zext' 'zext_ln2477_1' <Predicate = (!icmp_ln2473)> <Delay = 0.00>
ST_1 : Operation 22 [1/1] (0.00ns)   --->   "%output_chunk_addr = getelementptr i16 %output_chunk, i32 0, i32 %zext_ln2477_1" [H:/subband_ref_q610_opt_stage4_latency_stepL2.cpp:2477]   --->   Operation 22 'getelementptr' 'output_chunk_addr' <Predicate = (!icmp_ln2473)> <Delay = 0.00>
ST_1 : Operation 23 [2/2] (3.25ns)   --->   "%value = load i13 %output_chunk_addr" [H:/subband_ref_q610_opt_stage4_latency_stepL2.cpp:2477]   --->   Operation 23 'load' 'value' <Predicate = (!icmp_ln2473)> <Delay = 3.25> <CoreInst = "RAM_2P_BRAM">   --->   Core 91 'RAM_2P_BRAM' <Latency = 1> <II = 1> <Delay = 3.25> <Storage> <Opcode : 'load' 'store'> <Ports = 2> <Width = 16> <Depth = 4608> <RAM>
ST_1 : Operation 24 [1/1] (1.58ns)   --->   "%store_ln2473 = store i11 %add_ln2473, i11 %output_index" [H:/subband_ref_q610_opt_stage4_latency_stepL2.cpp:2473]   --->   Operation 24 'store' 'store_ln2473' <Predicate = (!icmp_ln2473)> <Delay = 1.58>
ST_1 : Operation 31 [1/1] (0.00ns)   --->   "%ret_ln0 = ret"   --->   Operation 31 'ret' 'ret_ln0' <Predicate = (icmp_ln2473)> <Delay = 0.00>

State 2 <SV = 1> <Delay = 4.25>
ST_2 : Operation 25 [1/1] (0.00ns)   --->   "%specpipeline_ln2474 = specpipeline void @_ssdm_op_SpecPipeline, i32 1, i32 0, i32 0, i32 0, void @empty_136" [H:/subband_ref_q610_opt_stage4_latency_stepL2.cpp:2474]   --->   Operation 25 'specpipeline' 'specpipeline_ln2474' <Predicate = true> <Delay = 0.00>
ST_2 : Operation 26 [1/1] (0.00ns)   --->   "%speclooptripcount_ln2473 = speclooptripcount void @_ssdm_op_SpecLoopTripCount, i64 1152, i64 1152, i64 1152" [H:/subband_ref_q610_opt_stage4_latency_stepL2.cpp:2473]   --->   Operation 26 'speclooptripcount' 'speclooptripcount_ln2473' <Predicate = true> <Delay = 0.00>
ST_2 : Operation 27 [1/1] (0.00ns)   --->   "%specloopname_ln2473 = specloopname void @_ssdm_op_SpecLoopName, void @empty_155" [H:/subband_ref_q610_opt_stage4_latency_stepL2.cpp:2473]   --->   Operation 27 'specloopname' 'specloopname_ln2473' <Predicate = true> <Delay = 0.00>
ST_2 : Operation 28 [1/2] (3.25ns)   --->   "%value = load i13 %output_chunk_addr" [H:/subband_ref_q610_opt_stage4_latency_stepL2.cpp:2477]   --->   Operation 28 'load' 'value' <Predicate = true> <Delay = 3.25> <CoreInst = "RAM_2P_BRAM">   --->   Core 91 'RAM_2P_BRAM' <Latency = 1> <II = 1> <Delay = 3.25> <Storage> <Opcode : 'load' 'store'> <Ports = 2> <Width = 16> <Depth = 4608> <RAM>
ST_2 : Operation 29 [1/1] (1.00ns)   --->   "%write_ln2477 = write void @_ssdm_op_Write.axis.volatile.i16P0A.i2P0A.i2P0A.i1P0A, i16 %df_coef_stream_V_data_V, i2 %df_coef_stream_V_keep_V, i2 %df_coef_stream_V_strb_V, i1 %df_coef_stream_V_last_V, i16 %value, i2 3, i2 3, i1 %is_last" [H:/subband_ref_q610_opt_stage4_latency_stepL2.cpp:2477]   --->   Operation 29 'write' 'write_ln2477' <Predicate = true> <Delay = 1.00> <CoreInst = "axis">   --->   Core 115 'axis' <Latency = 0> <II = 1> <Delay = 1.00> <Adapter> <Opcode : >
ST_2 : Operation 30 [1/1] (0.00ns)   --->   "%br_ln2473 = br void %for.body5" [H:/subband_ref_q610_opt_stage4_latency_stepL2.cpp:2473]   --->   Operation 30 'br' 'br_ln2473' <Predicate = true> <Delay = 0.00>


============================================================
+ Verbose Summary: Timing violations
============================================================
Target clock period: 10.000ns, clock uncertainty: 2.700ns.

 <State 1>: 6.521ns
The critical path consists of the following:
	'store' operation 0 bit ('store_ln2473', H:/subband_ref_q610_opt_stage4_latency_stepL2.cpp:2473) of constant 0 on local variable 'output_index', H:/subband_ref_q610_opt_stage4_latency_stepL2.cpp:2473 [14]  (1.588 ns)
	'load' operation 11 bit ('output_index', H:/subband_ref_q610_opt_stage4_latency_stepL2.cpp:2473) on local variable 'output_index', H:/subband_ref_q610_opt_stage4_latency_stepL2.cpp:2473 [17]  (0.000 ns)
	'add' operation 13 bit ('add_ln2477', H:/subband_ref_q610_opt_stage4_latency_stepL2.cpp:2477) [28]  (1.679 ns)
	'getelementptr' operation 13 bit ('output_chunk_addr', H:/subband_ref_q610_opt_stage4_latency_stepL2.cpp:2477) [30]  (0.000 ns)
	'load' operation 16 bit ('value', H:/subband_ref_q610_opt_stage4_latency_stepL2.cpp:2477) on array 'output_chunk' [31]  (3.254 ns)

 <State 2>: 4.254ns
The critical path consists of the following:
	'load' operation 16 bit ('value', H:/subband_ref_q610_opt_stage4_latency_stepL2.cpp:2477) on array 'output_chunk' [31]  (3.254 ns)
	axis write operation ('write_ln2477', H:/subband_ref_q610_opt_stage4_latency_stepL2.cpp:2477) on port 'df_coef_stream_V_data_V' (H:/subband_ref_q610_opt_stage4_latency_stepL2.cpp:2477) [32]  (1.000 ns)


============================================================
+ Verbose Summary: Binding
============================================================
N/A
* FSMD analyzer results:
  - Output states:
 - Input state : 
  - Chain level:
	State 1
	State 2


============================================================
+ Verbose Summary: Datapath Resource usage 
============================================================
N/A
