

================================================================
== Vitis HLS Report for 'p_anonymous_namespace_LoadRealtimeGSULayerWeightsQ610_Pipeline_VITIS_LOOP_2534_5_s'
================================================================
* Date:           Thu May 14 12:26:58 2026

* Version:        2023.2 (Build 4023990 on Oct 11 2023)
* Project:        subband_q610_realtime_hls
* Solution:       solution1 (Vivado IP Flow Target)
* Product family: zynq
* Target device:  xc7z020-clg400-1


================================================================
== Performance Estimates
================================================================
+ Timing: 
    * Summary: 
    +--------+----------+----------+------------+
    |  Clock |  Target  | Estimated| Uncertainty|
    +--------+----------+----------+------------+
    |ap_clk  |  10.00 ns|  8.254 ns|     2.70 ns|
    +--------+----------+----------+------------+

+ Latency: 
    * Summary: 
    +---------+---------+-----------+-----------+------+------+---------+
    |  Latency (cycles) |   Latency (absolute)  |   Interval  | Pipeline|
    |   min   |   max   |    min    |    max    |  min |  max |   Type  |
    +---------+---------+-----------+-----------+------+------+---------+
    |     3149|     3149|  31.490 us|  31.490 us|  3149|  3149|       no|
    +---------+---------+-----------+-----------+------+------+---------+

    + Detail: 
        * Instance: 
        N/A

        * Loop: 
        +---------------------------------------+---------+---------+----------+-----------+-----------+------+----------+
        |                                       |  Latency (cycles) | Iteration|  Initiation Interval  | Trip |          |
        |               Loop Name               |   min   |   max   |  Latency |  achieved |   target  | Count| Pipelined|
        +---------------------------------------+---------+---------+----------+-----------+-----------+------+----------+
        |- VITIS_LOOP_2534_5_VITIS_LOOP_2535_6  |     3147|     3147|        14|          2|          1|  1568|       yes|
        +---------------------------------------+---------+---------+----------+-----------+-----------+------+----------+

============================================================
+ Verbose Summary: Synthesis Manager
============================================================
InlineROM: 1
ExposeGlobal: 0
============================================================
+ Verbose Summary: CDFG Model
============================================================
IsTopModel: 0
ResetActiveHigh: 1
IsCombinational: 0
IsDatapathOnly: 0
HasWiredReturn: 1
HasMFsm: 2
HasVarLatency: 1
IsPipeline: 0
IsRtlPipelined: 0
IsInstanceOverlapped: 0
IsDontTouch: 0
HasImplIP: 0
IsGatedGlobalClock: 0

+ Individual pipeline summary: 
  * Pipeline-0: initiation interval (II) = 2, depth = 14


============================================================
+ Verbose Summary: Schedule
============================================================
* Number of FSM states : 14
* Pipeline : 1
  Pipeline-0 : II = 2, D = 14, States = { 1 2 3 4 5 6 7 8 9 10 11 12 13 14 }
* Dataflow Pipeline: 0

* FSM state transitions: 
1 --> 2 
2 --> 3 
3 --> 4 
4 --> 5 
5 --> 6 
6 --> 7 
7 --> 8 
8 --> 9 
9 --> 10 
10 --> 11 
11 --> 12 
12 --> 13 
13 --> 14 
14 --> 

* FSM state operations: 

State 1 <SV = 0> <Delay = 8.25>
ST_1 : Operation 17 [1/1] (0.00ns)   --->   "%col_base = alloca i32 1" [H:/subband_ref_q610_opt_stage4_latency_stepL2.cpp:2535]   --->   Operation 17 'alloca' 'col_base' <Predicate = true> <Delay = 0.00>
ST_1 : Operation 18 [1/1] (0.00ns)   --->   "%row = alloca i32 1" [H:/subband_ref_q610_opt_stage4_latency_stepL2.cpp:2534]   --->   Operation 18 'alloca' 'row' <Predicate = true> <Delay = 0.00>
ST_1 : Operation 19 [1/1] (0.00ns)   --->   "%indvar_flatten6 = alloca i32 1"   --->   Operation 19 'alloca' 'indvar_flatten6' <Predicate = true> <Delay = 0.00>
ST_1 : Operation 20 [1/1] (0.00ns)   --->   "%specmemcore_ln0 = specmemcore void @_ssdm_op_SpecMemCore, i512 %RunSubbandRealtimeTopCoreQ610_stream_stream_ap_uint_const_int_bool_stream_we_3, i64 666, i64 22, i64 18446744073709551615"   --->   Operation 20 'specmemcore' 'specmemcore_ln0' <Predicate = true> <Delay = 0.00>
ST_1 : Operation 21 [1/1] (0.00ns)   --->   "%specmemcore_ln0 = specmemcore void @_ssdm_op_SpecMemCore, i512 %RunSubbandRealtimeTopCoreQ610_stream_stream_ap_uint_const_int_bool_stream_we_2, i64 666, i64 22, i64 18446744073709551615"   --->   Operation 21 'specmemcore' 'specmemcore_ln0' <Predicate = true> <Delay = 0.00>
ST_1 : Operation 22 [1/1] (0.00ns)   --->   "%specinterface_ln0 = specinterface void @_ssdm_op_SpecInterface, i256 %weights, void @empty_135, i32 0, i32 0, void @empty_136, i32 0, i32 43031, void @empty_137, void @empty_138, void @empty_136, i32 1, i32 1, i32 16, i32 16, void @empty_136, void @empty_136, i32 4294967295, i32 0"   --->   Operation 22 'specinterface' 'specinterface_ln0' <Predicate = true> <Delay = 0.00>
ST_1 : Operation 23 [1/1] (0.00ns)   --->   "%weights_q610_read = read i32 @_ssdm_op_Read.ap_auto.i32, i32 %weights_q610"   --->   Operation 23 'read' 'weights_q610_read' <Predicate = true> <Delay = 0.00>
ST_1 : Operation 24 [1/1] (0.00ns)   --->   "%weight_offset_read_6 = read i32 @_ssdm_op_Read.ap_auto.i32, i32 %weight_offset_read"   --->   Operation 24 'read' 'weight_offset_read_6' <Predicate = true> <Delay = 0.00>
ST_1 : Operation 25 [1/1] (1.58ns)   --->   "%store_ln0 = store i11 0, i11 %indvar_flatten6"   --->   Operation 25 'store' 'store_ln0' <Predicate = true> <Delay = 1.58>
ST_1 : Operation 26 [1/1] (1.58ns)   --->   "%store_ln2534 = store i8 0, i8 %row" [H:/subband_ref_q610_opt_stage4_latency_stepL2.cpp:2534]   --->   Operation 26 'store' 'store_ln2534' <Predicate = true> <Delay = 1.58>
ST_1 : Operation 27 [1/1] (1.58ns)   --->   "%store_ln2535 = store i8 0, i8 %col_base" [H:/subband_ref_q610_opt_stage4_latency_stepL2.cpp:2535]   --->   Operation 27 'store' 'store_ln2535' <Predicate = true> <Delay = 1.58>
ST_1 : Operation 28 [1/1] (0.00ns)   --->   "%br_ln0 = br void %VITIS_LOOP_2542_7"   --->   Operation 28 'br' 'br_ln0' <Predicate = true> <Delay = 0.00>
ST_1 : Operation 29 [1/1] (0.00ns)   --->   "%indvar_flatten6_load = load i11 %indvar_flatten6" [H:/subband_ref_q610_opt_stage4_latency_stepL2.cpp:2534]   --->   Operation 29 'load' 'indvar_flatten6_load' <Predicate = true> <Delay = 0.00>
ST_1 : Operation 30 [1/1] (1.63ns)   --->   "%icmp_ln2534 = icmp_eq  i11 %indvar_flatten6_load, i11 1568" [H:/subband_ref_q610_opt_stage4_latency_stepL2.cpp:2534]   --->   Operation 30 'icmp' 'icmp_ln2534' <Predicate = true> <Delay = 1.63> <CoreInst = "Cmp">   --->   Core 9 'Cmp' <Latency = 0> <II = 1> <Delay = 1.63> <FuncUnit> <Opcode : 'icmp'> <InPorts = 2> <OutPorts = 1>
ST_1 : Operation 31 [1/1] (1.63ns)   --->   "%add_ln2534_1 = add i11 %indvar_flatten6_load, i11 1" [H:/subband_ref_q610_opt_stage4_latency_stepL2.cpp:2534]   --->   Operation 31 'add' 'add_ln2534_1' <Predicate = true> <Delay = 1.63> <CoreInst = "Adder">   --->   Core 1 'Adder' <Latency = 0> <II = 1> <Delay = 1.63> <FuncUnit> <Opcode : 'add' 'sub'> <InPorts = 2> <OutPorts = 1>
ST_1 : Operation 32 [1/1] (0.00ns)   --->   "%br_ln2534 = br i1 %icmp_ln2534, void %for.inc101, void %VITIS_LOOP_2560_11.preheader.exitStub" [H:/subband_ref_q610_opt_stage4_latency_stepL2.cpp:2534]   --->   Operation 32 'br' 'br_ln2534' <Predicate = true> <Delay = 0.00>
ST_1 : Operation 33 [1/1] (0.00ns)   --->   "%col_base_load = load i8 %col_base" [H:/subband_ref_q610_opt_stage4_latency_stepL2.cpp:2535]   --->   Operation 33 'load' 'col_base_load' <Predicate = (!icmp_ln2534)> <Delay = 0.00>
ST_1 : Operation 34 [1/1] (0.00ns)   --->   "%row_load = load i8 %row" [H:/subband_ref_q610_opt_stage4_latency_stepL2.cpp:2534]   --->   Operation 34 'load' 'row_load' <Predicate = (!icmp_ln2534)> <Delay = 0.00>
ST_1 : Operation 35 [1/1] (1.91ns)   --->   "%add_ln2534 = add i8 %row_load, i8 1" [H:/subband_ref_q610_opt_stage4_latency_stepL2.cpp:2534]   --->   Operation 35 'add' 'add_ln2534' <Predicate = (!icmp_ln2534)> <Delay = 1.91> <CoreInst = "Adder">   --->   Core 1 'Adder' <Latency = 0> <II = 1> <Delay = 1.91> <FuncUnit> <Opcode : 'add' 'sub'> <InPorts = 2> <OutPorts = 1>
ST_1 : Operation 36 [1/1] (1.91ns)   --->   "%icmp_ln2535 = icmp_eq  i8 %col_base_load, i8 224" [H:/subband_ref_q610_opt_stage4_latency_stepL2.cpp:2535]   --->   Operation 36 'icmp' 'icmp_ln2535' <Predicate = (!icmp_ln2534)> <Delay = 1.91> <CoreInst = "Cmp">   --->   Core 9 'Cmp' <Latency = 0> <II = 1> <Delay = 1.91> <FuncUnit> <Opcode : 'icmp'> <InPorts = 2> <OutPorts = 1>
ST_1 : Operation 37 [1/1] (1.24ns)   --->   "%select_ln2534 = select i1 %icmp_ln2535, i8 0, i8 %col_base_load" [H:/subband_ref_q610_opt_stage4_latency_stepL2.cpp:2534]   --->   Operation 37 'select' 'select_ln2534' <Predicate = (!icmp_ln2534)> <Delay = 1.24> <CoreInst = "Sel">   --->   Core 73 'Sel' <Latency = 0> <II = 1> <Delay = 1.24> <FuncUnit> <Opcode : 'select'> <InPorts = 3> <OutPorts = 1>
ST_1 : Operation 38 [1/1] (1.24ns)   --->   "%select_ln2534_1 = select i1 %icmp_ln2535, i8 %add_ln2534, i8 %row_load" [H:/subband_ref_q610_opt_stage4_latency_stepL2.cpp:2534]   --->   Operation 38 'select' 'select_ln2534_1' <Predicate = (!icmp_ln2534)> <Delay = 1.24> <CoreInst = "Sel">   --->   Core 73 'Sel' <Latency = 0> <II = 1> <Delay = 1.24> <FuncUnit> <Opcode : 'select'> <InPorts = 3> <OutPorts = 1>
ST_1 : Operation 39 [1/1] (0.00ns)   --->   "%trunc_ln2534 = trunc i8 %select_ln2534_1" [H:/subband_ref_q610_opt_stage4_latency_stepL2.cpp:2534]   --->   Operation 39 'trunc' 'trunc_ln2534' <Predicate = (!icmp_ln2534)> <Delay = 0.00>
ST_1 : Operation 40 [1/1] (0.00ns)   --->   "%lshr_ln5 = partselect i7 @_ssdm_op_PartSelect.i7.i8.i32.i32, i8 %select_ln2534_1, i32 1, i32 7" [H:/subband_ref_q610_opt_stage4_latency_stepL2.cpp:2534]   --->   Operation 40 'partselect' 'lshr_ln5' <Predicate = (!icmp_ln2534)> <Delay = 0.00>
ST_1 : Operation 41 [1/1] (0.00ns)   --->   "%p_shl2 = bitconcatenate i16 @_ssdm_op_BitConcatenate.i16.i8.i8, i8 %select_ln2534_1, i8 0" [H:/subband_ref_q610_opt_stage4_latency_stepL2.cpp:2534]   --->   Operation 41 'bitconcatenate' 'p_shl2' <Predicate = (!icmp_ln2534)> <Delay = 0.00>
ST_1 : Operation 42 [1/1] (0.00ns)   --->   "%p_shl12_cast = zext i16 %p_shl2" [H:/subband_ref_q610_opt_stage4_latency_stepL2.cpp:2534]   --->   Operation 42 'zext' 'p_shl12_cast' <Predicate = (!icmp_ln2534)> <Delay = 0.00>
ST_1 : Operation 43 [1/1] (0.00ns)   --->   "%p_shl3 = bitconcatenate i13 @_ssdm_op_BitConcatenate.i13.i8.i5, i8 %select_ln2534_1, i5 0" [H:/subband_ref_q610_opt_stage4_latency_stepL2.cpp:2534]   --->   Operation 43 'bitconcatenate' 'p_shl3' <Predicate = (!icmp_ln2534)> <Delay = 0.00>
ST_1 : Operation 44 [1/1] (0.00ns)   --->   "%p_shl13_cast = zext i13 %p_shl3" [H:/subband_ref_q610_opt_stage4_latency_stepL2.cpp:2534]   --->   Operation 44 'zext' 'p_shl13_cast' <Predicate = (!icmp_ln2534)> <Delay = 0.00>
ST_1 : Operation 45 [1/1] (2.07ns)   --->   "%empty = sub i17 %p_shl12_cast, i17 %p_shl13_cast" [H:/subband_ref_q610_opt_stage4_latency_stepL2.cpp:2534]   --->   Operation 45 'sub' 'empty' <Predicate = (!icmp_ln2534)> <Delay = 2.07> <CoreInst = "Adder">   --->   Core 1 'Adder' <Latency = 0> <II = 1> <Delay = 2.07> <FuncUnit> <Opcode : 'add' 'sub'> <InPorts = 2> <OutPorts = 1>
ST_1 : Operation 46 [1/1] (0.00ns)   --->   "%lshr_ln6 = partselect i3 @_ssdm_op_PartSelect.i3.i8.i32.i32, i8 %select_ln2534, i32 5, i32 7" [H:/subband_ref_q610_opt_stage4_latency_stepL2.cpp:2548]   --->   Operation 46 'partselect' 'lshr_ln6' <Predicate = (!icmp_ln2534)> <Delay = 0.00>
ST_1 : Operation 47 [1/1] (0.00ns)   --->   "%br_ln2544 = br i1 %trunc_ln2534, void %arrayidx942243.15.case.0, void %arrayidx942243.15.case.1" [H:/subband_ref_q610_opt_stage4_latency_stepL2.cpp:2544]   --->   Operation 47 'br' 'br_ln2544' <Predicate = (!icmp_ln2534)> <Delay = 0.00>
ST_1 : Operation 48 [1/1] (1.91ns)   --->   "%add_ln2535 = add i8 %select_ln2534, i8 32" [H:/subband_ref_q610_opt_stage4_latency_stepL2.cpp:2535]   --->   Operation 48 'add' 'add_ln2535' <Predicate = (!icmp_ln2534)> <Delay = 1.91> <CoreInst = "Adder">   --->   Core 1 'Adder' <Latency = 0> <II = 1> <Delay = 1.91> <FuncUnit> <Opcode : 'add' 'sub'> <InPorts = 2> <OutPorts = 1>
ST_1 : Operation 49 [1/1] (1.58ns)   --->   "%store_ln2534 = store i11 %add_ln2534_1, i11 %indvar_flatten6" [H:/subband_ref_q610_opt_stage4_latency_stepL2.cpp:2534]   --->   Operation 49 'store' 'store_ln2534' <Predicate = (!icmp_ln2534)> <Delay = 1.58>
ST_1 : Operation 50 [1/1] (1.58ns)   --->   "%store_ln2534 = store i8 %select_ln2534_1, i8 %row" [H:/subband_ref_q610_opt_stage4_latency_stepL2.cpp:2534]   --->   Operation 50 'store' 'store_ln2534' <Predicate = (!icmp_ln2534)> <Delay = 1.58>
ST_1 : Operation 51 [1/1] (1.58ns)   --->   "%store_ln2535 = store i8 %add_ln2535, i8 %col_base" [H:/subband_ref_q610_opt_stage4_latency_stepL2.cpp:2535]   --->   Operation 51 'store' 'store_ln2535' <Predicate = (!icmp_ln2534)> <Delay = 1.58>
ST_1 : Operation 52 [1/1] (0.00ns)   --->   "%br_ln2535 = br void %VITIS_LOOP_2542_7" [H:/subband_ref_q610_opt_stage4_latency_stepL2.cpp:2535]   --->   Operation 52 'br' 'br_ln2535' <Predicate = (!icmp_ln2534)> <Delay = 0.00>

State 2 <SV = 1> <Delay = 6.89>
ST_2 : Operation 53 [1/1] (0.00ns)   --->   "%p_cast20 = sext i17 %empty" [H:/subband_ref_q610_opt_stage4_latency_stepL2.cpp:2534]   --->   Operation 53 'sext' 'p_cast20' <Predicate = (!icmp_ln2534)> <Delay = 0.00>
ST_2 : Operation 54 [1/1] (0.00ns) (grouped into TernaryAdder)   --->   "%add_ln2373 = add i32 %p_cast20, i32 %weight_offset_read_6" [H:/subband_ref_q610_opt_stage4_latency_stepL2.cpp:2373->H:/subband_ref_q610_opt_stage4_latency_stepL2.cpp:2538]   --->   Operation 54 'add' 'add_ln2373' <Predicate = (!icmp_ln2534)> <Delay = 0.00> <CoreInst = "TAddSub">   --->   Core 10 'TAddSub' <Latency = 0> <II = 1> <Delay = 1.86> <IPBlock> <Opcode : '' 'add' 'sub'> <InPorts = 3> <OutPorts = 1> <Sync> <CReg>
ST_2 : Operation 55 [1/1] (0.00ns)   --->   "%or_ln = bitconcatenate i15 @_ssdm_op_BitConcatenate.i15.i7.i8, i7 68, i8 %select_ln2534" [H:/subband_ref_q610_opt_stage4_latency_stepL2.cpp:2373->H:/subband_ref_q610_opt_stage4_latency_stepL2.cpp:2538]   --->   Operation 55 'bitconcatenate' 'or_ln' <Predicate = (!icmp_ln2534)> <Delay = 0.00>
ST_2 : Operation 56 [1/1] (0.00ns)   --->   "%sext_ln2373 = sext i15 %or_ln" [H:/subband_ref_q610_opt_stage4_latency_stepL2.cpp:2373->H:/subband_ref_q610_opt_stage4_latency_stepL2.cpp:2538]   --->   Operation 56 'sext' 'sext_ln2373' <Predicate = (!icmp_ln2534)> <Delay = 0.00>
ST_2 : Operation 57 [1/1] (0.00ns)   --->   "%zext_ln2373 = zext i16 %sext_ln2373" [H:/subband_ref_q610_opt_stage4_latency_stepL2.cpp:2373->H:/subband_ref_q610_opt_stage4_latency_stepL2.cpp:2538]   --->   Operation 57 'zext' 'zext_ln2373' <Predicate = (!icmp_ln2534)> <Delay = 0.00>
ST_2 : Operation 58 [1/1] (4.37ns) (root node of TernaryAdder)   --->   "%add_ln2373_5 = add i32 %zext_ln2373, i32 %add_ln2373" [H:/subband_ref_q610_opt_stage4_latency_stepL2.cpp:2373->H:/subband_ref_q610_opt_stage4_latency_stepL2.cpp:2538]   --->   Operation 58 'add' 'add_ln2373_5' <Predicate = (!icmp_ln2534)> <Delay = 4.37> <CoreInst = "TAddSub">   --->   Core 10 'TAddSub' <Latency = 0> <II = 1> <Delay = 1.86> <IPBlock> <Opcode : '' 'add' 'sub'> <InPorts = 3> <OutPorts = 1> <Sync> <CReg>
ST_2 : Operation 59 [1/1] (0.00ns)   --->   "%trunc_ln2373 = trunc i32 %add_ln2373_5" [H:/subband_ref_q610_opt_stage4_latency_stepL2.cpp:2373->H:/subband_ref_q610_opt_stage4_latency_stepL2.cpp:2538]   --->   Operation 59 'trunc' 'trunc_ln2373' <Predicate = (!icmp_ln2534)> <Delay = 0.00>
ST_2 : Operation 60 [1/1] (2.52ns)   --->   "%sub_ln2373 = sub i31 0, i31 %trunc_ln2373" [H:/subband_ref_q610_opt_stage4_latency_stepL2.cpp:2373->H:/subband_ref_q610_opt_stage4_latency_stepL2.cpp:2538]   --->   Operation 60 'sub' 'sub_ln2373' <Predicate = (!icmp_ln2534)> <Delay = 2.52> <CoreInst = "Adder">   --->   Core 1 'Adder' <Latency = 0> <II = 1> <Delay = 2.52> <FuncUnit> <Opcode : 'add' 'sub'> <InPorts = 2> <OutPorts = 1>
ST_2 : Operation 61 [1/1] (0.00ns)   --->   "%trunc_ln2373_5 = partselect i27 @_ssdm_op_PartSelect.i27.i31.i32.i32, i31 %sub_ln2373, i32 4, i32 30" [H:/subband_ref_q610_opt_stage4_latency_stepL2.cpp:2373->H:/subband_ref_q610_opt_stage4_latency_stepL2.cpp:2538]   --->   Operation 61 'partselect' 'trunc_ln2373_5' <Predicate = (!icmp_ln2534)> <Delay = 0.00>
ST_2 : Operation 62 [1/1] (2.52ns)   --->   "%sub_ln2373_9 = sub i31 2147483632, i31 %trunc_ln2373" [H:/subband_ref_q610_opt_stage4_latency_stepL2.cpp:2373->H:/subband_ref_q610_opt_stage4_latency_stepL2.cpp:2540]   --->   Operation 62 'sub' 'sub_ln2373_9' <Predicate = (!icmp_ln2534)> <Delay = 2.52> <CoreInst = "Adder">   --->   Core 1 'Adder' <Latency = 0> <II = 1> <Delay = 2.52> <FuncUnit> <Opcode : 'add' 'sub'> <InPorts = 2> <OutPorts = 1>
ST_2 : Operation 63 [1/1] (0.00ns)   --->   "%trunc_ln2373_7 = partselect i27 @_ssdm_op_PartSelect.i27.i31.i32.i32, i31 %sub_ln2373_9, i32 4, i32 30" [H:/subband_ref_q610_opt_stage4_latency_stepL2.cpp:2373->H:/subband_ref_q610_opt_stage4_latency_stepL2.cpp:2540]   --->   Operation 63 'partselect' 'trunc_ln2373_7' <Predicate = (!icmp_ln2534)> <Delay = 0.00>

State 3 <SV = 2> <Delay = 5.10>
ST_3 : Operation 64 [1/1] (0.00ns) (grouped into LUT with out node add_ln2538)   --->   "%tmp = bitselect i1 @_ssdm_op_BitSelect.i1.i32.i32, i32 %add_ln2373_5, i32 31" [H:/subband_ref_q610_opt_stage4_latency_stepL2.cpp:2373->H:/subband_ref_q610_opt_stage4_latency_stepL2.cpp:2538]   --->   Operation 64 'bitselect' 'tmp' <Predicate = true> <Delay = 0.00>
ST_3 : Operation 65 [1/1] (2.40ns)   --->   "%sub_ln2373_8 = sub i27 0, i27 %trunc_ln2373_5" [H:/subband_ref_q610_opt_stage4_latency_stepL2.cpp:2373->H:/subband_ref_q610_opt_stage4_latency_stepL2.cpp:2538]   --->   Operation 65 'sub' 'sub_ln2373_8' <Predicate = true> <Delay = 2.40> <CoreInst = "Adder">   --->   Core 1 'Adder' <Latency = 0> <II = 1> <Delay = 2.40> <FuncUnit> <Opcode : 'add' 'sub'> <InPorts = 2> <OutPorts = 1>
ST_3 : Operation 66 [1/1] (0.00ns) (grouped into LUT with out node add_ln2538)   --->   "%tmp_18 = partselect i27 @_ssdm_op_PartSelect.i27.i32.i32.i32, i32 %add_ln2373_5, i32 4, i32 30" [H:/subband_ref_q610_opt_stage4_latency_stepL2.cpp:2538]   --->   Operation 66 'partselect' 'tmp_18' <Predicate = true> <Delay = 0.00>
ST_3 : Operation 67 [1/1] (0.00ns) (grouped into LUT with out node add_ln2538)   --->   "%select_ln2373 = select i1 %tmp, i27 %sub_ln2373_8, i27 %tmp_18" [H:/subband_ref_q610_opt_stage4_latency_stepL2.cpp:2373->H:/subband_ref_q610_opt_stage4_latency_stepL2.cpp:2538]   --->   Operation 67 'select' 'select_ln2373' <Predicate = true> <Delay = 0.00> <CoreInst = "Sel">   --->   Core 73 'Sel' <Latency = 0> <II = 1> <Delay = 0.80> <FuncUnit> <Opcode : 'select'> <InPorts = 3> <OutPorts = 1>
ST_3 : Operation 68 [1/1] (0.00ns) (grouped into LUT with out node add_ln2538)   --->   "%shl_ln7 = bitconcatenate i32 @_ssdm_op_BitConcatenate.i32.i27.i5, i27 %select_ln2373, i5 0" [H:/subband_ref_q610_opt_stage4_latency_stepL2.cpp:2538]   --->   Operation 68 'bitconcatenate' 'shl_ln7' <Predicate = true> <Delay = 0.00>
ST_3 : Operation 69 [1/1] (2.55ns) (out node of the LUT)   --->   "%add_ln2538 = add i32 %shl_ln7, i32 %weights_q610_read" [H:/subband_ref_q610_opt_stage4_latency_stepL2.cpp:2538]   --->   Operation 69 'add' 'add_ln2538' <Predicate = true> <Delay = 2.55> <CoreInst = "Adder">   --->   Core 1 'Adder' <Latency = 0> <II = 1> <Delay = 2.55> <FuncUnit> <Opcode : 'add' 'sub'> <InPorts = 2> <OutPorts = 1>
ST_3 : Operation 70 [1/1] (0.00ns)   --->   "%trunc_ln = partselect i27 @_ssdm_op_PartSelect.i27.i32.i32.i32, i32 %add_ln2538, i32 5, i32 31" [H:/subband_ref_q610_opt_stage4_latency_stepL2.cpp:2538]   --->   Operation 70 'partselect' 'trunc_ln' <Predicate = true> <Delay = 0.00>
ST_3 : Operation 71 [1/1] (2.55ns)   --->   "%add_ln2373_2 = add i32 %add_ln2373_5, i32 16" [H:/subband_ref_q610_opt_stage4_latency_stepL2.cpp:2373->H:/subband_ref_q610_opt_stage4_latency_stepL2.cpp:2540]   --->   Operation 71 'add' 'add_ln2373_2' <Predicate = true> <Delay = 2.55> <CoreInst = "Adder">   --->   Core 1 'Adder' <Latency = 0> <II = 1> <Delay = 2.55> <FuncUnit> <Opcode : 'add' 'sub'> <InPorts = 2> <OutPorts = 1>
ST_3 : Operation 72 [1/1] (0.00ns) (grouped into LUT with out node add_ln2540)   --->   "%tmp_39 = bitselect i1 @_ssdm_op_BitSelect.i1.i32.i32, i32 %add_ln2373_2, i32 31" [H:/subband_ref_q610_opt_stage4_latency_stepL2.cpp:2373->H:/subband_ref_q610_opt_stage4_latency_stepL2.cpp:2540]   --->   Operation 72 'bitselect' 'tmp_39' <Predicate = true> <Delay = 0.00>
ST_3 : Operation 73 [1/1] (2.40ns)   --->   "%sub_ln2373_10 = sub i27 0, i27 %trunc_ln2373_7" [H:/subband_ref_q610_opt_stage4_latency_stepL2.cpp:2373->H:/subband_ref_q610_opt_stage4_latency_stepL2.cpp:2540]   --->   Operation 73 'sub' 'sub_ln2373_10' <Predicate = true> <Delay = 2.40> <CoreInst = "Adder">   --->   Core 1 'Adder' <Latency = 0> <II = 1> <Delay = 2.40> <FuncUnit> <Opcode : 'add' 'sub'> <InPorts = 2> <OutPorts = 1>
ST_3 : Operation 74 [1/1] (0.00ns) (grouped into LUT with out node add_ln2540)   --->   "%tmp_19 = partselect i27 @_ssdm_op_PartSelect.i27.i32.i32.i32, i32 %add_ln2373_2, i32 4, i32 30" [H:/subband_ref_q610_opt_stage4_latency_stepL2.cpp:2540]   --->   Operation 74 'partselect' 'tmp_19' <Predicate = true> <Delay = 0.00>
ST_3 : Operation 75 [1/1] (0.00ns) (grouped into LUT with out node add_ln2540)   --->   "%select_ln2373_2 = select i1 %tmp_39, i27 %sub_ln2373_10, i27 %tmp_19" [H:/subband_ref_q610_opt_stage4_latency_stepL2.cpp:2373->H:/subband_ref_q610_opt_stage4_latency_stepL2.cpp:2540]   --->   Operation 75 'select' 'select_ln2373_2' <Predicate = true> <Delay = 0.00> <CoreInst = "Sel">   --->   Core 73 'Sel' <Latency = 0> <II = 1> <Delay = 0.80> <FuncUnit> <Opcode : 'select'> <InPorts = 3> <OutPorts = 1>
ST_3 : Operation 76 [1/1] (0.00ns) (grouped into LUT with out node add_ln2540)   --->   "%shl_ln8 = bitconcatenate i32 @_ssdm_op_BitConcatenate.i32.i27.i5, i27 %select_ln2373_2, i5 0" [H:/subband_ref_q610_opt_stage4_latency_stepL2.cpp:2540]   --->   Operation 76 'bitconcatenate' 'shl_ln8' <Predicate = true> <Delay = 0.00>
ST_3 : Operation 77 [1/1] (2.55ns) (out node of the LUT)   --->   "%add_ln2540 = add i32 %shl_ln8, i32 %weights_q610_read" [H:/subband_ref_q610_opt_stage4_latency_stepL2.cpp:2540]   --->   Operation 77 'add' 'add_ln2540' <Predicate = true> <Delay = 2.55> <CoreInst = "Adder">   --->   Core 1 'Adder' <Latency = 0> <II = 1> <Delay = 2.55> <FuncUnit> <Opcode : 'add' 'sub'> <InPorts = 2> <OutPorts = 1>
ST_3 : Operation 78 [1/1] (0.00ns)   --->   "%trunc_ln5 = partselect i27 @_ssdm_op_PartSelect.i27.i32.i32.i32, i32 %add_ln2540, i32 5, i32 31" [H:/subband_ref_q610_opt_stage4_latency_stepL2.cpp:2540]   --->   Operation 78 'partselect' 'trunc_ln5' <Predicate = true> <Delay = 0.00>

State 4 <SV = 3> <Delay = 7.30>
ST_4 : Operation 79 [1/1] (0.00ns)   --->   "%sext_ln2538 = sext i27 %trunc_ln" [H:/subband_ref_q610_opt_stage4_latency_stepL2.cpp:2538]   --->   Operation 79 'sext' 'sext_ln2538' <Predicate = true> <Delay = 0.00>
ST_4 : Operation 80 [1/1] (0.00ns)   --->   "%weights_addr = getelementptr i256 %weights, i32 %sext_ln2538" [H:/subband_ref_q610_opt_stage4_latency_stepL2.cpp:2538]   --->   Operation 80 'getelementptr' 'weights_addr' <Predicate = true> <Delay = 0.00>
ST_4 : Operation 81 [8/8] (7.30ns)   --->   "%word_lo_2_req = readreq i1 @_ssdm_op_ReadReq.m_axi.i256P1A, i256 %weights_addr, i32 1" [H:/subband_ref_q610_opt_stage4_latency_stepL2.cpp:2538]   --->   Operation 81 'readreq' 'word_lo_2_req' <Predicate = true> <Delay = 7.30> <CoreInst = "m_axi">   --->   Core 113 'm_axi' <Latency = 0> <II = 1> <Delay = 1.00> <Adapter> <Opcode : 'read' 'write' 'readreq' 'writereq' 'writeresp'>

State 5 <SV = 4> <Delay = 7.30>
ST_5 : Operation 82 [7/8] (7.30ns)   --->   "%word_lo_2_req = readreq i1 @_ssdm_op_ReadReq.m_axi.i256P1A, i256 %weights_addr, i32 1" [H:/subband_ref_q610_opt_stage4_latency_stepL2.cpp:2538]   --->   Operation 82 'readreq' 'word_lo_2_req' <Predicate = true> <Delay = 7.30> <CoreInst = "m_axi">   --->   Core 113 'm_axi' <Latency = 0> <II = 1> <Delay = 1.00> <Adapter> <Opcode : 'read' 'write' 'readreq' 'writereq' 'writeresp'>
ST_5 : Operation 83 [1/1] (0.00ns)   --->   "%sext_ln2540 = sext i27 %trunc_ln5" [H:/subband_ref_q610_opt_stage4_latency_stepL2.cpp:2540]   --->   Operation 83 'sext' 'sext_ln2540' <Predicate = true> <Delay = 0.00>
ST_5 : Operation 84 [1/1] (0.00ns)   --->   "%weights_addr_2 = getelementptr i256 %weights, i32 %sext_ln2540" [H:/subband_ref_q610_opt_stage4_latency_stepL2.cpp:2540]   --->   Operation 84 'getelementptr' 'weights_addr_2' <Predicate = true> <Delay = 0.00>
ST_5 : Operation 85 [8/8] (7.30ns)   --->   "%word_hi_2_req = readreq i1 @_ssdm_op_ReadReq.m_axi.i256P1A, i256 %weights_addr_2, i32 1" [H:/subband_ref_q610_opt_stage4_latency_stepL2.cpp:2540]   --->   Operation 85 'readreq' 'word_hi_2_req' <Predicate = true> <Delay = 7.30> <CoreInst = "m_axi">   --->   Core 113 'm_axi' <Latency = 0> <II = 1> <Delay = 1.00> <Adapter> <Opcode : 'read' 'write' 'readreq' 'writereq' 'writeresp'>

State 6 <SV = 5> <Delay = 7.30>
ST_6 : Operation 86 [6/8] (7.30ns)   --->   "%word_lo_2_req = readreq i1 @_ssdm_op_ReadReq.m_axi.i256P1A, i256 %weights_addr, i32 1" [H:/subband_ref_q610_opt_stage4_latency_stepL2.cpp:2538]   --->   Operation 86 'readreq' 'word_lo_2_req' <Predicate = true> <Delay = 7.30> <CoreInst = "m_axi">   --->   Core 113 'm_axi' <Latency = 0> <II = 1> <Delay = 1.00> <Adapter> <Opcode : 'read' 'write' 'readreq' 'writereq' 'writeresp'>
ST_6 : Operation 87 [7/8] (7.30ns)   --->   "%word_hi_2_req = readreq i1 @_ssdm_op_ReadReq.m_axi.i256P1A, i256 %weights_addr_2, i32 1" [H:/subband_ref_q610_opt_stage4_latency_stepL2.cpp:2540]   --->   Operation 87 'readreq' 'word_hi_2_req' <Predicate = true> <Delay = 7.30> <CoreInst = "m_axi">   --->   Core 113 'm_axi' <Latency = 0> <II = 1> <Delay = 1.00> <Adapter> <Opcode : 'read' 'write' 'readreq' 'writereq' 'writeresp'>

State 7 <SV = 6> <Delay = 7.30>
ST_7 : Operation 88 [5/8] (7.30ns)   --->   "%word_lo_2_req = readreq i1 @_ssdm_op_ReadReq.m_axi.i256P1A, i256 %weights_addr, i32 1" [H:/subband_ref_q610_opt_stage4_latency_stepL2.cpp:2538]   --->   Operation 88 'readreq' 'word_lo_2_req' <Predicate = true> <Delay = 7.30> <CoreInst = "m_axi">   --->   Core 113 'm_axi' <Latency = 0> <II = 1> <Delay = 1.00> <Adapter> <Opcode : 'read' 'write' 'readreq' 'writereq' 'writeresp'>
ST_7 : Operation 89 [6/8] (7.30ns)   --->   "%word_hi_2_req = readreq i1 @_ssdm_op_ReadReq.m_axi.i256P1A, i256 %weights_addr_2, i32 1" [H:/subband_ref_q610_opt_stage4_latency_stepL2.cpp:2540]   --->   Operation 89 'readreq' 'word_hi_2_req' <Predicate = true> <Delay = 7.30> <CoreInst = "m_axi">   --->   Core 113 'm_axi' <Latency = 0> <II = 1> <Delay = 1.00> <Adapter> <Opcode : 'read' 'write' 'readreq' 'writereq' 'writeresp'>

State 8 <SV = 7> <Delay = 7.30>
ST_8 : Operation 90 [4/8] (7.30ns)   --->   "%word_lo_2_req = readreq i1 @_ssdm_op_ReadReq.m_axi.i256P1A, i256 %weights_addr, i32 1" [H:/subband_ref_q610_opt_stage4_latency_stepL2.cpp:2538]   --->   Operation 90 'readreq' 'word_lo_2_req' <Predicate = true> <Delay = 7.30> <CoreInst = "m_axi">   --->   Core 113 'm_axi' <Latency = 0> <II = 1> <Delay = 1.00> <Adapter> <Opcode : 'read' 'write' 'readreq' 'writereq' 'writeresp'>
ST_8 : Operation 91 [5/8] (7.30ns)   --->   "%word_hi_2_req = readreq i1 @_ssdm_op_ReadReq.m_axi.i256P1A, i256 %weights_addr_2, i32 1" [H:/subband_ref_q610_opt_stage4_latency_stepL2.cpp:2540]   --->   Operation 91 'readreq' 'word_hi_2_req' <Predicate = true> <Delay = 7.30> <CoreInst = "m_axi">   --->   Core 113 'm_axi' <Latency = 0> <II = 1> <Delay = 1.00> <Adapter> <Opcode : 'read' 'write' 'readreq' 'writereq' 'writeresp'>

State 9 <SV = 8> <Delay = 7.30>
ST_9 : Operation 92 [3/8] (7.30ns)   --->   "%word_lo_2_req = readreq i1 @_ssdm_op_ReadReq.m_axi.i256P1A, i256 %weights_addr, i32 1" [H:/subband_ref_q610_opt_stage4_latency_stepL2.cpp:2538]   --->   Operation 92 'readreq' 'word_lo_2_req' <Predicate = true> <Delay = 7.30> <CoreInst = "m_axi">   --->   Core 113 'm_axi' <Latency = 0> <II = 1> <Delay = 1.00> <Adapter> <Opcode : 'read' 'write' 'readreq' 'writereq' 'writeresp'>
ST_9 : Operation 93 [4/8] (7.30ns)   --->   "%word_hi_2_req = readreq i1 @_ssdm_op_ReadReq.m_axi.i256P1A, i256 %weights_addr_2, i32 1" [H:/subband_ref_q610_opt_stage4_latency_stepL2.cpp:2540]   --->   Operation 93 'readreq' 'word_hi_2_req' <Predicate = true> <Delay = 7.30> <CoreInst = "m_axi">   --->   Core 113 'm_axi' <Latency = 0> <II = 1> <Delay = 1.00> <Adapter> <Opcode : 'read' 'write' 'readreq' 'writereq' 'writeresp'>

State 10 <SV = 9> <Delay = 7.30>
ST_10 : Operation 94 [2/8] (7.30ns)   --->   "%word_lo_2_req = readreq i1 @_ssdm_op_ReadReq.m_axi.i256P1A, i256 %weights_addr, i32 1" [H:/subband_ref_q610_opt_stage4_latency_stepL2.cpp:2538]   --->   Operation 94 'readreq' 'word_lo_2_req' <Predicate = true> <Delay = 7.30> <CoreInst = "m_axi">   --->   Core 113 'm_axi' <Latency = 0> <II = 1> <Delay = 1.00> <Adapter> <Opcode : 'read' 'write' 'readreq' 'writereq' 'writeresp'>
ST_10 : Operation 95 [3/8] (7.30ns)   --->   "%word_hi_2_req = readreq i1 @_ssdm_op_ReadReq.m_axi.i256P1A, i256 %weights_addr_2, i32 1" [H:/subband_ref_q610_opt_stage4_latency_stepL2.cpp:2540]   --->   Operation 95 'readreq' 'word_hi_2_req' <Predicate = true> <Delay = 7.30> <CoreInst = "m_axi">   --->   Core 113 'm_axi' <Latency = 0> <II = 1> <Delay = 1.00> <Adapter> <Opcode : 'read' 'write' 'readreq' 'writereq' 'writeresp'>

State 11 <SV = 10> <Delay = 7.30>
ST_11 : Operation 96 [1/8] (7.30ns)   --->   "%word_lo_2_req = readreq i1 @_ssdm_op_ReadReq.m_axi.i256P1A, i256 %weights_addr, i32 1" [H:/subband_ref_q610_opt_stage4_latency_stepL2.cpp:2538]   --->   Operation 96 'readreq' 'word_lo_2_req' <Predicate = true> <Delay = 7.30> <CoreInst = "m_axi">   --->   Core 113 'm_axi' <Latency = 0> <II = 1> <Delay = 1.00> <Adapter> <Opcode : 'read' 'write' 'readreq' 'writereq' 'writeresp'>
ST_11 : Operation 97 [2/8] (7.30ns)   --->   "%word_hi_2_req = readreq i1 @_ssdm_op_ReadReq.m_axi.i256P1A, i256 %weights_addr_2, i32 1" [H:/subband_ref_q610_opt_stage4_latency_stepL2.cpp:2540]   --->   Operation 97 'readreq' 'word_hi_2_req' <Predicate = true> <Delay = 7.30> <CoreInst = "m_axi">   --->   Core 113 'm_axi' <Latency = 0> <II = 1> <Delay = 1.00> <Adapter> <Opcode : 'read' 'write' 'readreq' 'writereq' 'writeresp'>

State 12 <SV = 11> <Delay = 7.30>
ST_12 : Operation 98 [1/1] (7.30ns)   --->   "%word_lo = read i256 @_ssdm_op_Read.m_axi.i256P1A, i256 %weights_addr" [H:/subband_ref_q610_opt_stage4_latency_stepL2.cpp:2538]   --->   Operation 98 'read' 'word_lo' <Predicate = true> <Delay = 7.30> <CoreInst = "m_axi">   --->   Core 113 'm_axi' <Latency = 0> <II = 1> <Delay = 1.00> <Adapter> <Opcode : 'read' 'write' 'readreq' 'writereq' 'writeresp'>
ST_12 : Operation 99 [1/8] (7.30ns)   --->   "%word_hi_2_req = readreq i1 @_ssdm_op_ReadReq.m_axi.i256P1A, i256 %weights_addr_2, i32 1" [H:/subband_ref_q610_opt_stage4_latency_stepL2.cpp:2540]   --->   Operation 99 'readreq' 'word_hi_2_req' <Predicate = true> <Delay = 7.30> <CoreInst = "m_axi">   --->   Core 113 'm_axi' <Latency = 0> <II = 1> <Delay = 1.00> <Adapter> <Opcode : 'read' 'write' 'readreq' 'writereq' 'writeresp'>
ST_12 : Operation 117 [1/1] (0.00ns)   --->   "%ret_ln0 = ret"   --->   Operation 117 'ret' 'ret_ln0' <Predicate = (icmp_ln2534)> <Delay = 0.00>

State 13 <SV = 12> <Delay = 7.30>
ST_13 : Operation 100 [1/1] (7.30ns)   --->   "%word_hi = read i256 @_ssdm_op_Read.m_axi.i256P1A, i256 %weights_addr_2" [H:/subband_ref_q610_opt_stage4_latency_stepL2.cpp:2540]   --->   Operation 100 'read' 'word_hi' <Predicate = true> <Delay = 7.30> <CoreInst = "m_axi">   --->   Core 113 'm_axi' <Latency = 0> <II = 1> <Delay = 1.00> <Adapter> <Opcode : 'read' 'write' 'readreq' 'writereq' 'writeresp'>
ST_13 : Operation 101 [1/1] (0.00ns)   --->   "%tmp_s = bitconcatenate i512 @_ssdm_op_BitConcatenate.i512.i256.i256, i256 %word_hi, i256 %word_lo" [H:/subband_ref_q610_opt_stage4_latency_stepL2.cpp:2548]   --->   Operation 101 'bitconcatenate' 'tmp_s' <Predicate = true> <Delay = 0.00>

State 14 <SV = 13> <Delay = 6.98>
ST_14 : Operation 102 [1/1] (0.00ns)   --->   "%specloopname_ln0 = specloopname void @_ssdm_op_SpecLoopName, void @VITIS_LOOP_2534_5_VITIS_LOOP_2535_6_str"   --->   Operation 102 'specloopname' 'specloopname_ln0' <Predicate = true> <Delay = 0.00>
ST_14 : Operation 103 [1/1] (0.00ns)   --->   "%speclooptripcount_ln0 = speclooptripcount void @_ssdm_op_SpecLoopTripCount, i64 1568, i64 1568, i64 1568"   --->   Operation 103 'speclooptripcount' 'speclooptripcount_ln0' <Predicate = true> <Delay = 0.00>
ST_14 : Operation 104 [1/1] (0.00ns)   --->   "%zext_ln2548 = zext i7 %lshr_ln5" [H:/subband_ref_q610_opt_stage4_latency_stepL2.cpp:2548]   --->   Operation 104 'zext' 'zext_ln2548' <Predicate = true> <Delay = 0.00>
ST_14 : Operation 105 [1/1] (0.00ns)   --->   "%tmp_17 = bitconcatenate i10 @_ssdm_op_BitConcatenate.i10.i7.i3, i7 %lshr_ln5, i3 0" [H:/subband_ref_q610_opt_stage4_latency_stepL2.cpp:2548]   --->   Operation 105 'bitconcatenate' 'tmp_17' <Predicate = true> <Delay = 0.00>
ST_14 : Operation 106 [1/1] (0.00ns) (grouped into TernaryAdder)   --->   "%sub_ln2548 = sub i10 %tmp_17, i10 %zext_ln2548" [H:/subband_ref_q610_opt_stage4_latency_stepL2.cpp:2548]   --->   Operation 106 'sub' 'sub_ln2548' <Predicate = true> <Delay = 0.00> <CoreInst = "TAddSub">   --->   Core 10 'TAddSub' <Latency = 0> <II = 1> <Delay = 1.86> <IPBlock> <Opcode : '' 'add' 'sub'> <InPorts = 3> <OutPorts = 1> <Sync> <CReg>
ST_14 : Operation 107 [1/1] (0.00ns)   --->   "%specpipeline_ln2536 = specpipeline void @_ssdm_op_SpecPipeline, i32 1, i32 0, i32 0, i32 0, void @empty_136" [H:/subband_ref_q610_opt_stage4_latency_stepL2.cpp:2536]   --->   Operation 107 'specpipeline' 'specpipeline_ln2536' <Predicate = true> <Delay = 0.00>
ST_14 : Operation 108 [1/1] (0.00ns)   --->   "%zext_ln2548_1 = zext i3 %lshr_ln6" [H:/subband_ref_q610_opt_stage4_latency_stepL2.cpp:2548]   --->   Operation 108 'zext' 'zext_ln2548_1' <Predicate = true> <Delay = 0.00>
ST_14 : Operation 109 [1/1] (3.72ns) (root node of TernaryAdder)   --->   "%add_ln2548 = add i10 %sub_ln2548, i10 %zext_ln2548_1" [H:/subband_ref_q610_opt_stage4_latency_stepL2.cpp:2548]   --->   Operation 109 'add' 'add_ln2548' <Predicate = true> <Delay = 3.72> <CoreInst = "TAddSub">   --->   Core 10 'TAddSub' <Latency = 0> <II = 1> <Delay = 1.86> <IPBlock> <Opcode : '' 'add' 'sub'> <InPorts = 3> <OutPorts = 1> <Sync> <CReg>
ST_14 : Operation 110 [1/1] (0.00ns)   --->   "%zext_ln2548_2 = zext i10 %add_ln2548" [H:/subband_ref_q610_opt_stage4_latency_stepL2.cpp:2548]   --->   Operation 110 'zext' 'zext_ln2548_2' <Predicate = true> <Delay = 0.00>
ST_14 : Operation 111 [1/1] (0.00ns)   --->   "%RunSubbandRealtimeTopCoreQ610_stream_stream_ap_uint_const_int_bool_stream_we_4 = getelementptr i512 %RunSubbandRealtimeTopCoreQ610_stream_stream_ap_uint_const_int_bool_stream_we_3, i32 0, i32 %zext_ln2548_2" [H:/subband_ref_q610_opt_stage4_latency_stepL2.cpp:2548]   --->   Operation 111 'getelementptr' 'RunSubbandRealtimeTopCoreQ610_stream_stream_ap_uint_const_int_bool_stream_we_4' <Predicate = true> <Delay = 0.00>
ST_14 : Operation 112 [1/1] (0.00ns)   --->   "%RunSubbandRealtimeTopCoreQ610_stream_stream_ap_uint_const_int_bool_stream_we_5 = getelementptr i512 %RunSubbandRealtimeTopCoreQ610_stream_stream_ap_uint_const_int_bool_stream_we_2, i32 0, i32 %zext_ln2548_2" [H:/subband_ref_q610_opt_stage4_latency_stepL2.cpp:2548]   --->   Operation 112 'getelementptr' 'RunSubbandRealtimeTopCoreQ610_stream_stream_ap_uint_const_int_bool_stream_we_5' <Predicate = true> <Delay = 0.00>
ST_14 : Operation 113 [1/1] (3.25ns)   --->   "%store_ln2548 = store i512 %tmp_s, i10 %RunSubbandRealtimeTopCoreQ610_stream_stream_ap_uint_const_int_bool_stream_we_4" [H:/subband_ref_q610_opt_stage4_latency_stepL2.cpp:2548]   --->   Operation 113 'store' 'store_ln2548' <Predicate = (!trunc_ln2534)> <Delay = 3.25> <CoreInst = "RAM_2P_BRAM">   --->   Core 91 'RAM_2P_BRAM' <Latency = 1> <II = 1> <Delay = 3.25> <Storage> <Opcode : 'load' 'store'> <Ports = 2> <Width = 512> <Depth = 784> <RAM>
ST_14 : Operation 114 [1/1] (0.00ns)   --->   "%br_ln2548 = br void %arrayidx942243.15.exit" [H:/subband_ref_q610_opt_stage4_latency_stepL2.cpp:2548]   --->   Operation 114 'br' 'br_ln2548' <Predicate = (!trunc_ln2534)> <Delay = 0.00>
ST_14 : Operation 115 [1/1] (3.25ns)   --->   "%store_ln2548 = store i512 %tmp_s, i10 %RunSubbandRealtimeTopCoreQ610_stream_stream_ap_uint_const_int_bool_stream_we_5" [H:/subband_ref_q610_opt_stage4_latency_stepL2.cpp:2548]   --->   Operation 115 'store' 'store_ln2548' <Predicate = (trunc_ln2534)> <Delay = 3.25> <CoreInst = "RAM_2P_BRAM">   --->   Core 91 'RAM_2P_BRAM' <Latency = 1> <II = 1> <Delay = 3.25> <Storage> <Opcode : 'load' 'store'> <Ports = 2> <Width = 512> <Depth = 784> <RAM>
ST_14 : Operation 116 [1/1] (0.00ns)   --->   "%br_ln2548 = br void %arrayidx942243.15.exit" [H:/subband_ref_q610_opt_stage4_latency_stepL2.cpp:2548]   --->   Operation 116 'br' 'br_ln2548' <Predicate = (trunc_ln2534)> <Delay = 0.00>


============================================================
+ Verbose Summary: Timing violations
============================================================
Target clock period: 10.000ns, clock uncertainty: 2.700ns.

 <State 1>: 8.254ns
The critical path consists of the following:
	'store' operation 0 bit ('store_ln2535', H:/subband_ref_q610_opt_stage4_latency_stepL2.cpp:2535) of constant 0 on local variable 'col_base', H:/subband_ref_q610_opt_stage4_latency_stepL2.cpp:2535 [16]  (1.588 ns)
	'load' operation 8 bit ('col_base_load', H:/subband_ref_q610_opt_stage4_latency_stepL2.cpp:2535) on local variable 'col_base', H:/subband_ref_q610_opt_stage4_latency_stepL2.cpp:2535 [24]  (0.000 ns)
	'icmp' operation 1 bit ('icmp_ln2535', H:/subband_ref_q610_opt_stage4_latency_stepL2.cpp:2535) [29]  (1.915 ns)
	'select' operation 8 bit ('select_ln2534', H:/subband_ref_q610_opt_stage4_latency_stepL2.cpp:2534) [30]  (1.248 ns)
	'add' operation 8 bit ('add_ln2535', H:/subband_ref_q610_opt_stage4_latency_stepL2.cpp:2535) [92]  (1.915 ns)
	'store' operation 0 bit ('store_ln2535', H:/subband_ref_q610_opt_stage4_latency_stepL2.cpp:2535) of variable 'add_ln2535', H:/subband_ref_q610_opt_stage4_latency_stepL2.cpp:2535 on local variable 'col_base', H:/subband_ref_q610_opt_stage4_latency_stepL2.cpp:2535 [95]  (1.588 ns)

 <State 2>: 6.893ns
The critical path consists of the following:
	'add' operation 32 bit ('add_ln2373', H:/subband_ref_q610_opt_stage4_latency_stepL2.cpp:2373->H:/subband_ref_q610_opt_stage4_latency_stepL2.cpp:2538) [44]  (0.000 ns)
	'add' operation 32 bit ('add_ln2373_5', H:/subband_ref_q610_opt_stage4_latency_stepL2.cpp:2373->H:/subband_ref_q610_opt_stage4_latency_stepL2.cpp:2538) [48]  (4.371 ns)
	'sub' operation 31 bit ('sub_ln2373', H:/subband_ref_q610_opt_stage4_latency_stepL2.cpp:2373->H:/subband_ref_q610_opt_stage4_latency_stepL2.cpp:2538) [51]  (2.522 ns)

 <State 3>: 5.104ns
The critical path consists of the following:
	'add' operation 32 bit ('add_ln2373_2', H:/subband_ref_q610_opt_stage4_latency_stepL2.cpp:2373->H:/subband_ref_q610_opt_stage4_latency_stepL2.cpp:2540) [63]  (2.552 ns)
	'select' operation 27 bit ('select_ln2373_2', H:/subband_ref_q610_opt_stage4_latency_stepL2.cpp:2373->H:/subband_ref_q610_opt_stage4_latency_stepL2.cpp:2540) [69]  (0.000 ns)
	'add' operation 32 bit ('add_ln2540', H:/subband_ref_q610_opt_stage4_latency_stepL2.cpp:2540) [71]  (2.552 ns)

 <State 4>: 7.300ns
The critical path consists of the following:
	'getelementptr' operation 256 bit ('weights_addr', H:/subband_ref_q610_opt_stage4_latency_stepL2.cpp:2538) [60]  (0.000 ns)
	bus request operation ('word_lo_2_req', H:/subband_ref_q610_opt_stage4_latency_stepL2.cpp:2538) on port 'weights' (H:/subband_ref_q610_opt_stage4_latency_stepL2.cpp:2538) [61]  (7.300 ns)

 <State 5>: 7.300ns
The critical path consists of the following:
	bus request operation ('word_lo_2_req', H:/subband_ref_q610_opt_stage4_latency_stepL2.cpp:2538) on port 'weights' (H:/subband_ref_q610_opt_stage4_latency_stepL2.cpp:2538) [61]  (7.300 ns)

 <State 6>: 7.300ns
The critical path consists of the following:
	bus request operation ('word_lo_2_req', H:/subband_ref_q610_opt_stage4_latency_stepL2.cpp:2538) on port 'weights' (H:/subband_ref_q610_opt_stage4_latency_stepL2.cpp:2538) [61]  (7.300 ns)

 <State 7>: 7.300ns
The critical path consists of the following:
	bus request operation ('word_lo_2_req', H:/subband_ref_q610_opt_stage4_latency_stepL2.cpp:2538) on port 'weights' (H:/subband_ref_q610_opt_stage4_latency_stepL2.cpp:2538) [61]  (7.300 ns)

 <State 8>: 7.300ns
The critical path consists of the following:
	bus request operation ('word_lo_2_req', H:/subband_ref_q610_opt_stage4_latency_stepL2.cpp:2538) on port 'weights' (H:/subband_ref_q610_opt_stage4_latency_stepL2.cpp:2538) [61]  (7.300 ns)

 <State 9>: 7.300ns
The critical path consists of the following:
	bus request operation ('word_lo_2_req', H:/subband_ref_q610_opt_stage4_latency_stepL2.cpp:2538) on port 'weights' (H:/subband_ref_q610_opt_stage4_latency_stepL2.cpp:2538) [61]  (7.300 ns)

 <State 10>: 7.300ns
The critical path consists of the following:
	bus request operation ('word_lo_2_req', H:/subband_ref_q610_opt_stage4_latency_stepL2.cpp:2538) on port 'weights' (H:/subband_ref_q610_opt_stage4_latency_stepL2.cpp:2538) [61]  (7.300 ns)

 <State 11>: 7.300ns
The critical path consists of the following:
	bus request operation ('word_lo_2_req', H:/subband_ref_q610_opt_stage4_latency_stepL2.cpp:2538) on port 'weights' (H:/subband_ref_q610_opt_stage4_latency_stepL2.cpp:2538) [61]  (7.300 ns)

 <State 12>: 7.300ns
The critical path consists of the following:
	bus read operation ('word_lo', H:/subband_ref_q610_opt_stage4_latency_stepL2.cpp:2538) on port 'weights' (H:/subband_ref_q610_opt_stage4_latency_stepL2.cpp:2538) [62]  (7.300 ns)

 <State 13>: 7.300ns
The critical path consists of the following:
	bus read operation ('word_hi', H:/subband_ref_q610_opt_stage4_latency_stepL2.cpp:2540) on port 'weights' (H:/subband_ref_q610_opt_stage4_latency_stepL2.cpp:2540) [76]  (7.300 ns)

 <State 14>: 6.982ns
The critical path consists of the following:
	'sub' operation 10 bit ('sub_ln2548', H:/subband_ref_q610_opt_stage4_latency_stepL2.cpp:2548) [42]  (0.000 ns)
	'add' operation 10 bit ('add_ln2548', H:/subband_ref_q610_opt_stage4_latency_stepL2.cpp:2548) [79]  (3.728 ns)
	'getelementptr' operation 10 bit ('RunSubbandRealtimeTopCoreQ610_stream_stream_ap_uint_const_int_bool_stream_we_5', H:/subband_ref_q610_opt_stage4_latency_stepL2.cpp:2548) [82]  (0.000 ns)
	'store' operation 0 bit ('store_ln2548', H:/subband_ref_q610_opt_stage4_latency_stepL2.cpp:2548) of variable 'tmp_s', H:/subband_ref_q610_opt_stage4_latency_stepL2.cpp:2548 on array 'RunSubbandRealtimeTopCoreQ610_stream_stream_ap_uint_const_int_bool_stream_we_2' [89]  (3.254 ns)


============================================================
+ Verbose Summary: Binding
============================================================
N/A
* FSMD analyzer results:
  - Output states:
 - Input state : 
  - Chain level:
	State 1
	State 2
	State 3
	State 4
	State 5
	State 6
	State 7
	State 8
	State 9
	State 10
	State 11
	State 12
	State 13
	State 14


============================================================
+ Verbose Summary: Datapath Resource usage 
============================================================
N/A
