

================================================================
== Vitis HLS Report for 'p_anonymous_namespace_RunGSUGatePhaseBand0Q610_2_true_s'
================================================================
* Date:           Thu May 14 12:27:08 2026

* Version:        2023.2 (Build 4023990 on Oct 11 2023)
* Project:        subband_q610_realtime_hls
* Solution:       solution1 (Vivado IP Flow Target)
* Product family: zynq
* Target device:  xc7z020-clg400-1


================================================================
== Performance Estimates
================================================================
+ Timing: 
    * Summary: 
    +--------+----------+----------+------------+
    |  Clock |  Target  | Estimated| Uncertainty|
    +--------+----------+----------+------------+
    |ap_clk  |  10.00 ns|  8.563 ns|     2.70 ns|
    +--------+----------+----------+------------+

+ Latency: 
    * Summary: 
    +---------+---------+----------+----------+-----+-----+---------+
    |  Latency (cycles) |  Latency (absolute) |  Interval | Pipeline|
    |   min   |   max   |    min   |    max   | min | max |   Type  |
    +---------+---------+----------+----------+-----+-----+---------+
    |      135|      135|  1.350 us|  1.350 us|  135|  135|       no|
    +---------+---------+----------+----------+-----+-----+---------+

    + Detail: 
        * Instance: 
        N/A

        * Loop: 
        N/A

============================================================
+ Verbose Summary: Synthesis Manager
============================================================
InlineROM: 1
ExposeGlobal: 0
============================================================
+ Verbose Summary: CDFG Model
============================================================
IsTopModel: 0
ResetActiveHigh: 1
IsCombinational: 0
IsDatapathOnly: 0
HasWiredReturn: 1
HasMFsm: 0
HasVarLatency: 1
IsPipeline: 0
IsRtlPipelined: 0
IsInstanceOverlapped: 0
IsDontTouch: 0
HasImplIP: 0
IsGatedGlobalClock: 0


============================================================
+ Verbose Summary: Schedule
============================================================
* Number of FSM states : 3
* Pipeline : 0
* Dataflow Pipeline: 0

* FSM state transitions: 
1 --> 2 
2 --> 3 
3 --> 

* FSM state operations: 

State 1 <SV = 0> <Delay = 0.00>
ST_1 : Operation 4 [1/1] (0.00ns)   --->   "%output_hy_q610_1_offset6_read = read i3 @_ssdm_op_Read.ap_auto.i3, i3 %output_hy_q610_1_offset6" [H:/subband_ref_q610_opt_stage4_latency_stepL2.cpp:1915]   --->   Operation 4 'read' 'output_hy_q610_1_offset6_read' <Predicate = true> <Delay = 0.00>
ST_1 : Operation 5 [1/1] (0.00ns)   --->   "%output_hy_q610_1_offset_read = read i2 @_ssdm_op_Read.ap_auto.i2, i2 %output_hy_q610_1_offset" [H:/subband_ref_q610_opt_stage4_latency_stepL2.cpp:1915]   --->   Operation 5 'read' 'output_hy_q610_1_offset_read' <Predicate = true> <Delay = 0.00>
ST_1 : Operation 6 [1/1] (0.00ns)   --->   "%output_hy_q610_0_offset5_read = read i3 @_ssdm_op_Read.ap_auto.i3, i3 %output_hy_q610_0_offset5" [H:/subband_ref_q610_opt_stage4_latency_stepL2.cpp:1915]   --->   Operation 6 'read' 'output_hy_q610_0_offset5_read' <Predicate = true> <Delay = 0.00>
ST_1 : Operation 7 [1/1] (0.00ns)   --->   "%output_hy_q610_0_offset_read = read i2 @_ssdm_op_Read.ap_auto.i2, i2 %output_hy_q610_0_offset" [H:/subband_ref_q610_opt_stage4_latency_stepL2.cpp:1915]   --->   Operation 7 'read' 'output_hy_q610_0_offset_read' <Predicate = true> <Delay = 0.00>
ST_1 : Operation 8 [1/1] (0.00ns)   --->   "%cx_state_q610_1_offset4_read = read i3 @_ssdm_op_Read.ap_auto.i3, i3 %cx_state_q610_1_offset4" [H:/subband_ref_q610_opt_stage4_latency_stepL2.cpp:1915]   --->   Operation 8 'read' 'cx_state_q610_1_offset4_read' <Predicate = true> <Delay = 0.00>
ST_1 : Operation 9 [1/1] (0.00ns)   --->   "%cx_state_q610_1_offset_read = read i2 @_ssdm_op_Read.ap_auto.i2, i2 %cx_state_q610_1_offset" [H:/subband_ref_q610_opt_stage4_latency_stepL2.cpp:1915]   --->   Operation 9 'read' 'cx_state_q610_1_offset_read' <Predicate = true> <Delay = 0.00>
ST_1 : Operation 10 [1/1] (0.00ns)   --->   "%cx_state_q610_0_offset3_read = read i3 @_ssdm_op_Read.ap_auto.i3, i3 %cx_state_q610_0_offset3" [H:/subband_ref_q610_opt_stage4_latency_stepL2.cpp:1915]   --->   Operation 10 'read' 'cx_state_q610_0_offset3_read' <Predicate = true> <Delay = 0.00>
ST_1 : Operation 11 [1/1] (0.00ns)   --->   "%cx_state_q610_0_offset_read = read i2 @_ssdm_op_Read.ap_auto.i2, i2 %cx_state_q610_0_offset" [H:/subband_ref_q610_opt_stage4_latency_stepL2.cpp:1915]   --->   Operation 11 'read' 'cx_state_q610_0_offset_read' <Predicate = true> <Delay = 0.00>
ST_1 : Operation 12 [1/1] (0.00ns)   --->   "%hx_state_q610_1_offset2_read = read i3 @_ssdm_op_Read.ap_auto.i3, i3 %hx_state_q610_1_offset2" [H:/subband_ref_q610_opt_stage4_latency_stepL2.cpp:1915]   --->   Operation 12 'read' 'hx_state_q610_1_offset2_read' <Predicate = true> <Delay = 0.00>
ST_1 : Operation 13 [1/1] (0.00ns)   --->   "%hx_state_q610_1_offset_read = read i2 @_ssdm_op_Read.ap_auto.i2, i2 %hx_state_q610_1_offset" [H:/subband_ref_q610_opt_stage4_latency_stepL2.cpp:1915]   --->   Operation 13 'read' 'hx_state_q610_1_offset_read' <Predicate = true> <Delay = 0.00>
ST_1 : Operation 14 [1/1] (0.00ns)   --->   "%hx_state_q610_0_offset1_read = read i3 @_ssdm_op_Read.ap_auto.i3, i3 %hx_state_q610_0_offset1" [H:/subband_ref_q610_opt_stage4_latency_stepL2.cpp:1915]   --->   Operation 14 'read' 'hx_state_q610_0_offset1_read' <Predicate = true> <Delay = 0.00>
ST_1 : Operation 15 [1/1] (0.00ns)   --->   "%hx_state_q610_0_offset_read = read i2 @_ssdm_op_Read.ap_auto.i2, i2 %hx_state_q610_0_offset" [H:/subband_ref_q610_opt_stage4_latency_stepL2.cpp:1915]   --->   Operation 15 'read' 'hx_state_q610_0_offset_read' <Predicate = true> <Delay = 0.00>
ST_1 : Operation 16 [1/1] (0.00ns)   --->   "%prev_cx_q610_223_val_read = read i16 @_ssdm_op_Read.ap_auto.i16, i16 %prev_cx_q610_223_val" [H:/subband_ref_q610_opt_stage4_latency_stepL2.cpp:1915]   --->   Operation 16 'read' 'prev_cx_q610_223_val_read' <Predicate = true> <Delay = 0.00>
ST_1 : Operation 17 [1/1] (0.00ns)   --->   "%prev_cx_q610_222_val_read = read i16 @_ssdm_op_Read.ap_auto.i16, i16 %prev_cx_q610_222_val" [H:/subband_ref_q610_opt_stage4_latency_stepL2.cpp:1915]   --->   Operation 17 'read' 'prev_cx_q610_222_val_read' <Predicate = true> <Delay = 0.00>
ST_1 : Operation 18 [1/1] (0.00ns)   --->   "%prev_cx_q610_221_val_read = read i16 @_ssdm_op_Read.ap_auto.i16, i16 %prev_cx_q610_221_val" [H:/subband_ref_q610_opt_stage4_latency_stepL2.cpp:1915]   --->   Operation 18 'read' 'prev_cx_q610_221_val_read' <Predicate = true> <Delay = 0.00>
ST_1 : Operation 19 [1/1] (0.00ns)   --->   "%prev_cx_q610_220_val_read = read i16 @_ssdm_op_Read.ap_auto.i16, i16 %prev_cx_q610_220_val" [H:/subband_ref_q610_opt_stage4_latency_stepL2.cpp:1915]   --->   Operation 19 'read' 'prev_cx_q610_220_val_read' <Predicate = true> <Delay = 0.00>
ST_1 : Operation 20 [1/1] (0.00ns)   --->   "%prev_cx_q610_219_val_read = read i16 @_ssdm_op_Read.ap_auto.i16, i16 %prev_cx_q610_219_val" [H:/subband_ref_q610_opt_stage4_latency_stepL2.cpp:1915]   --->   Operation 20 'read' 'prev_cx_q610_219_val_read' <Predicate = true> <Delay = 0.00>
ST_1 : Operation 21 [1/1] (0.00ns)   --->   "%prev_cx_q610_218_val_read = read i16 @_ssdm_op_Read.ap_auto.i16, i16 %prev_cx_q610_218_val" [H:/subband_ref_q610_opt_stage4_latency_stepL2.cpp:1915]   --->   Operation 21 'read' 'prev_cx_q610_218_val_read' <Predicate = true> <Delay = 0.00>
ST_1 : Operation 22 [1/1] (0.00ns)   --->   "%prev_cx_q610_217_val_read = read i16 @_ssdm_op_Read.ap_auto.i16, i16 %prev_cx_q610_217_val" [H:/subband_ref_q610_opt_stage4_latency_stepL2.cpp:1915]   --->   Operation 22 'read' 'prev_cx_q610_217_val_read' <Predicate = true> <Delay = 0.00>
ST_1 : Operation 23 [1/1] (0.00ns)   --->   "%prev_cx_q610_216_val_read = read i16 @_ssdm_op_Read.ap_auto.i16, i16 %prev_cx_q610_216_val" [H:/subband_ref_q610_opt_stage4_latency_stepL2.cpp:1915]   --->   Operation 23 'read' 'prev_cx_q610_216_val_read' <Predicate = true> <Delay = 0.00>
ST_1 : Operation 24 [1/1] (0.00ns)   --->   "%prev_cx_q610_215_val_read = read i16 @_ssdm_op_Read.ap_auto.i16, i16 %prev_cx_q610_215_val" [H:/subband_ref_q610_opt_stage4_latency_stepL2.cpp:1915]   --->   Operation 24 'read' 'prev_cx_q610_215_val_read' <Predicate = true> <Delay = 0.00>
ST_1 : Operation 25 [1/1] (0.00ns)   --->   "%prev_cx_q610_214_val_read = read i16 @_ssdm_op_Read.ap_auto.i16, i16 %prev_cx_q610_214_val" [H:/subband_ref_q610_opt_stage4_latency_stepL2.cpp:1915]   --->   Operation 25 'read' 'prev_cx_q610_214_val_read' <Predicate = true> <Delay = 0.00>
ST_1 : Operation 26 [1/1] (0.00ns)   --->   "%prev_cx_q610_213_val_read = read i16 @_ssdm_op_Read.ap_auto.i16, i16 %prev_cx_q610_213_val" [H:/subband_ref_q610_opt_stage4_latency_stepL2.cpp:1915]   --->   Operation 26 'read' 'prev_cx_q610_213_val_read' <Predicate = true> <Delay = 0.00>
ST_1 : Operation 27 [1/1] (0.00ns)   --->   "%prev_cx_q610_212_val_read = read i16 @_ssdm_op_Read.ap_auto.i16, i16 %prev_cx_q610_212_val" [H:/subband_ref_q610_opt_stage4_latency_stepL2.cpp:1915]   --->   Operation 27 'read' 'prev_cx_q610_212_val_read' <Predicate = true> <Delay = 0.00>
ST_1 : Operation 28 [1/1] (0.00ns)   --->   "%prev_cx_q610_211_val_read = read i16 @_ssdm_op_Read.ap_auto.i16, i16 %prev_cx_q610_211_val" [H:/subband_ref_q610_opt_stage4_latency_stepL2.cpp:1915]   --->   Operation 28 'read' 'prev_cx_q610_211_val_read' <Predicate = true> <Delay = 0.00>
ST_1 : Operation 29 [1/1] (0.00ns)   --->   "%prev_cx_q610_210_val_read = read i16 @_ssdm_op_Read.ap_auto.i16, i16 %prev_cx_q610_210_val" [H:/subband_ref_q610_opt_stage4_latency_stepL2.cpp:1915]   --->   Operation 29 'read' 'prev_cx_q610_210_val_read' <Predicate = true> <Delay = 0.00>
ST_1 : Operation 30 [1/1] (0.00ns)   --->   "%prev_cx_q610_209_val_read = read i16 @_ssdm_op_Read.ap_auto.i16, i16 %prev_cx_q610_209_val" [H:/subband_ref_q610_opt_stage4_latency_stepL2.cpp:1915]   --->   Operation 30 'read' 'prev_cx_q610_209_val_read' <Predicate = true> <Delay = 0.00>
ST_1 : Operation 31 [1/1] (0.00ns)   --->   "%prev_cx_q610_208_val_read = read i16 @_ssdm_op_Read.ap_auto.i16, i16 %prev_cx_q610_208_val" [H:/subband_ref_q610_opt_stage4_latency_stepL2.cpp:1915]   --->   Operation 31 'read' 'prev_cx_q610_208_val_read' <Predicate = true> <Delay = 0.00>
ST_1 : Operation 32 [1/1] (0.00ns)   --->   "%prev_cx_q610_207_val_read = read i16 @_ssdm_op_Read.ap_auto.i16, i16 %prev_cx_q610_207_val" [H:/subband_ref_q610_opt_stage4_latency_stepL2.cpp:1915]   --->   Operation 32 'read' 'prev_cx_q610_207_val_read' <Predicate = true> <Delay = 0.00>
ST_1 : Operation 33 [1/1] (0.00ns)   --->   "%prev_cx_q610_206_val_read = read i16 @_ssdm_op_Read.ap_auto.i16, i16 %prev_cx_q610_206_val" [H:/subband_ref_q610_opt_stage4_latency_stepL2.cpp:1915]   --->   Operation 33 'read' 'prev_cx_q610_206_val_read' <Predicate = true> <Delay = 0.00>
ST_1 : Operation 34 [1/1] (0.00ns)   --->   "%prev_cx_q610_205_val_read = read i16 @_ssdm_op_Read.ap_auto.i16, i16 %prev_cx_q610_205_val" [H:/subband_ref_q610_opt_stage4_latency_stepL2.cpp:1915]   --->   Operation 34 'read' 'prev_cx_q610_205_val_read' <Predicate = true> <Delay = 0.00>
ST_1 : Operation 35 [1/1] (0.00ns)   --->   "%prev_cx_q610_204_val_read = read i16 @_ssdm_op_Read.ap_auto.i16, i16 %prev_cx_q610_204_val" [H:/subband_ref_q610_opt_stage4_latency_stepL2.cpp:1915]   --->   Operation 35 'read' 'prev_cx_q610_204_val_read' <Predicate = true> <Delay = 0.00>
ST_1 : Operation 36 [1/1] (0.00ns)   --->   "%prev_cx_q610_203_val_read = read i16 @_ssdm_op_Read.ap_auto.i16, i16 %prev_cx_q610_203_val" [H:/subband_ref_q610_opt_stage4_latency_stepL2.cpp:1915]   --->   Operation 36 'read' 'prev_cx_q610_203_val_read' <Predicate = true> <Delay = 0.00>
ST_1 : Operation 37 [1/1] (0.00ns)   --->   "%prev_cx_q610_202_val_read = read i16 @_ssdm_op_Read.ap_auto.i16, i16 %prev_cx_q610_202_val" [H:/subband_ref_q610_opt_stage4_latency_stepL2.cpp:1915]   --->   Operation 37 'read' 'prev_cx_q610_202_val_read' <Predicate = true> <Delay = 0.00>
ST_1 : Operation 38 [1/1] (0.00ns)   --->   "%prev_cx_q610_201_val_read = read i16 @_ssdm_op_Read.ap_auto.i16, i16 %prev_cx_q610_201_val" [H:/subband_ref_q610_opt_stage4_latency_stepL2.cpp:1915]   --->   Operation 38 'read' 'prev_cx_q610_201_val_read' <Predicate = true> <Delay = 0.00>
ST_1 : Operation 39 [1/1] (0.00ns)   --->   "%prev_cx_q610_200_val_read = read i16 @_ssdm_op_Read.ap_auto.i16, i16 %prev_cx_q610_200_val" [H:/subband_ref_q610_opt_stage4_latency_stepL2.cpp:1915]   --->   Operation 39 'read' 'prev_cx_q610_200_val_read' <Predicate = true> <Delay = 0.00>
ST_1 : Operation 40 [1/1] (0.00ns)   --->   "%prev_cx_q610_199_val_read = read i16 @_ssdm_op_Read.ap_auto.i16, i16 %prev_cx_q610_199_val" [H:/subband_ref_q610_opt_stage4_latency_stepL2.cpp:1915]   --->   Operation 40 'read' 'prev_cx_q610_199_val_read' <Predicate = true> <Delay = 0.00>
ST_1 : Operation 41 [1/1] (0.00ns)   --->   "%prev_cx_q610_198_val_read = read i16 @_ssdm_op_Read.ap_auto.i16, i16 %prev_cx_q610_198_val" [H:/subband_ref_q610_opt_stage4_latency_stepL2.cpp:1915]   --->   Operation 41 'read' 'prev_cx_q610_198_val_read' <Predicate = true> <Delay = 0.00>
ST_1 : Operation 42 [1/1] (0.00ns)   --->   "%prev_cx_q610_197_val_read = read i16 @_ssdm_op_Read.ap_auto.i16, i16 %prev_cx_q610_197_val" [H:/subband_ref_q610_opt_stage4_latency_stepL2.cpp:1915]   --->   Operation 42 'read' 'prev_cx_q610_197_val_read' <Predicate = true> <Delay = 0.00>
ST_1 : Operation 43 [1/1] (0.00ns)   --->   "%prev_cx_q610_196_val_read = read i16 @_ssdm_op_Read.ap_auto.i16, i16 %prev_cx_q610_196_val" [H:/subband_ref_q610_opt_stage4_latency_stepL2.cpp:1915]   --->   Operation 43 'read' 'prev_cx_q610_196_val_read' <Predicate = true> <Delay = 0.00>
ST_1 : Operation 44 [1/1] (0.00ns)   --->   "%prev_cx_q610_195_val_read = read i16 @_ssdm_op_Read.ap_auto.i16, i16 %prev_cx_q610_195_val" [H:/subband_ref_q610_opt_stage4_latency_stepL2.cpp:1915]   --->   Operation 44 'read' 'prev_cx_q610_195_val_read' <Predicate = true> <Delay = 0.00>
ST_1 : Operation 45 [1/1] (0.00ns)   --->   "%prev_cx_q610_194_val_read = read i16 @_ssdm_op_Read.ap_auto.i16, i16 %prev_cx_q610_194_val" [H:/subband_ref_q610_opt_stage4_latency_stepL2.cpp:1915]   --->   Operation 45 'read' 'prev_cx_q610_194_val_read' <Predicate = true> <Delay = 0.00>
ST_1 : Operation 46 [1/1] (0.00ns)   --->   "%prev_cx_q610_193_val_read = read i16 @_ssdm_op_Read.ap_auto.i16, i16 %prev_cx_q610_193_val" [H:/subband_ref_q610_opt_stage4_latency_stepL2.cpp:1915]   --->   Operation 46 'read' 'prev_cx_q610_193_val_read' <Predicate = true> <Delay = 0.00>
ST_1 : Operation 47 [1/1] (0.00ns)   --->   "%prev_cx_q610_192_val_read = read i16 @_ssdm_op_Read.ap_auto.i16, i16 %prev_cx_q610_192_val" [H:/subband_ref_q610_opt_stage4_latency_stepL2.cpp:1915]   --->   Operation 47 'read' 'prev_cx_q610_192_val_read' <Predicate = true> <Delay = 0.00>
ST_1 : Operation 48 [1/1] (0.00ns)   --->   "%prev_cx_q610_191_val_read = read i16 @_ssdm_op_Read.ap_auto.i16, i16 %prev_cx_q610_191_val" [H:/subband_ref_q610_opt_stage4_latency_stepL2.cpp:1915]   --->   Operation 48 'read' 'prev_cx_q610_191_val_read' <Predicate = true> <Delay = 0.00>
ST_1 : Operation 49 [1/1] (0.00ns)   --->   "%prev_cx_q610_190_val_read = read i16 @_ssdm_op_Read.ap_auto.i16, i16 %prev_cx_q610_190_val" [H:/subband_ref_q610_opt_stage4_latency_stepL2.cpp:1915]   --->   Operation 49 'read' 'prev_cx_q610_190_val_read' <Predicate = true> <Delay = 0.00>
ST_1 : Operation 50 [1/1] (0.00ns)   --->   "%prev_cx_q610_189_val_read = read i16 @_ssdm_op_Read.ap_auto.i16, i16 %prev_cx_q610_189_val" [H:/subband_ref_q610_opt_stage4_latency_stepL2.cpp:1915]   --->   Operation 50 'read' 'prev_cx_q610_189_val_read' <Predicate = true> <Delay = 0.00>
ST_1 : Operation 51 [1/1] (0.00ns)   --->   "%prev_cx_q610_188_val_read = read i16 @_ssdm_op_Read.ap_auto.i16, i16 %prev_cx_q610_188_val" [H:/subband_ref_q610_opt_stage4_latency_stepL2.cpp:1915]   --->   Operation 51 'read' 'prev_cx_q610_188_val_read' <Predicate = true> <Delay = 0.00>
ST_1 : Operation 52 [1/1] (0.00ns)   --->   "%prev_cx_q610_187_val_read = read i16 @_ssdm_op_Read.ap_auto.i16, i16 %prev_cx_q610_187_val" [H:/subband_ref_q610_opt_stage4_latency_stepL2.cpp:1915]   --->   Operation 52 'read' 'prev_cx_q610_187_val_read' <Predicate = true> <Delay = 0.00>
ST_1 : Operation 53 [1/1] (0.00ns)   --->   "%prev_cx_q610_186_val_read = read i16 @_ssdm_op_Read.ap_auto.i16, i16 %prev_cx_q610_186_val" [H:/subband_ref_q610_opt_stage4_latency_stepL2.cpp:1915]   --->   Operation 53 'read' 'prev_cx_q610_186_val_read' <Predicate = true> <Delay = 0.00>
ST_1 : Operation 54 [1/1] (0.00ns)   --->   "%prev_cx_q610_185_val_read = read i16 @_ssdm_op_Read.ap_auto.i16, i16 %prev_cx_q610_185_val" [H:/subband_ref_q610_opt_stage4_latency_stepL2.cpp:1915]   --->   Operation 54 'read' 'prev_cx_q610_185_val_read' <Predicate = true> <Delay = 0.00>
ST_1 : Operation 55 [1/1] (0.00ns)   --->   "%prev_cx_q610_184_val_read = read i16 @_ssdm_op_Read.ap_auto.i16, i16 %prev_cx_q610_184_val" [H:/subband_ref_q610_opt_stage4_latency_stepL2.cpp:1915]   --->   Operation 55 'read' 'prev_cx_q610_184_val_read' <Predicate = true> <Delay = 0.00>
ST_1 : Operation 56 [1/1] (0.00ns)   --->   "%prev_cx_q610_183_val_read = read i16 @_ssdm_op_Read.ap_auto.i16, i16 %prev_cx_q610_183_val" [H:/subband_ref_q610_opt_stage4_latency_stepL2.cpp:1915]   --->   Operation 56 'read' 'prev_cx_q610_183_val_read' <Predicate = true> <Delay = 0.00>
ST_1 : Operation 57 [1/1] (0.00ns)   --->   "%prev_cx_q610_182_val_read = read i16 @_ssdm_op_Read.ap_auto.i16, i16 %prev_cx_q610_182_val" [H:/subband_ref_q610_opt_stage4_latency_stepL2.cpp:1915]   --->   Operation 57 'read' 'prev_cx_q610_182_val_read' <Predicate = true> <Delay = 0.00>
ST_1 : Operation 58 [1/1] (0.00ns)   --->   "%prev_cx_q610_181_val_read = read i16 @_ssdm_op_Read.ap_auto.i16, i16 %prev_cx_q610_181_val" [H:/subband_ref_q610_opt_stage4_latency_stepL2.cpp:1915]   --->   Operation 58 'read' 'prev_cx_q610_181_val_read' <Predicate = true> <Delay = 0.00>
ST_1 : Operation 59 [1/1] (0.00ns)   --->   "%prev_cx_q610_180_val_read = read i16 @_ssdm_op_Read.ap_auto.i16, i16 %prev_cx_q610_180_val" [H:/subband_ref_q610_opt_stage4_latency_stepL2.cpp:1915]   --->   Operation 59 'read' 'prev_cx_q610_180_val_read' <Predicate = true> <Delay = 0.00>
ST_1 : Operation 60 [1/1] (0.00ns)   --->   "%prev_cx_q610_179_val_read = read i16 @_ssdm_op_Read.ap_auto.i16, i16 %prev_cx_q610_179_val" [H:/subband_ref_q610_opt_stage4_latency_stepL2.cpp:1915]   --->   Operation 60 'read' 'prev_cx_q610_179_val_read' <Predicate = true> <Delay = 0.00>
ST_1 : Operation 61 [1/1] (0.00ns)   --->   "%prev_cx_q610_178_val_read = read i16 @_ssdm_op_Read.ap_auto.i16, i16 %prev_cx_q610_178_val" [H:/subband_ref_q610_opt_stage4_latency_stepL2.cpp:1915]   --->   Operation 61 'read' 'prev_cx_q610_178_val_read' <Predicate = true> <Delay = 0.00>
ST_1 : Operation 62 [1/1] (0.00ns)   --->   "%prev_cx_q610_177_val_read = read i16 @_ssdm_op_Read.ap_auto.i16, i16 %prev_cx_q610_177_val" [H:/subband_ref_q610_opt_stage4_latency_stepL2.cpp:1915]   --->   Operation 62 'read' 'prev_cx_q610_177_val_read' <Predicate = true> <Delay = 0.00>
ST_1 : Operation 63 [1/1] (0.00ns)   --->   "%prev_cx_q610_176_val_read = read i16 @_ssdm_op_Read.ap_auto.i16, i16 %prev_cx_q610_176_val" [H:/subband_ref_q610_opt_stage4_latency_stepL2.cpp:1915]   --->   Operation 63 'read' 'prev_cx_q610_176_val_read' <Predicate = true> <Delay = 0.00>
ST_1 : Operation 64 [1/1] (0.00ns)   --->   "%prev_cx_q610_175_val_read = read i16 @_ssdm_op_Read.ap_auto.i16, i16 %prev_cx_q610_175_val" [H:/subband_ref_q610_opt_stage4_latency_stepL2.cpp:1915]   --->   Operation 64 'read' 'prev_cx_q610_175_val_read' <Predicate = true> <Delay = 0.00>
ST_1 : Operation 65 [1/1] (0.00ns)   --->   "%prev_cx_q610_174_val_read = read i16 @_ssdm_op_Read.ap_auto.i16, i16 %prev_cx_q610_174_val" [H:/subband_ref_q610_opt_stage4_latency_stepL2.cpp:1915]   --->   Operation 65 'read' 'prev_cx_q610_174_val_read' <Predicate = true> <Delay = 0.00>
ST_1 : Operation 66 [1/1] (0.00ns)   --->   "%prev_cx_q610_173_val_read = read i16 @_ssdm_op_Read.ap_auto.i16, i16 %prev_cx_q610_173_val" [H:/subband_ref_q610_opt_stage4_latency_stepL2.cpp:1915]   --->   Operation 66 'read' 'prev_cx_q610_173_val_read' <Predicate = true> <Delay = 0.00>
ST_1 : Operation 67 [1/1] (0.00ns)   --->   "%prev_cx_q610_172_val_read = read i16 @_ssdm_op_Read.ap_auto.i16, i16 %prev_cx_q610_172_val" [H:/subband_ref_q610_opt_stage4_latency_stepL2.cpp:1915]   --->   Operation 67 'read' 'prev_cx_q610_172_val_read' <Predicate = true> <Delay = 0.00>
ST_1 : Operation 68 [1/1] (0.00ns)   --->   "%prev_cx_q610_171_val_read = read i16 @_ssdm_op_Read.ap_auto.i16, i16 %prev_cx_q610_171_val" [H:/subband_ref_q610_opt_stage4_latency_stepL2.cpp:1915]   --->   Operation 68 'read' 'prev_cx_q610_171_val_read' <Predicate = true> <Delay = 0.00>
ST_1 : Operation 69 [1/1] (0.00ns)   --->   "%prev_cx_q610_170_val_read = read i16 @_ssdm_op_Read.ap_auto.i16, i16 %prev_cx_q610_170_val" [H:/subband_ref_q610_opt_stage4_latency_stepL2.cpp:1915]   --->   Operation 69 'read' 'prev_cx_q610_170_val_read' <Predicate = true> <Delay = 0.00>
ST_1 : Operation 70 [1/1] (0.00ns)   --->   "%prev_cx_q610_169_val_read = read i16 @_ssdm_op_Read.ap_auto.i16, i16 %prev_cx_q610_169_val" [H:/subband_ref_q610_opt_stage4_latency_stepL2.cpp:1915]   --->   Operation 70 'read' 'prev_cx_q610_169_val_read' <Predicate = true> <Delay = 0.00>
ST_1 : Operation 71 [1/1] (0.00ns)   --->   "%prev_cx_q610_168_val_read = read i16 @_ssdm_op_Read.ap_auto.i16, i16 %prev_cx_q610_168_val" [H:/subband_ref_q610_opt_stage4_latency_stepL2.cpp:1915]   --->   Operation 71 'read' 'prev_cx_q610_168_val_read' <Predicate = true> <Delay = 0.00>
ST_1 : Operation 72 [1/1] (0.00ns)   --->   "%prev_cx_q610_167_val_read = read i16 @_ssdm_op_Read.ap_auto.i16, i16 %prev_cx_q610_167_val" [H:/subband_ref_q610_opt_stage4_latency_stepL2.cpp:1915]   --->   Operation 72 'read' 'prev_cx_q610_167_val_read' <Predicate = true> <Delay = 0.00>
ST_1 : Operation 73 [1/1] (0.00ns)   --->   "%prev_cx_q610_166_val_read = read i16 @_ssdm_op_Read.ap_auto.i16, i16 %prev_cx_q610_166_val" [H:/subband_ref_q610_opt_stage4_latency_stepL2.cpp:1915]   --->   Operation 73 'read' 'prev_cx_q610_166_val_read' <Predicate = true> <Delay = 0.00>
ST_1 : Operation 74 [1/1] (0.00ns)   --->   "%prev_cx_q610_165_val_read = read i16 @_ssdm_op_Read.ap_auto.i16, i16 %prev_cx_q610_165_val" [H:/subband_ref_q610_opt_stage4_latency_stepL2.cpp:1915]   --->   Operation 74 'read' 'prev_cx_q610_165_val_read' <Predicate = true> <Delay = 0.00>
ST_1 : Operation 75 [1/1] (0.00ns)   --->   "%prev_cx_q610_164_val_read = read i16 @_ssdm_op_Read.ap_auto.i16, i16 %prev_cx_q610_164_val" [H:/subband_ref_q610_opt_stage4_latency_stepL2.cpp:1915]   --->   Operation 75 'read' 'prev_cx_q610_164_val_read' <Predicate = true> <Delay = 0.00>
ST_1 : Operation 76 [1/1] (0.00ns)   --->   "%prev_cx_q610_163_val_read = read i16 @_ssdm_op_Read.ap_auto.i16, i16 %prev_cx_q610_163_val" [H:/subband_ref_q610_opt_stage4_latency_stepL2.cpp:1915]   --->   Operation 76 'read' 'prev_cx_q610_163_val_read' <Predicate = true> <Delay = 0.00>
ST_1 : Operation 77 [1/1] (0.00ns)   --->   "%prev_cx_q610_162_val_read = read i16 @_ssdm_op_Read.ap_auto.i16, i16 %prev_cx_q610_162_val" [H:/subband_ref_q610_opt_stage4_latency_stepL2.cpp:1915]   --->   Operation 77 'read' 'prev_cx_q610_162_val_read' <Predicate = true> <Delay = 0.00>
ST_1 : Operation 78 [1/1] (0.00ns)   --->   "%prev_cx_q610_161_val_read = read i16 @_ssdm_op_Read.ap_auto.i16, i16 %prev_cx_q610_161_val" [H:/subband_ref_q610_opt_stage4_latency_stepL2.cpp:1915]   --->   Operation 78 'read' 'prev_cx_q610_161_val_read' <Predicate = true> <Delay = 0.00>
ST_1 : Operation 79 [1/1] (0.00ns)   --->   "%prev_cx_q610_160_val_read = read i16 @_ssdm_op_Read.ap_auto.i16, i16 %prev_cx_q610_160_val" [H:/subband_ref_q610_opt_stage4_latency_stepL2.cpp:1915]   --->   Operation 79 'read' 'prev_cx_q610_160_val_read' <Predicate = true> <Delay = 0.00>
ST_1 : Operation 80 [1/1] (0.00ns)   --->   "%prev_cx_q610_159_val_read = read i16 @_ssdm_op_Read.ap_auto.i16, i16 %prev_cx_q610_159_val" [H:/subband_ref_q610_opt_stage4_latency_stepL2.cpp:1915]   --->   Operation 80 'read' 'prev_cx_q610_159_val_read' <Predicate = true> <Delay = 0.00>
ST_1 : Operation 81 [1/1] (0.00ns)   --->   "%prev_cx_q610_158_val_read = read i16 @_ssdm_op_Read.ap_auto.i16, i16 %prev_cx_q610_158_val" [H:/subband_ref_q610_opt_stage4_latency_stepL2.cpp:1915]   --->   Operation 81 'read' 'prev_cx_q610_158_val_read' <Predicate = true> <Delay = 0.00>
ST_1 : Operation 82 [1/1] (0.00ns)   --->   "%prev_cx_q610_157_val_read = read i16 @_ssdm_op_Read.ap_auto.i16, i16 %prev_cx_q610_157_val" [H:/subband_ref_q610_opt_stage4_latency_stepL2.cpp:1915]   --->   Operation 82 'read' 'prev_cx_q610_157_val_read' <Predicate = true> <Delay = 0.00>
ST_1 : Operation 83 [1/1] (0.00ns)   --->   "%prev_cx_q610_156_val_read = read i16 @_ssdm_op_Read.ap_auto.i16, i16 %prev_cx_q610_156_val" [H:/subband_ref_q610_opt_stage4_latency_stepL2.cpp:1915]   --->   Operation 83 'read' 'prev_cx_q610_156_val_read' <Predicate = true> <Delay = 0.00>
ST_1 : Operation 84 [1/1] (0.00ns)   --->   "%prev_cx_q610_155_val_read = read i16 @_ssdm_op_Read.ap_auto.i16, i16 %prev_cx_q610_155_val" [H:/subband_ref_q610_opt_stage4_latency_stepL2.cpp:1915]   --->   Operation 84 'read' 'prev_cx_q610_155_val_read' <Predicate = true> <Delay = 0.00>
ST_1 : Operation 85 [1/1] (0.00ns)   --->   "%prev_cx_q610_154_val_read = read i16 @_ssdm_op_Read.ap_auto.i16, i16 %prev_cx_q610_154_val" [H:/subband_ref_q610_opt_stage4_latency_stepL2.cpp:1915]   --->   Operation 85 'read' 'prev_cx_q610_154_val_read' <Predicate = true> <Delay = 0.00>
ST_1 : Operation 86 [1/1] (0.00ns)   --->   "%prev_cx_q610_153_val_read = read i16 @_ssdm_op_Read.ap_auto.i16, i16 %prev_cx_q610_153_val" [H:/subband_ref_q610_opt_stage4_latency_stepL2.cpp:1915]   --->   Operation 86 'read' 'prev_cx_q610_153_val_read' <Predicate = true> <Delay = 0.00>
ST_1 : Operation 87 [1/1] (0.00ns)   --->   "%prev_cx_q610_152_val_read = read i16 @_ssdm_op_Read.ap_auto.i16, i16 %prev_cx_q610_152_val" [H:/subband_ref_q610_opt_stage4_latency_stepL2.cpp:1915]   --->   Operation 87 'read' 'prev_cx_q610_152_val_read' <Predicate = true> <Delay = 0.00>
ST_1 : Operation 88 [1/1] (0.00ns)   --->   "%prev_cx_q610_151_val_read = read i16 @_ssdm_op_Read.ap_auto.i16, i16 %prev_cx_q610_151_val" [H:/subband_ref_q610_opt_stage4_latency_stepL2.cpp:1915]   --->   Operation 88 'read' 'prev_cx_q610_151_val_read' <Predicate = true> <Delay = 0.00>
ST_1 : Operation 89 [1/1] (0.00ns)   --->   "%prev_cx_q610_150_val_read = read i16 @_ssdm_op_Read.ap_auto.i16, i16 %prev_cx_q610_150_val" [H:/subband_ref_q610_opt_stage4_latency_stepL2.cpp:1915]   --->   Operation 89 'read' 'prev_cx_q610_150_val_read' <Predicate = true> <Delay = 0.00>
ST_1 : Operation 90 [1/1] (0.00ns)   --->   "%prev_cx_q610_149_val_read = read i16 @_ssdm_op_Read.ap_auto.i16, i16 %prev_cx_q610_149_val" [H:/subband_ref_q610_opt_stage4_latency_stepL2.cpp:1915]   --->   Operation 90 'read' 'prev_cx_q610_149_val_read' <Predicate = true> <Delay = 0.00>
ST_1 : Operation 91 [1/1] (0.00ns)   --->   "%prev_cx_q610_148_val_read = read i16 @_ssdm_op_Read.ap_auto.i16, i16 %prev_cx_q610_148_val" [H:/subband_ref_q610_opt_stage4_latency_stepL2.cpp:1915]   --->   Operation 91 'read' 'prev_cx_q610_148_val_read' <Predicate = true> <Delay = 0.00>
ST_1 : Operation 92 [1/1] (0.00ns)   --->   "%prev_cx_q610_147_val_read = read i16 @_ssdm_op_Read.ap_auto.i16, i16 %prev_cx_q610_147_val" [H:/subband_ref_q610_opt_stage4_latency_stepL2.cpp:1915]   --->   Operation 92 'read' 'prev_cx_q610_147_val_read' <Predicate = true> <Delay = 0.00>
ST_1 : Operation 93 [1/1] (0.00ns)   --->   "%prev_cx_q610_146_val_read = read i16 @_ssdm_op_Read.ap_auto.i16, i16 %prev_cx_q610_146_val" [H:/subband_ref_q610_opt_stage4_latency_stepL2.cpp:1915]   --->   Operation 93 'read' 'prev_cx_q610_146_val_read' <Predicate = true> <Delay = 0.00>
ST_1 : Operation 94 [1/1] (0.00ns)   --->   "%prev_cx_q610_145_val_read = read i16 @_ssdm_op_Read.ap_auto.i16, i16 %prev_cx_q610_145_val" [H:/subband_ref_q610_opt_stage4_latency_stepL2.cpp:1915]   --->   Operation 94 'read' 'prev_cx_q610_145_val_read' <Predicate = true> <Delay = 0.00>
ST_1 : Operation 95 [1/1] (0.00ns)   --->   "%prev_cx_q610_144_val_read = read i16 @_ssdm_op_Read.ap_auto.i16, i16 %prev_cx_q610_144_val" [H:/subband_ref_q610_opt_stage4_latency_stepL2.cpp:1915]   --->   Operation 95 'read' 'prev_cx_q610_144_val_read' <Predicate = true> <Delay = 0.00>
ST_1 : Operation 96 [1/1] (0.00ns)   --->   "%prev_cx_q610_143_val_read = read i16 @_ssdm_op_Read.ap_auto.i16, i16 %prev_cx_q610_143_val" [H:/subband_ref_q610_opt_stage4_latency_stepL2.cpp:1915]   --->   Operation 96 'read' 'prev_cx_q610_143_val_read' <Predicate = true> <Delay = 0.00>
ST_1 : Operation 97 [1/1] (0.00ns)   --->   "%prev_cx_q610_142_val_read = read i16 @_ssdm_op_Read.ap_auto.i16, i16 %prev_cx_q610_142_val" [H:/subband_ref_q610_opt_stage4_latency_stepL2.cpp:1915]   --->   Operation 97 'read' 'prev_cx_q610_142_val_read' <Predicate = true> <Delay = 0.00>
ST_1 : Operation 98 [1/1] (0.00ns)   --->   "%prev_cx_q610_141_val_read = read i16 @_ssdm_op_Read.ap_auto.i16, i16 %prev_cx_q610_141_val" [H:/subband_ref_q610_opt_stage4_latency_stepL2.cpp:1915]   --->   Operation 98 'read' 'prev_cx_q610_141_val_read' <Predicate = true> <Delay = 0.00>
ST_1 : Operation 99 [1/1] (0.00ns)   --->   "%prev_cx_q610_140_val_read = read i16 @_ssdm_op_Read.ap_auto.i16, i16 %prev_cx_q610_140_val" [H:/subband_ref_q610_opt_stage4_latency_stepL2.cpp:1915]   --->   Operation 99 'read' 'prev_cx_q610_140_val_read' <Predicate = true> <Delay = 0.00>
ST_1 : Operation 100 [1/1] (0.00ns)   --->   "%prev_cx_q610_139_val_read = read i16 @_ssdm_op_Read.ap_auto.i16, i16 %prev_cx_q610_139_val" [H:/subband_ref_q610_opt_stage4_latency_stepL2.cpp:1915]   --->   Operation 100 'read' 'prev_cx_q610_139_val_read' <Predicate = true> <Delay = 0.00>
ST_1 : Operation 101 [1/1] (0.00ns)   --->   "%prev_cx_q610_138_val_read = read i16 @_ssdm_op_Read.ap_auto.i16, i16 %prev_cx_q610_138_val" [H:/subband_ref_q610_opt_stage4_latency_stepL2.cpp:1915]   --->   Operation 101 'read' 'prev_cx_q610_138_val_read' <Predicate = true> <Delay = 0.00>
ST_1 : Operation 102 [1/1] (0.00ns)   --->   "%prev_cx_q610_137_val_read = read i16 @_ssdm_op_Read.ap_auto.i16, i16 %prev_cx_q610_137_val" [H:/subband_ref_q610_opt_stage4_latency_stepL2.cpp:1915]   --->   Operation 102 'read' 'prev_cx_q610_137_val_read' <Predicate = true> <Delay = 0.00>
ST_1 : Operation 103 [1/1] (0.00ns)   --->   "%prev_cx_q610_136_val_read = read i16 @_ssdm_op_Read.ap_auto.i16, i16 %prev_cx_q610_136_val" [H:/subband_ref_q610_opt_stage4_latency_stepL2.cpp:1915]   --->   Operation 103 'read' 'prev_cx_q610_136_val_read' <Predicate = true> <Delay = 0.00>
ST_1 : Operation 104 [1/1] (0.00ns)   --->   "%prev_cx_q610_135_val_read = read i16 @_ssdm_op_Read.ap_auto.i16, i16 %prev_cx_q610_135_val" [H:/subband_ref_q610_opt_stage4_latency_stepL2.cpp:1915]   --->   Operation 104 'read' 'prev_cx_q610_135_val_read' <Predicate = true> <Delay = 0.00>
ST_1 : Operation 105 [1/1] (0.00ns)   --->   "%prev_cx_q610_134_val_read = read i16 @_ssdm_op_Read.ap_auto.i16, i16 %prev_cx_q610_134_val" [H:/subband_ref_q610_opt_stage4_latency_stepL2.cpp:1915]   --->   Operation 105 'read' 'prev_cx_q610_134_val_read' <Predicate = true> <Delay = 0.00>
ST_1 : Operation 106 [1/1] (0.00ns)   --->   "%prev_cx_q610_133_val_read = read i16 @_ssdm_op_Read.ap_auto.i16, i16 %prev_cx_q610_133_val" [H:/subband_ref_q610_opt_stage4_latency_stepL2.cpp:1915]   --->   Operation 106 'read' 'prev_cx_q610_133_val_read' <Predicate = true> <Delay = 0.00>
ST_1 : Operation 107 [1/1] (0.00ns)   --->   "%prev_cx_q610_132_val_read = read i16 @_ssdm_op_Read.ap_auto.i16, i16 %prev_cx_q610_132_val" [H:/subband_ref_q610_opt_stage4_latency_stepL2.cpp:1915]   --->   Operation 107 'read' 'prev_cx_q610_132_val_read' <Predicate = true> <Delay = 0.00>
ST_1 : Operation 108 [1/1] (0.00ns)   --->   "%prev_cx_q610_131_val_read = read i16 @_ssdm_op_Read.ap_auto.i16, i16 %prev_cx_q610_131_val" [H:/subband_ref_q610_opt_stage4_latency_stepL2.cpp:1915]   --->   Operation 108 'read' 'prev_cx_q610_131_val_read' <Predicate = true> <Delay = 0.00>
ST_1 : Operation 109 [1/1] (0.00ns)   --->   "%prev_cx_q610_130_val_read = read i16 @_ssdm_op_Read.ap_auto.i16, i16 %prev_cx_q610_130_val" [H:/subband_ref_q610_opt_stage4_latency_stepL2.cpp:1915]   --->   Operation 109 'read' 'prev_cx_q610_130_val_read' <Predicate = true> <Delay = 0.00>
ST_1 : Operation 110 [1/1] (0.00ns)   --->   "%prev_cx_q610_129_val_read = read i16 @_ssdm_op_Read.ap_auto.i16, i16 %prev_cx_q610_129_val" [H:/subband_ref_q610_opt_stage4_latency_stepL2.cpp:1915]   --->   Operation 110 'read' 'prev_cx_q610_129_val_read' <Predicate = true> <Delay = 0.00>
ST_1 : Operation 111 [1/1] (0.00ns)   --->   "%prev_cx_q610_128_val_read = read i16 @_ssdm_op_Read.ap_auto.i16, i16 %prev_cx_q610_128_val" [H:/subband_ref_q610_opt_stage4_latency_stepL2.cpp:1915]   --->   Operation 111 'read' 'prev_cx_q610_128_val_read' <Predicate = true> <Delay = 0.00>
ST_1 : Operation 112 [1/1] (0.00ns)   --->   "%prev_cx_q610_127_val_read = read i16 @_ssdm_op_Read.ap_auto.i16, i16 %prev_cx_q610_127_val" [H:/subband_ref_q610_opt_stage4_latency_stepL2.cpp:1915]   --->   Operation 112 'read' 'prev_cx_q610_127_val_read' <Predicate = true> <Delay = 0.00>
ST_1 : Operation 113 [1/1] (0.00ns)   --->   "%prev_cx_q610_126_val_read = read i16 @_ssdm_op_Read.ap_auto.i16, i16 %prev_cx_q610_126_val" [H:/subband_ref_q610_opt_stage4_latency_stepL2.cpp:1915]   --->   Operation 113 'read' 'prev_cx_q610_126_val_read' <Predicate = true> <Delay = 0.00>
ST_1 : Operation 114 [1/1] (0.00ns)   --->   "%prev_cx_q610_125_val_read = read i16 @_ssdm_op_Read.ap_auto.i16, i16 %prev_cx_q610_125_val" [H:/subband_ref_q610_opt_stage4_latency_stepL2.cpp:1915]   --->   Operation 114 'read' 'prev_cx_q610_125_val_read' <Predicate = true> <Delay = 0.00>
ST_1 : Operation 115 [1/1] (0.00ns)   --->   "%prev_cx_q610_124_val_read = read i16 @_ssdm_op_Read.ap_auto.i16, i16 %prev_cx_q610_124_val" [H:/subband_ref_q610_opt_stage4_latency_stepL2.cpp:1915]   --->   Operation 115 'read' 'prev_cx_q610_124_val_read' <Predicate = true> <Delay = 0.00>
ST_1 : Operation 116 [1/1] (0.00ns)   --->   "%prev_cx_q610_123_val_read = read i16 @_ssdm_op_Read.ap_auto.i16, i16 %prev_cx_q610_123_val" [H:/subband_ref_q610_opt_stage4_latency_stepL2.cpp:1915]   --->   Operation 116 'read' 'prev_cx_q610_123_val_read' <Predicate = true> <Delay = 0.00>
ST_1 : Operation 117 [1/1] (0.00ns)   --->   "%prev_cx_q610_122_val_read = read i16 @_ssdm_op_Read.ap_auto.i16, i16 %prev_cx_q610_122_val" [H:/subband_ref_q610_opt_stage4_latency_stepL2.cpp:1915]   --->   Operation 117 'read' 'prev_cx_q610_122_val_read' <Predicate = true> <Delay = 0.00>
ST_1 : Operation 118 [1/1] (0.00ns)   --->   "%prev_cx_q610_121_val_read = read i16 @_ssdm_op_Read.ap_auto.i16, i16 %prev_cx_q610_121_val" [H:/subband_ref_q610_opt_stage4_latency_stepL2.cpp:1915]   --->   Operation 118 'read' 'prev_cx_q610_121_val_read' <Predicate = true> <Delay = 0.00>
ST_1 : Operation 119 [1/1] (0.00ns)   --->   "%prev_cx_q610_120_val_read = read i16 @_ssdm_op_Read.ap_auto.i16, i16 %prev_cx_q610_120_val" [H:/subband_ref_q610_opt_stage4_latency_stepL2.cpp:1915]   --->   Operation 119 'read' 'prev_cx_q610_120_val_read' <Predicate = true> <Delay = 0.00>
ST_1 : Operation 120 [1/1] (0.00ns)   --->   "%prev_cx_q610_119_val_read = read i16 @_ssdm_op_Read.ap_auto.i16, i16 %prev_cx_q610_119_val" [H:/subband_ref_q610_opt_stage4_latency_stepL2.cpp:1915]   --->   Operation 120 'read' 'prev_cx_q610_119_val_read' <Predicate = true> <Delay = 0.00>
ST_1 : Operation 121 [1/1] (0.00ns)   --->   "%prev_cx_q610_118_val_read = read i16 @_ssdm_op_Read.ap_auto.i16, i16 %prev_cx_q610_118_val" [H:/subband_ref_q610_opt_stage4_latency_stepL2.cpp:1915]   --->   Operation 121 'read' 'prev_cx_q610_118_val_read' <Predicate = true> <Delay = 0.00>
ST_1 : Operation 122 [1/1] (0.00ns)   --->   "%prev_cx_q610_117_val_read = read i16 @_ssdm_op_Read.ap_auto.i16, i16 %prev_cx_q610_117_val" [H:/subband_ref_q610_opt_stage4_latency_stepL2.cpp:1915]   --->   Operation 122 'read' 'prev_cx_q610_117_val_read' <Predicate = true> <Delay = 0.00>
ST_1 : Operation 123 [1/1] (0.00ns)   --->   "%prev_cx_q610_116_val_read = read i16 @_ssdm_op_Read.ap_auto.i16, i16 %prev_cx_q610_116_val" [H:/subband_ref_q610_opt_stage4_latency_stepL2.cpp:1915]   --->   Operation 123 'read' 'prev_cx_q610_116_val_read' <Predicate = true> <Delay = 0.00>
ST_1 : Operation 124 [1/1] (0.00ns)   --->   "%prev_cx_q610_115_val_read = read i16 @_ssdm_op_Read.ap_auto.i16, i16 %prev_cx_q610_115_val" [H:/subband_ref_q610_opt_stage4_latency_stepL2.cpp:1915]   --->   Operation 124 'read' 'prev_cx_q610_115_val_read' <Predicate = true> <Delay = 0.00>
ST_1 : Operation 125 [1/1] (0.00ns)   --->   "%prev_cx_q610_114_val_read = read i16 @_ssdm_op_Read.ap_auto.i16, i16 %prev_cx_q610_114_val" [H:/subband_ref_q610_opt_stage4_latency_stepL2.cpp:1915]   --->   Operation 125 'read' 'prev_cx_q610_114_val_read' <Predicate = true> <Delay = 0.00>
ST_1 : Operation 126 [1/1] (0.00ns)   --->   "%prev_cx_q610_113_val_read = read i16 @_ssdm_op_Read.ap_auto.i16, i16 %prev_cx_q610_113_val" [H:/subband_ref_q610_opt_stage4_latency_stepL2.cpp:1915]   --->   Operation 126 'read' 'prev_cx_q610_113_val_read' <Predicate = true> <Delay = 0.00>
ST_1 : Operation 127 [1/1] (0.00ns)   --->   "%prev_cx_q610_112_val_read = read i16 @_ssdm_op_Read.ap_auto.i16, i16 %prev_cx_q610_112_val" [H:/subband_ref_q610_opt_stage4_latency_stepL2.cpp:1915]   --->   Operation 127 'read' 'prev_cx_q610_112_val_read' <Predicate = true> <Delay = 0.00>
ST_1 : Operation 128 [1/1] (0.00ns)   --->   "%prev_cx_q610_111_val_read = read i16 @_ssdm_op_Read.ap_auto.i16, i16 %prev_cx_q610_111_val" [H:/subband_ref_q610_opt_stage4_latency_stepL2.cpp:1915]   --->   Operation 128 'read' 'prev_cx_q610_111_val_read' <Predicate = true> <Delay = 0.00>
ST_1 : Operation 129 [1/1] (0.00ns)   --->   "%prev_cx_q610_110_val_read = read i16 @_ssdm_op_Read.ap_auto.i16, i16 %prev_cx_q610_110_val" [H:/subband_ref_q610_opt_stage4_latency_stepL2.cpp:1915]   --->   Operation 129 'read' 'prev_cx_q610_110_val_read' <Predicate = true> <Delay = 0.00>
ST_1 : Operation 130 [1/1] (0.00ns)   --->   "%prev_cx_q610_109_val_read = read i16 @_ssdm_op_Read.ap_auto.i16, i16 %prev_cx_q610_109_val" [H:/subband_ref_q610_opt_stage4_latency_stepL2.cpp:1915]   --->   Operation 130 'read' 'prev_cx_q610_109_val_read' <Predicate = true> <Delay = 0.00>
ST_1 : Operation 131 [1/1] (0.00ns)   --->   "%prev_cx_q610_108_val_read = read i16 @_ssdm_op_Read.ap_auto.i16, i16 %prev_cx_q610_108_val" [H:/subband_ref_q610_opt_stage4_latency_stepL2.cpp:1915]   --->   Operation 131 'read' 'prev_cx_q610_108_val_read' <Predicate = true> <Delay = 0.00>
ST_1 : Operation 132 [1/1] (0.00ns)   --->   "%prev_cx_q610_107_val_read = read i16 @_ssdm_op_Read.ap_auto.i16, i16 %prev_cx_q610_107_val" [H:/subband_ref_q610_opt_stage4_latency_stepL2.cpp:1915]   --->   Operation 132 'read' 'prev_cx_q610_107_val_read' <Predicate = true> <Delay = 0.00>
ST_1 : Operation 133 [1/1] (0.00ns)   --->   "%prev_cx_q610_106_val_read = read i16 @_ssdm_op_Read.ap_auto.i16, i16 %prev_cx_q610_106_val" [H:/subband_ref_q610_opt_stage4_latency_stepL2.cpp:1915]   --->   Operation 133 'read' 'prev_cx_q610_106_val_read' <Predicate = true> <Delay = 0.00>
ST_1 : Operation 134 [1/1] (0.00ns)   --->   "%prev_cx_q610_105_val_read = read i16 @_ssdm_op_Read.ap_auto.i16, i16 %prev_cx_q610_105_val" [H:/subband_ref_q610_opt_stage4_latency_stepL2.cpp:1915]   --->   Operation 134 'read' 'prev_cx_q610_105_val_read' <Predicate = true> <Delay = 0.00>
ST_1 : Operation 135 [1/1] (0.00ns)   --->   "%prev_cx_q610_104_val_read = read i16 @_ssdm_op_Read.ap_auto.i16, i16 %prev_cx_q610_104_val" [H:/subband_ref_q610_opt_stage4_latency_stepL2.cpp:1915]   --->   Operation 135 'read' 'prev_cx_q610_104_val_read' <Predicate = true> <Delay = 0.00>
ST_1 : Operation 136 [1/1] (0.00ns)   --->   "%prev_cx_q610_103_val_read = read i16 @_ssdm_op_Read.ap_auto.i16, i16 %prev_cx_q610_103_val" [H:/subband_ref_q610_opt_stage4_latency_stepL2.cpp:1915]   --->   Operation 136 'read' 'prev_cx_q610_103_val_read' <Predicate = true> <Delay = 0.00>
ST_1 : Operation 137 [1/1] (0.00ns)   --->   "%prev_cx_q610_102_val_read = read i16 @_ssdm_op_Read.ap_auto.i16, i16 %prev_cx_q610_102_val" [H:/subband_ref_q610_opt_stage4_latency_stepL2.cpp:1915]   --->   Operation 137 'read' 'prev_cx_q610_102_val_read' <Predicate = true> <Delay = 0.00>
ST_1 : Operation 138 [1/1] (0.00ns)   --->   "%prev_cx_q610_101_val_read = read i16 @_ssdm_op_Read.ap_auto.i16, i16 %prev_cx_q610_101_val" [H:/subband_ref_q610_opt_stage4_latency_stepL2.cpp:1915]   --->   Operation 138 'read' 'prev_cx_q610_101_val_read' <Predicate = true> <Delay = 0.00>
ST_1 : Operation 139 [1/1] (0.00ns)   --->   "%prev_cx_q610_100_val_read = read i16 @_ssdm_op_Read.ap_auto.i16, i16 %prev_cx_q610_100_val" [H:/subband_ref_q610_opt_stage4_latency_stepL2.cpp:1915]   --->   Operation 139 'read' 'prev_cx_q610_100_val_read' <Predicate = true> <Delay = 0.00>
ST_1 : Operation 140 [1/1] (0.00ns)   --->   "%prev_cx_q610_99_val_read = read i16 @_ssdm_op_Read.ap_auto.i16, i16 %prev_cx_q610_99_val" [H:/subband_ref_q610_opt_stage4_latency_stepL2.cpp:1915]   --->   Operation 140 'read' 'prev_cx_q610_99_val_read' <Predicate = true> <Delay = 0.00>
ST_1 : Operation 141 [1/1] (0.00ns)   --->   "%prev_cx_q610_98_val_read = read i16 @_ssdm_op_Read.ap_auto.i16, i16 %prev_cx_q610_98_val" [H:/subband_ref_q610_opt_stage4_latency_stepL2.cpp:1915]   --->   Operation 141 'read' 'prev_cx_q610_98_val_read' <Predicate = true> <Delay = 0.00>
ST_1 : Operation 142 [1/1] (0.00ns)   --->   "%prev_cx_q610_97_val_read = read i16 @_ssdm_op_Read.ap_auto.i16, i16 %prev_cx_q610_97_val" [H:/subband_ref_q610_opt_stage4_latency_stepL2.cpp:1915]   --->   Operation 142 'read' 'prev_cx_q610_97_val_read' <Predicate = true> <Delay = 0.00>
ST_1 : Operation 143 [1/1] (0.00ns)   --->   "%prev_cx_q610_96_val_read = read i16 @_ssdm_op_Read.ap_auto.i16, i16 %prev_cx_q610_96_val" [H:/subband_ref_q610_opt_stage4_latency_stepL2.cpp:1915]   --->   Operation 143 'read' 'prev_cx_q610_96_val_read' <Predicate = true> <Delay = 0.00>
ST_1 : Operation 144 [1/1] (0.00ns)   --->   "%prev_cx_q610_95_val_read = read i16 @_ssdm_op_Read.ap_auto.i16, i16 %prev_cx_q610_95_val" [H:/subband_ref_q610_opt_stage4_latency_stepL2.cpp:1915]   --->   Operation 144 'read' 'prev_cx_q610_95_val_read' <Predicate = true> <Delay = 0.00>
ST_1 : Operation 145 [1/1] (0.00ns)   --->   "%prev_cx_q610_94_val_read = read i16 @_ssdm_op_Read.ap_auto.i16, i16 %prev_cx_q610_94_val" [H:/subband_ref_q610_opt_stage4_latency_stepL2.cpp:1915]   --->   Operation 145 'read' 'prev_cx_q610_94_val_read' <Predicate = true> <Delay = 0.00>
ST_1 : Operation 146 [1/1] (0.00ns)   --->   "%prev_cx_q610_93_val_read = read i16 @_ssdm_op_Read.ap_auto.i16, i16 %prev_cx_q610_93_val" [H:/subband_ref_q610_opt_stage4_latency_stepL2.cpp:1915]   --->   Operation 146 'read' 'prev_cx_q610_93_val_read' <Predicate = true> <Delay = 0.00>
ST_1 : Operation 147 [1/1] (0.00ns)   --->   "%prev_cx_q610_92_val_read = read i16 @_ssdm_op_Read.ap_auto.i16, i16 %prev_cx_q610_92_val" [H:/subband_ref_q610_opt_stage4_latency_stepL2.cpp:1915]   --->   Operation 147 'read' 'prev_cx_q610_92_val_read' <Predicate = true> <Delay = 0.00>
ST_1 : Operation 148 [1/1] (0.00ns)   --->   "%prev_cx_q610_91_val_read = read i16 @_ssdm_op_Read.ap_auto.i16, i16 %prev_cx_q610_91_val" [H:/subband_ref_q610_opt_stage4_latency_stepL2.cpp:1915]   --->   Operation 148 'read' 'prev_cx_q610_91_val_read' <Predicate = true> <Delay = 0.00>
ST_1 : Operation 149 [1/1] (0.00ns)   --->   "%prev_cx_q610_90_val_read = read i16 @_ssdm_op_Read.ap_auto.i16, i16 %prev_cx_q610_90_val" [H:/subband_ref_q610_opt_stage4_latency_stepL2.cpp:1915]   --->   Operation 149 'read' 'prev_cx_q610_90_val_read' <Predicate = true> <Delay = 0.00>
ST_1 : Operation 150 [1/1] (0.00ns)   --->   "%prev_cx_q610_89_val_read = read i16 @_ssdm_op_Read.ap_auto.i16, i16 %prev_cx_q610_89_val" [H:/subband_ref_q610_opt_stage4_latency_stepL2.cpp:1915]   --->   Operation 150 'read' 'prev_cx_q610_89_val_read' <Predicate = true> <Delay = 0.00>
ST_1 : Operation 151 [1/1] (0.00ns)   --->   "%prev_cx_q610_88_val_read = read i16 @_ssdm_op_Read.ap_auto.i16, i16 %prev_cx_q610_88_val" [H:/subband_ref_q610_opt_stage4_latency_stepL2.cpp:1915]   --->   Operation 151 'read' 'prev_cx_q610_88_val_read' <Predicate = true> <Delay = 0.00>
ST_1 : Operation 152 [1/1] (0.00ns)   --->   "%prev_cx_q610_87_val_read = read i16 @_ssdm_op_Read.ap_auto.i16, i16 %prev_cx_q610_87_val" [H:/subband_ref_q610_opt_stage4_latency_stepL2.cpp:1915]   --->   Operation 152 'read' 'prev_cx_q610_87_val_read' <Predicate = true> <Delay = 0.00>
ST_1 : Operation 153 [1/1] (0.00ns)   --->   "%prev_cx_q610_86_val_read = read i16 @_ssdm_op_Read.ap_auto.i16, i16 %prev_cx_q610_86_val" [H:/subband_ref_q610_opt_stage4_latency_stepL2.cpp:1915]   --->   Operation 153 'read' 'prev_cx_q610_86_val_read' <Predicate = true> <Delay = 0.00>
ST_1 : Operation 154 [1/1] (0.00ns)   --->   "%prev_cx_q610_85_val_read = read i16 @_ssdm_op_Read.ap_auto.i16, i16 %prev_cx_q610_85_val" [H:/subband_ref_q610_opt_stage4_latency_stepL2.cpp:1915]   --->   Operation 154 'read' 'prev_cx_q610_85_val_read' <Predicate = true> <Delay = 0.00>
ST_1 : Operation 155 [1/1] (0.00ns)   --->   "%prev_cx_q610_84_val_read = read i16 @_ssdm_op_Read.ap_auto.i16, i16 %prev_cx_q610_84_val" [H:/subband_ref_q610_opt_stage4_latency_stepL2.cpp:1915]   --->   Operation 155 'read' 'prev_cx_q610_84_val_read' <Predicate = true> <Delay = 0.00>
ST_1 : Operation 156 [1/1] (0.00ns)   --->   "%prev_cx_q610_83_val_read = read i16 @_ssdm_op_Read.ap_auto.i16, i16 %prev_cx_q610_83_val" [H:/subband_ref_q610_opt_stage4_latency_stepL2.cpp:1915]   --->   Operation 156 'read' 'prev_cx_q610_83_val_read' <Predicate = true> <Delay = 0.00>
ST_1 : Operation 157 [1/1] (0.00ns)   --->   "%prev_cx_q610_82_val_read = read i16 @_ssdm_op_Read.ap_auto.i16, i16 %prev_cx_q610_82_val" [H:/subband_ref_q610_opt_stage4_latency_stepL2.cpp:1915]   --->   Operation 157 'read' 'prev_cx_q610_82_val_read' <Predicate = true> <Delay = 0.00>
ST_1 : Operation 158 [1/1] (0.00ns)   --->   "%prev_cx_q610_81_val_read = read i16 @_ssdm_op_Read.ap_auto.i16, i16 %prev_cx_q610_81_val" [H:/subband_ref_q610_opt_stage4_latency_stepL2.cpp:1915]   --->   Operation 158 'read' 'prev_cx_q610_81_val_read' <Predicate = true> <Delay = 0.00>
ST_1 : Operation 159 [1/1] (0.00ns)   --->   "%prev_cx_q610_80_val_read = read i16 @_ssdm_op_Read.ap_auto.i16, i16 %prev_cx_q610_80_val" [H:/subband_ref_q610_opt_stage4_latency_stepL2.cpp:1915]   --->   Operation 159 'read' 'prev_cx_q610_80_val_read' <Predicate = true> <Delay = 0.00>
ST_1 : Operation 160 [1/1] (0.00ns)   --->   "%prev_cx_q610_79_val_read = read i16 @_ssdm_op_Read.ap_auto.i16, i16 %prev_cx_q610_79_val" [H:/subband_ref_q610_opt_stage4_latency_stepL2.cpp:1915]   --->   Operation 160 'read' 'prev_cx_q610_79_val_read' <Predicate = true> <Delay = 0.00>
ST_1 : Operation 161 [1/1] (0.00ns)   --->   "%prev_cx_q610_78_val_read = read i16 @_ssdm_op_Read.ap_auto.i16, i16 %prev_cx_q610_78_val" [H:/subband_ref_q610_opt_stage4_latency_stepL2.cpp:1915]   --->   Operation 161 'read' 'prev_cx_q610_78_val_read' <Predicate = true> <Delay = 0.00>
ST_1 : Operation 162 [1/1] (0.00ns)   --->   "%prev_cx_q610_77_val_read = read i16 @_ssdm_op_Read.ap_auto.i16, i16 %prev_cx_q610_77_val" [H:/subband_ref_q610_opt_stage4_latency_stepL2.cpp:1915]   --->   Operation 162 'read' 'prev_cx_q610_77_val_read' <Predicate = true> <Delay = 0.00>
ST_1 : Operation 163 [1/1] (0.00ns)   --->   "%prev_cx_q610_76_val_read = read i16 @_ssdm_op_Read.ap_auto.i16, i16 %prev_cx_q610_76_val" [H:/subband_ref_q610_opt_stage4_latency_stepL2.cpp:1915]   --->   Operation 163 'read' 'prev_cx_q610_76_val_read' <Predicate = true> <Delay = 0.00>
ST_1 : Operation 164 [1/1] (0.00ns)   --->   "%prev_cx_q610_75_val_read = read i16 @_ssdm_op_Read.ap_auto.i16, i16 %prev_cx_q610_75_val" [H:/subband_ref_q610_opt_stage4_latency_stepL2.cpp:1915]   --->   Operation 164 'read' 'prev_cx_q610_75_val_read' <Predicate = true> <Delay = 0.00>
ST_1 : Operation 165 [1/1] (0.00ns)   --->   "%prev_cx_q610_74_val_read = read i16 @_ssdm_op_Read.ap_auto.i16, i16 %prev_cx_q610_74_val" [H:/subband_ref_q610_opt_stage4_latency_stepL2.cpp:1915]   --->   Operation 165 'read' 'prev_cx_q610_74_val_read' <Predicate = true> <Delay = 0.00>
ST_1 : Operation 166 [1/1] (0.00ns)   --->   "%prev_cx_q610_73_val_read = read i16 @_ssdm_op_Read.ap_auto.i16, i16 %prev_cx_q610_73_val" [H:/subband_ref_q610_opt_stage4_latency_stepL2.cpp:1915]   --->   Operation 166 'read' 'prev_cx_q610_73_val_read' <Predicate = true> <Delay = 0.00>
ST_1 : Operation 167 [1/1] (0.00ns)   --->   "%prev_cx_q610_72_val_read = read i16 @_ssdm_op_Read.ap_auto.i16, i16 %prev_cx_q610_72_val" [H:/subband_ref_q610_opt_stage4_latency_stepL2.cpp:1915]   --->   Operation 167 'read' 'prev_cx_q610_72_val_read' <Predicate = true> <Delay = 0.00>
ST_1 : Operation 168 [1/1] (0.00ns)   --->   "%prev_cx_q610_71_val_read = read i16 @_ssdm_op_Read.ap_auto.i16, i16 %prev_cx_q610_71_val" [H:/subband_ref_q610_opt_stage4_latency_stepL2.cpp:1915]   --->   Operation 168 'read' 'prev_cx_q610_71_val_read' <Predicate = true> <Delay = 0.00>
ST_1 : Operation 169 [1/1] (0.00ns)   --->   "%prev_cx_q610_70_val_read = read i16 @_ssdm_op_Read.ap_auto.i16, i16 %prev_cx_q610_70_val" [H:/subband_ref_q610_opt_stage4_latency_stepL2.cpp:1915]   --->   Operation 169 'read' 'prev_cx_q610_70_val_read' <Predicate = true> <Delay = 0.00>
ST_1 : Operation 170 [1/1] (0.00ns)   --->   "%prev_cx_q610_69_val_read = read i16 @_ssdm_op_Read.ap_auto.i16, i16 %prev_cx_q610_69_val" [H:/subband_ref_q610_opt_stage4_latency_stepL2.cpp:1915]   --->   Operation 170 'read' 'prev_cx_q610_69_val_read' <Predicate = true> <Delay = 0.00>
ST_1 : Operation 171 [1/1] (0.00ns)   --->   "%prev_cx_q610_68_val_read = read i16 @_ssdm_op_Read.ap_auto.i16, i16 %prev_cx_q610_68_val" [H:/subband_ref_q610_opt_stage4_latency_stepL2.cpp:1915]   --->   Operation 171 'read' 'prev_cx_q610_68_val_read' <Predicate = true> <Delay = 0.00>
ST_1 : Operation 172 [1/1] (0.00ns)   --->   "%prev_cx_q610_67_val_read = read i16 @_ssdm_op_Read.ap_auto.i16, i16 %prev_cx_q610_67_val" [H:/subband_ref_q610_opt_stage4_latency_stepL2.cpp:1915]   --->   Operation 172 'read' 'prev_cx_q610_67_val_read' <Predicate = true> <Delay = 0.00>
ST_1 : Operation 173 [1/1] (0.00ns)   --->   "%prev_cx_q610_66_val_read = read i16 @_ssdm_op_Read.ap_auto.i16, i16 %prev_cx_q610_66_val" [H:/subband_ref_q610_opt_stage4_latency_stepL2.cpp:1915]   --->   Operation 173 'read' 'prev_cx_q610_66_val_read' <Predicate = true> <Delay = 0.00>
ST_1 : Operation 174 [1/1] (0.00ns)   --->   "%prev_cx_q610_65_val_read = read i16 @_ssdm_op_Read.ap_auto.i16, i16 %prev_cx_q610_65_val" [H:/subband_ref_q610_opt_stage4_latency_stepL2.cpp:1915]   --->   Operation 174 'read' 'prev_cx_q610_65_val_read' <Predicate = true> <Delay = 0.00>
ST_1 : Operation 175 [1/1] (0.00ns)   --->   "%prev_cx_q610_64_val_read = read i16 @_ssdm_op_Read.ap_auto.i16, i16 %prev_cx_q610_64_val" [H:/subband_ref_q610_opt_stage4_latency_stepL2.cpp:1915]   --->   Operation 175 'read' 'prev_cx_q610_64_val_read' <Predicate = true> <Delay = 0.00>
ST_1 : Operation 176 [1/1] (0.00ns)   --->   "%prev_cx_q610_63_val_read = read i16 @_ssdm_op_Read.ap_auto.i16, i16 %prev_cx_q610_63_val" [H:/subband_ref_q610_opt_stage4_latency_stepL2.cpp:1915]   --->   Operation 176 'read' 'prev_cx_q610_63_val_read' <Predicate = true> <Delay = 0.00>
ST_1 : Operation 177 [1/1] (0.00ns)   --->   "%prev_cx_q610_62_val_read = read i16 @_ssdm_op_Read.ap_auto.i16, i16 %prev_cx_q610_62_val" [H:/subband_ref_q610_opt_stage4_latency_stepL2.cpp:1915]   --->   Operation 177 'read' 'prev_cx_q610_62_val_read' <Predicate = true> <Delay = 0.00>
ST_1 : Operation 178 [1/1] (0.00ns)   --->   "%prev_cx_q610_61_val_read = read i16 @_ssdm_op_Read.ap_auto.i16, i16 %prev_cx_q610_61_val" [H:/subband_ref_q610_opt_stage4_latency_stepL2.cpp:1915]   --->   Operation 178 'read' 'prev_cx_q610_61_val_read' <Predicate = true> <Delay = 0.00>
ST_1 : Operation 179 [1/1] (0.00ns)   --->   "%prev_cx_q610_60_val_read = read i16 @_ssdm_op_Read.ap_auto.i16, i16 %prev_cx_q610_60_val" [H:/subband_ref_q610_opt_stage4_latency_stepL2.cpp:1915]   --->   Operation 179 'read' 'prev_cx_q610_60_val_read' <Predicate = true> <Delay = 0.00>
ST_1 : Operation 180 [1/1] (0.00ns)   --->   "%prev_cx_q610_59_val_read = read i16 @_ssdm_op_Read.ap_auto.i16, i16 %prev_cx_q610_59_val" [H:/subband_ref_q610_opt_stage4_latency_stepL2.cpp:1915]   --->   Operation 180 'read' 'prev_cx_q610_59_val_read' <Predicate = true> <Delay = 0.00>
ST_1 : Operation 181 [1/1] (0.00ns)   --->   "%prev_cx_q610_58_val_read = read i16 @_ssdm_op_Read.ap_auto.i16, i16 %prev_cx_q610_58_val" [H:/subband_ref_q610_opt_stage4_latency_stepL2.cpp:1915]   --->   Operation 181 'read' 'prev_cx_q610_58_val_read' <Predicate = true> <Delay = 0.00>
ST_1 : Operation 182 [1/1] (0.00ns)   --->   "%prev_cx_q610_57_val_read = read i16 @_ssdm_op_Read.ap_auto.i16, i16 %prev_cx_q610_57_val" [H:/subband_ref_q610_opt_stage4_latency_stepL2.cpp:1915]   --->   Operation 182 'read' 'prev_cx_q610_57_val_read' <Predicate = true> <Delay = 0.00>
ST_1 : Operation 183 [1/1] (0.00ns)   --->   "%prev_cx_q610_56_val_read = read i16 @_ssdm_op_Read.ap_auto.i16, i16 %prev_cx_q610_56_val" [H:/subband_ref_q610_opt_stage4_latency_stepL2.cpp:1915]   --->   Operation 183 'read' 'prev_cx_q610_56_val_read' <Predicate = true> <Delay = 0.00>
ST_1 : Operation 184 [1/1] (0.00ns)   --->   "%prev_cx_q610_55_val_read = read i16 @_ssdm_op_Read.ap_auto.i16, i16 %prev_cx_q610_55_val" [H:/subband_ref_q610_opt_stage4_latency_stepL2.cpp:1915]   --->   Operation 184 'read' 'prev_cx_q610_55_val_read' <Predicate = true> <Delay = 0.00>
ST_1 : Operation 185 [1/1] (0.00ns)   --->   "%prev_cx_q610_54_val_read = read i16 @_ssdm_op_Read.ap_auto.i16, i16 %prev_cx_q610_54_val" [H:/subband_ref_q610_opt_stage4_latency_stepL2.cpp:1915]   --->   Operation 185 'read' 'prev_cx_q610_54_val_read' <Predicate = true> <Delay = 0.00>
ST_1 : Operation 186 [1/1] (0.00ns)   --->   "%prev_cx_q610_53_val_read = read i16 @_ssdm_op_Read.ap_auto.i16, i16 %prev_cx_q610_53_val" [H:/subband_ref_q610_opt_stage4_latency_stepL2.cpp:1915]   --->   Operation 186 'read' 'prev_cx_q610_53_val_read' <Predicate = true> <Delay = 0.00>
ST_1 : Operation 187 [1/1] (0.00ns)   --->   "%prev_cx_q610_52_val_read = read i16 @_ssdm_op_Read.ap_auto.i16, i16 %prev_cx_q610_52_val" [H:/subband_ref_q610_opt_stage4_latency_stepL2.cpp:1915]   --->   Operation 187 'read' 'prev_cx_q610_52_val_read' <Predicate = true> <Delay = 0.00>
ST_1 : Operation 188 [1/1] (0.00ns)   --->   "%prev_cx_q610_51_val_read = read i16 @_ssdm_op_Read.ap_auto.i16, i16 %prev_cx_q610_51_val" [H:/subband_ref_q610_opt_stage4_latency_stepL2.cpp:1915]   --->   Operation 188 'read' 'prev_cx_q610_51_val_read' <Predicate = true> <Delay = 0.00>
ST_1 : Operation 189 [1/1] (0.00ns)   --->   "%prev_cx_q610_50_val_read = read i16 @_ssdm_op_Read.ap_auto.i16, i16 %prev_cx_q610_50_val" [H:/subband_ref_q610_opt_stage4_latency_stepL2.cpp:1915]   --->   Operation 189 'read' 'prev_cx_q610_50_val_read' <Predicate = true> <Delay = 0.00>
ST_1 : Operation 190 [1/1] (0.00ns)   --->   "%prev_cx_q610_49_val_read = read i16 @_ssdm_op_Read.ap_auto.i16, i16 %prev_cx_q610_49_val" [H:/subband_ref_q610_opt_stage4_latency_stepL2.cpp:1915]   --->   Operation 190 'read' 'prev_cx_q610_49_val_read' <Predicate = true> <Delay = 0.00>
ST_1 : Operation 191 [1/1] (0.00ns)   --->   "%prev_cx_q610_48_val_read = read i16 @_ssdm_op_Read.ap_auto.i16, i16 %prev_cx_q610_48_val" [H:/subband_ref_q610_opt_stage4_latency_stepL2.cpp:1915]   --->   Operation 191 'read' 'prev_cx_q610_48_val_read' <Predicate = true> <Delay = 0.00>
ST_1 : Operation 192 [1/1] (0.00ns)   --->   "%prev_cx_q610_47_val_read = read i16 @_ssdm_op_Read.ap_auto.i16, i16 %prev_cx_q610_47_val" [H:/subband_ref_q610_opt_stage4_latency_stepL2.cpp:1915]   --->   Operation 192 'read' 'prev_cx_q610_47_val_read' <Predicate = true> <Delay = 0.00>
ST_1 : Operation 193 [1/1] (0.00ns)   --->   "%prev_cx_q610_46_val_read = read i16 @_ssdm_op_Read.ap_auto.i16, i16 %prev_cx_q610_46_val" [H:/subband_ref_q610_opt_stage4_latency_stepL2.cpp:1915]   --->   Operation 193 'read' 'prev_cx_q610_46_val_read' <Predicate = true> <Delay = 0.00>
ST_1 : Operation 194 [1/1] (0.00ns)   --->   "%prev_cx_q610_45_val_read = read i16 @_ssdm_op_Read.ap_auto.i16, i16 %prev_cx_q610_45_val" [H:/subband_ref_q610_opt_stage4_latency_stepL2.cpp:1915]   --->   Operation 194 'read' 'prev_cx_q610_45_val_read' <Predicate = true> <Delay = 0.00>
ST_1 : Operation 195 [1/1] (0.00ns)   --->   "%prev_cx_q610_44_val_read = read i16 @_ssdm_op_Read.ap_auto.i16, i16 %prev_cx_q610_44_val" [H:/subband_ref_q610_opt_stage4_latency_stepL2.cpp:1915]   --->   Operation 195 'read' 'prev_cx_q610_44_val_read' <Predicate = true> <Delay = 0.00>
ST_1 : Operation 196 [1/1] (0.00ns)   --->   "%prev_cx_q610_43_val_read = read i16 @_ssdm_op_Read.ap_auto.i16, i16 %prev_cx_q610_43_val" [H:/subband_ref_q610_opt_stage4_latency_stepL2.cpp:1915]   --->   Operation 196 'read' 'prev_cx_q610_43_val_read' <Predicate = true> <Delay = 0.00>
ST_1 : Operation 197 [1/1] (0.00ns)   --->   "%prev_cx_q610_42_val_read = read i16 @_ssdm_op_Read.ap_auto.i16, i16 %prev_cx_q610_42_val" [H:/subband_ref_q610_opt_stage4_latency_stepL2.cpp:1915]   --->   Operation 197 'read' 'prev_cx_q610_42_val_read' <Predicate = true> <Delay = 0.00>
ST_1 : Operation 198 [1/1] (0.00ns)   --->   "%prev_cx_q610_41_val_read = read i16 @_ssdm_op_Read.ap_auto.i16, i16 %prev_cx_q610_41_val" [H:/subband_ref_q610_opt_stage4_latency_stepL2.cpp:1915]   --->   Operation 198 'read' 'prev_cx_q610_41_val_read' <Predicate = true> <Delay = 0.00>
ST_1 : Operation 199 [1/1] (0.00ns)   --->   "%prev_cx_q610_40_val_read = read i16 @_ssdm_op_Read.ap_auto.i16, i16 %prev_cx_q610_40_val" [H:/subband_ref_q610_opt_stage4_latency_stepL2.cpp:1915]   --->   Operation 199 'read' 'prev_cx_q610_40_val_read' <Predicate = true> <Delay = 0.00>
ST_1 : Operation 200 [1/1] (0.00ns)   --->   "%prev_cx_q610_39_val_read = read i16 @_ssdm_op_Read.ap_auto.i16, i16 %prev_cx_q610_39_val" [H:/subband_ref_q610_opt_stage4_latency_stepL2.cpp:1915]   --->   Operation 200 'read' 'prev_cx_q610_39_val_read' <Predicate = true> <Delay = 0.00>
ST_1 : Operation 201 [1/1] (0.00ns)   --->   "%prev_cx_q610_38_val_read = read i16 @_ssdm_op_Read.ap_auto.i16, i16 %prev_cx_q610_38_val" [H:/subband_ref_q610_opt_stage4_latency_stepL2.cpp:1915]   --->   Operation 201 'read' 'prev_cx_q610_38_val_read' <Predicate = true> <Delay = 0.00>
ST_1 : Operation 202 [1/1] (0.00ns)   --->   "%prev_cx_q610_37_val_read = read i16 @_ssdm_op_Read.ap_auto.i16, i16 %prev_cx_q610_37_val" [H:/subband_ref_q610_opt_stage4_latency_stepL2.cpp:1915]   --->   Operation 202 'read' 'prev_cx_q610_37_val_read' <Predicate = true> <Delay = 0.00>
ST_1 : Operation 203 [1/1] (0.00ns)   --->   "%prev_cx_q610_36_val_read = read i16 @_ssdm_op_Read.ap_auto.i16, i16 %prev_cx_q610_36_val" [H:/subband_ref_q610_opt_stage4_latency_stepL2.cpp:1915]   --->   Operation 203 'read' 'prev_cx_q610_36_val_read' <Predicate = true> <Delay = 0.00>
ST_1 : Operation 204 [1/1] (0.00ns)   --->   "%prev_cx_q610_35_val_read = read i16 @_ssdm_op_Read.ap_auto.i16, i16 %prev_cx_q610_35_val" [H:/subband_ref_q610_opt_stage4_latency_stepL2.cpp:1915]   --->   Operation 204 'read' 'prev_cx_q610_35_val_read' <Predicate = true> <Delay = 0.00>
ST_1 : Operation 205 [1/1] (0.00ns)   --->   "%prev_cx_q610_34_val_read = read i16 @_ssdm_op_Read.ap_auto.i16, i16 %prev_cx_q610_34_val" [H:/subband_ref_q610_opt_stage4_latency_stepL2.cpp:1915]   --->   Operation 205 'read' 'prev_cx_q610_34_val_read' <Predicate = true> <Delay = 0.00>
ST_1 : Operation 206 [1/1] (0.00ns)   --->   "%prev_cx_q610_33_val_read = read i16 @_ssdm_op_Read.ap_auto.i16, i16 %prev_cx_q610_33_val" [H:/subband_ref_q610_opt_stage4_latency_stepL2.cpp:1915]   --->   Operation 206 'read' 'prev_cx_q610_33_val_read' <Predicate = true> <Delay = 0.00>
ST_1 : Operation 207 [1/1] (0.00ns)   --->   "%prev_cx_q610_32_val_read = read i16 @_ssdm_op_Read.ap_auto.i16, i16 %prev_cx_q610_32_val" [H:/subband_ref_q610_opt_stage4_latency_stepL2.cpp:1915]   --->   Operation 207 'read' 'prev_cx_q610_32_val_read' <Predicate = true> <Delay = 0.00>
ST_1 : Operation 208 [1/1] (0.00ns)   --->   "%prev_cx_q610_31_val_read = read i16 @_ssdm_op_Read.ap_auto.i16, i16 %prev_cx_q610_31_val" [H:/subband_ref_q610_opt_stage4_latency_stepL2.cpp:1915]   --->   Operation 208 'read' 'prev_cx_q610_31_val_read' <Predicate = true> <Delay = 0.00>
ST_1 : Operation 209 [1/1] (0.00ns)   --->   "%prev_cx_q610_30_val_read = read i16 @_ssdm_op_Read.ap_auto.i16, i16 %prev_cx_q610_30_val" [H:/subband_ref_q610_opt_stage4_latency_stepL2.cpp:1915]   --->   Operation 209 'read' 'prev_cx_q610_30_val_read' <Predicate = true> <Delay = 0.00>
ST_1 : Operation 210 [1/1] (0.00ns)   --->   "%prev_cx_q610_29_val_read = read i16 @_ssdm_op_Read.ap_auto.i16, i16 %prev_cx_q610_29_val" [H:/subband_ref_q610_opt_stage4_latency_stepL2.cpp:1915]   --->   Operation 210 'read' 'prev_cx_q610_29_val_read' <Predicate = true> <Delay = 0.00>
ST_1 : Operation 211 [1/1] (0.00ns)   --->   "%prev_cx_q610_28_val_read = read i16 @_ssdm_op_Read.ap_auto.i16, i16 %prev_cx_q610_28_val" [H:/subband_ref_q610_opt_stage4_latency_stepL2.cpp:1915]   --->   Operation 211 'read' 'prev_cx_q610_28_val_read' <Predicate = true> <Delay = 0.00>
ST_1 : Operation 212 [1/1] (0.00ns)   --->   "%prev_cx_q610_27_val_read = read i16 @_ssdm_op_Read.ap_auto.i16, i16 %prev_cx_q610_27_val" [H:/subband_ref_q610_opt_stage4_latency_stepL2.cpp:1915]   --->   Operation 212 'read' 'prev_cx_q610_27_val_read' <Predicate = true> <Delay = 0.00>
ST_1 : Operation 213 [1/1] (0.00ns)   --->   "%prev_cx_q610_26_val_read = read i16 @_ssdm_op_Read.ap_auto.i16, i16 %prev_cx_q610_26_val" [H:/subband_ref_q610_opt_stage4_latency_stepL2.cpp:1915]   --->   Operation 213 'read' 'prev_cx_q610_26_val_read' <Predicate = true> <Delay = 0.00>
ST_1 : Operation 214 [1/1] (0.00ns)   --->   "%prev_cx_q610_25_val_read = read i16 @_ssdm_op_Read.ap_auto.i16, i16 %prev_cx_q610_25_val" [H:/subband_ref_q610_opt_stage4_latency_stepL2.cpp:1915]   --->   Operation 214 'read' 'prev_cx_q610_25_val_read' <Predicate = true> <Delay = 0.00>
ST_1 : Operation 215 [1/1] (0.00ns)   --->   "%prev_cx_q610_24_val_read = read i16 @_ssdm_op_Read.ap_auto.i16, i16 %prev_cx_q610_24_val" [H:/subband_ref_q610_opt_stage4_latency_stepL2.cpp:1915]   --->   Operation 215 'read' 'prev_cx_q610_24_val_read' <Predicate = true> <Delay = 0.00>
ST_1 : Operation 216 [1/1] (0.00ns)   --->   "%prev_cx_q610_23_val_read = read i16 @_ssdm_op_Read.ap_auto.i16, i16 %prev_cx_q610_23_val" [H:/subband_ref_q610_opt_stage4_latency_stepL2.cpp:1915]   --->   Operation 216 'read' 'prev_cx_q610_23_val_read' <Predicate = true> <Delay = 0.00>
ST_1 : Operation 217 [1/1] (0.00ns)   --->   "%prev_cx_q610_22_val_read = read i16 @_ssdm_op_Read.ap_auto.i16, i16 %prev_cx_q610_22_val" [H:/subband_ref_q610_opt_stage4_latency_stepL2.cpp:1915]   --->   Operation 217 'read' 'prev_cx_q610_22_val_read' <Predicate = true> <Delay = 0.00>
ST_1 : Operation 218 [1/1] (0.00ns)   --->   "%prev_cx_q610_21_val_read = read i16 @_ssdm_op_Read.ap_auto.i16, i16 %prev_cx_q610_21_val" [H:/subband_ref_q610_opt_stage4_latency_stepL2.cpp:1915]   --->   Operation 218 'read' 'prev_cx_q610_21_val_read' <Predicate = true> <Delay = 0.00>
ST_1 : Operation 219 [1/1] (0.00ns)   --->   "%prev_cx_q610_20_val_read = read i16 @_ssdm_op_Read.ap_auto.i16, i16 %prev_cx_q610_20_val" [H:/subband_ref_q610_opt_stage4_latency_stepL2.cpp:1915]   --->   Operation 219 'read' 'prev_cx_q610_20_val_read' <Predicate = true> <Delay = 0.00>
ST_1 : Operation 220 [1/1] (0.00ns)   --->   "%prev_cx_q610_19_val_read = read i16 @_ssdm_op_Read.ap_auto.i16, i16 %prev_cx_q610_19_val" [H:/subband_ref_q610_opt_stage4_latency_stepL2.cpp:1915]   --->   Operation 220 'read' 'prev_cx_q610_19_val_read' <Predicate = true> <Delay = 0.00>
ST_1 : Operation 221 [1/1] (0.00ns)   --->   "%prev_cx_q610_18_val_read = read i16 @_ssdm_op_Read.ap_auto.i16, i16 %prev_cx_q610_18_val" [H:/subband_ref_q610_opt_stage4_latency_stepL2.cpp:1915]   --->   Operation 221 'read' 'prev_cx_q610_18_val_read' <Predicate = true> <Delay = 0.00>
ST_1 : Operation 222 [1/1] (0.00ns)   --->   "%prev_cx_q610_17_val_read = read i16 @_ssdm_op_Read.ap_auto.i16, i16 %prev_cx_q610_17_val" [H:/subband_ref_q610_opt_stage4_latency_stepL2.cpp:1915]   --->   Operation 222 'read' 'prev_cx_q610_17_val_read' <Predicate = true> <Delay = 0.00>
ST_1 : Operation 223 [1/1] (0.00ns)   --->   "%prev_cx_q610_16_val_read = read i16 @_ssdm_op_Read.ap_auto.i16, i16 %prev_cx_q610_16_val" [H:/subband_ref_q610_opt_stage4_latency_stepL2.cpp:1915]   --->   Operation 223 'read' 'prev_cx_q610_16_val_read' <Predicate = true> <Delay = 0.00>
ST_1 : Operation 224 [1/1] (0.00ns)   --->   "%prev_cx_q610_15_val_read = read i16 @_ssdm_op_Read.ap_auto.i16, i16 %prev_cx_q610_15_val" [H:/subband_ref_q610_opt_stage4_latency_stepL2.cpp:1915]   --->   Operation 224 'read' 'prev_cx_q610_15_val_read' <Predicate = true> <Delay = 0.00>
ST_1 : Operation 225 [1/1] (0.00ns)   --->   "%prev_cx_q610_14_val_read = read i16 @_ssdm_op_Read.ap_auto.i16, i16 %prev_cx_q610_14_val" [H:/subband_ref_q610_opt_stage4_latency_stepL2.cpp:1915]   --->   Operation 225 'read' 'prev_cx_q610_14_val_read' <Predicate = true> <Delay = 0.00>
ST_1 : Operation 226 [1/1] (0.00ns)   --->   "%prev_cx_q610_13_val_read = read i16 @_ssdm_op_Read.ap_auto.i16, i16 %prev_cx_q610_13_val" [H:/subband_ref_q610_opt_stage4_latency_stepL2.cpp:1915]   --->   Operation 226 'read' 'prev_cx_q610_13_val_read' <Predicate = true> <Delay = 0.00>
ST_1 : Operation 227 [1/1] (0.00ns)   --->   "%prev_cx_q610_12_val_read = read i16 @_ssdm_op_Read.ap_auto.i16, i16 %prev_cx_q610_12_val" [H:/subband_ref_q610_opt_stage4_latency_stepL2.cpp:1915]   --->   Operation 227 'read' 'prev_cx_q610_12_val_read' <Predicate = true> <Delay = 0.00>
ST_1 : Operation 228 [1/1] (0.00ns)   --->   "%prev_cx_q610_11_val_read = read i16 @_ssdm_op_Read.ap_auto.i16, i16 %prev_cx_q610_11_val" [H:/subband_ref_q610_opt_stage4_latency_stepL2.cpp:1915]   --->   Operation 228 'read' 'prev_cx_q610_11_val_read' <Predicate = true> <Delay = 0.00>
ST_1 : Operation 229 [1/1] (0.00ns)   --->   "%prev_cx_q610_10_val_read = read i16 @_ssdm_op_Read.ap_auto.i16, i16 %prev_cx_q610_10_val" [H:/subband_ref_q610_opt_stage4_latency_stepL2.cpp:1915]   --->   Operation 229 'read' 'prev_cx_q610_10_val_read' <Predicate = true> <Delay = 0.00>
ST_1 : Operation 230 [1/1] (0.00ns)   --->   "%prev_cx_q610_9_val_read = read i16 @_ssdm_op_Read.ap_auto.i16, i16 %prev_cx_q610_9_val" [H:/subband_ref_q610_opt_stage4_latency_stepL2.cpp:1915]   --->   Operation 230 'read' 'prev_cx_q610_9_val_read' <Predicate = true> <Delay = 0.00>
ST_1 : Operation 231 [1/1] (0.00ns)   --->   "%prev_cx_q610_8_val_read = read i16 @_ssdm_op_Read.ap_auto.i16, i16 %prev_cx_q610_8_val" [H:/subband_ref_q610_opt_stage4_latency_stepL2.cpp:1915]   --->   Operation 231 'read' 'prev_cx_q610_8_val_read' <Predicate = true> <Delay = 0.00>
ST_1 : Operation 232 [1/1] (0.00ns)   --->   "%prev_cx_q610_7_val_read = read i16 @_ssdm_op_Read.ap_auto.i16, i16 %prev_cx_q610_7_val" [H:/subband_ref_q610_opt_stage4_latency_stepL2.cpp:1915]   --->   Operation 232 'read' 'prev_cx_q610_7_val_read' <Predicate = true> <Delay = 0.00>
ST_1 : Operation 233 [1/1] (0.00ns)   --->   "%prev_cx_q610_6_val_read = read i16 @_ssdm_op_Read.ap_auto.i16, i16 %prev_cx_q610_6_val" [H:/subband_ref_q610_opt_stage4_latency_stepL2.cpp:1915]   --->   Operation 233 'read' 'prev_cx_q610_6_val_read' <Predicate = true> <Delay = 0.00>
ST_1 : Operation 234 [1/1] (0.00ns)   --->   "%prev_cx_q610_5_val_read = read i16 @_ssdm_op_Read.ap_auto.i16, i16 %prev_cx_q610_5_val" [H:/subband_ref_q610_opt_stage4_latency_stepL2.cpp:1915]   --->   Operation 234 'read' 'prev_cx_q610_5_val_read' <Predicate = true> <Delay = 0.00>
ST_1 : Operation 235 [1/1] (0.00ns)   --->   "%prev_cx_q610_4_val_read = read i16 @_ssdm_op_Read.ap_auto.i16, i16 %prev_cx_q610_4_val" [H:/subband_ref_q610_opt_stage4_latency_stepL2.cpp:1915]   --->   Operation 235 'read' 'prev_cx_q610_4_val_read' <Predicate = true> <Delay = 0.00>
ST_1 : Operation 236 [1/1] (0.00ns)   --->   "%prev_cx_q610_3_val_read = read i16 @_ssdm_op_Read.ap_auto.i16, i16 %prev_cx_q610_3_val" [H:/subband_ref_q610_opt_stage4_latency_stepL2.cpp:1915]   --->   Operation 236 'read' 'prev_cx_q610_3_val_read' <Predicate = true> <Delay = 0.00>
ST_1 : Operation 237 [1/1] (0.00ns)   --->   "%prev_cx_q610_2_val_read = read i16 @_ssdm_op_Read.ap_auto.i16, i16 %prev_cx_q610_2_val" [H:/subband_ref_q610_opt_stage4_latency_stepL2.cpp:1915]   --->   Operation 237 'read' 'prev_cx_q610_2_val_read' <Predicate = true> <Delay = 0.00>
ST_1 : Operation 238 [1/1] (0.00ns)   --->   "%prev_cx_q610_1_val_read = read i16 @_ssdm_op_Read.ap_auto.i16, i16 %prev_cx_q610_1_val" [H:/subband_ref_q610_opt_stage4_latency_stepL2.cpp:1915]   --->   Operation 238 'read' 'prev_cx_q610_1_val_read' <Predicate = true> <Delay = 0.00>
ST_1 : Operation 239 [1/1] (0.00ns)   --->   "%prev_cx_q610_0_val_read = read i16 @_ssdm_op_Read.ap_auto.i16, i16 %prev_cx_q610_0_val" [H:/subband_ref_q610_opt_stage4_latency_stepL2.cpp:1915]   --->   Operation 239 'read' 'prev_cx_q610_0_val_read' <Predicate = true> <Delay = 0.00>

State 2 <SV = 1> <Delay = 5.37>
ST_2 : Operation 240 [1/1] (0.00ns)   --->   "%tmp = bitconcatenate i12 @_ssdm_op_BitConcatenate.i12.i2.i3.i7, i2 %output_hy_q610_1_offset_read, i3 %output_hy_q610_1_offset6_read, i7 0" [H:/subband_ref_q610_opt_stage4_latency_stepL2.cpp:1915]   --->   Operation 240 'bitconcatenate' 'tmp' <Predicate = true> <Delay = 0.00>
ST_2 : Operation 241 [1/1] (0.00ns)   --->   "%tmp_s = bitconcatenate i9 @_ssdm_op_BitConcatenate.i9.i2.i3.i4, i2 %output_hy_q610_1_offset_read, i3 %output_hy_q610_1_offset6_read, i4 0" [H:/subband_ref_q610_opt_stage4_latency_stepL2.cpp:1915]   --->   Operation 241 'bitconcatenate' 'tmp_s' <Predicate = true> <Delay = 0.00>
ST_2 : Operation 242 [1/1] (0.00ns)   --->   "%zext_ln1915 = zext i9 %tmp_s" [H:/subband_ref_q610_opt_stage4_latency_stepL2.cpp:1915]   --->   Operation 242 'zext' 'zext_ln1915' <Predicate = true> <Delay = 0.00>
ST_2 : Operation 243 [1/1] (1.54ns)   --->   "%sub_ln1915 = sub i12 %tmp, i12 %zext_ln1915" [H:/subband_ref_q610_opt_stage4_latency_stepL2.cpp:1915]   --->   Operation 243 'sub' 'sub_ln1915' <Predicate = true> <Delay = 1.54> <CoreInst = "Adder">   --->   Core 1 'Adder' <Latency = 0> <II = 1> <Delay = 1.54> <FuncUnit> <Opcode : 'add' 'sub'> <InPorts = 2> <OutPorts = 1>
ST_2 : Operation 244 [1/1] (0.00ns)   --->   "%tmp_5 = bitconcatenate i12 @_ssdm_op_BitConcatenate.i12.i2.i3.i7, i2 %output_hy_q610_0_offset_read, i3 %output_hy_q610_0_offset5_read, i7 0" [H:/subband_ref_q610_opt_stage4_latency_stepL2.cpp:1915]   --->   Operation 244 'bitconcatenate' 'tmp_5' <Predicate = true> <Delay = 0.00>
ST_2 : Operation 245 [1/1] (0.00ns)   --->   "%tmp_6 = bitconcatenate i9 @_ssdm_op_BitConcatenate.i9.i2.i3.i4, i2 %output_hy_q610_0_offset_read, i3 %output_hy_q610_0_offset5_read, i4 0" [H:/subband_ref_q610_opt_stage4_latency_stepL2.cpp:1915]   --->   Operation 245 'bitconcatenate' 'tmp_6' <Predicate = true> <Delay = 0.00>
ST_2 : Operation 246 [1/1] (0.00ns)   --->   "%zext_ln1915_2 = zext i9 %tmp_6" [H:/subband_ref_q610_opt_stage4_latency_stepL2.cpp:1915]   --->   Operation 246 'zext' 'zext_ln1915_2' <Predicate = true> <Delay = 0.00>
ST_2 : Operation 247 [1/1] (1.54ns)   --->   "%sub_ln1915_1 = sub i12 %tmp_5, i12 %zext_ln1915_2" [H:/subband_ref_q610_opt_stage4_latency_stepL2.cpp:1915]   --->   Operation 247 'sub' 'sub_ln1915_1' <Predicate = true> <Delay = 1.54> <CoreInst = "Adder">   --->   Core 1 'Adder' <Latency = 0> <II = 1> <Delay = 1.54> <FuncUnit> <Opcode : 'add' 'sub'> <InPorts = 2> <OutPorts = 1>
ST_2 : Operation 248 [1/1] (0.00ns)   --->   "%tmp_7 = bitconcatenate i12 @_ssdm_op_BitConcatenate.i12.i2.i3.i7, i2 %cx_state_q610_1_offset_read, i3 %cx_state_q610_1_offset4_read, i7 0" [H:/subband_ref_q610_opt_stage4_latency_stepL2.cpp:1913]   --->   Operation 248 'bitconcatenate' 'tmp_7' <Predicate = true> <Delay = 0.00>
ST_2 : Operation 249 [1/1] (0.00ns)   --->   "%tmp_8 = bitconcatenate i9 @_ssdm_op_BitConcatenate.i9.i2.i3.i4, i2 %cx_state_q610_1_offset_read, i3 %cx_state_q610_1_offset4_read, i4 0" [H:/subband_ref_q610_opt_stage4_latency_stepL2.cpp:1913]   --->   Operation 249 'bitconcatenate' 'tmp_8' <Predicate = true> <Delay = 0.00>
ST_2 : Operation 250 [1/1] (0.00ns)   --->   "%zext_ln1913 = zext i9 %tmp_8" [H:/subband_ref_q610_opt_stage4_latency_stepL2.cpp:1913]   --->   Operation 250 'zext' 'zext_ln1913' <Predicate = true> <Delay = 0.00>
ST_2 : Operation 251 [1/1] (1.54ns)   --->   "%sub_ln1913 = sub i12 %tmp_7, i12 %zext_ln1913" [H:/subband_ref_q610_opt_stage4_latency_stepL2.cpp:1913]   --->   Operation 251 'sub' 'sub_ln1913' <Predicate = true> <Delay = 1.54> <CoreInst = "Adder">   --->   Core 1 'Adder' <Latency = 0> <II = 1> <Delay = 1.54> <FuncUnit> <Opcode : 'add' 'sub'> <InPorts = 2> <OutPorts = 1>
ST_2 : Operation 252 [1/1] (0.00ns)   --->   "%tmp_9 = bitconcatenate i12 @_ssdm_op_BitConcatenate.i12.i2.i3.i7, i2 %cx_state_q610_0_offset_read, i3 %cx_state_q610_0_offset3_read, i7 0" [H:/subband_ref_q610_opt_stage4_latency_stepL2.cpp:1913]   --->   Operation 252 'bitconcatenate' 'tmp_9' <Predicate = true> <Delay = 0.00>
ST_2 : Operation 253 [1/1] (0.00ns)   --->   "%tmp_10 = bitconcatenate i9 @_ssdm_op_BitConcatenate.i9.i2.i3.i4, i2 %cx_state_q610_0_offset_read, i3 %cx_state_q610_0_offset3_read, i4 0" [H:/subband_ref_q610_opt_stage4_latency_stepL2.cpp:1913]   --->   Operation 253 'bitconcatenate' 'tmp_10' <Predicate = true> <Delay = 0.00>
ST_2 : Operation 254 [1/1] (0.00ns)   --->   "%zext_ln1913_2 = zext i9 %tmp_10" [H:/subband_ref_q610_opt_stage4_latency_stepL2.cpp:1913]   --->   Operation 254 'zext' 'zext_ln1913_2' <Predicate = true> <Delay = 0.00>
ST_2 : Operation 255 [1/1] (1.54ns)   --->   "%sub_ln1913_1 = sub i12 %tmp_9, i12 %zext_ln1913_2" [H:/subband_ref_q610_opt_stage4_latency_stepL2.cpp:1913]   --->   Operation 255 'sub' 'sub_ln1913_1' <Predicate = true> <Delay = 1.54> <CoreInst = "Adder">   --->   Core 1 'Adder' <Latency = 0> <II = 1> <Delay = 1.54> <FuncUnit> <Opcode : 'add' 'sub'> <InPorts = 2> <OutPorts = 1>
ST_2 : Operation 256 [1/1] (0.00ns)   --->   "%tmp_11 = bitconcatenate i12 @_ssdm_op_BitConcatenate.i12.i2.i3.i7, i2 %hx_state_q610_1_offset_read, i3 %hx_state_q610_1_offset2_read, i7 0" [H:/subband_ref_q610_opt_stage4_latency_stepL2.cpp:1914]   --->   Operation 256 'bitconcatenate' 'tmp_11' <Predicate = true> <Delay = 0.00>
ST_2 : Operation 257 [1/1] (0.00ns)   --->   "%tmp_12 = bitconcatenate i9 @_ssdm_op_BitConcatenate.i9.i2.i3.i4, i2 %hx_state_q610_1_offset_read, i3 %hx_state_q610_1_offset2_read, i4 0" [H:/subband_ref_q610_opt_stage4_latency_stepL2.cpp:1914]   --->   Operation 257 'bitconcatenate' 'tmp_12' <Predicate = true> <Delay = 0.00>
ST_2 : Operation 258 [1/1] (0.00ns)   --->   "%zext_ln1914 = zext i9 %tmp_12" [H:/subband_ref_q610_opt_stage4_latency_stepL2.cpp:1914]   --->   Operation 258 'zext' 'zext_ln1914' <Predicate = true> <Delay = 0.00>
ST_2 : Operation 259 [1/1] (1.54ns)   --->   "%sub_ln1914 = sub i12 %tmp_11, i12 %zext_ln1914" [H:/subband_ref_q610_opt_stage4_latency_stepL2.cpp:1914]   --->   Operation 259 'sub' 'sub_ln1914' <Predicate = true> <Delay = 1.54> <CoreInst = "Adder">   --->   Core 1 'Adder' <Latency = 0> <II = 1> <Delay = 1.54> <FuncUnit> <Opcode : 'add' 'sub'> <InPorts = 2> <OutPorts = 1>
ST_2 : Operation 260 [1/1] (0.00ns)   --->   "%tmp_13 = bitconcatenate i12 @_ssdm_op_BitConcatenate.i12.i2.i3.i7, i2 %hx_state_q610_0_offset_read, i3 %hx_state_q610_0_offset1_read, i7 0" [H:/subband_ref_q610_opt_stage4_latency_stepL2.cpp:1914]   --->   Operation 260 'bitconcatenate' 'tmp_13' <Predicate = true> <Delay = 0.00>
ST_2 : Operation 261 [1/1] (0.00ns)   --->   "%tmp_14 = bitconcatenate i9 @_ssdm_op_BitConcatenate.i9.i2.i3.i4, i2 %hx_state_q610_0_offset_read, i3 %hx_state_q610_0_offset1_read, i4 0" [H:/subband_ref_q610_opt_stage4_latency_stepL2.cpp:1914]   --->   Operation 261 'bitconcatenate' 'tmp_14' <Predicate = true> <Delay = 0.00>
ST_2 : Operation 262 [1/1] (0.00ns)   --->   "%zext_ln1914_2 = zext i9 %tmp_14" [H:/subband_ref_q610_opt_stage4_latency_stepL2.cpp:1914]   --->   Operation 262 'zext' 'zext_ln1914_2' <Predicate = true> <Delay = 0.00>
ST_2 : Operation 263 [1/1] (1.54ns)   --->   "%sub_ln1914_1 = sub i12 %tmp_13, i12 %zext_ln1914_2" [H:/subband_ref_q610_opt_stage4_latency_stepL2.cpp:1914]   --->   Operation 263 'sub' 'sub_ln1914_1' <Predicate = true> <Delay = 1.54> <CoreInst = "Adder">   --->   Core 1 'Adder' <Latency = 0> <II = 1> <Delay = 1.54> <FuncUnit> <Opcode : 'add' 'sub'> <InPorts = 2> <OutPorts = 1>
ST_2 : Operation 264 [1/1] (0.00ns)   --->   "%empty = wait i32 @_ssdm_op_Wait"   --->   Operation 264 'wait' 'empty' <Predicate = true> <Delay = 0.00>
ST_2 : Operation 265 [2/2] (3.82ns)   --->   "%call_ln1915 = call void @(anonymous namespace)RunGSUGatePhaseBand0Q610_Pipeline_VITIS_LOOP_1887_1, i16 %prev_cx_q610_1_val_read, i16 %prev_cx_q610_3_val_read, i16 %prev_cx_q610_5_val_read, i16 %prev_cx_q610_7_val_read, i16 %prev_cx_q610_9_val_read, i16 %prev_cx_q610_11_val_read, i16 %prev_cx_q610_13_val_read, i16 %prev_cx_q610_15_val_read, i16 %prev_cx_q610_17_val_read, i16 %prev_cx_q610_19_val_read, i16 %prev_cx_q610_21_val_read, i16 %prev_cx_q610_23_val_read, i16 %prev_cx_q610_25_val_read, i16 %prev_cx_q610_27_val_read, i16 %prev_cx_q610_29_val_read, i16 %prev_cx_q610_31_val_read, i16 %prev_cx_q610_33_val_read, i16 %prev_cx_q610_35_val_read, i16 %prev_cx_q610_37_val_read, i16 %prev_cx_q610_39_val_read, i16 %prev_cx_q610_41_val_read, i16 %prev_cx_q610_43_val_read, i16 %prev_cx_q610_45_val_read, i16 %prev_cx_q610_47_val_read, i16 %prev_cx_q610_49_val_read, i16 %prev_cx_q610_51_val_read, i16 %prev_cx_q610_53_val_read, i16 %prev_cx_q610_55_val_read, i16 %prev_cx_q610_57_val_read, i16 %prev_cx_q610_59_val_read, i16 %prev_cx_q610_61_val_read, i16 %prev_cx_q610_63_val_read, i16 %prev_cx_q610_65_val_read, i16 %prev_cx_q610_67_val_read, i16 %prev_cx_q610_69_val_read, i16 %prev_cx_q610_71_val_read, i16 %prev_cx_q610_73_val_read, i16 %prev_cx_q610_75_val_read, i16 %prev_cx_q610_77_val_read, i16 %prev_cx_q610_79_val_read, i16 %prev_cx_q610_81_val_read, i16 %prev_cx_q610_83_val_read, i16 %prev_cx_q610_85_val_read, i16 %prev_cx_q610_87_val_read, i16 %prev_cx_q610_89_val_read, i16 %prev_cx_q610_91_val_read, i16 %prev_cx_q610_93_val_read, i16 %prev_cx_q610_95_val_read, i16 %prev_cx_q610_97_val_read, i16 %prev_cx_q610_99_val_read, i16 %prev_cx_q610_101_val_read, i16 %prev_cx_q610_103_val_read, i16 %prev_cx_q610_105_val_read, i16 %prev_cx_q610_107_val_read, i16 %prev_cx_q610_109_val_read, i16 %prev_cx_q610_111_val_read, i16 %prev_cx_q610_113_val_read, i16 %prev_cx_q610_115_val_read, i16 %prev_cx_q610_117_val_read, i16 %prev_cx_q610_119_val_read, i16 %prev_cx_q610_121_val_read, i16 %prev_cx_q610_123_val_read, i16 %prev_cx_q610_125_val_read, i16 %prev_cx_q610_127_val_read, i16 %prev_cx_q610_129_val_read, i16 %prev_cx_q610_131_val_read, i16 %prev_cx_q610_133_val_read, i16 %prev_cx_q610_135_val_read, i16 %prev_cx_q610_137_val_read, i16 %prev_cx_q610_139_val_read, i16 %prev_cx_q610_141_val_read, i16 %prev_cx_q610_143_val_read, i16 %prev_cx_q610_145_val_read, i16 %prev_cx_q610_147_val_read, i16 %prev_cx_q610_149_val_read, i16 %prev_cx_q610_151_val_read, i16 %prev_cx_q610_153_val_read, i16 %prev_cx_q610_155_val_read, i16 %prev_cx_q610_157_val_read, i16 %prev_cx_q610_159_val_read, i16 %prev_cx_q610_161_val_read, i16 %prev_cx_q610_163_val_read, i16 %prev_cx_q610_165_val_read, i16 %prev_cx_q610_167_val_read, i16 %prev_cx_q610_169_val_read, i16 %prev_cx_q610_171_val_read, i16 %prev_cx_q610_173_val_read, i16 %prev_cx_q610_175_val_read, i16 %prev_cx_q610_177_val_read, i16 %prev_cx_q610_179_val_read, i16 %prev_cx_q610_181_val_read, i16 %prev_cx_q610_183_val_read, i16 %prev_cx_q610_185_val_read, i16 %prev_cx_q610_187_val_read, i16 %prev_cx_q610_189_val_read, i16 %prev_cx_q610_191_val_read, i16 %prev_cx_q610_193_val_read, i16 %prev_cx_q610_195_val_read, i16 %prev_cx_q610_197_val_read, i16 %prev_cx_q610_199_val_read, i16 %prev_cx_q610_201_val_read, i16 %prev_cx_q610_203_val_read, i16 %prev_cx_q610_205_val_read, i16 %prev_cx_q610_207_val_read, i16 %prev_cx_q610_209_val_read, i16 %prev_cx_q610_211_val_read, i16 %prev_cx_q610_213_val_read, i16 %prev_cx_q610_215_val_read, i16 %prev_cx_q610_217_val_read, i16 %prev_cx_q610_219_val_read, i16 %prev_cx_q610_221_val_read, i16 %prev_cx_q610_223_val_read, i16 %prev_cx_q610_0_val_read, i16 %prev_cx_q610_2_val_read, i16 %prev_cx_q610_4_val_read, i16 %prev_cx_q610_6_val_read, i16 %prev_cx_q610_8_val_read, i16 %prev_cx_q610_10_val_read, i16 %prev_cx_q610_12_val_read, i16 %prev_cx_q610_14_val_read, i16 %prev_cx_q610_16_val_read, i16 %prev_cx_q610_18_val_read, i16 %prev_cx_q610_20_val_read, i16 %prev_cx_q610_22_val_read, i16 %prev_cx_q610_24_val_read, i16 %prev_cx_q610_26_val_read, i16 %prev_cx_q610_28_val_read, i16 %prev_cx_q610_30_val_read, i16 %prev_cx_q610_32_val_read, i16 %prev_cx_q610_34_val_read, i16 %prev_cx_q610_36_val_read, i16 %prev_cx_q610_38_val_read, i16 %prev_cx_q610_40_val_read, i16 %prev_cx_q610_42_val_read, i16 %prev_cx_q610_44_val_read, i16 %prev_cx_q610_46_val_read, i16 %prev_cx_q610_48_val_read, i16 %prev_cx_q610_50_val_read, i16 %prev_cx_q610_52_val_read, i16 %prev_cx_q610_54_val_read, i16 %prev_cx_q610_56_val_read, i16 %prev_cx_q610_58_val_read, i16 %prev_cx_q610_60_val_read, i16 %prev_cx_q610_62_val_read, i16 %prev_cx_q610_64_val_read, i16 %prev_cx_q610_66_val_read, i16 %prev_cx_q610_68_val_read, i16 %prev_cx_q610_70_val_read, i16 %prev_cx_q610_72_val_read, i16 %prev_cx_q610_74_val_read, i16 %prev_cx_q610_76_val_read, i16 %prev_cx_q610_78_val_read, i16 %prev_cx_q610_80_val_read, i16 %prev_cx_q610_82_val_read, i16 %prev_cx_q610_84_val_read, i16 %prev_cx_q610_86_val_read, i16 %prev_cx_q610_88_val_read, i16 %prev_cx_q610_90_val_read, i16 %prev_cx_q610_92_val_read, i16 %prev_cx_q610_94_val_read, i16 %prev_cx_q610_96_val_read, i16 %prev_cx_q610_98_val_read, i16 %prev_cx_q610_100_val_read, i16 %prev_cx_q610_102_val_read, i16 %prev_cx_q610_104_val_read, i16 %prev_cx_q610_106_val_read, i16 %prev_cx_q610_108_val_read, i16 %prev_cx_q610_110_val_read, i16 %prev_cx_q610_112_val_read, i16 %prev_cx_q610_114_val_read, i16 %prev_cx_q610_116_val_read, i16 %prev_cx_q610_118_val_read, i16 %prev_cx_q610_120_val_read, i16 %prev_cx_q610_122_val_read, i16 %prev_cx_q610_124_val_read, i16 %prev_cx_q610_126_val_read, i16 %prev_cx_q610_128_val_read, i16 %prev_cx_q610_130_val_read, i16 %prev_cx_q610_132_val_read, i16 %prev_cx_q610_134_val_read, i16 %prev_cx_q610_136_val_read, i16 %prev_cx_q610_138_val_read, i16 %prev_cx_q610_140_val_read, i16 %prev_cx_q610_142_val_read, i16 %prev_cx_q610_144_val_read, i16 %prev_cx_q610_146_val_read, i16 %prev_cx_q610_148_val_read, i16 %prev_cx_q610_150_val_read, i16 %prev_cx_q610_152_val_read, i16 %prev_cx_q610_154_val_read, i16 %prev_cx_q610_156_val_read, i16 %prev_cx_q610_158_val_read, i16 %prev_cx_q610_160_val_read, i16 %prev_cx_q610_162_val_read, i16 %prev_cx_q610_164_val_read, i16 %prev_cx_q610_166_val_read, i16 %prev_cx_q610_168_val_read, i16 %prev_cx_q610_170_val_read, i16 %prev_cx_q610_172_val_read, i16 %prev_cx_q610_174_val_read, i16 %prev_cx_q610_176_val_read, i16 %prev_cx_q610_178_val_read, i16 %prev_cx_q610_180_val_read, i16 %prev_cx_q610_182_val_read, i16 %prev_cx_q610_184_val_read, i16 %prev_cx_q610_186_val_read, i16 %prev_cx_q610_188_val_read, i16 %prev_cx_q610_190_val_read, i16 %prev_cx_q610_192_val_read, i16 %prev_cx_q610_194_val_read, i16 %prev_cx_q610_196_val_read, i16 %prev_cx_q610_198_val_read, i16 %prev_cx_q610_200_val_read, i16 %prev_cx_q610_202_val_read, i16 %prev_cx_q610_204_val_read, i16 %prev_cx_q610_206_val_read, i16 %prev_cx_q610_208_val_read, i16 %prev_cx_q610_210_val_read, i16 %prev_cx_q610_212_val_read, i16 %prev_cx_q610_214_val_read, i16 %prev_cx_q610_216_val_read, i16 %prev_cx_q610_218_val_read, i16 %prev_cx_q610_220_val_read, i16 %prev_cx_q610_222_val_read, i16 %bn_mul_0, i16 %bn_mul_1, i16 %bn_add_0, i16 %bn_add_1, i96 %common_sum_stream, i16 %bias_ih_0, i16 %bias_ih_1, i12 %sub_ln1914_1, i16 %hx_state_q610_0, i12 %sub_ln1914, i16 %hx_state_q610_1, i12 %sub_ln1913_1, i16 %cx_state_q610_0, i12 %sub_ln1913, i16 %cx_state_q610_1, i12 %sub_ln1915_1, i16 %output_hy_q610_0, i12 %sub_ln1915, i16 %output_hy_q610_1, i14 %subband_q610_anonymous_namespace_kSigmoidPwlKnotsQ610, i11 %subband_q610_anonymous_namespace_kSigmoidPwlValuesQ610" [H:/subband_ref_q610_opt_stage4_latency_stepL2.cpp:1915]   --->   Operation 265 'call' 'call_ln1915' <Predicate = true> <Delay = 3.82> <CoreType = "Generic">   --->   Core 0 '' <Latency = 0> <II = 1> <Delay = 1.00> <Generic> <Opcode : >

State 3 <SV = 2> <Delay = 0.00>
ST_3 : Operation 266 [1/1] (0.00ns)   --->   "%specmemcore_ln0 = specmemcore void @_ssdm_op_SpecMemCore, i16 %output_hy_q610_0, i64 666, i64 22, i64 18446744073709551615"   --->   Operation 266 'specmemcore' 'specmemcore_ln0' <Predicate = true> <Delay = 0.00>
ST_3 : Operation 267 [1/1] (0.00ns)   --->   "%specmemcore_ln0 = specmemcore void @_ssdm_op_SpecMemCore, i16 %output_hy_q610_1, i64 666, i64 22, i64 18446744073709551615"   --->   Operation 267 'specmemcore' 'specmemcore_ln0' <Predicate = true> <Delay = 0.00>
ST_3 : Operation 268 [1/1] (0.00ns)   --->   "%specmemcore_ln0 = specmemcore void @_ssdm_op_SpecMemCore, i16 %cx_state_q610_0, i64 666, i64 22, i64 18446744073709551615"   --->   Operation 268 'specmemcore' 'specmemcore_ln0' <Predicate = true> <Delay = 0.00>
ST_3 : Operation 269 [1/1] (0.00ns)   --->   "%specmemcore_ln0 = specmemcore void @_ssdm_op_SpecMemCore, i16 %cx_state_q610_1, i64 666, i64 22, i64 18446744073709551615"   --->   Operation 269 'specmemcore' 'specmemcore_ln0' <Predicate = true> <Delay = 0.00>
ST_3 : Operation 270 [1/1] (0.00ns)   --->   "%specmemcore_ln0 = specmemcore void @_ssdm_op_SpecMemCore, i16 %hx_state_q610_0, i64 666, i64 22, i64 18446744073709551615"   --->   Operation 270 'specmemcore' 'specmemcore_ln0' <Predicate = true> <Delay = 0.00>
ST_3 : Operation 271 [1/1] (0.00ns)   --->   "%specmemcore_ln0 = specmemcore void @_ssdm_op_SpecMemCore, i16 %hx_state_q610_1, i64 666, i64 22, i64 18446744073709551615"   --->   Operation 271 'specmemcore' 'specmemcore_ln0' <Predicate = true> <Delay = 0.00>
ST_3 : Operation 272 [1/1] (0.00ns)   --->   "%specinterface_ln0 = specinterface void @_ssdm_op_SpecInterface, i96 %common_sum_stream, void @empty_151, i32 0, i32 0, void @empty_136, i32 0, i32 0, void @empty_136, void @empty_136, void @empty_136, i32 0, i32 0, i32 0, i32 0, void @empty_136, void @empty_136, i32 4294967295, i32 0"   --->   Operation 272 'specinterface' 'specinterface_ln0' <Predicate = true> <Delay = 0.00>
ST_3 : Operation 273 [1/2] (0.00ns)   --->   "%call_ln1915 = call void @(anonymous namespace)RunGSUGatePhaseBand0Q610_Pipeline_VITIS_LOOP_1887_1, i16 %prev_cx_q610_1_val_read, i16 %prev_cx_q610_3_val_read, i16 %prev_cx_q610_5_val_read, i16 %prev_cx_q610_7_val_read, i16 %prev_cx_q610_9_val_read, i16 %prev_cx_q610_11_val_read, i16 %prev_cx_q610_13_val_read, i16 %prev_cx_q610_15_val_read, i16 %prev_cx_q610_17_val_read, i16 %prev_cx_q610_19_val_read, i16 %prev_cx_q610_21_val_read, i16 %prev_cx_q610_23_val_read, i16 %prev_cx_q610_25_val_read, i16 %prev_cx_q610_27_val_read, i16 %prev_cx_q610_29_val_read, i16 %prev_cx_q610_31_val_read, i16 %prev_cx_q610_33_val_read, i16 %prev_cx_q610_35_val_read, i16 %prev_cx_q610_37_val_read, i16 %prev_cx_q610_39_val_read, i16 %prev_cx_q610_41_val_read, i16 %prev_cx_q610_43_val_read, i16 %prev_cx_q610_45_val_read, i16 %prev_cx_q610_47_val_read, i16 %prev_cx_q610_49_val_read, i16 %prev_cx_q610_51_val_read, i16 %prev_cx_q610_53_val_read, i16 %prev_cx_q610_55_val_read, i16 %prev_cx_q610_57_val_read, i16 %prev_cx_q610_59_val_read, i16 %prev_cx_q610_61_val_read, i16 %prev_cx_q610_63_val_read, i16 %prev_cx_q610_65_val_read, i16 %prev_cx_q610_67_val_read, i16 %prev_cx_q610_69_val_read, i16 %prev_cx_q610_71_val_read, i16 %prev_cx_q610_73_val_read, i16 %prev_cx_q610_75_val_read, i16 %prev_cx_q610_77_val_read, i16 %prev_cx_q610_79_val_read, i16 %prev_cx_q610_81_val_read, i16 %prev_cx_q610_83_val_read, i16 %prev_cx_q610_85_val_read, i16 %prev_cx_q610_87_val_read, i16 %prev_cx_q610_89_val_read, i16 %prev_cx_q610_91_val_read, i16 %prev_cx_q610_93_val_read, i16 %prev_cx_q610_95_val_read, i16 %prev_cx_q610_97_val_read, i16 %prev_cx_q610_99_val_read, i16 %prev_cx_q610_101_val_read, i16 %prev_cx_q610_103_val_read, i16 %prev_cx_q610_105_val_read, i16 %prev_cx_q610_107_val_read, i16 %prev_cx_q610_109_val_read, i16 %prev_cx_q610_111_val_read, i16 %prev_cx_q610_113_val_read, i16 %prev_cx_q610_115_val_read, i16 %prev_cx_q610_117_val_read, i16 %prev_cx_q610_119_val_read, i16 %prev_cx_q610_121_val_read, i16 %prev_cx_q610_123_val_read, i16 %prev_cx_q610_125_val_read, i16 %prev_cx_q610_127_val_read, i16 %prev_cx_q610_129_val_read, i16 %prev_cx_q610_131_val_read, i16 %prev_cx_q610_133_val_read, i16 %prev_cx_q610_135_val_read, i16 %prev_cx_q610_137_val_read, i16 %prev_cx_q610_139_val_read, i16 %prev_cx_q610_141_val_read, i16 %prev_cx_q610_143_val_read, i16 %prev_cx_q610_145_val_read, i16 %prev_cx_q610_147_val_read, i16 %prev_cx_q610_149_val_read, i16 %prev_cx_q610_151_val_read, i16 %prev_cx_q610_153_val_read, i16 %prev_cx_q610_155_val_read, i16 %prev_cx_q610_157_val_read, i16 %prev_cx_q610_159_val_read, i16 %prev_cx_q610_161_val_read, i16 %prev_cx_q610_163_val_read, i16 %prev_cx_q610_165_val_read, i16 %prev_cx_q610_167_val_read, i16 %prev_cx_q610_169_val_read, i16 %prev_cx_q610_171_val_read, i16 %prev_cx_q610_173_val_read, i16 %prev_cx_q610_175_val_read, i16 %prev_cx_q610_177_val_read, i16 %prev_cx_q610_179_val_read, i16 %prev_cx_q610_181_val_read, i16 %prev_cx_q610_183_val_read, i16 %prev_cx_q610_185_val_read, i16 %prev_cx_q610_187_val_read, i16 %prev_cx_q610_189_val_read, i16 %prev_cx_q610_191_val_read, i16 %prev_cx_q610_193_val_read, i16 %prev_cx_q610_195_val_read, i16 %prev_cx_q610_197_val_read, i16 %prev_cx_q610_199_val_read, i16 %prev_cx_q610_201_val_read, i16 %prev_cx_q610_203_val_read, i16 %prev_cx_q610_205_val_read, i16 %prev_cx_q610_207_val_read, i16 %prev_cx_q610_209_val_read, i16 %prev_cx_q610_211_val_read, i16 %prev_cx_q610_213_val_read, i16 %prev_cx_q610_215_val_read, i16 %prev_cx_q610_217_val_read, i16 %prev_cx_q610_219_val_read, i16 %prev_cx_q610_221_val_read, i16 %prev_cx_q610_223_val_read, i16 %prev_cx_q610_0_val_read, i16 %prev_cx_q610_2_val_read, i16 %prev_cx_q610_4_val_read, i16 %prev_cx_q610_6_val_read, i16 %prev_cx_q610_8_val_read, i16 %prev_cx_q610_10_val_read, i16 %prev_cx_q610_12_val_read, i16 %prev_cx_q610_14_val_read, i16 %prev_cx_q610_16_val_read, i16 %prev_cx_q610_18_val_read, i16 %prev_cx_q610_20_val_read, i16 %prev_cx_q610_22_val_read, i16 %prev_cx_q610_24_val_read, i16 %prev_cx_q610_26_val_read, i16 %prev_cx_q610_28_val_read, i16 %prev_cx_q610_30_val_read, i16 %prev_cx_q610_32_val_read, i16 %prev_cx_q610_34_val_read, i16 %prev_cx_q610_36_val_read, i16 %prev_cx_q610_38_val_read, i16 %prev_cx_q610_40_val_read, i16 %prev_cx_q610_42_val_read, i16 %prev_cx_q610_44_val_read, i16 %prev_cx_q610_46_val_read, i16 %prev_cx_q610_48_val_read, i16 %prev_cx_q610_50_val_read, i16 %prev_cx_q610_52_val_read, i16 %prev_cx_q610_54_val_read, i16 %prev_cx_q610_56_val_read, i16 %prev_cx_q610_58_val_read, i16 %prev_cx_q610_60_val_read, i16 %prev_cx_q610_62_val_read, i16 %prev_cx_q610_64_val_read, i16 %prev_cx_q610_66_val_read, i16 %prev_cx_q610_68_val_read, i16 %prev_cx_q610_70_val_read, i16 %prev_cx_q610_72_val_read, i16 %prev_cx_q610_74_val_read, i16 %prev_cx_q610_76_val_read, i16 %prev_cx_q610_78_val_read, i16 %prev_cx_q610_80_val_read, i16 %prev_cx_q610_82_val_read, i16 %prev_cx_q610_84_val_read, i16 %prev_cx_q610_86_val_read, i16 %prev_cx_q610_88_val_read, i16 %prev_cx_q610_90_val_read, i16 %prev_cx_q610_92_val_read, i16 %prev_cx_q610_94_val_read, i16 %prev_cx_q610_96_val_read, i16 %prev_cx_q610_98_val_read, i16 %prev_cx_q610_100_val_read, i16 %prev_cx_q610_102_val_read, i16 %prev_cx_q610_104_val_read, i16 %prev_cx_q610_106_val_read, i16 %prev_cx_q610_108_val_read, i16 %prev_cx_q610_110_val_read, i16 %prev_cx_q610_112_val_read, i16 %prev_cx_q610_114_val_read, i16 %prev_cx_q610_116_val_read, i16 %prev_cx_q610_118_val_read, i16 %prev_cx_q610_120_val_read, i16 %prev_cx_q610_122_val_read, i16 %prev_cx_q610_124_val_read, i16 %prev_cx_q610_126_val_read, i16 %prev_cx_q610_128_val_read, i16 %prev_cx_q610_130_val_read, i16 %prev_cx_q610_132_val_read, i16 %prev_cx_q610_134_val_read, i16 %prev_cx_q610_136_val_read, i16 %prev_cx_q610_138_val_read, i16 %prev_cx_q610_140_val_read, i16 %prev_cx_q610_142_val_read, i16 %prev_cx_q610_144_val_read, i16 %prev_cx_q610_146_val_read, i16 %prev_cx_q610_148_val_read, i16 %prev_cx_q610_150_val_read, i16 %prev_cx_q610_152_val_read, i16 %prev_cx_q610_154_val_read, i16 %prev_cx_q610_156_val_read, i16 %prev_cx_q610_158_val_read, i16 %prev_cx_q610_160_val_read, i16 %prev_cx_q610_162_val_read, i16 %prev_cx_q610_164_val_read, i16 %prev_cx_q610_166_val_read, i16 %prev_cx_q610_168_val_read, i16 %prev_cx_q610_170_val_read, i16 %prev_cx_q610_172_val_read, i16 %prev_cx_q610_174_val_read, i16 %prev_cx_q610_176_val_read, i16 %prev_cx_q610_178_val_read, i16 %prev_cx_q610_180_val_read, i16 %prev_cx_q610_182_val_read, i16 %prev_cx_q610_184_val_read, i16 %prev_cx_q610_186_val_read, i16 %prev_cx_q610_188_val_read, i16 %prev_cx_q610_190_val_read, i16 %prev_cx_q610_192_val_read, i16 %prev_cx_q610_194_val_read, i16 %prev_cx_q610_196_val_read, i16 %prev_cx_q610_198_val_read, i16 %prev_cx_q610_200_val_read, i16 %prev_cx_q610_202_val_read, i16 %prev_cx_q610_204_val_read, i16 %prev_cx_q610_206_val_read, i16 %prev_cx_q610_208_val_read, i16 %prev_cx_q610_210_val_read, i16 %prev_cx_q610_212_val_read, i16 %prev_cx_q610_214_val_read, i16 %prev_cx_q610_216_val_read, i16 %prev_cx_q610_218_val_read, i16 %prev_cx_q610_220_val_read, i16 %prev_cx_q610_222_val_read, i16 %bn_mul_0, i16 %bn_mul_1, i16 %bn_add_0, i16 %bn_add_1, i96 %common_sum_stream, i16 %bias_ih_0, i16 %bias_ih_1, i12 %sub_ln1914_1, i16 %hx_state_q610_0, i12 %sub_ln1914, i16 %hx_state_q610_1, i12 %sub_ln1913_1, i16 %cx_state_q610_0, i12 %sub_ln1913, i16 %cx_state_q610_1, i12 %sub_ln1915_1, i16 %output_hy_q610_0, i12 %sub_ln1915, i16 %output_hy_q610_1, i14 %subband_q610_anonymous_namespace_kSigmoidPwlKnotsQ610, i11 %subband_q610_anonymous_namespace_kSigmoidPwlValuesQ610" [H:/subband_ref_q610_opt_stage4_latency_stepL2.cpp:1915]   --->   Operation 273 'call' 'call_ln1915' <Predicate = true> <Delay = 0.00> <CoreType = "Generic">   --->   Core 0 '' <Latency = 0> <II = 1> <Delay = 1.00> <Generic> <Opcode : >
ST_3 : Operation 274 [1/1] (0.00ns)   --->   "%ret_ln1918 = ret" [H:/subband_ref_q610_opt_stage4_latency_stepL2.cpp:1918]   --->   Operation 274 'ret' 'ret_ln1918' <Predicate = true> <Delay = 0.00>


============================================================
+ Verbose Summary: Timing violations
============================================================
Target clock period: 10.000ns, clock uncertainty: 2.700ns.

 <State 1>: 0.000ns
The critical path consists of the following:

 <State 2>: 5.375ns
The critical path consists of the following:
	'sub' operation 12 bit ('sub_ln1915', H:/subband_ref_q610_opt_stage4_latency_stepL2.cpp:1915) [491]  (1.547 ns)
	'call' operation 0 bit ('call_ln1915', H:/subband_ref_q610_opt_stage4_latency_stepL2.cpp:1915) to '(anonymous namespace)RunGSUGatePhaseBand0Q610_Pipeline_VITIS_LOOP_1887_1' [520]  (3.828 ns)

 <State 3>: 0.000ns
The critical path consists of the following:


============================================================
+ Verbose Summary: Binding
============================================================
N/A
* FSMD analyzer results:
  - Output states:
 - Input state : 
  - Chain level:
	State 1
	State 2
	State 3


============================================================
+ Verbose Summary: Datapath Resource usage 
============================================================
N/A
