

================================================================
== Vitis HLS Report for 'p_anonymous_namespace_LoadRealtimeGSULayerWeightsQ610_Pipeline_VITIS_LOOP_2555_9_s'
================================================================
* Date:           Thu May 14 12:26:59 2026

* Version:        2023.2 (Build 4023990 on Oct 11 2023)
* Project:        subband_q610_realtime_hls
* Solution:       solution1 (Vivado IP Flow Target)
* Product family: zynq
* Target device:  xc7z020-clg400-1


================================================================
== Performance Estimates
================================================================
+ Timing: 
    * Summary: 
    +--------+----------+----------+------------+
    |  Clock |  Target  | Estimated| Uncertainty|
    +--------+----------+----------+------------+
    |ap_clk  |  10.00 ns|  8.254 ns|     2.70 ns|
    +--------+----------+----------+------------+

+ Latency: 
    * Summary: 
    +---------+---------+----------+----------+-----+-----+---------+
    |  Latency (cycles) |  Latency (absolute) |  Interval | Pipeline|
    |   min   |   max   |    min   |    max   | min | max |   Type  |
    +---------+---------+----------+----------+-----+-----+---------+
    |      125|      125|  1.250 us|  1.250 us|  125|  125|       no|
    +---------+---------+----------+----------+-----+-----+---------+

    + Detail: 
        * Instance: 
        N/A

        * Loop: 
        +----------------------------------------+---------+---------+----------+-----------+-----------+------+----------+
        |                                        |  Latency (cycles) | Iteration|  Initiation Interval  | Trip |          |
        |                Loop Name               |   min   |   max   |  Latency |  achieved |   target  | Count| Pipelined|
        +----------------------------------------+---------+---------+----------+-----------+-----------+------+----------+
        |- VITIS_LOOP_2555_9_VITIS_LOOP_2556_10  |      123|      123|        16|          4|          1|    28|       yes|
        +----------------------------------------+---------+---------+----------+-----------+-----------+------+----------+

============================================================
+ Verbose Summary: Synthesis Manager
============================================================
InlineROM: 1
ExposeGlobal: 0
============================================================
+ Verbose Summary: CDFG Model
============================================================
IsTopModel: 0
ResetActiveHigh: 1
IsCombinational: 0
IsDatapathOnly: 0
HasWiredReturn: 1
HasMFsm: 2
HasVarLatency: 1
IsPipeline: 0
IsRtlPipelined: 0
IsInstanceOverlapped: 0
IsDontTouch: 0
HasImplIP: 0
IsGatedGlobalClock: 0

+ Individual pipeline summary: 
  * Pipeline-0: initiation interval (II) = 4, depth = 16


============================================================
+ Verbose Summary: Schedule
============================================================
* Number of FSM states : 16
* Pipeline : 1
  Pipeline-0 : II = 4, D = 16, States = { 1 2 3 4 5 6 7 8 9 10 11 12 13 14 15 16 }
* Dataflow Pipeline: 0

* FSM state transitions: 
1 --> 2 
2 --> 3 
3 --> 4 
4 --> 5 
5 --> 6 
6 --> 7 
7 --> 8 
8 --> 9 
9 --> 10 
10 --> 11 
11 --> 12 
12 --> 13 
13 --> 14 
14 --> 15 
15 --> 16 
16 --> 

* FSM state operations: 

State 1 <SV = 0> <Delay = 8.25>
ST_1 : Operation 19 [1/1] (0.00ns)   --->   "%hidden_base_1 = alloca i32 1" [H:/subband_ref_q610_opt_stage4_latency_stepL2.cpp:2556]   --->   Operation 19 'alloca' 'hidden_base_1' <Predicate = true> <Delay = 0.00>
ST_1 : Operation 20 [1/1] (0.00ns)   --->   "%gate_index = alloca i32 1" [H:/subband_ref_q610_opt_stage4_latency_stepL2.cpp:2555]   --->   Operation 20 'alloca' 'gate_index' <Predicate = true> <Delay = 0.00>
ST_1 : Operation 21 [1/1] (0.00ns)   --->   "%indvar_flatten13 = alloca i32 1"   --->   Operation 21 'alloca' 'indvar_flatten13' <Predicate = true> <Delay = 0.00>
ST_1 : Operation 22 [1/1] (0.00ns)   --->   "%specinterface_ln0 = specinterface void @_ssdm_op_SpecInterface, i256 %weights, void @empty_135, i32 0, i32 0, void @empty_136, i32 0, i32 43031, void @empty_137, void @empty_138, void @empty_136, i32 1, i32 1, i32 16, i32 16, void @empty_136, void @empty_136, i32 4294967295, i32 0"   --->   Operation 22 'specinterface' 'specinterface_ln0' <Predicate = true> <Delay = 0.00>
ST_1 : Operation 23 [1/1] (0.00ns)   --->   "%weights_q610_read = read i32 @_ssdm_op_Read.ap_auto.i32, i32 %weights_q610"   --->   Operation 23 'read' 'weights_q610_read' <Predicate = true> <Delay = 0.00>
ST_1 : Operation 24 [1/1] (0.00ns)   --->   "%weight_offset_read21 = read i32 @_ssdm_op_Read.ap_auto.i32, i32 %weight_offset_read"   --->   Operation 24 'read' 'weight_offset_read21' <Predicate = true> <Delay = 0.00>
ST_1 : Operation 25 [1/1] (1.58ns)   --->   "%store_ln0 = store i5 0, i5 %indvar_flatten13"   --->   Operation 25 'store' 'store_ln0' <Predicate = true> <Delay = 1.58>
ST_1 : Operation 26 [1/1] (1.58ns)   --->   "%store_ln2555 = store i2 0, i2 %gate_index" [H:/subband_ref_q610_opt_stage4_latency_stepL2.cpp:2555]   --->   Operation 26 'store' 'store_ln2555' <Predicate = true> <Delay = 1.58>
ST_1 : Operation 27 [1/1] (1.58ns)   --->   "%store_ln2556 = store i8 0, i8 %hidden_base_1" [H:/subband_ref_q610_opt_stage4_latency_stepL2.cpp:2556]   --->   Operation 27 'store' 'store_ln2556' <Predicate = true> <Delay = 1.58>
ST_1 : Operation 28 [1/1] (0.00ns)   --->   "%br_ln0 = br void %VITIS_LOOP_2560_11"   --->   Operation 28 'br' 'br_ln0' <Predicate = true> <Delay = 0.00>
ST_1 : Operation 29 [1/1] (0.00ns)   --->   "%indvar_flatten13_load = load i5 %indvar_flatten13" [H:/subband_ref_q610_opt_stage4_latency_stepL2.cpp:2555]   --->   Operation 29 'load' 'indvar_flatten13_load' <Predicate = true> <Delay = 0.00>
ST_1 : Operation 30 [1/1] (1.78ns)   --->   "%icmp_ln2555 = icmp_eq  i5 %indvar_flatten13_load, i5 28" [H:/subband_ref_q610_opt_stage4_latency_stepL2.cpp:2555]   --->   Operation 30 'icmp' 'icmp_ln2555' <Predicate = true> <Delay = 1.78> <CoreInst = "Cmp">   --->   Core 9 'Cmp' <Latency = 0> <II = 1> <Delay = 1.78> <FuncUnit> <Opcode : 'icmp'> <InPorts = 2> <OutPorts = 1>
ST_1 : Operation 31 [1/1] (1.78ns)   --->   "%add_ln2555_1 = add i5 %indvar_flatten13_load, i5 1" [H:/subband_ref_q610_opt_stage4_latency_stepL2.cpp:2555]   --->   Operation 31 'add' 'add_ln2555_1' <Predicate = true> <Delay = 1.78> <CoreInst = "Adder">   --->   Core 1 'Adder' <Latency = 0> <II = 1> <Delay = 1.78> <FuncUnit> <Opcode : 'add' 'sub'> <InPorts = 2> <OutPorts = 1>
ST_1 : Operation 32 [1/1] (0.00ns)   --->   "%br_ln2555 = br i1 %icmp_ln2555, void %for.inc136, void %VITIS_LOOP_2572_13.preheader.exitStub" [H:/subband_ref_q610_opt_stage4_latency_stepL2.cpp:2555]   --->   Operation 32 'br' 'br_ln2555' <Predicate = true> <Delay = 0.00>
ST_1 : Operation 33 [1/1] (0.00ns)   --->   "%hidden_base_1_load = load i8 %hidden_base_1" [H:/subband_ref_q610_opt_stage4_latency_stepL2.cpp:2556]   --->   Operation 33 'load' 'hidden_base_1_load' <Predicate = (!icmp_ln2555)> <Delay = 0.00>
ST_1 : Operation 34 [1/1] (0.00ns)   --->   "%gate_index_load = load i2 %gate_index" [H:/subband_ref_q610_opt_stage4_latency_stepL2.cpp:2555]   --->   Operation 34 'load' 'gate_index_load' <Predicate = (!icmp_ln2555)> <Delay = 0.00>
ST_1 : Operation 35 [1/1] (1.56ns)   --->   "%add_ln2555 = add i2 %gate_index_load, i2 1" [H:/subband_ref_q610_opt_stage4_latency_stepL2.cpp:2555]   --->   Operation 35 'add' 'add_ln2555' <Predicate = (!icmp_ln2555)> <Delay = 1.56> <CoreInst = "Adder">   --->   Core 1 'Adder' <Latency = 0> <II = 1> <Delay = 1.56> <FuncUnit> <Opcode : 'add' 'sub'> <InPorts = 2> <OutPorts = 1>
ST_1 : Operation 36 [1/1] (1.91ns)   --->   "%icmp_ln2556 = icmp_ult  i8 %hidden_base_1_load, i8 224" [H:/subband_ref_q610_opt_stage4_latency_stepL2.cpp:2556]   --->   Operation 36 'icmp' 'icmp_ln2556' <Predicate = (!icmp_ln2555)> <Delay = 1.91> <CoreInst = "Cmp">   --->   Core 9 'Cmp' <Latency = 0> <II = 1> <Delay = 1.91> <FuncUnit> <Opcode : 'icmp'> <InPorts = 2> <OutPorts = 1>
ST_1 : Operation 37 [1/1] (1.24ns)   --->   "%select_ln2555 = select i1 %icmp_ln2556, i8 %hidden_base_1_load, i8 0" [H:/subband_ref_q610_opt_stage4_latency_stepL2.cpp:2555]   --->   Operation 37 'select' 'select_ln2555' <Predicate = (!icmp_ln2555)> <Delay = 1.24> <CoreInst = "Sel">   --->   Core 73 'Sel' <Latency = 0> <II = 1> <Delay = 1.24> <FuncUnit> <Opcode : 'select'> <InPorts = 3> <OutPorts = 1>
ST_1 : Operation 38 [1/1] (0.99ns)   --->   "%select_ln2555_1 = select i1 %icmp_ln2556, i2 %gate_index_load, i2 %add_ln2555" [H:/subband_ref_q610_opt_stage4_latency_stepL2.cpp:2555]   --->   Operation 38 'select' 'select_ln2555_1' <Predicate = (!icmp_ln2555)> <Delay = 0.99> <CoreInst = "Sel">   --->   Core 73 'Sel' <Latency = 0> <II = 1> <Delay = 0.99> <FuncUnit> <Opcode : 'select'> <InPorts = 3> <OutPorts = 1>
ST_1 : Operation 39 [1/1] (0.00ns)   --->   "%empty = trunc i2 %select_ln2555_1" [H:/subband_ref_q610_opt_stage4_latency_stepL2.cpp:2555]   --->   Operation 39 'trunc' 'empty' <Predicate = (!icmp_ln2555)> <Delay = 0.00>
ST_1 : Operation 40 [1/1] (0.00ns)   --->   "%p_shl4 = bitconcatenate i9 @_ssdm_op_BitConcatenate.i9.i1.i8, i1 %empty, i8 0" [H:/subband_ref_q610_opt_stage4_latency_stepL2.cpp:2555]   --->   Operation 40 'bitconcatenate' 'p_shl4' <Predicate = (!icmp_ln2555)> <Delay = 0.00>
ST_1 : Operation 41 [1/1] (0.00ns)   --->   "%p_shl30_cast = zext i9 %p_shl4" [H:/subband_ref_q610_opt_stage4_latency_stepL2.cpp:2555]   --->   Operation 41 'zext' 'p_shl30_cast' <Predicate = (!icmp_ln2555)> <Delay = 0.00>
ST_1 : Operation 42 [1/1] (0.00ns)   --->   "%p_shl5 = bitconcatenate i6 @_ssdm_op_BitConcatenate.i6.i1.i5, i1 %empty, i5 0" [H:/subband_ref_q610_opt_stage4_latency_stepL2.cpp:2555]   --->   Operation 42 'bitconcatenate' 'p_shl5' <Predicate = (!icmp_ln2555)> <Delay = 0.00>
ST_1 : Operation 43 [1/1] (0.00ns)   --->   "%p_shl31_cast = zext i6 %p_shl5" [H:/subband_ref_q610_opt_stage4_latency_stepL2.cpp:2555]   --->   Operation 43 'zext' 'p_shl31_cast' <Predicate = (!icmp_ln2555)> <Delay = 0.00>
ST_1 : Operation 44 [1/1] (1.82ns)   --->   "%empty_644 = sub i10 %p_shl30_cast, i10 %p_shl31_cast" [H:/subband_ref_q610_opt_stage4_latency_stepL2.cpp:2555]   --->   Operation 44 'sub' 'empty_644' <Predicate = (!icmp_ln2555)> <Delay = 1.82> <CoreInst = "Adder">   --->   Core 1 'Adder' <Latency = 0> <II = 1> <Delay = 1.82> <FuncUnit> <Opcode : 'add' 'sub'> <InPorts = 2> <OutPorts = 1>
ST_1 : Operation 45 [1/1] (0.00ns)   --->   "%lshr_ln7 = partselect i7 @_ssdm_op_PartSelect.i7.i8.i32.i32, i8 %select_ln2555, i32 1, i32 7" [H:/subband_ref_q610_opt_stage4_latency_stepL2.cpp:2556]   --->   Operation 45 'partselect' 'lshr_ln7' <Predicate = (!icmp_ln2555)> <Delay = 0.00>
ST_1 : Operation 46 [1/1] (1.91ns)   --->   "%add_ln2556 = add i8 %select_ln2555, i8 16" [H:/subband_ref_q610_opt_stage4_latency_stepL2.cpp:2556]   --->   Operation 46 'add' 'add_ln2556' <Predicate = (!icmp_ln2555)> <Delay = 1.91> <CoreInst = "Adder">   --->   Core 1 'Adder' <Latency = 0> <II = 1> <Delay = 1.91> <FuncUnit> <Opcode : 'add' 'sub'> <InPorts = 2> <OutPorts = 1>
ST_1 : Operation 47 [1/1] (1.58ns)   --->   "%store_ln2555 = store i5 %add_ln2555_1, i5 %indvar_flatten13" [H:/subband_ref_q610_opt_stage4_latency_stepL2.cpp:2555]   --->   Operation 47 'store' 'store_ln2555' <Predicate = (!icmp_ln2555)> <Delay = 1.58>
ST_1 : Operation 48 [1/1] (1.58ns)   --->   "%store_ln2555 = store i2 %select_ln2555_1, i2 %gate_index" [H:/subband_ref_q610_opt_stage4_latency_stepL2.cpp:2555]   --->   Operation 48 'store' 'store_ln2555' <Predicate = (!icmp_ln2555)> <Delay = 1.58>
ST_1 : Operation 49 [1/1] (1.58ns)   --->   "%store_ln2556 = store i8 %add_ln2556, i8 %hidden_base_1" [H:/subband_ref_q610_opt_stage4_latency_stepL2.cpp:2556]   --->   Operation 49 'store' 'store_ln2556' <Predicate = (!icmp_ln2555)> <Delay = 1.58>

State 2 <SV = 1> <Delay = 6.89>
ST_2 : Operation 50 [1/1] (0.00ns)   --->   "%p_cast22 = sext i10 %empty_644" [H:/subband_ref_q610_opt_stage4_latency_stepL2.cpp:2555]   --->   Operation 50 'sext' 'p_cast22' <Predicate = (!icmp_ln2555)> <Delay = 0.00>
ST_2 : Operation 51 [1/1] (0.00ns) (grouped into TernaryAdder)   --->   "%add_ln2373 = add i32 %p_cast22, i32 %weight_offset_read21" [H:/subband_ref_q610_opt_stage4_latency_stepL2.cpp:2373->H:/subband_ref_q610_opt_stage4_latency_stepL2.cpp:2559]   --->   Operation 51 'add' 'add_ln2373' <Predicate = (!icmp_ln2555)> <Delay = 0.00> <CoreInst = "TAddSub">   --->   Core 10 'TAddSub' <Latency = 0> <II = 1> <Delay = 2.18> <IPBlock> <Opcode : '' 'add' 'sub'> <InPorts = 3> <OutPorts = 1> <Sync> <CReg>
ST_2 : Operation 52 [1/1] (0.00ns)   --->   "%or_ln2373_1 = bitconcatenate i16 @_ssdm_op_BitConcatenate.i16.i8.i8, i8 136, i8 %select_ln2555" [H:/subband_ref_q610_opt_stage4_latency_stepL2.cpp:2373->H:/subband_ref_q610_opt_stage4_latency_stepL2.cpp:2559]   --->   Operation 52 'bitconcatenate' 'or_ln2373_1' <Predicate = (!icmp_ln2555)> <Delay = 0.00>
ST_2 : Operation 53 [1/1] (0.00ns)   --->   "%sext_ln2373 = sext i16 %or_ln2373_1" [H:/subband_ref_q610_opt_stage4_latency_stepL2.cpp:2373->H:/subband_ref_q610_opt_stage4_latency_stepL2.cpp:2559]   --->   Operation 53 'sext' 'sext_ln2373' <Predicate = (!icmp_ln2555)> <Delay = 0.00>
ST_2 : Operation 54 [1/1] (0.00ns)   --->   "%zext_ln2373 = zext i17 %sext_ln2373" [H:/subband_ref_q610_opt_stage4_latency_stepL2.cpp:2373->H:/subband_ref_q610_opt_stage4_latency_stepL2.cpp:2559]   --->   Operation 54 'zext' 'zext_ln2373' <Predicate = (!icmp_ln2555)> <Delay = 0.00>
ST_2 : Operation 55 [1/1] (4.37ns) (root node of TernaryAdder)   --->   "%add_ln2373_4 = add i32 %zext_ln2373, i32 %add_ln2373" [H:/subband_ref_q610_opt_stage4_latency_stepL2.cpp:2373->H:/subband_ref_q610_opt_stage4_latency_stepL2.cpp:2559]   --->   Operation 55 'add' 'add_ln2373_4' <Predicate = (!icmp_ln2555)> <Delay = 4.37> <CoreInst = "TAddSub">   --->   Core 10 'TAddSub' <Latency = 0> <II = 1> <Delay = 2.18> <IPBlock> <Opcode : '' 'add' 'sub'> <InPorts = 3> <OutPorts = 1> <Sync> <CReg>
ST_2 : Operation 56 [1/1] (0.00ns)   --->   "%trunc_ln2373 = trunc i32 %add_ln2373_4" [H:/subband_ref_q610_opt_stage4_latency_stepL2.cpp:2373->H:/subband_ref_q610_opt_stage4_latency_stepL2.cpp:2559]   --->   Operation 56 'trunc' 'trunc_ln2373' <Predicate = (!icmp_ln2555)> <Delay = 0.00>
ST_2 : Operation 57 [1/1] (2.52ns)   --->   "%sub_ln2373 = sub i31 0, i31 %trunc_ln2373" [H:/subband_ref_q610_opt_stage4_latency_stepL2.cpp:2373->H:/subband_ref_q610_opt_stage4_latency_stepL2.cpp:2559]   --->   Operation 57 'sub' 'sub_ln2373' <Predicate = (!icmp_ln2555)> <Delay = 2.52> <CoreInst = "Adder">   --->   Core 1 'Adder' <Latency = 0> <II = 1> <Delay = 2.52> <FuncUnit> <Opcode : 'add' 'sub'> <InPorts = 2> <OutPorts = 1>
ST_2 : Operation 58 [1/1] (0.00ns)   --->   "%trunc_ln2373_s = partselect i27 @_ssdm_op_PartSelect.i27.i31.i32.i32, i31 %sub_ln2373, i32 4, i32 30" [H:/subband_ref_q610_opt_stage4_latency_stepL2.cpp:2373->H:/subband_ref_q610_opt_stage4_latency_stepL2.cpp:2559]   --->   Operation 58 'partselect' 'trunc_ln2373_s' <Predicate = (!icmp_ln2555)> <Delay = 0.00>

State 3 <SV = 2> <Delay = 4.95>
ST_3 : Operation 59 [1/1] (0.00ns) (grouped into LUT with out node add_ln2559)   --->   "%tmp = bitselect i1 @_ssdm_op_BitSelect.i1.i32.i32, i32 %add_ln2373_4, i32 31" [H:/subband_ref_q610_opt_stage4_latency_stepL2.cpp:2373->H:/subband_ref_q610_opt_stage4_latency_stepL2.cpp:2559]   --->   Operation 59 'bitselect' 'tmp' <Predicate = (!icmp_ln2555)> <Delay = 0.00>
ST_3 : Operation 60 [1/1] (2.40ns)   --->   "%sub_ln2373_7 = sub i27 0, i27 %trunc_ln2373_s" [H:/subband_ref_q610_opt_stage4_latency_stepL2.cpp:2373->H:/subband_ref_q610_opt_stage4_latency_stepL2.cpp:2559]   --->   Operation 60 'sub' 'sub_ln2373_7' <Predicate = (!icmp_ln2555)> <Delay = 2.40> <CoreInst = "Adder">   --->   Core 1 'Adder' <Latency = 0> <II = 1> <Delay = 2.40> <FuncUnit> <Opcode : 'add' 'sub'> <InPorts = 2> <OutPorts = 1>
ST_3 : Operation 61 [1/1] (0.00ns) (grouped into LUT with out node add_ln2559)   --->   "%tmp_s = partselect i27 @_ssdm_op_PartSelect.i27.i32.i32.i32, i32 %add_ln2373_4, i32 4, i32 30" [H:/subband_ref_q610_opt_stage4_latency_stepL2.cpp:2559]   --->   Operation 61 'partselect' 'tmp_s' <Predicate = (!icmp_ln2555)> <Delay = 0.00>
ST_3 : Operation 62 [1/1] (0.00ns) (grouped into LUT with out node add_ln2559)   --->   "%select_ln2373 = select i1 %tmp, i27 %sub_ln2373_7, i27 %tmp_s" [H:/subband_ref_q610_opt_stage4_latency_stepL2.cpp:2373->H:/subband_ref_q610_opt_stage4_latency_stepL2.cpp:2559]   --->   Operation 62 'select' 'select_ln2373' <Predicate = (!icmp_ln2555)> <Delay = 0.00> <CoreInst = "Sel">   --->   Core 73 'Sel' <Latency = 0> <II = 1> <Delay = 0.80> <FuncUnit> <Opcode : 'select'> <InPorts = 3> <OutPorts = 1>
ST_3 : Operation 63 [1/1] (0.00ns) (grouped into LUT with out node add_ln2559)   --->   "%shl_ln9 = bitconcatenate i32 @_ssdm_op_BitConcatenate.i32.i27.i5, i27 %select_ln2373, i5 0" [H:/subband_ref_q610_opt_stage4_latency_stepL2.cpp:2559]   --->   Operation 63 'bitconcatenate' 'shl_ln9' <Predicate = (!icmp_ln2555)> <Delay = 0.00>
ST_3 : Operation 64 [1/1] (2.55ns) (out node of the LUT)   --->   "%add_ln2559 = add i32 %shl_ln9, i32 %weights_q610_read" [H:/subband_ref_q610_opt_stage4_latency_stepL2.cpp:2559]   --->   Operation 64 'add' 'add_ln2559' <Predicate = (!icmp_ln2555)> <Delay = 2.55> <CoreInst = "Adder">   --->   Core 1 'Adder' <Latency = 0> <II = 1> <Delay = 2.55> <FuncUnit> <Opcode : 'add' 'sub'> <InPorts = 2> <OutPorts = 1>
ST_3 : Operation 65 [1/1] (0.00ns)   --->   "%trunc_ln = partselect i27 @_ssdm_op_PartSelect.i27.i32.i32.i32, i32 %add_ln2559, i32 5, i32 31" [H:/subband_ref_q610_opt_stage4_latency_stepL2.cpp:2559]   --->   Operation 65 'partselect' 'trunc_ln' <Predicate = (!icmp_ln2555)> <Delay = 0.00>

State 4 <SV = 3> <Delay = 7.30>
ST_4 : Operation 66 [1/1] (0.00ns)   --->   "%sext_ln2559 = sext i27 %trunc_ln" [H:/subband_ref_q610_opt_stage4_latency_stepL2.cpp:2559]   --->   Operation 66 'sext' 'sext_ln2559' <Predicate = (!icmp_ln2555)> <Delay = 0.00>
ST_4 : Operation 67 [1/1] (0.00ns)   --->   "%weights_addr = getelementptr i256 %weights, i32 %sext_ln2559" [H:/subband_ref_q610_opt_stage4_latency_stepL2.cpp:2559]   --->   Operation 67 'getelementptr' 'weights_addr' <Predicate = (!icmp_ln2555)> <Delay = 0.00>
ST_4 : Operation 68 [8/8] (7.30ns)   --->   "%word_1_req = readreq i1 @_ssdm_op_ReadReq.m_axi.i256P1A, i256 %weights_addr, i32 1" [H:/subband_ref_q610_opt_stage4_latency_stepL2.cpp:2559]   --->   Operation 68 'readreq' 'word_1_req' <Predicate = (!icmp_ln2555)> <Delay = 7.30> <CoreInst = "m_axi">   --->   Core 113 'm_axi' <Latency = 0> <II = 1> <Delay = 1.00> <Adapter> <Opcode : 'read' 'write' 'readreq' 'writereq' 'writeresp'>

State 5 <SV = 4> <Delay = 7.30>
ST_5 : Operation 69 [7/8] (7.30ns)   --->   "%word_1_req = readreq i1 @_ssdm_op_ReadReq.m_axi.i256P1A, i256 %weights_addr, i32 1" [H:/subband_ref_q610_opt_stage4_latency_stepL2.cpp:2559]   --->   Operation 69 'readreq' 'word_1_req' <Predicate = true> <Delay = 7.30> <CoreInst = "m_axi">   --->   Core 113 'm_axi' <Latency = 0> <II = 1> <Delay = 1.00> <Adapter> <Opcode : 'read' 'write' 'readreq' 'writereq' 'writeresp'>

State 6 <SV = 5> <Delay = 7.30>
ST_6 : Operation 70 [6/8] (7.30ns)   --->   "%word_1_req = readreq i1 @_ssdm_op_ReadReq.m_axi.i256P1A, i256 %weights_addr, i32 1" [H:/subband_ref_q610_opt_stage4_latency_stepL2.cpp:2559]   --->   Operation 70 'readreq' 'word_1_req' <Predicate = true> <Delay = 7.30> <CoreInst = "m_axi">   --->   Core 113 'm_axi' <Latency = 0> <II = 1> <Delay = 1.00> <Adapter> <Opcode : 'read' 'write' 'readreq' 'writereq' 'writeresp'>

State 7 <SV = 6> <Delay = 7.30>
ST_7 : Operation 71 [5/8] (7.30ns)   --->   "%word_1_req = readreq i1 @_ssdm_op_ReadReq.m_axi.i256P1A, i256 %weights_addr, i32 1" [H:/subband_ref_q610_opt_stage4_latency_stepL2.cpp:2559]   --->   Operation 71 'readreq' 'word_1_req' <Predicate = true> <Delay = 7.30> <CoreInst = "m_axi">   --->   Core 113 'm_axi' <Latency = 0> <II = 1> <Delay = 1.00> <Adapter> <Opcode : 'read' 'write' 'readreq' 'writereq' 'writeresp'>

State 8 <SV = 7> <Delay = 7.30>
ST_8 : Operation 72 [4/8] (7.30ns)   --->   "%word_1_req = readreq i1 @_ssdm_op_ReadReq.m_axi.i256P1A, i256 %weights_addr, i32 1" [H:/subband_ref_q610_opt_stage4_latency_stepL2.cpp:2559]   --->   Operation 72 'readreq' 'word_1_req' <Predicate = true> <Delay = 7.30> <CoreInst = "m_axi">   --->   Core 113 'm_axi' <Latency = 0> <II = 1> <Delay = 1.00> <Adapter> <Opcode : 'read' 'write' 'readreq' 'writereq' 'writeresp'>

State 9 <SV = 8> <Delay = 7.30>
ST_9 : Operation 73 [3/8] (7.30ns)   --->   "%word_1_req = readreq i1 @_ssdm_op_ReadReq.m_axi.i256P1A, i256 %weights_addr, i32 1" [H:/subband_ref_q610_opt_stage4_latency_stepL2.cpp:2559]   --->   Operation 73 'readreq' 'word_1_req' <Predicate = true> <Delay = 7.30> <CoreInst = "m_axi">   --->   Core 113 'm_axi' <Latency = 0> <II = 1> <Delay = 1.00> <Adapter> <Opcode : 'read' 'write' 'readreq' 'writereq' 'writeresp'>

State 10 <SV = 9> <Delay = 7.30>
ST_10 : Operation 74 [2/8] (7.30ns)   --->   "%word_1_req = readreq i1 @_ssdm_op_ReadReq.m_axi.i256P1A, i256 %weights_addr, i32 1" [H:/subband_ref_q610_opt_stage4_latency_stepL2.cpp:2559]   --->   Operation 74 'readreq' 'word_1_req' <Predicate = true> <Delay = 7.30> <CoreInst = "m_axi">   --->   Core 113 'm_axi' <Latency = 0> <II = 1> <Delay = 1.00> <Adapter> <Opcode : 'read' 'write' 'readreq' 'writereq' 'writeresp'>

State 11 <SV = 10> <Delay = 7.30>
ST_11 : Operation 75 [1/8] (7.30ns)   --->   "%word_1_req = readreq i1 @_ssdm_op_ReadReq.m_axi.i256P1A, i256 %weights_addr, i32 1" [H:/subband_ref_q610_opt_stage4_latency_stepL2.cpp:2559]   --->   Operation 75 'readreq' 'word_1_req' <Predicate = true> <Delay = 7.30> <CoreInst = "m_axi">   --->   Core 113 'm_axi' <Latency = 0> <II = 1> <Delay = 1.00> <Adapter> <Opcode : 'read' 'write' 'readreq' 'writereq' 'writeresp'>

State 12 <SV = 11> <Delay = 7.30>
ST_12 : Operation 76 [1/1] (7.30ns)   --->   "%word = read i256 @_ssdm_op_Read.m_axi.i256P1A, i256 %weights_addr" [H:/subband_ref_q610_opt_stage4_latency_stepL2.cpp:2559]   --->   Operation 76 'read' 'word' <Predicate = true> <Delay = 7.30> <CoreInst = "m_axi">   --->   Core 113 'm_axi' <Latency = 0> <II = 1> <Delay = 1.00> <Adapter> <Opcode : 'read' 'write' 'readreq' 'writereq' 'writeresp'>
ST_12 : Operation 77 [1/1] (0.00ns)   --->   "%value = trunc i256 %word" [H:/subband_ref_q610_opt_stage4_latency_stepL2.cpp:2367->H:/subband_ref_q610_opt_stage4_latency_stepL2.cpp:2562]   --->   Operation 77 'trunc' 'value' <Predicate = true> <Delay = 0.00>
ST_12 : Operation 78 [1/1] (0.00ns)   --->   "%value_71 = partselect i16 @_ssdm_op_PartSelect.i16.i256.i32.i32, i256 %word, i32 16, i32 31" [H:/subband_ref_q610_opt_stage4_latency_stepL2.cpp:2367->H:/subband_ref_q610_opt_stage4_latency_stepL2.cpp:2562]   --->   Operation 78 'partselect' 'value_71' <Predicate = true> <Delay = 0.00>
ST_12 : Operation 79 [1/1] (0.00ns)   --->   "%value_72 = partselect i16 @_ssdm_op_PartSelect.i16.i256.i32.i32, i256 %word, i32 32, i32 47" [H:/subband_ref_q610_opt_stage4_latency_stepL2.cpp:2367->H:/subband_ref_q610_opt_stage4_latency_stepL2.cpp:2562]   --->   Operation 79 'partselect' 'value_72' <Predicate = true> <Delay = 0.00>
ST_12 : Operation 80 [1/1] (0.00ns)   --->   "%value_73 = partselect i16 @_ssdm_op_PartSelect.i16.i256.i32.i32, i256 %word, i32 48, i32 63" [H:/subband_ref_q610_opt_stage4_latency_stepL2.cpp:2367->H:/subband_ref_q610_opt_stage4_latency_stepL2.cpp:2562]   --->   Operation 80 'partselect' 'value_73' <Predicate = true> <Delay = 0.00>
ST_12 : Operation 81 [1/1] (0.00ns)   --->   "%value_74 = partselect i16 @_ssdm_op_PartSelect.i16.i256.i32.i32, i256 %word, i32 64, i32 79" [H:/subband_ref_q610_opt_stage4_latency_stepL2.cpp:2367->H:/subband_ref_q610_opt_stage4_latency_stepL2.cpp:2562]   --->   Operation 81 'partselect' 'value_74' <Predicate = true> <Delay = 0.00>
ST_12 : Operation 82 [1/1] (0.00ns)   --->   "%value_75 = partselect i16 @_ssdm_op_PartSelect.i16.i256.i32.i32, i256 %word, i32 80, i32 95" [H:/subband_ref_q610_opt_stage4_latency_stepL2.cpp:2367->H:/subband_ref_q610_opt_stage4_latency_stepL2.cpp:2562]   --->   Operation 82 'partselect' 'value_75' <Predicate = true> <Delay = 0.00>
ST_12 : Operation 83 [1/1] (0.00ns)   --->   "%value_76 = partselect i16 @_ssdm_op_PartSelect.i16.i256.i32.i32, i256 %word, i32 96, i32 111" [H:/subband_ref_q610_opt_stage4_latency_stepL2.cpp:2367->H:/subband_ref_q610_opt_stage4_latency_stepL2.cpp:2562]   --->   Operation 83 'partselect' 'value_76' <Predicate = true> <Delay = 0.00>
ST_12 : Operation 84 [1/1] (0.00ns)   --->   "%value_77 = partselect i16 @_ssdm_op_PartSelect.i16.i256.i32.i32, i256 %word, i32 112, i32 127" [H:/subband_ref_q610_opt_stage4_latency_stepL2.cpp:2367->H:/subband_ref_q610_opt_stage4_latency_stepL2.cpp:2562]   --->   Operation 84 'partselect' 'value_77' <Predicate = true> <Delay = 0.00>
ST_12 : Operation 85 [1/1] (0.00ns)   --->   "%value_78 = partselect i16 @_ssdm_op_PartSelect.i16.i256.i32.i32, i256 %word, i32 128, i32 143" [H:/subband_ref_q610_opt_stage4_latency_stepL2.cpp:2367->H:/subband_ref_q610_opt_stage4_latency_stepL2.cpp:2562]   --->   Operation 85 'partselect' 'value_78' <Predicate = true> <Delay = 0.00>
ST_12 : Operation 86 [1/1] (0.00ns)   --->   "%value_79 = partselect i16 @_ssdm_op_PartSelect.i16.i256.i32.i32, i256 %word, i32 144, i32 159" [H:/subband_ref_q610_opt_stage4_latency_stepL2.cpp:2367->H:/subband_ref_q610_opt_stage4_latency_stepL2.cpp:2562]   --->   Operation 86 'partselect' 'value_79' <Predicate = true> <Delay = 0.00>
ST_12 : Operation 87 [1/1] (0.00ns)   --->   "%value_80 = partselect i16 @_ssdm_op_PartSelect.i16.i256.i32.i32, i256 %word, i32 160, i32 175" [H:/subband_ref_q610_opt_stage4_latency_stepL2.cpp:2367->H:/subband_ref_q610_opt_stage4_latency_stepL2.cpp:2562]   --->   Operation 87 'partselect' 'value_80' <Predicate = true> <Delay = 0.00>
ST_12 : Operation 88 [1/1] (0.00ns)   --->   "%value_81 = partselect i16 @_ssdm_op_PartSelect.i16.i256.i32.i32, i256 %word, i32 176, i32 191" [H:/subband_ref_q610_opt_stage4_latency_stepL2.cpp:2367->H:/subband_ref_q610_opt_stage4_latency_stepL2.cpp:2562]   --->   Operation 88 'partselect' 'value_81' <Predicate = true> <Delay = 0.00>
ST_12 : Operation 89 [1/1] (0.00ns)   --->   "%value_82 = partselect i16 @_ssdm_op_PartSelect.i16.i256.i32.i32, i256 %word, i32 192, i32 207" [H:/subband_ref_q610_opt_stage4_latency_stepL2.cpp:2367->H:/subband_ref_q610_opt_stage4_latency_stepL2.cpp:2562]   --->   Operation 89 'partselect' 'value_82' <Predicate = true> <Delay = 0.00>
ST_12 : Operation 90 [1/1] (0.00ns)   --->   "%value_83 = partselect i16 @_ssdm_op_PartSelect.i16.i256.i32.i32, i256 %word, i32 208, i32 223" [H:/subband_ref_q610_opt_stage4_latency_stepL2.cpp:2367->H:/subband_ref_q610_opt_stage4_latency_stepL2.cpp:2562]   --->   Operation 90 'partselect' 'value_83' <Predicate = true> <Delay = 0.00>
ST_12 : Operation 91 [1/1] (0.00ns)   --->   "%value_84 = partselect i16 @_ssdm_op_PartSelect.i16.i256.i32.i32, i256 %word, i32 224, i32 239" [H:/subband_ref_q610_opt_stage4_latency_stepL2.cpp:2367->H:/subband_ref_q610_opt_stage4_latency_stepL2.cpp:2562]   --->   Operation 91 'partselect' 'value_84' <Predicate = true> <Delay = 0.00>
ST_12 : Operation 92 [1/1] (0.00ns)   --->   "%value_85 = partselect i16 @_ssdm_op_PartSelect.i16.i256.i32.i32, i256 %word, i32 240, i32 255" [H:/subband_ref_q610_opt_stage4_latency_stepL2.cpp:2367->H:/subband_ref_q610_opt_stage4_latency_stepL2.cpp:2562]   --->   Operation 92 'partselect' 'value_85' <Predicate = true> <Delay = 0.00>
ST_12 : Operation 161 [1/1] (0.00ns)   --->   "%ret_ln0 = ret"   --->   Operation 161 'ret' 'ret_ln0' <Predicate = (icmp_ln2555)> <Delay = 0.00>

State 13 <SV = 12> <Delay = 6.41>
ST_13 : Operation 93 [1/1] (1.24ns)   --->   "%select_ln2557 = select i1 %empty, i8 112, i8 0" [H:/subband_ref_q610_opt_stage4_latency_stepL2.cpp:2557]   --->   Operation 93 'select' 'select_ln2557' <Predicate = true> <Delay = 1.24> <CoreInst = "Sel">   --->   Core 73 'Sel' <Latency = 0> <II = 1> <Delay = 1.24> <FuncUnit> <Opcode : 'select'> <InPorts = 3> <OutPorts = 1>
ST_13 : Operation 94 [1/1] (0.00ns)   --->   "%zext_ln2562 = zext i7 %lshr_ln7" [H:/subband_ref_q610_opt_stage4_latency_stepL2.cpp:2562]   --->   Operation 94 'zext' 'zext_ln2562' <Predicate = true> <Delay = 0.00>
ST_13 : Operation 95 [1/1] (1.91ns)   --->   "%add_ln2562 = add i8 %select_ln2557, i8 %zext_ln2562" [H:/subband_ref_q610_opt_stage4_latency_stepL2.cpp:2562]   --->   Operation 95 'add' 'add_ln2562' <Predicate = true> <Delay = 1.91> <CoreInst = "Adder">   --->   Core 1 'Adder' <Latency = 0> <II = 1> <Delay = 1.91> <FuncUnit> <Opcode : 'add' 'sub'> <InPorts = 2> <OutPorts = 1>
ST_13 : Operation 96 [1/1] (0.00ns)   --->   "%zext_ln2562_1 = zext i8 %add_ln2562" [H:/subband_ref_q610_opt_stage4_latency_stepL2.cpp:2562]   --->   Operation 96 'zext' 'zext_ln2562_1' <Predicate = true> <Delay = 0.00>
ST_13 : Operation 97 [1/1] (0.00ns)   --->   "%RunSubbandRealtimeTopCoreQ610_stream_stream_ap_uint_const_int_bool_stream_bi_2 = getelementptr i16 %RunSubbandRealtimeTopCoreQ610_stream_stream_ap_uint_const_int_bool_stream_bi_1, i32 0, i32 %zext_ln2562_1" [H:/subband_ref_q610_opt_stage4_latency_stepL2.cpp:2562]   --->   Operation 97 'getelementptr' 'RunSubbandRealtimeTopCoreQ610_stream_stream_ap_uint_const_int_bool_stream_bi_2' <Predicate = true> <Delay = 0.00>
ST_13 : Operation 98 [1/1] (0.00ns)   --->   "%RunSubbandRealtimeTopCoreQ610_stream_stream_ap_uint_const_int_bool_stream_bi_3 = getelementptr i16 %RunSubbandRealtimeTopCoreQ610_stream_stream_ap_uint_const_int_bool_stream_bi, i32 0, i32 %zext_ln2562_1" [H:/subband_ref_q610_opt_stage4_latency_stepL2.cpp:2562]   --->   Operation 98 'getelementptr' 'RunSubbandRealtimeTopCoreQ610_stream_stream_ap_uint_const_int_bool_stream_bi_3' <Predicate = true> <Delay = 0.00>
ST_13 : Operation 99 [1/1] (0.00ns) (grouped into LUT with out node add_ln2562_1)   --->   "%or_ln2562 = or i7 %lshr_ln7, i7 1" [H:/subband_ref_q610_opt_stage4_latency_stepL2.cpp:2562]   --->   Operation 99 'or' 'or_ln2562' <Predicate = true> <Delay = 0.00>
ST_13 : Operation 100 [1/1] (0.00ns) (grouped into LUT with out node add_ln2562_1)   --->   "%zext_ln2562_2 = zext i7 %or_ln2562" [H:/subband_ref_q610_opt_stage4_latency_stepL2.cpp:2562]   --->   Operation 100 'zext' 'zext_ln2562_2' <Predicate = true> <Delay = 0.00>
ST_13 : Operation 101 [1/1] (1.91ns) (out node of the LUT)   --->   "%add_ln2562_1 = add i8 %select_ln2557, i8 %zext_ln2562_2" [H:/subband_ref_q610_opt_stage4_latency_stepL2.cpp:2562]   --->   Operation 101 'add' 'add_ln2562_1' <Predicate = true> <Delay = 1.91> <CoreInst = "Adder">   --->   Core 1 'Adder' <Latency = 0> <II = 1> <Delay = 1.91> <FuncUnit> <Opcode : 'add' 'sub'> <InPorts = 2> <OutPorts = 1>
ST_13 : Operation 102 [1/1] (0.00ns)   --->   "%zext_ln2562_3 = zext i8 %add_ln2562_1" [H:/subband_ref_q610_opt_stage4_latency_stepL2.cpp:2562]   --->   Operation 102 'zext' 'zext_ln2562_3' <Predicate = true> <Delay = 0.00>
ST_13 : Operation 103 [1/1] (0.00ns)   --->   "%RunSubbandRealtimeTopCoreQ610_stream_stream_ap_uint_const_int_bool_stream_bi_4 = getelementptr i16 %RunSubbandRealtimeTopCoreQ610_stream_stream_ap_uint_const_int_bool_stream_bi_1, i32 0, i32 %zext_ln2562_3" [H:/subband_ref_q610_opt_stage4_latency_stepL2.cpp:2562]   --->   Operation 103 'getelementptr' 'RunSubbandRealtimeTopCoreQ610_stream_stream_ap_uint_const_int_bool_stream_bi_4' <Predicate = true> <Delay = 0.00>
ST_13 : Operation 104 [1/1] (0.00ns)   --->   "%RunSubbandRealtimeTopCoreQ610_stream_stream_ap_uint_const_int_bool_stream_bi_5 = getelementptr i16 %RunSubbandRealtimeTopCoreQ610_stream_stream_ap_uint_const_int_bool_stream_bi, i32 0, i32 %zext_ln2562_3" [H:/subband_ref_q610_opt_stage4_latency_stepL2.cpp:2562]   --->   Operation 104 'getelementptr' 'RunSubbandRealtimeTopCoreQ610_stream_stream_ap_uint_const_int_bool_stream_bi_5' <Predicate = true> <Delay = 0.00>
ST_13 : Operation 105 [1/1] (3.25ns)   --->   "%store_ln2562 = store i16 %value, i8 %RunSubbandRealtimeTopCoreQ610_stream_stream_ap_uint_const_int_bool_stream_bi_2" [H:/subband_ref_q610_opt_stage4_latency_stepL2.cpp:2562]   --->   Operation 105 'store' 'store_ln2562' <Predicate = true> <Delay = 3.25> <CoreInst = "RAM">   --->   Core 82 'RAM' <Latency = 1> <II = 1> <Delay = 3.25> <Storage> <Opcode : 'load' 'store'> <Ports = 2> <Width = 16> <Depth = 224> <RAM>
ST_13 : Operation 106 [1/1] (3.25ns)   --->   "%store_ln2562 = store i16 %value_72, i8 %RunSubbandRealtimeTopCoreQ610_stream_stream_ap_uint_const_int_bool_stream_bi_4" [H:/subband_ref_q610_opt_stage4_latency_stepL2.cpp:2562]   --->   Operation 106 'store' 'store_ln2562' <Predicate = true> <Delay = 3.25> <CoreInst = "RAM">   --->   Core 82 'RAM' <Latency = 1> <II = 1> <Delay = 3.25> <Storage> <Opcode : 'load' 'store'> <Ports = 2> <Width = 16> <Depth = 224> <RAM>
ST_13 : Operation 107 [1/1] (3.25ns)   --->   "%store_ln2562 = store i16 %value_71, i8 %RunSubbandRealtimeTopCoreQ610_stream_stream_ap_uint_const_int_bool_stream_bi_3" [H:/subband_ref_q610_opt_stage4_latency_stepL2.cpp:2562]   --->   Operation 107 'store' 'store_ln2562' <Predicate = true> <Delay = 3.25> <CoreInst = "RAM">   --->   Core 82 'RAM' <Latency = 1> <II = 1> <Delay = 3.25> <Storage> <Opcode : 'load' 'store'> <Ports = 2> <Width = 16> <Depth = 224> <RAM>
ST_13 : Operation 108 [1/1] (3.25ns)   --->   "%store_ln2562 = store i16 %value_73, i8 %RunSubbandRealtimeTopCoreQ610_stream_stream_ap_uint_const_int_bool_stream_bi_5" [H:/subband_ref_q610_opt_stage4_latency_stepL2.cpp:2562]   --->   Operation 108 'store' 'store_ln2562' <Predicate = true> <Delay = 3.25> <CoreInst = "RAM">   --->   Core 82 'RAM' <Latency = 1> <II = 1> <Delay = 3.25> <Storage> <Opcode : 'load' 'store'> <Ports = 2> <Width = 16> <Depth = 224> <RAM>

State 14 <SV = 13> <Delay = 5.16>
ST_14 : Operation 109 [1/1] (0.00ns) (grouped into LUT with out node add_ln2562_2)   --->   "%or_ln2562_1 = or i7 %lshr_ln7, i7 2" [H:/subband_ref_q610_opt_stage4_latency_stepL2.cpp:2562]   --->   Operation 109 'or' 'or_ln2562_1' <Predicate = true> <Delay = 0.00>
ST_14 : Operation 110 [1/1] (0.00ns) (grouped into LUT with out node add_ln2562_2)   --->   "%zext_ln2562_4 = zext i7 %or_ln2562_1" [H:/subband_ref_q610_opt_stage4_latency_stepL2.cpp:2562]   --->   Operation 110 'zext' 'zext_ln2562_4' <Predicate = true> <Delay = 0.00>
ST_14 : Operation 111 [1/1] (1.91ns) (out node of the LUT)   --->   "%add_ln2562_2 = add i8 %select_ln2557, i8 %zext_ln2562_4" [H:/subband_ref_q610_opt_stage4_latency_stepL2.cpp:2562]   --->   Operation 111 'add' 'add_ln2562_2' <Predicate = true> <Delay = 1.91> <CoreInst = "Adder">   --->   Core 1 'Adder' <Latency = 0> <II = 1> <Delay = 1.91> <FuncUnit> <Opcode : 'add' 'sub'> <InPorts = 2> <OutPorts = 1>
ST_14 : Operation 112 [1/1] (0.00ns)   --->   "%zext_ln2562_5 = zext i8 %add_ln2562_2" [H:/subband_ref_q610_opt_stage4_latency_stepL2.cpp:2562]   --->   Operation 112 'zext' 'zext_ln2562_5' <Predicate = true> <Delay = 0.00>
ST_14 : Operation 113 [1/1] (0.00ns)   --->   "%RunSubbandRealtimeTopCoreQ610_stream_stream_ap_uint_const_int_bool_stream_bi_6 = getelementptr i16 %RunSubbandRealtimeTopCoreQ610_stream_stream_ap_uint_const_int_bool_stream_bi_1, i32 0, i32 %zext_ln2562_5" [H:/subband_ref_q610_opt_stage4_latency_stepL2.cpp:2562]   --->   Operation 113 'getelementptr' 'RunSubbandRealtimeTopCoreQ610_stream_stream_ap_uint_const_int_bool_stream_bi_6' <Predicate = true> <Delay = 0.00>
ST_14 : Operation 114 [1/1] (0.00ns)   --->   "%RunSubbandRealtimeTopCoreQ610_stream_stream_ap_uint_const_int_bool_stream_bi_7 = getelementptr i16 %RunSubbandRealtimeTopCoreQ610_stream_stream_ap_uint_const_int_bool_stream_bi, i32 0, i32 %zext_ln2562_5" [H:/subband_ref_q610_opt_stage4_latency_stepL2.cpp:2562]   --->   Operation 114 'getelementptr' 'RunSubbandRealtimeTopCoreQ610_stream_stream_ap_uint_const_int_bool_stream_bi_7' <Predicate = true> <Delay = 0.00>
ST_14 : Operation 115 [1/1] (0.00ns) (grouped into LUT with out node add_ln2562_3)   --->   "%or_ln2562_2 = or i7 %lshr_ln7, i7 3" [H:/subband_ref_q610_opt_stage4_latency_stepL2.cpp:2562]   --->   Operation 115 'or' 'or_ln2562_2' <Predicate = true> <Delay = 0.00>
ST_14 : Operation 116 [1/1] (0.00ns) (grouped into LUT with out node add_ln2562_3)   --->   "%zext_ln2562_6 = zext i7 %or_ln2562_2" [H:/subband_ref_q610_opt_stage4_latency_stepL2.cpp:2562]   --->   Operation 116 'zext' 'zext_ln2562_6' <Predicate = true> <Delay = 0.00>
ST_14 : Operation 117 [1/1] (1.91ns) (out node of the LUT)   --->   "%add_ln2562_3 = add i8 %select_ln2557, i8 %zext_ln2562_6" [H:/subband_ref_q610_opt_stage4_latency_stepL2.cpp:2562]   --->   Operation 117 'add' 'add_ln2562_3' <Predicate = true> <Delay = 1.91> <CoreInst = "Adder">   --->   Core 1 'Adder' <Latency = 0> <II = 1> <Delay = 1.91> <FuncUnit> <Opcode : 'add' 'sub'> <InPorts = 2> <OutPorts = 1>
ST_14 : Operation 118 [1/1] (0.00ns)   --->   "%zext_ln2562_7 = zext i8 %add_ln2562_3" [H:/subband_ref_q610_opt_stage4_latency_stepL2.cpp:2562]   --->   Operation 118 'zext' 'zext_ln2562_7' <Predicate = true> <Delay = 0.00>
ST_14 : Operation 119 [1/1] (0.00ns)   --->   "%RunSubbandRealtimeTopCoreQ610_stream_stream_ap_uint_const_int_bool_stream_bi_8 = getelementptr i16 %RunSubbandRealtimeTopCoreQ610_stream_stream_ap_uint_const_int_bool_stream_bi_1, i32 0, i32 %zext_ln2562_7" [H:/subband_ref_q610_opt_stage4_latency_stepL2.cpp:2562]   --->   Operation 119 'getelementptr' 'RunSubbandRealtimeTopCoreQ610_stream_stream_ap_uint_const_int_bool_stream_bi_8' <Predicate = true> <Delay = 0.00>
ST_14 : Operation 120 [1/1] (0.00ns)   --->   "%RunSubbandRealtimeTopCoreQ610_stream_stream_ap_uint_const_int_bool_stream_bi_9 = getelementptr i16 %RunSubbandRealtimeTopCoreQ610_stream_stream_ap_uint_const_int_bool_stream_bi, i32 0, i32 %zext_ln2562_7" [H:/subband_ref_q610_opt_stage4_latency_stepL2.cpp:2562]   --->   Operation 120 'getelementptr' 'RunSubbandRealtimeTopCoreQ610_stream_stream_ap_uint_const_int_bool_stream_bi_9' <Predicate = true> <Delay = 0.00>
ST_14 : Operation 121 [1/1] (3.25ns)   --->   "%store_ln2562 = store i16 %value_74, i8 %RunSubbandRealtimeTopCoreQ610_stream_stream_ap_uint_const_int_bool_stream_bi_6" [H:/subband_ref_q610_opt_stage4_latency_stepL2.cpp:2562]   --->   Operation 121 'store' 'store_ln2562' <Predicate = true> <Delay = 3.25> <CoreInst = "RAM">   --->   Core 82 'RAM' <Latency = 1> <II = 1> <Delay = 3.25> <Storage> <Opcode : 'load' 'store'> <Ports = 2> <Width = 16> <Depth = 224> <RAM>
ST_14 : Operation 122 [1/1] (3.25ns)   --->   "%store_ln2562 = store i16 %value_76, i8 %RunSubbandRealtimeTopCoreQ610_stream_stream_ap_uint_const_int_bool_stream_bi_8" [H:/subband_ref_q610_opt_stage4_latency_stepL2.cpp:2562]   --->   Operation 122 'store' 'store_ln2562' <Predicate = true> <Delay = 3.25> <CoreInst = "RAM">   --->   Core 82 'RAM' <Latency = 1> <II = 1> <Delay = 3.25> <Storage> <Opcode : 'load' 'store'> <Ports = 2> <Width = 16> <Depth = 224> <RAM>
ST_14 : Operation 123 [1/1] (3.25ns)   --->   "%store_ln2562 = store i16 %value_75, i8 %RunSubbandRealtimeTopCoreQ610_stream_stream_ap_uint_const_int_bool_stream_bi_7" [H:/subband_ref_q610_opt_stage4_latency_stepL2.cpp:2562]   --->   Operation 123 'store' 'store_ln2562' <Predicate = true> <Delay = 3.25> <CoreInst = "RAM">   --->   Core 82 'RAM' <Latency = 1> <II = 1> <Delay = 3.25> <Storage> <Opcode : 'load' 'store'> <Ports = 2> <Width = 16> <Depth = 224> <RAM>
ST_14 : Operation 124 [1/1] (3.25ns)   --->   "%store_ln2562 = store i16 %value_77, i8 %RunSubbandRealtimeTopCoreQ610_stream_stream_ap_uint_const_int_bool_stream_bi_9" [H:/subband_ref_q610_opt_stage4_latency_stepL2.cpp:2562]   --->   Operation 124 'store' 'store_ln2562' <Predicate = true> <Delay = 3.25> <CoreInst = "RAM">   --->   Core 82 'RAM' <Latency = 1> <II = 1> <Delay = 3.25> <Storage> <Opcode : 'load' 'store'> <Ports = 2> <Width = 16> <Depth = 224> <RAM>

State 15 <SV = 14> <Delay = 5.16>
ST_15 : Operation 125 [1/1] (0.00ns) (grouped into LUT with out node add_ln2562_4)   --->   "%or_ln2562_3 = or i7 %lshr_ln7, i7 4" [H:/subband_ref_q610_opt_stage4_latency_stepL2.cpp:2562]   --->   Operation 125 'or' 'or_ln2562_3' <Predicate = true> <Delay = 0.00>
ST_15 : Operation 126 [1/1] (0.00ns) (grouped into LUT with out node add_ln2562_4)   --->   "%zext_ln2562_8 = zext i7 %or_ln2562_3" [H:/subband_ref_q610_opt_stage4_latency_stepL2.cpp:2562]   --->   Operation 126 'zext' 'zext_ln2562_8' <Predicate = true> <Delay = 0.00>
ST_15 : Operation 127 [1/1] (1.91ns) (out node of the LUT)   --->   "%add_ln2562_4 = add i8 %select_ln2557, i8 %zext_ln2562_8" [H:/subband_ref_q610_opt_stage4_latency_stepL2.cpp:2562]   --->   Operation 127 'add' 'add_ln2562_4' <Predicate = true> <Delay = 1.91> <CoreInst = "Adder">   --->   Core 1 'Adder' <Latency = 0> <II = 1> <Delay = 1.91> <FuncUnit> <Opcode : 'add' 'sub'> <InPorts = 2> <OutPorts = 1>
ST_15 : Operation 128 [1/1] (0.00ns)   --->   "%zext_ln2562_9 = zext i8 %add_ln2562_4" [H:/subband_ref_q610_opt_stage4_latency_stepL2.cpp:2562]   --->   Operation 128 'zext' 'zext_ln2562_9' <Predicate = true> <Delay = 0.00>
ST_15 : Operation 129 [1/1] (0.00ns)   --->   "%RunSubbandRealtimeTopCoreQ610_stream_stream_ap_uint_const_int_bool_stream_bi_10 = getelementptr i16 %RunSubbandRealtimeTopCoreQ610_stream_stream_ap_uint_const_int_bool_stream_bi_1, i32 0, i32 %zext_ln2562_9" [H:/subband_ref_q610_opt_stage4_latency_stepL2.cpp:2562]   --->   Operation 129 'getelementptr' 'RunSubbandRealtimeTopCoreQ610_stream_stream_ap_uint_const_int_bool_stream_bi_10' <Predicate = true> <Delay = 0.00>
ST_15 : Operation 130 [1/1] (0.00ns)   --->   "%RunSubbandRealtimeTopCoreQ610_stream_stream_ap_uint_const_int_bool_stream_bi_11 = getelementptr i16 %RunSubbandRealtimeTopCoreQ610_stream_stream_ap_uint_const_int_bool_stream_bi, i32 0, i32 %zext_ln2562_9" [H:/subband_ref_q610_opt_stage4_latency_stepL2.cpp:2562]   --->   Operation 130 'getelementptr' 'RunSubbandRealtimeTopCoreQ610_stream_stream_ap_uint_const_int_bool_stream_bi_11' <Predicate = true> <Delay = 0.00>
ST_15 : Operation 131 [1/1] (0.00ns) (grouped into LUT with out node add_ln2562_5)   --->   "%or_ln2562_4 = or i7 %lshr_ln7, i7 5" [H:/subband_ref_q610_opt_stage4_latency_stepL2.cpp:2562]   --->   Operation 131 'or' 'or_ln2562_4' <Predicate = true> <Delay = 0.00>
ST_15 : Operation 132 [1/1] (0.00ns) (grouped into LUT with out node add_ln2562_5)   --->   "%zext_ln2562_10 = zext i7 %or_ln2562_4" [H:/subband_ref_q610_opt_stage4_latency_stepL2.cpp:2562]   --->   Operation 132 'zext' 'zext_ln2562_10' <Predicate = true> <Delay = 0.00>
ST_15 : Operation 133 [1/1] (1.91ns) (out node of the LUT)   --->   "%add_ln2562_5 = add i8 %select_ln2557, i8 %zext_ln2562_10" [H:/subband_ref_q610_opt_stage4_latency_stepL2.cpp:2562]   --->   Operation 133 'add' 'add_ln2562_5' <Predicate = true> <Delay = 1.91> <CoreInst = "Adder">   --->   Core 1 'Adder' <Latency = 0> <II = 1> <Delay = 1.91> <FuncUnit> <Opcode : 'add' 'sub'> <InPorts = 2> <OutPorts = 1>
ST_15 : Operation 134 [1/1] (0.00ns)   --->   "%zext_ln2562_11 = zext i8 %add_ln2562_5" [H:/subband_ref_q610_opt_stage4_latency_stepL2.cpp:2562]   --->   Operation 134 'zext' 'zext_ln2562_11' <Predicate = true> <Delay = 0.00>
ST_15 : Operation 135 [1/1] (0.00ns)   --->   "%RunSubbandRealtimeTopCoreQ610_stream_stream_ap_uint_const_int_bool_stream_bi_12 = getelementptr i16 %RunSubbandRealtimeTopCoreQ610_stream_stream_ap_uint_const_int_bool_stream_bi_1, i32 0, i32 %zext_ln2562_11" [H:/subband_ref_q610_opt_stage4_latency_stepL2.cpp:2562]   --->   Operation 135 'getelementptr' 'RunSubbandRealtimeTopCoreQ610_stream_stream_ap_uint_const_int_bool_stream_bi_12' <Predicate = true> <Delay = 0.00>
ST_15 : Operation 136 [1/1] (0.00ns)   --->   "%RunSubbandRealtimeTopCoreQ610_stream_stream_ap_uint_const_int_bool_stream_bi_13 = getelementptr i16 %RunSubbandRealtimeTopCoreQ610_stream_stream_ap_uint_const_int_bool_stream_bi, i32 0, i32 %zext_ln2562_11" [H:/subband_ref_q610_opt_stage4_latency_stepL2.cpp:2562]   --->   Operation 136 'getelementptr' 'RunSubbandRealtimeTopCoreQ610_stream_stream_ap_uint_const_int_bool_stream_bi_13' <Predicate = true> <Delay = 0.00>
ST_15 : Operation 137 [1/1] (3.25ns)   --->   "%store_ln2562 = store i16 %value_78, i8 %RunSubbandRealtimeTopCoreQ610_stream_stream_ap_uint_const_int_bool_stream_bi_10" [H:/subband_ref_q610_opt_stage4_latency_stepL2.cpp:2562]   --->   Operation 137 'store' 'store_ln2562' <Predicate = true> <Delay = 3.25> <CoreInst = "RAM">   --->   Core 82 'RAM' <Latency = 1> <II = 1> <Delay = 3.25> <Storage> <Opcode : 'load' 'store'> <Ports = 2> <Width = 16> <Depth = 224> <RAM>
ST_15 : Operation 138 [1/1] (3.25ns)   --->   "%store_ln2562 = store i16 %value_80, i8 %RunSubbandRealtimeTopCoreQ610_stream_stream_ap_uint_const_int_bool_stream_bi_12" [H:/subband_ref_q610_opt_stage4_latency_stepL2.cpp:2562]   --->   Operation 138 'store' 'store_ln2562' <Predicate = true> <Delay = 3.25> <CoreInst = "RAM">   --->   Core 82 'RAM' <Latency = 1> <II = 1> <Delay = 3.25> <Storage> <Opcode : 'load' 'store'> <Ports = 2> <Width = 16> <Depth = 224> <RAM>
ST_15 : Operation 139 [1/1] (3.25ns)   --->   "%store_ln2562 = store i16 %value_79, i8 %RunSubbandRealtimeTopCoreQ610_stream_stream_ap_uint_const_int_bool_stream_bi_11" [H:/subband_ref_q610_opt_stage4_latency_stepL2.cpp:2562]   --->   Operation 139 'store' 'store_ln2562' <Predicate = true> <Delay = 3.25> <CoreInst = "RAM">   --->   Core 82 'RAM' <Latency = 1> <II = 1> <Delay = 3.25> <Storage> <Opcode : 'load' 'store'> <Ports = 2> <Width = 16> <Depth = 224> <RAM>
ST_15 : Operation 140 [1/1] (3.25ns)   --->   "%store_ln2562 = store i16 %value_81, i8 %RunSubbandRealtimeTopCoreQ610_stream_stream_ap_uint_const_int_bool_stream_bi_13" [H:/subband_ref_q610_opt_stage4_latency_stepL2.cpp:2562]   --->   Operation 140 'store' 'store_ln2562' <Predicate = true> <Delay = 3.25> <CoreInst = "RAM">   --->   Core 82 'RAM' <Latency = 1> <II = 1> <Delay = 3.25> <Storage> <Opcode : 'load' 'store'> <Ports = 2> <Width = 16> <Depth = 224> <RAM>

State 16 <SV = 15> <Delay = 5.16>
ST_16 : Operation 141 [1/1] (0.00ns)   --->   "%specloopname_ln0 = specloopname void @_ssdm_op_SpecLoopName, void @VITIS_LOOP_2555_9_VITIS_LOOP_2556_10_str"   --->   Operation 141 'specloopname' 'specloopname_ln0' <Predicate = true> <Delay = 0.00>
ST_16 : Operation 142 [1/1] (0.00ns)   --->   "%speclooptripcount_ln0 = speclooptripcount void @_ssdm_op_SpecLoopTripCount, i64 28, i64 28, i64 28"   --->   Operation 142 'speclooptripcount' 'speclooptripcount_ln0' <Predicate = true> <Delay = 0.00>
ST_16 : Operation 143 [1/1] (0.00ns)   --->   "%specpipeline_ln2557 = specpipeline void @_ssdm_op_SpecPipeline, i32 1, i32 0, i32 0, i32 0, void @empty_136" [H:/subband_ref_q610_opt_stage4_latency_stepL2.cpp:2557]   --->   Operation 143 'specpipeline' 'specpipeline_ln2557' <Predicate = true> <Delay = 0.00>
ST_16 : Operation 144 [1/1] (0.00ns) (grouped into LUT with out node add_ln2562_6)   --->   "%or_ln2562_5 = or i7 %lshr_ln7, i7 6" [H:/subband_ref_q610_opt_stage4_latency_stepL2.cpp:2562]   --->   Operation 144 'or' 'or_ln2562_5' <Predicate = true> <Delay = 0.00>
ST_16 : Operation 145 [1/1] (0.00ns) (grouped into LUT with out node add_ln2562_6)   --->   "%zext_ln2562_12 = zext i7 %or_ln2562_5" [H:/subband_ref_q610_opt_stage4_latency_stepL2.cpp:2562]   --->   Operation 145 'zext' 'zext_ln2562_12' <Predicate = true> <Delay = 0.00>
ST_16 : Operation 146 [1/1] (1.91ns) (out node of the LUT)   --->   "%add_ln2562_6 = add i8 %select_ln2557, i8 %zext_ln2562_12" [H:/subband_ref_q610_opt_stage4_latency_stepL2.cpp:2562]   --->   Operation 146 'add' 'add_ln2562_6' <Predicate = true> <Delay = 1.91> <CoreInst = "Adder">   --->   Core 1 'Adder' <Latency = 0> <II = 1> <Delay = 1.91> <FuncUnit> <Opcode : 'add' 'sub'> <InPorts = 2> <OutPorts = 1>
ST_16 : Operation 147 [1/1] (0.00ns)   --->   "%zext_ln2562_13 = zext i8 %add_ln2562_6" [H:/subband_ref_q610_opt_stage4_latency_stepL2.cpp:2562]   --->   Operation 147 'zext' 'zext_ln2562_13' <Predicate = true> <Delay = 0.00>
ST_16 : Operation 148 [1/1] (0.00ns)   --->   "%RunSubbandRealtimeTopCoreQ610_stream_stream_ap_uint_const_int_bool_stream_bi_14 = getelementptr i16 %RunSubbandRealtimeTopCoreQ610_stream_stream_ap_uint_const_int_bool_stream_bi_1, i32 0, i32 %zext_ln2562_13" [H:/subband_ref_q610_opt_stage4_latency_stepL2.cpp:2562]   --->   Operation 148 'getelementptr' 'RunSubbandRealtimeTopCoreQ610_stream_stream_ap_uint_const_int_bool_stream_bi_14' <Predicate = true> <Delay = 0.00>
ST_16 : Operation 149 [1/1] (0.00ns)   --->   "%RunSubbandRealtimeTopCoreQ610_stream_stream_ap_uint_const_int_bool_stream_bi_15 = getelementptr i16 %RunSubbandRealtimeTopCoreQ610_stream_stream_ap_uint_const_int_bool_stream_bi, i32 0, i32 %zext_ln2562_13" [H:/subband_ref_q610_opt_stage4_latency_stepL2.cpp:2562]   --->   Operation 149 'getelementptr' 'RunSubbandRealtimeTopCoreQ610_stream_stream_ap_uint_const_int_bool_stream_bi_15' <Predicate = true> <Delay = 0.00>
ST_16 : Operation 150 [1/1] (0.00ns) (grouped into LUT with out node add_ln2562_7)   --->   "%or_ln2562_6 = or i7 %lshr_ln7, i7 7" [H:/subband_ref_q610_opt_stage4_latency_stepL2.cpp:2562]   --->   Operation 150 'or' 'or_ln2562_6' <Predicate = true> <Delay = 0.00>
ST_16 : Operation 151 [1/1] (0.00ns) (grouped into LUT with out node add_ln2562_7)   --->   "%zext_ln2562_14 = zext i7 %or_ln2562_6" [H:/subband_ref_q610_opt_stage4_latency_stepL2.cpp:2562]   --->   Operation 151 'zext' 'zext_ln2562_14' <Predicate = true> <Delay = 0.00>
ST_16 : Operation 152 [1/1] (1.91ns) (out node of the LUT)   --->   "%add_ln2562_7 = add i8 %select_ln2557, i8 %zext_ln2562_14" [H:/subband_ref_q610_opt_stage4_latency_stepL2.cpp:2562]   --->   Operation 152 'add' 'add_ln2562_7' <Predicate = true> <Delay = 1.91> <CoreInst = "Adder">   --->   Core 1 'Adder' <Latency = 0> <II = 1> <Delay = 1.91> <FuncUnit> <Opcode : 'add' 'sub'> <InPorts = 2> <OutPorts = 1>
ST_16 : Operation 153 [1/1] (0.00ns)   --->   "%zext_ln2562_15 = zext i8 %add_ln2562_7" [H:/subband_ref_q610_opt_stage4_latency_stepL2.cpp:2562]   --->   Operation 153 'zext' 'zext_ln2562_15' <Predicate = true> <Delay = 0.00>
ST_16 : Operation 154 [1/1] (0.00ns)   --->   "%RunSubbandRealtimeTopCoreQ610_stream_stream_ap_uint_const_int_bool_stream_bi_16 = getelementptr i16 %RunSubbandRealtimeTopCoreQ610_stream_stream_ap_uint_const_int_bool_stream_bi_1, i32 0, i32 %zext_ln2562_15" [H:/subband_ref_q610_opt_stage4_latency_stepL2.cpp:2562]   --->   Operation 154 'getelementptr' 'RunSubbandRealtimeTopCoreQ610_stream_stream_ap_uint_const_int_bool_stream_bi_16' <Predicate = true> <Delay = 0.00>
ST_16 : Operation 155 [1/1] (0.00ns)   --->   "%RunSubbandRealtimeTopCoreQ610_stream_stream_ap_uint_const_int_bool_stream_bi_17 = getelementptr i16 %RunSubbandRealtimeTopCoreQ610_stream_stream_ap_uint_const_int_bool_stream_bi, i32 0, i32 %zext_ln2562_15" [H:/subband_ref_q610_opt_stage4_latency_stepL2.cpp:2562]   --->   Operation 155 'getelementptr' 'RunSubbandRealtimeTopCoreQ610_stream_stream_ap_uint_const_int_bool_stream_bi_17' <Predicate = true> <Delay = 0.00>
ST_16 : Operation 156 [1/1] (3.25ns)   --->   "%store_ln2562 = store i16 %value_82, i8 %RunSubbandRealtimeTopCoreQ610_stream_stream_ap_uint_const_int_bool_stream_bi_14" [H:/subband_ref_q610_opt_stage4_latency_stepL2.cpp:2562]   --->   Operation 156 'store' 'store_ln2562' <Predicate = true> <Delay = 3.25> <CoreInst = "RAM">   --->   Core 82 'RAM' <Latency = 1> <II = 1> <Delay = 3.25> <Storage> <Opcode : 'load' 'store'> <Ports = 2> <Width = 16> <Depth = 224> <RAM>
ST_16 : Operation 157 [1/1] (3.25ns)   --->   "%store_ln2562 = store i16 %value_84, i8 %RunSubbandRealtimeTopCoreQ610_stream_stream_ap_uint_const_int_bool_stream_bi_16" [H:/subband_ref_q610_opt_stage4_latency_stepL2.cpp:2562]   --->   Operation 157 'store' 'store_ln2562' <Predicate = true> <Delay = 3.25> <CoreInst = "RAM">   --->   Core 82 'RAM' <Latency = 1> <II = 1> <Delay = 3.25> <Storage> <Opcode : 'load' 'store'> <Ports = 2> <Width = 16> <Depth = 224> <RAM>
ST_16 : Operation 158 [1/1] (3.25ns)   --->   "%store_ln2562 = store i16 %value_83, i8 %RunSubbandRealtimeTopCoreQ610_stream_stream_ap_uint_const_int_bool_stream_bi_15" [H:/subband_ref_q610_opt_stage4_latency_stepL2.cpp:2562]   --->   Operation 158 'store' 'store_ln2562' <Predicate = true> <Delay = 3.25> <CoreInst = "RAM">   --->   Core 82 'RAM' <Latency = 1> <II = 1> <Delay = 3.25> <Storage> <Opcode : 'load' 'store'> <Ports = 2> <Width = 16> <Depth = 224> <RAM>
ST_16 : Operation 159 [1/1] (3.25ns)   --->   "%store_ln2562 = store i16 %value_85, i8 %RunSubbandRealtimeTopCoreQ610_stream_stream_ap_uint_const_int_bool_stream_bi_17" [H:/subband_ref_q610_opt_stage4_latency_stepL2.cpp:2562]   --->   Operation 159 'store' 'store_ln2562' <Predicate = true> <Delay = 3.25> <CoreInst = "RAM">   --->   Core 82 'RAM' <Latency = 1> <II = 1> <Delay = 3.25> <Storage> <Opcode : 'load' 'store'> <Ports = 2> <Width = 16> <Depth = 224> <RAM>
ST_16 : Operation 160 [1/1] (0.00ns)   --->   "%br_ln2556 = br void %VITIS_LOOP_2560_11" [H:/subband_ref_q610_opt_stage4_latency_stepL2.cpp:2556]   --->   Operation 160 'br' 'br_ln2556' <Predicate = true> <Delay = 0.00>


============================================================
+ Verbose Summary: Timing violations
============================================================
Target clock period: 10.000ns, clock uncertainty: 2.700ns.

 <State 1>: 8.254ns
The critical path consists of the following:
	'store' operation 0 bit ('store_ln2556', H:/subband_ref_q610_opt_stage4_latency_stepL2.cpp:2556) of constant 0 on local variable 'hidden_base', H:/subband_ref_q610_opt_stage4_latency_stepL2.cpp:2556 [14]  (1.588 ns)
	'load' operation 8 bit ('hidden_base_1_load', H:/subband_ref_q610_opt_stage4_latency_stepL2.cpp:2556) on local variable 'hidden_base', H:/subband_ref_q610_opt_stage4_latency_stepL2.cpp:2556 [22]  (0.000 ns)
	'icmp' operation 1 bit ('icmp_ln2556', H:/subband_ref_q610_opt_stage4_latency_stepL2.cpp:2556) [27]  (1.915 ns)
	'select' operation 8 bit ('select_ln2555', H:/subband_ref_q610_opt_stage4_latency_stepL2.cpp:2555) [28]  (1.248 ns)
	'add' operation 8 bit ('add_ln2556', H:/subband_ref_q610_opt_stage4_latency_stepL2.cpp:2556) [138]  (1.915 ns)
	'store' operation 0 bit ('store_ln2556', H:/subband_ref_q610_opt_stage4_latency_stepL2.cpp:2556) of variable 'add_ln2556', H:/subband_ref_q610_opt_stage4_latency_stepL2.cpp:2556 on local variable 'hidden_base', H:/subband_ref_q610_opt_stage4_latency_stepL2.cpp:2556 [141]  (1.588 ns)

 <State 2>: 6.893ns
The critical path consists of the following:
	'add' operation 32 bit ('add_ln2373', H:/subband_ref_q610_opt_stage4_latency_stepL2.cpp:2373->H:/subband_ref_q610_opt_stage4_latency_stepL2.cpp:2559) [40]  (0.000 ns)
	'add' operation 32 bit ('add_ln2373_4', H:/subband_ref_q610_opt_stage4_latency_stepL2.cpp:2373->H:/subband_ref_q610_opt_stage4_latency_stepL2.cpp:2559) [44]  (4.371 ns)
	'sub' operation 31 bit ('sub_ln2373', H:/subband_ref_q610_opt_stage4_latency_stepL2.cpp:2373->H:/subband_ref_q610_opt_stage4_latency_stepL2.cpp:2559) [47]  (2.522 ns)

 <State 3>: 4.956ns
The critical path consists of the following:
	'sub' operation 27 bit ('sub_ln2373_7', H:/subband_ref_q610_opt_stage4_latency_stepL2.cpp:2373->H:/subband_ref_q610_opt_stage4_latency_stepL2.cpp:2559) [49]  (2.404 ns)
	'select' operation 27 bit ('select_ln2373', H:/subband_ref_q610_opt_stage4_latency_stepL2.cpp:2373->H:/subband_ref_q610_opt_stage4_latency_stepL2.cpp:2559) [51]  (0.000 ns)
	'add' operation 32 bit ('add_ln2559', H:/subband_ref_q610_opt_stage4_latency_stepL2.cpp:2559) [53]  (2.552 ns)

 <State 4>: 7.300ns
The critical path consists of the following:
	'getelementptr' operation 256 bit ('weights_addr', H:/subband_ref_q610_opt_stage4_latency_stepL2.cpp:2559) [56]  (0.000 ns)
	bus request operation ('word_1_req', H:/subband_ref_q610_opt_stage4_latency_stepL2.cpp:2559) on port 'weights' (H:/subband_ref_q610_opt_stage4_latency_stepL2.cpp:2559) [57]  (7.300 ns)

 <State 5>: 7.300ns
The critical path consists of the following:
	bus request operation ('word_1_req', H:/subband_ref_q610_opt_stage4_latency_stepL2.cpp:2559) on port 'weights' (H:/subband_ref_q610_opt_stage4_latency_stepL2.cpp:2559) [57]  (7.300 ns)

 <State 6>: 7.300ns
The critical path consists of the following:
	bus request operation ('word_1_req', H:/subband_ref_q610_opt_stage4_latency_stepL2.cpp:2559) on port 'weights' (H:/subband_ref_q610_opt_stage4_latency_stepL2.cpp:2559) [57]  (7.300 ns)

 <State 7>: 7.300ns
The critical path consists of the following:
	bus request operation ('word_1_req', H:/subband_ref_q610_opt_stage4_latency_stepL2.cpp:2559) on port 'weights' (H:/subband_ref_q610_opt_stage4_latency_stepL2.cpp:2559) [57]  (7.300 ns)

 <State 8>: 7.300ns
The critical path consists of the following:
	bus request operation ('word_1_req', H:/subband_ref_q610_opt_stage4_latency_stepL2.cpp:2559) on port 'weights' (H:/subband_ref_q610_opt_stage4_latency_stepL2.cpp:2559) [57]  (7.300 ns)

 <State 9>: 7.300ns
The critical path consists of the following:
	bus request operation ('word_1_req', H:/subband_ref_q610_opt_stage4_latency_stepL2.cpp:2559) on port 'weights' (H:/subband_ref_q610_opt_stage4_latency_stepL2.cpp:2559) [57]  (7.300 ns)

 <State 10>: 7.300ns
The critical path consists of the following:
	bus request operation ('word_1_req', H:/subband_ref_q610_opt_stage4_latency_stepL2.cpp:2559) on port 'weights' (H:/subband_ref_q610_opt_stage4_latency_stepL2.cpp:2559) [57]  (7.300 ns)

 <State 11>: 7.300ns
The critical path consists of the following:
	bus request operation ('word_1_req', H:/subband_ref_q610_opt_stage4_latency_stepL2.cpp:2559) on port 'weights' (H:/subband_ref_q610_opt_stage4_latency_stepL2.cpp:2559) [57]  (7.300 ns)

 <State 12>: 7.300ns
The critical path consists of the following:
	bus read operation ('word', H:/subband_ref_q610_opt_stage4_latency_stepL2.cpp:2559) on port 'weights' (H:/subband_ref_q610_opt_stage4_latency_stepL2.cpp:2559) [58]  (7.300 ns)

 <State 13>: 6.417ns
The critical path consists of the following:
	'select' operation 8 bit ('select_ln2557', H:/subband_ref_q610_opt_stage4_latency_stepL2.cpp:2557) [37]  (1.248 ns)
	'add' operation 8 bit ('add_ln2562', H:/subband_ref_q610_opt_stage4_latency_stepL2.cpp:2562) [61]  (1.915 ns)
	'getelementptr' operation 8 bit ('RunSubbandRealtimeTopCoreQ610_stream_stream_ap_uint_const_int_bool_stream_bi_2', H:/subband_ref_q610_opt_stage4_latency_stepL2.cpp:2562) [63]  (0.000 ns)
	'store' operation 0 bit ('store_ln2562', H:/subband_ref_q610_opt_stage4_latency_stepL2.cpp:2562) of variable 'value', H:/subband_ref_q610_opt_stage4_latency_stepL2.cpp:2367->H:/subband_ref_q610_opt_stage4_latency_stepL2.cpp:2562 on array 'RunSubbandRealtimeTopCoreQ610_stream_stream_ap_uint_const_int_bool_stream_bi_1' [122]  (3.254 ns)

 <State 14>: 5.169ns
The critical path consists of the following:
	'or' operation 7 bit ('or_ln2562_1', H:/subband_ref_q610_opt_stage4_latency_stepL2.cpp:2562) [75]  (0.000 ns)
	'add' operation 8 bit ('add_ln2562_2', H:/subband_ref_q610_opt_stage4_latency_stepL2.cpp:2562) [77]  (1.915 ns)
	'getelementptr' operation 8 bit ('RunSubbandRealtimeTopCoreQ610_stream_stream_ap_uint_const_int_bool_stream_bi_6', H:/subband_ref_q610_opt_stage4_latency_stepL2.cpp:2562) [79]  (0.000 ns)
	'store' operation 0 bit ('store_ln2562', H:/subband_ref_q610_opt_stage4_latency_stepL2.cpp:2562) of variable 'value', H:/subband_ref_q610_opt_stage4_latency_stepL2.cpp:2367->H:/subband_ref_q610_opt_stage4_latency_stepL2.cpp:2562 on array 'RunSubbandRealtimeTopCoreQ610_stream_stream_ap_uint_const_int_bool_stream_bi_1' [124]  (3.254 ns)

 <State 15>: 5.169ns
The critical path consists of the following:
	'or' operation 7 bit ('or_ln2562_3', H:/subband_ref_q610_opt_stage4_latency_stepL2.cpp:2562) [91]  (0.000 ns)
	'add' operation 8 bit ('add_ln2562_4', H:/subband_ref_q610_opt_stage4_latency_stepL2.cpp:2562) [93]  (1.915 ns)
	'getelementptr' operation 8 bit ('RunSubbandRealtimeTopCoreQ610_stream_stream_ap_uint_const_int_bool_stream_bi_10', H:/subband_ref_q610_opt_stage4_latency_stepL2.cpp:2562) [95]  (0.000 ns)
	'store' operation 0 bit ('store_ln2562', H:/subband_ref_q610_opt_stage4_latency_stepL2.cpp:2562) of variable 'value', H:/subband_ref_q610_opt_stage4_latency_stepL2.cpp:2367->H:/subband_ref_q610_opt_stage4_latency_stepL2.cpp:2562 on array 'RunSubbandRealtimeTopCoreQ610_stream_stream_ap_uint_const_int_bool_stream_bi_1' [126]  (3.254 ns)

 <State 16>: 5.169ns
The critical path consists of the following:
	'or' operation 7 bit ('or_ln2562_5', H:/subband_ref_q610_opt_stage4_latency_stepL2.cpp:2562) [107]  (0.000 ns)
	'add' operation 8 bit ('add_ln2562_6', H:/subband_ref_q610_opt_stage4_latency_stepL2.cpp:2562) [109]  (1.915 ns)
	'getelementptr' operation 8 bit ('RunSubbandRealtimeTopCoreQ610_stream_stream_ap_uint_const_int_bool_stream_bi_14', H:/subband_ref_q610_opt_stage4_latency_stepL2.cpp:2562) [111]  (0.000 ns)
	'store' operation 0 bit ('store_ln2562', H:/subband_ref_q610_opt_stage4_latency_stepL2.cpp:2562) of variable 'value', H:/subband_ref_q610_opt_stage4_latency_stepL2.cpp:2367->H:/subband_ref_q610_opt_stage4_latency_stepL2.cpp:2562 on array 'RunSubbandRealtimeTopCoreQ610_stream_stream_ap_uint_const_int_bool_stream_bi_1' [128]  (3.254 ns)


============================================================
+ Verbose Summary: Binding
============================================================
N/A
* FSMD analyzer results:
  - Output states:
 - Input state : 
  - Chain level:
	State 1
	State 2
	State 3
	State 4
	State 5
	State 6
	State 7
	State 8
	State 9
	State 10
	State 11
	State 12
	State 13
	State 14
	State 15
	State 16


============================================================
+ Verbose Summary: Datapath Resource usage 
============================================================
N/A
