

================================================================
== Vitis HLS Report for 'p_anonymous_namespace_ClearRealtimeStatesQ610'
================================================================
* Date:           Thu May 14 12:26:58 2026

* Version:        2023.2 (Build 4023990 on Oct 11 2023)
* Project:        subband_q610_realtime_hls
* Solution:       solution1 (Vivado IP Flow Target)
* Product family: zynq
* Target device:  xc7z020-clg400-1


================================================================
== Performance Estimates
================================================================
+ Timing: 
    * Summary: 
    +--------+----------+----------+------------+
    |  Clock |  Target  | Estimated| Uncertainty|
    +--------+----------+----------+------------+
    |ap_clk  |  10.00 ns|  7.644 ns|     2.70 ns|
    +--------+----------+----------+------------+

+ Latency: 
    * Summary: 
    +---------+---------+-----------+-----------+------+------+---------+
    |  Latency (cycles) |   Latency (absolute)  |   Interval  | Pipeline|
    |   min   |   max   |    min    |    max    |  min |  max |   Type  |
    +---------+---------+-----------+-----------+------+------+---------+
    |     5378|     5378|  53.780 us|  53.780 us|  5378|  5378|       no|
    +---------+---------+-----------+-----------+------+------+---------+

    + Detail: 
        * Instance: 
        N/A

        * Loop: 
        +---------------------------------------------------------+---------+---------+----------+-----------+-----------+------+----------+
        |                                                         |  Latency (cycles) | Iteration|  Initiation Interval  | Trip |          |
        |                        Loop Name                        |   min   |   max   |  Latency |  achieved |   target  | Count| Pipelined|
        +---------------------------------------------------------+---------+---------+----------+-----------+-----------+------+----------+
        |- VITIS_LOOP_2489_1_VITIS_LOOP_2490_2_VITIS_LOOP_2491_3  |     5376|     5376|         2|          1|          1|  5376|       yes|
        +---------------------------------------------------------+---------+---------+----------+-----------+-----------+------+----------+

============================================================
+ Verbose Summary: Synthesis Manager
============================================================
InlineROM: 1
ExposeGlobal: 0
============================================================
+ Verbose Summary: CDFG Model
============================================================
IsTopModel: 0
ResetActiveHigh: 1
IsCombinational: 0
IsDatapathOnly: 0
HasWiredReturn: 1
HasMFsm: 2
HasVarLatency: 1
IsPipeline: 0
IsRtlPipelined: 0
IsInstanceOverlapped: 0
IsDontTouch: 0
HasImplIP: 0
IsGatedGlobalClock: 0

+ Individual pipeline summary: 
  * Pipeline-0: initiation interval (II) = 1, depth = 3


============================================================
+ Verbose Summary: Schedule
============================================================
* Number of FSM states : 3
* Pipeline : 1
  Pipeline-0 : II = 1, D = 3, States = { 1 2 3 }
* Dataflow Pipeline: 0

* FSM state transitions: 
1 --> 2 
2 --> 3 
3 --> 

* FSM state operations: 

State 1 <SV = 0> <Delay = 1.58>
ST_1 : Operation 5 [1/1] (0.00ns)   --->   "%hidden_index = alloca i32 1" [H:/subband_ref_q610_opt_stage4_latency_stepL2.cpp:2491]   --->   Operation 5 'alloca' 'hidden_index' <Predicate = true> <Delay = 0.00>
ST_1 : Operation 6 [1/1] (0.00ns)   --->   "%subband_index = alloca i32 1" [H:/subband_ref_q610_opt_stage4_latency_stepL2.cpp:2490]   --->   Operation 6 'alloca' 'subband_index' <Predicate = true> <Delay = 0.00>
ST_1 : Operation 7 [1/1] (0.00ns)   --->   "%indvar_flatten = alloca i32 1"   --->   Operation 7 'alloca' 'indvar_flatten' <Predicate = true> <Delay = 0.00>
ST_1 : Operation 8 [1/1] (0.00ns)   --->   "%band_index = alloca i32 1" [H:/subband_ref_q610_opt_stage4_latency_stepL2.cpp:2489]   --->   Operation 8 'alloca' 'band_index' <Predicate = true> <Delay = 0.00>
ST_1 : Operation 9 [1/1] (0.00ns)   --->   "%indvar_flatten12 = alloca i32 1"   --->   Operation 9 'alloca' 'indvar_flatten12' <Predicate = true> <Delay = 0.00>
ST_1 : Operation 10 [1/1] (0.00ns)   --->   "%specmemcore_ln0 = specmemcore void @_ssdm_op_SpecMemCore, i16 %RunSubbandRealtimeTopCoreQ610_stream_stream_ap_uint_const_int_bool_stream_la_5, i64 666, i64 22, i64 18446744073709551615"   --->   Operation 10 'specmemcore' 'specmemcore_ln0' <Predicate = true> <Delay = 0.00>
ST_1 : Operation 11 [1/1] (0.00ns)   --->   "%specmemcore_ln0 = specmemcore void @_ssdm_op_SpecMemCore, i16 %RunSubbandRealtimeTopCoreQ610_stream_stream_ap_uint_const_int_bool_stream_la_4, i64 666, i64 22, i64 18446744073709551615"   --->   Operation 11 'specmemcore' 'specmemcore_ln0' <Predicate = true> <Delay = 0.00>
ST_1 : Operation 12 [1/1] (0.00ns)   --->   "%specmemcore_ln0 = specmemcore void @_ssdm_op_SpecMemCore, i16 %RunSubbandRealtimeTopCoreQ610_stream_stream_ap_uint_const_int_bool_stream_la_3, i64 666, i64 22, i64 18446744073709551615"   --->   Operation 12 'specmemcore' 'specmemcore_ln0' <Predicate = true> <Delay = 0.00>
ST_1 : Operation 13 [1/1] (0.00ns)   --->   "%specmemcore_ln0 = specmemcore void @_ssdm_op_SpecMemCore, i16 %RunSubbandRealtimeTopCoreQ610_stream_stream_ap_uint_const_int_bool_stream_la_2, i64 666, i64 22, i64 18446744073709551615"   --->   Operation 13 'specmemcore' 'specmemcore_ln0' <Predicate = true> <Delay = 0.00>
ST_1 : Operation 14 [1/1] (0.00ns)   --->   "%specmemcore_ln0 = specmemcore void @_ssdm_op_SpecMemCore, i16 %RunSubbandRealtimeTopCoreQ610_stream_stream_ap_uint_const_int_bool_stream_la_11, i64 666, i64 22, i64 18446744073709551615"   --->   Operation 14 'specmemcore' 'specmemcore_ln0' <Predicate = true> <Delay = 0.00>
ST_1 : Operation 15 [1/1] (0.00ns)   --->   "%specmemcore_ln0 = specmemcore void @_ssdm_op_SpecMemCore, i16 %RunSubbandRealtimeTopCoreQ610_stream_stream_ap_uint_const_int_bool_stream_la_10, i64 666, i64 22, i64 18446744073709551615"   --->   Operation 15 'specmemcore' 'specmemcore_ln0' <Predicate = true> <Delay = 0.00>
ST_1 : Operation 16 [1/1] (0.00ns)   --->   "%specmemcore_ln0 = specmemcore void @_ssdm_op_SpecMemCore, i16 %RunSubbandRealtimeTopCoreQ610_stream_stream_ap_uint_const_int_bool_stream_la_9, i64 666, i64 22, i64 18446744073709551615"   --->   Operation 16 'specmemcore' 'specmemcore_ln0' <Predicate = true> <Delay = 0.00>
ST_1 : Operation 17 [1/1] (0.00ns)   --->   "%specmemcore_ln0 = specmemcore void @_ssdm_op_SpecMemCore, i16 %RunSubbandRealtimeTopCoreQ610_stream_stream_ap_uint_const_int_bool_stream_la_8, i64 666, i64 22, i64 18446744073709551615"   --->   Operation 17 'specmemcore' 'specmemcore_ln0' <Predicate = true> <Delay = 0.00>
ST_1 : Operation 18 [1/1] (1.58ns)   --->   "%store_ln0 = store i13 0, i13 %indvar_flatten12"   --->   Operation 18 'store' 'store_ln0' <Predicate = true> <Delay = 1.58>
ST_1 : Operation 19 [1/1] (1.58ns)   --->   "%store_ln2489 = store i2 0, i2 %band_index" [H:/subband_ref_q610_opt_stage4_latency_stepL2.cpp:2489]   --->   Operation 19 'store' 'store_ln2489' <Predicate = true> <Delay = 1.58>
ST_1 : Operation 20 [1/1] (1.58ns)   --->   "%store_ln0 = store i12 0, i12 %indvar_flatten"   --->   Operation 20 'store' 'store_ln0' <Predicate = true> <Delay = 1.58>
ST_1 : Operation 21 [1/1] (1.58ns)   --->   "%store_ln2490 = store i4 0, i4 %subband_index" [H:/subband_ref_q610_opt_stage4_latency_stepL2.cpp:2490]   --->   Operation 21 'store' 'store_ln2490' <Predicate = true> <Delay = 1.58>
ST_1 : Operation 22 [1/1] (1.58ns)   --->   "%store_ln2491 = store i8 0, i8 %hidden_index" [H:/subband_ref_q610_opt_stage4_latency_stepL2.cpp:2491]   --->   Operation 22 'store' 'store_ln2491' <Predicate = true> <Delay = 1.58>
ST_1 : Operation 23 [1/1] (0.00ns)   --->   "%br_ln2489 = br void %for.inc" [H:/subband_ref_q610_opt_stage4_latency_stepL2.cpp:2489]   --->   Operation 23 'br' 'br_ln2489' <Predicate = true> <Delay = 0.00>

State 2 <SV = 1> <Delay = 7.64>
ST_2 : Operation 24 [1/1] (0.00ns)   --->   "%indvar_flatten_load = load i12 %indvar_flatten" [H:/subband_ref_q610_opt_stage4_latency_stepL2.cpp:2490]   --->   Operation 24 'load' 'indvar_flatten_load' <Predicate = true> <Delay = 0.00>
ST_2 : Operation 25 [1/1] (0.00ns)   --->   "%indvar_flatten12_load = load i13 %indvar_flatten12" [H:/subband_ref_q610_opt_stage4_latency_stepL2.cpp:2489]   --->   Operation 25 'load' 'indvar_flatten12_load' <Predicate = true> <Delay = 0.00>
ST_2 : Operation 26 [1/1] (1.67ns)   --->   "%icmp_ln2489 = icmp_eq  i13 %indvar_flatten12_load, i13 5376" [H:/subband_ref_q610_opt_stage4_latency_stepL2.cpp:2489]   --->   Operation 26 'icmp' 'icmp_ln2489' <Predicate = true> <Delay = 1.67> <CoreInst = "Cmp">   --->   Core 9 'Cmp' <Latency = 0> <II = 1> <Delay = 1.67> <FuncUnit> <Opcode : 'icmp'> <InPorts = 2> <OutPorts = 1>
ST_2 : Operation 27 [1/1] (1.67ns)   --->   "%add_ln2489_1 = add i13 %indvar_flatten12_load, i13 1" [H:/subband_ref_q610_opt_stage4_latency_stepL2.cpp:2489]   --->   Operation 27 'add' 'add_ln2489_1' <Predicate = true> <Delay = 1.67> <CoreInst = "Adder">   --->   Core 1 'Adder' <Latency = 0> <II = 1> <Delay = 1.67> <FuncUnit> <Opcode : 'add' 'sub'> <InPorts = 2> <OutPorts = 1>
ST_2 : Operation 28 [1/1] (0.00ns)   --->   "%br_ln2489 = br i1 %icmp_ln2489, void %for.inc37, void %for.end39" [H:/subband_ref_q610_opt_stage4_latency_stepL2.cpp:2489]   --->   Operation 28 'br' 'br_ln2489' <Predicate = true> <Delay = 0.00>
ST_2 : Operation 29 [1/1] (0.00ns)   --->   "%hidden_index_load = load i8 %hidden_index" [H:/subband_ref_q610_opt_stage4_latency_stepL2.cpp:2491]   --->   Operation 29 'load' 'hidden_index_load' <Predicate = (!icmp_ln2489)> <Delay = 0.00>
ST_2 : Operation 30 [1/1] (0.00ns)   --->   "%subband_index_load = load i4 %subband_index" [H:/subband_ref_q610_opt_stage4_latency_stepL2.cpp:2489]   --->   Operation 30 'load' 'subband_index_load' <Predicate = (!icmp_ln2489)> <Delay = 0.00>
ST_2 : Operation 31 [1/1] (0.00ns)   --->   "%band_index_load = load i2 %band_index" [H:/subband_ref_q610_opt_stage4_latency_stepL2.cpp:2489]   --->   Operation 31 'load' 'band_index_load' <Predicate = (!icmp_ln2489)> <Delay = 0.00>
ST_2 : Operation 32 [1/1] (1.56ns)   --->   "%add_ln2489 = add i2 %band_index_load, i2 1" [H:/subband_ref_q610_opt_stage4_latency_stepL2.cpp:2489]   --->   Operation 32 'add' 'add_ln2489' <Predicate = (!icmp_ln2489)> <Delay = 1.56> <CoreInst = "Adder">   --->   Core 1 'Adder' <Latency = 0> <II = 1> <Delay = 1.56> <FuncUnit> <Opcode : 'add' 'sub'> <InPorts = 2> <OutPorts = 1>
ST_2 : Operation 33 [1/1] (1.54ns)   --->   "%icmp_ln2490 = icmp_eq  i12 %indvar_flatten_load, i12 1792" [H:/subband_ref_q610_opt_stage4_latency_stepL2.cpp:2490]   --->   Operation 33 'icmp' 'icmp_ln2490' <Predicate = (!icmp_ln2489)> <Delay = 1.54> <CoreInst = "Cmp">   --->   Core 9 'Cmp' <Latency = 0> <II = 1> <Delay = 1.54> <FuncUnit> <Opcode : 'icmp'> <InPorts = 2> <OutPorts = 1>
ST_2 : Operation 34 [1/1] (1.02ns)   --->   "%select_ln2489 = select i1 %icmp_ln2490, i4 0, i4 %subband_index_load" [H:/subband_ref_q610_opt_stage4_latency_stepL2.cpp:2489]   --->   Operation 34 'select' 'select_ln2489' <Predicate = (!icmp_ln2489)> <Delay = 1.02> <CoreInst = "Sel">   --->   Core 73 'Sel' <Latency = 0> <II = 1> <Delay = 1.02> <FuncUnit> <Opcode : 'select'> <InPorts = 3> <OutPorts = 1>
ST_2 : Operation 35 [1/1] (0.00ns) (grouped into LUT with out node and_ln2489)   --->   "%xor_ln2489 = xor i1 %icmp_ln2490, i1 1" [H:/subband_ref_q610_opt_stage4_latency_stepL2.cpp:2489]   --->   Operation 35 'xor' 'xor_ln2489' <Predicate = (!icmp_ln2489)> <Delay = 0.00> <CoreInst = "LogicGate">   --->   Core 74 'LogicGate' <Latency = 0> <II = 1> <Delay = 0.97> <FuncUnit> <Opcode : 'and' 'or' 'xor'> <InPorts = 2> <OutPorts = 1>
ST_2 : Operation 36 [1/1] (1.91ns)   --->   "%icmp_ln2491 = icmp_eq  i8 %hidden_index_load, i8 224" [H:/subband_ref_q610_opt_stage4_latency_stepL2.cpp:2491]   --->   Operation 36 'icmp' 'icmp_ln2491' <Predicate = (!icmp_ln2489)> <Delay = 1.91> <CoreInst = "Cmp">   --->   Core 9 'Cmp' <Latency = 0> <II = 1> <Delay = 1.91> <FuncUnit> <Opcode : 'icmp'> <InPorts = 2> <OutPorts = 1>
ST_2 : Operation 37 [1/1] (0.97ns) (out node of the LUT)   --->   "%and_ln2489 = and i1 %icmp_ln2491, i1 %xor_ln2489" [H:/subband_ref_q610_opt_stage4_latency_stepL2.cpp:2489]   --->   Operation 37 'and' 'and_ln2489' <Predicate = (!icmp_ln2489)> <Delay = 0.97> <CoreInst = "LogicGate">   --->   Core 74 'LogicGate' <Latency = 0> <II = 1> <Delay = 0.97> <FuncUnit> <Opcode : 'and' 'or' 'xor'> <InPorts = 2> <OutPorts = 1>
ST_2 : Operation 38 [1/1] (0.99ns)   --->   "%select_ln2489_1 = select i1 %icmp_ln2490, i2 %add_ln2489, i2 %band_index_load" [H:/subband_ref_q610_opt_stage4_latency_stepL2.cpp:2489]   --->   Operation 38 'select' 'select_ln2489_1' <Predicate = (!icmp_ln2489)> <Delay = 0.99> <CoreInst = "Sel">   --->   Core 73 'Sel' <Latency = 0> <II = 1> <Delay = 0.99> <FuncUnit> <Opcode : 'select'> <InPorts = 3> <OutPorts = 1>
ST_2 : Operation 39 [1/1] (1.73ns)   --->   "%add_ln2490 = add i4 %select_ln2489, i4 1" [H:/subband_ref_q610_opt_stage4_latency_stepL2.cpp:2490]   --->   Operation 39 'add' 'add_ln2490' <Predicate = (!icmp_ln2489)> <Delay = 1.73> <CoreInst = "Adder">   --->   Core 1 'Adder' <Latency = 0> <II = 1> <Delay = 1.73> <FuncUnit> <Opcode : 'add' 'sub'> <InPorts = 2> <OutPorts = 1>
ST_2 : Operation 40 [1/1] (0.00ns) (grouped into LUT with out node select_ln2490)   --->   "%or_ln2490 = or i1 %and_ln2489, i1 %icmp_ln2490" [H:/subband_ref_q610_opt_stage4_latency_stepL2.cpp:2490]   --->   Operation 40 'or' 'or_ln2490' <Predicate = (!icmp_ln2489)> <Delay = 0.00> <CoreInst = "LogicGate">   --->   Core 74 'LogicGate' <Latency = 0> <II = 1> <Delay = 0.97> <FuncUnit> <Opcode : 'and' 'or' 'xor'> <InPorts = 2> <OutPorts = 1>
ST_2 : Operation 41 [1/1] (1.24ns) (out node of the LUT)   --->   "%select_ln2490 = select i1 %or_ln2490, i8 0, i8 %hidden_index_load" [H:/subband_ref_q610_opt_stage4_latency_stepL2.cpp:2490]   --->   Operation 41 'select' 'select_ln2490' <Predicate = (!icmp_ln2489)> <Delay = 1.24> <CoreInst = "Sel">   --->   Core 73 'Sel' <Latency = 0> <II = 1> <Delay = 1.24> <FuncUnit> <Opcode : 'select'> <InPorts = 3> <OutPorts = 1>
ST_2 : Operation 42 [1/1] (1.02ns)   --->   "%select_ln2490_1 = select i1 %and_ln2489, i4 %add_ln2490, i4 %select_ln2489" [H:/subband_ref_q610_opt_stage4_latency_stepL2.cpp:2490]   --->   Operation 42 'select' 'select_ln2490_1' <Predicate = (!icmp_ln2489)> <Delay = 1.02> <CoreInst = "Sel">   --->   Core 73 'Sel' <Latency = 0> <II = 1> <Delay = 1.02> <FuncUnit> <Opcode : 'select'> <InPorts = 3> <OutPorts = 1>
ST_2 : Operation 43 [1/1] (0.00ns)   --->   "%trunc_ln2493 = trunc i4 %select_ln2490_1" [H:/subband_ref_q610_opt_stage4_latency_stepL2.cpp:2493]   --->   Operation 43 'trunc' 'trunc_ln2493' <Predicate = (!icmp_ln2489)> <Delay = 0.00>
ST_2 : Operation 44 [1/1] (0.00ns)   --->   "%trunc_ln2491 = trunc i8 %select_ln2490" [H:/subband_ref_q610_opt_stage4_latency_stepL2.cpp:2491]   --->   Operation 44 'trunc' 'trunc_ln2491' <Predicate = (!icmp_ln2489)> <Delay = 0.00>
ST_2 : Operation 45 [1/1] (0.00ns)   --->   "%lshr_ln = partselect i7 @_ssdm_op_PartSelect.i7.i8.i32.i32, i8 %select_ln2490, i32 1, i32 7" [H:/subband_ref_q610_opt_stage4_latency_stepL2.cpp:2491]   --->   Operation 45 'partselect' 'lshr_ln' <Predicate = (!icmp_ln2489)> <Delay = 0.00>
ST_2 : Operation 46 [1/1] (0.00ns)   --->   "%br_ln2493 = br i1 %trunc_ln2491, void %arrayidx33818.case.0, void %arrayidx33818.case.1" [H:/subband_ref_q610_opt_stage4_latency_stepL2.cpp:2493]   --->   Operation 46 'br' 'br_ln2493' <Predicate = (!icmp_ln2489)> <Delay = 0.00>
ST_2 : Operation 47 [1/1] (1.91ns)   --->   "%add_ln2491 = add i8 %select_ln2490, i8 1" [H:/subband_ref_q610_opt_stage4_latency_stepL2.cpp:2491]   --->   Operation 47 'add' 'add_ln2491' <Predicate = (!icmp_ln2489)> <Delay = 1.91> <CoreInst = "Adder">   --->   Core 1 'Adder' <Latency = 0> <II = 1> <Delay = 1.91> <FuncUnit> <Opcode : 'add' 'sub'> <InPorts = 2> <OutPorts = 1>
ST_2 : Operation 48 [1/1] (1.54ns)   --->   "%add_ln2490_1 = add i12 %indvar_flatten_load, i12 1" [H:/subband_ref_q610_opt_stage4_latency_stepL2.cpp:2490]   --->   Operation 48 'add' 'add_ln2490_1' <Predicate = (!icmp_ln2489)> <Delay = 1.54> <CoreInst = "Adder">   --->   Core 1 'Adder' <Latency = 0> <II = 1> <Delay = 1.54> <FuncUnit> <Opcode : 'add' 'sub'> <InPorts = 2> <OutPorts = 1>
ST_2 : Operation 49 [1/1] (0.69ns)   --->   "%select_ln2490_2 = select i1 %icmp_ln2490, i12 1, i12 %add_ln2490_1" [H:/subband_ref_q610_opt_stage4_latency_stepL2.cpp:2490]   --->   Operation 49 'select' 'select_ln2490_2' <Predicate = (!icmp_ln2489)> <Delay = 0.69> <CoreInst = "Sel">   --->   Core 73 'Sel' <Latency = 0> <II = 1> <Delay = 0.69> <FuncUnit> <Opcode : 'select'> <InPorts = 3> <OutPorts = 1>
ST_2 : Operation 50 [1/1] (1.58ns)   --->   "%store_ln2489 = store i13 %add_ln2489_1, i13 %indvar_flatten12" [H:/subband_ref_q610_opt_stage4_latency_stepL2.cpp:2489]   --->   Operation 50 'store' 'store_ln2489' <Predicate = (!icmp_ln2489)> <Delay = 1.58>
ST_2 : Operation 51 [1/1] (1.58ns)   --->   "%store_ln2489 = store i2 %select_ln2489_1, i2 %band_index" [H:/subband_ref_q610_opt_stage4_latency_stepL2.cpp:2489]   --->   Operation 51 'store' 'store_ln2489' <Predicate = (!icmp_ln2489)> <Delay = 1.58>
ST_2 : Operation 52 [1/1] (1.58ns)   --->   "%store_ln2490 = store i12 %select_ln2490_2, i12 %indvar_flatten" [H:/subband_ref_q610_opt_stage4_latency_stepL2.cpp:2490]   --->   Operation 52 'store' 'store_ln2490' <Predicate = (!icmp_ln2489)> <Delay = 1.58>
ST_2 : Operation 53 [1/1] (1.58ns)   --->   "%store_ln2490 = store i4 %select_ln2490_1, i4 %subband_index" [H:/subband_ref_q610_opt_stage4_latency_stepL2.cpp:2490]   --->   Operation 53 'store' 'store_ln2490' <Predicate = (!icmp_ln2489)> <Delay = 1.58>
ST_2 : Operation 54 [1/1] (1.58ns)   --->   "%store_ln2491 = store i8 %add_ln2491, i8 %hidden_index" [H:/subband_ref_q610_opt_stage4_latency_stepL2.cpp:2491]   --->   Operation 54 'store' 'store_ln2491' <Predicate = (!icmp_ln2489)> <Delay = 1.58>
ST_2 : Operation 55 [1/1] (0.00ns)   --->   "%br_ln2491 = br void %for.inc" [H:/subband_ref_q610_opt_stage4_latency_stepL2.cpp:2491]   --->   Operation 55 'br' 'br_ln2491' <Predicate = (!icmp_ln2489)> <Delay = 0.00>
ST_2 : Operation 84 [1/1] (0.00ns)   --->   "%ret_ln2500 = ret" [H:/subband_ref_q610_opt_stage4_latency_stepL2.cpp:2500]   --->   Operation 84 'ret' 'ret_ln2500' <Predicate = (icmp_ln2489)> <Delay = 0.00>

State 3 <SV = 2> <Delay = 7.04>
ST_3 : Operation 56 [1/1] (0.00ns)   --->   "%specloopname_ln0 = specloopname void @_ssdm_op_SpecLoopName, void @VITIS_LOOP_2489_1_VITIS_LOOP_2490_2_VITIS_LOOP_2491_3_str"   --->   Operation 56 'specloopname' 'specloopname_ln0' <Predicate = true> <Delay = 0.00>
ST_3 : Operation 57 [1/1] (0.00ns)   --->   "%speclooptripcount_ln0 = speclooptripcount void @_ssdm_op_SpecLoopTripCount, i64 5376, i64 5376, i64 5376"   --->   Operation 57 'speclooptripcount' 'speclooptripcount_ln0' <Predicate = true> <Delay = 0.00>
ST_3 : Operation 58 [1/1] (0.00ns)   --->   "%tmp = bitconcatenate i12 @_ssdm_op_BitConcatenate.i12.i2.i3.i7, i2 %select_ln2489_1, i3 %trunc_ln2493, i7 0" [H:/subband_ref_q610_opt_stage4_latency_stepL2.cpp:2494]   --->   Operation 58 'bitconcatenate' 'tmp' <Predicate = true> <Delay = 0.00>
ST_3 : Operation 59 [1/1] (0.00ns)   --->   "%tmp_s = bitconcatenate i9 @_ssdm_op_BitConcatenate.i9.i2.i3.i4, i2 %select_ln2489_1, i3 %trunc_ln2493, i4 0" [H:/subband_ref_q610_opt_stage4_latency_stepL2.cpp:2494]   --->   Operation 59 'bitconcatenate' 'tmp_s' <Predicate = true> <Delay = 0.00>
ST_3 : Operation 60 [1/1] (0.00ns)   --->   "%zext_ln2494 = zext i9 %tmp_s" [H:/subband_ref_q610_opt_stage4_latency_stepL2.cpp:2494]   --->   Operation 60 'zext' 'zext_ln2494' <Predicate = true> <Delay = 0.00>
ST_3 : Operation 61 [1/1] (0.00ns) (grouped into TernaryAdder)   --->   "%sub_ln2494 = sub i12 %tmp, i12 %zext_ln2494" [H:/subband_ref_q610_opt_stage4_latency_stepL2.cpp:2494]   --->   Operation 61 'sub' 'sub_ln2494' <Predicate = true> <Delay = 0.00> <CoreInst = "TAddSub">   --->   Core 10 'TAddSub' <Latency = 0> <II = 1> <Delay = 1.89> <IPBlock> <Opcode : '' 'add' 'sub'> <InPorts = 3> <OutPorts = 1> <Sync> <CReg>
ST_3 : Operation 62 [1/1] (0.00ns)   --->   "%specpipeline_ln2492 = specpipeline void @_ssdm_op_SpecPipeline, i32 1, i32 0, i32 0, i32 0, void @empty_136" [H:/subband_ref_q610_opt_stage4_latency_stepL2.cpp:2492]   --->   Operation 62 'specpipeline' 'specpipeline_ln2492' <Predicate = true> <Delay = 0.00>
ST_3 : Operation 63 [1/1] (0.00ns)   --->   "%zext_ln2494_1 = zext i7 %lshr_ln" [H:/subband_ref_q610_opt_stage4_latency_stepL2.cpp:2494]   --->   Operation 63 'zext' 'zext_ln2494_1' <Predicate = true> <Delay = 0.00>
ST_3 : Operation 64 [1/1] (3.78ns) (root node of TernaryAdder)   --->   "%add_ln2494 = add i12 %sub_ln2494, i12 %zext_ln2494_1" [H:/subband_ref_q610_opt_stage4_latency_stepL2.cpp:2494]   --->   Operation 64 'add' 'add_ln2494' <Predicate = true> <Delay = 3.78> <CoreInst = "TAddSub">   --->   Core 10 'TAddSub' <Latency = 0> <II = 1> <Delay = 1.89> <IPBlock> <Opcode : '' 'add' 'sub'> <InPorts = 3> <OutPorts = 1> <Sync> <CReg>
ST_3 : Operation 65 [1/1] (0.00ns)   --->   "%zext_ln2494_2 = zext i12 %add_ln2494" [H:/subband_ref_q610_opt_stage4_latency_stepL2.cpp:2494]   --->   Operation 65 'zext' 'zext_ln2494_2' <Predicate = true> <Delay = 0.00>
ST_3 : Operation 66 [1/1] (0.00ns)   --->   "%RunSubbandRealtimeTopCoreQ610_stream_stream_ap_uint_const_int_bool_stream_la_20 = getelementptr i16 %RunSubbandRealtimeTopCoreQ610_stream_stream_ap_uint_const_int_bool_stream_la_11, i32 0, i32 %zext_ln2494_2" [H:/subband_ref_q610_opt_stage4_latency_stepL2.cpp:2494]   --->   Operation 66 'getelementptr' 'RunSubbandRealtimeTopCoreQ610_stream_stream_ap_uint_const_int_bool_stream_la_20' <Predicate = true> <Delay = 0.00>
ST_3 : Operation 67 [1/1] (0.00ns)   --->   "%RunSubbandRealtimeTopCoreQ610_stream_stream_ap_uint_const_int_bool_stream_la_21 = getelementptr i16 %RunSubbandRealtimeTopCoreQ610_stream_stream_ap_uint_const_int_bool_stream_la_10, i32 0, i32 %zext_ln2494_2" [H:/subband_ref_q610_opt_stage4_latency_stepL2.cpp:2494]   --->   Operation 67 'getelementptr' 'RunSubbandRealtimeTopCoreQ610_stream_stream_ap_uint_const_int_bool_stream_la_21' <Predicate = true> <Delay = 0.00>
ST_3 : Operation 68 [1/1] (0.00ns)   --->   "%RunSubbandRealtimeTopCoreQ610_stream_stream_ap_uint_const_int_bool_stream_la_22 = getelementptr i16 %RunSubbandRealtimeTopCoreQ610_stream_stream_ap_uint_const_int_bool_stream_la_9, i32 0, i32 %zext_ln2494_2" [H:/subband_ref_q610_opt_stage4_latency_stepL2.cpp:2493]   --->   Operation 68 'getelementptr' 'RunSubbandRealtimeTopCoreQ610_stream_stream_ap_uint_const_int_bool_stream_la_22' <Predicate = true> <Delay = 0.00>
ST_3 : Operation 69 [1/1] (0.00ns)   --->   "%RunSubbandRealtimeTopCoreQ610_stream_stream_ap_uint_const_int_bool_stream_la_23 = getelementptr i16 %RunSubbandRealtimeTopCoreQ610_stream_stream_ap_uint_const_int_bool_stream_la_8, i32 0, i32 %zext_ln2494_2" [H:/subband_ref_q610_opt_stage4_latency_stepL2.cpp:2493]   --->   Operation 69 'getelementptr' 'RunSubbandRealtimeTopCoreQ610_stream_stream_ap_uint_const_int_bool_stream_la_23' <Predicate = true> <Delay = 0.00>
ST_3 : Operation 70 [1/1] (0.00ns)   --->   "%RunSubbandRealtimeTopCoreQ610_stream_stream_ap_uint_const_int_bool_stream_la_24 = getelementptr i16 %RunSubbandRealtimeTopCoreQ610_stream_stream_ap_uint_const_int_bool_stream_la_5, i32 0, i32 %zext_ln2494_2" [H:/subband_ref_q610_opt_stage4_latency_stepL2.cpp:2496]   --->   Operation 70 'getelementptr' 'RunSubbandRealtimeTopCoreQ610_stream_stream_ap_uint_const_int_bool_stream_la_24' <Predicate = true> <Delay = 0.00>
ST_3 : Operation 71 [1/1] (0.00ns)   --->   "%RunSubbandRealtimeTopCoreQ610_stream_stream_ap_uint_const_int_bool_stream_la_25 = getelementptr i16 %RunSubbandRealtimeTopCoreQ610_stream_stream_ap_uint_const_int_bool_stream_la_4, i32 0, i32 %zext_ln2494_2" [H:/subband_ref_q610_opt_stage4_latency_stepL2.cpp:2496]   --->   Operation 71 'getelementptr' 'RunSubbandRealtimeTopCoreQ610_stream_stream_ap_uint_const_int_bool_stream_la_25' <Predicate = true> <Delay = 0.00>
ST_3 : Operation 72 [1/1] (0.00ns)   --->   "%RunSubbandRealtimeTopCoreQ610_stream_stream_ap_uint_const_int_bool_stream_la_26 = getelementptr i16 %RunSubbandRealtimeTopCoreQ610_stream_stream_ap_uint_const_int_bool_stream_la_3, i32 0, i32 %zext_ln2494_2" [H:/subband_ref_q610_opt_stage4_latency_stepL2.cpp:2495]   --->   Operation 72 'getelementptr' 'RunSubbandRealtimeTopCoreQ610_stream_stream_ap_uint_const_int_bool_stream_la_26' <Predicate = true> <Delay = 0.00>
ST_3 : Operation 73 [1/1] (0.00ns)   --->   "%RunSubbandRealtimeTopCoreQ610_stream_stream_ap_uint_const_int_bool_stream_la_27 = getelementptr i16 %RunSubbandRealtimeTopCoreQ610_stream_stream_ap_uint_const_int_bool_stream_la_2, i32 0, i32 %zext_ln2494_2" [H:/subband_ref_q610_opt_stage4_latency_stepL2.cpp:2495]   --->   Operation 73 'getelementptr' 'RunSubbandRealtimeTopCoreQ610_stream_stream_ap_uint_const_int_bool_stream_la_27' <Predicate = true> <Delay = 0.00>
ST_3 : Operation 74 [1/1] (3.25ns)   --->   "%store_ln2493 = store i16 0, i12 %RunSubbandRealtimeTopCoreQ610_stream_stream_ap_uint_const_int_bool_stream_la_22" [H:/subband_ref_q610_opt_stage4_latency_stepL2.cpp:2493]   --->   Operation 74 'store' 'store_ln2493' <Predicate = (!trunc_ln2491)> <Delay = 3.25> <CoreInst = "RAM_2P_BRAM">   --->   Core 91 'RAM_2P_BRAM' <Latency = 1> <II = 1> <Delay = 3.25> <Storage> <Opcode : 'load' 'store'> <Ports = 2> <Width = 16> <Depth = 2688> <RAM>
ST_3 : Operation 75 [1/1] (3.25ns)   --->   "%store_ln2494 = store i16 0, i12 %RunSubbandRealtimeTopCoreQ610_stream_stream_ap_uint_const_int_bool_stream_la_20" [H:/subband_ref_q610_opt_stage4_latency_stepL2.cpp:2494]   --->   Operation 75 'store' 'store_ln2494' <Predicate = (!trunc_ln2491)> <Delay = 3.25> <CoreInst = "RAM_2P_BRAM">   --->   Core 91 'RAM_2P_BRAM' <Latency = 1> <II = 1> <Delay = 3.25> <Storage> <Opcode : 'load' 'store'> <Ports = 2> <Width = 16> <Depth = 2688> <RAM>
ST_3 : Operation 76 [1/1] (3.25ns)   --->   "%store_ln2495 = store i16 0, i12 %RunSubbandRealtimeTopCoreQ610_stream_stream_ap_uint_const_int_bool_stream_la_26" [H:/subband_ref_q610_opt_stage4_latency_stepL2.cpp:2495]   --->   Operation 76 'store' 'store_ln2495' <Predicate = (!trunc_ln2491)> <Delay = 3.25> <CoreInst = "RAM_2P_BRAM">   --->   Core 91 'RAM_2P_BRAM' <Latency = 1> <II = 1> <Delay = 3.25> <Storage> <Opcode : 'load' 'store'> <Ports = 2> <Width = 16> <Depth = 2688> <RAM>
ST_3 : Operation 77 [1/1] (3.25ns)   --->   "%store_ln2496 = store i16 0, i12 %RunSubbandRealtimeTopCoreQ610_stream_stream_ap_uint_const_int_bool_stream_la_24" [H:/subband_ref_q610_opt_stage4_latency_stepL2.cpp:2496]   --->   Operation 77 'store' 'store_ln2496' <Predicate = (!trunc_ln2491)> <Delay = 3.25> <CoreInst = "RAM_2P_BRAM">   --->   Core 91 'RAM_2P_BRAM' <Latency = 1> <II = 1> <Delay = 3.25> <Storage> <Opcode : 'load' 'store'> <Ports = 2> <Width = 16> <Depth = 2688> <RAM>
ST_3 : Operation 78 [1/1] (0.00ns)   --->   "%br_ln2496 = br void %arrayidx33818.exit" [H:/subband_ref_q610_opt_stage4_latency_stepL2.cpp:2496]   --->   Operation 78 'br' 'br_ln2496' <Predicate = (!trunc_ln2491)> <Delay = 0.00>
ST_3 : Operation 79 [1/1] (3.25ns)   --->   "%store_ln2493 = store i16 0, i12 %RunSubbandRealtimeTopCoreQ610_stream_stream_ap_uint_const_int_bool_stream_la_23" [H:/subband_ref_q610_opt_stage4_latency_stepL2.cpp:2493]   --->   Operation 79 'store' 'store_ln2493' <Predicate = (trunc_ln2491)> <Delay = 3.25> <CoreInst = "RAM_2P_BRAM">   --->   Core 91 'RAM_2P_BRAM' <Latency = 1> <II = 1> <Delay = 3.25> <Storage> <Opcode : 'load' 'store'> <Ports = 2> <Width = 16> <Depth = 2688> <RAM>
ST_3 : Operation 80 [1/1] (3.25ns)   --->   "%store_ln2494 = store i16 0, i12 %RunSubbandRealtimeTopCoreQ610_stream_stream_ap_uint_const_int_bool_stream_la_21" [H:/subband_ref_q610_opt_stage4_latency_stepL2.cpp:2494]   --->   Operation 80 'store' 'store_ln2494' <Predicate = (trunc_ln2491)> <Delay = 3.25> <CoreInst = "RAM_2P_BRAM">   --->   Core 91 'RAM_2P_BRAM' <Latency = 1> <II = 1> <Delay = 3.25> <Storage> <Opcode : 'load' 'store'> <Ports = 2> <Width = 16> <Depth = 2688> <RAM>
ST_3 : Operation 81 [1/1] (3.25ns)   --->   "%store_ln2495 = store i16 0, i12 %RunSubbandRealtimeTopCoreQ610_stream_stream_ap_uint_const_int_bool_stream_la_27" [H:/subband_ref_q610_opt_stage4_latency_stepL2.cpp:2495]   --->   Operation 81 'store' 'store_ln2495' <Predicate = (trunc_ln2491)> <Delay = 3.25> <CoreInst = "RAM_2P_BRAM">   --->   Core 91 'RAM_2P_BRAM' <Latency = 1> <II = 1> <Delay = 3.25> <Storage> <Opcode : 'load' 'store'> <Ports = 2> <Width = 16> <Depth = 2688> <RAM>
ST_3 : Operation 82 [1/1] (3.25ns)   --->   "%store_ln2496 = store i16 0, i12 %RunSubbandRealtimeTopCoreQ610_stream_stream_ap_uint_const_int_bool_stream_la_25" [H:/subband_ref_q610_opt_stage4_latency_stepL2.cpp:2496]   --->   Operation 82 'store' 'store_ln2496' <Predicate = (trunc_ln2491)> <Delay = 3.25> <CoreInst = "RAM_2P_BRAM">   --->   Core 91 'RAM_2P_BRAM' <Latency = 1> <II = 1> <Delay = 3.25> <Storage> <Opcode : 'load' 'store'> <Ports = 2> <Width = 16> <Depth = 2688> <RAM>
ST_3 : Operation 83 [1/1] (0.00ns)   --->   "%br_ln2496 = br void %arrayidx33818.exit" [H:/subband_ref_q610_opt_stage4_latency_stepL2.cpp:2496]   --->   Operation 83 'br' 'br_ln2496' <Predicate = (trunc_ln2491)> <Delay = 0.00>


============================================================
+ Verbose Summary: Timing violations
============================================================
Target clock period: 10.000ns, clock uncertainty: 2.700ns.

 <State 1>: 1.588ns
The critical path consists of the following:
	'alloca' operation 13 bit ('indvar_flatten12') [13]  (0.000 ns)
	'store' operation 0 bit ('store_ln0') of constant 0 on local variable 'indvar_flatten12' [22]  (1.588 ns)

 <State 2>: 7.644ns
The critical path consists of the following:
	'load' operation 8 bit ('hidden_index_load', H:/subband_ref_q610_opt_stage4_latency_stepL2.cpp:2491) on local variable 'hidden_index', H:/subband_ref_q610_opt_stage4_latency_stepL2.cpp:2491 [35]  (0.000 ns)
	'icmp' operation 1 bit ('icmp_ln2491', H:/subband_ref_q610_opt_stage4_latency_stepL2.cpp:2491) [44]  (1.915 ns)
	'and' operation 1 bit ('and_ln2489', H:/subband_ref_q610_opt_stage4_latency_stepL2.cpp:2489) [45]  (0.978 ns)
	'or' operation 1 bit ('or_ln2490', H:/subband_ref_q610_opt_stage4_latency_stepL2.cpp:2490) [48]  (0.000 ns)
	'select' operation 8 bit ('select_ln2490', H:/subband_ref_q610_opt_stage4_latency_stepL2.cpp:2490) [49]  (1.248 ns)
	'add' operation 8 bit ('add_ln2491', H:/subband_ref_q610_opt_stage4_latency_stepL2.cpp:2491) [84]  (1.915 ns)
	'store' operation 0 bit ('store_ln2491', H:/subband_ref_q610_opt_stage4_latency_stepL2.cpp:2491) of variable 'add_ln2491', H:/subband_ref_q610_opt_stage4_latency_stepL2.cpp:2491 on local variable 'hidden_index', H:/subband_ref_q610_opt_stage4_latency_stepL2.cpp:2491 [91]  (1.588 ns)

 <State 3>: 7.040ns
The critical path consists of the following:
	'sub' operation 12 bit ('sub_ln2494', H:/subband_ref_q610_opt_stage4_latency_stepL2.cpp:2494) [55]  (0.000 ns)
	'add' operation 12 bit ('add_ln2494', H:/subband_ref_q610_opt_stage4_latency_stepL2.cpp:2494) [60]  (3.786 ns)
	'getelementptr' operation 12 bit ('RunSubbandRealtimeTopCoreQ610_stream_stream_ap_uint_const_int_bool_stream_la_23', H:/subband_ref_q610_opt_stage4_latency_stepL2.cpp:2493) [65]  (0.000 ns)
	'store' operation 0 bit ('store_ln2493', H:/subband_ref_q610_opt_stage4_latency_stepL2.cpp:2493) of constant 0 on array 'RunSubbandRealtimeTopCoreQ610_stream_stream_ap_uint_const_int_bool_stream_la_8' [78]  (3.254 ns)


============================================================
+ Verbose Summary: Binding
============================================================
N/A
* FSMD analyzer results:
  - Output states:
 - Input state : 
  - Chain level:
	State 1
	State 2
	State 3


============================================================
+ Verbose Summary: Datapath Resource usage 
============================================================
N/A
