

================================================================
== Vitis HLS Report for 'p_anonymous_namespace_LoadRealtimeGSULayerWeightsQ610_Pipeline_VITIS_LOOP_2580_14'
================================================================
* Date:           Thu May 14 12:26:59 2026

* Version:        2023.2 (Build 4023990 on Oct 11 2023)
* Project:        subband_q610_realtime_hls
* Solution:       solution1 (Vivado IP Flow Target)
* Product family: zynq
* Target device:  xc7z020-clg400-1


================================================================
== Performance Estimates
================================================================
+ Timing: 
    * Summary: 
    +--------+----------+----------+------------+
    |  Clock |  Target  | Estimated| Uncertainty|
    +--------+----------+----------+------------+
    |ap_clk  |  10.00 ns|  8.739 ns|     2.70 ns|
    +--------+----------+----------+------------+

+ Latency: 
    * Summary: 
    +---------+---------+----------+----------+-----+-----+---------+
    |  Latency (cycles) |  Latency (absolute) |  Interval | Pipeline|
    |   min   |   max   |    min   |    max   | min | max |   Type  |
    +---------+---------+----------+----------+-----+-----+---------+
    |       68|       68|  0.680 us|  0.680 us|   68|   68|       no|
    +---------+---------+----------+----------+-----+-----+---------+

    + Detail: 
        * Instance: 
        N/A

        * Loop: 
        +----------------------+---------+---------+----------+-----------+-----------+------+----------+
        |                      |  Latency (cycles) | Iteration|  Initiation Interval  | Trip |          |
        |       Loop Name      |   min   |   max   |  Latency |  achieved |   target  | Count| Pipelined|
        +----------------------+---------+---------+----------+-----------+-----------+------+----------+
        |- VITIS_LOOP_2580_14  |       66|       66|        15|          4|          1|    14|       yes|
        +----------------------+---------+---------+----------+-----------+-----------+------+----------+

============================================================
+ Verbose Summary: Synthesis Manager
============================================================
InlineROM: 1
ExposeGlobal: 0
============================================================
+ Verbose Summary: CDFG Model
============================================================
IsTopModel: 0
ResetActiveHigh: 1
IsCombinational: 0
IsDatapathOnly: 0
HasWiredReturn: 1
HasMFsm: 2
HasVarLatency: 1
IsPipeline: 0
IsRtlPipelined: 0
IsInstanceOverlapped: 0
IsDontTouch: 0
HasImplIP: 0
IsGatedGlobalClock: 0

+ Individual pipeline summary: 
  * Pipeline-0: initiation interval (II) = 4, depth = 15


============================================================
+ Verbose Summary: Schedule
============================================================
* Number of FSM states : 15
* Pipeline : 1
  Pipeline-0 : II = 4, D = 15, States = { 1 2 3 4 5 6 7 8 9 10 11 12 13 14 15 }
* Dataflow Pipeline: 0

* FSM state transitions: 
1 --> 2 
2 --> 3 
3 --> 4 
4 --> 5 
5 --> 6 
6 --> 7 
7 --> 8 
8 --> 9 
9 --> 10 
10 --> 11 
11 --> 12 
12 --> 13 
13 --> 14 
14 --> 15 
15 --> 

* FSM state operations: 

State 1 <SV = 0> <Delay = 8.73>
ST_1 : Operation 18 [1/1] (0.00ns)   --->   "%hidden_base = alloca i32 1" [H:/subband_ref_q610_opt_stage4_latency_stepL2.cpp:2580]   --->   Operation 18 'alloca' 'hidden_base' <Predicate = true> <Delay = 0.00>
ST_1 : Operation 19 [1/1] (0.00ns)   --->   "%specinterface_ln0 = specinterface void @_ssdm_op_SpecInterface, i256 %weights, void @empty_135, i32 0, i32 0, void @empty_136, i32 0, i32 43031, void @empty_137, void @empty_138, void @empty_136, i32 1, i32 1, i32 16, i32 16, void @empty_136, void @empty_136, i32 4294967295, i32 0"   --->   Operation 19 'specinterface' 'specinterface_ln0' <Predicate = true> <Delay = 0.00>
ST_1 : Operation 20 [1/1] (0.00ns)   --->   "%weights_q610_read = read i32 @_ssdm_op_Read.ap_auto.i32, i32 %weights_q610"   --->   Operation 20 'read' 'weights_q610_read' <Predicate = true> <Delay = 0.00>
ST_1 : Operation 21 [1/1] (0.00ns)   --->   "%weight_offset_read_4 = read i32 @_ssdm_op_Read.ap_auto.i32, i32 %weight_offset_read"   --->   Operation 21 'read' 'weight_offset_read_4' <Predicate = true> <Delay = 0.00>
ST_1 : Operation 22 [1/1] (1.58ns)   --->   "%store_ln2580 = store i8 0, i8 %hidden_base" [H:/subband_ref_q610_opt_stage4_latency_stepL2.cpp:2580]   --->   Operation 22 'store' 'store_ln2580' <Predicate = true> <Delay = 1.58>
ST_1 : Operation 23 [1/1] (0.00ns)   --->   "%br_ln0 = br void %VITIS_LOOP_2583_15"   --->   Operation 23 'br' 'br_ln0' <Predicate = true> <Delay = 0.00>
ST_1 : Operation 24 [1/1] (0.00ns)   --->   "%hidden_base_1 = load i8 %hidden_base" [H:/subband_ref_q610_opt_stage4_latency_stepL2.cpp:2580]   --->   Operation 24 'load' 'hidden_base_1' <Predicate = true> <Delay = 0.00>
ST_1 : Operation 25 [1/1] (1.91ns)   --->   "%icmp_ln2580 = icmp_ult  i8 %hidden_base_1, i8 224" [H:/subband_ref_q610_opt_stage4_latency_stepL2.cpp:2580]   --->   Operation 25 'icmp' 'icmp_ln2580' <Predicate = true> <Delay = 1.91> <CoreInst = "Cmp">   --->   Core 9 'Cmp' <Latency = 0> <II = 1> <Delay = 1.91> <FuncUnit> <Opcode : 'icmp'> <InPorts = 2> <OutPorts = 1>
ST_1 : Operation 26 [1/1] (0.00ns)   --->   "%br_ln2580 = br i1 %icmp_ln2580, void %for.end190.exitStub, void %VITIS_LOOP_2583_15.split" [H:/subband_ref_q610_opt_stage4_latency_stepL2.cpp:2580]   --->   Operation 26 'br' 'br_ln2580' <Predicate = true> <Delay = 0.00>
ST_1 : Operation 27 [1/1] (0.00ns)   --->   "%lshr_ln9 = partselect i7 @_ssdm_op_PartSelect.i7.i8.i32.i32, i8 %hidden_base_1, i32 1, i32 7" [H:/subband_ref_q610_opt_stage4_latency_stepL2.cpp:2580]   --->   Operation 27 'partselect' 'lshr_ln9' <Predicate = (icmp_ln2580)> <Delay = 0.00>
ST_1 : Operation 28 [1/1] (0.00ns)   --->   "%zext_ln2373 = zext i8 %hidden_base_1" [H:/subband_ref_q610_opt_stage4_latency_stepL2.cpp:2373->H:/subband_ref_q610_opt_stage4_latency_stepL2.cpp:2582]   --->   Operation 28 'zext' 'zext_ln2373' <Predicate = (icmp_ln2580)> <Delay = 0.00>
ST_1 : Operation 29 [1/1] (2.07ns)   --->   "%add_ln2373 = add i16 %zext_ln2373, i16 35488" [H:/subband_ref_q610_opt_stage4_latency_stepL2.cpp:2373->H:/subband_ref_q610_opt_stage4_latency_stepL2.cpp:2582]   --->   Operation 29 'add' 'add_ln2373' <Predicate = (icmp_ln2580)> <Delay = 2.07> <CoreInst = "Adder">   --->   Core 1 'Adder' <Latency = 0> <II = 1> <Delay = 2.07> <FuncUnit> <Opcode : 'add' 'sub'> <InPorts = 2> <OutPorts = 1>
ST_1 : Operation 30 [1/1] (0.00ns)   --->   "%sext_ln2373 = sext i16 %add_ln2373" [H:/subband_ref_q610_opt_stage4_latency_stepL2.cpp:2373->H:/subband_ref_q610_opt_stage4_latency_stepL2.cpp:2582]   --->   Operation 30 'sext' 'sext_ln2373' <Predicate = (icmp_ln2580)> <Delay = 0.00>
ST_1 : Operation 31 [1/1] (0.00ns)   --->   "%zext_ln2373_1 = zext i17 %sext_ln2373" [H:/subband_ref_q610_opt_stage4_latency_stepL2.cpp:2373->H:/subband_ref_q610_opt_stage4_latency_stepL2.cpp:2582]   --->   Operation 31 'zext' 'zext_ln2373_1' <Predicate = (icmp_ln2580)> <Delay = 0.00>
ST_1 : Operation 32 [1/1] (2.55ns)   --->   "%add_ln2373_3 = add i32 %zext_ln2373_1, i32 %weight_offset_read_4" [H:/subband_ref_q610_opt_stage4_latency_stepL2.cpp:2373->H:/subband_ref_q610_opt_stage4_latency_stepL2.cpp:2582]   --->   Operation 32 'add' 'add_ln2373_3' <Predicate = (icmp_ln2580)> <Delay = 2.55> <CoreInst = "Adder">   --->   Core 1 'Adder' <Latency = 0> <II = 1> <Delay = 2.55> <FuncUnit> <Opcode : 'add' 'sub'> <InPorts = 2> <OutPorts = 1>
ST_1 : Operation 33 [1/1] (0.00ns)   --->   "%trunc_ln2373 = trunc i32 %add_ln2373_3" [H:/subband_ref_q610_opt_stage4_latency_stepL2.cpp:2373->H:/subband_ref_q610_opt_stage4_latency_stepL2.cpp:2582]   --->   Operation 33 'trunc' 'trunc_ln2373' <Predicate = (icmp_ln2580)> <Delay = 0.00>
ST_1 : Operation 34 [1/1] (2.52ns)   --->   "%sub_ln2373 = sub i31 0, i31 %trunc_ln2373" [H:/subband_ref_q610_opt_stage4_latency_stepL2.cpp:2373->H:/subband_ref_q610_opt_stage4_latency_stepL2.cpp:2582]   --->   Operation 34 'sub' 'sub_ln2373' <Predicate = (icmp_ln2580)> <Delay = 2.52> <CoreInst = "Adder">   --->   Core 1 'Adder' <Latency = 0> <II = 1> <Delay = 2.52> <FuncUnit> <Opcode : 'add' 'sub'> <InPorts = 2> <OutPorts = 1>
ST_1 : Operation 35 [1/1] (0.00ns)   --->   "%trunc_ln2373_s = partselect i27 @_ssdm_op_PartSelect.i27.i31.i32.i32, i31 %sub_ln2373, i32 4, i32 30" [H:/subband_ref_q610_opt_stage4_latency_stepL2.cpp:2373->H:/subband_ref_q610_opt_stage4_latency_stepL2.cpp:2582]   --->   Operation 35 'partselect' 'trunc_ln2373_s' <Predicate = (icmp_ln2580)> <Delay = 0.00>
ST_1 : Operation 36 [1/1] (1.91ns)   --->   "%add_ln2580 = add i8 %hidden_base_1, i8 16" [H:/subband_ref_q610_opt_stage4_latency_stepL2.cpp:2580]   --->   Operation 36 'add' 'add_ln2580' <Predicate = (icmp_ln2580)> <Delay = 1.91> <CoreInst = "Adder">   --->   Core 1 'Adder' <Latency = 0> <II = 1> <Delay = 1.91> <FuncUnit> <Opcode : 'add' 'sub'> <InPorts = 2> <OutPorts = 1>
ST_1 : Operation 37 [1/1] (1.58ns)   --->   "%store_ln2580 = store i8 %add_ln2580, i8 %hidden_base" [H:/subband_ref_q610_opt_stage4_latency_stepL2.cpp:2580]   --->   Operation 37 'store' 'store_ln2580' <Predicate = (icmp_ln2580)> <Delay = 1.58>

State 2 <SV = 1> <Delay = 4.95>
ST_2 : Operation 38 [1/1] (0.00ns) (grouped into LUT with out node add_ln2582)   --->   "%tmp = bitselect i1 @_ssdm_op_BitSelect.i1.i32.i32, i32 %add_ln2373_3, i32 31" [H:/subband_ref_q610_opt_stage4_latency_stepL2.cpp:2373->H:/subband_ref_q610_opt_stage4_latency_stepL2.cpp:2582]   --->   Operation 38 'bitselect' 'tmp' <Predicate = (icmp_ln2580)> <Delay = 0.00>
ST_2 : Operation 39 [1/1] (2.40ns)   --->   "%sub_ln2373_5 = sub i27 0, i27 %trunc_ln2373_s" [H:/subband_ref_q610_opt_stage4_latency_stepL2.cpp:2373->H:/subband_ref_q610_opt_stage4_latency_stepL2.cpp:2582]   --->   Operation 39 'sub' 'sub_ln2373_5' <Predicate = (icmp_ln2580)> <Delay = 2.40> <CoreInst = "Adder">   --->   Core 1 'Adder' <Latency = 0> <II = 1> <Delay = 2.40> <FuncUnit> <Opcode : 'add' 'sub'> <InPorts = 2> <OutPorts = 1>
ST_2 : Operation 40 [1/1] (0.00ns) (grouped into LUT with out node add_ln2582)   --->   "%tmp_s = partselect i27 @_ssdm_op_PartSelect.i27.i32.i32.i32, i32 %add_ln2373_3, i32 4, i32 30" [H:/subband_ref_q610_opt_stage4_latency_stepL2.cpp:2582]   --->   Operation 40 'partselect' 'tmp_s' <Predicate = (icmp_ln2580)> <Delay = 0.00>
ST_2 : Operation 41 [1/1] (0.00ns) (grouped into LUT with out node add_ln2582)   --->   "%select_ln2373 = select i1 %tmp, i27 %sub_ln2373_5, i27 %tmp_s" [H:/subband_ref_q610_opt_stage4_latency_stepL2.cpp:2373->H:/subband_ref_q610_opt_stage4_latency_stepL2.cpp:2582]   --->   Operation 41 'select' 'select_ln2373' <Predicate = (icmp_ln2580)> <Delay = 0.00> <CoreInst = "Sel">   --->   Core 73 'Sel' <Latency = 0> <II = 1> <Delay = 0.80> <FuncUnit> <Opcode : 'select'> <InPorts = 3> <OutPorts = 1>
ST_2 : Operation 42 [1/1] (0.00ns) (grouped into LUT with out node add_ln2582)   --->   "%shl_ln = bitconcatenate i32 @_ssdm_op_BitConcatenate.i32.i27.i5, i27 %select_ln2373, i5 0" [H:/subband_ref_q610_opt_stage4_latency_stepL2.cpp:2582]   --->   Operation 42 'bitconcatenate' 'shl_ln' <Predicate = (icmp_ln2580)> <Delay = 0.00>
ST_2 : Operation 43 [1/1] (2.55ns) (out node of the LUT)   --->   "%add_ln2582 = add i32 %shl_ln, i32 %weights_q610_read" [H:/subband_ref_q610_opt_stage4_latency_stepL2.cpp:2582]   --->   Operation 43 'add' 'add_ln2582' <Predicate = (icmp_ln2580)> <Delay = 2.55> <CoreInst = "Adder">   --->   Core 1 'Adder' <Latency = 0> <II = 1> <Delay = 2.55> <FuncUnit> <Opcode : 'add' 'sub'> <InPorts = 2> <OutPorts = 1>
ST_2 : Operation 44 [1/1] (0.00ns)   --->   "%trunc_ln = partselect i27 @_ssdm_op_PartSelect.i27.i32.i32.i32, i32 %add_ln2582, i32 5, i32 31" [H:/subband_ref_q610_opt_stage4_latency_stepL2.cpp:2582]   --->   Operation 44 'partselect' 'trunc_ln' <Predicate = (icmp_ln2580)> <Delay = 0.00>

State 3 <SV = 2> <Delay = 7.30>
ST_3 : Operation 45 [1/1] (0.00ns)   --->   "%sext_ln2582 = sext i27 %trunc_ln" [H:/subband_ref_q610_opt_stage4_latency_stepL2.cpp:2582]   --->   Operation 45 'sext' 'sext_ln2582' <Predicate = (icmp_ln2580)> <Delay = 0.00>
ST_3 : Operation 46 [1/1] (0.00ns)   --->   "%weights_addr = getelementptr i256 %weights, i32 %sext_ln2582" [H:/subband_ref_q610_opt_stage4_latency_stepL2.cpp:2582]   --->   Operation 46 'getelementptr' 'weights_addr' <Predicate = (icmp_ln2580)> <Delay = 0.00>
ST_3 : Operation 47 [8/8] (7.30ns)   --->   "%word_2_req = readreq i1 @_ssdm_op_ReadReq.m_axi.i256P1A, i256 %weights_addr, i32 1" [H:/subband_ref_q610_opt_stage4_latency_stepL2.cpp:2582]   --->   Operation 47 'readreq' 'word_2_req' <Predicate = (icmp_ln2580)> <Delay = 7.30> <CoreInst = "m_axi">   --->   Core 113 'm_axi' <Latency = 0> <II = 1> <Delay = 1.00> <Adapter> <Opcode : 'read' 'write' 'readreq' 'writereq' 'writeresp'>

State 4 <SV = 3> <Delay = 7.30>
ST_4 : Operation 48 [7/8] (7.30ns)   --->   "%word_2_req = readreq i1 @_ssdm_op_ReadReq.m_axi.i256P1A, i256 %weights_addr, i32 1" [H:/subband_ref_q610_opt_stage4_latency_stepL2.cpp:2582]   --->   Operation 48 'readreq' 'word_2_req' <Predicate = (icmp_ln2580)> <Delay = 7.30> <CoreInst = "m_axi">   --->   Core 113 'm_axi' <Latency = 0> <II = 1> <Delay = 1.00> <Adapter> <Opcode : 'read' 'write' 'readreq' 'writereq' 'writeresp'>

State 5 <SV = 4> <Delay = 7.30>
ST_5 : Operation 49 [6/8] (7.30ns)   --->   "%word_2_req = readreq i1 @_ssdm_op_ReadReq.m_axi.i256P1A, i256 %weights_addr, i32 1" [H:/subband_ref_q610_opt_stage4_latency_stepL2.cpp:2582]   --->   Operation 49 'readreq' 'word_2_req' <Predicate = true> <Delay = 7.30> <CoreInst = "m_axi">   --->   Core 113 'm_axi' <Latency = 0> <II = 1> <Delay = 1.00> <Adapter> <Opcode : 'read' 'write' 'readreq' 'writereq' 'writeresp'>

State 6 <SV = 5> <Delay = 7.30>
ST_6 : Operation 50 [5/8] (7.30ns)   --->   "%word_2_req = readreq i1 @_ssdm_op_ReadReq.m_axi.i256P1A, i256 %weights_addr, i32 1" [H:/subband_ref_q610_opt_stage4_latency_stepL2.cpp:2582]   --->   Operation 50 'readreq' 'word_2_req' <Predicate = true> <Delay = 7.30> <CoreInst = "m_axi">   --->   Core 113 'm_axi' <Latency = 0> <II = 1> <Delay = 1.00> <Adapter> <Opcode : 'read' 'write' 'readreq' 'writereq' 'writeresp'>

State 7 <SV = 6> <Delay = 7.30>
ST_7 : Operation 51 [4/8] (7.30ns)   --->   "%word_2_req = readreq i1 @_ssdm_op_ReadReq.m_axi.i256P1A, i256 %weights_addr, i32 1" [H:/subband_ref_q610_opt_stage4_latency_stepL2.cpp:2582]   --->   Operation 51 'readreq' 'word_2_req' <Predicate = true> <Delay = 7.30> <CoreInst = "m_axi">   --->   Core 113 'm_axi' <Latency = 0> <II = 1> <Delay = 1.00> <Adapter> <Opcode : 'read' 'write' 'readreq' 'writereq' 'writeresp'>

State 8 <SV = 7> <Delay = 7.30>
ST_8 : Operation 52 [3/8] (7.30ns)   --->   "%word_2_req = readreq i1 @_ssdm_op_ReadReq.m_axi.i256P1A, i256 %weights_addr, i32 1" [H:/subband_ref_q610_opt_stage4_latency_stepL2.cpp:2582]   --->   Operation 52 'readreq' 'word_2_req' <Predicate = true> <Delay = 7.30> <CoreInst = "m_axi">   --->   Core 113 'm_axi' <Latency = 0> <II = 1> <Delay = 1.00> <Adapter> <Opcode : 'read' 'write' 'readreq' 'writereq' 'writeresp'>

State 9 <SV = 8> <Delay = 7.30>
ST_9 : Operation 53 [2/8] (7.30ns)   --->   "%word_2_req = readreq i1 @_ssdm_op_ReadReq.m_axi.i256P1A, i256 %weights_addr, i32 1" [H:/subband_ref_q610_opt_stage4_latency_stepL2.cpp:2582]   --->   Operation 53 'readreq' 'word_2_req' <Predicate = true> <Delay = 7.30> <CoreInst = "m_axi">   --->   Core 113 'm_axi' <Latency = 0> <II = 1> <Delay = 1.00> <Adapter> <Opcode : 'read' 'write' 'readreq' 'writereq' 'writeresp'>

State 10 <SV = 9> <Delay = 7.30>
ST_10 : Operation 54 [1/8] (7.30ns)   --->   "%word_2_req = readreq i1 @_ssdm_op_ReadReq.m_axi.i256P1A, i256 %weights_addr, i32 1" [H:/subband_ref_q610_opt_stage4_latency_stepL2.cpp:2582]   --->   Operation 54 'readreq' 'word_2_req' <Predicate = true> <Delay = 7.30> <CoreInst = "m_axi">   --->   Core 113 'm_axi' <Latency = 0> <II = 1> <Delay = 1.00> <Adapter> <Opcode : 'read' 'write' 'readreq' 'writereq' 'writeresp'>

State 11 <SV = 10> <Delay = 7.30>
ST_11 : Operation 55 [1/1] (7.30ns)   --->   "%word = read i256 @_ssdm_op_Read.m_axi.i256P1A, i256 %weights_addr" [H:/subband_ref_q610_opt_stage4_latency_stepL2.cpp:2582]   --->   Operation 55 'read' 'word' <Predicate = true> <Delay = 7.30> <CoreInst = "m_axi">   --->   Core 113 'm_axi' <Latency = 0> <II = 1> <Delay = 1.00> <Adapter> <Opcode : 'read' 'write' 'readreq' 'writereq' 'writeresp'>
ST_11 : Operation 56 [1/1] (0.00ns)   --->   "%value = trunc i256 %word" [H:/subband_ref_q610_opt_stage4_latency_stepL2.cpp:2367->H:/subband_ref_q610_opt_stage4_latency_stepL2.cpp:2585]   --->   Operation 56 'trunc' 'value' <Predicate = true> <Delay = 0.00>
ST_11 : Operation 57 [1/1] (0.00ns)   --->   "%value_41 = partselect i16 @_ssdm_op_PartSelect.i16.i256.i32.i32, i256 %word, i32 16, i32 31" [H:/subband_ref_q610_opt_stage4_latency_stepL2.cpp:2367->H:/subband_ref_q610_opt_stage4_latency_stepL2.cpp:2585]   --->   Operation 57 'partselect' 'value_41' <Predicate = true> <Delay = 0.00>
ST_11 : Operation 58 [1/1] (0.00ns)   --->   "%value_42 = partselect i16 @_ssdm_op_PartSelect.i16.i256.i32.i32, i256 %word, i32 32, i32 47" [H:/subband_ref_q610_opt_stage4_latency_stepL2.cpp:2367->H:/subband_ref_q610_opt_stage4_latency_stepL2.cpp:2585]   --->   Operation 58 'partselect' 'value_42' <Predicate = true> <Delay = 0.00>
ST_11 : Operation 59 [1/1] (0.00ns)   --->   "%value_43 = partselect i16 @_ssdm_op_PartSelect.i16.i256.i32.i32, i256 %word, i32 48, i32 63" [H:/subband_ref_q610_opt_stage4_latency_stepL2.cpp:2367->H:/subband_ref_q610_opt_stage4_latency_stepL2.cpp:2585]   --->   Operation 59 'partselect' 'value_43' <Predicate = true> <Delay = 0.00>
ST_11 : Operation 60 [1/1] (0.00ns)   --->   "%value_44 = partselect i16 @_ssdm_op_PartSelect.i16.i256.i32.i32, i256 %word, i32 64, i32 79" [H:/subband_ref_q610_opt_stage4_latency_stepL2.cpp:2367->H:/subband_ref_q610_opt_stage4_latency_stepL2.cpp:2585]   --->   Operation 60 'partselect' 'value_44' <Predicate = true> <Delay = 0.00>
ST_11 : Operation 61 [1/1] (0.00ns)   --->   "%value_45 = partselect i16 @_ssdm_op_PartSelect.i16.i256.i32.i32, i256 %word, i32 80, i32 95" [H:/subband_ref_q610_opt_stage4_latency_stepL2.cpp:2367->H:/subband_ref_q610_opt_stage4_latency_stepL2.cpp:2585]   --->   Operation 61 'partselect' 'value_45' <Predicate = true> <Delay = 0.00>
ST_11 : Operation 62 [1/1] (0.00ns)   --->   "%value_46 = partselect i16 @_ssdm_op_PartSelect.i16.i256.i32.i32, i256 %word, i32 96, i32 111" [H:/subband_ref_q610_opt_stage4_latency_stepL2.cpp:2367->H:/subband_ref_q610_opt_stage4_latency_stepL2.cpp:2585]   --->   Operation 62 'partselect' 'value_46' <Predicate = true> <Delay = 0.00>
ST_11 : Operation 63 [1/1] (0.00ns)   --->   "%value_47 = partselect i16 @_ssdm_op_PartSelect.i16.i256.i32.i32, i256 %word, i32 112, i32 127" [H:/subband_ref_q610_opt_stage4_latency_stepL2.cpp:2367->H:/subband_ref_q610_opt_stage4_latency_stepL2.cpp:2585]   --->   Operation 63 'partselect' 'value_47' <Predicate = true> <Delay = 0.00>
ST_11 : Operation 64 [1/1] (0.00ns)   --->   "%value_48 = partselect i16 @_ssdm_op_PartSelect.i16.i256.i32.i32, i256 %word, i32 128, i32 143" [H:/subband_ref_q610_opt_stage4_latency_stepL2.cpp:2367->H:/subband_ref_q610_opt_stage4_latency_stepL2.cpp:2585]   --->   Operation 64 'partselect' 'value_48' <Predicate = true> <Delay = 0.00>
ST_11 : Operation 65 [1/1] (0.00ns)   --->   "%value_49 = partselect i16 @_ssdm_op_PartSelect.i16.i256.i32.i32, i256 %word, i32 144, i32 159" [H:/subband_ref_q610_opt_stage4_latency_stepL2.cpp:2367->H:/subband_ref_q610_opt_stage4_latency_stepL2.cpp:2585]   --->   Operation 65 'partselect' 'value_49' <Predicate = true> <Delay = 0.00>
ST_11 : Operation 66 [1/1] (0.00ns)   --->   "%value_50 = partselect i16 @_ssdm_op_PartSelect.i16.i256.i32.i32, i256 %word, i32 160, i32 175" [H:/subband_ref_q610_opt_stage4_latency_stepL2.cpp:2367->H:/subband_ref_q610_opt_stage4_latency_stepL2.cpp:2585]   --->   Operation 66 'partselect' 'value_50' <Predicate = true> <Delay = 0.00>
ST_11 : Operation 67 [1/1] (0.00ns)   --->   "%value_51 = partselect i16 @_ssdm_op_PartSelect.i16.i256.i32.i32, i256 %word, i32 176, i32 191" [H:/subband_ref_q610_opt_stage4_latency_stepL2.cpp:2367->H:/subband_ref_q610_opt_stage4_latency_stepL2.cpp:2585]   --->   Operation 67 'partselect' 'value_51' <Predicate = true> <Delay = 0.00>
ST_11 : Operation 68 [1/1] (0.00ns)   --->   "%value_52 = partselect i16 @_ssdm_op_PartSelect.i16.i256.i32.i32, i256 %word, i32 192, i32 207" [H:/subband_ref_q610_opt_stage4_latency_stepL2.cpp:2367->H:/subband_ref_q610_opt_stage4_latency_stepL2.cpp:2585]   --->   Operation 68 'partselect' 'value_52' <Predicate = true> <Delay = 0.00>
ST_11 : Operation 69 [1/1] (0.00ns)   --->   "%value_53 = partselect i16 @_ssdm_op_PartSelect.i16.i256.i32.i32, i256 %word, i32 208, i32 223" [H:/subband_ref_q610_opt_stage4_latency_stepL2.cpp:2367->H:/subband_ref_q610_opt_stage4_latency_stepL2.cpp:2585]   --->   Operation 69 'partselect' 'value_53' <Predicate = true> <Delay = 0.00>
ST_11 : Operation 70 [1/1] (0.00ns)   --->   "%value_54 = partselect i16 @_ssdm_op_PartSelect.i16.i256.i32.i32, i256 %word, i32 224, i32 239" [H:/subband_ref_q610_opt_stage4_latency_stepL2.cpp:2367->H:/subband_ref_q610_opt_stage4_latency_stepL2.cpp:2585]   --->   Operation 70 'partselect' 'value_54' <Predicate = true> <Delay = 0.00>
ST_11 : Operation 71 [1/1] (0.00ns)   --->   "%value_55 = partselect i16 @_ssdm_op_PartSelect.i16.i256.i32.i32, i256 %word, i32 240, i32 255" [H:/subband_ref_q610_opt_stage4_latency_stepL2.cpp:2367->H:/subband_ref_q610_opt_stage4_latency_stepL2.cpp:2585]   --->   Operation 71 'partselect' 'value_55' <Predicate = true> <Delay = 0.00>
ST_11 : Operation 123 [1/1] (0.00ns)   --->   "%ret_ln0 = ret"   --->   Operation 123 'ret' 'ret_ln0' <Predicate = (!icmp_ln2580)> <Delay = 0.00>

State 12 <SV = 11> <Delay = 3.25>
ST_12 : Operation 72 [1/1] (0.00ns)   --->   "%zext_ln2585 = zext i7 %lshr_ln9" [H:/subband_ref_q610_opt_stage4_latency_stepL2.cpp:2585]   --->   Operation 72 'zext' 'zext_ln2585' <Predicate = true> <Delay = 0.00>
ST_12 : Operation 73 [1/1] (0.00ns)   --->   "%RunSubbandRealtimeTopCoreQ610_stream_stream_ap_uint_const_int_bool_stream_bn_4 = getelementptr i16 %RunSubbandRealtimeTopCoreQ610_stream_stream_ap_uint_const_int_bool_stream_bn_3, i32 0, i32 %zext_ln2585" [H:/subband_ref_q610_opt_stage4_latency_stepL2.cpp:2585]   --->   Operation 73 'getelementptr' 'RunSubbandRealtimeTopCoreQ610_stream_stream_ap_uint_const_int_bool_stream_bn_4' <Predicate = true> <Delay = 0.00>
ST_12 : Operation 74 [1/1] (0.00ns)   --->   "%RunSubbandRealtimeTopCoreQ610_stream_stream_ap_uint_const_int_bool_stream_bn_5 = getelementptr i16 %RunSubbandRealtimeTopCoreQ610_stream_stream_ap_uint_const_int_bool_stream_bn_2, i32 0, i32 %zext_ln2585" [H:/subband_ref_q610_opt_stage4_latency_stepL2.cpp:2585]   --->   Operation 74 'getelementptr' 'RunSubbandRealtimeTopCoreQ610_stream_stream_ap_uint_const_int_bool_stream_bn_5' <Predicate = true> <Delay = 0.00>
ST_12 : Operation 75 [1/1] (0.00ns)   --->   "%or_ln2585 = or i7 %lshr_ln9, i7 1" [H:/subband_ref_q610_opt_stage4_latency_stepL2.cpp:2585]   --->   Operation 75 'or' 'or_ln2585' <Predicate = true> <Delay = 0.00>
ST_12 : Operation 76 [1/1] (0.00ns)   --->   "%zext_ln2585_1 = zext i7 %or_ln2585" [H:/subband_ref_q610_opt_stage4_latency_stepL2.cpp:2585]   --->   Operation 76 'zext' 'zext_ln2585_1' <Predicate = true> <Delay = 0.00>
ST_12 : Operation 77 [1/1] (0.00ns)   --->   "%RunSubbandRealtimeTopCoreQ610_stream_stream_ap_uint_const_int_bool_stream_bn_6 = getelementptr i16 %RunSubbandRealtimeTopCoreQ610_stream_stream_ap_uint_const_int_bool_stream_bn_3, i32 0, i32 %zext_ln2585_1" [H:/subband_ref_q610_opt_stage4_latency_stepL2.cpp:2585]   --->   Operation 77 'getelementptr' 'RunSubbandRealtimeTopCoreQ610_stream_stream_ap_uint_const_int_bool_stream_bn_6' <Predicate = true> <Delay = 0.00>
ST_12 : Operation 78 [1/1] (0.00ns)   --->   "%RunSubbandRealtimeTopCoreQ610_stream_stream_ap_uint_const_int_bool_stream_bn_7 = getelementptr i16 %RunSubbandRealtimeTopCoreQ610_stream_stream_ap_uint_const_int_bool_stream_bn_2, i32 0, i32 %zext_ln2585_1" [H:/subband_ref_q610_opt_stage4_latency_stepL2.cpp:2585]   --->   Operation 78 'getelementptr' 'RunSubbandRealtimeTopCoreQ610_stream_stream_ap_uint_const_int_bool_stream_bn_7' <Predicate = true> <Delay = 0.00>
ST_12 : Operation 79 [1/1] (3.25ns)   --->   "%store_ln2585 = store i16 %value, i7 %RunSubbandRealtimeTopCoreQ610_stream_stream_ap_uint_const_int_bool_stream_bn_4" [H:/subband_ref_q610_opt_stage4_latency_stepL2.cpp:2585]   --->   Operation 79 'store' 'store_ln2585' <Predicate = true> <Delay = 3.25> <CoreInst = "RAM">   --->   Core 82 'RAM' <Latency = 1> <II = 1> <Delay = 3.25> <Storage> <Opcode : 'load' 'store'> <Ports = 2> <Width = 16> <Depth = 112> <RAM>
ST_12 : Operation 80 [1/1] (3.25ns)   --->   "%store_ln2585 = store i16 %value_42, i7 %RunSubbandRealtimeTopCoreQ610_stream_stream_ap_uint_const_int_bool_stream_bn_6" [H:/subband_ref_q610_opt_stage4_latency_stepL2.cpp:2585]   --->   Operation 80 'store' 'store_ln2585' <Predicate = true> <Delay = 3.25> <CoreInst = "RAM">   --->   Core 82 'RAM' <Latency = 1> <II = 1> <Delay = 3.25> <Storage> <Opcode : 'load' 'store'> <Ports = 2> <Width = 16> <Depth = 112> <RAM>
ST_12 : Operation 81 [1/1] (3.25ns)   --->   "%store_ln2585 = store i16 %value_41, i7 %RunSubbandRealtimeTopCoreQ610_stream_stream_ap_uint_const_int_bool_stream_bn_5" [H:/subband_ref_q610_opt_stage4_latency_stepL2.cpp:2585]   --->   Operation 81 'store' 'store_ln2585' <Predicate = true> <Delay = 3.25> <CoreInst = "RAM">   --->   Core 82 'RAM' <Latency = 1> <II = 1> <Delay = 3.25> <Storage> <Opcode : 'load' 'store'> <Ports = 2> <Width = 16> <Depth = 112> <RAM>
ST_12 : Operation 82 [1/1] (3.25ns)   --->   "%store_ln2585 = store i16 %value_43, i7 %RunSubbandRealtimeTopCoreQ610_stream_stream_ap_uint_const_int_bool_stream_bn_7" [H:/subband_ref_q610_opt_stage4_latency_stepL2.cpp:2585]   --->   Operation 82 'store' 'store_ln2585' <Predicate = true> <Delay = 3.25> <CoreInst = "RAM">   --->   Core 82 'RAM' <Latency = 1> <II = 1> <Delay = 3.25> <Storage> <Opcode : 'load' 'store'> <Ports = 2> <Width = 16> <Depth = 112> <RAM>

State 13 <SV = 12> <Delay = 3.25>
ST_13 : Operation 83 [1/1] (0.00ns)   --->   "%or_ln2585_1 = or i7 %lshr_ln9, i7 2" [H:/subband_ref_q610_opt_stage4_latency_stepL2.cpp:2585]   --->   Operation 83 'or' 'or_ln2585_1' <Predicate = true> <Delay = 0.00>
ST_13 : Operation 84 [1/1] (0.00ns)   --->   "%zext_ln2585_2 = zext i7 %or_ln2585_1" [H:/subband_ref_q610_opt_stage4_latency_stepL2.cpp:2585]   --->   Operation 84 'zext' 'zext_ln2585_2' <Predicate = true> <Delay = 0.00>
ST_13 : Operation 85 [1/1] (0.00ns)   --->   "%RunSubbandRealtimeTopCoreQ610_stream_stream_ap_uint_const_int_bool_stream_bn_8 = getelementptr i16 %RunSubbandRealtimeTopCoreQ610_stream_stream_ap_uint_const_int_bool_stream_bn_3, i32 0, i32 %zext_ln2585_2" [H:/subband_ref_q610_opt_stage4_latency_stepL2.cpp:2585]   --->   Operation 85 'getelementptr' 'RunSubbandRealtimeTopCoreQ610_stream_stream_ap_uint_const_int_bool_stream_bn_8' <Predicate = true> <Delay = 0.00>
ST_13 : Operation 86 [1/1] (0.00ns)   --->   "%RunSubbandRealtimeTopCoreQ610_stream_stream_ap_uint_const_int_bool_stream_bn_9 = getelementptr i16 %RunSubbandRealtimeTopCoreQ610_stream_stream_ap_uint_const_int_bool_stream_bn_2, i32 0, i32 %zext_ln2585_2" [H:/subband_ref_q610_opt_stage4_latency_stepL2.cpp:2585]   --->   Operation 86 'getelementptr' 'RunSubbandRealtimeTopCoreQ610_stream_stream_ap_uint_const_int_bool_stream_bn_9' <Predicate = true> <Delay = 0.00>
ST_13 : Operation 87 [1/1] (0.00ns)   --->   "%or_ln2585_2 = or i7 %lshr_ln9, i7 3" [H:/subband_ref_q610_opt_stage4_latency_stepL2.cpp:2585]   --->   Operation 87 'or' 'or_ln2585_2' <Predicate = true> <Delay = 0.00>
ST_13 : Operation 88 [1/1] (0.00ns)   --->   "%zext_ln2585_3 = zext i7 %or_ln2585_2" [H:/subband_ref_q610_opt_stage4_latency_stepL2.cpp:2585]   --->   Operation 88 'zext' 'zext_ln2585_3' <Predicate = true> <Delay = 0.00>
ST_13 : Operation 89 [1/1] (0.00ns)   --->   "%RunSubbandRealtimeTopCoreQ610_stream_stream_ap_uint_const_int_bool_stream_bn_10 = getelementptr i16 %RunSubbandRealtimeTopCoreQ610_stream_stream_ap_uint_const_int_bool_stream_bn_3, i32 0, i32 %zext_ln2585_3" [H:/subband_ref_q610_opt_stage4_latency_stepL2.cpp:2585]   --->   Operation 89 'getelementptr' 'RunSubbandRealtimeTopCoreQ610_stream_stream_ap_uint_const_int_bool_stream_bn_10' <Predicate = true> <Delay = 0.00>
ST_13 : Operation 90 [1/1] (0.00ns)   --->   "%RunSubbandRealtimeTopCoreQ610_stream_stream_ap_uint_const_int_bool_stream_bn_11 = getelementptr i16 %RunSubbandRealtimeTopCoreQ610_stream_stream_ap_uint_const_int_bool_stream_bn_2, i32 0, i32 %zext_ln2585_3" [H:/subband_ref_q610_opt_stage4_latency_stepL2.cpp:2585]   --->   Operation 90 'getelementptr' 'RunSubbandRealtimeTopCoreQ610_stream_stream_ap_uint_const_int_bool_stream_bn_11' <Predicate = true> <Delay = 0.00>
ST_13 : Operation 91 [1/1] (3.25ns)   --->   "%store_ln2585 = store i16 %value_44, i7 %RunSubbandRealtimeTopCoreQ610_stream_stream_ap_uint_const_int_bool_stream_bn_8" [H:/subband_ref_q610_opt_stage4_latency_stepL2.cpp:2585]   --->   Operation 91 'store' 'store_ln2585' <Predicate = true> <Delay = 3.25> <CoreInst = "RAM">   --->   Core 82 'RAM' <Latency = 1> <II = 1> <Delay = 3.25> <Storage> <Opcode : 'load' 'store'> <Ports = 2> <Width = 16> <Depth = 112> <RAM>
ST_13 : Operation 92 [1/1] (3.25ns)   --->   "%store_ln2585 = store i16 %value_46, i7 %RunSubbandRealtimeTopCoreQ610_stream_stream_ap_uint_const_int_bool_stream_bn_10" [H:/subband_ref_q610_opt_stage4_latency_stepL2.cpp:2585]   --->   Operation 92 'store' 'store_ln2585' <Predicate = true> <Delay = 3.25> <CoreInst = "RAM">   --->   Core 82 'RAM' <Latency = 1> <II = 1> <Delay = 3.25> <Storage> <Opcode : 'load' 'store'> <Ports = 2> <Width = 16> <Depth = 112> <RAM>
ST_13 : Operation 93 [1/1] (3.25ns)   --->   "%store_ln2585 = store i16 %value_45, i7 %RunSubbandRealtimeTopCoreQ610_stream_stream_ap_uint_const_int_bool_stream_bn_9" [H:/subband_ref_q610_opt_stage4_latency_stepL2.cpp:2585]   --->   Operation 93 'store' 'store_ln2585' <Predicate = true> <Delay = 3.25> <CoreInst = "RAM">   --->   Core 82 'RAM' <Latency = 1> <II = 1> <Delay = 3.25> <Storage> <Opcode : 'load' 'store'> <Ports = 2> <Width = 16> <Depth = 112> <RAM>
ST_13 : Operation 94 [1/1] (3.25ns)   --->   "%store_ln2585 = store i16 %value_47, i7 %RunSubbandRealtimeTopCoreQ610_stream_stream_ap_uint_const_int_bool_stream_bn_11" [H:/subband_ref_q610_opt_stage4_latency_stepL2.cpp:2585]   --->   Operation 94 'store' 'store_ln2585' <Predicate = true> <Delay = 3.25> <CoreInst = "RAM">   --->   Core 82 'RAM' <Latency = 1> <II = 1> <Delay = 3.25> <Storage> <Opcode : 'load' 'store'> <Ports = 2> <Width = 16> <Depth = 112> <RAM>

State 14 <SV = 13> <Delay = 3.25>
ST_14 : Operation 95 [1/1] (0.00ns)   --->   "%or_ln2585_3 = or i7 %lshr_ln9, i7 4" [H:/subband_ref_q610_opt_stage4_latency_stepL2.cpp:2585]   --->   Operation 95 'or' 'or_ln2585_3' <Predicate = true> <Delay = 0.00>
ST_14 : Operation 96 [1/1] (0.00ns)   --->   "%zext_ln2585_4 = zext i7 %or_ln2585_3" [H:/subband_ref_q610_opt_stage4_latency_stepL2.cpp:2585]   --->   Operation 96 'zext' 'zext_ln2585_4' <Predicate = true> <Delay = 0.00>
ST_14 : Operation 97 [1/1] (0.00ns)   --->   "%RunSubbandRealtimeTopCoreQ610_stream_stream_ap_uint_const_int_bool_stream_bn_12 = getelementptr i16 %RunSubbandRealtimeTopCoreQ610_stream_stream_ap_uint_const_int_bool_stream_bn_3, i32 0, i32 %zext_ln2585_4" [H:/subband_ref_q610_opt_stage4_latency_stepL2.cpp:2585]   --->   Operation 97 'getelementptr' 'RunSubbandRealtimeTopCoreQ610_stream_stream_ap_uint_const_int_bool_stream_bn_12' <Predicate = true> <Delay = 0.00>
ST_14 : Operation 98 [1/1] (0.00ns)   --->   "%RunSubbandRealtimeTopCoreQ610_stream_stream_ap_uint_const_int_bool_stream_bn_13 = getelementptr i16 %RunSubbandRealtimeTopCoreQ610_stream_stream_ap_uint_const_int_bool_stream_bn_2, i32 0, i32 %zext_ln2585_4" [H:/subband_ref_q610_opt_stage4_latency_stepL2.cpp:2585]   --->   Operation 98 'getelementptr' 'RunSubbandRealtimeTopCoreQ610_stream_stream_ap_uint_const_int_bool_stream_bn_13' <Predicate = true> <Delay = 0.00>
ST_14 : Operation 99 [1/1] (0.00ns)   --->   "%or_ln2585_4 = or i7 %lshr_ln9, i7 5" [H:/subband_ref_q610_opt_stage4_latency_stepL2.cpp:2585]   --->   Operation 99 'or' 'or_ln2585_4' <Predicate = true> <Delay = 0.00>
ST_14 : Operation 100 [1/1] (0.00ns)   --->   "%zext_ln2585_5 = zext i7 %or_ln2585_4" [H:/subband_ref_q610_opt_stage4_latency_stepL2.cpp:2585]   --->   Operation 100 'zext' 'zext_ln2585_5' <Predicate = true> <Delay = 0.00>
ST_14 : Operation 101 [1/1] (0.00ns)   --->   "%RunSubbandRealtimeTopCoreQ610_stream_stream_ap_uint_const_int_bool_stream_bn_14 = getelementptr i16 %RunSubbandRealtimeTopCoreQ610_stream_stream_ap_uint_const_int_bool_stream_bn_3, i32 0, i32 %zext_ln2585_5" [H:/subband_ref_q610_opt_stage4_latency_stepL2.cpp:2585]   --->   Operation 101 'getelementptr' 'RunSubbandRealtimeTopCoreQ610_stream_stream_ap_uint_const_int_bool_stream_bn_14' <Predicate = true> <Delay = 0.00>
ST_14 : Operation 102 [1/1] (0.00ns)   --->   "%RunSubbandRealtimeTopCoreQ610_stream_stream_ap_uint_const_int_bool_stream_bn_15 = getelementptr i16 %RunSubbandRealtimeTopCoreQ610_stream_stream_ap_uint_const_int_bool_stream_bn_2, i32 0, i32 %zext_ln2585_5" [H:/subband_ref_q610_opt_stage4_latency_stepL2.cpp:2585]   --->   Operation 102 'getelementptr' 'RunSubbandRealtimeTopCoreQ610_stream_stream_ap_uint_const_int_bool_stream_bn_15' <Predicate = true> <Delay = 0.00>
ST_14 : Operation 103 [1/1] (3.25ns)   --->   "%store_ln2585 = store i16 %value_48, i7 %RunSubbandRealtimeTopCoreQ610_stream_stream_ap_uint_const_int_bool_stream_bn_12" [H:/subband_ref_q610_opt_stage4_latency_stepL2.cpp:2585]   --->   Operation 103 'store' 'store_ln2585' <Predicate = true> <Delay = 3.25> <CoreInst = "RAM">   --->   Core 82 'RAM' <Latency = 1> <II = 1> <Delay = 3.25> <Storage> <Opcode : 'load' 'store'> <Ports = 2> <Width = 16> <Depth = 112> <RAM>
ST_14 : Operation 104 [1/1] (3.25ns)   --->   "%store_ln2585 = store i16 %value_50, i7 %RunSubbandRealtimeTopCoreQ610_stream_stream_ap_uint_const_int_bool_stream_bn_14" [H:/subband_ref_q610_opt_stage4_latency_stepL2.cpp:2585]   --->   Operation 104 'store' 'store_ln2585' <Predicate = true> <Delay = 3.25> <CoreInst = "RAM">   --->   Core 82 'RAM' <Latency = 1> <II = 1> <Delay = 3.25> <Storage> <Opcode : 'load' 'store'> <Ports = 2> <Width = 16> <Depth = 112> <RAM>
ST_14 : Operation 105 [1/1] (3.25ns)   --->   "%store_ln2585 = store i16 %value_49, i7 %RunSubbandRealtimeTopCoreQ610_stream_stream_ap_uint_const_int_bool_stream_bn_13" [H:/subband_ref_q610_opt_stage4_latency_stepL2.cpp:2585]   --->   Operation 105 'store' 'store_ln2585' <Predicate = true> <Delay = 3.25> <CoreInst = "RAM">   --->   Core 82 'RAM' <Latency = 1> <II = 1> <Delay = 3.25> <Storage> <Opcode : 'load' 'store'> <Ports = 2> <Width = 16> <Depth = 112> <RAM>
ST_14 : Operation 106 [1/1] (3.25ns)   --->   "%store_ln2585 = store i16 %value_51, i7 %RunSubbandRealtimeTopCoreQ610_stream_stream_ap_uint_const_int_bool_stream_bn_15" [H:/subband_ref_q610_opt_stage4_latency_stepL2.cpp:2585]   --->   Operation 106 'store' 'store_ln2585' <Predicate = true> <Delay = 3.25> <CoreInst = "RAM">   --->   Core 82 'RAM' <Latency = 1> <II = 1> <Delay = 3.25> <Storage> <Opcode : 'load' 'store'> <Ports = 2> <Width = 16> <Depth = 112> <RAM>

State 15 <SV = 14> <Delay = 3.25>
ST_15 : Operation 107 [1/1] (0.00ns)   --->   "%specpipeline_ln2581 = specpipeline void @_ssdm_op_SpecPipeline, i32 1, i32 0, i32 0, i32 0, void @empty_136" [H:/subband_ref_q610_opt_stage4_latency_stepL2.cpp:2581]   --->   Operation 107 'specpipeline' 'specpipeline_ln2581' <Predicate = true> <Delay = 0.00>
ST_15 : Operation 108 [1/1] (0.00ns)   --->   "%speclooptripcount_ln2580 = speclooptripcount void @_ssdm_op_SpecLoopTripCount, i64 14, i64 14, i64 14" [H:/subband_ref_q610_opt_stage4_latency_stepL2.cpp:2580]   --->   Operation 108 'speclooptripcount' 'speclooptripcount_ln2580' <Predicate = true> <Delay = 0.00>
ST_15 : Operation 109 [1/1] (0.00ns)   --->   "%specloopname_ln2580 = specloopname void @_ssdm_op_SpecLoopName, void @empty_172" [H:/subband_ref_q610_opt_stage4_latency_stepL2.cpp:2580]   --->   Operation 109 'specloopname' 'specloopname_ln2580' <Predicate = true> <Delay = 0.00>
ST_15 : Operation 110 [1/1] (0.00ns)   --->   "%or_ln2585_5 = or i7 %lshr_ln9, i7 6" [H:/subband_ref_q610_opt_stage4_latency_stepL2.cpp:2585]   --->   Operation 110 'or' 'or_ln2585_5' <Predicate = true> <Delay = 0.00>
ST_15 : Operation 111 [1/1] (0.00ns)   --->   "%zext_ln2585_6 = zext i7 %or_ln2585_5" [H:/subband_ref_q610_opt_stage4_latency_stepL2.cpp:2585]   --->   Operation 111 'zext' 'zext_ln2585_6' <Predicate = true> <Delay = 0.00>
ST_15 : Operation 112 [1/1] (0.00ns)   --->   "%RunSubbandRealtimeTopCoreQ610_stream_stream_ap_uint_const_int_bool_stream_bn_16 = getelementptr i16 %RunSubbandRealtimeTopCoreQ610_stream_stream_ap_uint_const_int_bool_stream_bn_3, i32 0, i32 %zext_ln2585_6" [H:/subband_ref_q610_opt_stage4_latency_stepL2.cpp:2585]   --->   Operation 112 'getelementptr' 'RunSubbandRealtimeTopCoreQ610_stream_stream_ap_uint_const_int_bool_stream_bn_16' <Predicate = true> <Delay = 0.00>
ST_15 : Operation 113 [1/1] (0.00ns)   --->   "%RunSubbandRealtimeTopCoreQ610_stream_stream_ap_uint_const_int_bool_stream_bn_17 = getelementptr i16 %RunSubbandRealtimeTopCoreQ610_stream_stream_ap_uint_const_int_bool_stream_bn_2, i32 0, i32 %zext_ln2585_6" [H:/subband_ref_q610_opt_stage4_latency_stepL2.cpp:2585]   --->   Operation 113 'getelementptr' 'RunSubbandRealtimeTopCoreQ610_stream_stream_ap_uint_const_int_bool_stream_bn_17' <Predicate = true> <Delay = 0.00>
ST_15 : Operation 114 [1/1] (0.00ns)   --->   "%or_ln2585_6 = or i7 %lshr_ln9, i7 7" [H:/subband_ref_q610_opt_stage4_latency_stepL2.cpp:2585]   --->   Operation 114 'or' 'or_ln2585_6' <Predicate = true> <Delay = 0.00>
ST_15 : Operation 115 [1/1] (0.00ns)   --->   "%zext_ln2585_7 = zext i7 %or_ln2585_6" [H:/subband_ref_q610_opt_stage4_latency_stepL2.cpp:2585]   --->   Operation 115 'zext' 'zext_ln2585_7' <Predicate = true> <Delay = 0.00>
ST_15 : Operation 116 [1/1] (0.00ns)   --->   "%RunSubbandRealtimeTopCoreQ610_stream_stream_ap_uint_const_int_bool_stream_bn_18 = getelementptr i16 %RunSubbandRealtimeTopCoreQ610_stream_stream_ap_uint_const_int_bool_stream_bn_3, i32 0, i32 %zext_ln2585_7" [H:/subband_ref_q610_opt_stage4_latency_stepL2.cpp:2585]   --->   Operation 116 'getelementptr' 'RunSubbandRealtimeTopCoreQ610_stream_stream_ap_uint_const_int_bool_stream_bn_18' <Predicate = true> <Delay = 0.00>
ST_15 : Operation 117 [1/1] (0.00ns)   --->   "%RunSubbandRealtimeTopCoreQ610_stream_stream_ap_uint_const_int_bool_stream_bn_19 = getelementptr i16 %RunSubbandRealtimeTopCoreQ610_stream_stream_ap_uint_const_int_bool_stream_bn_2, i32 0, i32 %zext_ln2585_7" [H:/subband_ref_q610_opt_stage4_latency_stepL2.cpp:2585]   --->   Operation 117 'getelementptr' 'RunSubbandRealtimeTopCoreQ610_stream_stream_ap_uint_const_int_bool_stream_bn_19' <Predicate = true> <Delay = 0.00>
ST_15 : Operation 118 [1/1] (3.25ns)   --->   "%store_ln2585 = store i16 %value_52, i7 %RunSubbandRealtimeTopCoreQ610_stream_stream_ap_uint_const_int_bool_stream_bn_16" [H:/subband_ref_q610_opt_stage4_latency_stepL2.cpp:2585]   --->   Operation 118 'store' 'store_ln2585' <Predicate = true> <Delay = 3.25> <CoreInst = "RAM">   --->   Core 82 'RAM' <Latency = 1> <II = 1> <Delay = 3.25> <Storage> <Opcode : 'load' 'store'> <Ports = 2> <Width = 16> <Depth = 112> <RAM>
ST_15 : Operation 119 [1/1] (3.25ns)   --->   "%store_ln2585 = store i16 %value_54, i7 %RunSubbandRealtimeTopCoreQ610_stream_stream_ap_uint_const_int_bool_stream_bn_18" [H:/subband_ref_q610_opt_stage4_latency_stepL2.cpp:2585]   --->   Operation 119 'store' 'store_ln2585' <Predicate = true> <Delay = 3.25> <CoreInst = "RAM">   --->   Core 82 'RAM' <Latency = 1> <II = 1> <Delay = 3.25> <Storage> <Opcode : 'load' 'store'> <Ports = 2> <Width = 16> <Depth = 112> <RAM>
ST_15 : Operation 120 [1/1] (3.25ns)   --->   "%store_ln2585 = store i16 %value_53, i7 %RunSubbandRealtimeTopCoreQ610_stream_stream_ap_uint_const_int_bool_stream_bn_17" [H:/subband_ref_q610_opt_stage4_latency_stepL2.cpp:2585]   --->   Operation 120 'store' 'store_ln2585' <Predicate = true> <Delay = 3.25> <CoreInst = "RAM">   --->   Core 82 'RAM' <Latency = 1> <II = 1> <Delay = 3.25> <Storage> <Opcode : 'load' 'store'> <Ports = 2> <Width = 16> <Depth = 112> <RAM>
ST_15 : Operation 121 [1/1] (3.25ns)   --->   "%store_ln2585 = store i16 %value_55, i7 %RunSubbandRealtimeTopCoreQ610_stream_stream_ap_uint_const_int_bool_stream_bn_19" [H:/subband_ref_q610_opt_stage4_latency_stepL2.cpp:2585]   --->   Operation 121 'store' 'store_ln2585' <Predicate = true> <Delay = 3.25> <CoreInst = "RAM">   --->   Core 82 'RAM' <Latency = 1> <II = 1> <Delay = 3.25> <Storage> <Opcode : 'load' 'store'> <Ports = 2> <Width = 16> <Depth = 112> <RAM>
ST_15 : Operation 122 [1/1] (0.00ns)   --->   "%br_ln2580 = br void %VITIS_LOOP_2583_15" [H:/subband_ref_q610_opt_stage4_latency_stepL2.cpp:2580]   --->   Operation 122 'br' 'br_ln2580' <Predicate = true> <Delay = 0.00>


============================================================
+ Verbose Summary: Timing violations
============================================================
Target clock period: 10.000ns, clock uncertainty: 2.700ns.

 <State 1>: 8.739ns
The critical path consists of the following:
	'store' operation 0 bit ('store_ln2580', H:/subband_ref_q610_opt_stage4_latency_stepL2.cpp:2580) of constant 0 on local variable 'hidden_base', H:/subband_ref_q610_opt_stage4_latency_stepL2.cpp:2580 [10]  (1.588 ns)
	'load' operation 8 bit ('hidden_base', H:/subband_ref_q610_opt_stage4_latency_stepL2.cpp:2580) on local variable 'hidden_base', H:/subband_ref_q610_opt_stage4_latency_stepL2.cpp:2580 [13]  (0.000 ns)
	'add' operation 16 bit ('add_ln2373', H:/subband_ref_q610_opt_stage4_latency_stepL2.cpp:2373->H:/subband_ref_q610_opt_stage4_latency_stepL2.cpp:2582) [22]  (2.077 ns)
	'add' operation 32 bit ('add_ln2373_3', H:/subband_ref_q610_opt_stage4_latency_stepL2.cpp:2373->H:/subband_ref_q610_opt_stage4_latency_stepL2.cpp:2582) [25]  (2.552 ns)
	'sub' operation 31 bit ('sub_ln2373', H:/subband_ref_q610_opt_stage4_latency_stepL2.cpp:2373->H:/subband_ref_q610_opt_stage4_latency_stepL2.cpp:2582) [28]  (2.522 ns)

 <State 2>: 4.956ns
The critical path consists of the following:
	'sub' operation 27 bit ('sub_ln2373_5', H:/subband_ref_q610_opt_stage4_latency_stepL2.cpp:2373->H:/subband_ref_q610_opt_stage4_latency_stepL2.cpp:2582) [30]  (2.404 ns)
	'select' operation 27 bit ('select_ln2373', H:/subband_ref_q610_opt_stage4_latency_stepL2.cpp:2373->H:/subband_ref_q610_opt_stage4_latency_stepL2.cpp:2582) [32]  (0.000 ns)
	'add' operation 32 bit ('add_ln2582', H:/subband_ref_q610_opt_stage4_latency_stepL2.cpp:2582) [34]  (2.552 ns)

 <State 3>: 7.300ns
The critical path consists of the following:
	'getelementptr' operation 256 bit ('weights_addr', H:/subband_ref_q610_opt_stage4_latency_stepL2.cpp:2582) [37]  (0.000 ns)
	bus request operation ('word_2_req', H:/subband_ref_q610_opt_stage4_latency_stepL2.cpp:2582) on port 'weights' (H:/subband_ref_q610_opt_stage4_latency_stepL2.cpp:2582) [38]  (7.300 ns)

 <State 4>: 7.300ns
The critical path consists of the following:
	bus request operation ('word_2_req', H:/subband_ref_q610_opt_stage4_latency_stepL2.cpp:2582) on port 'weights' (H:/subband_ref_q610_opt_stage4_latency_stepL2.cpp:2582) [38]  (7.300 ns)

 <State 5>: 7.300ns
The critical path consists of the following:
	bus request operation ('word_2_req', H:/subband_ref_q610_opt_stage4_latency_stepL2.cpp:2582) on port 'weights' (H:/subband_ref_q610_opt_stage4_latency_stepL2.cpp:2582) [38]  (7.300 ns)

 <State 6>: 7.300ns
The critical path consists of the following:
	bus request operation ('word_2_req', H:/subband_ref_q610_opt_stage4_latency_stepL2.cpp:2582) on port 'weights' (H:/subband_ref_q610_opt_stage4_latency_stepL2.cpp:2582) [38]  (7.300 ns)

 <State 7>: 7.300ns
The critical path consists of the following:
	bus request operation ('word_2_req', H:/subband_ref_q610_opt_stage4_latency_stepL2.cpp:2582) on port 'weights' (H:/subband_ref_q610_opt_stage4_latency_stepL2.cpp:2582) [38]  (7.300 ns)

 <State 8>: 7.300ns
The critical path consists of the following:
	bus request operation ('word_2_req', H:/subband_ref_q610_opt_stage4_latency_stepL2.cpp:2582) on port 'weights' (H:/subband_ref_q610_opt_stage4_latency_stepL2.cpp:2582) [38]  (7.300 ns)

 <State 9>: 7.300ns
The critical path consists of the following:
	bus request operation ('word_2_req', H:/subband_ref_q610_opt_stage4_latency_stepL2.cpp:2582) on port 'weights' (H:/subband_ref_q610_opt_stage4_latency_stepL2.cpp:2582) [38]  (7.300 ns)

 <State 10>: 7.300ns
The critical path consists of the following:
	bus request operation ('word_2_req', H:/subband_ref_q610_opt_stage4_latency_stepL2.cpp:2582) on port 'weights' (H:/subband_ref_q610_opt_stage4_latency_stepL2.cpp:2582) [38]  (7.300 ns)

 <State 11>: 7.300ns
The critical path consists of the following:
	bus read operation ('word', H:/subband_ref_q610_opt_stage4_latency_stepL2.cpp:2582) on port 'weights' (H:/subband_ref_q610_opt_stage4_latency_stepL2.cpp:2582) [39]  (7.300 ns)

 <State 12>: 3.254ns
The critical path consists of the following:
	'getelementptr' operation 7 bit ('RunSubbandRealtimeTopCoreQ610_stream_stream_ap_uint_const_int_bool_stream_bn_4', H:/subband_ref_q610_opt_stage4_latency_stepL2.cpp:2585) [42]  (0.000 ns)
	'store' operation 0 bit ('store_ln2585', H:/subband_ref_q610_opt_stage4_latency_stepL2.cpp:2585) of variable 'value', H:/subband_ref_q610_opt_stage4_latency_stepL2.cpp:2367->H:/subband_ref_q610_opt_stage4_latency_stepL2.cpp:2585 on array 'RunSubbandRealtimeTopCoreQ610_stream_stream_ap_uint_const_int_bool_stream_bn_3' [87]  (3.254 ns)

 <State 13>: 3.254ns
The critical path consists of the following:
	'or' operation 7 bit ('or_ln2585_1', H:/subband_ref_q610_opt_stage4_latency_stepL2.cpp:2585) [52]  (0.000 ns)
	'getelementptr' operation 7 bit ('RunSubbandRealtimeTopCoreQ610_stream_stream_ap_uint_const_int_bool_stream_bn_8', H:/subband_ref_q610_opt_stage4_latency_stepL2.cpp:2585) [54]  (0.000 ns)
	'store' operation 0 bit ('store_ln2585', H:/subband_ref_q610_opt_stage4_latency_stepL2.cpp:2585) of variable 'value', H:/subband_ref_q610_opt_stage4_latency_stepL2.cpp:2367->H:/subband_ref_q610_opt_stage4_latency_stepL2.cpp:2585 on array 'RunSubbandRealtimeTopCoreQ610_stream_stream_ap_uint_const_int_bool_stream_bn_3' [89]  (3.254 ns)

 <State 14>: 3.254ns
The critical path consists of the following:
	'or' operation 7 bit ('or_ln2585_3', H:/subband_ref_q610_opt_stage4_latency_stepL2.cpp:2585) [64]  (0.000 ns)
	'getelementptr' operation 7 bit ('RunSubbandRealtimeTopCoreQ610_stream_stream_ap_uint_const_int_bool_stream_bn_12', H:/subband_ref_q610_opt_stage4_latency_stepL2.cpp:2585) [66]  (0.000 ns)
	'store' operation 0 bit ('store_ln2585', H:/subband_ref_q610_opt_stage4_latency_stepL2.cpp:2585) of variable 'value', H:/subband_ref_q610_opt_stage4_latency_stepL2.cpp:2367->H:/subband_ref_q610_opt_stage4_latency_stepL2.cpp:2585 on array 'RunSubbandRealtimeTopCoreQ610_stream_stream_ap_uint_const_int_bool_stream_bn_3' [91]  (3.254 ns)

 <State 15>: 3.254ns
The critical path consists of the following:
	'or' operation 7 bit ('or_ln2585_5', H:/subband_ref_q610_opt_stage4_latency_stepL2.cpp:2585) [76]  (0.000 ns)
	'getelementptr' operation 7 bit ('RunSubbandRealtimeTopCoreQ610_stream_stream_ap_uint_const_int_bool_stream_bn_16', H:/subband_ref_q610_opt_stage4_latency_stepL2.cpp:2585) [78]  (0.000 ns)
	'store' operation 0 bit ('store_ln2585', H:/subband_ref_q610_opt_stage4_latency_stepL2.cpp:2585) of variable 'value', H:/subband_ref_q610_opt_stage4_latency_stepL2.cpp:2367->H:/subband_ref_q610_opt_stage4_latency_stepL2.cpp:2585 on array 'RunSubbandRealtimeTopCoreQ610_stream_stream_ap_uint_const_int_bool_stream_bn_3' [93]  (3.254 ns)


============================================================
+ Verbose Summary: Binding
============================================================
N/A
* FSMD analyzer results:
  - Output states:
 - Input state : 
  - Chain level:
	State 1
	State 2
	State 3
	State 4
	State 5
	State 6
	State 7
	State 8
	State 9
	State 10
	State 11
	State 12
	State 13
	State 14
	State 15


============================================================
+ Verbose Summary: Datapath Resource usage 
============================================================
N/A
