

================================================================
== Vitis HLS Report for 'p_anonymous_namespace_EmitRealtimeOutputChunkQ610'
================================================================
* Date:           Thu May 14 12:27:20 2026

* Version:        2023.2 (Build 4023990 on Oct 11 2023)
* Project:        subband_q610_realtime_hls
* Solution:       solution1 (Vivado IP Flow Target)
* Product family: zynq
* Target device:  xc7z020-clg400-1


================================================================
== Performance Estimates
================================================================
+ Timing: 
    * Summary: 
    +--------+----------+----------+------------+
    |  Clock |  Target  | Estimated| Uncertainty|
    +--------+----------+----------+------------+
    |ap_clk  |  10.00 ns|  7.562 ns|     2.70 ns|
    +--------+----------+----------+------------+

+ Latency: 
    * Summary: 
    +---------+---------+-----------+-----------+-----+------+---------+
    |  Latency (cycles) |   Latency (absolute)  |  Interval  | Pipeline|
    |   min   |   max   |    min    |    max    | min |  max |   Type  |
    +---------+---------+-----------+-----------+-----+------+---------+
    |        9|     4625|  90.000 ns|  46.250 us|    9|  4625|       no|
    +---------+---------+-----------+-----------+-----+------+---------+

    + Detail: 
        * Instance: 
        N/A

        * Loop: 
        +---------------------+---------+---------+----------+-----------+-----------+------+----------+
        |                     |  Latency (cycles) | Iteration|  Initiation Interval  | Trip |          |
        |      Loop Name      |   min   |   max   |  Latency |  achieved |   target  | Count| Pipelined|
        +---------------------+---------+---------+----------+-----------+-----------+------+----------+
        |- VITIS_LOOP_2470_1  |        8|     4624|  2 ~ 1156|          -|          -|     4|        no|
        +---------------------+---------+---------+----------+-----------+-----------+------+----------+

============================================================
+ Verbose Summary: Synthesis Manager
============================================================
InlineROM: 1
ExposeGlobal: 0
============================================================
+ Verbose Summary: CDFG Model
============================================================
IsTopModel: 0
ResetActiveHigh: 1
IsCombinational: 0
IsDatapathOnly: 0
HasWiredReturn: 1
HasMFsm: 0
HasVarLatency: 1
IsPipeline: 0
IsRtlPipelined: 0
IsInstanceOverlapped: 0
IsDontTouch: 0
HasImplIP: 0
IsGatedGlobalClock: 0


============================================================
+ Verbose Summary: Schedule
============================================================
* Number of FSM states : 3
* Pipeline : 0
* Dataflow Pipeline: 0

* FSM state transitions: 
1 --> 2 
2 --> 3 
3 --> 2 

* FSM state operations: 

State 1 <SV = 0> <Delay = 1.65>
ST_1 : Operation 4 [1/1] (0.00ns)   --->   "%frame_index = alloca i32 1" [H:/subband_ref_q610_opt_stage4_latency_stepL2.cpp:2470]   --->   Operation 4 'alloca' 'frame_index' <Predicate = true> <Delay = 0.00>
ST_1 : Operation 5 [1/1] (0.00ns)   --->   "%specaxissidechannel_ln0 = specaxissidechannel void @_ssdm_op_SpecAXISSideChannel, i16 %df_coef_stream_V_data_V, i2 %df_coef_stream_V_keep_V, i2 %df_coef_stream_V_strb_V, i1 0, i1 %df_coef_stream_V_last_V, i1 0, i1 0, void @empty_148"   --->   Operation 5 'specaxissidechannel' 'specaxissidechannel_ln0' <Predicate = true> <Delay = 0.00>
ST_1 : Operation 6 [1/1] (0.00ns)   --->   "%specmemcore_ln0 = specmemcore void @_ssdm_op_SpecMemCore, i16 %output_chunk, i64 666, i64 22, i64 18446744073709551615"   --->   Operation 6 'specmemcore' 'specmemcore_ln0' <Predicate = true> <Delay = 0.00>
ST_1 : Operation 7 [1/1] (0.00ns)   --->   "%specinterface_ln0 = specinterface void @_ssdm_op_SpecInterface, i1 %df_coef_stream_V_last_V, i2 %df_coef_stream_V_strb_V, i2 %df_coef_stream_V_keep_V, i16 %df_coef_stream_V_data_V, void @empty_139, i32 0, i32 0, void @empty_140, i32 0, i32 0, void @empty_136, void @empty_136, void @empty_136, i32 0, i32 0, i32 0, i32 0, void @empty_136, void @empty_136, i32 4294967295, i32 0"   --->   Operation 7 'specinterface' 'specinterface_ln0' <Predicate = true> <Delay = 0.00>
ST_1 : Operation 8 [1/1] (0.00ns)   --->   "%num_frames_read = read i3 @_ssdm_op_Read.ap_auto.i3, i3 %num_frames"   --->   Operation 8 'read' 'num_frames_read' <Predicate = true> <Delay = 0.00>
ST_1 : Operation 9 [1/1] (1.65ns)   --->   "%sub = add i3 %num_frames_read, i3 7"   --->   Operation 9 'add' 'sub' <Predicate = true> <Delay = 1.65> <CoreInst = "Adder">   --->   Core 1 'Adder' <Latency = 0> <II = 1> <Delay = 1.65> <FuncUnit> <Opcode : 'add' 'sub'> <InPorts = 2> <OutPorts = 1>
ST_1 : Operation 10 [1/1] (1.58ns)   --->   "%store_ln2470 = store i3 0, i3 %frame_index" [H:/subband_ref_q610_opt_stage4_latency_stepL2.cpp:2470]   --->   Operation 10 'store' 'store_ln2470' <Predicate = true> <Delay = 1.58>
ST_1 : Operation 11 [1/1] (0.00ns)   --->   "%br_ln2470 = br void %for.body" [H:/subband_ref_q610_opt_stage4_latency_stepL2.cpp:2470]   --->   Operation 11 'br' 'br_ln2470' <Predicate = true> <Delay = 0.00>

State 2 <SV = 1> <Delay = 7.56>
ST_2 : Operation 12 [1/1] (0.00ns)   --->   "%frame_index_3 = load i3 %frame_index" [H:/subband_ref_q610_opt_stage4_latency_stepL2.cpp:2477]   --->   Operation 12 'load' 'frame_index_3' <Predicate = true> <Delay = 0.00>
ST_2 : Operation 13 [1/1] (1.65ns)   --->   "%icmp_ln2470 = icmp_eq  i3 %frame_index_3, i3 4" [H:/subband_ref_q610_opt_stage4_latency_stepL2.cpp:2470]   --->   Operation 13 'icmp' 'icmp_ln2470' <Predicate = true> <Delay = 1.65> <CoreInst = "Cmp">   --->   Core 9 'Cmp' <Latency = 0> <II = 1> <Delay = 1.65> <FuncUnit> <Opcode : 'icmp'> <InPorts = 2> <OutPorts = 1>
ST_2 : Operation 14 [1/1] (1.65ns)   --->   "%add_ln2470 = add i3 %frame_index_3, i3 1" [H:/subband_ref_q610_opt_stage4_latency_stepL2.cpp:2470]   --->   Operation 14 'add' 'add_ln2470' <Predicate = true> <Delay = 1.65> <CoreInst = "Adder">   --->   Core 1 'Adder' <Latency = 0> <II = 1> <Delay = 1.65> <FuncUnit> <Opcode : 'add' 'sub'> <InPorts = 2> <OutPorts = 1>
ST_2 : Operation 15 [1/1] (0.00ns)   --->   "%br_ln2470 = br i1 %icmp_ln2470, void %for.body.split, void %for.end12" [H:/subband_ref_q610_opt_stage4_latency_stepL2.cpp:2470]   --->   Operation 15 'br' 'br_ln2470' <Predicate = true> <Delay = 0.00>
ST_2 : Operation 16 [1/1] (0.00ns)   --->   "%speclooptripcount_ln2470 = speclooptripcount void @_ssdm_op_SpecLoopTripCount, i64 4, i64 4, i64 4" [H:/subband_ref_q610_opt_stage4_latency_stepL2.cpp:2470]   --->   Operation 16 'speclooptripcount' 'speclooptripcount_ln2470' <Predicate = (!icmp_ln2470)> <Delay = 0.00>
ST_2 : Operation 17 [1/1] (0.00ns)   --->   "%specloopname_ln2470 = specloopname void @_ssdm_op_SpecLoopName, void @empty_156" [H:/subband_ref_q610_opt_stage4_latency_stepL2.cpp:2470]   --->   Operation 17 'specloopname' 'specloopname_ln2470' <Predicate = (!icmp_ln2470)> <Delay = 0.00>
ST_2 : Operation 18 [1/1] (1.65ns)   --->   "%icmp_ln2472 = icmp_ult  i3 %frame_index_3, i3 %num_frames_read" [H:/subband_ref_q610_opt_stage4_latency_stepL2.cpp:2472]   --->   Operation 18 'icmp' 'icmp_ln2472' <Predicate = (!icmp_ln2470)> <Delay = 1.65> <CoreInst = "Cmp">   --->   Core 9 'Cmp' <Latency = 0> <II = 1> <Delay = 1.65> <FuncUnit> <Opcode : 'icmp'> <InPorts = 2> <OutPorts = 1>
ST_2 : Operation 19 [1/1] (0.00ns)   --->   "%br_ln2472 = br i1 %icmp_ln2472, void %for.inc10, void %VITIS_LOOP_2473_2" [H:/subband_ref_q610_opt_stage4_latency_stepL2.cpp:2472]   --->   Operation 19 'br' 'br_ln2472' <Predicate = (!icmp_ln2470)> <Delay = 0.00>
ST_2 : Operation 20 [1/1] (1.65ns)   --->   "%cmp6 = icmp_eq  i3 %frame_index_3, i3 %sub" [H:/subband_ref_q610_opt_stage4_latency_stepL2.cpp:2477]   --->   Operation 20 'icmp' 'cmp6' <Predicate = (!icmp_ln2470 & icmp_ln2472)> <Delay = 1.65> <CoreInst = "Cmp">   --->   Core 9 'Cmp' <Latency = 0> <II = 1> <Delay = 1.65> <FuncUnit> <Opcode : 'icmp'> <InPorts = 2> <OutPorts = 1>
ST_2 : Operation 21 [1/1] (0.00ns)   --->   "%trunc_ln2477 = trunc i3 %frame_index_3" [H:/subband_ref_q610_opt_stage4_latency_stepL2.cpp:2477]   --->   Operation 21 'trunc' 'trunc_ln2477' <Predicate = (!icmp_ln2470 & icmp_ln2472)> <Delay = 0.00>
ST_2 : Operation 22 [1/1] (0.00ns)   --->   "%or_ln = bitconcatenate i13 @_ssdm_op_BitConcatenate.i13.i1.i2.i1.i2.i7, i1 0, i2 %trunc_ln2477, i1 0, i2 %trunc_ln2477, i7 0" [H:/subband_ref_q610_opt_stage4_latency_stepL2.cpp:2477]   --->   Operation 22 'bitconcatenate' 'or_ln' <Predicate = (!icmp_ln2470 & icmp_ln2472)> <Delay = 0.00>
ST_2 : Operation 23 [1/1] (0.00ns)   --->   "%empty = wait i32 @_ssdm_op_Wait"   --->   Operation 23 'wait' 'empty' <Predicate = (!icmp_ln2470 & icmp_ln2472)> <Delay = 0.00>
ST_2 : Operation 24 [2/2] (4.93ns)   --->   "%call_ln2477 = call void @(anonymous namespace)EmitRealtimeOutputChunkQ610_Pipeline_VITIS_LOOP_2473_2, i1 %cmp6, i13 %or_ln, i16 %df_coef_stream_V_data_V, i2 %df_coef_stream_V_keep_V, i2 %df_coef_stream_V_strb_V, i1 %df_coef_stream_V_last_V, i16 %output_chunk" [H:/subband_ref_q610_opt_stage4_latency_stepL2.cpp:2477]   --->   Operation 24 'call' 'call_ln2477' <Predicate = (!icmp_ln2470 & icmp_ln2472)> <Delay = 4.93> <CoreType = "Generic">   --->   Core 0 '' <Latency = 0> <II = 1> <Delay = 1.00> <Generic> <Opcode : >
ST_2 : Operation 25 [1/1] (0.00ns)   --->   "%ret_ln2481 = ret" [H:/subband_ref_q610_opt_stage4_latency_stepL2.cpp:2481]   --->   Operation 25 'ret' 'ret_ln2481' <Predicate = (icmp_ln2470)> <Delay = 0.00>

State 3 <SV = 2> <Delay = 4.25>
ST_3 : Operation 26 [1/2] (4.25ns)   --->   "%call_ln2477 = call void @(anonymous namespace)EmitRealtimeOutputChunkQ610_Pipeline_VITIS_LOOP_2473_2, i1 %cmp6, i13 %or_ln, i16 %df_coef_stream_V_data_V, i2 %df_coef_stream_V_keep_V, i2 %df_coef_stream_V_strb_V, i1 %df_coef_stream_V_last_V, i16 %output_chunk" [H:/subband_ref_q610_opt_stage4_latency_stepL2.cpp:2477]   --->   Operation 26 'call' 'call_ln2477' <Predicate = (icmp_ln2472)> <Delay = 4.25> <CoreType = "Generic">   --->   Core 0 '' <Latency = 0> <II = 1> <Delay = 1.00> <Generic> <Opcode : >
ST_3 : Operation 27 [1/1] (0.00ns)   --->   "%br_ln0 = br void %for.inc10"   --->   Operation 27 'br' 'br_ln0' <Predicate = (icmp_ln2472)> <Delay = 0.00>
ST_3 : Operation 28 [1/1] (1.58ns)   --->   "%store_ln2470 = store i3 %add_ln2470, i3 %frame_index" [H:/subband_ref_q610_opt_stage4_latency_stepL2.cpp:2470]   --->   Operation 28 'store' 'store_ln2470' <Predicate = true> <Delay = 1.58>
ST_3 : Operation 29 [1/1] (0.00ns)   --->   "%br_ln2470 = br void %for.body" [H:/subband_ref_q610_opt_stage4_latency_stepL2.cpp:2470]   --->   Operation 29 'br' 'br_ln2470' <Predicate = true> <Delay = 0.00>


============================================================
+ Verbose Summary: Timing violations
============================================================
Target clock period: 10.000ns, clock uncertainty: 2.700ns.

 <State 1>: 1.650ns
The critical path consists of the following:
	wire read operation ('num_frames_read') on port 'num_frames' [11]  (0.000 ns)
	'add' operation 3 bit ('sub') [12]  (1.650 ns)

 <State 2>: 7.562ns
The critical path consists of the following:
	'load' operation 3 bit ('frame_index', H:/subband_ref_q610_opt_stage4_latency_stepL2.cpp:2477) on local variable 'frame_index', H:/subband_ref_q610_opt_stage4_latency_stepL2.cpp:2470 [16]  (0.000 ns)
	'icmp' operation 1 bit ('icmp_ln2470', H:/subband_ref_q610_opt_stage4_latency_stepL2.cpp:2470) [17]  (1.650 ns)
	'call' operation 0 bit ('call_ln2477', H:/subband_ref_q610_opt_stage4_latency_stepL2.cpp:2477) to '(anonymous namespace)EmitRealtimeOutputChunkQ610_Pipeline_VITIS_LOOP_2473_2' [30]  (4.934 ns)
	blocking operation 0.978 ns on control path)

 <State 3>: 4.254ns
The critical path consists of the following:
	'call' operation 0 bit ('call_ln2477', H:/subband_ref_q610_opt_stage4_latency_stepL2.cpp:2477) to '(anonymous namespace)EmitRealtimeOutputChunkQ610_Pipeline_VITIS_LOOP_2473_2' [30]  (4.254 ns)


============================================================
+ Verbose Summary: Binding
============================================================
N/A
* FSMD analyzer results:
  - Output states:
 - Input state : 
  - Chain level:
	State 1
	State 2
	State 3


============================================================
+ Verbose Summary: Datapath Resource usage 
============================================================
N/A
