

================================================================
== Vitis HLS Report for 'p_anonymous_namespace_ReadRealtimeInputChunkQ610_Pipeline_VITIS_LOOP_2453_2'
================================================================
* Date:           Thu May 14 12:27:20 2026

* Version:        2023.2 (Build 4023990 on Oct 11 2023)
* Project:        subband_q610_realtime_hls
* Solution:       solution1 (Vivado IP Flow Target)
* Product family: zynq
* Target device:  xc7z020-clg400-1


================================================================
== Performance Estimates
================================================================
+ Timing: 
    * Summary: 
    +--------+----------+----------+------------+
    |  Clock |  Target  | Estimated| Uncertainty|
    +--------+----------+----------+------------+
    |ap_clk  |  10.00 ns|  7.665 ns|     2.70 ns|
    +--------+----------+----------+------------+

+ Latency: 
    * Summary: 
    +---------+---------+----------+----------+-----+-----+---------+
    |  Latency (cycles) |  Latency (absolute) |  Interval | Pipeline|
    |   min   |   max   |    min   |    max   | min | max |   Type  |
    +---------+---------+----------+----------+-----+-----+---------+
    |      258|      258|  2.580 us|  2.580 us|  258|  258|       no|
    +---------+---------+----------+----------+-----+-----+---------+

    + Detail: 
        * Instance: 
        N/A

        * Loop: 
        +---------------------+---------+---------+----------+-----------+-----------+------+----------+
        |                     |  Latency (cycles) | Iteration|  Initiation Interval  | Trip |          |
        |      Loop Name      |   min   |   max   |  Latency |  achieved |   target  | Count| Pipelined|
        +---------------------+---------+---------+----------+-----------+-----------+------+----------+
        |- VITIS_LOOP_2453_2  |      256|      256|         1|          1|          1|   256|       yes|
        +---------------------+---------+---------+----------+-----------+-----------+------+----------+



================================================================
== Utilization Estimates
================================================================
* Summary: 
+-----------------+---------+-----+--------+-------+-----+
|       Name      | BRAM_18K| DSP |   FF   |  LUT  | URAM|
+-----------------+---------+-----+--------+-------+-----+
|DSP              |        -|    -|       -|      -|    -|
|Expression       |        -|    -|       0|     29|    -|
|FIFO             |        -|    -|       -|      -|    -|
|Instance         |        -|    -|       -|      -|    -|
|Memory           |        -|    -|       -|      -|    -|
|Multiplexer      |        -|    -|       -|     36|    -|
|Register         |        -|    -|      11|      -|    -|
+-----------------+---------+-----+--------+-------+-----+
|Total            |        0|    0|      11|     65|    0|
+-----------------+---------+-----+--------+-------+-----+
|Available        |      280|  220|  106400|  53200|    0|
+-----------------+---------+-----+--------+-------+-----+
|Utilization (%)  |        0|    0|      ~0|     ~0|    0|
+-----------------+---------+-----+--------+-------+-----+

+ Detail: 
    * Instance: 
    N/A

    * DSP: 
    N/A

    * Memory: 
    N/A

    * FIFO: 
    N/A

    * Expression: 
    +----------------------------------+----------+----+---+----+------------+------------+
    |           Variable Name          | Operation| DSP| FF| LUT| Bitwidth P0| Bitwidth P1|
    +----------------------------------+----------+----+---+----+------------+------------+
    |add_ln2453_fu_115_p2              |         +|   0|  0|  14|           9|           1|
    |icmp_ln2453_fu_109_p2             |      icmp|   0|  0|  13|           9|          10|
    |ap_block_state1_pp0_stage0_iter0  |        or|   0|  0|   2|           1|           1|
    +----------------------------------+----------+----+---+----+------------+------------+
    |Total                             |          |   0|  0|  29|          19|          12|
    +----------------------------------+----------+----+---+----+------------+------------+

    * Multiplexer: 
    +-------------------------------+----+-----------+-----+-----------+
    |              Name             | LUT| Input Size| Bits| Total Bits|
    +-------------------------------+----+-----------+-----+-----------+
    |ap_done_int                    |   9|          2|    1|          2|
    |ap_sig_allocacmp_freq_index_2  |   9|          2|    9|         18|
    |freq_index_fu_62               |   9|          2|    9|         18|
    |noisy_fft_stream_TDATA_blk_n   |   9|          2|    1|          2|
    +-------------------------------+----+-----------+-----+-----------+
    |Total                          |  36|          8|   20|         40|
    +-------------------------------+----+-----------+-----+-----------+

    * Register: 
    +------------------+---+----+-----+-----------+
    |       Name       | FF| LUT| Bits| Const Bits|
    +------------------+---+----+-----+-----------+
    |ap_CS_fsm         |  1|   0|    1|          0|
    |ap_done_reg       |  1|   0|    1|          0|
    |freq_index_fu_62  |  9|   0|    9|          0|
    +------------------+---+----+-----+-----------+
    |Total             | 11|   0|   11|          0|
    +------------------+---+----+-----+-----------+



================================================================
== Interface
================================================================
* Summary: 
+-------------------------+-----+-----+------------+----------------------------------------------------------------------------+--------------+
|        RTL Ports        | Dir | Bits|  Protocol  |                                Source Object                               |    C Type    |
+-------------------------+-----+-----+------------+----------------------------------------------------------------------------+--------------+
|ap_clk                   |   in|    1|  ap_ctrl_hs|  (anonymous namespace)ReadRealtimeInputChunkQ610_Pipeline_VITIS_LOOP_2453_2|  return value|
|ap_rst                   |   in|    1|  ap_ctrl_hs|  (anonymous namespace)ReadRealtimeInputChunkQ610_Pipeline_VITIS_LOOP_2453_2|  return value|
|ap_start                 |   in|    1|  ap_ctrl_hs|  (anonymous namespace)ReadRealtimeInputChunkQ610_Pipeline_VITIS_LOOP_2453_2|  return value|
|ap_done                  |  out|    1|  ap_ctrl_hs|  (anonymous namespace)ReadRealtimeInputChunkQ610_Pipeline_VITIS_LOOP_2453_2|  return value|
|ap_idle                  |  out|    1|  ap_ctrl_hs|  (anonymous namespace)ReadRealtimeInputChunkQ610_Pipeline_VITIS_LOOP_2453_2|  return value|
|ap_ready                 |  out|    1|  ap_ctrl_hs|  (anonymous namespace)ReadRealtimeInputChunkQ610_Pipeline_VITIS_LOOP_2453_2|  return value|
|noisy_fft_stream_TVALID  |   in|    1|        axis|                                                   noisy_fft_stream_V_data_V|       pointer|
|noisy_fft_stream_TDATA   |   in|   16|        axis|                                                   noisy_fft_stream_V_data_V|       pointer|
|noisy_fft_stream_TREADY  |  out|    1|        axis|                                                   noisy_fft_stream_V_last_V|       pointer|
|noisy_fft_stream_TLAST   |   in|    1|        axis|                                                   noisy_fft_stream_V_last_V|       pointer|
|noisy_fft_stream_TKEEP   |   in|    2|        axis|                                                   noisy_fft_stream_V_keep_V|       pointer|
|noisy_fft_stream_TSTRB   |   in|    2|        axis|                                                   noisy_fft_stream_V_strb_V|       pointer|
|empty                    |   in|    2|     ap_none|                                                                       empty|        scalar|
|noisy_chunk_address1     |  out|   10|   ap_memory|                                                                 noisy_chunk|         array|
|noisy_chunk_ce1          |  out|    1|   ap_memory|                                                                 noisy_chunk|         array|
|noisy_chunk_we1          |  out|    1|   ap_memory|                                                                 noisy_chunk|         array|
|noisy_chunk_d1           |  out|   16|   ap_memory|                                                                 noisy_chunk|         array|
+-------------------------+-----+-----+------------+----------------------------------------------------------------------------+--------------+

============================================================
+ Verbose Summary: Synthesis Manager
============================================================
InlineROM: 1
ExposeGlobal: 0
============================================================
+ Verbose Summary: CDFG Model
============================================================
IsTopModel: 0
ResetActiveHigh: 1
IsCombinational: 2
IsDatapathOnly: 2
HasWiredReturn: 1
HasMFsm: 2
HasVarLatency: 1
IsPipeline: 0
IsRtlPipelined: 0
IsInstanceOverlapped: 0
IsDontTouch: 0
HasImplIP: 0
IsGatedGlobalClock: 0

+ Individual pipeline summary: 
  * Pipeline-0: initiation interval (II) = 1, depth = 1


============================================================
+ Verbose Summary: Schedule
============================================================
* Number of FSM states : 1
* Pipeline : 1
  Pipeline-0 : II = 1, D = 1, States = { 1 }
* Dataflow Pipeline: 0

* FSM state transitions: 
1 --> 

* FSM state operations: 

State 1 <SV = 0> <Delay = 7.66>
ST_1 : Operation 4 [1/1] (0.00ns)   --->   "%freq_index = alloca i32 1" [H:/subband_ref_q610_opt_stage4_latency_stepL2.cpp:2453]   --->   Operation 4 'alloca' 'freq_index' <Predicate = true> <Delay = 0.00>
ST_1 : Operation 5 [1/1] (0.00ns)   --->   "%specaxissidechannel_ln0 = specaxissidechannel void @_ssdm_op_SpecAXISSideChannel, i16 %noisy_fft_stream_V_data_V, i2 %noisy_fft_stream_V_keep_V, i2 %noisy_fft_stream_V_strb_V, i1 0, i1 %noisy_fft_stream_V_last_V, i1 0, i1 0, void @empty_150"   --->   Operation 5 'specaxissidechannel' 'specaxissidechannel_ln0' <Predicate = true> <Delay = 0.00>
ST_1 : Operation 6 [1/1] (0.00ns)   --->   "%specmemcore_ln0 = specmemcore void @_ssdm_op_SpecMemCore, i16 %noisy_chunk, i64 666, i64 22, i64 18446744073709551615"   --->   Operation 6 'specmemcore' 'specmemcore_ln0' <Predicate = true> <Delay = 0.00>
ST_1 : Operation 7 [1/1] (0.00ns)   --->   "%specinterface_ln0 = specinterface void @_ssdm_op_SpecInterface, i16 %noisy_fft_stream_V_data_V, i2 %noisy_fft_stream_V_keep_V, i2 %noisy_fft_stream_V_strb_V, i1 %noisy_fft_stream_V_last_V, void @empty_139, i32 0, i32 0, void @empty_140, i32 0, i32 0, void @empty_136, void @empty_136, void @empty_136, i32 0, i32 0, i32 0, i32 0, void @empty_136, void @empty_136, i32 4294967295, i32 0"   --->   Operation 7 'specinterface' 'specinterface_ln0' <Predicate = true> <Delay = 0.00>
ST_1 : Operation 8 [1/1] (0.00ns)   --->   "%tmp = read i2 @_ssdm_op_Read.ap_auto.i2, i2 %empty"   --->   Operation 8 'read' 'tmp' <Predicate = true> <Delay = 0.00>
ST_1 : Operation 9 [1/1] (1.58ns)   --->   "%store_ln2453 = store i9 0, i9 %freq_index" [H:/subband_ref_q610_opt_stage4_latency_stepL2.cpp:2453]   --->   Operation 9 'store' 'store_ln2453' <Predicate = true> <Delay = 1.58>
ST_1 : Operation 10 [1/1] (0.00ns)   --->   "%br_ln0 = br void %for.inc"   --->   Operation 10 'br' 'br_ln0' <Predicate = true> <Delay = 0.00>
ST_1 : Operation 11 [1/1] (0.00ns)   --->   "%freq_index_2 = load i9 %freq_index" [H:/subband_ref_q610_opt_stage4_latency_stepL2.cpp:2455]   --->   Operation 11 'load' 'freq_index_2' <Predicate = true> <Delay = 0.00>
ST_1 : Operation 12 [1/1] (1.82ns)   --->   "%icmp_ln2453 = icmp_eq  i9 %freq_index_2, i9 256" [H:/subband_ref_q610_opt_stage4_latency_stepL2.cpp:2453]   --->   Operation 12 'icmp' 'icmp_ln2453' <Predicate = true> <Delay = 1.82> <CoreInst = "Cmp">   --->   Core 9 'Cmp' <Latency = 0> <II = 1> <Delay = 1.73> <FuncUnit> <Opcode : 'icmp'> <InPorts = 2> <OutPorts = 1>
ST_1 : Operation 13 [1/1] (1.82ns)   --->   "%add_ln2453 = add i9 %freq_index_2, i9 1" [H:/subband_ref_q610_opt_stage4_latency_stepL2.cpp:2453]   --->   Operation 13 'add' 'add_ln2453' <Predicate = true> <Delay = 1.82> <CoreInst = "Adder">   --->   Core 1 'Adder' <Latency = 0> <II = 1> <Delay = 1.82> <FuncUnit> <Opcode : 'add' 'sub'> <InPorts = 2> <OutPorts = 1>
ST_1 : Operation 14 [1/1] (0.00ns)   --->   "%br_ln2453 = br i1 %icmp_ln2453, void %for.inc.split, void %for.inc20.preheader.exitStub" [H:/subband_ref_q610_opt_stage4_latency_stepL2.cpp:2453]   --->   Operation 14 'br' 'br_ln2453' <Predicate = true> <Delay = 0.00>
ST_1 : Operation 15 [1/1] (0.00ns)   --->   "%specpipeline_ln2454 = specpipeline void @_ssdm_op_SpecPipeline, i32 1, i32 0, i32 0, i32 0, void @empty_136" [H:/subband_ref_q610_opt_stage4_latency_stepL2.cpp:2454]   --->   Operation 15 'specpipeline' 'specpipeline_ln2454' <Predicate = (!icmp_ln2453)> <Delay = 0.00>
ST_1 : Operation 16 [1/1] (0.00ns)   --->   "%speclooptripcount_ln2453 = speclooptripcount void @_ssdm_op_SpecLoopTripCount, i64 256, i64 256, i64 256" [H:/subband_ref_q610_opt_stage4_latency_stepL2.cpp:2453]   --->   Operation 16 'speclooptripcount' 'speclooptripcount_ln2453' <Predicate = (!icmp_ln2453)> <Delay = 0.00>
ST_1 : Operation 17 [1/1] (0.00ns)   --->   "%specloopname_ln2453 = specloopname void @_ssdm_op_SpecLoopName, void @empty_152" [H:/subband_ref_q610_opt_stage4_latency_stepL2.cpp:2453]   --->   Operation 17 'specloopname' 'specloopname_ln2453' <Predicate = (!icmp_ln2453)> <Delay = 0.00>
ST_1 : Operation 18 [1/1] (1.00ns)   --->   "%empty_641 = read i21 @_ssdm_op_Read.axis.volatile.i16P0A.i2P0A.i2P0A.i1P0A, i16 %noisy_fft_stream_V_data_V, i2 %noisy_fft_stream_V_keep_V, i2 %noisy_fft_stream_V_strb_V, i1 %noisy_fft_stream_V_last_V" [H:/subband_ref_q610_opt_stage4_latency_stepL2.cpp:2455]   --->   Operation 18 'read' 'empty_641' <Predicate = (!icmp_ln2453)> <Delay = 1.00> <CoreInst = "axis">   --->   Core 115 'axis' <Latency = 0> <II = 1> <Delay = 1.00> <Adapter> <Opcode : >
ST_1 : Operation 19 [1/1] (0.00ns)   --->   "%value = extractvalue i21 %empty_641" [H:/subband_ref_q610_opt_stage4_latency_stepL2.cpp:2455]   --->   Operation 19 'extractvalue' 'value' <Predicate = (!icmp_ln2453)> <Delay = 0.00>
ST_1 : Operation 20 [1/1] (0.00ns)   --->   "%trunc_ln2455 = trunc i9 %freq_index_2" [H:/subband_ref_q610_opt_stage4_latency_stepL2.cpp:2455]   --->   Operation 20 'trunc' 'trunc_ln2455' <Predicate = (!icmp_ln2453)> <Delay = 0.00>
ST_1 : Operation 21 [1/1] (0.00ns)   --->   "%tmp_s = bitconcatenate i10 @_ssdm_op_BitConcatenate.i10.i2.i8, i2 %tmp, i8 %trunc_ln2455" [H:/subband_ref_q610_opt_stage4_latency_stepL2.cpp:2455]   --->   Operation 21 'bitconcatenate' 'tmp_s' <Predicate = (!icmp_ln2453)> <Delay = 0.00>
ST_1 : Operation 22 [1/1] (0.00ns)   --->   "%zext_ln2455 = zext i10 %tmp_s" [H:/subband_ref_q610_opt_stage4_latency_stepL2.cpp:2455]   --->   Operation 22 'zext' 'zext_ln2455' <Predicate = (!icmp_ln2453)> <Delay = 0.00>
ST_1 : Operation 23 [1/1] (0.00ns)   --->   "%noisy_chunk_addr = getelementptr i16 %noisy_chunk, i32 0, i32 %zext_ln2455" [H:/subband_ref_q610_opt_stage4_latency_stepL2.cpp:2455]   --->   Operation 23 'getelementptr' 'noisy_chunk_addr' <Predicate = (!icmp_ln2453)> <Delay = 0.00>
ST_1 : Operation 24 [1/1] (3.25ns)   --->   "%store_ln2455 = store i16 %value, i10 %noisy_chunk_addr" [H:/subband_ref_q610_opt_stage4_latency_stepL2.cpp:2455]   --->   Operation 24 'store' 'store_ln2455' <Predicate = (!icmp_ln2453)> <Delay = 3.25> <CoreInst = "RAM_2P_BRAM">   --->   Core 91 'RAM_2P_BRAM' <Latency = 1> <II = 1> <Delay = 3.25> <Storage> <Opcode : 'load' 'store'> <Ports = 2> <Width = 16> <Depth = 1024> <RAM>
ST_1 : Operation 25 [1/1] (1.58ns)   --->   "%store_ln2453 = store i9 %add_ln2453, i9 %freq_index" [H:/subband_ref_q610_opt_stage4_latency_stepL2.cpp:2453]   --->   Operation 25 'store' 'store_ln2453' <Predicate = (!icmp_ln2453)> <Delay = 1.58>
ST_1 : Operation 26 [1/1] (0.00ns)   --->   "%br_ln2453 = br void %for.inc" [H:/subband_ref_q610_opt_stage4_latency_stepL2.cpp:2453]   --->   Operation 26 'br' 'br_ln2453' <Predicate = (!icmp_ln2453)> <Delay = 0.00>
ST_1 : Operation 27 [1/1] (0.00ns)   --->   "%ret_ln0 = ret"   --->   Operation 27 'ret' 'ret_ln0' <Predicate = (icmp_ln2453)> <Delay = 0.00>


============================================================
+ Verbose Summary: Binding
============================================================
STG Binding: 
---------------- STG Properties BEGIN ----------------
- Is combinational: 0
- Is one-state seq: 0
- Is datapath-only: 0
- Is pipelined: 0
- Is top level: 0
Port [ Return ] is wired: 1; IO mode=ap_ctrl_hs:ce=0
Port [ noisy_fft_stream_V_data_V]:  wired=1; compound=1; hidden=0; nouse=0; global=0; static=0; extern=0; dir=0; type=0; pingpong=0; private_global=0; IO mode=axis:ce=0
Port [ noisy_fft_stream_V_keep_V]:  wired=1; compound=1; hidden=0; nouse=0; global=0; static=0; extern=0; dir=0; type=0; pingpong=0; private_global=0; IO mode=axis:ce=0
Port [ noisy_fft_stream_V_strb_V]:  wired=1; compound=1; hidden=0; nouse=0; global=0; static=0; extern=0; dir=0; type=0; pingpong=0; private_global=0; IO mode=axis:ce=0
Port [ noisy_fft_stream_V_last_V]:  wired=1; compound=1; hidden=0; nouse=0; global=0; static=0; extern=0; dir=0; type=0; pingpong=0; private_global=0; IO mode=axis:ce=0
Port [ empty]:  wired=1; compound=0; hidden=0; nouse=0; global=0; static=0; extern=0; dir=0; type=0; pingpong=0; private_global=0; IO mode=ap_none:ce=0
Port [ noisy_chunk]:  wired=1; compound=1; hidden=0; nouse=0; global=1; static=1; extern=0; dir=1; type=1; pingpong=0; private_global=0; MemPort=[30]; IO mode=ap_memory:ce=0
---------------- STG Properties END ------------------

---------------- Datapath Model BEGIN ----------------

<LifeTime>
<method=bitvector/>
freq_index               (alloca             ) [ 01]
specaxissidechannel_ln0  (specaxissidechannel) [ 00]
specmemcore_ln0          (specmemcore        ) [ 00]
specinterface_ln0        (specinterface      ) [ 00]
tmp                      (read               ) [ 00]
store_ln2453             (store              ) [ 00]
br_ln0                   (br                 ) [ 00]
freq_index_2             (load               ) [ 00]
icmp_ln2453              (icmp               ) [ 01]
add_ln2453               (add                ) [ 00]
br_ln2453                (br                 ) [ 00]
specpipeline_ln2454      (specpipeline       ) [ 00]
speclooptripcount_ln2453 (speclooptripcount  ) [ 00]
specloopname_ln2453      (specloopname       ) [ 00]
empty_641                (read               ) [ 00]
value                    (extractvalue       ) [ 00]
trunc_ln2455             (trunc              ) [ 00]
tmp_s                    (bitconcatenate     ) [ 00]
zext_ln2455              (zext               ) [ 00]
noisy_chunk_addr         (getelementptr      ) [ 00]
store_ln2455             (store              ) [ 00]
store_ln2453             (store              ) [ 00]
br_ln2453                (br                 ) [ 00]
ret_ln0                  (ret                ) [ 00]
</LifeTime>

<model>

<comp_list>
<comp id="0" class="1000" name="noisy_fft_stream_V_data_V">
<pin_list>
<pin id="1" dir="1" index="0" bw="1" slack="0"/>
</pin_list>
<bind>
<StgValue><ssdm name="noisy_fft_stream_V_data_V"/></StgValue>
</bind>
</comp>

<comp id="2" class="1000" name="noisy_fft_stream_V_keep_V">
<pin_list>
<pin id="3" dir="1" index="0" bw="1" slack="0"/>
</pin_list>
<bind>
<StgValue><ssdm name="noisy_fft_stream_V_keep_V"/></StgValue>
</bind>
</comp>

<comp id="4" class="1000" name="noisy_fft_stream_V_strb_V">
<pin_list>
<pin id="5" dir="1" index="0" bw="1" slack="0"/>
</pin_list>
<bind>
<StgValue><ssdm name="noisy_fft_stream_V_strb_V"/></StgValue>
</bind>
</comp>

<comp id="6" class="1000" name="noisy_fft_stream_V_last_V">
<pin_list>
<pin id="7" dir="1" index="0" bw="1" slack="0"/>
</pin_list>
<bind>
<StgValue><ssdm name="noisy_fft_stream_V_last_V"/></StgValue>
</bind>
</comp>

<comp id="8" class="1000" name="empty">
<pin_list>
<pin id="9" dir="1" index="0" bw="1" slack="0"/>
</pin_list>
<bind>
<StgValue><ssdm name="empty"/></StgValue>
</bind>
</comp>

<comp id="10" class="1000" name="noisy_chunk">
<pin_list>
<pin id="11" dir="1" index="0" bw="1" slack="0"/>
</pin_list>
<bind>
<StgValue><ssdm name="noisy_chunk"/><MemPortTyVec>3 0 </MemPortTyVec>
</StgValue>
</bind>
</comp>

<comp id="12" class="1001" name="const_12">
<pin_list>
<pin id="13" dir="1" index="0" bw="1" slack="0"/>
</pin_list>
<bind>
<StgValue><ssdm name=""/></StgValue>
</bind>
</comp>

<comp id="14" class="1001" name="const_14">
<pin_list>
<pin id="15" dir="1" index="0" bw="1" slack="2147483647"/>
</pin_list>
<bind>
<StgValue><ssdm name="_ssdm_op_SpecAXISSideChannel"/></StgValue>
</bind>
</comp>

<comp id="16" class="1001" name="const_16">
<pin_list>
<pin id="17" dir="1" index="0" bw="1" slack="2147483647"/>
</pin_list>
<bind>
<StgValue><ssdm name=""/></StgValue>
</bind>
</comp>

<comp id="18" class="1001" name="const_18">
<pin_list>
<pin id="19" dir="1" index="0" bw="1" slack="2147483647"/>
</pin_list>
<bind>
<StgValue><ssdm name="empty_150"/></StgValue>
</bind>
</comp>

<comp id="20" class="1001" name="const_20">
<pin_list>
<pin id="21" dir="1" index="0" bw="1" slack="2147483647"/>
</pin_list>
<bind>
<StgValue><ssdm name="_ssdm_op_SpecMemCore"/></StgValue>
</bind>
</comp>

<comp id="22" class="1001" name="const_22">
<pin_list>
<pin id="23" dir="1" index="0" bw="1" slack="2147483647"/>
</pin_list>
<bind>
<StgValue><ssdm name=""/></StgValue>
</bind>
</comp>

<comp id="24" class="1001" name="const_24">
<pin_list>
<pin id="25" dir="1" index="0" bw="1" slack="2147483647"/>
</pin_list>
<bind>
<StgValue><ssdm name=""/></StgValue>
</bind>
</comp>

<comp id="26" class="1001" name="const_26">
<pin_list>
<pin id="27" dir="1" index="0" bw="1" slack="2147483647"/>
</pin_list>
<bind>
<StgValue><ssdm name=""/></StgValue>
</bind>
</comp>

<comp id="28" class="1001" name="const_28">
<pin_list>
<pin id="29" dir="1" index="0" bw="1" slack="2147483647"/>
</pin_list>
<bind>
<StgValue><ssdm name="_ssdm_op_SpecInterface"/></StgValue>
</bind>
</comp>

<comp id="30" class="1001" name="const_30">
<pin_list>
<pin id="31" dir="1" index="0" bw="1" slack="2147483647"/>
</pin_list>
<bind>
<StgValue><ssdm name="empty_139"/></StgValue>
</bind>
</comp>

<comp id="32" class="1001" name="const_32">
<pin_list>
<pin id="33" dir="1" index="0" bw="1" slack="0"/>
</pin_list>
<bind>
<StgValue><ssdm name=""/></StgValue>
</bind>
</comp>

<comp id="34" class="1001" name="const_34">
<pin_list>
<pin id="35" dir="1" index="0" bw="1" slack="2147483647"/>
</pin_list>
<bind>
<StgValue><ssdm name="empty_140"/></StgValue>
</bind>
</comp>

<comp id="36" class="1001" name="const_36">
<pin_list>
<pin id="37" dir="1" index="0" bw="1" slack="2147483647"/>
</pin_list>
<bind>
<StgValue><ssdm name="empty_136"/></StgValue>
</bind>
</comp>

<comp id="38" class="1001" name="const_38">
<pin_list>
<pin id="39" dir="1" index="0" bw="1" slack="2147483647"/>
</pin_list>
<bind>
<StgValue><ssdm name=""/></StgValue>
</bind>
</comp>

<comp id="40" class="1001" name="const_40">
<pin_list>
<pin id="41" dir="1" index="0" bw="1" slack="0"/>
</pin_list>
<bind>
<StgValue><ssdm name="_ssdm_op_Read.ap_auto.i2"/></StgValue>
</bind>
</comp>

<comp id="42" class="1001" name="const_42">
<pin_list>
<pin id="43" dir="1" index="0" bw="1" slack="0"/>
</pin_list>
<bind>
<StgValue><ssdm name=""/></StgValue>
</bind>
</comp>

<comp id="44" class="1001" name="const_44">
<pin_list>
<pin id="45" dir="1" index="0" bw="1" slack="0"/>
</pin_list>
<bind>
<StgValue><ssdm name=""/></StgValue>
</bind>
</comp>

<comp id="46" class="1001" name="const_46">
<pin_list>
<pin id="47" dir="1" index="0" bw="1" slack="0"/>
</pin_list>
<bind>
<StgValue><ssdm name=""/></StgValue>
</bind>
</comp>

<comp id="48" class="1001" name="const_48">
<pin_list>
<pin id="49" dir="1" index="0" bw="1" slack="2147483647"/>
</pin_list>
<bind>
<StgValue><ssdm name="_ssdm_op_SpecPipeline"/></StgValue>
</bind>
</comp>

<comp id="50" class="1001" name="const_50">
<pin_list>
<pin id="51" dir="1" index="0" bw="1" slack="2147483647"/>
</pin_list>
<bind>
<StgValue><ssdm name="_ssdm_op_SpecLoopTripCount"/></StgValue>
</bind>
</comp>

<comp id="52" class="1001" name="const_52">
<pin_list>
<pin id="53" dir="1" index="0" bw="1" slack="2147483647"/>
</pin_list>
<bind>
<StgValue><ssdm name=""/></StgValue>
</bind>
</comp>

<comp id="54" class="1001" name="const_54">
<pin_list>
<pin id="55" dir="1" index="0" bw="1" slack="2147483647"/>
</pin_list>
<bind>
<StgValue><ssdm name="_ssdm_op_SpecLoopName"/></StgValue>
</bind>
</comp>

<comp id="56" class="1001" name="const_56">
<pin_list>
<pin id="57" dir="1" index="0" bw="1" slack="2147483647"/>
</pin_list>
<bind>
<StgValue><ssdm name="empty_152"/></StgValue>
</bind>
</comp>

<comp id="58" class="1001" name="const_58">
<pin_list>
<pin id="59" dir="1" index="0" bw="1" slack="0"/>
</pin_list>
<bind>
<StgValue><ssdm name="_ssdm_op_Read.axis.volatile.i16P0A.i2P0A.i2P0A.i1P0A"/></StgValue>
</bind>
</comp>

<comp id="60" class="1001" name="const_60">
<pin_list>
<pin id="61" dir="1" index="0" bw="1" slack="0"/>
</pin_list>
<bind>
<StgValue><ssdm name="_ssdm_op_BitConcatenate.i10.i2.i8"/></StgValue>
</bind>
</comp>

<comp id="62" class="1004" name="freq_index_fu_62">
<pin_list>
<pin id="63" dir="0" index="0" bw="1" slack="0"/>
<pin id="64" dir="1" index="1" bw="9" slack="0"/>
</pin_list>
<bind>
<opcode="alloca(26) " fcode="alloca"/>
<opset="freq_index/1 "/>
</bind>
</comp>

<comp id="66" class="1004" name="tmp_read_fu_66">
<pin_list>
<pin id="67" dir="0" index="0" bw="2" slack="0"/>
<pin id="68" dir="0" index="1" bw="2" slack="0"/>
<pin id="69" dir="1" index="2" bw="2" slack="0"/>
</pin_list>
<bind>
<opcode="read(1150) " fcode="read"/>
<opset="tmp/1 "/>
</bind>
</comp>

<comp id="72" class="1004" name="empty_641_read_fu_72">
<pin_list>
<pin id="73" dir="0" index="0" bw="21" slack="0"/>
<pin id="74" dir="0" index="1" bw="16" slack="0"/>
<pin id="75" dir="0" index="2" bw="2" slack="0"/>
<pin id="76" dir="0" index="3" bw="2" slack="0"/>
<pin id="77" dir="0" index="4" bw="1" slack="0"/>
<pin id="78" dir="1" index="5" bw="21" slack="0"/>
</pin_list>
<bind>
<opcode="read(1150) " fcode="read"/>
<opset="empty_641/1 "/>
</bind>
</comp>

<comp id="84" class="1004" name="noisy_chunk_addr_gep_fu_84">
<pin_list>
<pin id="85" dir="0" index="0" bw="16" slack="0"/>
<pin id="86" dir="0" index="1" bw="1" slack="0"/>
<pin id="87" dir="0" index="2" bw="10" slack="0"/>
<pin id="88" dir="1" index="3" bw="10" slack="0"/>
</pin_list>
<bind>
<opcode="getelementptr(29) " fcode="getelementptr"/>
<opset="noisy_chunk_addr/1 "/>
</bind>
</comp>

<comp id="91" class="1004" name="store_ln2455_access_fu_91">
<pin_list>
<pin id="92" dir="0" index="0" bw="10" slack="2147483647"/>
<pin id="93" dir="0" index="1" bw="16" slack="2147483647"/>
<pin id="94" dir="0" index="2" bw="0" slack="0"/>
<pin id="96" dir="0" index="4" bw="10" slack="0"/>
<pin id="97" dir="0" index="5" bw="16" slack="2147483647"/>
<pin id="98" dir="0" index="6" bw="0" slack="2147483647"/>
<pin id="95" dir="1" index="3" bw="16" slack="2147483647"/>
<pin id="99" dir="1" index="7" bw="16" slack="2147483647"/>
</pin_list>
<bind>
<opcode="store(28) " fcode="store"/>
<opset="store_ln2455/1 "/>
</bind>
</comp>

<comp id="101" class="1004" name="store_ln2453_store_fu_101">
<pin_list>
<pin id="102" dir="0" index="0" bw="1" slack="0"/>
<pin id="103" dir="0" index="1" bw="9" slack="0"/>
<pin id="104" dir="1" index="2" bw="0" slack="2147483647"/>
</pin_list>
<bind>
<opcode="store(28) " fcode="store"/>
<opset="store_ln2453/1 "/>
</bind>
</comp>

<comp id="106" class="1004" name="freq_index_2_load_fu_106">
<pin_list>
<pin id="107" dir="0" index="0" bw="9" slack="0"/>
<pin id="108" dir="1" index="1" bw="9" slack="0"/>
</pin_list>
<bind>
<opcode="load(27) " fcode="load"/>
<opset="freq_index_2/1 "/>
</bind>
</comp>

<comp id="109" class="1004" name="icmp_ln2453_fu_109">
<pin_list>
<pin id="110" dir="0" index="0" bw="9" slack="0"/>
<pin id="111" dir="0" index="1" bw="9" slack="0"/>
<pin id="112" dir="1" index="2" bw="1" slack="2147483647"/>
</pin_list>
<bind>
<opcode="icmp(45) " fcode="icmp"/>
<opset="icmp_ln2453/1 "/>
</bind>
</comp>

<comp id="115" class="1004" name="add_ln2453_fu_115">
<pin_list>
<pin id="116" dir="0" index="0" bw="9" slack="0"/>
<pin id="117" dir="0" index="1" bw="1" slack="0"/>
<pin id="118" dir="1" index="2" bw="9" slack="0"/>
</pin_list>
<bind>
<opcode="add(8) " fcode="add"/>
<opset="add_ln2453/1 "/>
</bind>
</comp>

<comp id="121" class="1004" name="value_fu_121">
<pin_list>
<pin id="122" dir="0" index="0" bw="21" slack="0"/>
<pin id="123" dir="1" index="1" bw="16" slack="0"/>
</pin_list>
<bind>
<opcode="extractvalue(56) " fcode="extractvalue"/>
<opset="value/1 "/>
</bind>
</comp>

<comp id="126" class="1004" name="trunc_ln2455_fu_126">
<pin_list>
<pin id="127" dir="0" index="0" bw="9" slack="0"/>
<pin id="128" dir="1" index="1" bw="8" slack="0"/>
</pin_list>
<bind>
<opcode="trunc(33) " fcode="trunc"/>
<opset="trunc_ln2455/1 "/>
</bind>
</comp>

<comp id="130" class="1004" name="tmp_s_fu_130">
<pin_list>
<pin id="131" dir="0" index="0" bw="10" slack="0"/>
<pin id="132" dir="0" index="1" bw="2" slack="0"/>
<pin id="133" dir="0" index="2" bw="8" slack="0"/>
<pin id="134" dir="1" index="3" bw="10" slack="0"/>
</pin_list>
<bind>
<opcode="bitconcatenate(1004) " fcode="bitconcatenate"/>
<opset="tmp_s/1 "/>
</bind>
</comp>

<comp id="138" class="1004" name="zext_ln2455_fu_138">
<pin_list>
<pin id="139" dir="0" index="0" bw="10" slack="0"/>
<pin id="140" dir="1" index="1" bw="32" slack="0"/>
</pin_list>
<bind>
<opcode="zext(34) " fcode="zext"/>
<opset="zext_ln2455/1 "/>
</bind>
</comp>

<comp id="143" class="1004" name="store_ln2453_store_fu_143">
<pin_list>
<pin id="144" dir="0" index="0" bw="9" slack="0"/>
<pin id="145" dir="0" index="1" bw="9" slack="0"/>
<pin id="146" dir="1" index="2" bw="0" slack="2147483647"/>
</pin_list>
<bind>
<opcode="store(28) " fcode="store"/>
<opset="store_ln2453/1 "/>
</bind>
</comp>

<comp id="148" class="1005" name="freq_index_reg_148">
<pin_list>
<pin id="149" dir="0" index="0" bw="9" slack="0"/>
<pin id="150" dir="1" index="1" bw="9" slack="0"/>
</pin_list>
<bind>
<opset="freq_index "/>
</bind>
</comp>

</comp_list>

<net_list>
<net id="65"><net_src comp="12" pin="0"/><net_sink comp="62" pin=0"/></net>

<net id="70"><net_src comp="40" pin="0"/><net_sink comp="66" pin=0"/></net>

<net id="71"><net_src comp="8" pin="0"/><net_sink comp="66" pin=1"/></net>

<net id="79"><net_src comp="58" pin="0"/><net_sink comp="72" pin=0"/></net>

<net id="80"><net_src comp="0" pin="0"/><net_sink comp="72" pin=1"/></net>

<net id="81"><net_src comp="2" pin="0"/><net_sink comp="72" pin=2"/></net>

<net id="82"><net_src comp="4" pin="0"/><net_sink comp="72" pin=3"/></net>

<net id="83"><net_src comp="6" pin="0"/><net_sink comp="72" pin=4"/></net>

<net id="89"><net_src comp="10" pin="0"/><net_sink comp="84" pin=0"/></net>

<net id="90"><net_src comp="32" pin="0"/><net_sink comp="84" pin=1"/></net>

<net id="100"><net_src comp="84" pin="3"/><net_sink comp="91" pin=2"/></net>

<net id="105"><net_src comp="42" pin="0"/><net_sink comp="101" pin=0"/></net>

<net id="113"><net_src comp="106" pin="1"/><net_sink comp="109" pin=0"/></net>

<net id="114"><net_src comp="44" pin="0"/><net_sink comp="109" pin=1"/></net>

<net id="119"><net_src comp="106" pin="1"/><net_sink comp="115" pin=0"/></net>

<net id="120"><net_src comp="46" pin="0"/><net_sink comp="115" pin=1"/></net>

<net id="124"><net_src comp="72" pin="5"/><net_sink comp="121" pin=0"/></net>

<net id="125"><net_src comp="121" pin="1"/><net_sink comp="91" pin=4"/></net>

<net id="129"><net_src comp="106" pin="1"/><net_sink comp="126" pin=0"/></net>

<net id="135"><net_src comp="60" pin="0"/><net_sink comp="130" pin=0"/></net>

<net id="136"><net_src comp="66" pin="2"/><net_sink comp="130" pin=1"/></net>

<net id="137"><net_src comp="126" pin="1"/><net_sink comp="130" pin=2"/></net>

<net id="141"><net_src comp="130" pin="3"/><net_sink comp="138" pin=0"/></net>

<net id="142"><net_src comp="138" pin="1"/><net_sink comp="84" pin=2"/></net>

<net id="147"><net_src comp="115" pin="2"/><net_sink comp="143" pin=0"/></net>

<net id="151"><net_src comp="62" pin="1"/><net_sink comp="148" pin=0"/></net>

<net id="152"><net_src comp="148" pin="1"/><net_sink comp="101" pin=1"/></net>

<net id="153"><net_src comp="148" pin="1"/><net_sink comp="106" pin=0"/></net>

<net id="154"><net_src comp="148" pin="1"/><net_sink comp="143" pin=1"/></net>

</net_list>

</model> 
---------------- Datapath Model END ------------------

* FSMD analyzer results:
  - Output states:
	Port: noisy_fft_stream_V_data_V | {}
	Port: noisy_fft_stream_V_keep_V | {}
	Port: noisy_fft_stream_V_strb_V | {}
	Port: noisy_fft_stream_V_last_V | {}
	Port: noisy_chunk | {1 }
 - Input state : 
	Port: (anonymous namespace)ReadRealtimeInputChunkQ610_Pipeline_VITIS_LOOP_2453_2 : noisy_fft_stream_V_data_V | {1 }
	Port: (anonymous namespace)ReadRealtimeInputChunkQ610_Pipeline_VITIS_LOOP_2453_2 : noisy_fft_stream_V_keep_V | {1 }
	Port: (anonymous namespace)ReadRealtimeInputChunkQ610_Pipeline_VITIS_LOOP_2453_2 : noisy_fft_stream_V_strb_V | {1 }
	Port: (anonymous namespace)ReadRealtimeInputChunkQ610_Pipeline_VITIS_LOOP_2453_2 : noisy_fft_stream_V_last_V | {1 }
	Port: (anonymous namespace)ReadRealtimeInputChunkQ610_Pipeline_VITIS_LOOP_2453_2 : empty | {1 }
	Port: (anonymous namespace)ReadRealtimeInputChunkQ610_Pipeline_VITIS_LOOP_2453_2 : noisy_chunk | {}
  - Chain level:
	State 1
		store_ln2453 : 1
		freq_index_2 : 1
		icmp_ln2453 : 2
		add_ln2453 : 2
		br_ln2453 : 3
		trunc_ln2455 : 2
		tmp_s : 3
		zext_ln2455 : 4
		noisy_chunk_addr : 5
		store_ln2455 : 6
		store_ln2453 : 3


============================================================
+ Verbose Summary: Datapath Resource usage 
============================================================

* Functional unit list:
|----------|----------------------|---------|---------|
| Operation|    Functional Unit   |    FF   |   LUT   |
|----------|----------------------|---------|---------|
|   icmp   |  icmp_ln2453_fu_109  |    0    |    14   |
|----------|----------------------|---------|---------|
|    add   |   add_ln2453_fu_115  |    0    |    14   |
|----------|----------------------|---------|---------|
|   read   |    tmp_read_fu_66    |    0    |    0    |
|          | empty_641_read_fu_72 |    0    |    0    |
|----------|----------------------|---------|---------|
|extractvalue|     value_fu_121     |    0    |    0    |
|----------|----------------------|---------|---------|
|   trunc  |  trunc_ln2455_fu_126 |    0    |    0    |
|----------|----------------------|---------|---------|
|bitconcatenate|     tmp_s_fu_130     |    0    |    0    |
|----------|----------------------|---------|---------|
|   zext   |  zext_ln2455_fu_138  |    0    |    0    |
|----------|----------------------|---------|---------|
|   Total  |                      |    0    |    28   |
|----------|----------------------|---------|---------|

Memories:
N/A

* Register list:
+------------------+--------+
|                  |   FF   |
+------------------+--------+
|freq_index_reg_148|    9   |
+------------------+--------+
|       Total      |    9   |
+------------------+--------+

* Multiplexer (MUX) list: 
|--------|------|------|------|--------|
|  Comp  |  Pin | Size |  BW  | S x BW |
|--------|------|------|------|--------|
|  Total |      |      |      |    0   |
|--------|------|------|------|--------|



* Summary:
+-----------+--------+--------+
|           |   FF   |   LUT  |
+-----------+--------+--------+
|  Function |    0   |   28   |
|   Memory  |    -   |    -   |
|Multiplexer|    -   |    -   |
|  Register |    9   |    -   |
+-----------+--------+--------+
|   Total   |    9   |   28   |
+-----------+--------+--------+
