

================================================================
== Vitis HLS Report for 'p_anonymous_namespace_BuildRealtimeBandInputQ610'
================================================================
* Date:           Thu May 14 12:27:13 2026

* Version:        2023.2 (Build 4023990 on Oct 11 2023)
* Project:        subband_q610_realtime_hls
* Solution:       solution1 (Vivado IP Flow Target)
* Product family: zynq
* Target device:  xc7z020-clg400-1


================================================================
== Performance Estimates
================================================================
+ Timing: 
    * Summary: 
    +--------+----------+----------+------------+
    |  Clock |  Target  | Estimated| Uncertainty|
    +--------+----------+----------+------------+
    |ap_clk  |  10.00 ns|  8.726 ns|     2.70 ns|
    +--------+----------+----------+------------+

+ Latency: 
    * Summary: 
    +---------+---------+----------+----------+-----+-----+---------+
    |  Latency (cycles) |  Latency (absolute) |  Interval | Pipeline|
    |   min   |   max   |    min   |    max   | min | max |   Type  |
    +---------+---------+----------+----------+-----+-----+---------+
    |      232|      232|  2.320 us|  2.320 us|  232|  232|       no|
    +---------+---------+----------+----------+-----+-----+---------+

    + Detail: 
        * Instance: 
        N/A

        * Loop: 
        N/A

============================================================
+ Verbose Summary: Synthesis Manager
============================================================
InlineROM: 1
ExposeGlobal: 0
============================================================
+ Verbose Summary: CDFG Model
============================================================
IsTopModel: 0
ResetActiveHigh: 1
IsCombinational: 0
IsDatapathOnly: 0
HasWiredReturn: 1
HasMFsm: 0
HasVarLatency: 1
IsPipeline: 0
IsRtlPipelined: 0
IsInstanceOverlapped: 0
IsDontTouch: 0
HasImplIP: 0
IsGatedGlobalClock: 0


============================================================
+ Verbose Summary: Schedule
============================================================
* Number of FSM states : 6
* Pipeline : 0
* Dataflow Pipeline: 0

* FSM state transitions: 
1 --> 2 
2 --> 3 
3 --> 4 
4 --> 5 
5 --> 6 
6 --> 

* FSM state operations: 

State 1 <SV = 0> <Delay = 1.05>
ST_1 : Operation 7 [1/1] (0.00ns)   --->   "%subband_index_read = read i3 @_ssdm_op_Read.ap_auto.i3, i3 %subband_index" [H:/subband_ref_q610_opt_stage4_latency_stepL2.cpp:2656]   --->   Operation 7 'read' 'subband_index_read' <Predicate = true> <Delay = 0.00>
ST_1 : Operation 8 [1/1] (0.00ns)   --->   "%p_read122 = read i7 @_ssdm_op_Read.ap_auto.i7, i7 %p_read1" [H:/subband_ref_q610_opt_stage4_latency_stepL2.cpp:2656]   --->   Operation 8 'read' 'p_read122' <Predicate = true> <Delay = 0.00>
ST_1 : Operation 9 [1/1] (0.00ns)   --->   "%subband_index_cast = zext i3 %subband_index_read" [H:/subband_ref_q610_opt_stage4_latency_stepL2.cpp:2656]   --->   Operation 9 'zext' 'subband_index_cast' <Predicate = true> <Delay = 0.00>
ST_1 : Operation 10 [1/1] (0.00ns)   --->   "%p_read1_cast = zext i7 %p_read122" [H:/subband_ref_q610_opt_stage4_latency_stepL2.cpp:2656]   --->   Operation 10 'zext' 'p_read1_cast' <Predicate = true> <Delay = 0.00>
ST_1 : Operation 11 [3/3] (1.05ns) (grouped into DSP with root node center_start)   --->   "%mul_ln2650 = mul i10 %p_read1_cast, i10 %subband_index_cast" [H:/subband_ref_q610_opt_stage4_latency_stepL2.cpp:2650]   --->   Operation 11 'mul' 'mul_ln2650' <Predicate = true> <Delay = 1.05> <CoreInst = "DSP48">   --->   Core 119 'DSP48' <Latency = 3> <II = 1> <Delay = 2.15> <IPBlock> <Opcode : '' 'add' 'sub' 'mul' 'select'> <InPorts = 0> <OutPorts = 1> <Sync> <CReg>

State 2 <SV = 1> <Delay = 1.05>
ST_2 : Operation 12 [2/3] (1.05ns) (grouped into DSP with root node center_start)   --->   "%mul_ln2650 = mul i10 %p_read1_cast, i10 %subband_index_cast" [H:/subband_ref_q610_opt_stage4_latency_stepL2.cpp:2650]   --->   Operation 12 'mul' 'mul_ln2650' <Predicate = true> <Delay = 1.05> <CoreInst = "DSP48">   --->   Core 119 'DSP48' <Latency = 3> <II = 1> <Delay = 2.15> <IPBlock> <Opcode : '' 'add' 'sub' 'mul' 'select'> <InPorts = 0> <OutPorts = 1> <Sync> <CReg>

State 3 <SV = 2> <Delay = 2.10>
ST_3 : Operation 13 [1/1] (0.00ns)   --->   "%p_read21 = read i8 @_ssdm_op_Read.ap_auto.i8, i8 %p_read" [H:/subband_ref_q610_opt_stage4_latency_stepL2.cpp:2656]   --->   Operation 13 'read' 'p_read21' <Predicate = true> <Delay = 0.00>
ST_3 : Operation 14 [1/1] (0.00ns)   --->   "%p_read_cast = zext i8 %p_read21" [H:/subband_ref_q610_opt_stage4_latency_stepL2.cpp:2656]   --->   Operation 14 'zext' 'p_read_cast' <Predicate = true> <Delay = 0.00>
ST_3 : Operation 15 [1/3] (0.00ns) (grouped into DSP with root node center_start)   --->   "%mul_ln2650 = mul i10 %p_read1_cast, i10 %subband_index_cast" [H:/subband_ref_q610_opt_stage4_latency_stepL2.cpp:2650]   --->   Operation 15 'mul' 'mul_ln2650' <Predicate = true> <Delay = 0.00> <CoreInst = "DSP48">   --->   Core 119 'DSP48' <Latency = 3> <II = 1> <Delay = 2.15> <IPBlock> <Opcode : '' 'add' 'sub' 'mul' 'select'> <InPorts = 0> <OutPorts = 1> <Sync> <CReg>
ST_3 : Operation 16 [2/2] (2.10ns) (root node of the DSP)   --->   "%center_start = add i10 %mul_ln2650, i10 %p_read_cast" [H:/subband_ref_q610_opt_stage4_latency_stepL2.cpp:2650]   --->   Operation 16 'add' 'center_start' <Predicate = true> <Delay = 2.10> <CoreInst = "DSP48">   --->   Core 119 'DSP48' <Latency = 3> <II = 1> <Delay = 2.15> <IPBlock> <Opcode : '' 'add' 'sub' 'mul' 'select'> <InPorts = 0> <OutPorts = 1> <Sync> <CReg>

State 4 <SV = 3> <Delay = 2.10>
ST_4 : Operation 17 [1/2] (2.10ns) (root node of the DSP)   --->   "%center_start = add i10 %mul_ln2650, i10 %p_read_cast" [H:/subband_ref_q610_opt_stage4_latency_stepL2.cpp:2650]   --->   Operation 17 'add' 'center_start' <Predicate = true> <Delay = 2.10> <CoreInst = "DSP48">   --->   Core 119 'DSP48' <Latency = 3> <II = 1> <Delay = 2.15> <IPBlock> <Opcode : '' 'add' 'sub' 'mul' 'select'> <InPorts = 0> <OutPorts = 1> <Sync> <CReg>

State 5 <SV = 4> <Delay = 7.13>
ST_5 : Operation 18 [1/1] (0.00ns)   --->   "%noisy_frame_offset_read = read i2 @_ssdm_op_Read.ap_auto.i2, i2 %noisy_frame_offset" [H:/subband_ref_q610_opt_stage4_latency_stepL2.cpp:2656]   --->   Operation 18 'read' 'noisy_frame_offset_read' <Predicate = true> <Delay = 0.00>
ST_5 : Operation 19 [1/1] (0.00ns)   --->   "%p_read424 = read i8 @_ssdm_op_Read.ap_auto.i8, i8 %p_read4" [H:/subband_ref_q610_opt_stage4_latency_stepL2.cpp:2656]   --->   Operation 19 'read' 'p_read424' <Predicate = true> <Delay = 0.00>
ST_5 : Operation 20 [1/1] (0.00ns)   --->   "%p_read323 = read i7 @_ssdm_op_Read.ap_auto.i7, i7 %p_read3" [H:/subband_ref_q610_opt_stage4_latency_stepL2.cpp:2656]   --->   Operation 20 'read' 'p_read323' <Predicate = true> <Delay = 0.00>
ST_5 : Operation 21 [1/1] (0.00ns)   --->   "%tmp = bitconcatenate i10 @_ssdm_op_BitConcatenate.i10.i2.i8, i2 %noisy_frame_offset_read, i8 0" [H:/subband_ref_q610_opt_stage4_latency_stepL2.cpp:2656]   --->   Operation 21 'bitconcatenate' 'tmp' <Predicate = true> <Delay = 0.00>
ST_5 : Operation 22 [2/2] (7.13ns)   --->   "%call_ln2656 = call void @(anonymous namespace)BuildRealtimeBandInputQ610_Pipeline_VITIS_LOOP_2651_1, i16 %input_buffer_0, i16 %input_buffer_223, i16 %input_buffer_222, i16 %input_buffer_221, i16 %input_buffer_220, i16 %input_buffer_219, i16 %input_buffer_218, i16 %input_buffer_217, i16 %input_buffer_216, i16 %input_buffer_215, i16 %input_buffer_214, i16 %input_buffer_213, i16 %input_buffer_212, i16 %input_buffer_211, i16 %input_buffer_210, i16 %input_buffer_209, i16 %input_buffer_208, i16 %input_buffer_207, i16 %input_buffer_206, i16 %input_buffer_205, i16 %input_buffer_204, i16 %input_buffer_203, i16 %input_buffer_202, i16 %input_buffer_201, i16 %input_buffer_200, i16 %input_buffer_199, i16 %input_buffer_198, i16 %input_buffer_197, i16 %input_buffer_196, i16 %input_buffer_195, i16 %input_buffer_194, i16 %input_buffer_193, i16 %input_buffer_192, i16 %input_buffer_191, i16 %input_buffer_190, i16 %input_buffer_189, i16 %input_buffer_188, i16 %input_buffer_187, i16 %input_buffer_186, i16 %input_buffer_185, i16 %input_buffer_184, i16 %input_buffer_183, i16 %input_buffer_182, i16 %input_buffer_181, i16 %input_buffer_180, i16 %input_buffer_179, i16 %input_buffer_178, i16 %input_buffer_177, i16 %input_buffer_176, i16 %input_buffer_175, i16 %input_buffer_174, i16 %input_buffer_173, i16 %input_buffer_172, i16 %input_buffer_171, i16 %input_buffer_170, i16 %input_buffer_169, i16 %input_buffer_168, i16 %input_buffer_167, i16 %input_buffer_166, i16 %input_buffer_165, i16 %input_buffer_164, i16 %input_buffer_163, i16 %input_buffer_162, i16 %input_buffer_161, i16 %input_buffer_160, i16 %input_buffer_159, i16 %input_buffer_158, i16 %input_buffer_157, i16 %input_buffer_156, i16 %input_buffer_155, i16 %input_buffer_154, i16 %input_buffer_153, i16 %input_buffer_152, i16 %input_buffer_151, i16 %input_buffer_150, i16 %input_buffer_149, i16 %input_buffer_148, i16 %input_buffer_147, i16 %input_buffer_146, i16 %input_buffer_145, i16 %input_buffer_144, i16 %input_buffer_143, i16 %input_buffer_142, i16 %input_buffer_141, i16 %input_buffer_140, i16 %input_buffer_139, i16 %input_buffer_138, i16 %input_buffer_137, i16 %input_buffer_136, i16 %input_buffer_135, i16 %input_buffer_134, i16 %input_buffer_133, i16 %input_buffer_132, i16 %input_buffer_131, i16 %input_buffer_130, i16 %input_buffer_129, i16 %input_buffer_128, i16 %input_buffer_127, i16 %input_buffer_126, i16 %input_buffer_125, i16 %input_buffer_124, i16 %input_buffer_123, i16 %input_buffer_122, i16 %input_buffer_121, i16 %input_buffer_120, i16 %input_buffer_119, i16 %input_buffer_118, i16 %input_buffer_117, i16 %input_buffer_116, i16 %input_buffer_115, i16 %input_buffer_114, i16 %input_buffer_113, i16 %input_buffer_112, i16 %input_buffer_111, i16 %input_buffer_110, i16 %input_buffer_109, i16 %input_buffer_108, i16 %input_buffer_107, i16 %input_buffer_106, i16 %input_buffer_105, i16 %input_buffer_104, i16 %input_buffer_103, i16 %input_buffer_102, i16 %input_buffer_101, i16 %input_buffer_100, i16 %input_buffer_99, i16 %input_buffer_98, i16 %input_buffer_97, i16 %input_buffer_96, i16 %input_buffer_95, i16 %input_buffer_94, i16 %input_buffer_93, i16 %input_buffer_92, i16 %input_buffer_91, i16 %input_buffer_90, i16 %input_buffer_89, i16 %input_buffer_88, i16 %input_buffer_87, i16 %input_buffer_86, i16 %input_buffer_85, i16 %input_buffer_84, i16 %input_buffer_83, i16 %input_buffer_82, i16 %input_buffer_81, i16 %input_buffer_80, i16 %input_buffer_79, i16 %input_buffer_78, i16 %input_buffer_77, i16 %input_buffer_76, i16 %input_buffer_75, i16 %input_buffer_74, i16 %input_buffer_73, i16 %input_buffer_72, i16 %input_buffer_71, i16 %input_buffer_70, i16 %input_buffer_69, i16 %input_buffer_68, i16 %input_buffer_67, i16 %input_buffer_66, i16 %input_buffer_65, i16 %input_buffer_64, i16 %input_buffer_63, i16 %input_buffer_62, i16 %input_buffer_61, i16 %input_buffer_60, i16 %input_buffer_59, i16 %input_buffer_58, i16 %input_buffer_57, i16 %input_buffer_56, i16 %input_buffer_55, i16 %input_buffer_54, i16 %input_buffer_53, i16 %input_buffer_52, i16 %input_buffer_51, i16 %input_buffer_50, i16 %input_buffer_49, i16 %input_buffer_48, i16 %input_buffer_47, i16 %input_buffer_46, i16 %input_buffer_45, i16 %input_buffer_44, i16 %input_buffer_43, i16 %input_buffer_42, i16 %input_buffer_41, i16 %input_buffer_40, i16 %input_buffer_39, i16 %input_buffer_38, i16 %input_buffer_37, i16 %input_buffer_36, i16 %input_buffer_35, i16 %input_buffer_34, i16 %input_buffer_33, i16 %input_buffer_32, i16 %input_buffer_31, i16 %input_buffer_30, i16 %input_buffer_29, i16 %input_buffer_28, i16 %input_buffer_27, i16 %input_buffer_26, i16 %input_buffer_25, i16 %input_buffer_24, i16 %input_buffer_23, i16 %input_buffer_22, i16 %input_buffer_21, i16 %input_buffer_20, i16 %input_buffer_19, i16 %input_buffer_18, i16 %input_buffer_17, i16 %input_buffer_16, i16 %input_buffer_15, i16 %input_buffer_14, i16 %input_buffer_13, i16 %input_buffer_12, i16 %input_buffer_11, i16 %input_buffer_10, i16 %input_buffer_9, i16 %input_buffer_8, i16 %input_buffer_7, i16 %input_buffer_6, i16 %input_buffer_5, i16 %input_buffer_4, i16 %input_buffer_3, i16 %input_buffer_2, i16 %input_buffer_1, i7 %p_read323, i10 %center_start, i10 %center_start, i8 %p_read424, i10 %tmp, i16 %noisy_frame, i16 %fb_frame" [H:/subband_ref_q610_opt_stage4_latency_stepL2.cpp:2656]   --->   Operation 22 'call' 'call_ln2656' <Predicate = true> <Delay = 7.13> <CoreType = "Generic">   --->   Core 0 '' <Latency = 0> <II = 1> <Delay = 1.00> <Generic> <Opcode : >

State 6 <SV = 5> <Delay = 4.23>
ST_6 : Operation 23 [1/1] (0.00ns)   --->   "%specmemcore_ln0 = specmemcore void @_ssdm_op_SpecMemCore, i16 %fb_frame, i64 666, i64 22, i64 18446744073709551615"   --->   Operation 23 'specmemcore' 'specmemcore_ln0' <Predicate = true> <Delay = 0.00>
ST_6 : Operation 24 [1/1] (0.00ns)   --->   "%specmemcore_ln0 = specmemcore void @_ssdm_op_SpecMemCore, i16 %noisy_frame, i64 666, i64 22, i64 18446744073709551615"   --->   Operation 24 'specmemcore' 'specmemcore_ln0' <Predicate = true> <Delay = 0.00>
ST_6 : Operation 25 [1/2] (4.23ns)   --->   "%call_ln2656 = call void @(anonymous namespace)BuildRealtimeBandInputQ610_Pipeline_VITIS_LOOP_2651_1, i16 %input_buffer_0, i16 %input_buffer_223, i16 %input_buffer_222, i16 %input_buffer_221, i16 %input_buffer_220, i16 %input_buffer_219, i16 %input_buffer_218, i16 %input_buffer_217, i16 %input_buffer_216, i16 %input_buffer_215, i16 %input_buffer_214, i16 %input_buffer_213, i16 %input_buffer_212, i16 %input_buffer_211, i16 %input_buffer_210, i16 %input_buffer_209, i16 %input_buffer_208, i16 %input_buffer_207, i16 %input_buffer_206, i16 %input_buffer_205, i16 %input_buffer_204, i16 %input_buffer_203, i16 %input_buffer_202, i16 %input_buffer_201, i16 %input_buffer_200, i16 %input_buffer_199, i16 %input_buffer_198, i16 %input_buffer_197, i16 %input_buffer_196, i16 %input_buffer_195, i16 %input_buffer_194, i16 %input_buffer_193, i16 %input_buffer_192, i16 %input_buffer_191, i16 %input_buffer_190, i16 %input_buffer_189, i16 %input_buffer_188, i16 %input_buffer_187, i16 %input_buffer_186, i16 %input_buffer_185, i16 %input_buffer_184, i16 %input_buffer_183, i16 %input_buffer_182, i16 %input_buffer_181, i16 %input_buffer_180, i16 %input_buffer_179, i16 %input_buffer_178, i16 %input_buffer_177, i16 %input_buffer_176, i16 %input_buffer_175, i16 %input_buffer_174, i16 %input_buffer_173, i16 %input_buffer_172, i16 %input_buffer_171, i16 %input_buffer_170, i16 %input_buffer_169, i16 %input_buffer_168, i16 %input_buffer_167, i16 %input_buffer_166, i16 %input_buffer_165, i16 %input_buffer_164, i16 %input_buffer_163, i16 %input_buffer_162, i16 %input_buffer_161, i16 %input_buffer_160, i16 %input_buffer_159, i16 %input_buffer_158, i16 %input_buffer_157, i16 %input_buffer_156, i16 %input_buffer_155, i16 %input_buffer_154, i16 %input_buffer_153, i16 %input_buffer_152, i16 %input_buffer_151, i16 %input_buffer_150, i16 %input_buffer_149, i16 %input_buffer_148, i16 %input_buffer_147, i16 %input_buffer_146, i16 %input_buffer_145, i16 %input_buffer_144, i16 %input_buffer_143, i16 %input_buffer_142, i16 %input_buffer_141, i16 %input_buffer_140, i16 %input_buffer_139, i16 %input_buffer_138, i16 %input_buffer_137, i16 %input_buffer_136, i16 %input_buffer_135, i16 %input_buffer_134, i16 %input_buffer_133, i16 %input_buffer_132, i16 %input_buffer_131, i16 %input_buffer_130, i16 %input_buffer_129, i16 %input_buffer_128, i16 %input_buffer_127, i16 %input_buffer_126, i16 %input_buffer_125, i16 %input_buffer_124, i16 %input_buffer_123, i16 %input_buffer_122, i16 %input_buffer_121, i16 %input_buffer_120, i16 %input_buffer_119, i16 %input_buffer_118, i16 %input_buffer_117, i16 %input_buffer_116, i16 %input_buffer_115, i16 %input_buffer_114, i16 %input_buffer_113, i16 %input_buffer_112, i16 %input_buffer_111, i16 %input_buffer_110, i16 %input_buffer_109, i16 %input_buffer_108, i16 %input_buffer_107, i16 %input_buffer_106, i16 %input_buffer_105, i16 %input_buffer_104, i16 %input_buffer_103, i16 %input_buffer_102, i16 %input_buffer_101, i16 %input_buffer_100, i16 %input_buffer_99, i16 %input_buffer_98, i16 %input_buffer_97, i16 %input_buffer_96, i16 %input_buffer_95, i16 %input_buffer_94, i16 %input_buffer_93, i16 %input_buffer_92, i16 %input_buffer_91, i16 %input_buffer_90, i16 %input_buffer_89, i16 %input_buffer_88, i16 %input_buffer_87, i16 %input_buffer_86, i16 %input_buffer_85, i16 %input_buffer_84, i16 %input_buffer_83, i16 %input_buffer_82, i16 %input_buffer_81, i16 %input_buffer_80, i16 %input_buffer_79, i16 %input_buffer_78, i16 %input_buffer_77, i16 %input_buffer_76, i16 %input_buffer_75, i16 %input_buffer_74, i16 %input_buffer_73, i16 %input_buffer_72, i16 %input_buffer_71, i16 %input_buffer_70, i16 %input_buffer_69, i16 %input_buffer_68, i16 %input_buffer_67, i16 %input_buffer_66, i16 %input_buffer_65, i16 %input_buffer_64, i16 %input_buffer_63, i16 %input_buffer_62, i16 %input_buffer_61, i16 %input_buffer_60, i16 %input_buffer_59, i16 %input_buffer_58, i16 %input_buffer_57, i16 %input_buffer_56, i16 %input_buffer_55, i16 %input_buffer_54, i16 %input_buffer_53, i16 %input_buffer_52, i16 %input_buffer_51, i16 %input_buffer_50, i16 %input_buffer_49, i16 %input_buffer_48, i16 %input_buffer_47, i16 %input_buffer_46, i16 %input_buffer_45, i16 %input_buffer_44, i16 %input_buffer_43, i16 %input_buffer_42, i16 %input_buffer_41, i16 %input_buffer_40, i16 %input_buffer_39, i16 %input_buffer_38, i16 %input_buffer_37, i16 %input_buffer_36, i16 %input_buffer_35, i16 %input_buffer_34, i16 %input_buffer_33, i16 %input_buffer_32, i16 %input_buffer_31, i16 %input_buffer_30, i16 %input_buffer_29, i16 %input_buffer_28, i16 %input_buffer_27, i16 %input_buffer_26, i16 %input_buffer_25, i16 %input_buffer_24, i16 %input_buffer_23, i16 %input_buffer_22, i16 %input_buffer_21, i16 %input_buffer_20, i16 %input_buffer_19, i16 %input_buffer_18, i16 %input_buffer_17, i16 %input_buffer_16, i16 %input_buffer_15, i16 %input_buffer_14, i16 %input_buffer_13, i16 %input_buffer_12, i16 %input_buffer_11, i16 %input_buffer_10, i16 %input_buffer_9, i16 %input_buffer_8, i16 %input_buffer_7, i16 %input_buffer_6, i16 %input_buffer_5, i16 %input_buffer_4, i16 %input_buffer_3, i16 %input_buffer_2, i16 %input_buffer_1, i7 %p_read323, i10 %center_start, i10 %center_start, i8 %p_read424, i10 %tmp, i16 %noisy_frame, i16 %fb_frame" [H:/subband_ref_q610_opt_stage4_latency_stepL2.cpp:2656]   --->   Operation 25 'call' 'call_ln2656' <Predicate = true> <Delay = 4.23> <CoreType = "Generic">   --->   Core 0 '' <Latency = 0> <II = 1> <Delay = 1.00> <Generic> <Opcode : >
ST_6 : Operation 26 [1/1] (0.00ns)   --->   "%ret_ln2664 = ret" [H:/subband_ref_q610_opt_stage4_latency_stepL2.cpp:2664]   --->   Operation 26 'ret' 'ret_ln2664' <Predicate = true> <Delay = 0.00>


============================================================
+ Verbose Summary: Timing violations
============================================================
Target clock period: 10.000ns, clock uncertainty: 2.700ns.

 <State 1>: 1.050ns
The critical path consists of the following:
	wire read operation ('subband_index_read', H:/subband_ref_q610_opt_stage4_latency_stepL2.cpp:2656) on port 'subband_index' (H:/subband_ref_q610_opt_stage4_latency_stepL2.cpp:2656) [233]  (0.000 ns)
	'mul' operation 10 bit of DSP[246] ('mul_ln2650', H:/subband_ref_q610_opt_stage4_latency_stepL2.cpp:2650) [245]  (1.050 ns)

 <State 2>: 1.050ns
The critical path consists of the following:
	'mul' operation 10 bit of DSP[246] ('mul_ln2650', H:/subband_ref_q610_opt_stage4_latency_stepL2.cpp:2650) [245]  (1.050 ns)

 <State 3>: 2.100ns
The critical path consists of the following:
	wire read operation ('p_read21', H:/subband_ref_q610_opt_stage4_latency_stepL2.cpp:2656) on port 'p_read' (H:/subband_ref_q610_opt_stage4_latency_stepL2.cpp:2656) [238]  (0.000 ns)
	'add' operation 10 bit of DSP[246] ('center_start', H:/subband_ref_q610_opt_stage4_latency_stepL2.cpp:2650) [246]  (2.100 ns)

 <State 4>: 2.100ns
The critical path consists of the following:
	'add' operation 10 bit of DSP[246] ('center_start', H:/subband_ref_q610_opt_stage4_latency_stepL2.cpp:2650) [246]  (2.100 ns)

 <State 5>: 7.138ns
The critical path consists of the following:
	wire read operation ('noisy_frame_offset_read', H:/subband_ref_q610_opt_stage4_latency_stepL2.cpp:2656) on port 'noisy_frame_offset' (H:/subband_ref_q610_opt_stage4_latency_stepL2.cpp:2656) [234]  (0.000 ns)
	'call' operation 0 bit ('call_ln2656', H:/subband_ref_q610_opt_stage4_latency_stepL2.cpp:2656) to '(anonymous namespace)BuildRealtimeBandInputQ610_Pipeline_VITIS_LOOP_2651_1' [247]  (7.138 ns)

 <State 6>: 4.232ns
The critical path consists of the following:
	'call' operation 0 bit ('call_ln2656', H:/subband_ref_q610_opt_stage4_latency_stepL2.cpp:2656) to '(anonymous namespace)BuildRealtimeBandInputQ610_Pipeline_VITIS_LOOP_2651_1' [247]  (4.232 ns)


============================================================
+ Verbose Summary: Binding
============================================================
N/A
* FSMD analyzer results:
  - Output states:
 - Input state : 
  - Chain level:
	State 1
	State 2
	State 3
	State 4
	State 5
	State 6


============================================================
+ Verbose Summary: Datapath Resource usage 
============================================================
N/A
