

================================================================
== Vitis HLS Report for 'p_anonymous_namespace_ReadRealtimeInputChunkQ610'
================================================================
* Date:           Thu May 14 12:27:21 2026

* Version:        2023.2 (Build 4023990 on Oct 11 2023)
* Project:        subband_q610_realtime_hls
* Solution:       solution1 (Vivado IP Flow Target)
* Product family: zynq
* Target device:  xc7z020-clg400-1


================================================================
== Performance Estimates
================================================================
+ Timing: 
    * Summary: 
    +--------+----------+----------+------------+
    |  Clock |  Target  | Estimated| Uncertainty|
    +--------+----------+----------+------------+
    |ap_clk  |  10.00 ns|  7.665 ns|     2.70 ns|
    +--------+----------+----------+------------+

+ Latency: 
    * Summary: 
    +---------+---------+-----------+-----------+-----+------+---------+
    |  Latency (cycles) |   Latency (absolute)  |  Interval  | Pipeline|
    |   min   |   max   |    min    |    max    | min |  max |   Type  |
    +---------+---------+-----------+-----------+-----+------+---------+
    |        9|     2085|  90.000 ns|  20.850 us|    9|  2085|       no|
    +---------+---------+-----------+-----------+-----+------+---------+

    + Detail: 
        * Instance: 
        +---------------------------------------------------------------------------------------+-----------------------------------------------------------------------------+---------+---------+----------+----------+-----+-----+---------+
        |                                                                                       |                                                                             |  Latency (cycles) |  Latency (absolute) |  Interval | Pipeline|
        |                                        Instance                                       |                                    Module                                   |   min   |   max   |    min   |    max   | min | max |   Type  |
        +---------------------------------------------------------------------------------------+-----------------------------------------------------------------------------+---------+---------+----------+----------+-----+-----+---------+
        |grp_p_anonymous_namespace_ReadRealtimeInputChunkQ610_Pipeline_VITIS_LOOP_2453_2_fu_84  |p_anonymous_namespace_ReadRealtimeInputChunkQ610_Pipeline_VITIS_LOOP_2453_2  |      258|      258|  2.580 us|  2.580 us|  258|  258|       no|
        |grp_p_anonymous_namespace_ReadRealtimeInputChunkQ610_Pipeline_VITIS_LOOP_2457_3_fu_99  |p_anonymous_namespace_ReadRealtimeInputChunkQ610_Pipeline_VITIS_LOOP_2457_3  |      258|      258|  2.580 us|  2.580 us|  258|  258|       no|
        +---------------------------------------------------------------------------------------+-----------------------------------------------------------------------------+---------+---------+----------+----------+-----+-----+---------+

        * Loop: 
        +---------------------+---------+---------+----------+-----------+-----------+------+----------+
        |                     |  Latency (cycles) | Iteration|  Initiation Interval  | Trip |          |
        |      Loop Name      |   min   |   max   |  Latency |  achieved |   target  | Count| Pipelined|
        +---------------------+---------+---------+----------+-----------+-----------+------+----------+
        |- VITIS_LOOP_2450_1  |        8|     2084|   2 ~ 521|          -|          -|     4|        no|
        +---------------------+---------+---------+----------+-----------+-----------+------+----------+



================================================================
== Utilization Estimates
================================================================
* Summary: 
+-----------------+---------+-----+--------+-------+-----+
|       Name      | BRAM_18K| DSP |   FF   |  LUT  | URAM|
+-----------------+---------+-----+--------+-------+-----+
|DSP              |        -|    -|       -|      -|    -|
|Expression       |        -|    -|       0|     37|    -|
|FIFO             |        -|    -|       -|      -|    -|
|Instance         |        -|    -|      22|    130|    -|
|Memory           |        -|    -|       -|      -|    -|
|Multiplexer      |        -|    -|       -|     64|    -|
|Register         |        -|    -|      17|      -|    -|
+-----------------+---------+-----+--------+-------+-----+
|Total            |        0|    0|      39|    231|    0|
+-----------------+---------+-----+--------+-------+-----+
|Available        |      280|  220|  106400|  53200|    0|
+-----------------+---------+-----+--------+-------+-----+
|Utilization (%)  |        0|    0|      ~0|     ~0|    0|
+-----------------+---------+-----+--------+-------+-----+

+ Detail: 
    * Instance: 
    +---------------------------------------------------------------------------------------+-----------------------------------------------------------------------------+---------+----+----+----+-----+
    |                                        Instance                                       |                                    Module                                   | BRAM_18K| DSP| FF | LUT| URAM|
    +---------------------------------------------------------------------------------------+-----------------------------------------------------------------------------+---------+----+----+----+-----+
    |grp_p_anonymous_namespace_ReadRealtimeInputChunkQ610_Pipeline_VITIS_LOOP_2453_2_fu_84  |p_anonymous_namespace_ReadRealtimeInputChunkQ610_Pipeline_VITIS_LOOP_2453_2  |        0|   0|  11|  65|    0|
    |grp_p_anonymous_namespace_ReadRealtimeInputChunkQ610_Pipeline_VITIS_LOOP_2457_3_fu_99  |p_anonymous_namespace_ReadRealtimeInputChunkQ610_Pipeline_VITIS_LOOP_2457_3  |        0|   0|  11|  65|    0|
    +---------------------------------------------------------------------------------------+-----------------------------------------------------------------------------+---------+----+----+----+-----+
    |Total                                                                                  |                                                                             |        0|   0|  22| 130|    0|
    +---------------------------------------------------------------------------------------+-----------------------------------------------------------------------------+---------+----+----+----+-----+

    * DSP: 
    N/A

    * Memory: 
    N/A

    * FIFO: 
    N/A

    * Expression: 
    +---------------------------------+----------+----+---+----+------------+------------+
    |          Variable Name          | Operation| DSP| FF| LUT| Bitwidth P0| Bitwidth P1|
    +---------------------------------+----------+----+---+----+------------+------------+
    |add_ln2450_fu_128_p2             |         +|   0|  0|  11|           3|           1|
    |ap_block_state6_on_subcall_done  |       and|   0|  0|   2|           1|           1|
    |icmp_ln2450_fu_122_p2            |      icmp|   0|  0|  13|           3|           4|
    |icmp_ln2452_fu_134_p2            |      icmp|   0|  0|  11|           3|           3|
    +---------------------------------+----------+----+---+----+------------+------------+
    |Total                            |          |   0|  0|  37|          10|           9|
    +---------------------------------+----------+----+---+----+------------+------------+

    * Multiplexer: 
    +-------------------------+----+-----------+-----+-----------+
    |           Name          | LUT| Input Size| Bits| Total Bits|
    +-------------------------+----+-----------+-----+-----------+
    |ap_NS_fsm                |  37|          7|    1|          7|
    |fb_fft_stream_TREADY     |   9|          2|    1|          2|
    |frame_index_fu_74        |   9|          2|    3|          6|
    |noisy_fft_stream_TREADY  |   9|          2|    1|          2|
    +-------------------------+----+-----------+-----+-----------+
    |Total                    |  64|         13|    6|         17|
    +-------------------------+----+-----------+-----+-----------+

    * Register: 
    +----------------------------------------------------------------------------------------------------+---+----+-----+-----------+
    |                                                Name                                                | FF| LUT| Bits| Const Bits|
    +----------------------------------------------------------------------------------------------------+---+----+-----+-----------+
    |add_ln2450_reg_163                                                                                  |  3|   0|    3|          0|
    |ap_CS_fsm                                                                                           |  6|   0|    6|          0|
    |frame_index_fu_74                                                                                   |  3|   0|    3|          0|
    |grp_p_anonymous_namespace_ReadRealtimeInputChunkQ610_Pipeline_VITIS_LOOP_2453_2_fu_84_ap_start_reg  |  1|   0|    1|          0|
    |grp_p_anonymous_namespace_ReadRealtimeInputChunkQ610_Pipeline_VITIS_LOOP_2457_3_fu_99_ap_start_reg  |  1|   0|    1|          0|
    |icmp_ln2452_reg_168                                                                                 |  1|   0|    1|          0|
    |trunc_ln2459_reg_172                                                                                |  2|   0|    2|          0|
    +----------------------------------------------------------------------------------------------------+---+----+-----+-----------+
    |Total                                                                                               | 17|   0|   17|          0|
    +----------------------------------------------------------------------------------------------------+---+----+-----+-----------+



================================================================
== Interface
================================================================
* Summary: 
+-------------------------+-----+-----+------------+-------------------------------------------------+--------------+
|        RTL Ports        | Dir | Bits|  Protocol  |                  Source Object                  |    C Type    |
+-------------------------+-----+-----+------------+-------------------------------------------------+--------------+
|ap_clk                   |   in|    1|  ap_ctrl_hs|  (anonymous namespace)ReadRealtimeInputChunkQ610|  return value|
|ap_rst                   |   in|    1|  ap_ctrl_hs|  (anonymous namespace)ReadRealtimeInputChunkQ610|  return value|
|ap_start                 |   in|    1|  ap_ctrl_hs|  (anonymous namespace)ReadRealtimeInputChunkQ610|  return value|
|ap_done                  |  out|    1|  ap_ctrl_hs|  (anonymous namespace)ReadRealtimeInputChunkQ610|  return value|
|ap_idle                  |  out|    1|  ap_ctrl_hs|  (anonymous namespace)ReadRealtimeInputChunkQ610|  return value|
|ap_ready                 |  out|    1|  ap_ctrl_hs|  (anonymous namespace)ReadRealtimeInputChunkQ610|  return value|
|noisy_fft_stream_TDATA   |   in|   16|        axis|                        noisy_fft_stream_V_data_V|       pointer|
|noisy_fft_stream_TVALID  |   in|    1|        axis|                        noisy_fft_stream_V_last_V|       pointer|
|noisy_fft_stream_TREADY  |  out|    1|        axis|                        noisy_fft_stream_V_last_V|       pointer|
|noisy_fft_stream_TLAST   |   in|    1|        axis|                        noisy_fft_stream_V_last_V|       pointer|
|noisy_fft_stream_TKEEP   |   in|    2|        axis|                        noisy_fft_stream_V_keep_V|       pointer|
|noisy_fft_stream_TSTRB   |   in|    2|        axis|                        noisy_fft_stream_V_strb_V|       pointer|
|fb_fft_stream_TDATA      |   in|   16|        axis|                           fb_fft_stream_V_data_V|       pointer|
|fb_fft_stream_TVALID     |   in|    1|        axis|                           fb_fft_stream_V_last_V|       pointer|
|fb_fft_stream_TREADY     |  out|    1|        axis|                           fb_fft_stream_V_last_V|       pointer|
|fb_fft_stream_TLAST      |   in|    1|        axis|                           fb_fft_stream_V_last_V|       pointer|
|fb_fft_stream_TKEEP      |   in|    2|        axis|                           fb_fft_stream_V_keep_V|       pointer|
|fb_fft_stream_TSTRB      |   in|    2|        axis|                           fb_fft_stream_V_strb_V|       pointer|
|num_frames               |   in|    3|     ap_none|                                       num_frames|        scalar|
|noisy_chunk_address1     |  out|   10|   ap_memory|                                      noisy_chunk|         array|
|noisy_chunk_ce1          |  out|    1|   ap_memory|                                      noisy_chunk|         array|
|noisy_chunk_we1          |  out|    1|   ap_memory|                                      noisy_chunk|         array|
|noisy_chunk_d1           |  out|   16|   ap_memory|                                      noisy_chunk|         array|
|fb_chunk_address1        |  out|   10|   ap_memory|                                         fb_chunk|         array|
|fb_chunk_ce1             |  out|    1|   ap_memory|                                         fb_chunk|         array|
|fb_chunk_we1             |  out|    1|   ap_memory|                                         fb_chunk|         array|
|fb_chunk_d1              |  out|   16|   ap_memory|                                         fb_chunk|         array|
+-------------------------+-----+-----+------------+-------------------------------------------------+--------------+

============================================================
+ Verbose Summary: Synthesis Manager
============================================================
InlineROM: 1
ExposeGlobal: 0
============================================================
+ Verbose Summary: CDFG Model
============================================================
IsTopModel: 0
ResetActiveHigh: 1
IsCombinational: 2
IsDatapathOnly: 2
HasWiredReturn: 1
HasMFsm: 0
HasVarLatency: 1
IsPipeline: 0
IsRtlPipelined: 0
IsInstanceOverlapped: 0
IsDontTouch: 0
HasImplIP: 0
IsGatedGlobalClock: 0


============================================================
+ Verbose Summary: Schedule
============================================================
* Number of FSM states : 6
* Pipeline : 0
* Dataflow Pipeline: 0

* FSM state transitions: 
1 --> 2 
2 --> 3 6 
3 --> 4 
4 --> 5 
5 --> 6 
6 --> 2 

* FSM state operations: 

State 1 <SV = 0> <Delay = 1.58>
ST_1 : Operation 7 [1/1] (0.00ns)   --->   "%frame_index = alloca i32 1" [H:/subband_ref_q610_opt_stage4_latency_stepL2.cpp:2450]   --->   Operation 7 'alloca' 'frame_index' <Predicate = true> <Delay = 0.00>
ST_1 : Operation 8 [1/1] (0.00ns)   --->   "%specaxissidechannel_ln0 = specaxissidechannel void @_ssdm_op_SpecAXISSideChannel, i16 %fb_fft_stream_V_data_V, i2 %fb_fft_stream_V_keep_V, i2 %fb_fft_stream_V_strb_V, i1 0, i1 %fb_fft_stream_V_last_V, i1 0, i1 0, void @empty_149"   --->   Operation 8 'specaxissidechannel' 'specaxissidechannel_ln0' <Predicate = true> <Delay = 0.00>
ST_1 : Operation 9 [1/1] (0.00ns)   --->   "%specaxissidechannel_ln0 = specaxissidechannel void @_ssdm_op_SpecAXISSideChannel, i16 %noisy_fft_stream_V_data_V, i2 %noisy_fft_stream_V_keep_V, i2 %noisy_fft_stream_V_strb_V, i1 0, i1 %noisy_fft_stream_V_last_V, i1 0, i1 0, void @empty_150"   --->   Operation 9 'specaxissidechannel' 'specaxissidechannel_ln0' <Predicate = true> <Delay = 0.00>
ST_1 : Operation 10 [1/1] (0.00ns)   --->   "%specmemcore_ln0 = specmemcore void @_ssdm_op_SpecMemCore, i16 %fb_chunk, i64 666, i64 22, i64 18446744073709551615"   --->   Operation 10 'specmemcore' 'specmemcore_ln0' <Predicate = true> <Delay = 0.00>
ST_1 : Operation 11 [1/1] (0.00ns)   --->   "%specmemcore_ln0 = specmemcore void @_ssdm_op_SpecMemCore, i16 %noisy_chunk, i64 666, i64 22, i64 18446744073709551615"   --->   Operation 11 'specmemcore' 'specmemcore_ln0' <Predicate = true> <Delay = 0.00>
ST_1 : Operation 12 [1/1] (0.00ns)   --->   "%specinterface_ln0 = specinterface void @_ssdm_op_SpecInterface, i1 %fb_fft_stream_V_last_V, i2 %fb_fft_stream_V_strb_V, i2 %fb_fft_stream_V_keep_V, i16 %fb_fft_stream_V_data_V, void @empty_139, i32 0, i32 0, void @empty_140, i32 0, i32 0, void @empty_136, void @empty_136, void @empty_136, i32 0, i32 0, i32 0, i32 0, void @empty_136, void @empty_136, i32 4294967295, i32 0"   --->   Operation 12 'specinterface' 'specinterface_ln0' <Predicate = true> <Delay = 0.00>
ST_1 : Operation 13 [1/1] (0.00ns)   --->   "%specinterface_ln0 = specinterface void @_ssdm_op_SpecInterface, i1 %noisy_fft_stream_V_last_V, i2 %noisy_fft_stream_V_strb_V, i2 %noisy_fft_stream_V_keep_V, i16 %noisy_fft_stream_V_data_V, void @empty_139, i32 0, i32 0, void @empty_140, i32 0, i32 0, void @empty_136, void @empty_136, void @empty_136, i32 0, i32 0, i32 0, i32 0, void @empty_136, void @empty_136, i32 4294967295, i32 0"   --->   Operation 13 'specinterface' 'specinterface_ln0' <Predicate = true> <Delay = 0.00>
ST_1 : Operation 14 [1/1] (0.00ns)   --->   "%num_frames_read = read i3 @_ssdm_op_Read.ap_auto.i3, i3 %num_frames" [H:/subband_ref_q610_opt_stage4_latency_stepL2.cpp:2450]   --->   Operation 14 'read' 'num_frames_read' <Predicate = true> <Delay = 0.00>
ST_1 : Operation 15 [1/1] (1.58ns)   --->   "%store_ln2450 = store i3 0, i3 %frame_index" [H:/subband_ref_q610_opt_stage4_latency_stepL2.cpp:2450]   --->   Operation 15 'store' 'store_ln2450' <Predicate = true> <Delay = 1.58>
ST_1 : Operation 16 [1/1] (0.00ns)   --->   "%br_ln2450 = br void %for.body" [H:/subband_ref_q610_opt_stage4_latency_stepL2.cpp:2450]   --->   Operation 16 'br' 'br_ln2450' <Predicate = true> <Delay = 0.00>

State 2 <SV = 1> <Delay = 6.88>
ST_2 : Operation 17 [1/1] (0.00ns)   --->   "%frame_index_2 = load i3 %frame_index" [H:/subband_ref_q610_opt_stage4_latency_stepL2.cpp:2459]   --->   Operation 17 'load' 'frame_index_2' <Predicate = true> <Delay = 0.00>
ST_2 : Operation 18 [1/1] (1.65ns)   --->   "%icmp_ln2450 = icmp_eq  i3 %frame_index_2, i3 4" [H:/subband_ref_q610_opt_stage4_latency_stepL2.cpp:2450]   --->   Operation 18 'icmp' 'icmp_ln2450' <Predicate = true> <Delay = 1.65> <CoreInst = "Cmp">   --->   Core 9 'Cmp' <Latency = 0> <II = 1> <Delay = 1.73> <FuncUnit> <Opcode : 'icmp'> <InPorts = 2> <OutPorts = 1>
ST_2 : Operation 19 [1/1] (1.65ns)   --->   "%add_ln2450 = add i3 %frame_index_2, i3 1" [H:/subband_ref_q610_opt_stage4_latency_stepL2.cpp:2450]   --->   Operation 19 'add' 'add_ln2450' <Predicate = true> <Delay = 1.65> <CoreInst = "Adder">   --->   Core 1 'Adder' <Latency = 0> <II = 1> <Delay = 1.65> <FuncUnit> <Opcode : 'add' 'sub'> <InPorts = 2> <OutPorts = 1>
ST_2 : Operation 20 [1/1] (0.00ns)   --->   "%br_ln2450 = br i1 %icmp_ln2450, void %for.body.split, void %for.end25" [H:/subband_ref_q610_opt_stage4_latency_stepL2.cpp:2450]   --->   Operation 20 'br' 'br_ln2450' <Predicate = true> <Delay = 0.00>
ST_2 : Operation 21 [1/1] (0.00ns)   --->   "%speclooptripcount_ln2450 = speclooptripcount void @_ssdm_op_SpecLoopTripCount, i64 4, i64 4, i64 4" [H:/subband_ref_q610_opt_stage4_latency_stepL2.cpp:2450]   --->   Operation 21 'speclooptripcount' 'speclooptripcount_ln2450' <Predicate = (!icmp_ln2450)> <Delay = 0.00>
ST_2 : Operation 22 [1/1] (0.00ns)   --->   "%specloopname_ln2450 = specloopname void @_ssdm_op_SpecLoopName, void @empty_154" [H:/subband_ref_q610_opt_stage4_latency_stepL2.cpp:2450]   --->   Operation 22 'specloopname' 'specloopname_ln2450' <Predicate = (!icmp_ln2450)> <Delay = 0.00>
ST_2 : Operation 23 [1/1] (1.65ns)   --->   "%icmp_ln2452 = icmp_ult  i3 %frame_index_2, i3 %num_frames_read" [H:/subband_ref_q610_opt_stage4_latency_stepL2.cpp:2452]   --->   Operation 23 'icmp' 'icmp_ln2452' <Predicate = (!icmp_ln2450)> <Delay = 1.65> <CoreInst = "Cmp">   --->   Core 9 'Cmp' <Latency = 0> <II = 1> <Delay = 1.65> <FuncUnit> <Opcode : 'icmp'> <InPorts = 2> <OutPorts = 1>
ST_2 : Operation 24 [1/1] (0.00ns)   --->   "%br_ln2452 = br i1 %icmp_ln2452, void %for.inc23, void %for.inc.preheader" [H:/subband_ref_q610_opt_stage4_latency_stepL2.cpp:2452]   --->   Operation 24 'br' 'br_ln2452' <Predicate = (!icmp_ln2450)> <Delay = 0.00>
ST_2 : Operation 25 [1/1] (0.00ns)   --->   "%trunc_ln2459 = trunc i3 %frame_index_2" [H:/subband_ref_q610_opt_stage4_latency_stepL2.cpp:2459]   --->   Operation 25 'trunc' 'trunc_ln2459' <Predicate = (!icmp_ln2450 & icmp_ln2452)> <Delay = 0.00>
ST_2 : Operation 26 [1/1] (0.00ns)   --->   "%empty = wait i32 @_ssdm_op_Wait"   --->   Operation 26 'wait' 'empty' <Predicate = (!icmp_ln2450 & icmp_ln2452)> <Delay = 0.00>
ST_2 : Operation 27 [2/2] (4.25ns)   --->   "%call_ln2459 = call void @(anonymous namespace)ReadRealtimeInputChunkQ610_Pipeline_VITIS_LOOP_2453_2, i16 %noisy_fft_stream_V_data_V, i2 %noisy_fft_stream_V_keep_V, i2 %noisy_fft_stream_V_strb_V, i1 %noisy_fft_stream_V_last_V, i2 %trunc_ln2459, i16 %noisy_chunk" [H:/subband_ref_q610_opt_stage4_latency_stepL2.cpp:2459]   --->   Operation 27 'call' 'call_ln2459' <Predicate = (!icmp_ln2450 & icmp_ln2452)> <Delay = 4.25> <CoreType = "Generic">   --->   Core 0 '' <Latency = 0> <II = 1> <Delay = 1.00> <Generic> <Opcode : >
ST_2 : Operation 28 [1/1] (0.00ns)   --->   "%ret_ln2463 = ret" [H:/subband_ref_q610_opt_stage4_latency_stepL2.cpp:2463]   --->   Operation 28 'ret' 'ret_ln2463' <Predicate = (icmp_ln2450)> <Delay = 0.00>

State 3 <SV = 2> <Delay = 0.00>
ST_3 : Operation 29 [1/2] (0.00ns)   --->   "%call_ln2459 = call void @(anonymous namespace)ReadRealtimeInputChunkQ610_Pipeline_VITIS_LOOP_2453_2, i16 %noisy_fft_stream_V_data_V, i2 %noisy_fft_stream_V_keep_V, i2 %noisy_fft_stream_V_strb_V, i1 %noisy_fft_stream_V_last_V, i2 %trunc_ln2459, i16 %noisy_chunk" [H:/subband_ref_q610_opt_stage4_latency_stepL2.cpp:2459]   --->   Operation 29 'call' 'call_ln2459' <Predicate = true> <Delay = 0.00> <CoreType = "Generic">   --->   Core 0 '' <Latency = 0> <II = 1> <Delay = 1.00> <Generic> <Opcode : >

State 4 <SV = 3> <Delay = 0.00>
ST_4 : Operation 30 [1/1] (0.00ns)   --->   "%empty_642 = wait i32 @_ssdm_op_Wait"   --->   Operation 30 'wait' 'empty_642' <Predicate = true> <Delay = 0.00>

State 5 <SV = 4> <Delay = 4.25>
ST_5 : Operation 31 [1/1] (0.00ns)   --->   "%empty_643 = wait i32 @_ssdm_op_Wait"   --->   Operation 31 'wait' 'empty_643' <Predicate = true> <Delay = 0.00>
ST_5 : Operation 32 [2/2] (4.25ns)   --->   "%call_ln2459 = call void @(anonymous namespace)ReadRealtimeInputChunkQ610_Pipeline_VITIS_LOOP_2457_3, i16 %fb_fft_stream_V_data_V, i2 %fb_fft_stream_V_keep_V, i2 %fb_fft_stream_V_strb_V, i1 %fb_fft_stream_V_last_V, i2 %trunc_ln2459, i16 %fb_chunk" [H:/subband_ref_q610_opt_stage4_latency_stepL2.cpp:2459]   --->   Operation 32 'call' 'call_ln2459' <Predicate = true> <Delay = 4.25> <CoreType = "Generic">   --->   Core 0 '' <Latency = 0> <II = 1> <Delay = 1.00> <Generic> <Opcode : >

State 6 <SV = 5> <Delay = 1.58>
ST_6 : Operation 33 [1/2] (0.00ns)   --->   "%call_ln2459 = call void @(anonymous namespace)ReadRealtimeInputChunkQ610_Pipeline_VITIS_LOOP_2457_3, i16 %fb_fft_stream_V_data_V, i2 %fb_fft_stream_V_keep_V, i2 %fb_fft_stream_V_strb_V, i1 %fb_fft_stream_V_last_V, i2 %trunc_ln2459, i16 %fb_chunk" [H:/subband_ref_q610_opt_stage4_latency_stepL2.cpp:2459]   --->   Operation 33 'call' 'call_ln2459' <Predicate = (icmp_ln2452)> <Delay = 0.00> <CoreType = "Generic">   --->   Core 0 '' <Latency = 0> <II = 1> <Delay = 1.00> <Generic> <Opcode : >
ST_6 : Operation 34 [1/1] (0.00ns)   --->   "%br_ln0 = br void %for.inc23"   --->   Operation 34 'br' 'br_ln0' <Predicate = (icmp_ln2452)> <Delay = 0.00>
ST_6 : Operation 35 [1/1] (1.58ns)   --->   "%store_ln2450 = store i3 %add_ln2450, i3 %frame_index" [H:/subband_ref_q610_opt_stage4_latency_stepL2.cpp:2450]   --->   Operation 35 'store' 'store_ln2450' <Predicate = true> <Delay = 1.58>
ST_6 : Operation 36 [1/1] (0.00ns)   --->   "%br_ln2450 = br void %for.body" [H:/subband_ref_q610_opt_stage4_latency_stepL2.cpp:2450]   --->   Operation 36 'br' 'br_ln2450' <Predicate = true> <Delay = 0.00>


============================================================
+ Verbose Summary: Binding
============================================================
STG Binding: 
---------------- STG Properties BEGIN ----------------
- Is combinational: 0
- Is one-state seq: 0
- Is datapath-only: 0
- Is pipelined: 0
- Is top level: 0
Port [ Return ] is wired: 1; IO mode=ap_ctrl_hs:ce=0
Port [ noisy_fft_stream_V_data_V]:  wired=1; compound=1; hidden=0; nouse=0; global=0; static=0; extern=0; dir=0; type=0; pingpong=0; private_global=0; IO mode=axis:ce=0
Port [ noisy_fft_stream_V_keep_V]:  wired=1; compound=1; hidden=0; nouse=0; global=0; static=0; extern=0; dir=0; type=0; pingpong=0; private_global=0; IO mode=axis:ce=0
Port [ noisy_fft_stream_V_strb_V]:  wired=1; compound=1; hidden=0; nouse=0; global=0; static=0; extern=0; dir=0; type=0; pingpong=0; private_global=0; IO mode=axis:ce=0
Port [ noisy_fft_stream_V_last_V]:  wired=1; compound=1; hidden=0; nouse=0; global=0; static=0; extern=0; dir=0; type=0; pingpong=0; private_global=0; IO mode=axis:ce=0
Port [ fb_fft_stream_V_data_V]:  wired=1; compound=1; hidden=0; nouse=0; global=0; static=0; extern=0; dir=0; type=0; pingpong=0; private_global=0; IO mode=axis:ce=0
Port [ fb_fft_stream_V_keep_V]:  wired=1; compound=1; hidden=0; nouse=0; global=0; static=0; extern=0; dir=0; type=0; pingpong=0; private_global=0; IO mode=axis:ce=0
Port [ fb_fft_stream_V_strb_V]:  wired=1; compound=1; hidden=0; nouse=0; global=0; static=0; extern=0; dir=0; type=0; pingpong=0; private_global=0; IO mode=axis:ce=0
Port [ fb_fft_stream_V_last_V]:  wired=1; compound=1; hidden=0; nouse=0; global=0; static=0; extern=0; dir=0; type=0; pingpong=0; private_global=0; IO mode=axis:ce=0
Port [ num_frames]:  wired=1; compound=0; hidden=0; nouse=0; global=0; static=0; extern=0; dir=0; type=0; pingpong=0; private_global=0; IO mode=ap_none:ce=0
Port [ noisy_chunk]:  wired=1; compound=1; hidden=0; nouse=0; global=1; static=1; extern=0; dir=1; type=1; pingpong=0; private_global=0; MemPort=[30]; IO mode=ap_memory:ce=0
Port [ fb_chunk]:  wired=1; compound=1; hidden=0; nouse=0; global=1; static=1; extern=0; dir=1; type=1; pingpong=0; private_global=0; MemPort=[30]; IO mode=ap_memory:ce=0
---------------- STG Properties END ------------------

---------------- Datapath Model BEGIN ----------------

<LifeTime>
<method=bitvector/>
frame_index              (alloca             ) [ 0111111]
specaxissidechannel_ln0  (specaxissidechannel) [ 0000000]
specaxissidechannel_ln0  (specaxissidechannel) [ 0000000]
specmemcore_ln0          (specmemcore        ) [ 0000000]
specmemcore_ln0          (specmemcore        ) [ 0000000]
specinterface_ln0        (specinterface      ) [ 0000000]
specinterface_ln0        (specinterface      ) [ 0000000]
num_frames_read          (read               ) [ 0011111]
store_ln2450             (store              ) [ 0000000]
br_ln2450                (br                 ) [ 0000000]
frame_index_2            (load               ) [ 0000000]
icmp_ln2450              (icmp               ) [ 0011111]
add_ln2450               (add                ) [ 0001111]
br_ln2450                (br                 ) [ 0000000]
speclooptripcount_ln2450 (speclooptripcount  ) [ 0000000]
specloopname_ln2450      (specloopname       ) [ 0000000]
icmp_ln2452              (icmp               ) [ 0011111]
br_ln2452                (br                 ) [ 0000000]
trunc_ln2459             (trunc              ) [ 0001111]
empty                    (wait               ) [ 0000000]
ret_ln2463               (ret                ) [ 0000000]
call_ln2459              (call               ) [ 0000000]
empty_642                (wait               ) [ 0000000]
empty_643                (wait               ) [ 0000000]
call_ln2459              (call               ) [ 0000000]
br_ln0                   (br                 ) [ 0000000]
store_ln2450             (store              ) [ 0000000]
br_ln2450                (br                 ) [ 0000000]
</LifeTime>

<model>

<comp_list>
<comp id="0" class="1000" name="noisy_fft_stream_V_data_V">
<pin_list>
<pin id="1" dir="1" index="0" bw="1" slack="0"/>
</pin_list>
<bind>
<StgValue><ssdm name="noisy_fft_stream_V_data_V"/></StgValue>
</bind>
</comp>

<comp id="2" class="1000" name="noisy_fft_stream_V_keep_V">
<pin_list>
<pin id="3" dir="1" index="0" bw="1" slack="0"/>
</pin_list>
<bind>
<StgValue><ssdm name="noisy_fft_stream_V_keep_V"/></StgValue>
</bind>
</comp>

<comp id="4" class="1000" name="noisy_fft_stream_V_strb_V">
<pin_list>
<pin id="5" dir="1" index="0" bw="1" slack="0"/>
</pin_list>
<bind>
<StgValue><ssdm name="noisy_fft_stream_V_strb_V"/></StgValue>
</bind>
</comp>

<comp id="6" class="1000" name="noisy_fft_stream_V_last_V">
<pin_list>
<pin id="7" dir="1" index="0" bw="1" slack="0"/>
</pin_list>
<bind>
<StgValue><ssdm name="noisy_fft_stream_V_last_V"/></StgValue>
</bind>
</comp>

<comp id="8" class="1000" name="fb_fft_stream_V_data_V">
<pin_list>
<pin id="9" dir="1" index="0" bw="1" slack="0"/>
</pin_list>
<bind>
<StgValue><ssdm name="fb_fft_stream_V_data_V"/></StgValue>
</bind>
</comp>

<comp id="10" class="1000" name="fb_fft_stream_V_keep_V">
<pin_list>
<pin id="11" dir="1" index="0" bw="1" slack="0"/>
</pin_list>
<bind>
<StgValue><ssdm name="fb_fft_stream_V_keep_V"/></StgValue>
</bind>
</comp>

<comp id="12" class="1000" name="fb_fft_stream_V_strb_V">
<pin_list>
<pin id="13" dir="1" index="0" bw="1" slack="0"/>
</pin_list>
<bind>
<StgValue><ssdm name="fb_fft_stream_V_strb_V"/></StgValue>
</bind>
</comp>

<comp id="14" class="1000" name="fb_fft_stream_V_last_V">
<pin_list>
<pin id="15" dir="1" index="0" bw="1" slack="0"/>
</pin_list>
<bind>
<StgValue><ssdm name="fb_fft_stream_V_last_V"/></StgValue>
</bind>
</comp>

<comp id="16" class="1000" name="num_frames">
<pin_list>
<pin id="17" dir="1" index="0" bw="1" slack="0"/>
</pin_list>
<bind>
<StgValue><ssdm name="num_frames"/></StgValue>
</bind>
</comp>

<comp id="18" class="1000" name="noisy_chunk">
<pin_list>
<pin id="19" dir="1" index="0" bw="1" slack="0"/>
</pin_list>
<bind>
<StgValue><ssdm name="noisy_chunk"/><MemPortTyVec>3 0 </MemPortTyVec>
</StgValue>
</bind>
</comp>

<comp id="20" class="1000" name="fb_chunk">
<pin_list>
<pin id="21" dir="1" index="0" bw="1" slack="0"/>
</pin_list>
<bind>
<StgValue><ssdm name="fb_chunk"/><MemPortTyVec>3 0 </MemPortTyVec>
</StgValue>
</bind>
</comp>

<comp id="22" class="1001" name="const_22">
<pin_list>
<pin id="23" dir="1" index="0" bw="1" slack="0"/>
</pin_list>
<bind>
<StgValue><ssdm name=""/></StgValue>
</bind>
</comp>

<comp id="24" class="1001" name="const_24">
<pin_list>
<pin id="25" dir="1" index="0" bw="1" slack="2147483647"/>
</pin_list>
<bind>
<StgValue><ssdm name="_ssdm_op_SpecAXISSideChannel"/></StgValue>
</bind>
</comp>

<comp id="26" class="1001" name="const_26">
<pin_list>
<pin id="27" dir="1" index="0" bw="1" slack="2147483647"/>
</pin_list>
<bind>
<StgValue><ssdm name=""/></StgValue>
</bind>
</comp>

<comp id="28" class="1001" name="const_28">
<pin_list>
<pin id="29" dir="1" index="0" bw="1" slack="2147483647"/>
</pin_list>
<bind>
<StgValue><ssdm name="empty_149"/></StgValue>
</bind>
</comp>

<comp id="30" class="1001" name="const_30">
<pin_list>
<pin id="31" dir="1" index="0" bw="1" slack="2147483647"/>
</pin_list>
<bind>
<StgValue><ssdm name="empty_150"/></StgValue>
</bind>
</comp>

<comp id="32" class="1001" name="const_32">
<pin_list>
<pin id="33" dir="1" index="0" bw="1" slack="2147483647"/>
</pin_list>
<bind>
<StgValue><ssdm name="_ssdm_op_SpecMemCore"/></StgValue>
</bind>
</comp>

<comp id="34" class="1001" name="const_34">
<pin_list>
<pin id="35" dir="1" index="0" bw="1" slack="2147483647"/>
</pin_list>
<bind>
<StgValue><ssdm name=""/></StgValue>
</bind>
</comp>

<comp id="36" class="1001" name="const_36">
<pin_list>
<pin id="37" dir="1" index="0" bw="1" slack="2147483647"/>
</pin_list>
<bind>
<StgValue><ssdm name=""/></StgValue>
</bind>
</comp>

<comp id="38" class="1001" name="const_38">
<pin_list>
<pin id="39" dir="1" index="0" bw="1" slack="2147483647"/>
</pin_list>
<bind>
<StgValue><ssdm name=""/></StgValue>
</bind>
</comp>

<comp id="40" class="1001" name="const_40">
<pin_list>
<pin id="41" dir="1" index="0" bw="1" slack="2147483647"/>
</pin_list>
<bind>
<StgValue><ssdm name="_ssdm_op_SpecInterface"/></StgValue>
</bind>
</comp>

<comp id="42" class="1001" name="const_42">
<pin_list>
<pin id="43" dir="1" index="0" bw="1" slack="2147483647"/>
</pin_list>
<bind>
<StgValue><ssdm name="empty_139"/></StgValue>
</bind>
</comp>

<comp id="44" class="1001" name="const_44">
<pin_list>
<pin id="45" dir="1" index="0" bw="1" slack="2147483647"/>
</pin_list>
<bind>
<StgValue><ssdm name=""/></StgValue>
</bind>
</comp>

<comp id="46" class="1001" name="const_46">
<pin_list>
<pin id="47" dir="1" index="0" bw="1" slack="2147483647"/>
</pin_list>
<bind>
<StgValue><ssdm name="empty_140"/></StgValue>
</bind>
</comp>

<comp id="48" class="1001" name="const_48">
<pin_list>
<pin id="49" dir="1" index="0" bw="1" slack="2147483647"/>
</pin_list>
<bind>
<StgValue><ssdm name="empty_136"/></StgValue>
</bind>
</comp>

<comp id="50" class="1001" name="const_50">
<pin_list>
<pin id="51" dir="1" index="0" bw="1" slack="2147483647"/>
</pin_list>
<bind>
<StgValue><ssdm name=""/></StgValue>
</bind>
</comp>

<comp id="52" class="1001" name="const_52">
<pin_list>
<pin id="53" dir="1" index="0" bw="1" slack="0"/>
</pin_list>
<bind>
<StgValue><ssdm name="_ssdm_op_Read.ap_auto.i3"/></StgValue>
</bind>
</comp>

<comp id="54" class="1001" name="const_54">
<pin_list>
<pin id="55" dir="1" index="0" bw="1" slack="0"/>
</pin_list>
<bind>
<StgValue><ssdm name=""/></StgValue>
</bind>
</comp>

<comp id="56" class="1001" name="const_56">
<pin_list>
<pin id="57" dir="1" index="0" bw="1" slack="0"/>
</pin_list>
<bind>
<StgValue><ssdm name=""/></StgValue>
</bind>
</comp>

<comp id="58" class="1001" name="const_58">
<pin_list>
<pin id="59" dir="1" index="0" bw="1" slack="0"/>
</pin_list>
<bind>
<StgValue><ssdm name=""/></StgValue>
</bind>
</comp>

<comp id="60" class="1001" name="const_60">
<pin_list>
<pin id="61" dir="1" index="0" bw="1" slack="2147483647"/>
</pin_list>
<bind>
<StgValue><ssdm name="_ssdm_op_SpecLoopTripCount"/></StgValue>
</bind>
</comp>

<comp id="62" class="1001" name="const_62">
<pin_list>
<pin id="63" dir="1" index="0" bw="1" slack="2147483647"/>
</pin_list>
<bind>
<StgValue><ssdm name=""/></StgValue>
</bind>
</comp>

<comp id="64" class="1001" name="const_64">
<pin_list>
<pin id="65" dir="1" index="0" bw="1" slack="2147483647"/>
</pin_list>
<bind>
<StgValue><ssdm name="_ssdm_op_SpecLoopName"/></StgValue>
</bind>
</comp>

<comp id="66" class="1001" name="const_66">
<pin_list>
<pin id="67" dir="1" index="0" bw="1" slack="2147483647"/>
</pin_list>
<bind>
<StgValue><ssdm name="empty_154"/></StgValue>
</bind>
</comp>

<comp id="68" class="1001" name="const_68">
<pin_list>
<pin id="69" dir="1" index="0" bw="1" slack="2147483647"/>
</pin_list>
<bind>
<StgValue><ssdm name="_ssdm_op_Wait"/></StgValue>
</bind>
</comp>

<comp id="70" class="1001" name="const_70">
<pin_list>
<pin id="71" dir="1" index="0" bw="1" slack="0"/>
</pin_list>
<bind>
<StgValue><ssdm name="(anonymous namespace)ReadRealtimeInputChunkQ610_Pipeline_VITIS_LOOP_2453_2"/></StgValue>
</bind>
</comp>

<comp id="72" class="1001" name="const_72">
<pin_list>
<pin id="73" dir="1" index="0" bw="1" slack="0"/>
</pin_list>
<bind>
<StgValue><ssdm name="(anonymous namespace)ReadRealtimeInputChunkQ610_Pipeline_VITIS_LOOP_2457_3"/></StgValue>
</bind>
</comp>

<comp id="74" class="1004" name="frame_index_fu_74">
<pin_list>
<pin id="75" dir="0" index="0" bw="1" slack="0"/>
<pin id="76" dir="1" index="1" bw="3" slack="0"/>
</pin_list>
<bind>
<opcode="alloca(26) " fcode="alloca"/>
<opset="frame_index/1 "/>
</bind>
</comp>

<comp id="78" class="1004" name="num_frames_read_read_fu_78">
<pin_list>
<pin id="79" dir="0" index="0" bw="3" slack="0"/>
<pin id="80" dir="0" index="1" bw="3" slack="0"/>
<pin id="81" dir="1" index="2" bw="3" slack="1"/>
</pin_list>
<bind>
<opcode="read(1150) " fcode="read"/>
<opset="num_frames_read/1 "/>
</bind>
</comp>

<comp id="84" class="1004" name="grp_p_anonymous_namespace_ReadRealtimeInputChunkQ610_Pipeline_VITIS_LOOP_2453_2_fu_84">
<pin_list>
<pin id="85" dir="0" index="0" bw="0" slack="0"/>
<pin id="86" dir="0" index="1" bw="16" slack="0"/>
<pin id="87" dir="0" index="2" bw="2" slack="0"/>
<pin id="88" dir="0" index="3" bw="2" slack="0"/>
<pin id="89" dir="0" index="4" bw="1" slack="0"/>
<pin id="90" dir="0" index="5" bw="2" slack="0"/>
<pin id="91" dir="0" index="6" bw="16" slack="0"/>
<pin id="92" dir="1" index="7" bw="0" slack="2147483647"/>
</pin_list>
<bind>
<opcode="call(48) " fcode="call"/>
<opset="call_ln2459/2 "/>
</bind>
</comp>

<comp id="99" class="1004" name="grp_p_anonymous_namespace_ReadRealtimeInputChunkQ610_Pipeline_VITIS_LOOP_2457_3_fu_99">
<pin_list>
<pin id="100" dir="0" index="0" bw="0" slack="0"/>
<pin id="101" dir="0" index="1" bw="16" slack="0"/>
<pin id="102" dir="0" index="2" bw="2" slack="0"/>
<pin id="103" dir="0" index="3" bw="2" slack="0"/>
<pin id="104" dir="0" index="4" bw="1" slack="0"/>
<pin id="105" dir="0" index="5" bw="2" slack="3"/>
<pin id="106" dir="0" index="6" bw="16" slack="0"/>
<pin id="107" dir="1" index="7" bw="0" slack="2147483647"/>
</pin_list>
<bind>
<opcode="call(48) " fcode="call"/>
<opset="call_ln2459/5 "/>
</bind>
</comp>

<comp id="114" class="1004" name="store_ln2450_store_fu_114">
<pin_list>
<pin id="115" dir="0" index="0" bw="1" slack="0"/>
<pin id="116" dir="0" index="1" bw="3" slack="0"/>
<pin id="117" dir="1" index="2" bw="0" slack="2147483647"/>
</pin_list>
<bind>
<opcode="store(28) " fcode="store"/>
<opset="store_ln2450/1 "/>
</bind>
</comp>

<comp id="119" class="1004" name="frame_index_2_load_fu_119">
<pin_list>
<pin id="120" dir="0" index="0" bw="3" slack="1"/>
<pin id="121" dir="1" index="1" bw="3" slack="0"/>
</pin_list>
<bind>
<opcode="load(27) " fcode="load"/>
<opset="frame_index_2/2 "/>
</bind>
</comp>

<comp id="122" class="1004" name="icmp_ln2450_fu_122">
<pin_list>
<pin id="123" dir="0" index="0" bw="3" slack="0"/>
<pin id="124" dir="0" index="1" bw="3" slack="0"/>
<pin id="125" dir="1" index="2" bw="1" slack="2147483647"/>
</pin_list>
<bind>
<opcode="icmp(45) " fcode="icmp"/>
<opset="icmp_ln2450/2 "/>
</bind>
</comp>

<comp id="128" class="1004" name="add_ln2450_fu_128">
<pin_list>
<pin id="129" dir="0" index="0" bw="3" slack="0"/>
<pin id="130" dir="0" index="1" bw="1" slack="0"/>
<pin id="131" dir="1" index="2" bw="3" slack="4"/>
</pin_list>
<bind>
<opcode="add(8) " fcode="add"/>
<opset="add_ln2450/2 "/>
</bind>
</comp>

<comp id="134" class="1004" name="icmp_ln2452_fu_134">
<pin_list>
<pin id="135" dir="0" index="0" bw="3" slack="0"/>
<pin id="136" dir="0" index="1" bw="3" slack="1"/>
<pin id="137" dir="1" index="2" bw="1" slack="4"/>
</pin_list>
<bind>
<opcode="icmp(45) " fcode="icmp"/>
<opset="icmp_ln2452/2 "/>
</bind>
</comp>

<comp id="139" class="1004" name="trunc_ln2459_fu_139">
<pin_list>
<pin id="140" dir="0" index="0" bw="3" slack="0"/>
<pin id="141" dir="1" index="1" bw="2" slack="0"/>
</pin_list>
<bind>
<opcode="trunc(33) " fcode="trunc"/>
<opset="trunc_ln2459/2 "/>
</bind>
</comp>

<comp id="144" class="1004" name="store_ln2450_store_fu_144">
<pin_list>
<pin id="145" dir="0" index="0" bw="3" slack="4"/>
<pin id="146" dir="0" index="1" bw="3" slack="5"/>
<pin id="147" dir="1" index="2" bw="0" slack="2147483647"/>
</pin_list>
<bind>
<opcode="store(28) " fcode="store"/>
<opset="store_ln2450/6 "/>
</bind>
</comp>

<comp id="148" class="1005" name="frame_index_reg_148">
<pin_list>
<pin id="149" dir="0" index="0" bw="3" slack="0"/>
<pin id="150" dir="1" index="1" bw="3" slack="0"/>
</pin_list>
<bind>
<opset="frame_index "/>
</bind>
</comp>

<comp id="155" class="1005" name="num_frames_read_reg_155">
<pin_list>
<pin id="156" dir="0" index="0" bw="3" slack="1"/>
<pin id="157" dir="1" index="1" bw="3" slack="1"/>
</pin_list>
<bind>
<opset="num_frames_read "/>
</bind>
</comp>

<comp id="163" class="1005" name="add_ln2450_reg_163">
<pin_list>
<pin id="164" dir="0" index="0" bw="3" slack="4"/>
<pin id="165" dir="1" index="1" bw="3" slack="4"/>
</pin_list>
<bind>
<opset="add_ln2450 "/>
</bind>
</comp>

<comp id="168" class="1005" name="icmp_ln2452_reg_168">
<pin_list>
<pin id="169" dir="0" index="0" bw="1" slack="4"/>
<pin id="170" dir="1" index="1" bw="1" slack="2147483647"/>
</pin_list>
<bind>
<opset="icmp_ln2452 "/>
</bind>
</comp>

<comp id="172" class="1005" name="trunc_ln2459_reg_172">
<pin_list>
<pin id="173" dir="0" index="0" bw="2" slack="1"/>
<pin id="174" dir="1" index="1" bw="2" slack="1"/>
</pin_list>
<bind>
<opset="trunc_ln2459 "/>
</bind>
</comp>

</comp_list>

<net_list>
<net id="77"><net_src comp="22" pin="0"/><net_sink comp="74" pin=0"/></net>

<net id="82"><net_src comp="52" pin="0"/><net_sink comp="78" pin=0"/></net>

<net id="83"><net_src comp="16" pin="0"/><net_sink comp="78" pin=1"/></net>

<net id="93"><net_src comp="70" pin="0"/><net_sink comp="84" pin=0"/></net>

<net id="94"><net_src comp="0" pin="0"/><net_sink comp="84" pin=1"/></net>

<net id="95"><net_src comp="2" pin="0"/><net_sink comp="84" pin=2"/></net>

<net id="96"><net_src comp="4" pin="0"/><net_sink comp="84" pin=3"/></net>

<net id="97"><net_src comp="6" pin="0"/><net_sink comp="84" pin=4"/></net>

<net id="98"><net_src comp="18" pin="0"/><net_sink comp="84" pin=6"/></net>

<net id="108"><net_src comp="72" pin="0"/><net_sink comp="99" pin=0"/></net>

<net id="109"><net_src comp="8" pin="0"/><net_sink comp="99" pin=1"/></net>

<net id="110"><net_src comp="10" pin="0"/><net_sink comp="99" pin=2"/></net>

<net id="111"><net_src comp="12" pin="0"/><net_sink comp="99" pin=3"/></net>

<net id="112"><net_src comp="14" pin="0"/><net_sink comp="99" pin=4"/></net>

<net id="113"><net_src comp="20" pin="0"/><net_sink comp="99" pin=6"/></net>

<net id="118"><net_src comp="54" pin="0"/><net_sink comp="114" pin=0"/></net>

<net id="126"><net_src comp="119" pin="1"/><net_sink comp="122" pin=0"/></net>

<net id="127"><net_src comp="56" pin="0"/><net_sink comp="122" pin=1"/></net>

<net id="132"><net_src comp="119" pin="1"/><net_sink comp="128" pin=0"/></net>

<net id="133"><net_src comp="58" pin="0"/><net_sink comp="128" pin=1"/></net>

<net id="138"><net_src comp="119" pin="1"/><net_sink comp="134" pin=0"/></net>

<net id="142"><net_src comp="119" pin="1"/><net_sink comp="139" pin=0"/></net>

<net id="143"><net_src comp="139" pin="1"/><net_sink comp="84" pin=5"/></net>

<net id="151"><net_src comp="74" pin="1"/><net_sink comp="148" pin=0"/></net>

<net id="152"><net_src comp="148" pin="1"/><net_sink comp="114" pin=1"/></net>

<net id="153"><net_src comp="148" pin="1"/><net_sink comp="119" pin=0"/></net>

<net id="154"><net_src comp="148" pin="1"/><net_sink comp="144" pin=1"/></net>

<net id="158"><net_src comp="78" pin="2"/><net_sink comp="155" pin=0"/></net>

<net id="159"><net_src comp="155" pin="1"/><net_sink comp="134" pin=1"/></net>

<net id="166"><net_src comp="128" pin="2"/><net_sink comp="163" pin=0"/></net>

<net id="167"><net_src comp="163" pin="1"/><net_sink comp="144" pin=0"/></net>

<net id="171"><net_src comp="134" pin="2"/><net_sink comp="168" pin=0"/></net>

<net id="175"><net_src comp="139" pin="1"/><net_sink comp="172" pin=0"/></net>

<net id="176"><net_src comp="172" pin="1"/><net_sink comp="84" pin=5"/></net>

<net id="177"><net_src comp="172" pin="1"/><net_sink comp="99" pin=5"/></net>

</net_list>

</model> 
---------------- Datapath Model END ------------------

* FSMD analyzer results:
  - Output states:
	Port: noisy_fft_stream_V_data_V | {}
	Port: noisy_fft_stream_V_keep_V | {}
	Port: noisy_fft_stream_V_strb_V | {}
	Port: noisy_fft_stream_V_last_V | {}
	Port: fb_fft_stream_V_data_V | {}
	Port: fb_fft_stream_V_keep_V | {}
	Port: fb_fft_stream_V_strb_V | {}
	Port: fb_fft_stream_V_last_V | {}
	Port: noisy_chunk | {2 3 }
	Port: fb_chunk | {5 6 }
 - Input state : 
	Port: (anonymous namespace)ReadRealtimeInputChunkQ610 : noisy_fft_stream_V_data_V | {2 3 }
	Port: (anonymous namespace)ReadRealtimeInputChunkQ610 : noisy_fft_stream_V_keep_V | {2 3 }
	Port: (anonymous namespace)ReadRealtimeInputChunkQ610 : noisy_fft_stream_V_strb_V | {2 3 }
	Port: (anonymous namespace)ReadRealtimeInputChunkQ610 : noisy_fft_stream_V_last_V | {2 3 }
	Port: (anonymous namespace)ReadRealtimeInputChunkQ610 : fb_fft_stream_V_data_V | {5 6 }
	Port: (anonymous namespace)ReadRealtimeInputChunkQ610 : fb_fft_stream_V_keep_V | {5 6 }
	Port: (anonymous namespace)ReadRealtimeInputChunkQ610 : fb_fft_stream_V_strb_V | {5 6 }
	Port: (anonymous namespace)ReadRealtimeInputChunkQ610 : fb_fft_stream_V_last_V | {5 6 }
	Port: (anonymous namespace)ReadRealtimeInputChunkQ610 : num_frames | {1 }
	Port: (anonymous namespace)ReadRealtimeInputChunkQ610 : noisy_chunk | {}
	Port: (anonymous namespace)ReadRealtimeInputChunkQ610 : fb_chunk | {}
  - Chain level:
	State 1
		store_ln2450 : 1
	State 2
		icmp_ln2450 : 1
		add_ln2450 : 1
		br_ln2450 : 2
		icmp_ln2452 : 1
		br_ln2452 : 2
		trunc_ln2459 : 1
		call_ln2459 : 2
	State 3
	State 4
	State 5
	State 6


============================================================
+ Verbose Summary: Datapath Resource usage 
============================================================

* Functional unit list:
|----------|---------------------------------------------------------------------------------------|---------|---------|
| Operation|                                    Functional Unit                                    |    FF   |   LUT   |
|----------|---------------------------------------------------------------------------------------|---------|---------|
|   call   | grp_p_anonymous_namespace_ReadRealtimeInputChunkQ610_Pipeline_VITIS_LOOP_2453_2_fu_84 |    9    |    28   |
|          | grp_p_anonymous_namespace_ReadRealtimeInputChunkQ610_Pipeline_VITIS_LOOP_2457_3_fu_99 |    9    |    28   |
|----------|---------------------------------------------------------------------------------------|---------|---------|
|   icmp   |                                   icmp_ln2450_fu_122                                  |    0    |    11   |
|          |                                   icmp_ln2452_fu_134                                  |    0    |    11   |
|----------|---------------------------------------------------------------------------------------|---------|---------|
|    add   |                                   add_ln2450_fu_128                                   |    0    |    11   |
|----------|---------------------------------------------------------------------------------------|---------|---------|
|   read   |                               num_frames_read_read_fu_78                              |    0    |    0    |
|----------|---------------------------------------------------------------------------------------|---------|---------|
|   trunc  |                                  trunc_ln2459_fu_139                                  |    0    |    0    |
|----------|---------------------------------------------------------------------------------------|---------|---------|
|   Total  |                                                                                       |    18   |    89   |
|----------|---------------------------------------------------------------------------------------|---------|---------|

Memories:
N/A

* Register list:
+-----------------------+--------+
|                       |   FF   |
+-----------------------+--------+
|   add_ln2450_reg_163  |    3   |
|  frame_index_reg_148  |    3   |
|  icmp_ln2452_reg_168  |    1   |
|num_frames_read_reg_155|    3   |
|  trunc_ln2459_reg_172 |    2   |
+-----------------------+--------+
|         Total         |   12   |
+-----------------------+--------+

* Multiplexer (MUX) list: 
|---------------------------------------------------------------------------------------|------|------|------|--------||---------||---------|
|                                          Comp                                         |  Pin | Size |  BW  | S x BW ||  Delay  ||   LUT   |
|---------------------------------------------------------------------------------------|------|------|------|--------||---------||---------|
| grp_p_anonymous_namespace_ReadRealtimeInputChunkQ610_Pipeline_VITIS_LOOP_2453_2_fu_84 |  p5  |   2  |   2  |    4   ||    9    |
|---------------------------------------------------------------------------------------|------|------|------|--------||---------||---------|
|                                         Total                                         |      |      |      |    4   ||  1.588  ||    9    |
|---------------------------------------------------------------------------------------|------|------|------|--------||---------||---------|



* Summary:
+-----------+--------+--------+--------+
|           |  Delay |   FF   |   LUT  |
+-----------+--------+--------+--------+
|  Function |    -   |   18   |   89   |
|   Memory  |    -   |    -   |    -   |
|Multiplexer|    1   |    -   |    9   |
|  Register |    -   |   12   |    -   |
+-----------+--------+--------+--------+
|   Total   |    1   |   30   |   98   |
+-----------+--------+--------+--------+
