

================================================================
== Vitis HLS Report for 'SubbandRealtimeTopQ610Ip'
================================================================
* Date:           Thu May 14 12:27:20 2026

* Version:        2023.2 (Build 4023990 on Oct 11 2023)
* Project:        subband_q610_realtime_hls
* Solution:       solution1 (Vivado IP Flow Target)
* Product family: zynq
* Target device:  xc7z020-clg400-1


================================================================
== Performance Estimates
================================================================
+ Timing: 
    * Summary: 
    +--------+----------+----------+------------+
    |  Clock |  Target  | Estimated| Uncertainty|
    +--------+----------+----------+------------+
    |ap_clk  |  10.00 ns|  8.739 ns|     2.70 ns|
    +--------+----------+----------+------------+

+ Latency: 
    * Summary: 
    +---------+---------+----------+----------+-------+--------+---------+
    |  Latency (cycles) |  Latency (absolute) |    Interval    | Pipeline|
    |   min   |   max   |    min   |    max   |  min  |   max  |   Type  |
    +---------+---------+----------+----------+-------+--------+---------+
    |    47732|   892507|  0.477 ms|  8.925 ms|  47733|  892508|       no|
    +---------+---------+----------+----------+-------+--------+---------+

    + Detail: 
        * Instance: 
        N/A

        * Loop: 
        N/A

============================================================
+ Verbose Summary: Synthesis Manager
============================================================
InlineROM: 1
ExposeGlobal: 0
============================================================
+ Verbose Summary: CDFG Model
============================================================
IsTopModel: 1
ResetActiveHigh: 1
IsCombinational: 0
IsDatapathOnly: 0
HasWiredReturn: 1
HasMFsm: 0
HasVarLatency: 1
IsPipeline: 0
IsRtlPipelined: 0
IsInstanceOverlapped: 0
IsDontTouch: 0
HasImplIP: 0
IsGatedGlobalClock: 0


============================================================
+ Verbose Summary: Schedule
============================================================
* Number of FSM states : 13
* Pipeline : 0
* Dataflow Pipeline: 0

* FSM state transitions: 
1 --> 2 
2 --> 3 
3 --> 4 5 
4 --> 5 
5 --> 6 
6 --> 7 
7 --> 8 
8 --> 9 
9 --> 10 
10 --> 11 
11 --> 12 
12 --> 13 
13 --> 

* FSM state operations: 

State 1 <SV = 0> <Delay = 0.00>

State 2 <SV = 1> <Delay = 5.23>
ST_2 : Operation 14 [1/1] (1.00ns)   --->   "%reset_state_read = read i1 @_ssdm_op_Read.s_axilite.i1, i1 %reset_state" [H:/subband_ref_q610_opt_stage4_latency_stepL2.cpp:3342]   --->   Operation 14 'read' 'reset_state_read' <Predicate = true> <Delay = 1.00> <CoreInst = "s_axilite">   --->   Core 114 's_axilite' <Latency = 0> <II = 1> <Delay = 1.00> <Adapter> <Opcode : 'read' 'write'>
ST_2 : Operation 15 [1/1] (1.00ns)   --->   "%num_frames_read = read i32 @_ssdm_op_Read.s_axilite.i32, i32 %num_frames" [H:/subband_ref_q610_opt_stage4_latency_stepL2.cpp:3342]   --->   Operation 15 'read' 'num_frames_read' <Predicate = true> <Delay = 1.00> <CoreInst = "s_axilite">   --->   Core 114 's_axilite' <Latency = 0> <II = 1> <Delay = 1.00> <Adapter> <Opcode : 'read' 'write'>
ST_2 : Operation 16 [1/1] (1.00ns)   --->   "%weights_q610_read = read i32 @_ssdm_op_Read.s_axilite.i32, i32 %weights_q610" [H:/subband_ref_q610_opt_stage4_latency_stepL2.cpp:3342]   --->   Operation 16 'read' 'weights_q610_read' <Predicate = true> <Delay = 1.00> <CoreInst = "s_axilite">   --->   Core 114 's_axilite' <Latency = 0> <II = 1> <Delay = 1.00> <Adapter> <Opcode : 'read' 'write'>
ST_2 : Operation 17 [1/1] (0.00ns)   --->   "%trunc_ln3342 = trunc i32 %num_frames_read" [H:/subband_ref_q610_opt_stage4_latency_stepL2.cpp:3342]   --->   Operation 17 'trunc' 'trunc_ln3342' <Predicate = true> <Delay = 0.00>
ST_2 : Operation 18 [1/1] (0.00ns)   --->   "%tmp = bitselect i1 @_ssdm_op_BitSelect.i1.i32.i32, i32 %num_frames_read, i32 31" [H:/subband_ref_q610_opt_stage4_latency_stepL2.cpp:2396->H:/subband_ref_q610_opt_stage4_latency_stepL2.cpp:3163->H:/subband_ref_q610_opt_stage4_latency_stepL2.cpp:3358]   --->   Operation 18 'bitselect' 'tmp' <Predicate = true> <Delay = 0.00>
ST_2 : Operation 19 [1/1] (0.73ns)   --->   "%frames = select i1 %tmp, i31 0, i31 %trunc_ln3342" [H:/subband_ref_q610_opt_stage4_latency_stepL2.cpp:2396->H:/subband_ref_q610_opt_stage4_latency_stepL2.cpp:3163->H:/subband_ref_q610_opt_stage4_latency_stepL2.cpp:3358]   --->   Operation 19 'select' 'frames' <Predicate = true> <Delay = 0.73> <CoreInst = "Sel">   --->   Core 73 'Sel' <Latency = 0> <II = 1> <Delay = 0.73> <FuncUnit> <Opcode : 'select'> <InPorts = 3> <OutPorts = 1>
ST_2 : Operation 20 [1/1] (0.00ns)   --->   "%trunc_ln2395 = trunc i31 %frames" [H:/subband_ref_q610_opt_stage4_latency_stepL2.cpp:2395->H:/subband_ref_q610_opt_stage4_latency_stepL2.cpp:3163->H:/subband_ref_q610_opt_stage4_latency_stepL2.cpp:3358]   --->   Operation 20 'trunc' 'trunc_ln2395' <Predicate = true> <Delay = 0.00>
ST_2 : Operation 21 [1/1] (2.52ns)   --->   "%icmp_ln2399 = icmp_ugt  i31 %frames, i31 4" [H:/subband_ref_q610_opt_stage4_latency_stepL2.cpp:2399->H:/subband_ref_q610_opt_stage4_latency_stepL2.cpp:3163->H:/subband_ref_q610_opt_stage4_latency_stepL2.cpp:3358]   --->   Operation 21 'icmp' 'icmp_ln2399' <Predicate = true> <Delay = 2.52> <CoreInst = "Cmp">   --->   Core 9 'Cmp' <Latency = 0> <II = 1> <Delay = 2.52> <FuncUnit> <Opcode : 'icmp'> <InPorts = 2> <OutPorts = 1>
ST_2 : Operation 22 [1/1] (0.98ns)   --->   "%frames_1 = select i1 %icmp_ln2399, i3 4, i3 %trunc_ln2395" [H:/subband_ref_q610_opt_stage4_latency_stepL2.cpp:2399->H:/subband_ref_q610_opt_stage4_latency_stepL2.cpp:3163->H:/subband_ref_q610_opt_stage4_latency_stepL2.cpp:3358]   --->   Operation 22 'select' 'frames_1' <Predicate = true> <Delay = 0.98> <CoreInst = "Sel">   --->   Core 73 'Sel' <Latency = 0> <II = 1> <Delay = 0.98> <FuncUnit> <Opcode : 'select'> <InPorts = 3> <OutPorts = 1>
ST_2 : Operation 23 [2/2] (0.00ns)   --->   "%call_ln3164 = call void @(anonymous namespace)ReadRealtimeInputChunkQ610, i16 %noisy_fft_stream_V_data_V, i2 %noisy_fft_stream_V_keep_V, i2 %noisy_fft_stream_V_strb_V, i1 %noisy_fft_stream_V_last_V, i16 %fb_fft_stream_V_data_V, i2 %fb_fft_stream_V_keep_V, i2 %fb_fft_stream_V_strb_V, i1 %fb_fft_stream_V_last_V, i3 %frames_1, i16 %noisy_chunk, i16 %fb_chunk" [H:/subband_ref_q610_opt_stage4_latency_stepL2.cpp:3164->H:/subband_ref_q610_opt_stage4_latency_stepL2.cpp:3358]   --->   Operation 23 'call' 'call_ln3164' <Predicate = true> <Delay = 0.00> <CoreType = "Generic">   --->   Core 0 '' <Latency = 0> <II = 1> <Delay = 1.00> <Generic> <Opcode : >

State 3 <SV = 2> <Delay = 0.00>
ST_3 : Operation 24 [1/1] (0.00ns)   --->   "%spectopmodule_ln3342 = spectopmodule void @_ssdm_op_SpecTopModule, void @empty_157" [H:/subband_ref_q610_opt_stage4_latency_stepL2.cpp:3342]   --->   Operation 24 'spectopmodule' 'spectopmodule_ln3342' <Predicate = true> <Delay = 0.00>
ST_3 : Operation 25 [1/1] (0.00ns)   --->   "%specinterface_ln0 = specinterface void @_ssdm_op_SpecInterface, i256 %weights, void @empty_135, i32 0, i32 0, void @empty_136, i32 0, i32 43031, void @empty_137, void @empty_138, void @empty_136, i32 1, i32 1, i32 16, i32 16, void @empty_136, void @empty_136, i32 4294967295, i32 0"   --->   Operation 25 'specinterface' 'specinterface_ln0' <Predicate = true> <Delay = 0.00>
ST_3 : Operation 26 [1/1] (0.00ns)   --->   "%specbitsmap_ln0 = specbitsmap void @_ssdm_op_SpecBitsMap, i256 %weights"   --->   Operation 26 'specbitsmap' 'specbitsmap_ln0' <Predicate = true> <Delay = 0.00>
ST_3 : Operation 27 [1/1] (0.00ns)   --->   "%specinterface_ln0 = specinterface void @_ssdm_op_SpecInterface, i16 %noisy_fft_stream_V_data_V, i2 %noisy_fft_stream_V_keep_V, i2 %noisy_fft_stream_V_strb_V, i1 %noisy_fft_stream_V_last_V, void @empty_139, i32 1, i32 1, void @empty_140, i32 0, i32 0, void @empty_136, void @empty_136, void @empty_136, i32 0, i32 0, i32 0, i32 0, void @empty_136, void @empty_136, i32 4294967295, i32 0"   --->   Operation 27 'specinterface' 'specinterface_ln0' <Predicate = true> <Delay = 0.00>
ST_3 : Operation 28 [1/1] (0.00ns)   --->   "%specbitsmap_ln0 = specbitsmap void @_ssdm_op_SpecBitsMap, i16 %noisy_fft_stream_V_data_V"   --->   Operation 28 'specbitsmap' 'specbitsmap_ln0' <Predicate = true> <Delay = 0.00>
ST_3 : Operation 29 [1/1] (0.00ns)   --->   "%specbitsmap_ln0 = specbitsmap void @_ssdm_op_SpecBitsMap, i2 %noisy_fft_stream_V_keep_V"   --->   Operation 29 'specbitsmap' 'specbitsmap_ln0' <Predicate = true> <Delay = 0.00>
ST_3 : Operation 30 [1/1] (0.00ns)   --->   "%specbitsmap_ln0 = specbitsmap void @_ssdm_op_SpecBitsMap, i2 %noisy_fft_stream_V_strb_V"   --->   Operation 30 'specbitsmap' 'specbitsmap_ln0' <Predicate = true> <Delay = 0.00>
ST_3 : Operation 31 [1/1] (0.00ns)   --->   "%specbitsmap_ln0 = specbitsmap void @_ssdm_op_SpecBitsMap, i1 %noisy_fft_stream_V_last_V"   --->   Operation 31 'specbitsmap' 'specbitsmap_ln0' <Predicate = true> <Delay = 0.00>
ST_3 : Operation 32 [1/1] (0.00ns)   --->   "%specinterface_ln0 = specinterface void @_ssdm_op_SpecInterface, i16 %fb_fft_stream_V_data_V, i2 %fb_fft_stream_V_keep_V, i2 %fb_fft_stream_V_strb_V, i1 %fb_fft_stream_V_last_V, void @empty_139, i32 1, i32 1, void @empty_140, i32 0, i32 0, void @empty_136, void @empty_136, void @empty_136, i32 0, i32 0, i32 0, i32 0, void @empty_136, void @empty_136, i32 4294967295, i32 0"   --->   Operation 32 'specinterface' 'specinterface_ln0' <Predicate = true> <Delay = 0.00>
ST_3 : Operation 33 [1/1] (0.00ns)   --->   "%specbitsmap_ln0 = specbitsmap void @_ssdm_op_SpecBitsMap, i16 %fb_fft_stream_V_data_V"   --->   Operation 33 'specbitsmap' 'specbitsmap_ln0' <Predicate = true> <Delay = 0.00>
ST_3 : Operation 34 [1/1] (0.00ns)   --->   "%specbitsmap_ln0 = specbitsmap void @_ssdm_op_SpecBitsMap, i2 %fb_fft_stream_V_keep_V"   --->   Operation 34 'specbitsmap' 'specbitsmap_ln0' <Predicate = true> <Delay = 0.00>
ST_3 : Operation 35 [1/1] (0.00ns)   --->   "%specbitsmap_ln0 = specbitsmap void @_ssdm_op_SpecBitsMap, i2 %fb_fft_stream_V_strb_V"   --->   Operation 35 'specbitsmap' 'specbitsmap_ln0' <Predicate = true> <Delay = 0.00>
ST_3 : Operation 36 [1/1] (0.00ns)   --->   "%specbitsmap_ln0 = specbitsmap void @_ssdm_op_SpecBitsMap, i1 %fb_fft_stream_V_last_V"   --->   Operation 36 'specbitsmap' 'specbitsmap_ln0' <Predicate = true> <Delay = 0.00>
ST_3 : Operation 37 [1/1] (0.00ns)   --->   "%specinterface_ln0 = specinterface void @_ssdm_op_SpecInterface, i32 %weights_q610, void @empty_141, i32 0, i32 0, void @empty_136, i32 0, i32 0, void @empty_142, void @empty_18, void @empty_136, i32 0, i32 0, i32 0, i32 0, void @empty_136, void @empty_144, i32 4294967295, i32 0"   --->   Operation 37 'specinterface' 'specinterface_ln0' <Predicate = true> <Delay = 0.00>
ST_3 : Operation 38 [1/1] (0.00ns)   --->   "%specinterface_ln0 = specinterface void @_ssdm_op_SpecInterface, i32 %weights_q610, void @empty_145, i32 0, i32 0, void @empty_136, i32 0, i32 0, void @empty_136, void @empty_136, void @empty_136, i32 0, i32 0, i32 0, i32 0, void @empty_136, void @empty_144, i32 4294967295, i32 0"   --->   Operation 38 'specinterface' 'specinterface_ln0' <Predicate = true> <Delay = 0.00>
ST_3 : Operation 39 [1/1] (0.00ns)   --->   "%specbitsmap_ln0 = specbitsmap void @_ssdm_op_SpecBitsMap, i32 %num_frames"   --->   Operation 39 'specbitsmap' 'specbitsmap_ln0' <Predicate = true> <Delay = 0.00>
ST_3 : Operation 40 [1/1] (0.00ns)   --->   "%specinterface_ln0 = specinterface void @_ssdm_op_SpecInterface, i32 %num_frames, void @empty_141, i32 0, i32 0, void @empty_136, i32 0, i32 0, void @empty_142, void @empty_146, void @empty_136, i32 0, i32 0, i32 0, i32 0, void @empty_136, void @empty_136, i32 4294967295, i32 0"   --->   Operation 40 'specinterface' 'specinterface_ln0' <Predicate = true> <Delay = 0.00>
ST_3 : Operation 41 [1/1] (0.00ns)   --->   "%specinterface_ln0 = specinterface void @_ssdm_op_SpecInterface, i32 %num_frames, void @empty_145, i32 0, i32 0, void @empty_136, i32 0, i32 0, void @empty_136, void @empty_136, void @empty_136, i32 0, i32 0, i32 0, i32 0, void @empty_136, void @empty_136, i32 4294967295, i32 0"   --->   Operation 41 'specinterface' 'specinterface_ln0' <Predicate = true> <Delay = 0.00>
ST_3 : Operation 42 [1/1] (0.00ns)   --->   "%specbitsmap_ln0 = specbitsmap void @_ssdm_op_SpecBitsMap, i1 %reset_state"   --->   Operation 42 'specbitsmap' 'specbitsmap_ln0' <Predicate = true> <Delay = 0.00>
ST_3 : Operation 43 [1/1] (0.00ns)   --->   "%specinterface_ln0 = specinterface void @_ssdm_op_SpecInterface, i1 %reset_state, void @empty_141, i32 0, i32 0, void @empty_136, i32 0, i32 0, void @empty_142, void @empty_147, void @empty_136, i32 0, i32 0, i32 0, i32 0, void @empty_136, void @empty_136, i32 4294967295, i32 0"   --->   Operation 43 'specinterface' 'specinterface_ln0' <Predicate = true> <Delay = 0.00>
ST_3 : Operation 44 [1/1] (0.00ns)   --->   "%specinterface_ln0 = specinterface void @_ssdm_op_SpecInterface, i1 %reset_state, void @empty_145, i32 0, i32 0, void @empty_136, i32 0, i32 0, void @empty_136, void @empty_136, void @empty_136, i32 0, i32 0, i32 0, i32 0, void @empty_136, void @empty_136, i32 4294967295, i32 0"   --->   Operation 44 'specinterface' 'specinterface_ln0' <Predicate = true> <Delay = 0.00>
ST_3 : Operation 45 [1/1] (0.00ns)   --->   "%specinterface_ln0 = specinterface void @_ssdm_op_SpecInterface, i16 %df_coef_stream_V_data_V, i2 %df_coef_stream_V_keep_V, i2 %df_coef_stream_V_strb_V, i1 %df_coef_stream_V_last_V, void @empty_139, i32 1, i32 1, void @empty_140, i32 0, i32 0, void @empty_136, void @empty_136, void @empty_136, i32 0, i32 0, i32 0, i32 0, void @empty_136, void @empty_136, i32 4294967295, i32 0"   --->   Operation 45 'specinterface' 'specinterface_ln0' <Predicate = true> <Delay = 0.00>
ST_3 : Operation 46 [1/1] (0.00ns)   --->   "%specbitsmap_ln0 = specbitsmap void @_ssdm_op_SpecBitsMap, i16 %df_coef_stream_V_data_V"   --->   Operation 46 'specbitsmap' 'specbitsmap_ln0' <Predicate = true> <Delay = 0.00>
ST_3 : Operation 47 [1/1] (0.00ns)   --->   "%specbitsmap_ln0 = specbitsmap void @_ssdm_op_SpecBitsMap, i2 %df_coef_stream_V_keep_V"   --->   Operation 47 'specbitsmap' 'specbitsmap_ln0' <Predicate = true> <Delay = 0.00>
ST_3 : Operation 48 [1/1] (0.00ns)   --->   "%specbitsmap_ln0 = specbitsmap void @_ssdm_op_SpecBitsMap, i2 %df_coef_stream_V_strb_V"   --->   Operation 48 'specbitsmap' 'specbitsmap_ln0' <Predicate = true> <Delay = 0.00>
ST_3 : Operation 49 [1/1] (0.00ns)   --->   "%specbitsmap_ln0 = specbitsmap void @_ssdm_op_SpecBitsMap, i1 %df_coef_stream_V_last_V"   --->   Operation 49 'specbitsmap' 'specbitsmap_ln0' <Predicate = true> <Delay = 0.00>
ST_3 : Operation 50 [1/1] (0.00ns)   --->   "%specinterface_ln0 = specinterface void @_ssdm_op_SpecInterface, i32 0, void @empty_141, i32 0, i32 0, void @empty_136, i32 0, i32 0, void @empty_142, void @empty_136, void @empty_136, i32 0, i32 0, i32 0, i32 0, void @empty_136, void @empty_136, i32 4294967295, i32 0"   --->   Operation 50 'specinterface' 'specinterface_ln0' <Predicate = true> <Delay = 0.00>
ST_3 : Operation 51 [1/1] (0.00ns)   --->   "%specmemcore_ln3136 = specmemcore void @_ssdm_op_SpecMemCore, i16 %noisy_chunk, i64 666, i64 22, i64 18446744073709551615" [H:/subband_ref_q610_opt_stage4_latency_stepL2.cpp:3136->H:/subband_ref_q610_opt_stage4_latency_stepL2.cpp:3358]   --->   Operation 51 'specmemcore' 'specmemcore_ln3136' <Predicate = true> <Delay = 0.00>
ST_3 : Operation 52 [1/1] (0.00ns)   --->   "%specmemcore_ln3137 = specmemcore void @_ssdm_op_SpecMemCore, i16 %fb_chunk, i64 666, i64 22, i64 18446744073709551615" [H:/subband_ref_q610_opt_stage4_latency_stepL2.cpp:3137->H:/subband_ref_q610_opt_stage4_latency_stepL2.cpp:3358]   --->   Operation 52 'specmemcore' 'specmemcore_ln3137' <Predicate = true> <Delay = 0.00>
ST_3 : Operation 53 [1/1] (0.00ns)   --->   "%specmemcore_ln3138 = specmemcore void @_ssdm_op_SpecMemCore, i16 %output_chunk, i64 666, i64 22, i64 18446744073709551615" [H:/subband_ref_q610_opt_stage4_latency_stepL2.cpp:3138->H:/subband_ref_q610_opt_stage4_latency_stepL2.cpp:3358]   --->   Operation 53 'specmemcore' 'specmemcore_ln3138' <Predicate = true> <Delay = 0.00>
ST_3 : Operation 54 [1/1] (0.00ns)   --->   "%specmemcore_ln3139 = specmemcore void @_ssdm_op_SpecMemCore, i512 %RunSubbandRealtimeTopCoreQ610_stream_stream_ap_uint_const_int_bool_stream_we, i64 666, i64 22, i64 18446744073709551615" [H:/subband_ref_q610_opt_stage4_latency_stepL2.cpp:3139->H:/subband_ref_q610_opt_stage4_latency_stepL2.cpp:3358]   --->   Operation 54 'specmemcore' 'specmemcore_ln3139' <Predicate = true> <Delay = 0.00>
ST_3 : Operation 55 [1/1] (0.00ns)   --->   "%specmemcore_ln3139 = specmemcore void @_ssdm_op_SpecMemCore, i512 %RunSubbandRealtimeTopCoreQ610_stream_stream_ap_uint_const_int_bool_stream_we_1, i64 666, i64 22, i64 18446744073709551615" [H:/subband_ref_q610_opt_stage4_latency_stepL2.cpp:3139->H:/subband_ref_q610_opt_stage4_latency_stepL2.cpp:3358]   --->   Operation 55 'specmemcore' 'specmemcore_ln3139' <Predicate = true> <Delay = 0.00>
ST_3 : Operation 56 [1/1] (0.00ns)   --->   "%specmemcore_ln3140 = specmemcore void @_ssdm_op_SpecMemCore, i512 %RunSubbandRealtimeTopCoreQ610_stream_stream_ap_uint_const_int_bool_stream_we_2, i64 666, i64 22, i64 18446744073709551615" [H:/subband_ref_q610_opt_stage4_latency_stepL2.cpp:3140->H:/subband_ref_q610_opt_stage4_latency_stepL2.cpp:3358]   --->   Operation 56 'specmemcore' 'specmemcore_ln3140' <Predicate = true> <Delay = 0.00>
ST_3 : Operation 57 [1/1] (0.00ns)   --->   "%specmemcore_ln3140 = specmemcore void @_ssdm_op_SpecMemCore, i512 %RunSubbandRealtimeTopCoreQ610_stream_stream_ap_uint_const_int_bool_stream_we_3, i64 666, i64 22, i64 18446744073709551615" [H:/subband_ref_q610_opt_stage4_latency_stepL2.cpp:3140->H:/subband_ref_q610_opt_stage4_latency_stepL2.cpp:3358]   --->   Operation 57 'specmemcore' 'specmemcore_ln3140' <Predicate = true> <Delay = 0.00>
ST_3 : Operation 58 [1/1] (0.00ns)   --->   "%specmemcore_ln3141 = specmemcore void @_ssdm_op_SpecMemCore, i512 %RunSubbandRealtimeTopCoreQ610_stream_stream_ap_uint_const_int_bool_stream_pr, i64 666, i64 22, i64 18446744073709551615" [H:/subband_ref_q610_opt_stage4_latency_stepL2.cpp:3141->H:/subband_ref_q610_opt_stage4_latency_stepL2.cpp:3358]   --->   Operation 58 'specmemcore' 'specmemcore_ln3141' <Predicate = true> <Delay = 0.00>
ST_3 : Operation 59 [1/1] (0.00ns)   --->   "%specmemcore_ln3142 = specmemcore void @_ssdm_op_SpecMemCore, i16 %RunSubbandRealtimeTopCoreQ610_stream_stream_ap_uint_const_int_bool_stream_la_8, i64 666, i64 22, i64 18446744073709551615" [H:/subband_ref_q610_opt_stage4_latency_stepL2.cpp:3142->H:/subband_ref_q610_opt_stage4_latency_stepL2.cpp:3358]   --->   Operation 59 'specmemcore' 'specmemcore_ln3142' <Predicate = true> <Delay = 0.00>
ST_3 : Operation 60 [1/1] (0.00ns)   --->   "%specmemcore_ln3142 = specmemcore void @_ssdm_op_SpecMemCore, i16 %RunSubbandRealtimeTopCoreQ610_stream_stream_ap_uint_const_int_bool_stream_la_9, i64 666, i64 22, i64 18446744073709551615" [H:/subband_ref_q610_opt_stage4_latency_stepL2.cpp:3142->H:/subband_ref_q610_opt_stage4_latency_stepL2.cpp:3358]   --->   Operation 60 'specmemcore' 'specmemcore_ln3142' <Predicate = true> <Delay = 0.00>
ST_3 : Operation 61 [1/1] (0.00ns)   --->   "%specmemcore_ln3143 = specmemcore void @_ssdm_op_SpecMemCore, i16 %RunSubbandRealtimeTopCoreQ610_stream_stream_ap_uint_const_int_bool_stream_la_10, i64 666, i64 22, i64 18446744073709551615" [H:/subband_ref_q610_opt_stage4_latency_stepL2.cpp:3143->H:/subband_ref_q610_opt_stage4_latency_stepL2.cpp:3358]   --->   Operation 61 'specmemcore' 'specmemcore_ln3143' <Predicate = true> <Delay = 0.00>
ST_3 : Operation 62 [1/1] (0.00ns)   --->   "%specmemcore_ln3143 = specmemcore void @_ssdm_op_SpecMemCore, i16 %RunSubbandRealtimeTopCoreQ610_stream_stream_ap_uint_const_int_bool_stream_la_11, i64 666, i64 22, i64 18446744073709551615" [H:/subband_ref_q610_opt_stage4_latency_stepL2.cpp:3143->H:/subband_ref_q610_opt_stage4_latency_stepL2.cpp:3358]   --->   Operation 62 'specmemcore' 'specmemcore_ln3143' <Predicate = true> <Delay = 0.00>
ST_3 : Operation 63 [1/1] (0.00ns)   --->   "%specmemcore_ln3144 = specmemcore void @_ssdm_op_SpecMemCore, i16 %RunSubbandRealtimeTopCoreQ610_stream_stream_ap_uint_const_int_bool_stream_la_2, i64 666, i64 22, i64 18446744073709551615" [H:/subband_ref_q610_opt_stage4_latency_stepL2.cpp:3144->H:/subband_ref_q610_opt_stage4_latency_stepL2.cpp:3358]   --->   Operation 63 'specmemcore' 'specmemcore_ln3144' <Predicate = true> <Delay = 0.00>
ST_3 : Operation 64 [1/1] (0.00ns)   --->   "%specmemcore_ln3144 = specmemcore void @_ssdm_op_SpecMemCore, i16 %RunSubbandRealtimeTopCoreQ610_stream_stream_ap_uint_const_int_bool_stream_la_3, i64 666, i64 22, i64 18446744073709551615" [H:/subband_ref_q610_opt_stage4_latency_stepL2.cpp:3144->H:/subband_ref_q610_opt_stage4_latency_stepL2.cpp:3358]   --->   Operation 64 'specmemcore' 'specmemcore_ln3144' <Predicate = true> <Delay = 0.00>
ST_3 : Operation 65 [1/1] (0.00ns)   --->   "%specmemcore_ln3145 = specmemcore void @_ssdm_op_SpecMemCore, i16 %RunSubbandRealtimeTopCoreQ610_stream_stream_ap_uint_const_int_bool_stream_la_4, i64 666, i64 22, i64 18446744073709551615" [H:/subband_ref_q610_opt_stage4_latency_stepL2.cpp:3145->H:/subband_ref_q610_opt_stage4_latency_stepL2.cpp:3358]   --->   Operation 65 'specmemcore' 'specmemcore_ln3145' <Predicate = true> <Delay = 0.00>
ST_3 : Operation 66 [1/1] (0.00ns)   --->   "%specmemcore_ln3145 = specmemcore void @_ssdm_op_SpecMemCore, i16 %RunSubbandRealtimeTopCoreQ610_stream_stream_ap_uint_const_int_bool_stream_la_5, i64 666, i64 22, i64 18446744073709551615" [H:/subband_ref_q610_opt_stage4_latency_stepL2.cpp:3145->H:/subband_ref_q610_opt_stage4_latency_stepL2.cpp:3358]   --->   Operation 66 'specmemcore' 'specmemcore_ln3145' <Predicate = true> <Delay = 0.00>
ST_3 : Operation 67 [1/1] (0.00ns)   --->   "%specmemcore_ln3146 = specmemcore void @_ssdm_op_SpecMemCore, i16 %RunSubbandRealtimeTopCoreQ610_stream_stream_ap_uint_const_int_bool_stream_la_6, i64 666, i64 22, i64 18446744073709551615" [H:/subband_ref_q610_opt_stage4_latency_stepL2.cpp:3146->H:/subband_ref_q610_opt_stage4_latency_stepL2.cpp:3358]   --->   Operation 67 'specmemcore' 'specmemcore_ln3146' <Predicate = true> <Delay = 0.00>
ST_3 : Operation 68 [1/1] (0.00ns)   --->   "%specmemcore_ln3146 = specmemcore void @_ssdm_op_SpecMemCore, i16 %RunSubbandRealtimeTopCoreQ610_stream_stream_ap_uint_const_int_bool_stream_la_7, i64 666, i64 22, i64 18446744073709551615" [H:/subband_ref_q610_opt_stage4_latency_stepL2.cpp:3146->H:/subband_ref_q610_opt_stage4_latency_stepL2.cpp:3358]   --->   Operation 68 'specmemcore' 'specmemcore_ln3146' <Predicate = true> <Delay = 0.00>
ST_3 : Operation 69 [1/1] (0.00ns)   --->   "%specmemcore_ln3147 = specmemcore void @_ssdm_op_SpecMemCore, i16 %RunSubbandRealtimeTopCoreQ610_stream_stream_ap_uint_const_int_bool_stream_la, i64 666, i64 22, i64 18446744073709551615" [H:/subband_ref_q610_opt_stage4_latency_stepL2.cpp:3147->H:/subband_ref_q610_opt_stage4_latency_stepL2.cpp:3358]   --->   Operation 69 'specmemcore' 'specmemcore_ln3147' <Predicate = true> <Delay = 0.00>
ST_3 : Operation 70 [1/1] (0.00ns)   --->   "%specmemcore_ln3147 = specmemcore void @_ssdm_op_SpecMemCore, i16 %RunSubbandRealtimeTopCoreQ610_stream_stream_ap_uint_const_int_bool_stream_la_1, i64 666, i64 22, i64 18446744073709551615" [H:/subband_ref_q610_opt_stage4_latency_stepL2.cpp:3147->H:/subband_ref_q610_opt_stage4_latency_stepL2.cpp:3358]   --->   Operation 70 'specmemcore' 'specmemcore_ln3147' <Predicate = true> <Delay = 0.00>
ST_3 : Operation 71 [1/2] (0.00ns)   --->   "%call_ln3164 = call void @(anonymous namespace)ReadRealtimeInputChunkQ610, i16 %noisy_fft_stream_V_data_V, i2 %noisy_fft_stream_V_keep_V, i2 %noisy_fft_stream_V_strb_V, i1 %noisy_fft_stream_V_last_V, i16 %fb_fft_stream_V_data_V, i2 %fb_fft_stream_V_keep_V, i2 %fb_fft_stream_V_strb_V, i1 %fb_fft_stream_V_last_V, i3 %frames_1, i16 %noisy_chunk, i16 %fb_chunk" [H:/subband_ref_q610_opt_stage4_latency_stepL2.cpp:3164->H:/subband_ref_q610_opt_stage4_latency_stepL2.cpp:3358]   --->   Operation 71 'call' 'call_ln3164' <Predicate = true> <Delay = 0.00> <CoreType = "Generic">   --->   Core 0 '' <Latency = 0> <II = 1> <Delay = 1.00> <Generic> <Opcode : >
ST_3 : Operation 72 [1/1] (0.00ns)   --->   "%specaxissidechannel_ln3166 = specaxissidechannel void @_ssdm_op_SpecAXISSideChannel, i16 %df_coef_stream_V_data_V, i2 %df_coef_stream_V_keep_V, i2 %df_coef_stream_V_strb_V, i1 0, i1 %df_coef_stream_V_last_V, i1 0, i1 0, void @empty_148" [H:/subband_ref_q610_opt_stage4_latency_stepL2.cpp:3166->H:/subband_ref_q610_opt_stage4_latency_stepL2.cpp:3358]   --->   Operation 72 'specaxissidechannel' 'specaxissidechannel_ln3166' <Predicate = true> <Delay = 0.00>
ST_3 : Operation 73 [1/1] (0.00ns)   --->   "%specaxissidechannel_ln3166 = specaxissidechannel void @_ssdm_op_SpecAXISSideChannel, i16 %fb_fft_stream_V_data_V, i2 %fb_fft_stream_V_keep_V, i2 %fb_fft_stream_V_strb_V, i1 0, i1 %fb_fft_stream_V_last_V, i1 0, i1 0, void @empty_149" [H:/subband_ref_q610_opt_stage4_latency_stepL2.cpp:3166->H:/subband_ref_q610_opt_stage4_latency_stepL2.cpp:3358]   --->   Operation 73 'specaxissidechannel' 'specaxissidechannel_ln3166' <Predicate = true> <Delay = 0.00>
ST_3 : Operation 74 [1/1] (0.00ns)   --->   "%specaxissidechannel_ln3166 = specaxissidechannel void @_ssdm_op_SpecAXISSideChannel, i16 %noisy_fft_stream_V_data_V, i2 %noisy_fft_stream_V_keep_V, i2 %noisy_fft_stream_V_strb_V, i1 0, i1 %noisy_fft_stream_V_last_V, i1 0, i1 0, void @empty_150" [H:/subband_ref_q610_opt_stage4_latency_stepL2.cpp:3166->H:/subband_ref_q610_opt_stage4_latency_stepL2.cpp:3358]   --->   Operation 74 'specaxissidechannel' 'specaxissidechannel_ln3166' <Predicate = true> <Delay = 0.00>
ST_3 : Operation 75 [1/1] (0.00ns)   --->   "%br_ln3166 = br i1 %reset_state_read, void %_ZN12subband_q61029RunSubbandRealtimeTopCoreQ610ERN3hls6streamINS0_4axisI7ap_uintILi16EELm0ELm0ELm0ELh56ELb0EEELi0EEES7_PKS3_ILi256EEibS7_.exit, void %if.then.i" [H:/subband_ref_q610_opt_stage4_latency_stepL2.cpp:3166->H:/subband_ref_q610_opt_stage4_latency_stepL2.cpp:3358]   --->   Operation 75 'br' 'br_ln3166' <Predicate = true> <Delay = 0.00>
ST_3 : Operation 76 [2/2] (0.00ns)   --->   "%call_ln3167 = call void @(anonymous namespace)ClearRealtimeStatesQ610, i16 %RunSubbandRealtimeTopCoreQ610_stream_stream_ap_uint_const_int_bool_stream_la_9, i16 %RunSubbandRealtimeTopCoreQ610_stream_stream_ap_uint_const_int_bool_stream_la_11, i16 %RunSubbandRealtimeTopCoreQ610_stream_stream_ap_uint_const_int_bool_stream_la_3, i16 %RunSubbandRealtimeTopCoreQ610_stream_stream_ap_uint_const_int_bool_stream_la_5, i16 %RunSubbandRealtimeTopCoreQ610_stream_stream_ap_uint_const_int_bool_stream_la_8, i16 %RunSubbandRealtimeTopCoreQ610_stream_stream_ap_uint_const_int_bool_stream_la_10, i16 %RunSubbandRealtimeTopCoreQ610_stream_stream_ap_uint_const_int_bool_stream_la_2, i16 %RunSubbandRealtimeTopCoreQ610_stream_stream_ap_uint_const_int_bool_stream_la_4" [H:/subband_ref_q610_opt_stage4_latency_stepL2.cpp:3167->H:/subband_ref_q610_opt_stage4_latency_stepL2.cpp:3358]   --->   Operation 76 'call' 'call_ln3167' <Predicate = (reset_state_read)> <Delay = 0.00> <CoreType = "Generic">   --->   Core 0 '' <Latency = 0> <II = 1> <Delay = 1.00> <Generic> <Opcode : >

State 4 <SV = 3> <Delay = 0.00>
ST_4 : Operation 77 [1/2] (0.00ns)   --->   "%call_ln3167 = call void @(anonymous namespace)ClearRealtimeStatesQ610, i16 %RunSubbandRealtimeTopCoreQ610_stream_stream_ap_uint_const_int_bool_stream_la_9, i16 %RunSubbandRealtimeTopCoreQ610_stream_stream_ap_uint_const_int_bool_stream_la_11, i16 %RunSubbandRealtimeTopCoreQ610_stream_stream_ap_uint_const_int_bool_stream_la_3, i16 %RunSubbandRealtimeTopCoreQ610_stream_stream_ap_uint_const_int_bool_stream_la_5, i16 %RunSubbandRealtimeTopCoreQ610_stream_stream_ap_uint_const_int_bool_stream_la_8, i16 %RunSubbandRealtimeTopCoreQ610_stream_stream_ap_uint_const_int_bool_stream_la_10, i16 %RunSubbandRealtimeTopCoreQ610_stream_stream_ap_uint_const_int_bool_stream_la_2, i16 %RunSubbandRealtimeTopCoreQ610_stream_stream_ap_uint_const_int_bool_stream_la_4" [H:/subband_ref_q610_opt_stage4_latency_stepL2.cpp:3167->H:/subband_ref_q610_opt_stage4_latency_stepL2.cpp:3358]   --->   Operation 77 'call' 'call_ln3167' <Predicate = true> <Delay = 0.00> <CoreType = "Generic">   --->   Core 0 '' <Latency = 0> <II = 1> <Delay = 1.00> <Generic> <Opcode : >
ST_4 : Operation 78 [1/1] (0.00ns)   --->   "%br_ln3168 = br void %_ZN12subband_q61029RunSubbandRealtimeTopCoreQ610ERN3hls6streamINS0_4axisI7ap_uintILi16EELm0ELm0ELm0ELh56ELb0EEELi0EEES7_PKS3_ILi256EEibS7_.exit" [H:/subband_ref_q610_opt_stage4_latency_stepL2.cpp:3168->H:/subband_ref_q610_opt_stage4_latency_stepL2.cpp:3358]   --->   Operation 78 'br' 'br_ln3168' <Predicate = true> <Delay = 0.00>

State 5 <SV = 4> <Delay = 4.13>
ST_5 : Operation 79 [2/2] (4.13ns)   --->   "%call_ln3170 = call void @(anonymous namespace)RunRealtimeBandQ610, i2 0, i8 0, i7 4, i3 5, i4 8, i7 34, i8 38, i8 40, i256 %weights, i32 %weights_q610_read, i3 %frames_1, i512 %RunSubbandRealtimeTopCoreQ610_stream_stream_ap_uint_const_int_bool_stream_we_1, i512 %RunSubbandRealtimeTopCoreQ610_stream_stream_ap_uint_const_int_bool_stream_we, i512 %RunSubbandRealtimeTopCoreQ610_stream_stream_ap_uint_const_int_bool_stream_we_3, i512 %RunSubbandRealtimeTopCoreQ610_stream_stream_ap_uint_const_int_bool_stream_we_2, i16 %RunSubbandRealtimeTopCoreQ610_stream_stream_ap_uint_const_int_bool_stream_bi_1, i16 %RunSubbandRealtimeTopCoreQ610_stream_stream_ap_uint_const_int_bool_stream_bi, i16 %RunSubbandRealtimeTopCoreQ610_stream_stream_ap_uint_const_int_bool_stream_bn_1, i16 %RunSubbandRealtimeTopCoreQ610_stream_stream_ap_uint_const_int_bool_stream_bn, i16 %RunSubbandRealtimeTopCoreQ610_stream_stream_ap_uint_const_int_bool_stream_bn_3, i16 %RunSubbandRealtimeTopCoreQ610_stream_stream_ap_uint_const_int_bool_stream_bn_2, i16 %noisy_chunk, i16 %fb_chunk, i14 %subband_q610_anonymous_namespace_kSigmoidPwlKnotsQ610, i11 %subband_q610_anonymous_namespace_kSigmoidPwlValuesQ610, i16 %RunSubbandRealtimeTopCoreQ610_stream_stream_ap_uint_const_int_bool_stream_la_9, i16 %RunSubbandRealtimeTopCoreQ610_stream_stream_ap_uint_const_int_bool_stream_la_8, i16 %RunSubbandRealtimeTopCoreQ610_stream_stream_ap_uint_const_int_bool_stream_la_11, i16 %RunSubbandRealtimeTopCoreQ610_stream_stream_ap_uint_const_int_bool_stream_la_10, i16 %RunSubbandRealtimeTopCoreQ610_stream_stream_ap_uint_const_int_bool_stream_la_7, i16 %RunSubbandRealtimeTopCoreQ610_stream_stream_ap_uint_const_int_bool_stream_la_6, i16 %RunSubbandRealtimeTopCoreQ610_stream_stream_ap_uint_const_int_bool_stream_la_3, i16 %RunSubbandRealtimeTopCoreQ610_stream_stream_ap_uint_const_int_bool_stream_la_2, i16 %RunSubbandRealtimeTopCoreQ610_stream_stream_ap_uint_const_int_bool_stream_la_5, i16 %RunSubbandRealtimeTopCoreQ610_stream_stream_ap_uint_const_int_bool_stream_la_4, i16 %RunSubbandRealtimeTopCoreQ610_stream_stream_ap_uint_const_int_bool_stream_la_1, i16 %RunSubbandRealtimeTopCoreQ610_stream_stream_ap_uint_const_int_bool_stream_la, i512 %RunSubbandRealtimeTopCoreQ610_stream_stream_ap_uint_const_int_bool_stream_pr, i16 %RunSubbandRealtimeTopCoreQ610_stream_stream_ap_uint_const_int_bool_stream_pr_8, i16 %RunSubbandRealtimeTopCoreQ610_stream_stream_ap_uint_const_int_bool_stream_pr_7, i16 %RunSubbandRealtimeTopCoreQ610_stream_stream_ap_uint_const_int_bool_stream_pr_6, i16 %RunSubbandRealtimeTopCoreQ610_stream_stream_ap_uint_const_int_bool_stream_pr_5, i16 %RunSubbandRealtimeTopCoreQ610_stream_stream_ap_uint_const_int_bool_stream_pr_4, i16 %RunSubbandRealtimeTopCoreQ610_stream_stream_ap_uint_const_int_bool_stream_pr_3, i16 %RunSubbandRealtimeTopCoreQ610_stream_stream_ap_uint_const_int_bool_stream_pr_2, i16 %RunSubbandRealtimeTopCoreQ610_stream_stream_ap_uint_const_int_bool_stream_pr_1, i16 %output_chunk" [H:/subband_ref_q610_opt_stage4_latency_stepL2.cpp:3170->H:/subband_ref_q610_opt_stage4_latency_stepL2.cpp:3358]   --->   Operation 79 'call' 'call_ln3170' <Predicate = true> <Delay = 4.13> <CoreType = "Generic">   --->   Core 0 '' <Latency = 0> <II = 1> <Delay = 1.00> <Generic> <Opcode : >

State 6 <SV = 5> <Delay = 0.00>
ST_6 : Operation 80 [1/2] (0.00ns)   --->   "%call_ln3170 = call void @(anonymous namespace)RunRealtimeBandQ610, i2 0, i8 0, i7 4, i3 5, i4 8, i7 34, i8 38, i8 40, i256 %weights, i32 %weights_q610_read, i3 %frames_1, i512 %RunSubbandRealtimeTopCoreQ610_stream_stream_ap_uint_const_int_bool_stream_we_1, i512 %RunSubbandRealtimeTopCoreQ610_stream_stream_ap_uint_const_int_bool_stream_we, i512 %RunSubbandRealtimeTopCoreQ610_stream_stream_ap_uint_const_int_bool_stream_we_3, i512 %RunSubbandRealtimeTopCoreQ610_stream_stream_ap_uint_const_int_bool_stream_we_2, i16 %RunSubbandRealtimeTopCoreQ610_stream_stream_ap_uint_const_int_bool_stream_bi_1, i16 %RunSubbandRealtimeTopCoreQ610_stream_stream_ap_uint_const_int_bool_stream_bi, i16 %RunSubbandRealtimeTopCoreQ610_stream_stream_ap_uint_const_int_bool_stream_bn_1, i16 %RunSubbandRealtimeTopCoreQ610_stream_stream_ap_uint_const_int_bool_stream_bn, i16 %RunSubbandRealtimeTopCoreQ610_stream_stream_ap_uint_const_int_bool_stream_bn_3, i16 %RunSubbandRealtimeTopCoreQ610_stream_stream_ap_uint_const_int_bool_stream_bn_2, i16 %noisy_chunk, i16 %fb_chunk, i14 %subband_q610_anonymous_namespace_kSigmoidPwlKnotsQ610, i11 %subband_q610_anonymous_namespace_kSigmoidPwlValuesQ610, i16 %RunSubbandRealtimeTopCoreQ610_stream_stream_ap_uint_const_int_bool_stream_la_9, i16 %RunSubbandRealtimeTopCoreQ610_stream_stream_ap_uint_const_int_bool_stream_la_8, i16 %RunSubbandRealtimeTopCoreQ610_stream_stream_ap_uint_const_int_bool_stream_la_11, i16 %RunSubbandRealtimeTopCoreQ610_stream_stream_ap_uint_const_int_bool_stream_la_10, i16 %RunSubbandRealtimeTopCoreQ610_stream_stream_ap_uint_const_int_bool_stream_la_7, i16 %RunSubbandRealtimeTopCoreQ610_stream_stream_ap_uint_const_int_bool_stream_la_6, i16 %RunSubbandRealtimeTopCoreQ610_stream_stream_ap_uint_const_int_bool_stream_la_3, i16 %RunSubbandRealtimeTopCoreQ610_stream_stream_ap_uint_const_int_bool_stream_la_2, i16 %RunSubbandRealtimeTopCoreQ610_stream_stream_ap_uint_const_int_bool_stream_la_5, i16 %RunSubbandRealtimeTopCoreQ610_stream_stream_ap_uint_const_int_bool_stream_la_4, i16 %RunSubbandRealtimeTopCoreQ610_stream_stream_ap_uint_const_int_bool_stream_la_1, i16 %RunSubbandRealtimeTopCoreQ610_stream_stream_ap_uint_const_int_bool_stream_la, i512 %RunSubbandRealtimeTopCoreQ610_stream_stream_ap_uint_const_int_bool_stream_pr, i16 %RunSubbandRealtimeTopCoreQ610_stream_stream_ap_uint_const_int_bool_stream_pr_8, i16 %RunSubbandRealtimeTopCoreQ610_stream_stream_ap_uint_const_int_bool_stream_pr_7, i16 %RunSubbandRealtimeTopCoreQ610_stream_stream_ap_uint_const_int_bool_stream_pr_6, i16 %RunSubbandRealtimeTopCoreQ610_stream_stream_ap_uint_const_int_bool_stream_pr_5, i16 %RunSubbandRealtimeTopCoreQ610_stream_stream_ap_uint_const_int_bool_stream_pr_4, i16 %RunSubbandRealtimeTopCoreQ610_stream_stream_ap_uint_const_int_bool_stream_pr_3, i16 %RunSubbandRealtimeTopCoreQ610_stream_stream_ap_uint_const_int_bool_stream_pr_2, i16 %RunSubbandRealtimeTopCoreQ610_stream_stream_ap_uint_const_int_bool_stream_pr_1, i16 %output_chunk" [H:/subband_ref_q610_opt_stage4_latency_stepL2.cpp:3170->H:/subband_ref_q610_opt_stage4_latency_stepL2.cpp:3358]   --->   Operation 80 'call' 'call_ln3170' <Predicate = true> <Delay = 0.00> <CoreType = "Generic">   --->   Core 0 '' <Latency = 0> <II = 1> <Delay = 1.00> <Generic> <Opcode : >

State 7 <SV = 6> <Delay = 4.13>
ST_7 : Operation 81 [2/2] (4.13ns)   --->   "%call_ln3174 = call void @(anonymous namespace)RunRealtimeBandQ610, i2 1, i8 32, i7 32, i3 3, i4 3, i7 62, i8 94, i8 192, i256 %weights, i32 %weights_q610_read, i3 %frames_1, i512 %RunSubbandRealtimeTopCoreQ610_stream_stream_ap_uint_const_int_bool_stream_we_1, i512 %RunSubbandRealtimeTopCoreQ610_stream_stream_ap_uint_const_int_bool_stream_we, i512 %RunSubbandRealtimeTopCoreQ610_stream_stream_ap_uint_const_int_bool_stream_we_3, i512 %RunSubbandRealtimeTopCoreQ610_stream_stream_ap_uint_const_int_bool_stream_we_2, i16 %RunSubbandRealtimeTopCoreQ610_stream_stream_ap_uint_const_int_bool_stream_bi_1, i16 %RunSubbandRealtimeTopCoreQ610_stream_stream_ap_uint_const_int_bool_stream_bi, i16 %RunSubbandRealtimeTopCoreQ610_stream_stream_ap_uint_const_int_bool_stream_bn_1, i16 %RunSubbandRealtimeTopCoreQ610_stream_stream_ap_uint_const_int_bool_stream_bn, i16 %RunSubbandRealtimeTopCoreQ610_stream_stream_ap_uint_const_int_bool_stream_bn_3, i16 %RunSubbandRealtimeTopCoreQ610_stream_stream_ap_uint_const_int_bool_stream_bn_2, i16 %noisy_chunk, i16 %fb_chunk, i14 %subband_q610_anonymous_namespace_kSigmoidPwlKnotsQ610, i11 %subband_q610_anonymous_namespace_kSigmoidPwlValuesQ610, i16 %RunSubbandRealtimeTopCoreQ610_stream_stream_ap_uint_const_int_bool_stream_la_9, i16 %RunSubbandRealtimeTopCoreQ610_stream_stream_ap_uint_const_int_bool_stream_la_8, i16 %RunSubbandRealtimeTopCoreQ610_stream_stream_ap_uint_const_int_bool_stream_la_11, i16 %RunSubbandRealtimeTopCoreQ610_stream_stream_ap_uint_const_int_bool_stream_la_10, i16 %RunSubbandRealtimeTopCoreQ610_stream_stream_ap_uint_const_int_bool_stream_la_7, i16 %RunSubbandRealtimeTopCoreQ610_stream_stream_ap_uint_const_int_bool_stream_la_6, i16 %RunSubbandRealtimeTopCoreQ610_stream_stream_ap_uint_const_int_bool_stream_la_3, i16 %RunSubbandRealtimeTopCoreQ610_stream_stream_ap_uint_const_int_bool_stream_la_2, i16 %RunSubbandRealtimeTopCoreQ610_stream_stream_ap_uint_const_int_bool_stream_la_5, i16 %RunSubbandRealtimeTopCoreQ610_stream_stream_ap_uint_const_int_bool_stream_la_4, i16 %RunSubbandRealtimeTopCoreQ610_stream_stream_ap_uint_const_int_bool_stream_la_1, i16 %RunSubbandRealtimeTopCoreQ610_stream_stream_ap_uint_const_int_bool_stream_la, i512 %RunSubbandRealtimeTopCoreQ610_stream_stream_ap_uint_const_int_bool_stream_pr, i16 %RunSubbandRealtimeTopCoreQ610_stream_stream_ap_uint_const_int_bool_stream_pr_8, i16 %RunSubbandRealtimeTopCoreQ610_stream_stream_ap_uint_const_int_bool_stream_pr_7, i16 %RunSubbandRealtimeTopCoreQ610_stream_stream_ap_uint_const_int_bool_stream_pr_6, i16 %RunSubbandRealtimeTopCoreQ610_stream_stream_ap_uint_const_int_bool_stream_pr_5, i16 %RunSubbandRealtimeTopCoreQ610_stream_stream_ap_uint_const_int_bool_stream_pr_4, i16 %RunSubbandRealtimeTopCoreQ610_stream_stream_ap_uint_const_int_bool_stream_pr_3, i16 %RunSubbandRealtimeTopCoreQ610_stream_stream_ap_uint_const_int_bool_stream_pr_2, i16 %RunSubbandRealtimeTopCoreQ610_stream_stream_ap_uint_const_int_bool_stream_pr_1, i16 %output_chunk" [H:/subband_ref_q610_opt_stage4_latency_stepL2.cpp:3174->H:/subband_ref_q610_opt_stage4_latency_stepL2.cpp:3358]   --->   Operation 81 'call' 'call_ln3174' <Predicate = true> <Delay = 4.13> <CoreType = "Generic">   --->   Core 0 '' <Latency = 0> <II = 1> <Delay = 1.00> <Generic> <Opcode : >

State 8 <SV = 7> <Delay = 0.00>
ST_8 : Operation 82 [1/2] (0.00ns)   --->   "%call_ln3174 = call void @(anonymous namespace)RunRealtimeBandQ610, i2 1, i8 32, i7 32, i3 3, i4 3, i7 62, i8 94, i8 192, i256 %weights, i32 %weights_q610_read, i3 %frames_1, i512 %RunSubbandRealtimeTopCoreQ610_stream_stream_ap_uint_const_int_bool_stream_we_1, i512 %RunSubbandRealtimeTopCoreQ610_stream_stream_ap_uint_const_int_bool_stream_we, i512 %RunSubbandRealtimeTopCoreQ610_stream_stream_ap_uint_const_int_bool_stream_we_3, i512 %RunSubbandRealtimeTopCoreQ610_stream_stream_ap_uint_const_int_bool_stream_we_2, i16 %RunSubbandRealtimeTopCoreQ610_stream_stream_ap_uint_const_int_bool_stream_bi_1, i16 %RunSubbandRealtimeTopCoreQ610_stream_stream_ap_uint_const_int_bool_stream_bi, i16 %RunSubbandRealtimeTopCoreQ610_stream_stream_ap_uint_const_int_bool_stream_bn_1, i16 %RunSubbandRealtimeTopCoreQ610_stream_stream_ap_uint_const_int_bool_stream_bn, i16 %RunSubbandRealtimeTopCoreQ610_stream_stream_ap_uint_const_int_bool_stream_bn_3, i16 %RunSubbandRealtimeTopCoreQ610_stream_stream_ap_uint_const_int_bool_stream_bn_2, i16 %noisy_chunk, i16 %fb_chunk, i14 %subband_q610_anonymous_namespace_kSigmoidPwlKnotsQ610, i11 %subband_q610_anonymous_namespace_kSigmoidPwlValuesQ610, i16 %RunSubbandRealtimeTopCoreQ610_stream_stream_ap_uint_const_int_bool_stream_la_9, i16 %RunSubbandRealtimeTopCoreQ610_stream_stream_ap_uint_const_int_bool_stream_la_8, i16 %RunSubbandRealtimeTopCoreQ610_stream_stream_ap_uint_const_int_bool_stream_la_11, i16 %RunSubbandRealtimeTopCoreQ610_stream_stream_ap_uint_const_int_bool_stream_la_10, i16 %RunSubbandRealtimeTopCoreQ610_stream_stream_ap_uint_const_int_bool_stream_la_7, i16 %RunSubbandRealtimeTopCoreQ610_stream_stream_ap_uint_const_int_bool_stream_la_6, i16 %RunSubbandRealtimeTopCoreQ610_stream_stream_ap_uint_const_int_bool_stream_la_3, i16 %RunSubbandRealtimeTopCoreQ610_stream_stream_ap_uint_const_int_bool_stream_la_2, i16 %RunSubbandRealtimeTopCoreQ610_stream_stream_ap_uint_const_int_bool_stream_la_5, i16 %RunSubbandRealtimeTopCoreQ610_stream_stream_ap_uint_const_int_bool_stream_la_4, i16 %RunSubbandRealtimeTopCoreQ610_stream_stream_ap_uint_const_int_bool_stream_la_1, i16 %RunSubbandRealtimeTopCoreQ610_stream_stream_ap_uint_const_int_bool_stream_la, i512 %RunSubbandRealtimeTopCoreQ610_stream_stream_ap_uint_const_int_bool_stream_pr, i16 %RunSubbandRealtimeTopCoreQ610_stream_stream_ap_uint_const_int_bool_stream_pr_8, i16 %RunSubbandRealtimeTopCoreQ610_stream_stream_ap_uint_const_int_bool_stream_pr_7, i16 %RunSubbandRealtimeTopCoreQ610_stream_stream_ap_uint_const_int_bool_stream_pr_6, i16 %RunSubbandRealtimeTopCoreQ610_stream_stream_ap_uint_const_int_bool_stream_pr_5, i16 %RunSubbandRealtimeTopCoreQ610_stream_stream_ap_uint_const_int_bool_stream_pr_4, i16 %RunSubbandRealtimeTopCoreQ610_stream_stream_ap_uint_const_int_bool_stream_pr_3, i16 %RunSubbandRealtimeTopCoreQ610_stream_stream_ap_uint_const_int_bool_stream_pr_2, i16 %RunSubbandRealtimeTopCoreQ610_stream_stream_ap_uint_const_int_bool_stream_pr_1, i16 %output_chunk" [H:/subband_ref_q610_opt_stage4_latency_stepL2.cpp:3174->H:/subband_ref_q610_opt_stage4_latency_stepL2.cpp:3358]   --->   Operation 82 'call' 'call_ln3174' <Predicate = true> <Delay = 0.00> <CoreType = "Generic">   --->   Core 0 '' <Latency = 0> <II = 1> <Delay = 1.00> <Generic> <Opcode : >

State 9 <SV = 8> <Delay = 4.13>
ST_9 : Operation 83 [2/2] (4.13ns)   --->   "%call_ln3178 = call void @(anonymous namespace)RunRealtimeBandQ610, i2 2, i8 128, i7 64, i3 1, i4 2, i7 94, i8 158, i8 128, i256 %weights, i32 %weights_q610_read, i3 %frames_1, i512 %RunSubbandRealtimeTopCoreQ610_stream_stream_ap_uint_const_int_bool_stream_we_1, i512 %RunSubbandRealtimeTopCoreQ610_stream_stream_ap_uint_const_int_bool_stream_we, i512 %RunSubbandRealtimeTopCoreQ610_stream_stream_ap_uint_const_int_bool_stream_we_3, i512 %RunSubbandRealtimeTopCoreQ610_stream_stream_ap_uint_const_int_bool_stream_we_2, i16 %RunSubbandRealtimeTopCoreQ610_stream_stream_ap_uint_const_int_bool_stream_bi_1, i16 %RunSubbandRealtimeTopCoreQ610_stream_stream_ap_uint_const_int_bool_stream_bi, i16 %RunSubbandRealtimeTopCoreQ610_stream_stream_ap_uint_const_int_bool_stream_bn_1, i16 %RunSubbandRealtimeTopCoreQ610_stream_stream_ap_uint_const_int_bool_stream_bn, i16 %RunSubbandRealtimeTopCoreQ610_stream_stream_ap_uint_const_int_bool_stream_bn_3, i16 %RunSubbandRealtimeTopCoreQ610_stream_stream_ap_uint_const_int_bool_stream_bn_2, i16 %noisy_chunk, i16 %fb_chunk, i14 %subband_q610_anonymous_namespace_kSigmoidPwlKnotsQ610, i11 %subband_q610_anonymous_namespace_kSigmoidPwlValuesQ610, i16 %RunSubbandRealtimeTopCoreQ610_stream_stream_ap_uint_const_int_bool_stream_la_9, i16 %RunSubbandRealtimeTopCoreQ610_stream_stream_ap_uint_const_int_bool_stream_la_8, i16 %RunSubbandRealtimeTopCoreQ610_stream_stream_ap_uint_const_int_bool_stream_la_11, i16 %RunSubbandRealtimeTopCoreQ610_stream_stream_ap_uint_const_int_bool_stream_la_10, i16 %RunSubbandRealtimeTopCoreQ610_stream_stream_ap_uint_const_int_bool_stream_la_7, i16 %RunSubbandRealtimeTopCoreQ610_stream_stream_ap_uint_const_int_bool_stream_la_6, i16 %RunSubbandRealtimeTopCoreQ610_stream_stream_ap_uint_const_int_bool_stream_la_3, i16 %RunSubbandRealtimeTopCoreQ610_stream_stream_ap_uint_const_int_bool_stream_la_2, i16 %RunSubbandRealtimeTopCoreQ610_stream_stream_ap_uint_const_int_bool_stream_la_5, i16 %RunSubbandRealtimeTopCoreQ610_stream_stream_ap_uint_const_int_bool_stream_la_4, i16 %RunSubbandRealtimeTopCoreQ610_stream_stream_ap_uint_const_int_bool_stream_la_1, i16 %RunSubbandRealtimeTopCoreQ610_stream_stream_ap_uint_const_int_bool_stream_la, i512 %RunSubbandRealtimeTopCoreQ610_stream_stream_ap_uint_const_int_bool_stream_pr, i16 %RunSubbandRealtimeTopCoreQ610_stream_stream_ap_uint_const_int_bool_stream_pr_8, i16 %RunSubbandRealtimeTopCoreQ610_stream_stream_ap_uint_const_int_bool_stream_pr_7, i16 %RunSubbandRealtimeTopCoreQ610_stream_stream_ap_uint_const_int_bool_stream_pr_6, i16 %RunSubbandRealtimeTopCoreQ610_stream_stream_ap_uint_const_int_bool_stream_pr_5, i16 %RunSubbandRealtimeTopCoreQ610_stream_stream_ap_uint_const_int_bool_stream_pr_4, i16 %RunSubbandRealtimeTopCoreQ610_stream_stream_ap_uint_const_int_bool_stream_pr_3, i16 %RunSubbandRealtimeTopCoreQ610_stream_stream_ap_uint_const_int_bool_stream_pr_2, i16 %RunSubbandRealtimeTopCoreQ610_stream_stream_ap_uint_const_int_bool_stream_pr_1, i16 %output_chunk" [H:/subband_ref_q610_opt_stage4_latency_stepL2.cpp:3178->H:/subband_ref_q610_opt_stage4_latency_stepL2.cpp:3358]   --->   Operation 83 'call' 'call_ln3178' <Predicate = true> <Delay = 4.13> <CoreType = "Generic">   --->   Core 0 '' <Latency = 0> <II = 1> <Delay = 1.00> <Generic> <Opcode : >

State 10 <SV = 9> <Delay = 0.00>
ST_10 : Operation 84 [1/2] (0.00ns)   --->   "%call_ln3178 = call void @(anonymous namespace)RunRealtimeBandQ610, i2 2, i8 128, i7 64, i3 1, i4 2, i7 94, i8 158, i8 128, i256 %weights, i32 %weights_q610_read, i3 %frames_1, i512 %RunSubbandRealtimeTopCoreQ610_stream_stream_ap_uint_const_int_bool_stream_we_1, i512 %RunSubbandRealtimeTopCoreQ610_stream_stream_ap_uint_const_int_bool_stream_we, i512 %RunSubbandRealtimeTopCoreQ610_stream_stream_ap_uint_const_int_bool_stream_we_3, i512 %RunSubbandRealtimeTopCoreQ610_stream_stream_ap_uint_const_int_bool_stream_we_2, i16 %RunSubbandRealtimeTopCoreQ610_stream_stream_ap_uint_const_int_bool_stream_bi_1, i16 %RunSubbandRealtimeTopCoreQ610_stream_stream_ap_uint_const_int_bool_stream_bi, i16 %RunSubbandRealtimeTopCoreQ610_stream_stream_ap_uint_const_int_bool_stream_bn_1, i16 %RunSubbandRealtimeTopCoreQ610_stream_stream_ap_uint_const_int_bool_stream_bn, i16 %RunSubbandRealtimeTopCoreQ610_stream_stream_ap_uint_const_int_bool_stream_bn_3, i16 %RunSubbandRealtimeTopCoreQ610_stream_stream_ap_uint_const_int_bool_stream_bn_2, i16 %noisy_chunk, i16 %fb_chunk, i14 %subband_q610_anonymous_namespace_kSigmoidPwlKnotsQ610, i11 %subband_q610_anonymous_namespace_kSigmoidPwlValuesQ610, i16 %RunSubbandRealtimeTopCoreQ610_stream_stream_ap_uint_const_int_bool_stream_la_9, i16 %RunSubbandRealtimeTopCoreQ610_stream_stream_ap_uint_const_int_bool_stream_la_8, i16 %RunSubbandRealtimeTopCoreQ610_stream_stream_ap_uint_const_int_bool_stream_la_11, i16 %RunSubbandRealtimeTopCoreQ610_stream_stream_ap_uint_const_int_bool_stream_la_10, i16 %RunSubbandRealtimeTopCoreQ610_stream_stream_ap_uint_const_int_bool_stream_la_7, i16 %RunSubbandRealtimeTopCoreQ610_stream_stream_ap_uint_const_int_bool_stream_la_6, i16 %RunSubbandRealtimeTopCoreQ610_stream_stream_ap_uint_const_int_bool_stream_la_3, i16 %RunSubbandRealtimeTopCoreQ610_stream_stream_ap_uint_const_int_bool_stream_la_2, i16 %RunSubbandRealtimeTopCoreQ610_stream_stream_ap_uint_const_int_bool_stream_la_5, i16 %RunSubbandRealtimeTopCoreQ610_stream_stream_ap_uint_const_int_bool_stream_la_4, i16 %RunSubbandRealtimeTopCoreQ610_stream_stream_ap_uint_const_int_bool_stream_la_1, i16 %RunSubbandRealtimeTopCoreQ610_stream_stream_ap_uint_const_int_bool_stream_la, i512 %RunSubbandRealtimeTopCoreQ610_stream_stream_ap_uint_const_int_bool_stream_pr, i16 %RunSubbandRealtimeTopCoreQ610_stream_stream_ap_uint_const_int_bool_stream_pr_8, i16 %RunSubbandRealtimeTopCoreQ610_stream_stream_ap_uint_const_int_bool_stream_pr_7, i16 %RunSubbandRealtimeTopCoreQ610_stream_stream_ap_uint_const_int_bool_stream_pr_6, i16 %RunSubbandRealtimeTopCoreQ610_stream_stream_ap_uint_const_int_bool_stream_pr_5, i16 %RunSubbandRealtimeTopCoreQ610_stream_stream_ap_uint_const_int_bool_stream_pr_4, i16 %RunSubbandRealtimeTopCoreQ610_stream_stream_ap_uint_const_int_bool_stream_pr_3, i16 %RunSubbandRealtimeTopCoreQ610_stream_stream_ap_uint_const_int_bool_stream_pr_2, i16 %RunSubbandRealtimeTopCoreQ610_stream_stream_ap_uint_const_int_bool_stream_pr_1, i16 %output_chunk" [H:/subband_ref_q610_opt_stage4_latency_stepL2.cpp:3178->H:/subband_ref_q610_opt_stage4_latency_stepL2.cpp:3358]   --->   Operation 84 'call' 'call_ln3178' <Predicate = true> <Delay = 0.00> <CoreType = "Generic">   --->   Core 0 '' <Latency = 0> <II = 1> <Delay = 1.00> <Generic> <Opcode : >

State 11 <SV = 10> <Delay = 1.65>
ST_11 : Operation 85 [2/2] (1.65ns)   --->   "%call_ln3183 = call void @(anonymous namespace)EmitRealtimeOutputChunkQ610, i3 %frames_1, i16 %df_coef_stream_V_data_V, i2 %df_coef_stream_V_keep_V, i2 %df_coef_stream_V_strb_V, i1 %df_coef_stream_V_last_V, i16 %output_chunk" [H:/subband_ref_q610_opt_stage4_latency_stepL2.cpp:3183->H:/subband_ref_q610_opt_stage4_latency_stepL2.cpp:3358]   --->   Operation 85 'call' 'call_ln3183' <Predicate = true> <Delay = 1.65> <CoreType = "Generic">   --->   Core 0 '' <Latency = 0> <II = 1> <Delay = 1.00> <Generic> <Opcode : >

State 12 <SV = 11> <Delay = 0.00>
ST_12 : Operation 86 [1/2] (0.00ns)   --->   "%call_ln3183 = call void @(anonymous namespace)EmitRealtimeOutputChunkQ610, i3 %frames_1, i16 %df_coef_stream_V_data_V, i2 %df_coef_stream_V_keep_V, i2 %df_coef_stream_V_strb_V, i1 %df_coef_stream_V_last_V, i16 %output_chunk" [H:/subband_ref_q610_opt_stage4_latency_stepL2.cpp:3183->H:/subband_ref_q610_opt_stage4_latency_stepL2.cpp:3358]   --->   Operation 86 'call' 'call_ln3183' <Predicate = true> <Delay = 0.00> <CoreType = "Generic">   --->   Core 0 '' <Latency = 0> <II = 1> <Delay = 1.00> <Generic> <Opcode : >

State 13 <SV = 12> <Delay = 0.00>
ST_13 : Operation 87 [1/1] (0.00ns)   --->   "%ret_ln3360 = ret" [H:/subband_ref_q610_opt_stage4_latency_stepL2.cpp:3360]   --->   Operation 87 'ret' 'ret_ln3360' <Predicate = true> <Delay = 0.00>


============================================================
+ Verbose Summary: Timing violations
============================================================
Target clock period: 10.000ns, clock uncertainty: 2.700ns.

 <State 1>: 0.000ns
The critical path consists of the following:

 <State 2>: 5.236ns
The critical path consists of the following:
	s_axi read operation ('num_frames_read', H:/subband_ref_q610_opt_stage4_latency_stepL2.cpp:3342) on port 'num_frames' (H:/subband_ref_q610_opt_stage4_latency_stepL2.cpp:3342) [54]  (1.000 ns)
	'select' operation 31 bit ('frames', H:/subband_ref_q610_opt_stage4_latency_stepL2.cpp:2396->H:/subband_ref_q610_opt_stage4_latency_stepL2.cpp:3163->H:/subband_ref_q610_opt_stage4_latency_stepL2.cpp:3358) [105]  (0.733 ns)
	'icmp' operation 1 bit ('icmp_ln2399', H:/subband_ref_q610_opt_stage4_latency_stepL2.cpp:2399->H:/subband_ref_q610_opt_stage4_latency_stepL2.cpp:3163->H:/subband_ref_q610_opt_stage4_latency_stepL2.cpp:3358) [107]  (2.522 ns)
	'select' operation 3 bit ('frames', H:/subband_ref_q610_opt_stage4_latency_stepL2.cpp:2399->H:/subband_ref_q610_opt_stage4_latency_stepL2.cpp:3163->H:/subband_ref_q610_opt_stage4_latency_stepL2.cpp:3358) [108]  (0.980 ns)

 <State 3>: 0.000ns
The critical path consists of the following:

 <State 4>: 0.000ns
The critical path consists of the following:

 <State 5>: 4.131ns
The critical path consists of the following:
	'call' operation 0 bit ('call_ln3170', H:/subband_ref_q610_opt_stage4_latency_stepL2.cpp:3170->H:/subband_ref_q610_opt_stage4_latency_stepL2.cpp:3358) to '(anonymous namespace)RunRealtimeBandQ610' [118]  (4.131 ns)

 <State 6>: 0.000ns
The critical path consists of the following:

 <State 7>: 4.131ns
The critical path consists of the following:
	'call' operation 0 bit ('call_ln3174', H:/subband_ref_q610_opt_stage4_latency_stepL2.cpp:3174->H:/subband_ref_q610_opt_stage4_latency_stepL2.cpp:3358) to '(anonymous namespace)RunRealtimeBandQ610' [119]  (4.131 ns)

 <State 8>: 0.000ns
The critical path consists of the following:

 <State 9>: 4.131ns
The critical path consists of the following:
	'call' operation 0 bit ('call_ln3178', H:/subband_ref_q610_opt_stage4_latency_stepL2.cpp:3178->H:/subband_ref_q610_opt_stage4_latency_stepL2.cpp:3358) to '(anonymous namespace)RunRealtimeBandQ610' [120]  (4.131 ns)

 <State 10>: 0.000ns
The critical path consists of the following:

 <State 11>: 1.650ns
The critical path consists of the following:
	'call' operation 0 bit ('call_ln3183', H:/subband_ref_q610_opt_stage4_latency_stepL2.cpp:3183->H:/subband_ref_q610_opt_stage4_latency_stepL2.cpp:3358) to '(anonymous namespace)EmitRealtimeOutputChunkQ610' [121]  (1.650 ns)

 <State 12>: 0.000ns
The critical path consists of the following:

 <State 13>: 0.000ns
The critical path consists of the following:


============================================================
+ Verbose Summary: Binding
============================================================
N/A
* FSMD analyzer results:
  - Output states:
 - Input state : 
  - Chain level:
	State 1
	State 2
	State 3
	State 4
	State 5
	State 6
	State 7
	State 8
	State 9
	State 10
	State 11
	State 12
	State 13


============================================================
+ Verbose Summary: Datapath Resource usage 
============================================================
N/A
