H:\subband_q610_realtime_hls\solution1\.autopilot\db\subband_ref_q610_opt_stage4_latency_stepL2.pp.0.cpp:2472:7: warning: Added loop label VITIS_LOOP_1207_1:   [xilinx-label-all-loops]
      for (i = 0; i < __N - 1; ++i) {
      ^~~
      VITIS_LOOP_1207_1: 
H:\subband_q610_realtime_hls\solution1\.autopilot\db\subband_ref_q610_opt_stage4_latency_stepL2.pp.0.cpp:2472:7: note: FIX-IT applied suggested code changes
H:\subband_q610_realtime_hls\solution1\.autopilot\db\subband_ref_q610_opt_stage4_latency_stepL2.pp.0.cpp:3446:5: warning: Added loop label VITIS_LOOP_676_1:   [xilinx-label-all-loops]
    for (unsigned i = low; i != high; ++i) {
    ^~~
    VITIS_LOOP_676_1: 
H:\subband_q610_realtime_hls\solution1\.autopilot\db\subband_ref_q610_opt_stage4_latency_stepL2.pp.0.cpp:3446:5: note: FIX-IT applied suggested code changes
H:\subband_q610_realtime_hls\solution1\.autopilot\db\subband_ref_q610_opt_stage4_latency_stepL2.pp.0.cpp:3460:5: warning: Added loop label VITIS_LOOP_690_1:   [xilinx-label-all-loops]
    for (unsigned i = low; i != high; ++i) {
    ^~~
    VITIS_LOOP_690_1: 
H:\subband_q610_realtime_hls\solution1\.autopilot\db\subband_ref_q610_opt_stage4_latency_stepL2.pp.0.cpp:3460:5: note: FIX-IT applied suggested code changes
H:\subband_q610_realtime_hls\solution1\.autopilot\db\subband_ref_q610_opt_stage4_latency_stepL2.pp.0.cpp:3474:5: warning: Added loop label VITIS_LOOP_704_1:   [xilinx-label-all-loops]
    for (unsigned i = low; i != high; ++i) {
    ^~~
    VITIS_LOOP_704_1: 
H:\subband_q610_realtime_hls\solution1\.autopilot\db\subband_ref_q610_opt_stage4_latency_stepL2.pp.0.cpp:3474:5: note: FIX-IT applied suggested code changes
H:\subband_q610_realtime_hls\solution1\.autopilot\db\subband_ref_q610_opt_stage4_latency_stepL2.pp.0.cpp:5103:7: warning: Added loop label VITIS_LOOP_1247_1:   [xilinx-label-all-loops]
      for (i = 0; i < __N - 1; ++i) {
      ^~~
      VITIS_LOOP_1247_1: 
H:\subband_q610_realtime_hls\solution1\.autopilot\db\subband_ref_q610_opt_stage4_latency_stepL2.pp.0.cpp:5103:7: note: FIX-IT applied suggested code changes
H:\subband_q610_realtime_hls\solution1\.autopilot\db\subband_ref_q610_opt_stage4_latency_stepL2.pp.0.cpp:33489:3: warning: Added loop label VITIS_LOOP_67_1:   [xilinx-label-all-loops]
  for (int index = 0; index < N; ++index) {
  ^~~
  VITIS_LOOP_67_1: 
H:\subband_q610_realtime_hls\solution1\.autopilot\db\subband_ref_q610_opt_stage4_latency_stepL2.pp.0.cpp:33489:3: note: FIX-IT applied suggested code changes
H:\subband_q610_realtime_hls\solution1\.autopilot\db\subband_ref_q610_opt_stage4_latency_stepL2.pp.0.cpp:33497:3: warning: Added loop label VITIS_LOOP_75_1:   [xilinx-label-all-loops]
  for (int index = 0; index < N; ++index) {
  ^~~
  VITIS_LOOP_75_1: 
H:\subband_q610_realtime_hls\solution1\.autopilot\db\subband_ref_q610_opt_stage4_latency_stepL2.pp.0.cpp:33497:3: note: FIX-IT applied suggested code changes
H:\subband_q610_realtime_hls\solution1\.autopilot\db\subband_ref_q610_opt_stage4_latency_stepL2.pp.0.cpp:33505:3: warning: Added loop label VITIS_LOOP_83_1:   [xilinx-label-all-loops]
  for (int index = 0; index < N; ++index) {
  ^~~
  VITIS_LOOP_83_1: 
H:\subband_q610_realtime_hls\solution1\.autopilot\db\subband_ref_q610_opt_stage4_latency_stepL2.pp.0.cpp:33505:3: note: FIX-IT applied suggested code changes
H:\subband_q610_realtime_hls\solution1\.autopilot\db\subband_ref_q610_opt_stage4_latency_stepL2.pp.0.cpp:33514:3: warning: Added loop label VITIS_LOOP_92_1:   [xilinx-label-all-loops]
  for (int index = 0; index < vector_size; ++index) {
  ^~~
  VITIS_LOOP_92_1: 
H:\subband_q610_realtime_hls\solution1\.autopilot\db\subband_ref_q610_opt_stage4_latency_stepL2.pp.0.cpp:33514:3: note: FIX-IT applied suggested code changes
H:\subband_q610_realtime_hls\solution1\.autopilot\db\subband_ref_q610_opt_stage4_latency_stepL2.pp.0.cpp:33523:3: warning: Added loop label VITIS_LOOP_101_1:   [xilinx-label-all-loops]
  for (int index = 0; index < vector_size; ++index) {
  ^~~
  VITIS_LOOP_101_1: 
H:\subband_q610_realtime_hls\solution1\.autopilot\db\subband_ref_q610_opt_stage4_latency_stepL2.pp.0.cpp:33523:3: note: FIX-IT applied suggested code changes
H:\subband_q610_realtime_hls\solution1\.autopilot\db\subband_ref_q610_opt_stage4_latency_stepL2.pp.0.cpp:33630:3: warning: Added loop label VITIS_LOOP_208_1:   [xilinx-label-all-loops]
  for (int segment = 0; segment < kSigmoidPwlSegmentCount; ++segment) {
  ^~~
  VITIS_LOOP_208_1: 
H:\subband_q610_realtime_hls\solution1\.autopilot\db\subband_ref_q610_opt_stage4_latency_stepL2.pp.0.cpp:33630:3: note: FIX-IT applied suggested code changes
H:\subband_q610_realtime_hls\solution1\.autopilot\db\subband_ref_q610_opt_stage4_latency_stepL2.pp.0.cpp:33665:3: warning: Added loop label VITIS_LOOP_243_1:   [xilinx-label-all-loops]
  for (int reflect_iter = 0; reflect_iter < (2 * kNumFreqs); ++reflect_iter) {
  ^~~
  VITIS_LOOP_243_1: 
H:\subband_q610_realtime_hls\solution1\.autopilot\db\subband_ref_q610_opt_stage4_latency_stepL2.pp.0.cpp:33665:3: note: FIX-IT applied suggested code changes
H:\subband_q610_realtime_hls\solution1\.autopilot\db\subband_ref_q610_opt_stage4_latency_stepL2.pp.0.cpp:33725:3: warning: Added loop label VITIS_LOOP_303_1:   [xilinx-label-all-loops]
  for (std::size_t index = 0; index < element_count; ++index) {
  ^~~
  VITIS_LOOP_303_1: 
H:\subband_q610_realtime_hls\solution1\.autopilot\db\subband_ref_q610_opt_stage4_latency_stepL2.pp.0.cpp:33725:3: note: FIX-IT applied suggested code changes
H:\subband_q610_realtime_hls\solution1\.autopilot\db\subband_ref_q610_opt_stage4_latency_stepL2.pp.0.cpp:33741:3: warning: Added loop label VITIS_LOOP_319_1:   [xilinx-label-all-loops]
  for (int batch_index = 0; batch_index < batch_size; ++batch_index) {
  ^~~
  VITIS_LOOP_319_1: 
H:\subband_q610_realtime_hls\solution1\.autopilot\db\subband_ref_q610_opt_stage4_latency_stepL2.pp.0.cpp:33741:3: note: FIX-IT applied suggested code changes
H:\subband_q610_realtime_hls\solution1\.autopilot\db\subband_ref_q610_opt_stage4_latency_stepL2.pp.0.cpp:33742:5: warning: Added loop label VITIS_LOOP_320_2:   [xilinx-label-all-loops]
    for (int subband_index = 0; subband_index < spec.num_subbands; ++subband_index) {
    ^~~
    VITIS_LOOP_320_2: 
H:\subband_q610_realtime_hls\solution1\.autopilot\db\subband_ref_q610_opt_stage4_latency_stepL2.pp.0.cpp:33742:5: note: FIX-IT applied suggested code changes
H:\subband_q610_realtime_hls\solution1\.autopilot\db\subband_ref_q610_opt_stage4_latency_stepL2.pp.0.cpp:33744:7: warning: Added loop label VITIS_LOOP_322_3:   [xilinx-label-all-loops]
      for (int sb_freq_index = 0; sb_freq_index < freq_size; ++sb_freq_index) {
      ^~~
      VITIS_LOOP_322_3: 
H:\subband_q610_realtime_hls\solution1\.autopilot\db\subband_ref_q610_opt_stage4_latency_stepL2.pp.0.cpp:33744:7: note: FIX-IT applied suggested code changes
H:\subband_q610_realtime_hls\solution1\.autopilot\db\subband_ref_q610_opt_stage4_latency_stepL2.pp.0.cpp:33747:9: warning: Added loop label VITIS_LOOP_325_4:   [xilinx-label-all-loops]
        for (int frame_index = 0; frame_index < num_frames; ++frame_index) {
        ^~~
        VITIS_LOOP_325_4: 
H:\subband_q610_realtime_hls\solution1\.autopilot\db\subband_ref_q610_opt_stage4_latency_stepL2.pp.0.cpp:33747:9: note: FIX-IT applied suggested code changes
H:\subband_q610_realtime_hls\solution1\.autopilot\db\subband_ref_q610_opt_stage4_latency_stepL2.pp.0.cpp:33772:3: warning: Added loop label VITIS_LOOP_350_1:   [xilinx-label-all-loops]
  for (int batch_index = 0; batch_index < batch_size; ++batch_index) {
  ^~~
  VITIS_LOOP_350_1: 
H:\subband_q610_realtime_hls\solution1\.autopilot\db\subband_ref_q610_opt_stage4_latency_stepL2.pp.0.cpp:33772:3: note: FIX-IT applied suggested code changes
H:\subband_q610_realtime_hls\solution1\.autopilot\db\subband_ref_q610_opt_stage4_latency_stepL2.pp.0.cpp:33773:5: warning: Added loop label VITIS_LOOP_351_2:   [xilinx-label-all-loops]
    for (int subband_index = 0; subband_index < spec.num_subbands; ++subband_index) {
    ^~~
    VITIS_LOOP_351_2: 
H:\subband_q610_realtime_hls\solution1\.autopilot\db\subband_ref_q610_opt_stage4_latency_stepL2.pp.0.cpp:33773:5: note: FIX-IT applied suggested code changes
H:\subband_q610_realtime_hls\solution1\.autopilot\db\subband_ref_q610_opt_stage4_latency_stepL2.pp.0.cpp:33774:7: warning: Added loop label VITIS_LOOP_352_3:   [xilinx-label-all-loops]
      for (int freq_index = 0; freq_index < spec.noisy_freq_size; ++freq_index) {
      ^~~
      VITIS_LOOP_352_3: 
H:\subband_q610_realtime_hls\solution1\.autopilot\db\subband_ref_q610_opt_stage4_latency_stepL2.pp.0.cpp:33774:7: note: FIX-IT applied suggested code changes
H:\subband_q610_realtime_hls\solution1\.autopilot\db\subband_ref_q610_opt_stage4_latency_stepL2.pp.0.cpp:33775:9: warning: Added loop label VITIS_LOOP_353_4:   [xilinx-label-all-loops]
        for (int frame_index = 0; frame_index < num_frames; ++frame_index) {
        ^~~
        VITIS_LOOP_353_4: 
H:\subband_q610_realtime_hls\solution1\.autopilot\db\subband_ref_q610_opt_stage4_latency_stepL2.pp.0.cpp:33775:9: note: FIX-IT applied suggested code changes
H:\subband_q610_realtime_hls\solution1\.autopilot\db\subband_ref_q610_opt_stage4_latency_stepL2.pp.0.cpp:33796:7: warning: Added loop label VITIS_LOOP_374_5:   [xilinx-label-all-loops]
      for (int freq_index = 0; freq_index < spec.fb_freq_size; ++freq_index) {
      ^~~
      VITIS_LOOP_374_5: 
H:\subband_q610_realtime_hls\solution1\.autopilot\db\subband_ref_q610_opt_stage4_latency_stepL2.pp.0.cpp:33796:7: note: FIX-IT applied suggested code changes
H:\subband_q610_realtime_hls\solution1\.autopilot\db\subband_ref_q610_opt_stage4_latency_stepL2.pp.0.cpp:33797:9: warning: Added loop label VITIS_LOOP_375_6:   [xilinx-label-all-loops]
        for (int frame_index = 0; frame_index < num_frames; ++frame_index) {
        ^~~
        VITIS_LOOP_375_6: 
H:\subband_q610_realtime_hls\solution1\.autopilot\db\subband_ref_q610_opt_stage4_latency_stepL2.pp.0.cpp:33797:9: note: FIX-IT applied suggested code changes
H:\subband_q610_realtime_hls\solution1\.autopilot\db\subband_ref_q610_opt_stage4_latency_stepL2.pp.0.cpp:33828:3: warning: Added loop label VITIS_LOOP_406_1:   [xilinx-label-all-loops]
  for (int batch_index = 0; batch_index < batch_size; ++batch_index) {
  ^~~
  VITIS_LOOP_406_1: 
H:\subband_q610_realtime_hls\solution1\.autopilot\db\subband_ref_q610_opt_stage4_latency_stepL2.pp.0.cpp:33828:3: note: FIX-IT applied suggested code changes
H:\subband_q610_realtime_hls\solution1\.autopilot\db\subband_ref_q610_opt_stage4_latency_stepL2.pp.0.cpp:33829:5: warning: Added loop label VITIS_LOOP_407_2:   [xilinx-label-all-loops]
    for (int subband_index = 0; subband_index < spec.num_subbands; ++subband_index) {
    ^~~
    VITIS_LOOP_407_2: 
H:\subband_q610_realtime_hls\solution1\.autopilot\db\subband_ref_q610_opt_stage4_latency_stepL2.pp.0.cpp:33829:5: note: FIX-IT applied suggested code changes
H:\subband_q610_realtime_hls\solution1\.autopilot\db\subband_ref_q610_opt_stage4_latency_stepL2.pp.0.cpp:33831:7: warning: Added loop label VITIS_LOOP_409_3:   [xilinx-label-all-loops]
      for (int freq_index = 0; freq_index < spec.packed_input_size; ++freq_index) {
      ^~~
      VITIS_LOOP_409_3: 
H:\subband_q610_realtime_hls\solution1\.autopilot\db\subband_ref_q610_opt_stage4_latency_stepL2.pp.0.cpp:33831:7: note: FIX-IT applied suggested code changes
H:\subband_q610_realtime_hls\solution1\.autopilot\db\subband_ref_q610_opt_stage4_latency_stepL2.pp.0.cpp:33832:9: warning: Added loop label VITIS_LOOP_410_4:   [xilinx-label-all-loops]
        for (int frame_index = 0; frame_index < num_frames; ++frame_index) {
        ^~~
        VITIS_LOOP_410_4: 
H:\subband_q610_realtime_hls\solution1\.autopilot\db\subband_ref_q610_opt_stage4_latency_stepL2.pp.0.cpp:33832:9: note: FIX-IT applied suggested code changes
H:\subband_q610_realtime_hls\solution1\.autopilot\db\subband_ref_q610_opt_stage4_latency_stepL2.pp.0.cpp:33859:3: warning: Added loop label VITIS_LOOP_437_1:   [xilinx-label-all-loops]
  for (int sample_index = 0; sample_index < batch_subbands; ++sample_index) {
  ^~~
  VITIS_LOOP_437_1: 
H:\subband_q610_realtime_hls\solution1\.autopilot\db\subband_ref_q610_opt_stage4_latency_stepL2.pp.0.cpp:33859:3: note: FIX-IT applied suggested code changes
H:\subband_q610_realtime_hls\solution1\.autopilot\db\subband_ref_q610_opt_stage4_latency_stepL2.pp.0.cpp:33860:5: warning: Added loop label VITIS_LOOP_438_2:   [xilinx-label-all-loops]
    for (int feature_index = 0; feature_index < feature_size; ++feature_index) {
    ^~~
    VITIS_LOOP_438_2: 
H:\subband_q610_realtime_hls\solution1\.autopilot\db\subband_ref_q610_opt_stage4_latency_stepL2.pp.0.cpp:33860:5: note: FIX-IT applied suggested code changes
H:\subband_q610_realtime_hls\solution1\.autopilot\db\subband_ref_q610_opt_stage4_latency_stepL2.pp.0.cpp:33861:7: warning: Added loop label VITIS_LOOP_439_3:   [xilinx-label-all-loops]
      for (int frame_index = 0; frame_index < num_frames; ++frame_index) {
      ^~~
      VITIS_LOOP_439_3: 
H:\subband_q610_realtime_hls\solution1\.autopilot\db\subband_ref_q610_opt_stage4_latency_stepL2.pp.0.cpp:33861:7: note: FIX-IT applied suggested code changes
H:\subband_q610_realtime_hls\solution1\.autopilot\db\subband_ref_q610_opt_stage4_latency_stepL2.pp.0.cpp:33880:3: warning: Added loop label VITIS_LOOP_458_1:   [xilinx-label-all-loops]
  for (int batch_index = 0; batch_index < batch_size; ++batch_index) {
  ^~~
  VITIS_LOOP_458_1: 
H:\subband_q610_realtime_hls\solution1\.autopilot\db\subband_ref_q610_opt_stage4_latency_stepL2.pp.0.cpp:33880:3: note: FIX-IT applied suggested code changes
H:\subband_q610_realtime_hls\solution1\.autopilot\db\subband_ref_q610_opt_stage4_latency_stepL2.pp.0.cpp:33881:5: warning: Added loop label VITIS_LOOP_459_2:   [xilinx-label-all-loops]
    for (int subband_index = 0; subband_index < spec.num_subbands; ++subband_index) {
    ^~~
    VITIS_LOOP_459_2: 
H:\subband_q610_realtime_hls\solution1\.autopilot\db\subband_ref_q610_opt_stage4_latency_stepL2.pp.0.cpp:33881:5: note: FIX-IT applied suggested code changes
H:\subband_q610_realtime_hls\solution1\.autopilot\db\subband_ref_q610_opt_stage4_latency_stepL2.pp.0.cpp:33883:7: warning: Added loop label VITIS_LOOP_461_3:   [xilinx-label-all-loops]
      for (int feature_index = 0; feature_index < spec.packed_input_size; ++feature_index) {
      ^~~
      VITIS_LOOP_461_3: 
H:\subband_q610_realtime_hls\solution1\.autopilot\db\subband_ref_q610_opt_stage4_latency_stepL2.pp.0.cpp:33883:7: note: FIX-IT applied suggested code changes
H:\subband_q610_realtime_hls\solution1\.autopilot\db\subband_ref_q610_opt_stage4_latency_stepL2.pp.0.cpp:33884:9: warning: Added loop label VITIS_LOOP_462_4:   [xilinx-label-all-loops]
        for (int frame_index = 0; frame_index < num_frames; ++frame_index) {
        ^~~
        VITIS_LOOP_462_4: 
H:\subband_q610_realtime_hls\solution1\.autopilot\db\subband_ref_q610_opt_stage4_latency_stepL2.pp.0.cpp:33884:9: note: FIX-IT applied suggested code changes
H:\subband_q610_realtime_hls\solution1\.autopilot\db\subband_ref_q610_opt_stage4_latency_stepL2.pp.0.cpp:33923:3: warning: Added loop label VITIS_LOOP_501_1:   [xilinx-label-all-loops]
  for (int hidden_index = 0; hidden_index < kSbHiddenSize; ++hidden_index) {
  ^~~
  VITIS_LOOP_501_1: 
H:\subband_q610_realtime_hls\solution1\.autopilot\db\subband_ref_q610_opt_stage4_latency_stepL2.pp.0.cpp:33923:3: note: FIX-IT applied suggested code changes
H:\subband_q610_realtime_hls\solution1\.autopilot\db\subband_ref_q610_opt_stage4_latency_stepL2.pp.0.cpp:33929:3: warning: Added loop label VITIS_LOOP_507_2:   [xilinx-label-all-loops]
  for (int hidden_index = 0; hidden_index < kSbHiddenSize; ++hidden_index) {
  ^~~
  VITIS_LOOP_507_2: 
H:\subband_q610_realtime_hls\solution1\.autopilot\db\subband_ref_q610_opt_stage4_latency_stepL2.pp.0.cpp:33929:3: note: FIX-IT applied suggested code changes
H:\subband_q610_realtime_hls\solution1\.autopilot\db\subband_ref_q610_opt_stage4_latency_stepL2.pp.0.cpp:33935:5: warning: Added loop label VITIS_LOOP_513_3:   [xilinx-label-all-loops]
    for (int input_index = 0; input_index < input_size; input_index += 2) {
    ^~~
    VITIS_LOOP_513_3: 
H:\subband_q610_realtime_hls\solution1\.autopilot\db\subband_ref_q610_opt_stage4_latency_stepL2.pp.0.cpp:33935:5: note: FIX-IT applied suggested code changes
H:\subband_q610_realtime_hls\solution1\.autopilot\db\subband_ref_q610_opt_stage4_latency_stepL2.pp.0.cpp:33947:5: warning: Added loop label VITIS_LOOP_525_4:   [xilinx-label-all-loops]
    for (int recurrent_index = 0; recurrent_index < kSbHiddenSize; recurrent_index += 2) {
    ^~~
    VITIS_LOOP_525_4: 
H:\subband_q610_realtime_hls\solution1\.autopilot\db\subband_ref_q610_opt_stage4_latency_stepL2.pp.0.cpp:33947:5: note: FIX-IT applied suggested code changes
H:\subband_q610_realtime_hls\solution1\.autopilot\db\subband_ref_q610_opt_stage4_latency_stepL2.pp.0.cpp:33997:3: warning: Added loop label VITIS_LOOP_575_1:   [xilinx-label-all-loops]
  for (int frame_index = 0; frame_index < num_frames; ++frame_index) {
  ^~~
  VITIS_LOOP_575_1: 
H:\subband_q610_realtime_hls\solution1\.autopilot\db\subband_ref_q610_opt_stage4_latency_stepL2.pp.0.cpp:33997:3: note: FIX-IT applied suggested code changes
H:\subband_q610_realtime_hls\solution1\.autopilot\db\subband_ref_q610_opt_stage4_latency_stepL2.pp.0.cpp:33998:5: warning: Added loop label VITIS_LOOP_576_2:   [xilinx-label-all-loops]
    for (int sample_index = 0; sample_index < batch_subbands; ++sample_index) {
    ^~~
    VITIS_LOOP_576_2: 
H:\subband_q610_realtime_hls\solution1\.autopilot\db\subband_ref_q610_opt_stage4_latency_stepL2.pp.0.cpp:33998:5: note: FIX-IT applied suggested code changes
H:\subband_q610_realtime_hls\solution1\.autopilot\db\subband_ref_q610_opt_stage4_latency_stepL2.pp.0.cpp:34068:3: warning: Added loop label VITIS_LOOP_646_1:   [xilinx-label-all-loops]
  for (int frame_index = 0; frame_index < num_frames; ++frame_index) {
  ^~~
  VITIS_LOOP_646_1: 
H:\subband_q610_realtime_hls\solution1\.autopilot\db\subband_ref_q610_opt_stage4_latency_stepL2.pp.0.cpp:34068:3: note: FIX-IT applied suggested code changes
H:\subband_q610_realtime_hls\solution1\.autopilot\db\subband_ref_q610_opt_stage4_latency_stepL2.pp.0.cpp:34069:5: warning: Added loop label VITIS_LOOP_647_2:   [xilinx-label-all-loops]
    for (int batch_index = 0; batch_index < batch_size; ++batch_index) {
    ^~~
    VITIS_LOOP_647_2: 
H:\subband_q610_realtime_hls\solution1\.autopilot\db\subband_ref_q610_opt_stage4_latency_stepL2.pp.0.cpp:34069:5: note: FIX-IT applied suggested code changes
H:\subband_q610_realtime_hls\solution1\.autopilot\db\subband_ref_q610_opt_stage4_latency_stepL2.pp.0.cpp:34070:7: warning: Added loop label VITIS_LOOP_648_3:   [xilinx-label-all-loops]
      for (int subband_index = 0; subband_index < spec.num_subbands; ++subband_index) {
      ^~~
      VITIS_LOOP_648_3: 
H:\subband_q610_realtime_hls\solution1\.autopilot\db\subband_ref_q610_opt_stage4_latency_stepL2.pp.0.cpp:34070:7: note: FIX-IT applied suggested code changes
H:\subband_q610_realtime_hls\solution1\.autopilot\db\subband_ref_q610_opt_stage4_latency_stepL2.pp.0.cpp:34075:9: warning: Added loop label VITIS_LOOP_653_4:   [xilinx-label-all-loops]
        for (int feature_index = 0; feature_index < spec.packed_input_size; ++feature_index) {
        ^~~
        VITIS_LOOP_653_4: 
H:\subband_q610_realtime_hls\solution1\.autopilot\db\subband_ref_q610_opt_stage4_latency_stepL2.pp.0.cpp:34075:9: note: FIX-IT applied suggested code changes
H:\subband_q610_realtime_hls\solution1\.autopilot\db\subband_ref_q610_opt_stage4_latency_stepL2.pp.0.cpp:34094:9: warning: Added loop label VITIS_LOOP_672_5:   [xilinx-label-all-loops]
        for (int hidden_index = 0; hidden_index < kSbHiddenSize; ++hidden_index) {
        ^~~
        VITIS_LOOP_672_5: 
H:\subband_q610_realtime_hls\solution1\.autopilot\db\subband_ref_q610_opt_stage4_latency_stepL2.pp.0.cpp:34094:9: note: FIX-IT applied suggested code changes
H:\subband_q610_realtime_hls\solution1\.autopilot\db\subband_ref_q610_opt_stage4_latency_stepL2.pp.0.cpp:34106:9: warning: Added loop label VITIS_LOOP_684_6:   [xilinx-label-all-loops]
        for (int hidden_index = 0; hidden_index < kSbHiddenSize; ++hidden_index) {
        ^~~
        VITIS_LOOP_684_6: 
H:\subband_q610_realtime_hls\solution1\.autopilot\db\subband_ref_q610_opt_stage4_latency_stepL2.pp.0.cpp:34106:9: note: FIX-IT applied suggested code changes
H:\subband_q610_realtime_hls\solution1\.autopilot\db\subband_ref_q610_opt_stage4_latency_stepL2.pp.0.cpp:34126:3: warning: Added loop label VITIS_LOOP_704_1:   [xilinx-label-all-loops]
  for (int frame_index = 0; frame_index < num_frames; ++frame_index) {
  ^~~
  VITIS_LOOP_704_1: 
H:\subband_q610_realtime_hls\solution1\.autopilot\db\subband_ref_q610_opt_stage4_latency_stepL2.pp.0.cpp:34126:3: note: FIX-IT applied suggested code changes
H:\subband_q610_realtime_hls\solution1\.autopilot\db\subband_ref_q610_opt_stage4_latency_stepL2.pp.0.cpp:34127:5: warning: Added loop label VITIS_LOOP_705_2:   [xilinx-label-all-loops]
    for (int sample_index = 0; sample_index < batch_subbands; ++sample_index) {
    ^~~
    VITIS_LOOP_705_2: 
H:\subband_q610_realtime_hls\solution1\.autopilot\db\subband_ref_q610_opt_stage4_latency_stepL2.pp.0.cpp:34127:5: note: FIX-IT applied suggested code changes
H:\subband_q610_realtime_hls\solution1\.autopilot\db\subband_ref_q610_opt_stage4_latency_stepL2.pp.0.cpp:34130:7: warning: Added loop label VITIS_LOOP_708_3:   [xilinx-label-all-loops]
      for (int proj_index = 0; proj_index < proj_size; ++proj_index) {
      ^~~
      VITIS_LOOP_708_3: 
H:\subband_q610_realtime_hls\solution1\.autopilot\db\subband_ref_q610_opt_stage4_latency_stepL2.pp.0.cpp:34130:7: note: FIX-IT applied suggested code changes
H:\subband_q610_realtime_hls\solution1\.autopilot\db\subband_ref_q610_opt_stage4_latency_stepL2.pp.0.cpp:34135:9: warning: Added loop label VITIS_LOOP_713_4:   [xilinx-label-all-loops]
        for (int hidden_index = 0; hidden_index < kSbHiddenSize; ++hidden_index) {
        ^~~
        VITIS_LOOP_713_4: 
H:\subband_q610_realtime_hls\solution1\.autopilot\db\subband_ref_q610_opt_stage4_latency_stepL2.pp.0.cpp:34135:9: note: FIX-IT applied suggested code changes
H:\subband_q610_realtime_hls\solution1\.autopilot\db\subband_ref_q610_opt_stage4_latency_stepL2.pp.0.cpp:34157:3: warning: Added loop label VITIS_LOOP_735_1:   [xilinx-label-all-loops]
  for (int batch_index = 0; batch_index < batch_size; ++batch_index) {
  ^~~
  VITIS_LOOP_735_1: 
H:\subband_q610_realtime_hls\solution1\.autopilot\db\subband_ref_q610_opt_stage4_latency_stepL2.pp.0.cpp:34157:3: note: FIX-IT applied suggested code changes
H:\subband_q610_realtime_hls\solution1\.autopilot\db\subband_ref_q610_opt_stage4_latency_stepL2.pp.0.cpp:34158:5: warning: Added loop label VITIS_LOOP_736_2:   [xilinx-label-all-loops]
    for (int subband_index = 0; subband_index < spec.num_subbands; ++subband_index) {
    ^~~
    VITIS_LOOP_736_2: 
H:\subband_q610_realtime_hls\solution1\.autopilot\db\subband_ref_q610_opt_stage4_latency_stepL2.pp.0.cpp:34158:5: note: FIX-IT applied suggested code changes
H:\subband_q610_realtime_hls\solution1\.autopilot\db\subband_ref_q610_opt_stage4_latency_stepL2.pp.0.cpp:34160:7: warning: Added loop label VITIS_LOOP_738_3:   [xilinx-label-all-loops]
      for (int complex_index = 0; complex_index < 2; ++complex_index) {
      ^~~
      VITIS_LOOP_738_3: 
H:\subband_q610_realtime_hls\solution1\.autopilot\db\subband_ref_q610_opt_stage4_latency_stepL2.pp.0.cpp:34160:7: note: FIX-IT applied suggested code changes
H:\subband_q610_realtime_hls\solution1\.autopilot\db\subband_ref_q610_opt_stage4_latency_stepL2.pp.0.cpp:34161:9: warning: Added loop label VITIS_LOOP_739_4:   [xilinx-label-all-loops]
        for (int ctr_index = 0; ctr_index < spec.ctr_freq; ++ctr_index) {
        ^~~
        VITIS_LOOP_739_4: 
H:\subband_q610_realtime_hls\solution1\.autopilot\db\subband_ref_q610_opt_stage4_latency_stepL2.pp.0.cpp:34161:9: note: FIX-IT applied suggested code changes
H:\subband_q610_realtime_hls\solution1\.autopilot\db\subband_ref_q610_opt_stage4_latency_stepL2.pp.0.cpp:34162:11: warning: Added loop label VITIS_LOOP_740_5:   [xilinx-label-all-loops]
          for (int df_index = 0; df_index < spec.df_order; ++df_index) {
          ^~~
          VITIS_LOOP_740_5: 
H:\subband_q610_realtime_hls\solution1\.autopilot\db\subband_ref_q610_opt_stage4_latency_stepL2.pp.0.cpp:34162:11: note: FIX-IT applied suggested code changes
H:\subband_q610_realtime_hls\solution1\.autopilot\db\subband_ref_q610_opt_stage4_latency_stepL2.pp.0.cpp:34165:13: warning: Added loop label VITIS_LOOP_743_6:   [xilinx-label-all-loops]
            for (int frame_index = 0; frame_index < num_frames; ++frame_index) {
            ^~~
            VITIS_LOOP_743_6: 
H:\subband_q610_realtime_hls\solution1\.autopilot\db\subband_ref_q610_opt_stage4_latency_stepL2.pp.0.cpp:34165:13: note: FIX-IT applied suggested code changes
H:\subband_q610_realtime_hls\solution1\.autopilot\db\subband_ref_q610_opt_stage4_latency_stepL2.pp.0.cpp:34199:3: warning: Added loop label VITIS_LOOP_777_1:   [xilinx-label-all-loops]
  for (int frame_index = 0; frame_index < kFixedNumFrames; ++frame_index) {
  ^~~
  VITIS_LOOP_777_1: 
H:\subband_q610_realtime_hls\solution1\.autopilot\db\subband_ref_q610_opt_stage4_latency_stepL2.pp.0.cpp:34199:3: note: FIX-IT applied suggested code changes
H:\subband_q610_realtime_hls\solution1\.autopilot\db\subband_ref_q610_opt_stage4_latency_stepL2.pp.0.cpp:34201:2: warning: Added loop label VITIS_LOOP_779_2:   [xilinx-label-all-loops]
 for (int subband_index = 0; subband_index < kBand0NumSubbands; ++subband_index) {
 ^~~
 VITIS_LOOP_779_2: 
H:\subband_q610_realtime_hls\solution1\.autopilot\db\subband_ref_q610_opt_stage4_latency_stepL2.pp.0.cpp:34201:2: note: FIX-IT applied suggested code changes
H:\subband_q610_realtime_hls\solution1\.autopilot\db\subband_ref_q610_opt_stage4_latency_stepL2.pp.0.cpp:34203:7: warning: Added loop label VITIS_LOOP_781_3:   [xilinx-label-all-loops]
      for (int noisy_freq_index = 0; noisy_freq_index < kBand0NoisyFreqSize; ++noisy_freq_index) {
      ^~~
      VITIS_LOOP_781_3: 
H:\subband_q610_realtime_hls\solution1\.autopilot\db\subband_ref_q610_opt_stage4_latency_stepL2.pp.0.cpp:34203:7: note: FIX-IT applied suggested code changes
H:\subband_q610_realtime_hls\solution1\.autopilot\db\subband_ref_q610_opt_stage4_latency_stepL2.pp.0.cpp:34211:7: warning: Added loop label VITIS_LOOP_789_4:   [xilinx-label-all-loops]
      for (int fb_freq_index = 0; fb_freq_index < kBand0FbFreqSize; ++fb_freq_index) {
      ^~~
      VITIS_LOOP_789_4: 
H:\subband_q610_realtime_hls\solution1\.autopilot\db\subband_ref_q610_opt_stage4_latency_stepL2.pp.0.cpp:34211:7: note: FIX-IT applied suggested code changes
H:\subband_q610_realtime_hls\solution1\.autopilot\db\subband_ref_q610_opt_stage4_latency_stepL2.pp.0.cpp:34237:3: warning: Added loop label VITIS_LOOP_815_1:   [xilinx-label-all-loops]
  for (int frame_index = 0; frame_index < num_frames; ++frame_index) {
  ^~~
  VITIS_LOOP_815_1: 
H:\subband_q610_realtime_hls\solution1\.autopilot\db\subband_ref_q610_opt_stage4_latency_stepL2.pp.0.cpp:34237:3: note: FIX-IT applied suggested code changes
H:\subband_q610_realtime_hls\solution1\.autopilot\db\subband_ref_q610_opt_stage4_latency_stepL2.pp.0.cpp:34239:2: warning: Added loop label VITIS_LOOP_817_2:   [xilinx-label-all-loops]
 for (int sample_index = 0; sample_index < batch_subbands; ++sample_index) {
 ^~~
 VITIS_LOOP_817_2: 
H:\subband_q610_realtime_hls\solution1\.autopilot\db\subband_ref_q610_opt_stage4_latency_stepL2.pp.0.cpp:34239:2: note: FIX-IT applied suggested code changes
H:\subband_q610_realtime_hls\solution1\.autopilot\db\subband_ref_q610_opt_stage4_latency_stepL2.pp.0.cpp:34268:3: warning: Added loop label VITIS_LOOP_846_1:   [xilinx-label-all-loops]
  for (int frame_index = 0; frame_index < num_frames; ++frame_index) {
  ^~~
  VITIS_LOOP_846_1: 
H:\subband_q610_realtime_hls\solution1\.autopilot\db\subband_ref_q610_opt_stage4_latency_stepL2.pp.0.cpp:34268:3: note: FIX-IT applied suggested code changes
H:\subband_q610_realtime_hls\solution1\.autopilot\db\subband_ref_q610_opt_stage4_latency_stepL2.pp.0.cpp:34270:2: warning: Added loop label VITIS_LOOP_848_2:   [xilinx-label-all-loops]
 for (int sample_index = 0; sample_index < batch_subbands; ++sample_index) {
 ^~~
 VITIS_LOOP_848_2: 
H:\subband_q610_realtime_hls\solution1\.autopilot\db\subband_ref_q610_opt_stage4_latency_stepL2.pp.0.cpp:34270:2: note: FIX-IT applied suggested code changes
H:\subband_q610_realtime_hls\solution1\.autopilot\db\subband_ref_q610_opt_stage4_latency_stepL2.pp.0.cpp:34272:7: warning: Added loop label VITIS_LOOP_850_3:   [xilinx-label-all-loops]
      for (int proj_index = 0; proj_index < proj_size; ++proj_index) {
      ^~~
      VITIS_LOOP_850_3: 
H:\subband_q610_realtime_hls\solution1\.autopilot\db\subband_ref_q610_opt_stage4_latency_stepL2.pp.0.cpp:34272:7: note: FIX-IT applied suggested code changes
H:\subband_q610_realtime_hls\solution1\.autopilot\db\subband_ref_q610_opt_stage4_latency_stepL2.pp.0.cpp:34276:9: warning: Added loop label VITIS_LOOP_854_4:   [xilinx-label-all-loops]
        for (int hidden_index = 0; hidden_index < kSbHiddenSize; ++hidden_index) {
        ^~~
        VITIS_LOOP_854_4: 
H:\subband_q610_realtime_hls\solution1\.autopilot\db\subband_ref_q610_opt_stage4_latency_stepL2.pp.0.cpp:34276:9: note: FIX-IT applied suggested code changes
H:\subband_q610_realtime_hls\solution1\.autopilot\db\subband_ref_q610_opt_stage4_latency_stepL2.pp.0.cpp:34288:2: warning: Added loop label VITIS_LOOP_866_1:   [xilinx-label-all-loops]
 for (int frame_index = 0; frame_index < kFixedNumFrames; ++frame_index) {
 ^~~
 VITIS_LOOP_866_1: 
H:\subband_q610_realtime_hls\solution1\.autopilot\db\subband_ref_q610_opt_stage4_latency_stepL2.pp.0.cpp:34288:2: note: FIX-IT applied suggested code changes
H:\subband_q610_realtime_hls\solution1\.autopilot\db\subband_ref_q610_opt_stage4_latency_stepL2.pp.0.cpp:34290:2: warning: Added loop label VITIS_LOOP_868_2:   [xilinx-label-all-loops]
 for (int subband_index = 0; subband_index < kBand0NumSubbands; ++subband_index) {
 ^~~
 VITIS_LOOP_868_2: 
H:\subband_q610_realtime_hls\solution1\.autopilot\db\subband_ref_q610_opt_stage4_latency_stepL2.pp.0.cpp:34290:2: note: FIX-IT applied suggested code changes
H:\subband_q610_realtime_hls\solution1\.autopilot\db\subband_ref_q610_opt_stage4_latency_stepL2.pp.0.cpp:34291:7: warning: Added loop label VITIS_LOOP_869_3:   [xilinx-label-all-loops]
      for (int feature_index = 0; feature_index < kBand0ProjSize; ++feature_index) {
      ^~~
      VITIS_LOOP_869_3: 
H:\subband_q610_realtime_hls\solution1\.autopilot\db\subband_ref_q610_opt_stage4_latency_stepL2.pp.0.cpp:34291:7: note: FIX-IT applied suggested code changes
H:\subband_q610_realtime_hls\solution1\.autopilot\db\subband_ref_q610_opt_stage4_latency_stepL2.pp.0.cpp:34727:3: warning: Added loop label VITIS_LOOP_1305_1:   [xilinx-label-all-loops]
  for (int hidden_index = 0; hidden_index < kSbHiddenSize; ++hidden_index) {
  ^~~
  VITIS_LOOP_1305_1: 
H:\subband_q610_realtime_hls\solution1\.autopilot\db\subband_ref_q610_opt_stage4_latency_stepL2.pp.0.cpp:34727:3: note: FIX-IT applied suggested code changes
H:\subband_q610_realtime_hls\solution1\.autopilot\db\subband_ref_q610_opt_stage4_latency_stepL2.pp.0.cpp:34732:3: warning: Added loop label VITIS_LOOP_1310_2:   [xilinx-label-all-loops]
  for (int hidden_index = 0; hidden_index < kSbHiddenSize; ++hidden_index) {
  ^~~
  VITIS_LOOP_1310_2: 
H:\subband_q610_realtime_hls\solution1\.autopilot\db\subband_ref_q610_opt_stage4_latency_stepL2.pp.0.cpp:34732:3: note: FIX-IT applied suggested code changes
H:\subband_q610_realtime_hls\solution1\.autopilot\db\subband_ref_q610_opt_stage4_latency_stepL2.pp.0.cpp:34738:5: warning: Added loop label VITIS_LOOP_1316_3:   [xilinx-label-all-loops]
    for (int input_index = 0; input_index < input_size; input_index += 2) {
    ^~~
    VITIS_LOOP_1316_3: 
H:\subband_q610_realtime_hls\solution1\.autopilot\db\subband_ref_q610_opt_stage4_latency_stepL2.pp.0.cpp:34738:5: note: FIX-IT applied suggested code changes
H:\subband_q610_realtime_hls\solution1\.autopilot\db\subband_ref_q610_opt_stage4_latency_stepL2.pp.0.cpp:34750:5: warning: Added loop label VITIS_LOOP_1328_4:   [xilinx-label-all-loops]
    for (int recurrent_index = 0; recurrent_index < kSbHiddenSize; recurrent_index += 2) {
    ^~~
    VITIS_LOOP_1328_4: 
H:\subband_q610_realtime_hls\solution1\.autopilot\db\subband_ref_q610_opt_stage4_latency_stepL2.pp.0.cpp:34750:5: note: FIX-IT applied suggested code changes
H:\subband_q610_realtime_hls\solution1\.autopilot\db\subband_ref_q610_opt_stage4_latency_stepL2.pp.0.cpp:34800:3: warning: Added loop label VITIS_LOOP_1378_1:   [xilinx-label-all-loops]
  for (int frame_index = 0; frame_index < num_frames; ++frame_index) {
  ^~~
  VITIS_LOOP_1378_1: 
H:\subband_q610_realtime_hls\solution1\.autopilot\db\subband_ref_q610_opt_stage4_latency_stepL2.pp.0.cpp:34800:3: note: FIX-IT applied suggested code changes
H:\subband_q610_realtime_hls\solution1\.autopilot\db\subband_ref_q610_opt_stage4_latency_stepL2.pp.0.cpp:34801:5: warning: Added loop label VITIS_LOOP_1379_2:   [xilinx-label-all-loops]
    for (int sample_index = 0; sample_index < batch_subbands; ++sample_index) {
    ^~~
    VITIS_LOOP_1379_2: 
H:\subband_q610_realtime_hls\solution1\.autopilot\db\subband_ref_q610_opt_stage4_latency_stepL2.pp.0.cpp:34801:5: note: FIX-IT applied suggested code changes
H:\subband_q610_realtime_hls\solution1\.autopilot\db\subband_ref_q610_opt_stage4_latency_stepL2.pp.0.cpp:34827:3: warning: Added loop label VITIS_LOOP_1405_1:   [xilinx-label-all-loops]
  for (int frame_index = 0; frame_index < num_frames; ++frame_index) {
  ^~~
  VITIS_LOOP_1405_1: 
H:\subband_q610_realtime_hls\solution1\.autopilot\db\subband_ref_q610_opt_stage4_latency_stepL2.pp.0.cpp:34827:3: note: FIX-IT applied suggested code changes
H:\subband_q610_realtime_hls\solution1\.autopilot\db\subband_ref_q610_opt_stage4_latency_stepL2.pp.0.cpp:34828:5: warning: Added loop label VITIS_LOOP_1406_2:   [xilinx-label-all-loops]
    for (int sample_index = 0; sample_index < batch_subbands; ++sample_index) {
    ^~~
    VITIS_LOOP_1406_2: 
H:\subband_q610_realtime_hls\solution1\.autopilot\db\subband_ref_q610_opt_stage4_latency_stepL2.pp.0.cpp:34828:5: note: FIX-IT applied suggested code changes
H:\subband_q610_realtime_hls\solution1\.autopilot\db\subband_ref_q610_opt_stage4_latency_stepL2.pp.0.cpp:34831:7: warning: Added loop label VITIS_LOOP_1409_3:   [xilinx-label-all-loops]
      for (int proj_index = 0; proj_index < kBand0ProjSize; ++proj_index) {
      ^~~
      VITIS_LOOP_1409_3: 
H:\subband_q610_realtime_hls\solution1\.autopilot\db\subband_ref_q610_opt_stage4_latency_stepL2.pp.0.cpp:34831:7: note: FIX-IT applied suggested code changes
H:\subband_q610_realtime_hls\solution1\.autopilot\db\subband_ref_q610_opt_stage4_latency_stepL2.pp.0.cpp:34835:9: warning: Added loop label VITIS_LOOP_1413_4:   [xilinx-label-all-loops]
        for (int hidden_index = 0; hidden_index < kSbHiddenSize; ++hidden_index) {
        ^~~
        VITIS_LOOP_1413_4: 
H:\subband_q610_realtime_hls\solution1\.autopilot\db\subband_ref_q610_opt_stage4_latency_stepL2.pp.0.cpp:34835:9: note: FIX-IT applied suggested code changes
H:\subband_q610_realtime_hls\solution1\.autopilot\db\subband_ref_q610_opt_stage4_latency_stepL2.pp.0.cpp:34857:3: warning: Added loop label VITIS_LOOP_1435_1:   [xilinx-label-all-loops]
  for (int frame_index = 0; frame_index < num_frames; ++frame_index) {
  ^~~
  VITIS_LOOP_1435_1: 
H:\subband_q610_realtime_hls\solution1\.autopilot\db\subband_ref_q610_opt_stage4_latency_stepL2.pp.0.cpp:34857:3: note: FIX-IT applied suggested code changes
H:\subband_q610_realtime_hls\solution1\.autopilot\db\subband_ref_q610_opt_stage4_latency_stepL2.pp.0.cpp:34858:5: warning: Added loop label VITIS_LOOP_1436_2:   [xilinx-label-all-loops]
    for (int sample_index = 0; sample_index < batch_subbands; ++sample_index) {
    ^~~
    VITIS_LOOP_1436_2: 
H:\subband_q610_realtime_hls\solution1\.autopilot\db\subband_ref_q610_opt_stage4_latency_stepL2.pp.0.cpp:34858:5: note: FIX-IT applied suggested code changes
H:\subband_q610_realtime_hls\solution1\.autopilot\db\subband_ref_q610_opt_stage4_latency_stepL2.pp.0.cpp:34862:7: warning: Added loop label VITIS_LOOP_1440_3:   [xilinx-label-all-loops]
      for (int proj_index = 0; proj_index < kBand0ProjSize; ++proj_index) {
      ^~~
      VITIS_LOOP_1440_3: 
H:\subband_q610_realtime_hls\solution1\.autopilot\db\subband_ref_q610_opt_stage4_latency_stepL2.pp.0.cpp:34862:7: note: FIX-IT applied suggested code changes
H:\subband_q610_realtime_hls\solution1\.autopilot\db\subband_ref_q610_opt_stage4_latency_stepL2.pp.0.cpp:34866:9: warning: Added loop label VITIS_LOOP_1444_4:   [xilinx-label-all-loops]
        for (int hidden_index = 0; hidden_index < kSbHiddenSize; ++hidden_index) {
        ^~~
        VITIS_LOOP_1444_4: 
H:\subband_q610_realtime_hls\solution1\.autopilot\db\subband_ref_q610_opt_stage4_latency_stepL2.pp.0.cpp:34866:9: note: FIX-IT applied suggested code changes
H:\subband_q610_realtime_hls\solution1\.autopilot\db\subband_ref_q610_opt_stage4_latency_stepL2.pp.0.cpp:34945:3: warning: Added loop label VITIS_LOOP_1523_1:   [xilinx-label-all-loops]
  for (int frame_index = 0; frame_index < num_frames; ++frame_index) {
  ^~~
  VITIS_LOOP_1523_1: 
H:\subband_q610_realtime_hls\solution1\.autopilot\db\subband_ref_q610_opt_stage4_latency_stepL2.pp.0.cpp:34945:3: note: FIX-IT applied suggested code changes
H:\subband_q610_realtime_hls\solution1\.autopilot\db\subband_ref_q610_opt_stage4_latency_stepL2.pp.0.cpp:34946:5: warning: Added loop label VITIS_LOOP_1524_2:   [xilinx-label-all-loops]
    for (int subband_index = 0; subband_index < spec.num_subbands; ++subband_index) {
    ^~~
    VITIS_LOOP_1524_2: 
H:\subband_q610_realtime_hls\solution1\.autopilot\db\subband_ref_q610_opt_stage4_latency_stepL2.pp.0.cpp:34946:5: note: FIX-IT applied suggested code changes
H:\subband_q610_realtime_hls\solution1\.autopilot\db\subband_ref_q610_opt_stage4_latency_stepL2.pp.0.cpp:34950:7: warning: Added loop label VITIS_LOOP_1528_3:   [xilinx-label-all-loops]
      for (int noisy_freq_index = 0; noisy_freq_index < spec.noisy_freq_size; ++noisy_freq_index) {
      ^~~
      VITIS_LOOP_1528_3: 
H:\subband_q610_realtime_hls\solution1\.autopilot\db\subband_ref_q610_opt_stage4_latency_stepL2.pp.0.cpp:34950:7: note: FIX-IT applied suggested code changes
H:\subband_q610_realtime_hls\solution1\.autopilot\db\subband_ref_q610_opt_stage4_latency_stepL2.pp.0.cpp:34956:7: warning: Added loop label VITIS_LOOP_1534_4:   [xilinx-label-all-loops]
      for (int fb_freq_index = 0; fb_freq_index < spec.fb_freq_size; ++fb_freq_index) {
      ^~~
      VITIS_LOOP_1534_4: 
H:\subband_q610_realtime_hls\solution1\.autopilot\db\subband_ref_q610_opt_stage4_latency_stepL2.pp.0.cpp:34956:7: note: FIX-IT applied suggested code changes
H:\subband_q610_realtime_hls\solution1\.autopilot\db\subband_ref_q610_opt_stage4_latency_stepL2.pp.0.cpp:34986:7: warning: Added loop label VITIS_LOOP_1564_5:   [xilinx-label-all-loops]
      for (int proj_index = 0; proj_index < kBand0ProjSize; ++proj_index) {
      ^~~
      VITIS_LOOP_1564_5: 
H:\subband_q610_realtime_hls\solution1\.autopilot\db\subband_ref_q610_opt_stage4_latency_stepL2.pp.0.cpp:34986:7: note: FIX-IT applied suggested code changes
H:\subband_q610_realtime_hls\solution1\.autopilot\db\subband_ref_q610_opt_stage4_latency_stepL2.pp.0.cpp:34990:9: warning: Added loop label VITIS_LOOP_1568_6:   [xilinx-label-all-loops]
        for (int hidden_index = 0; hidden_index < kSbHiddenSize; ++hidden_index) {
        ^~~
        VITIS_LOOP_1568_6: 
H:\subband_q610_realtime_hls\solution1\.autopilot\db\subband_ref_q610_opt_stage4_latency_stepL2.pp.0.cpp:34990:9: note: FIX-IT applied suggested code changes
H:\subband_q610_realtime_hls\solution1\.autopilot\db\subband_ref_q610_opt_stage4_latency_stepL2.pp.0.cpp:35046:9: error: Invalid Directive: for current device, mul + dsp is invalid combination for bind_op [clang-diagnostic-error]
#pragma HLS bind_op variable=product_q20 op=mul impl=dsp latency=2
        ^
H:\subband_q610_realtime_hls\solution1\.autopilot\db\subband_ref_q610_opt_stage4_latency_stepL2.pp.0.cpp:35054:9: error: Invalid Directive: for current device, mul + fabric is invalid combination for bind_op [clang-diagnostic-error]
#pragma HLS bind_op variable=product_q20 op=mul impl=fabric
        ^
H:\subband_q610_realtime_hls\solution1\.autopilot\db\subband_ref_q610_opt_stage4_latency_stepL2.pp.0.cpp:35062:9: error: Invalid Directive: for current device, mul + dsp is invalid combination for bind_op [clang-diagnostic-error]
#pragma HLS bind_op variable=product_q20 op=mul impl=dsp latency=2
        ^
H:\subband_q610_realtime_hls\solution1\.autopilot\db\subband_ref_q610_opt_stage4_latency_stepL2.pp.0.cpp:35116:9: error: Invalid Directive: for current device, mul + fabric is invalid combination for bind_op [clang-diagnostic-error]
#pragma HLS bind_op variable=interp_product_q610 op=mul impl=fabric
        ^
H:\subband_q610_realtime_hls\solution1\.autopilot\db\subband_ref_q610_opt_stage4_latency_stepL2.pp.0.cpp:35127:2: warning: Added loop label VITIS_LOOP_1705_1:   [xilinx-label-all-loops]
 for (int row = 0; row < Rows; ++row) {
 ^~~
 VITIS_LOOP_1705_1: 
H:\subband_q610_realtime_hls\solution1\.autopilot\db\subband_ref_q610_opt_stage4_latency_stepL2.pp.0.cpp:35127:2: note: FIX-IT applied suggested code changes
H:\subband_q610_realtime_hls\solution1\.autopilot\db\subband_ref_q610_opt_stage4_latency_stepL2.pp.0.cpp:35128:5: warning: Added loop label VITIS_LOOP_1706_2:   [xilinx-label-all-loops]
    for (int col = 0; col < Cols; ++col) {
    ^~~
    VITIS_LOOP_1706_2: 
H:\subband_q610_realtime_hls\solution1\.autopilot\db\subband_ref_q610_opt_stage4_latency_stepL2.pp.0.cpp:35128:5: note: FIX-IT applied suggested code changes
H:\subband_q610_realtime_hls\solution1\.autopilot\db\subband_ref_q610_opt_stage4_latency_stepL2.pp.0.cpp:35138:2: warning: Added loop label VITIS_LOOP_1716_1:   [xilinx-label-all-loops]
 for (int index = 0; index < N; ++index) {
 ^~~
 VITIS_LOOP_1716_1: 
H:\subband_q610_realtime_hls\solution1\.autopilot\db\subband_ref_q610_opt_stage4_latency_stepL2.pp.0.cpp:35138:2: note: FIX-IT applied suggested code changes
H:\subband_q610_realtime_hls\solution1\.autopilot\db\subband_ref_q610_opt_stage4_latency_stepL2.pp.0.cpp:35187:2: warning: Added loop label VITIS_LOOP_1765_1:   [xilinx-label-all-loops]
 for (int index = 0; index < N; ++index) {
 ^~~
 VITIS_LOOP_1765_1: 
H:\subband_q610_realtime_hls\solution1\.autopilot\db\subband_ref_q610_opt_stage4_latency_stepL2.pp.0.cpp:35187:2: note: FIX-IT applied suggested code changes
H:\subband_q610_realtime_hls\solution1\.autopilot\db\subband_ref_q610_opt_stage4_latency_stepL2.pp.0.cpp:35196:2: warning: Added loop label VITIS_LOOP_1774_1:   [xilinx-label-all-loops]
 for (int index = 0; index < N; ++index) {
 ^~~
 VITIS_LOOP_1774_1: 
H:\subband_q610_realtime_hls\solution1\.autopilot\db\subband_ref_q610_opt_stage4_latency_stepL2.pp.0.cpp:35196:2: note: FIX-IT applied suggested code changes
H:\subband_q610_realtime_hls\solution1\.autopilot\db\subband_ref_q610_opt_stage4_latency_stepL2.pp.0.cpp:35205:2: warning: Added loop label VITIS_LOOP_1783_1:   [xilinx-label-all-loops]
 for (int subband_index = 0; subband_index < kBand0NumSubbands; ++subband_index) {
 ^~~
 VITIS_LOOP_1783_1: 
H:\subband_q610_realtime_hls\solution1\.autopilot\db\subband_ref_q610_opt_stage4_latency_stepL2.pp.0.cpp:35205:2: note: FIX-IT applied suggested code changes
H:\subband_q610_realtime_hls\solution1\.autopilot\db\subband_ref_q610_opt_stage4_latency_stepL2.pp.0.cpp:35206:5: warning: Added loop label VITIS_LOOP_1784_2:   [xilinx-label-all-loops]
    for (int hidden_index = 0; hidden_index < N; ++hidden_index) {
    ^~~
    VITIS_LOOP_1784_2: 
H:\subband_q610_realtime_hls\solution1\.autopilot\db\subband_ref_q610_opt_stage4_latency_stepL2.pp.0.cpp:35206:5: note: FIX-IT applied suggested code changes
H:\subband_q610_realtime_hls\solution1\.autopilot\db\subband_ref_q610_opt_stage4_latency_stepL2.pp.0.cpp:35220:3: warning: Added loop label VITIS_LOOP_1798_1:   [xilinx-label-all-loops]
  for (int frame_index = 0; frame_index < kFixedNumFrames; ++frame_index) {
  ^~~
  VITIS_LOOP_1798_1: 
H:\subband_q610_realtime_hls\solution1\.autopilot\db\subband_ref_q610_opt_stage4_latency_stepL2.pp.0.cpp:35220:3: note: FIX-IT applied suggested code changes
H:\subband_q610_realtime_hls\solution1\.autopilot\db\subband_ref_q610_opt_stage4_latency_stepL2.pp.0.cpp:35222:2: warning: Added loop label VITIS_LOOP_1800_2:   [xilinx-label-all-loops]
 for (int subband_index = 0; subband_index < kBand0NumSubbands; ++subband_index) {
 ^~~
 VITIS_LOOP_1800_2: 
H:\subband_q610_realtime_hls\solution1\.autopilot\db\subband_ref_q610_opt_stage4_latency_stepL2.pp.0.cpp:35222:2: note: FIX-IT applied suggested code changes
H:\subband_q610_realtime_hls\solution1\.autopilot\db\subband_ref_q610_opt_stage4_latency_stepL2.pp.0.cpp:35224:7: warning: Added loop label VITIS_LOOP_1802_3:   [xilinx-label-all-loops]
      for (int noisy_freq_index = 0; noisy_freq_index < kBand0NoisyFreqSize; ++noisy_freq_index) {
      ^~~
      VITIS_LOOP_1802_3: 
H:\subband_q610_realtime_hls\solution1\.autopilot\db\subband_ref_q610_opt_stage4_latency_stepL2.pp.0.cpp:35224:7: note: FIX-IT applied suggested code changes
H:\subband_q610_realtime_hls\solution1\.autopilot\db\subband_ref_q610_opt_stage4_latency_stepL2.pp.0.cpp:35232:7: warning: Added loop label VITIS_LOOP_1810_4:   [xilinx-label-all-loops]
      for (int fb_freq_index = 0; fb_freq_index < kBand0FbFreqSize; ++fb_freq_index) {
      ^~~
      VITIS_LOOP_1810_4: 
H:\subband_q610_realtime_hls\solution1\.autopilot\db\subband_ref_q610_opt_stage4_latency_stepL2.pp.0.cpp:35232:7: note: FIX-IT applied suggested code changes
H:\subband_q610_realtime_hls\solution1\.autopilot\db\subband_ref_q610_opt_stage4_latency_stepL2.pp.0.cpp:35250:2: warning: Added loop label VITIS_LOOP_1828_1:   [xilinx-label-all-loops]
 for (int lane = 0; lane < Par; ++lane) {
 ^~~
 VITIS_LOOP_1828_1: 
H:\subband_q610_realtime_hls\solution1\.autopilot\db\subband_ref_q610_opt_stage4_latency_stepL2.pp.0.cpp:35250:2: note: FIX-IT applied suggested code changes
H:\subband_q610_realtime_hls\solution1\.autopilot\db\subband_ref_q610_opt_stage4_latency_stepL2.pp.0.cpp:35255:3: warning: Added loop label VITIS_LOOP_1833_2:   [xilinx-label-all-loops]
  for (int base_index = 0; base_index < Terms; base_index += Par) {
  ^~~
  VITIS_LOOP_1833_2: 
H:\subband_q610_realtime_hls\solution1\.autopilot\db\subband_ref_q610_opt_stage4_latency_stepL2.pp.0.cpp:35255:3: note: FIX-IT applied suggested code changes
H:\subband_q610_realtime_hls\solution1\.autopilot\db\subband_ref_q610_opt_stage4_latency_stepL2.pp.0.cpp:35257:2: warning: Added loop label VITIS_LOOP_1835_3:   [xilinx-label-all-loops]
 for (int lane = 0; lane < Par; ++lane) {
 ^~~
 VITIS_LOOP_1835_3: 
H:\subband_q610_realtime_hls\solution1\.autopilot\db\subband_ref_q610_opt_stage4_latency_stepL2.pp.0.cpp:35257:2: note: FIX-IT applied suggested code changes
H:\subband_q610_realtime_hls\solution1\.autopilot\db\subband_ref_q610_opt_stage4_latency_stepL2.pp.0.cpp:35267:3: warning: Added loop label VITIS_LOOP_1845_4:   [xilinx-label-all-loops]
  for (int lane = 0; lane < Par; ++lane) {
  ^~~
  VITIS_LOOP_1845_4: 
H:\subband_q610_realtime_hls\solution1\.autopilot\db\subband_ref_q610_opt_stage4_latency_stepL2.pp.0.cpp:35267:3: note: FIX-IT applied suggested code changes
H:\subband_q610_realtime_hls\solution1\.autopilot\db\subband_ref_q610_opt_stage4_latency_stepL2.pp.0.cpp:35282:2: warning: Added loop label VITIS_LOOP_1860_1:   [xilinx-label-all-loops]
 for (int hidden_base = 0; hidden_base < kSbHiddenSize; hidden_base += HiddenPar) {
 ^~~
 VITIS_LOOP_1860_1: 
H:\subband_q610_realtime_hls\solution1\.autopilot\db\subband_ref_q610_opt_stage4_latency_stepL2.pp.0.cpp:35282:2: note: FIX-IT applied suggested code changes
H:\subband_q610_realtime_hls\solution1\.autopilot\db\subband_ref_q610_opt_stage4_latency_stepL2.pp.0.cpp:35284:5: warning: Added loop label VITIS_LOOP_1862_2:   [xilinx-label-all-loops]
    for (int hidden_lane = 0; hidden_lane < HiddenPar; ++hidden_lane) {
    ^~~
    VITIS_LOOP_1862_2: 
H:\subband_q610_realtime_hls\solution1\.autopilot\db\subband_ref_q610_opt_stage4_latency_stepL2.pp.0.cpp:35284:5: note: FIX-IT applied suggested code changes
H:\subband_q610_realtime_hls\solution1\.autopilot\db\subband_ref_q610_opt_stage4_latency_stepL2.pp.0.cpp:35309:2: warning: Added loop label VITIS_LOOP_1887_1:   [xilinx-label-all-loops]
 for (int hidden_base = 0; hidden_base < kSbHiddenSize; hidden_base += HiddenPar) {
 ^~~
 VITIS_LOOP_1887_1: 
H:\subband_q610_realtime_hls\solution1\.autopilot\db\subband_ref_q610_opt_stage4_latency_stepL2.pp.0.cpp:35309:2: note: FIX-IT applied suggested code changes
H:\subband_q610_realtime_hls\solution1\.autopilot\db\subband_ref_q610_opt_stage4_latency_stepL2.pp.0.cpp:35311:5: warning: Added loop label VITIS_LOOP_1889_2:   [xilinx-label-all-loops]
    for (int hidden_lane = 0; hidden_lane < HiddenPar; ++hidden_lane) {
    ^~~
    VITIS_LOOP_1889_2: 
H:\subband_q610_realtime_hls\solution1\.autopilot\db\subband_ref_q610_opt_stage4_latency_stepL2.pp.0.cpp:35311:5: note: FIX-IT applied suggested code changes
H:\subband_q610_realtime_hls\solution1\.autopilot\db\subband_ref_q610_opt_stage4_latency_stepL2.pp.0.cpp:35349:2: warning: Added loop label VITIS_LOOP_1927_1:   [xilinx-label-all-loops]
 for (int hidden_base = 0; hidden_base < kSbHiddenSize; hidden_base += HiddenPar) {
 ^~~
 VITIS_LOOP_1927_1: 
H:\subband_q610_realtime_hls\solution1\.autopilot\db\subband_ref_q610_opt_stage4_latency_stepL2.pp.0.cpp:35349:2: note: FIX-IT applied suggested code changes
H:\subband_q610_realtime_hls\solution1\.autopilot\db\subband_ref_q610_opt_stage4_latency_stepL2.pp.0.cpp:35351:2: warning: Added loop label VITIS_LOOP_1929_2:   [xilinx-label-all-loops]
 for (int hidden_lane = 0; hidden_lane < HiddenPar; ++hidden_lane) {
 ^~~
 VITIS_LOOP_1929_2: 
H:\subband_q610_realtime_hls\solution1\.autopilot\db\subband_ref_q610_opt_stage4_latency_stepL2.pp.0.cpp:35351:2: note: FIX-IT applied suggested code changes
H:\subband_q610_realtime_hls\solution1\.autopilot\db\subband_ref_q610_opt_stage4_latency_stepL2.pp.0.cpp:35402:2: warning: Added loop label VITIS_LOOP_1980_1:   [xilinx-label-all-loops]
 for (int frame_index = 0; frame_index < kFixedNumFrames; ++frame_index) {
 ^~~
 VITIS_LOOP_1980_1: 
H:\subband_q610_realtime_hls\solution1\.autopilot\db\subband_ref_q610_opt_stage4_latency_stepL2.pp.0.cpp:35402:2: note: FIX-IT applied suggested code changes
H:\subband_q610_realtime_hls\solution1\.autopilot\db\subband_ref_q610_opt_stage4_latency_stepL2.pp.0.cpp:35404:2: warning: Added loop label VITIS_LOOP_1982_2:   [xilinx-label-all-loops]
 for (int subband_index = 0; subband_index < kBand0NumSubbands; ++subband_index) {
 ^~~
 VITIS_LOOP_1982_2: 
H:\subband_q610_realtime_hls\solution1\.autopilot\db\subband_ref_q610_opt_stage4_latency_stepL2.pp.0.cpp:35404:2: note: FIX-IT applied suggested code changes
H:\subband_q610_realtime_hls\solution1\.autopilot\db\subband_ref_q610_opt_stage4_latency_stepL2.pp.0.cpp:35437:2: warning: Added loop label VITIS_LOOP_2015_1:   [xilinx-label-all-loops]
 for (int frame_index = 0; frame_index < kFixedNumFrames; ++frame_index) {
 ^~~
 VITIS_LOOP_2015_1: 
H:\subband_q610_realtime_hls\solution1\.autopilot\db\subband_ref_q610_opt_stage4_latency_stepL2.pp.0.cpp:35437:2: note: FIX-IT applied suggested code changes
H:\subband_q610_realtime_hls\solution1\.autopilot\db\subband_ref_q610_opt_stage4_latency_stepL2.pp.0.cpp:35439:2: warning: Added loop label VITIS_LOOP_2017_2:   [xilinx-label-all-loops]
 for (int subband_index = 0; subband_index < kBand0NumSubbands; ++subband_index) {
 ^~~
 VITIS_LOOP_2017_2: 
H:\subband_q610_realtime_hls\solution1\.autopilot\db\subband_ref_q610_opt_stage4_latency_stepL2.pp.0.cpp:35439:2: note: FIX-IT applied suggested code changes
H:\subband_q610_realtime_hls\solution1\.autopilot\db\subband_ref_q610_opt_stage4_latency_stepL2.pp.0.cpp:35464:2: warning: Added loop label VITIS_LOOP_2042_1:   [xilinx-label-all-loops]
 for (int lane = 0; lane < kProjectionDotPar; ++lane) {
 ^~~
 VITIS_LOOP_2042_1: 
H:\subband_q610_realtime_hls\solution1\.autopilot\db\subband_ref_q610_opt_stage4_latency_stepL2.pp.0.cpp:35464:2: note: FIX-IT applied suggested code changes
H:\subband_q610_realtime_hls\solution1\.autopilot\db\subband_ref_q610_opt_stage4_latency_stepL2.pp.0.cpp:35469:3: warning: Added loop label VITIS_LOOP_2047_2:   [xilinx-label-all-loops]
  for (int hidden_base = 0; hidden_base < kSbHiddenSize; hidden_base += kProjectionDotPar) {
  ^~~
  VITIS_LOOP_2047_2: 
H:\subband_q610_realtime_hls\solution1\.autopilot\db\subband_ref_q610_opt_stage4_latency_stepL2.pp.0.cpp:35469:3: note: FIX-IT applied suggested code changes
H:\subband_q610_realtime_hls\solution1\.autopilot\db\subband_ref_q610_opt_stage4_latency_stepL2.pp.0.cpp:35471:2: warning: Added loop label VITIS_LOOP_2049_3:   [xilinx-label-all-loops]
 for (int lane = 0; lane < kProjectionDotPar; ++lane) {
 ^~~
 VITIS_LOOP_2049_3: 
H:\subband_q610_realtime_hls\solution1\.autopilot\db\subband_ref_q610_opt_stage4_latency_stepL2.pp.0.cpp:35471:2: note: FIX-IT applied suggested code changes
H:\subband_q610_realtime_hls\solution1\.autopilot\db\subband_ref_q610_opt_stage4_latency_stepL2.pp.0.cpp:35479:3: warning: Added loop label VITIS_LOOP_2057_4:   [xilinx-label-all-loops]
  for (int lane = 0; lane < kProjectionDotPar; ++lane) {
  ^~~
  VITIS_LOOP_2057_4: 
H:\subband_q610_realtime_hls\solution1\.autopilot\db\subband_ref_q610_opt_stage4_latency_stepL2.pp.0.cpp:35479:3: note: FIX-IT applied suggested code changes
H:\subband_q610_realtime_hls\solution1\.autopilot\db\subband_ref_q610_opt_stage4_latency_stepL2.pp.0.cpp:35495:2: warning: Added loop label VITIS_LOOP_2073_1:   [xilinx-label-all-loops]
 for (int frame_index = 0; frame_index < kFixedNumFrames; ++frame_index) {
 ^~~
 VITIS_LOOP_2073_1: 
H:\subband_q610_realtime_hls\solution1\.autopilot\db\subband_ref_q610_opt_stage4_latency_stepL2.pp.0.cpp:35495:2: note: FIX-IT applied suggested code changes
H:\subband_q610_realtime_hls\solution1\.autopilot\db\subband_ref_q610_opt_stage4_latency_stepL2.pp.0.cpp:35497:2: warning: Added loop label VITIS_LOOP_2075_2:   [xilinx-label-all-loops]
 for (int subband_index = 0; subband_index < kBand0NumSubbands; ++subband_index) {
 ^~~
 VITIS_LOOP_2075_2: 
H:\subband_q610_realtime_hls\solution1\.autopilot\db\subband_ref_q610_opt_stage4_latency_stepL2.pp.0.cpp:35497:2: note: FIX-IT applied suggested code changes
H:\subband_q610_realtime_hls\solution1\.autopilot\db\subband_ref_q610_opt_stage4_latency_stepL2.pp.0.cpp:35499:7: warning: Added loop label VITIS_LOOP_2077_3:   [xilinx-label-all-loops]
      for (int proj_index = 0; proj_index < kBand0ProjSize; ++proj_index) {
      ^~~
      VITIS_LOOP_2077_3: 
H:\subband_q610_realtime_hls\solution1\.autopilot\db\subband_ref_q610_opt_stage4_latency_stepL2.pp.0.cpp:35499:7: note: FIX-IT applied suggested code changes
H:\subband_q610_realtime_hls\solution1\.autopilot\db\subband_ref_q610_opt_stage4_latency_stepL2.pp.0.cpp:35711:63: error: Invalid Directive: for current device, ram_2p + bram is invalid combination for BIND_STORAGE's option 'type + impl' [clang-diagnostic-error]
#pragma HLS bind_storage variable=layer0_weight_ih_local type=ram_2p impl=bram
                                                              ^
H:\subband_q610_realtime_hls\solution1\.autopilot\db\subband_ref_q610_opt_stage4_latency_stepL2.pp.0.cpp:35712:63: error: Invalid Directive: for current device, ram_2p + bram is invalid combination for BIND_STORAGE's option 'type + impl' [clang-diagnostic-error]
#pragma HLS bind_storage variable=layer0_weight_hh_local type=ram_2p impl=bram
                                                              ^
H:\subband_q610_realtime_hls\solution1\.autopilot\db\subband_ref_q610_opt_stage4_latency_stepL2.pp.0.cpp:35713:63: error: Invalid Directive: for current device, ram_2p + bram is invalid combination for BIND_STORAGE's option 'type + impl' [clang-diagnostic-error]
#pragma HLS bind_storage variable=layer1_weight_ih_local type=ram_2p impl=bram
                                                              ^
H:\subband_q610_realtime_hls\solution1\.autopilot\db\subband_ref_q610_opt_stage4_latency_stepL2.pp.0.cpp:35714:63: error: Invalid Directive: for current device, ram_2p + bram is invalid combination for BIND_STORAGE's option 'type + impl' [clang-diagnostic-error]
#pragma HLS bind_storage variable=layer1_weight_hh_local type=ram_2p impl=bram
                                                              ^
H:\subband_q610_realtime_hls\solution1\.autopilot\db\subband_ref_q610_opt_stage4_latency_stepL2.pp.0.cpp:35715:58: error: Invalid Directive: for current device, ram_2p + bram is invalid combination for BIND_STORAGE's option 'type + impl' [clang-diagnostic-error]
#pragma HLS bind_storage variable=proj_weight_local type=ram_2p impl=bram
                                                         ^
H:\subband_q610_realtime_hls\solution1\.autopilot\db\subband_ref_q610_opt_stage4_latency_stepL2.pp.0.cpp:35872:2: warning: Added loop label VITIS_LOOP_2450_1:   [xilinx-label-all-loops]
 for (int frame_index = 0; frame_index < kRealtimeChunkFrames; ++frame_index) {
 ^~~
 VITIS_LOOP_2450_1: 
H:\subband_q610_realtime_hls\solution1\.autopilot\db\subband_ref_q610_opt_stage4_latency_stepL2.pp.0.cpp:35872:2: note: FIX-IT applied suggested code changes
H:\subband_q610_realtime_hls\solution1\.autopilot\db\subband_ref_q610_opt_stage4_latency_stepL2.pp.0.cpp:35875:7: warning: Added loop label VITIS_LOOP_2453_2:   [xilinx-label-all-loops]
      for (int freq_index = 0; freq_index < kNumFreqs; ++freq_index) {
      ^~~
      VITIS_LOOP_2453_2: 
H:\subband_q610_realtime_hls\solution1\.autopilot\db\subband_ref_q610_opt_stage4_latency_stepL2.pp.0.cpp:35875:7: note: FIX-IT applied suggested code changes
H:\subband_q610_realtime_hls\solution1\.autopilot\db\subband_ref_q610_opt_stage4_latency_stepL2.pp.0.cpp:35879:7: warning: Added loop label VITIS_LOOP_2457_3:   [xilinx-label-all-loops]
      for (int freq_index = 0; freq_index < kNumFreqs; ++freq_index) {
      ^~~
      VITIS_LOOP_2457_3: 
H:\subband_q610_realtime_hls\solution1\.autopilot\db\subband_ref_q610_opt_stage4_latency_stepL2.pp.0.cpp:35879:7: note: FIX-IT applied suggested code changes
H:\subband_q610_realtime_hls\solution1\.autopilot\db\subband_ref_q610_opt_stage4_latency_stepL2.pp.0.cpp:35892:2: warning: Added loop label VITIS_LOOP_2470_1:   [xilinx-label-all-loops]
 for (int frame_index = 0; frame_index < kRealtimeChunkFrames; ++frame_index) {
 ^~~
 VITIS_LOOP_2470_1: 
H:\subband_q610_realtime_hls\solution1\.autopilot\db\subband_ref_q610_opt_stage4_latency_stepL2.pp.0.cpp:35892:2: note: FIX-IT applied suggested code changes
H:\subband_q610_realtime_hls\solution1\.autopilot\db\subband_ref_q610_opt_stage4_latency_stepL2.pp.0.cpp:35895:7: warning: Added loop label VITIS_LOOP_2473_2:   [xilinx-label-all-loops]
      for (int output_index = 0; output_index < kRealtimeDfCoefPerFrame; ++output_index) {
      ^~~
      VITIS_LOOP_2473_2: 
H:\subband_q610_realtime_hls\solution1\.autopilot\db\subband_ref_q610_opt_stage4_latency_stepL2.pp.0.cpp:35895:7: note: FIX-IT applied suggested code changes
H:\subband_q610_realtime_hls\solution1\.autopilot\db\subband_ref_q610_opt_stage4_latency_stepL2.pp.0.cpp:35911:2: warning: Added loop label VITIS_LOOP_2489_1:   [xilinx-label-all-loops]
 for (int band_index = 0; band_index < kNumBands; ++band_index) {
 ^~~
 VITIS_LOOP_2489_1: 
H:\subband_q610_realtime_hls\solution1\.autopilot\db\subband_ref_q610_opt_stage4_latency_stepL2.pp.0.cpp:35911:2: note: FIX-IT applied suggested code changes
H:\subband_q610_realtime_hls\solution1\.autopilot\db\subband_ref_q610_opt_stage4_latency_stepL2.pp.0.cpp:35912:5: warning: Added loop label VITIS_LOOP_2490_2:   [xilinx-label-all-loops]
    for (int subband_index = 0; subband_index < kMaxNumSubbands; ++subband_index) {
    ^~~
    VITIS_LOOP_2490_2: 
H:\subband_q610_realtime_hls\solution1\.autopilot\db\subband_ref_q610_opt_stage4_latency_stepL2.pp.0.cpp:35912:5: note: FIX-IT applied suggested code changes
H:\subband_q610_realtime_hls\solution1\.autopilot\db\subband_ref_q610_opt_stage4_latency_stepL2.pp.0.cpp:35913:7: warning: Added loop label VITIS_LOOP_2491_3:   [xilinx-label-all-loops]
      for (int hidden_index = 0; hidden_index < kSbHiddenSize; ++hidden_index) {
      ^~~
      VITIS_LOOP_2491_3: 
H:\subband_q610_realtime_hls\solution1\.autopilot\db\subband_ref_q610_opt_stage4_latency_stepL2.pp.0.cpp:35913:7: note: FIX-IT applied suggested code changes
H:\subband_q610_realtime_hls\solution1\.autopilot\db\subband_ref_q610_opt_stage4_latency_stepL2.pp.0.cpp:35935:3: warning: Added loop label VITIS_LOOP_2513_1:   [xilinx-label-all-loops]
  for (int row = 0; row < kSbHiddenSize; ++row) {
  ^~~
  VITIS_LOOP_2513_1: 
H:\subband_q610_realtime_hls\solution1\.autopilot\db\subband_ref_q610_opt_stage4_latency_stepL2.pp.0.cpp:35935:3: note: FIX-IT applied suggested code changes
H:\subband_q610_realtime_hls\solution1\.autopilot\db\subband_ref_q610_opt_stage4_latency_stepL2.pp.0.cpp:35936:5: warning: Added loop label VITIS_LOOP_2514_2:   [xilinx-label-all-loops]
    for (int col_base = 0; col_base < kSbHiddenSize; col_base += kRealtimeDotPar) {
    ^~~
    VITIS_LOOP_2514_2: 
H:\subband_q610_realtime_hls\solution1\.autopilot\db\subband_ref_q610_opt_stage4_latency_stepL2.pp.0.cpp:35936:5: note: FIX-IT applied suggested code changes
H:\subband_q610_realtime_hls\solution1\.autopilot\db\subband_ref_q610_opt_stage4_latency_stepL2.pp.0.cpp:35943:7: warning: Added loop label VITIS_LOOP_2521_3:   [xilinx-label-all-loops]
      for (int lane = 0; lane < kRealtimeWeightWordLanes; ++lane) {
      ^~~
      VITIS_LOOP_2521_3: 
H:\subband_q610_realtime_hls\solution1\.autopilot\db\subband_ref_q610_opt_stage4_latency_stepL2.pp.0.cpp:35943:7: note: FIX-IT applied suggested code changes
H:\subband_q610_realtime_hls\solution1\.autopilot\db\subband_ref_q610_opt_stage4_latency_stepL2.pp.0.cpp:35947:7: warning: Added loop label VITIS_LOOP_2525_4:   [xilinx-label-all-loops]
      for (int lane = 0; lane < kRealtimeWeightWordLanes; ++lane) {
      ^~~
      VITIS_LOOP_2525_4: 
H:\subband_q610_realtime_hls\solution1\.autopilot\db\subband_ref_q610_opt_stage4_latency_stepL2.pp.0.cpp:35947:7: note: FIX-IT applied suggested code changes
H:\subband_q610_realtime_hls\solution1\.autopilot\db\subband_ref_q610_opt_stage4_latency_stepL2.pp.0.cpp:35956:3: warning: Added loop label VITIS_LOOP_2534_5:   [xilinx-label-all-loops]
  for (int row = 0; row < kSbHiddenSize; ++row) {
  ^~~
  VITIS_LOOP_2534_5: 
H:\subband_q610_realtime_hls\solution1\.autopilot\db\subband_ref_q610_opt_stage4_latency_stepL2.pp.0.cpp:35956:3: note: FIX-IT applied suggested code changes
H:\subband_q610_realtime_hls\solution1\.autopilot\db\subband_ref_q610_opt_stage4_latency_stepL2.pp.0.cpp:35957:5: warning: Added loop label VITIS_LOOP_2535_6:   [xilinx-label-all-loops]
    for (int col_base = 0; col_base < kSbHiddenSize; col_base += kRealtimeDotPar) {
    ^~~
    VITIS_LOOP_2535_6: 
H:\subband_q610_realtime_hls\solution1\.autopilot\db\subband_ref_q610_opt_stage4_latency_stepL2.pp.0.cpp:35957:5: note: FIX-IT applied suggested code changes
H:\subband_q610_realtime_hls\solution1\.autopilot\db\subband_ref_q610_opt_stage4_latency_stepL2.pp.0.cpp:35964:7: warning: Added loop label VITIS_LOOP_2542_7:   [xilinx-label-all-loops]
      for (int lane = 0; lane < kRealtimeWeightWordLanes; ++lane) {
      ^~~
      VITIS_LOOP_2542_7: 
H:\subband_q610_realtime_hls\solution1\.autopilot\db\subband_ref_q610_opt_stage4_latency_stepL2.pp.0.cpp:35964:7: note: FIX-IT applied suggested code changes
H:\subband_q610_realtime_hls\solution1\.autopilot\db\subband_ref_q610_opt_stage4_latency_stepL2.pp.0.cpp:35968:7: warning: Added loop label VITIS_LOOP_2546_8:   [xilinx-label-all-loops]
      for (int lane = 0; lane < kRealtimeWeightWordLanes; ++lane) {
      ^~~
      VITIS_LOOP_2546_8: 
H:\subband_q610_realtime_hls\solution1\.autopilot\db\subband_ref_q610_opt_stage4_latency_stepL2.pp.0.cpp:35968:7: note: FIX-IT applied suggested code changes
H:\subband_q610_realtime_hls\solution1\.autopilot\db\subband_ref_q610_opt_stage4_latency_stepL2.pp.0.cpp:35977:3: warning: Added loop label VITIS_LOOP_2555_9:   [xilinx-label-all-loops]
  for (int gate_index = 0; gate_index < 2; ++gate_index) {
  ^~~
  VITIS_LOOP_2555_9: 
H:\subband_q610_realtime_hls\solution1\.autopilot\db\subband_ref_q610_opt_stage4_latency_stepL2.pp.0.cpp:35977:3: note: FIX-IT applied suggested code changes
H:\subband_q610_realtime_hls\solution1\.autopilot\db\subband_ref_q610_opt_stage4_latency_stepL2.pp.0.cpp:35978:5: warning: Added loop label VITIS_LOOP_2556_10:   [xilinx-label-all-loops]
    for (int hidden_base = 0; hidden_base < kSbHiddenSize; hidden_base += kRealtimeWeightWordLanes) {
    ^~~
    VITIS_LOOP_2556_10: 
H:\subband_q610_realtime_hls\solution1\.autopilot\db\subband_ref_q610_opt_stage4_latency_stepL2.pp.0.cpp:35978:5: note: FIX-IT applied suggested code changes
H:\subband_q610_realtime_hls\solution1\.autopilot\db\subband_ref_q610_opt_stage4_latency_stepL2.pp.0.cpp:35982:7: warning: Added loop label VITIS_LOOP_2560_11:   [xilinx-label-all-loops]
      for (int lane = 0; lane < kRealtimeWeightWordLanes; ++lane) {
      ^~~
      VITIS_LOOP_2560_11: 
H:\subband_q610_realtime_hls\solution1\.autopilot\db\subband_ref_q610_opt_stage4_latency_stepL2.pp.0.cpp:35982:7: note: FIX-IT applied suggested code changes
H:\subband_q610_realtime_hls\solution1\.autopilot\db\subband_ref_q610_opt_stage4_latency_stepL2.pp.0.cpp:35991:3: warning: Added loop label VITIS_LOOP_2569_12:   [xilinx-label-all-loops]
  for (int hidden_base = 0; hidden_base < kSbHiddenSize; hidden_base += kRealtimeWeightWordLanes) {
  ^~~
  VITIS_LOOP_2569_12: 
H:\subband_q610_realtime_hls\solution1\.autopilot\db\subband_ref_q610_opt_stage4_latency_stepL2.pp.0.cpp:35991:3: note: FIX-IT applied suggested code changes
H:\subband_q610_realtime_hls\solution1\.autopilot\db\subband_ref_q610_opt_stage4_latency_stepL2.pp.0.cpp:35994:5: warning: Added loop label VITIS_LOOP_2572_13:   [xilinx-label-all-loops]
    for (int lane = 0; lane < kRealtimeWeightWordLanes; ++lane) {
    ^~~
    VITIS_LOOP_2572_13: 
H:\subband_q610_realtime_hls\solution1\.autopilot\db\subband_ref_q610_opt_stage4_latency_stepL2.pp.0.cpp:35994:5: note: FIX-IT applied suggested code changes
H:\subband_q610_realtime_hls\solution1\.autopilot\db\subband_ref_q610_opt_stage4_latency_stepL2.pp.0.cpp:36002:3: warning: Added loop label VITIS_LOOP_2580_14:   [xilinx-label-all-loops]
  for (int hidden_base = 0; hidden_base < kSbHiddenSize; hidden_base += kRealtimeWeightWordLanes) {
  ^~~
  VITIS_LOOP_2580_14: 
H:\subband_q610_realtime_hls\solution1\.autopilot\db\subband_ref_q610_opt_stage4_latency_stepL2.pp.0.cpp:36002:3: note: FIX-IT applied suggested code changes
H:\subband_q610_realtime_hls\solution1\.autopilot\db\subband_ref_q610_opt_stage4_latency_stepL2.pp.0.cpp:36005:5: warning: Added loop label VITIS_LOOP_2583_15:   [xilinx-label-all-loops]
    for (int lane = 0; lane < kRealtimeWeightWordLanes; ++lane) {
    ^~~
    VITIS_LOOP_2583_15: 
H:\subband_q610_realtime_hls\solution1\.autopilot\db\subband_ref_q610_opt_stage4_latency_stepL2.pp.0.cpp:36005:5: note: FIX-IT applied suggested code changes
H:\subband_q610_realtime_hls\solution1\.autopilot\db\subband_ref_q610_opt_stage4_latency_stepL2.pp.0.cpp:36021:3: warning: Added loop label VITIS_LOOP_2599_1:   [xilinx-label-all-loops]
  for (int proj_index = 0; proj_index < kMaxProjSize; ++proj_index) {
  ^~~
  VITIS_LOOP_2599_1: 
H:\subband_q610_realtime_hls\solution1\.autopilot\db\subband_ref_q610_opt_stage4_latency_stepL2.pp.0.cpp:36021:3: note: FIX-IT applied suggested code changes
H:\subband_q610_realtime_hls\solution1\.autopilot\db\subband_ref_q610_opt_stage4_latency_stepL2.pp.0.cpp:36022:5: warning: Added loop label VITIS_LOOP_2600_2:   [xilinx-label-all-loops]
    for (int hidden_base = 0; hidden_base < kSbHiddenSize; hidden_base += kRealtimeProjectionDotPar) {
    ^~~
    VITIS_LOOP_2600_2: 
H:\subband_q610_realtime_hls\solution1\.autopilot\db\subband_ref_q610_opt_stage4_latency_stepL2.pp.0.cpp:36022:5: note: FIX-IT applied suggested code changes
H:\subband_q610_realtime_hls\solution1\.autopilot\db\subband_ref_q610_opt_stage4_latency_stepL2.pp.0.cpp:36032:7: warning: Added loop label VITIS_LOOP_2610_3:   [xilinx-label-all-loops]
      for (int lane = 0; lane < kRealtimeWeightWordLanes; ++lane) {
      ^~~
      VITIS_LOOP_2610_3: 
H:\subband_q610_realtime_hls\solution1\.autopilot\db\subband_ref_q610_opt_stage4_latency_stepL2.pp.0.cpp:36032:7: note: FIX-IT applied suggested code changes
H:\subband_q610_realtime_hls\solution1\.autopilot\db\subband_ref_q610_opt_stage4_latency_stepL2.pp.0.cpp:36036:7: warning: Added loop label VITIS_LOOP_2614_4:   [xilinx-label-all-loops]
      for (int lane = 0; lane < kRealtimeWeightWordLanes; ++lane) {
      ^~~
      VITIS_LOOP_2614_4: 
H:\subband_q610_realtime_hls\solution1\.autopilot\db\subband_ref_q610_opt_stage4_latency_stepL2.pp.0.cpp:36036:7: note: FIX-IT applied suggested code changes
H:\subband_q610_realtime_hls\solution1\.autopilot\db\subband_ref_q610_opt_stage4_latency_stepL2.pp.0.cpp:36046:3: warning: Added loop label VITIS_LOOP_2624_5:   [xilinx-label-all-loops]
  for (int proj_base = 0; proj_base < kMaxProjSize; proj_base += kRealtimeWeightWordLanes) {
  ^~~
  VITIS_LOOP_2624_5: 
H:\subband_q610_realtime_hls\solution1\.autopilot\db\subband_ref_q610_opt_stage4_latency_stepL2.pp.0.cpp:36046:3: note: FIX-IT applied suggested code changes
H:\subband_q610_realtime_hls\solution1\.autopilot\db\subband_ref_q610_opt_stage4_latency_stepL2.pp.0.cpp:36052:5: warning: Added loop label VITIS_LOOP_2630_6:   [xilinx-label-all-loops]
    for (int lane = 0; lane < kRealtimeWeightWordLanes; ++lane) {
    ^~~
    VITIS_LOOP_2630_6: 
H:\subband_q610_realtime_hls\solution1\.autopilot\db\subband_ref_q610_opt_stage4_latency_stepL2.pp.0.cpp:36052:5: note: FIX-IT applied suggested code changes
H:\subband_q610_realtime_hls\solution1\.autopilot\db\subband_ref_q610_opt_stage4_latency_stepL2.pp.0.cpp:36073:3: warning: Added loop label VITIS_LOOP_2651_1:   [xilinx-label-all-loops]
  for (int input_index = 0; input_index < kSbHiddenSize; ++input_index) {
  ^~~
  VITIS_LOOP_2651_1: 
H:\subband_q610_realtime_hls\solution1\.autopilot\db\subband_ref_q610_opt_stage4_latency_stepL2.pp.0.cpp:36073:3: note: FIX-IT applied suggested code changes
H:\subband_q610_realtime_hls\solution1\.autopilot\db\subband_ref_q610_opt_stage4_latency_stepL2.pp.0.cpp:36097:2: warning: Added loop label VITIS_LOOP_2675_1:   [xilinx-label-all-loops]
 for (int lane = 0; lane < kRealtimeDotPar; ++lane) {
 ^~~
 VITIS_LOOP_2675_1: 
H:\subband_q610_realtime_hls\solution1\.autopilot\db\subband_ref_q610_opt_stage4_latency_stepL2.pp.0.cpp:36097:2: note: FIX-IT applied suggested code changes
H:\subband_q610_realtime_hls\solution1\.autopilot\db\subband_ref_q610_opt_stage4_latency_stepL2.pp.0.cpp:36102:3: warning: Added loop label VITIS_LOOP_2680_2:   [xilinx-label-all-loops]
  for (int base_index = 0; base_index < kSbHiddenSize; base_index += kRealtimeDotPar) {
  ^~~
  VITIS_LOOP_2680_2: 
H:\subband_q610_realtime_hls\solution1\.autopilot\db\subband_ref_q610_opt_stage4_latency_stepL2.pp.0.cpp:36102:3: note: FIX-IT applied suggested code changes
H:\subband_q610_realtime_hls\solution1\.autopilot\db\subband_ref_q610_opt_stage4_latency_stepL2.pp.0.cpp:36104:2: warning: Added loop label VITIS_LOOP_2682_3:   [xilinx-label-all-loops]
 for (int lane = 0; lane < kRealtimeDotPar; ++lane) {
 ^~~
 VITIS_LOOP_2682_3: 
H:\subband_q610_realtime_hls\solution1\.autopilot\db\subband_ref_q610_opt_stage4_latency_stepL2.pp.0.cpp:36104:2: note: FIX-IT applied suggested code changes
H:\subband_q610_realtime_hls\solution1\.autopilot\db\subband_ref_q610_opt_stage4_latency_stepL2.pp.0.cpp:36114:3: warning: Added loop label VITIS_LOOP_2692_4:   [xilinx-label-all-loops]
  for (int lane = 0; lane < kRealtimeDotPar; ++lane) {
  ^~~
  VITIS_LOOP_2692_4: 
H:\subband_q610_realtime_hls\solution1\.autopilot\db\subband_ref_q610_opt_stage4_latency_stepL2.pp.0.cpp:36114:3: note: FIX-IT applied suggested code changes
H:\subband_q610_realtime_hls\solution1\.autopilot\db\subband_ref_q610_opt_stage4_latency_stepL2.pp.0.cpp:36130:2: warning: Added loop label VITIS_LOOP_2708_1:   [xilinx-label-all-loops]
 for (int lane = 0; lane < Par; ++lane) {
 ^~~
 VITIS_LOOP_2708_1: 
H:\subband_q610_realtime_hls\solution1\.autopilot\db\subband_ref_q610_opt_stage4_latency_stepL2.pp.0.cpp:36130:2: note: FIX-IT applied suggested code changes
H:\subband_q610_realtime_hls\solution1\.autopilot\db\subband_ref_q610_opt_stage4_latency_stepL2.pp.0.cpp:36135:3: warning: Added loop label VITIS_LOOP_2713_2:   [xilinx-label-all-loops]
  for (int base_index = 0; base_index < Terms; base_index += Par) {
  ^~~
  VITIS_LOOP_2713_2: 
H:\subband_q610_realtime_hls\solution1\.autopilot\db\subband_ref_q610_opt_stage4_latency_stepL2.pp.0.cpp:36135:3: note: FIX-IT applied suggested code changes
H:\subband_q610_realtime_hls\solution1\.autopilot\db\subband_ref_q610_opt_stage4_latency_stepL2.pp.0.cpp:36137:2: warning: Added loop label VITIS_LOOP_2715_3:   [xilinx-label-all-loops]
 for (int lane = 0; lane < Par; ++lane) {
 ^~~
 VITIS_LOOP_2715_3: 
H:\subband_q610_realtime_hls\solution1\.autopilot\db\subband_ref_q610_opt_stage4_latency_stepL2.pp.0.cpp:36137:2: note: FIX-IT applied suggested code changes
H:\subband_q610_realtime_hls\solution1\.autopilot\db\subband_ref_q610_opt_stage4_latency_stepL2.pp.0.cpp:36147:3: warning: Added loop label VITIS_LOOP_2725_4:   [xilinx-label-all-loops]
  for (int lane = 0; lane < Par; ++lane) {
  ^~~
  VITIS_LOOP_2725_4: 
H:\subband_q610_realtime_hls\solution1\.autopilot\db\subband_ref_q610_opt_stage4_latency_stepL2.pp.0.cpp:36147:3: note: FIX-IT applied suggested code changes
H:\subband_q610_realtime_hls\solution1\.autopilot\db\subband_ref_q610_opt_stage4_latency_stepL2.pp.0.cpp:36162:2: warning: Added loop label VITIS_LOOP_2740_1:   [xilinx-label-all-loops]
 for (int hidden_base = 0; hidden_base < kSbHiddenSize; hidden_base += HiddenPar) {
 ^~~
 VITIS_LOOP_2740_1: 
H:\subband_q610_realtime_hls\solution1\.autopilot\db\subband_ref_q610_opt_stage4_latency_stepL2.pp.0.cpp:36162:2: note: FIX-IT applied suggested code changes
H:\subband_q610_realtime_hls\solution1\.autopilot\db\subband_ref_q610_opt_stage4_latency_stepL2.pp.0.cpp:36164:5: warning: Added loop label VITIS_LOOP_2742_2:   [xilinx-label-all-loops]
    for (int hidden_lane = 0; hidden_lane < HiddenPar; ++hidden_lane) {
    ^~~
    VITIS_LOOP_2742_2: 
H:\subband_q610_realtime_hls\solution1\.autopilot\db\subband_ref_q610_opt_stage4_latency_stepL2.pp.0.cpp:36164:5: note: FIX-IT applied suggested code changes
H:\subband_q610_realtime_hls\solution1\.autopilot\db\subband_ref_q610_opt_stage4_latency_stepL2.pp.0.cpp:36223:2: warning: Added loop label VITIS_LOOP_2801_1:   [xilinx-label-all-loops]
 for (int hidden_index = 0; hidden_index < kSbHiddenSize; ++hidden_index) {
 ^~~
 VITIS_LOOP_2801_1: 
H:\subband_q610_realtime_hls\solution1\.autopilot\db\subband_ref_q610_opt_stage4_latency_stepL2.pp.0.cpp:36223:2: note: FIX-IT applied suggested code changes
H:\subband_q610_realtime_hls\solution1\.autopilot\db\subband_ref_q610_opt_stage4_latency_stepL2.pp.0.cpp:36246:2: warning: Added loop label VITIS_LOOP_2824_1:   [xilinx-label-all-loops]
 for (int hidden_base = 0; hidden_base < kSbHiddenSize; hidden_base += kRealtimeHiddenPar) {
 ^~~
 VITIS_LOOP_2824_1: 
H:\subband_q610_realtime_hls\solution1\.autopilot\db\subband_ref_q610_opt_stage4_latency_stepL2.pp.0.cpp:36246:2: note: FIX-IT applied suggested code changes
H:\subband_q610_realtime_hls\solution1\.autopilot\db\subband_ref_q610_opt_stage4_latency_stepL2.pp.0.cpp:36248:2: warning: Added loop label VITIS_LOOP_2826_2:   [xilinx-label-all-loops]
 for (int hidden_lane = 0; hidden_lane < kRealtimeHiddenPar; ++hidden_lane) {
 ^~~
 VITIS_LOOP_2826_2: 
H:\subband_q610_realtime_hls\solution1\.autopilot\db\subband_ref_q610_opt_stage4_latency_stepL2.pp.0.cpp:36248:2: note: FIX-IT applied suggested code changes
H:\subband_q610_realtime_hls\solution1\.autopilot\db\subband_ref_q610_opt_stage4_latency_stepL2.pp.0.cpp:36256:3: warning: Added loop label VITIS_LOOP_2834_3:   [xilinx-label-all-loops]
  for (int hidden_base = 0; hidden_base < kSbHiddenSize; hidden_base += kRealtimeHiddenPar) {
  ^~~
  VITIS_LOOP_2834_3: 
H:\subband_q610_realtime_hls\solution1\.autopilot\db\subband_ref_q610_opt_stage4_latency_stepL2.pp.0.cpp:36256:3: note: FIX-IT applied suggested code changes
H:\subband_q610_realtime_hls\solution1\.autopilot\db\subband_ref_q610_opt_stage4_latency_stepL2.pp.0.cpp:36257:5: warning: Added loop label VITIS_LOOP_2835_4:   [xilinx-label-all-loops]
    for (int hidden_lane = 0; hidden_lane < kRealtimeHiddenPar; ++hidden_lane) {
    ^~~
    VITIS_LOOP_2835_4: 
H:\subband_q610_realtime_hls\solution1\.autopilot\db\subband_ref_q610_opt_stage4_latency_stepL2.pp.0.cpp:36257:5: note: FIX-IT applied suggested code changes
H:\subband_q610_realtime_hls\solution1\.autopilot\db\subband_ref_q610_opt_stage4_latency_stepL2.pp.0.cpp:36311:2: warning: Added loop label VITIS_LOOP_2889_1:   [xilinx-label-all-loops]
 for (int layer_index = 0; layer_index < kSbNumLayers; ++layer_index) {
 ^~~
 VITIS_LOOP_2889_1: 
H:\subband_q610_realtime_hls\solution1\.autopilot\db\subband_ref_q610_opt_stage4_latency_stepL2.pp.0.cpp:36311:2: note: FIX-IT applied suggested code changes
H:\subband_q610_realtime_hls\solution1\.autopilot\db\subband_ref_q610_opt_stage4_latency_stepL2.pp.0.cpp:36316:5: warning: Added loop label VITIS_LOOP_2894_2:   [xilinx-label-all-loops]
    for (int frame_index = 0; frame_index < kRealtimeChunkFrames; ++frame_index) {
    ^~~
    VITIS_LOOP_2894_2: 
H:\subband_q610_realtime_hls\solution1\.autopilot\db\subband_ref_q610_opt_stage4_latency_stepL2.pp.0.cpp:36316:5: note: FIX-IT applied suggested code changes
H:\subband_q610_realtime_hls\solution1\.autopilot\db\subband_ref_q610_opt_stage4_latency_stepL2.pp.0.cpp:36319:9: warning: Added loop label VITIS_LOOP_2897_3:   [xilinx-label-all-loops]
        for (int subband_index = 0; subband_index < kMaxNumSubbands; ++subband_index) {
        ^~~
        VITIS_LOOP_2897_3: 
H:\subband_q610_realtime_hls\solution1\.autopilot\db\subband_ref_q610_opt_stage4_latency_stepL2.pp.0.cpp:36319:9: note: FIX-IT applied suggested code changes
H:\subband_q610_realtime_hls\solution1\.autopilot\db\subband_ref_q610_opt_stage4_latency_stepL2.pp.0.cpp:36365:2: warning: Added loop label VITIS_LOOP_2943_1:   [xilinx-label-all-loops]
 for (int frame_index = 0; frame_index < kRealtimeChunkFrames; ++frame_index) {
 ^~~
 VITIS_LOOP_2943_1: 
H:\subband_q610_realtime_hls\solution1\.autopilot\db\subband_ref_q610_opt_stage4_latency_stepL2.pp.0.cpp:36365:2: note: FIX-IT applied suggested code changes
H:\subband_q610_realtime_hls\solution1\.autopilot\db\subband_ref_q610_opt_stage4_latency_stepL2.pp.0.cpp:36368:7: warning: Added loop label VITIS_LOOP_2946_2:   [xilinx-label-all-loops]
      for (int subband_index = 0; subband_index < kMaxNumSubbands; ++subband_index) {
      ^~~
      VITIS_LOOP_2946_2: 
H:\subband_q610_realtime_hls\solution1\.autopilot\db\subband_ref_q610_opt_stage4_latency_stepL2.pp.0.cpp:36368:7: note: FIX-IT applied suggested code changes
H:\subband_q610_realtime_hls\solution1\.autopilot\db\subband_ref_q610_opt_stage4_latency_stepL2.pp.0.cpp:36400:2: warning: Added loop label VITIS_LOOP_2978_1:   [xilinx-label-all-loops]
 for (int frame_index = 0; frame_index < kRealtimeChunkFrames; ++frame_index) {
 ^~~
 VITIS_LOOP_2978_1: 
H:\subband_q610_realtime_hls\solution1\.autopilot\db\subband_ref_q610_opt_stage4_latency_stepL2.pp.0.cpp:36400:2: note: FIX-IT applied suggested code changes
H:\subband_q610_realtime_hls\solution1\.autopilot\db\subband_ref_q610_opt_stage4_latency_stepL2.pp.0.cpp:36403:7: warning: Added loop label VITIS_LOOP_2981_2:   [xilinx-label-all-loops]
      for (int subband_index = 0; subband_index < kMaxNumSubbands; ++subband_index) {
      ^~~
      VITIS_LOOP_2981_2: 
H:\subband_q610_realtime_hls\solution1\.autopilot\db\subband_ref_q610_opt_stage4_latency_stepL2.pp.0.cpp:36403:7: note: FIX-IT applied suggested code changes
H:\subband_q610_realtime_hls\solution1\.autopilot\db\subband_ref_q610_opt_stage4_latency_stepL2.pp.0.cpp:36429:2: warning: Added loop label VITIS_LOOP_3007_1:   [xilinx-label-all-loops]
 for (int lane = 0; lane < kRealtimeProjectionDotPar; ++lane) {
 ^~~
 VITIS_LOOP_3007_1: 
H:\subband_q610_realtime_hls\solution1\.autopilot\db\subband_ref_q610_opt_stage4_latency_stepL2.pp.0.cpp:36429:2: note: FIX-IT applied suggested code changes
H:\subband_q610_realtime_hls\solution1\.autopilot\db\subband_ref_q610_opt_stage4_latency_stepL2.pp.0.cpp:36434:3: warning: Added loop label VITIS_LOOP_3012_2:   [xilinx-label-all-loops]
  for (int hidden_base = 0; hidden_base < kSbHiddenSize; hidden_base += kRealtimeProjectionDotPar) {
  ^~~
  VITIS_LOOP_3012_2: 
H:\subband_q610_realtime_hls\solution1\.autopilot\db\subband_ref_q610_opt_stage4_latency_stepL2.pp.0.cpp:36434:3: note: FIX-IT applied suggested code changes
H:\subband_q610_realtime_hls\solution1\.autopilot\db\subband_ref_q610_opt_stage4_latency_stepL2.pp.0.cpp:36436:2: warning: Added loop label VITIS_LOOP_3014_3:   [xilinx-label-all-loops]
 for (int lane = 0; lane < kRealtimeProjectionDotPar; ++lane) {
 ^~~
 VITIS_LOOP_3014_3: 
H:\subband_q610_realtime_hls\solution1\.autopilot\db\subband_ref_q610_opt_stage4_latency_stepL2.pp.0.cpp:36436:2: note: FIX-IT applied suggested code changes
H:\subband_q610_realtime_hls\solution1\.autopilot\db\subband_ref_q610_opt_stage4_latency_stepL2.pp.0.cpp:36444:3: warning: Added loop label VITIS_LOOP_3022_4:   [xilinx-label-all-loops]
  for (int lane = 0; lane < kRealtimeProjectionDotPar; ++lane) {
  ^~~
  VITIS_LOOP_3022_4: 
H:\subband_q610_realtime_hls\solution1\.autopilot\db\subband_ref_q610_opt_stage4_latency_stepL2.pp.0.cpp:36444:3: note: FIX-IT applied suggested code changes
H:\subband_q610_realtime_hls\solution1\.autopilot\db\subband_ref_q610_opt_stage4_latency_stepL2.pp.0.cpp:36463:3: warning: Added loop label VITIS_LOOP_3041_1:   [xilinx-label-all-loops]
  for (int frame_index = 0; frame_index < kRealtimeChunkFrames; ++frame_index) {
  ^~~
  VITIS_LOOP_3041_1: 
H:\subband_q610_realtime_hls\solution1\.autopilot\db\subband_ref_q610_opt_stage4_latency_stepL2.pp.0.cpp:36463:3: note: FIX-IT applied suggested code changes
H:\subband_q610_realtime_hls\solution1\.autopilot\db\subband_ref_q610_opt_stage4_latency_stepL2.pp.0.cpp:36466:7: warning: Added loop label VITIS_LOOP_3044_2:   [xilinx-label-all-loops]
      for (int subband_index = 0; subband_index < kMaxNumSubbands; ++subband_index) {
      ^~~
      VITIS_LOOP_3044_2: 
H:\subband_q610_realtime_hls\solution1\.autopilot\db\subband_ref_q610_opt_stage4_latency_stepL2.pp.0.cpp:36466:7: note: FIX-IT applied suggested code changes
H:\subband_q610_realtime_hls\solution1\.autopilot\db\subband_ref_q610_opt_stage4_latency_stepL2.pp.0.cpp:36472:11: warning: Added loop label VITIS_LOOP_3050_3:   [xilinx-label-all-loops]
          for (int proj_index = 0; proj_index < kMaxProjSize; ++proj_index) {
          ^~~
          VITIS_LOOP_3050_3: 
H:\subband_q610_realtime_hls\solution1\.autopilot\db\subband_ref_q610_opt_stage4_latency_stepL2.pp.0.cpp:36472:11: note: FIX-IT applied suggested code changes
H:\subband_q610_realtime_hls\solution1\.autopilot\db\subband_ref_q610_opt_stage4_latency_stepL2.pp.0.cpp:36558:52: error: Invalid Directive: for current device, ram_2p + bram is invalid combination for BIND_STORAGE's option 'type + impl' [clang-diagnostic-error]
#pragma HLS bind_storage variable=noisy_chunk type=ram_2p impl=bram
                                                   ^
H:\subband_q610_realtime_hls\solution1\.autopilot\db\subband_ref_q610_opt_stage4_latency_stepL2.pp.0.cpp:36559:49: error: Invalid Directive: for current device, ram_2p + bram is invalid combination for BIND_STORAGE's option 'type + impl' [clang-diagnostic-error]
#pragma HLS bind_storage variable=fb_chunk type=ram_2p impl=bram
                                                ^
H:\subband_q610_realtime_hls\solution1\.autopilot\db\subband_ref_q610_opt_stage4_latency_stepL2.pp.0.cpp:36560:53: error: Invalid Directive: for current device, ram_2p + bram is invalid combination for BIND_STORAGE's option 'type + impl' [clang-diagnostic-error]
#pragma HLS bind_storage variable=output_chunk type=ram_2p impl=bram
                                                    ^
H:\subband_q610_realtime_hls\solution1\.autopilot\db\subband_ref_q610_opt_stage4_latency_stepL2.pp.0.cpp:36561:50: error: Invalid Directive: for current device, ram_2p + bram is invalid combination for BIND_STORAGE's option 'type + impl' [clang-diagnostic-error]
#pragma HLS bind_storage variable=weight_ih type=ram_2p impl=bram
                                                 ^
H:\subband_q610_realtime_hls\solution1\.autopilot\db\subband_ref_q610_opt_stage4_latency_stepL2.pp.0.cpp:36562:50: error: Invalid Directive: for current device, ram_2p + bram is invalid combination for BIND_STORAGE's option 'type + impl' [clang-diagnostic-error]
#pragma HLS bind_storage variable=weight_hh type=ram_2p impl=bram
                                                 ^
H:\subband_q610_realtime_hls\solution1\.autopilot\db\subband_ref_q610_opt_stage4_latency_stepL2.pp.0.cpp:36563:52: error: Invalid Directive: for current device, ram_2p + bram is invalid combination for BIND_STORAGE's option 'type + impl' [clang-diagnostic-error]
#pragma HLS bind_storage variable=proj_weight type=ram_2p impl=bram
                                                   ^
H:\subband_q610_realtime_hls\solution1\.autopilot\db\subband_ref_q610_opt_stage4_latency_stepL2.pp.0.cpp:36564:56: error: Invalid Directive: for current device, ram_2p + bram is invalid combination for BIND_STORAGE's option 'type + impl' [clang-diagnostic-error]
#pragma HLS bind_storage variable=layer0_hx_state type=ram_2p impl=bram
                                                       ^
H:\subband_q610_realtime_hls\solution1\.autopilot\db\subband_ref_q610_opt_stage4_latency_stepL2.pp.0.cpp:36565:56: error: Invalid Directive: for current device, ram_2p + bram is invalid combination for BIND_STORAGE's option 'type + impl' [clang-diagnostic-error]
#pragma HLS bind_storage variable=layer0_cx_state type=ram_2p impl=bram
                                                       ^
H:\subband_q610_realtime_hls\solution1\.autopilot\db\subband_ref_q610_opt_stage4_latency_stepL2.pp.0.cpp:36566:56: error: Invalid Directive: for current device, ram_2p + bram is invalid combination for BIND_STORAGE's option 'type + impl' [clang-diagnostic-error]
#pragma HLS bind_storage variable=layer1_hx_state type=ram_2p impl=bram
                                                       ^
H:\subband_q610_realtime_hls\solution1\.autopilot\db\subband_ref_q610_opt_stage4_latency_stepL2.pp.0.cpp:36567:56: error: Invalid Directive: for current device, ram_2p + bram is invalid combination for BIND_STORAGE's option 'type + impl' [clang-diagnostic-error]
#pragma HLS bind_storage variable=layer1_cx_state type=ram_2p impl=bram
                                                       ^
H:\subband_q610_realtime_hls\solution1\.autopilot\db\subband_ref_q610_opt_stage4_latency_stepL2.pp.0.cpp:36568:54: error: Invalid Directive: for current device, ram_2p + bram is invalid combination for BIND_STORAGE's option 'type + impl' [clang-diagnostic-error]
#pragma HLS bind_storage variable=layer0_output type=ram_2p impl=bram
                                                     ^
H:\subband_q610_realtime_hls\solution1\.autopilot\db\subband_ref_q610_opt_stage4_latency_stepL2.pp.0.cpp:36569:54: error: Invalid Directive: for current device, ram_2p + bram is invalid combination for BIND_STORAGE's option 'type + impl' [clang-diagnostic-error]
#pragma HLS bind_storage variable=layer1_output type=ram_2p impl=bram
                                                     ^
