ECHO is off.
ECHO is off.

****** Vitis HLS - High-Level Synthesis from C, C++ and OpenCL v2023.2 (64-bit)
  **** SW Build 4023990 on Oct 11 2023
  **** IP Build 4028589 on Sat Oct 14 00:45:43 MDT 2023
  **** SharedData Build 4025554 on Tue Oct 10 17:18:54 MDT 2023
    ** Copyright 1986-2022 Xilinx, Inc. All Rights Reserved.
    ** Copyright 2022-2023 Advanced Micro Devices, Inc. All Rights Reserved.

source C:/Xilinx/Vitis_HLS/2023.2/scripts/vitis_hls/hls.tcl -notrace
INFO: [HLS 200-10] Running 'C:/Xilinx/Vitis_HLS/2023.2/bin/unwrapped/win64.o/vitis_hls.exe'
INFO: [HLS 200-10] For user 'User' on host 'desktop-pmq3qcf' (Windows NT_amd64 version 6.2) on Wed May 13 19:59:47 +0900 2026
INFO: [HLS 200-10] In directory 'H:/'
INFO: [HLS 200-2053] The vitis_hls executable is being deprecated. Consider using vitis-run --mode hls --tcl
Sourcing Tcl script 'run_hls_zybo_z7_20_csim_only.tcl'
INFO: [HLS 200-1510] Running: open_project -reset H:/subband_q610_zybo_z7_20_csim_hls 
INFO: [HLS 200-10] Opening and resetting project 'H:/subband_q610_zybo_z7_20_csim_hls'.
INFO: [HLS 200-1510] Running: set_top SubbandBand0TopQ610 
INFO: [HLS 200-1510] Running: add_files H:/subband_ref_q610_opt_stage4_latency_stepL2.cpp -cflags -std=c++14 
INFO: [HLS 200-10] Adding design file 'H:/subband_ref_q610_opt_stage4_latency_stepL2.cpp' to the project
INFO: [HLS 200-1510] Running: add_files -tb H:/subband_q610_hls_tb.cpp -cflags -std=c++14 
INFO: [HLS 200-10] Adding test bench file 'H:/subband_q610_hls_tb.cpp' to the project
INFO: [HLS 200-1510] Running: open_solution -reset solution1 -flow_target vivado 
INFO: [HLS 200-10] Creating and opening solution 'H:/subband_q610_zybo_z7_20_csim_hls/solution1'.
INFO: [HLS 200-10] Cleaning up the solution database.
INFO: [HLS 200-1505] Using flow_target 'vivado'
Resolution: For help on HLS 200-1505 see docs.xilinx.com/access/sources/dita/topic?Doc_Version=2023.2%20English&url=ug1448-hls-guidance&resourceid=200-1505.html
INFO: [HLS 200-1510] Running: set_part xc7z020clg400-1 
INFO: [HLS 200-1611] Setting target device to 'xc7z020-clg400-1'
INFO: [HLS 200-1510] Running: create_clock -period 10 -name default 
INFO: [SYN 201-201] Setting up clock 'default' with a period of 10ns.
INFO: [HLS 200-1510] Running: config_interface -m_axi_addr64=false -m_axi_num_read_outstanding=1 -m_axi_num_write_outstanding=1 
INFO: [HLS 200-1510] Running: csim_design 
INFO: [SIM 211-2] *************** CSIM start ***************
INFO: [SIM 211-4] CSIM will launch GCC as the compiler.
INFO: [HLS 200-2036] Building debug C Simulation binaries
   Compiling ../../../../subband_q610_hls_tb.cpp in debug mode
   Compiling ../../../../subband_ref_q610_opt_stage4_latency_stepL2.cpp in debug mode
   Generating csim.exe
In file included from C:/Xilinx/Vitis_HLS/2023.2/include/floating_point_v7_1_bitacc_cmodel.h:150:0,
                 from C:/Xilinx/Vitis_HLS/2023.2/include/hls_fpo.h:140,
                 from C:/Xilinx/Vitis_HLS/2023.2/include/etc/hls_half_fpo.h:19,
                 from C:/Xilinx/Vitis_HLS/2023.2/include/hls_half.h:26,
                 from C:/Xilinx/Vitis_HLS/2023.2/include/etc/ap_private.h:52,
                 from C:/Xilinx/Vitis_HLS/2023.2/include/etc/ap_common.h:666,
                 from C:/Xilinx/Vitis_HLS/2023.2/include/ap_int.h:10,
                 from H:/subband_ref_q610.hpp:12,
                 from ../../../../subband_q610_hls_tb.cpp:1:
C:/Xilinx/Vitis_HLS/2023.2/include/gmp.h:58:0: warning: "__GMP_LIBGMP_DLL" redefined
 #define __GMP_LIBGMP_DLL  0
 
In file included from C:/Xilinx/Vitis_HLS/2023.2/include/hls_fpo.h:140:0,
                 from C:/Xilinx/Vitis_HLS/2023.2/include/etc/hls_half_fpo.h:19,
                 from C:/Xilinx/Vitis_HLS/2023.2/include/hls_half.h:26,
                 from C:/Xilinx/Vitis_HLS/2023.2/include/etc/ap_private.h:52,
                 from C:/Xilinx/Vitis_HLS/2023.2/include/etc/ap_common.h:666,
                 from C:/Xilinx/Vitis_HLS/2023.2/include/ap_int.h:10,
                 from H:/subband_ref_q610.hpp:12,
                 from ../../../../subband_q610_hls_tb.cpp:1:
C:/Xilinx/Vitis_HLS/2023.2/include/floating_point_v7_1_bitacc_cmodel.h:142:0: note: this is the location of the previous definition
 #define __GMP_LIBGMP_DLL 1
 
In file included from C:/Xilinx/Vitis_HLS/2023.2/include/floating_point_v7_1_bitacc_cmodel.h:150:0,
                 from C:/Xilinx/Vitis_HLS/2023.2/include/hls_fpo.h:140,
                 from C:/Xilinx/Vitis_HLS/2023.2/include/etc/hls_half_fpo.h:19,
                 from C:/Xilinx/Vitis_HLS/2023.2/include/hls_half.h:26,
                 from C:/Xilinx/Vitis_HLS/2023.2/include/etc/ap_private.h:52,
                 from C:/Xilinx/Vitis_HLS/2023.2/include/etc/ap_common.h:666,
                 from C:/Xilinx/Vitis_HLS/2023.2/include/ap_int.h:10,
                 from H:/subband_ref_q610.hpp:12,
                 from ../../../../subband_ref_q610_opt_stage4_latency_stepL2.cpp:1:
C:/Xilinx/Vitis_HLS/2023.2/include/gmp.h:58:0: warning: "__GMP_LIBGMP_DLL" redefined
 #define __GMP_LIBGMP_DLL  0
 
In file included from C:/Xilinx/Vitis_HLS/2023.2/include/hls_fpo.h:140:0,
                 from C:/Xilinx/Vitis_HLS/2023.2/include/etc/hls_half_fpo.h:19,
                 from C:/Xilinx/Vitis_HLS/2023.2/include/hls_half.h:26,
                 from C:/Xilinx/Vitis_HLS/2023.2/include/etc/ap_private.h:52,
                 from C:/Xilinx/Vitis_HLS/2023.2/include/etc/ap_common.h:666,
                 from C:/Xilinx/Vitis_HLS/2023.2/include/ap_int.h:10,
                 from H:/subband_ref_q610.hpp:12,
                 from ../../../../subband_ref_q610_opt_stage4_latency_stepL2.cpp:1:
C:/Xilinx/Vitis_HLS/2023.2/include/floating_point_v7_1_bitacc_cmodel.h:142:0: note: this is the location of the previous definition
 #define __GMP_LIBGMP_DLL 1
 
[REF] RunBandQ610 start
[REF] batch_size=1 num_frames=8 num_subbands=8 packed_input_size=38 proj_size=40
[REF] FreqUnfold noisy start
[REF] FreqUnfold noisy done
[REF] FreqUnfold fb start
[REF] FreqUnfold fb done
[REF] Concat start
[REF] Concat done
[REF] Pack/PackedToSequence start
[REF] Pack/PackedToSequence done
[REF] Clear layer0 hx start
[REF] Clear layer0 hx done
[REF] Clear layer0 cx start
[REF] Clear layer0 cx done
[REF] Clear layer1 hx start
[REF] Clear layer1 hx done
[REF] Clear layer1 cx start
[REF] Clear layer1 cx done
[REF] RunStackedGSU start
[REF] RunStackedGSU done
[REF] RunProjection start
[REF] RunProjection done
[REF] ProjectToDfCoef start
[REF] ProjectToDfCoef done
[REF] RunBandQ610 done
Band0 optimized smoke test passed for 8 frames.
INFO [HLS SIM]: The maximum depth reached by any hls::stream() instance in the design is 112
INFO: [SIM 211-1] CSim done with 0 errors.
INFO: [SIM 211-3] *************** CSIM finish ***************
INFO: [HLS 200-111] Finished Command csim_design CPU user time: 0 seconds. CPU system time: 0 seconds. Elapsed time: 14.232 seconds; current allocated memory: 0.812 MB.
INFO: [HLS 200-112] Total CPU user time: 1 seconds. Total CPU system time: 1 seconds. Total elapsed time: 15.649 seconds; peak allocated memory: 103.230 MB.
INFO: [Common 17-206] Exiting vitis_hls at Wed May 13 20:00:02 2026...
