ECHO is off.
ECHO is off.

****** Vitis HLS - High-Level Synthesis from C, C++ and OpenCL v2023.2 (64-bit)
  **** SW Build 4023990 on Oct 11 2023
  **** IP Build 4028589 on Sat Oct 14 00:45:43 MDT 2023
  **** SharedData Build 4025554 on Tue Oct 10 17:18:54 MDT 2023
    ** Copyright 1986-2022 Xilinx, Inc. All Rights Reserved.
    ** Copyright 2022-2023 Advanced Micro Devices, Inc. All Rights Reserved.

source C:/Xilinx/Vitis_HLS/2023.2/scripts/vitis_hls/hls.tcl -notrace
INFO: [HLS 200-10] Running 'C:/Xilinx/Vitis_HLS/2023.2/bin/unwrapped/win64.o/vitis_hls.exe'
INFO: [HLS 200-10] For user 'User' on host 'desktop-pmq3qcf' (Windows NT_amd64 version 6.2) on Thu May 14 15:25:11 +0900 2026
INFO: [HLS 200-10] In directory 'C:/Users/User/Documents/Speech Enhancement/Spiking_FullSubnet_opt_hls'
INFO: [HLS 200-2053] The vitis_hls executable is being deprecated. Consider using vitis-run --mode hls --tcl
Sourcing Tcl script 'C:/hls_cov_subband/src/run_hls_realtime_csim_coverage.tcl'
INFO: [HLS 200-1510] Running: open_project -reset C:/hls_cov_subband/subband_q610_realtime_coverage_hls 
INFO: [HLS 200-10] Opening and resetting project 'C:/hls_cov_subband/subband_q610_realtime_coverage_hls'.
INFO: [HLS 200-1510] Running: set_top SubbandRealtimeTopQ610Ip 
INFO: [HLS 200-1510] Running: add_files C:/hls_cov_subband/src/subband_ref_q610_opt_stage4_latency_stepL2.cpp -cflags -std=c++14 
INFO: [HLS 200-10] Adding design file 'C:/hls_cov_subband/src/subband_ref_q610_opt_stage4_latency_stepL2.cpp' to the project
INFO: [HLS 200-1510] Running: add_files -tb C:/hls_cov_subband/src/subband_realtime_hls_coverage_tb.cpp -cflags -std=c++14 
INFO: [HLS 200-10] Adding test bench file 'C:/hls_cov_subband/src/subband_realtime_hls_coverage_tb.cpp' to the project
INFO: [HLS 200-1510] Running: open_solution -reset solution1 -flow_target vivado 
INFO: [HLS 200-10] Creating and opening solution 'C:/hls_cov_subband/subband_q610_realtime_coverage_hls/solution1'.
INFO: [HLS 200-10] Cleaning up the solution database.
INFO: [HLS 200-1505] Using flow_target 'vivado'
Resolution: For help on HLS 200-1505 see docs.xilinx.com/access/sources/dita/topic?Doc_Version=2023.2%20English&url=ug1448-hls-guidance&resourceid=200-1505.html
INFO: [HLS 200-1510] Running: set_part xc7z020clg400-1 
INFO: [HLS 200-1611] Setting target device to 'xc7z020-clg400-1'
INFO: [HLS 200-1510] Running: create_clock -period 10 -name default 
INFO: [SYN 201-201] Setting up clock 'default' with a period of 10ns.
INFO: [HLS 200-1510] Running: config_interface -m_axi_addr64=false -m_axi_num_read_outstanding=1 -m_axi_num_write_outstanding=1 
INFO: [HLS 200-1510] Running: csim_design 
INFO: [SIM 211-2] *************** CSIM start ***************
INFO: [SIM 211-4] CSIM will launch GCC as the compiler.
INFO: [HLS 200-2036] Building debug C Simulation binaries
   Compiling ../../../../src/subband_realtime_hls_coverage_tb.cpp in debug mode
   Compiling ../../../../src/subband_ref_q610_opt_stage4_latency_stepL2.cpp in debug mode
   Generating csim.exe
In file included from C:/Xilinx/Vitis_HLS/2023.2/include/floating_point_v7_1_bitacc_cmodel.h:150:0,
                 from C:/Xilinx/Vitis_HLS/2023.2/include/hls_fpo.h:140,
                 from C:/Xilinx/Vitis_HLS/2023.2/include/etc/hls_half_fpo.h:19,
                 from C:/Xilinx/Vitis_HLS/2023.2/include/hls_half.h:26,
                 from C:/Xilinx/Vitis_HLS/2023.2/include/etc/ap_private.h:52,
                 from C:/Xilinx/Vitis_HLS/2023.2/include/etc/ap_common.h:666,
                 from C:/Xilinx/Vitis_HLS/2023.2/include/ap_int.h:10,
                 from ../../../../src/subband_ref_q610.hpp:12,
                 from ../../../../src/subband_realtime_hls_coverage_tb.cpp:1:
C:/Xilinx/Vitis_HLS/2023.2/include/gmp.h:58:0: warning: "__GMP_LIBGMP_DLL" redefined
 #define __GMP_LIBGMP_DLL  0
 
In file included from C:/Xilinx/Vitis_HLS/2023.2/include/hls_fpo.h:140:0,
                 from C:/Xilinx/Vitis_HLS/2023.2/include/etc/hls_half_fpo.h:19,
                 from C:/Xilinx/Vitis_HLS/2023.2/include/hls_half.h:26,
                 from C:/Xilinx/Vitis_HLS/2023.2/include/etc/ap_private.h:52,
                 from C:/Xilinx/Vitis_HLS/2023.2/include/etc/ap_common.h:666,
                 from C:/Xilinx/Vitis_HLS/2023.2/include/ap_int.h:10,
                 from ../../../../src/subband_ref_q610.hpp:12,
                 from ../../../../src/subband_realtime_hls_coverage_tb.cpp:1:
C:/Xilinx/Vitis_HLS/2023.2/include/floating_point_v7_1_bitacc_cmodel.h:142:0: note: this is the location of the previous definition
 #define __GMP_LIBGMP_DLL 1
 
In file included from C:/Xilinx/Vitis_HLS/2023.2/include/floating_point_v7_1_bitacc_cmodel.h:150:0,
                 from C:/Xilinx/Vitis_HLS/2023.2/include/hls_fpo.h:140,
                 from C:/Xilinx/Vitis_HLS/2023.2/include/etc/hls_half_fpo.h:19,
                 from C:/Xilinx/Vitis_HLS/2023.2/include/hls_half.h:26,
                 from C:/Xilinx/Vitis_HLS/2023.2/include/etc/ap_private.h:52,
                 from C:/Xilinx/Vitis_HLS/2023.2/include/etc/ap_common.h:666,
                 from C:/Xilinx/Vitis_HLS/2023.2/include/ap_int.h:10,
                 from ../../../../src/subband_ref_q610.hpp:12,
                 from ../../../../src/subband_ref_q610_opt_stage4_latency_stepL2.cpp:1:
C:/Xilinx/Vitis_HLS/2023.2/include/gmp.h:58:0: warning: "__GMP_LIBGMP_DLL" redefined
 #define __GMP_LIBGMP_DLL  0
 
In file included from C:/Xilinx/Vitis_HLS/2023.2/include/hls_fpo.h:140:0,
                 from C:/Xilinx/Vitis_HLS/2023.2/include/etc/hls_half_fpo.h:19,
                 from C:/Xilinx/Vitis_HLS/2023.2/include/hls_half.h:26,
                 from C:/Xilinx/Vitis_HLS/2023.2/include/etc/ap_private.h:52,
                 from C:/Xilinx/Vitis_HLS/2023.2/include/etc/ap_common.h:666,
                 from C:/Xilinx/Vitis_HLS/2023.2/include/ap_int.h:10,
                 from ../../../../src/subband_ref_q610.hpp:12,
                 from ../../../../src/subband_ref_q610_opt_stage4_latency_stepL2.cpp:1:
C:/Xilinx/Vitis_HLS/2023.2/include/floating_point_v7_1_bitacc_cmodel.h:142:0: note: this is the location of the previous definition
 #define __GMP_LIBGMP_DLL 1
 
coverage progress seed=0 profile=small_random status=ok
coverage progress seed=0 profile=full_input_zero_recurrent status=ok
coverage progress seed=0 profile=sparse_identity_bn status=ok
coverage progress seed=0 profile=alternating_nontrivial_bn status=ok
coverage progress seed=0 profile=edge_projection_bias status=ok
coverage progress seed=1 profile=small_random status=ok
coverage progress seed=1 profile=full_input_zero_recurrent status=ok
coverage progress seed=1 profile=sparse_identity_bn status=ok
coverage progress seed=1 profile=alternating_nontrivial_bn status=ok
coverage progress seed=1 profile=edge_projection_bias status=ok
coverage progress seed=2 profile=small_random status=ok
coverage progress seed=2 profile=full_input_zero_recurrent status=ok
coverage progress seed=2 profile=sparse_identity_bn status=ok
coverage progress seed=2 profile=alternating_nontrivial_bn status=ok
coverage progress seed=2 profile=edge_projection_bias status=ok
coverage progress seed=3 profile=small_random status=ok
coverage progress seed=3 profile=full_input_zero_recurrent status=ok
coverage progress seed=3 profile=sparse_identity_bn status=ok
coverage progress seed=3 profile=alternating_nontrivial_bn status=ok
coverage progress seed=3 profile=edge_projection_bias status=ok
coverage progress seed=4 profile=small_random status=ok
coverage progress seed=4 profile=full_input_zero_recurrent status=ok
coverage progress seed=4 profile=sparse_identity_bn status=ok
coverage progress seed=4 profile=alternating_nontrivial_bn status=ok
coverage progress seed=4 profile=edge_projection_bias status=ok
coverage progress seed=5 profile=small_random status=ok
coverage progress seed=5 profile=full_input_zero_recurrent status=ok
coverage progress seed=5 profile=sparse_identity_bn status=ok
coverage progress seed=5 profile=alternating_nontrivial_bn status=ok
coverage progress seed=5 profile=edge_projection_bias status=ok
coverage progress seed=6 profile=small_random status=ok
coverage progress seed=6 profile=full_input_zero_recurrent status=ok
coverage progress seed=6 profile=sparse_identity_bn status=ok
coverage progress seed=6 profile=alternating_nontrivial_bn status=ok
coverage progress seed=6 profile=edge_projection_bias status=ok
coverage progress seed=7 profile=small_random status=ok
coverage progress seed=7 profile=full_input_zero_recurrent status=ok
coverage progress seed=7 profile=sparse_identity_bn status=ok
coverage progress seed=7 profile=alternating_nontrivial_bn status=ok
coverage progress seed=7 profile=edge_projection_bias status=ok
coverage progress seed=8 profile=small_random status=ok
coverage progress seed=8 profile=full_input_zero_recurrent status=ok
coverage progress seed=8 profile=sparse_identity_bn status=ok
coverage progress seed=8 profile=alternating_nontrivial_bn status=ok
coverage progress seed=8 profile=edge_projection_bias status=ok
coverage progress seed=9 profile=small_random status=ok
coverage progress seed=9 profile=full_input_zero_recurrent status=ok
coverage progress seed=9 profile=sparse_identity_bn status=ok
coverage progress seed=9 profile=alternating_nontrivial_bn status=ok
coverage progress seed=9 profile=edge_projection_bias status=ok
coverage progress seed=10 profile=small_random status=ok
coverage progress seed=10 profile=full_input_zero_recurrent status=ok
coverage progress seed=10 profile=sparse_identity_bn status=ok
coverage progress seed=10 profile=alternating_nontrivial_bn status=ok
coverage progress seed=10 profile=edge_projection_bias status=ok
coverage progress seed=11 profile=small_random status=ok
coverage progress seed=11 profile=full_input_zero_recurrent status=ok
coverage progress seed=11 profile=sparse_identity_bn status=ok
coverage progress seed=11 profile=alternating_nontrivial_bn status=ok
coverage progress seed=11 profile=edge_projection_bias status=ok
coverage progress seed=12 profile=small_random status=ok
coverage progress seed=12 profile=full_input_zero_recurrent status=ok
coverage progress seed=12 profile=sparse_identity_bn status=ok
coverage progress seed=12 profile=alternating_nontrivial_bn status=ok
coverage progress seed=12 profile=edge_projection_bias status=ok
coverage progress seed=13 profile=small_random status=ok
coverage progress seed=13 profile=full_input_zero_recurrent status=ok
coverage progress seed=13 profile=sparse_identity_bn status=ok
coverage progress seed=13 profile=alternating_nontrivial_bn status=ok
coverage progress seed=13 profile=edge_projection_bias status=ok
coverage progress seed=14 profile=small_random status=ok
coverage progress seed=14 profile=full_input_zero_recurrent status=ok
coverage progress seed=14 profile=sparse_identity_bn status=ok
coverage progress seed=14 profile=alternating_nontrivial_bn status=ok
coverage progress seed=14 profile=edge_projection_bias status=ok
coverage progress seed=15 profile=small_random status=ok
coverage progress seed=15 profile=full_input_zero_recurrent status=ok
coverage progress seed=15 profile=sparse_identity_bn status=ok
coverage progress seed=15 profile=alternating_nontrivial_bn status=ok
coverage progress seed=15 profile=edge_projection_bias status=ok
coverage progress seed=16 profile=small_random status=ok
coverage progress seed=16 profile=full_input_zero_recurrent status=ok
coverage progress seed=16 profile=sparse_identity_bn status=ok
coverage progress seed=16 profile=alternating_nontrivial_bn status=ok
coverage progress seed=16 profile=edge_projection_bias status=ok
coverage progress seed=17 profile=small_random status=ok
coverage progress seed=17 profile=full_input_zero_recurrent status=ok
coverage progress seed=17 profile=sparse_identity_bn status=ok
coverage progress seed=17 profile=alternating_nontrivial_bn status=ok
coverage progress seed=17 profile=edge_projection_bias status=ok
coverage progress seed=18 profile=small_random status=ok
coverage progress seed=18 profile=full_input_zero_recurrent status=ok
coverage progress seed=18 profile=sparse_identity_bn status=ok
coverage progress seed=18 profile=alternating_nontrivial_bn status=ok
coverage progress seed=18 profile=edge_projection_bias status=ok
coverage progress seed=19 profile=small_random status=ok
coverage progress seed=19 profile=full_input_zero_recurrent status=ok
coverage progress seed=19 profile=sparse_identity_bn status=ok
coverage progress seed=19 profile=alternating_nontrivial_bn status=ok
coverage progress seed=19 profile=edge_projection_bias status=ok
coverage progress seed=20 profile=small_random status=ok
coverage progress seed=20 profile=full_input_zero_recurrent status=ok
coverage progress seed=20 profile=sparse_identity_bn status=ok
coverage progress seed=20 profile=alternating_nontrivial_bn status=ok
coverage progress seed=20 profile=edge_projection_bias status=ok
coverage progress seed=21 profile=small_random status=ok
coverage progress seed=21 profile=full_input_zero_recurrent status=ok
coverage progress seed=21 profile=sparse_identity_bn status=ok
coverage progress seed=21 profile=alternating_nontrivial_bn status=ok
coverage progress seed=21 profile=edge_projection_bias status=ok
coverage progress seed=22 profile=small_random status=ok
coverage progress seed=22 profile=full_input_zero_recurrent status=ok
coverage progress seed=22 profile=sparse_identity_bn status=ok
coverage progress seed=22 profile=alternating_nontrivial_bn status=ok
coverage progress seed=22 profile=edge_projection_bias status=ok
coverage progress seed=23 profile=small_random status=ok
coverage progress seed=23 profile=full_input_zero_recurrent status=ok
coverage progress seed=23 profile=sparse_identity_bn status=ok
coverage progress seed=23 profile=alternating_nontrivial_bn status=ok
coverage progress seed=23 profile=edge_projection_bias status=ok
coverage progress seed=24 profile=small_random status=ok
coverage progress seed=24 profile=full_input_zero_recurrent status=ok
coverage progress seed=24 profile=sparse_identity_bn status=ok
coverage progress seed=24 profile=alternating_nontrivial_bn status=ok
coverage progress seed=24 profile=edge_projection_bias status=ok
coverage progress seed=25 profile=small_random status=ok
coverage progress seed=25 profile=full_input_zero_recurrent status=ok
coverage progress seed=25 profile=sparse_identity_bn status=ok
coverage progress seed=25 profile=alternating_nontrivial_bn status=ok
coverage progress seed=25 profile=edge_projection_bias status=ok
coverage progress seed=26 profile=small_random status=ok
coverage progress seed=26 profile=full_input_zero_recurrent status=ok
coverage progress seed=26 profile=sparse_identity_bn status=ok
coverage progress seed=26 profile=alternating_nontrivial_bn status=ok
coverage progress seed=26 profile=edge_projection_bias status=ok
coverage progress seed=27 profile=small_random status=ok
coverage progress seed=27 profile=full_input_zero_recurrent status=ok
coverage progress seed=27 profile=sparse_identity_bn status=ok
coverage progress seed=27 profile=alternating_nontrivial_bn status=ok
coverage progress seed=27 profile=edge_projection_bias status=ok
coverage progress seed=28 profile=small_random status=ok
coverage progress seed=28 profile=full_input_zero_recurrent status=ok
coverage progress seed=28 profile=sparse_identity_bn status=ok
coverage progress seed=28 profile=alternating_nontrivial_bn status=ok
coverage progress seed=28 profile=edge_projection_bias status=ok
coverage progress seed=29 profile=small_random status=ok
coverage progress seed=29 profile=full_input_zero_recurrent status=ok
coverage progress seed=29 profile=sparse_identity_bn status=ok
coverage progress seed=29 profile=alternating_nontrivial_bn status=ok
coverage progress seed=29 profile=edge_projection_bias status=ok
coverage progress seed=30 profile=small_random status=ok
coverage progress seed=30 profile=full_input_zero_recurrent status=ok
coverage progress seed=30 profile=sparse_identity_bn status=ok
coverage progress seed=30 profile=alternating_nontrivial_bn status=ok
coverage progress seed=30 profile=edge_projection_bias status=ok
coverage progress seed=31 profile=small_random status=ok
coverage progress seed=31 profile=full_input_zero_recurrent status=ok
coverage progress seed=31 profile=sparse_identity_bn status=ok
coverage progress seed=31 profile=alternating_nontrivial_bn status=ok
coverage progress seed=31 profile=edge_projection_bias status=ok
COVERAGE SUMMARY
seeds=32
profiles=5
chunk_patterns=5
primary_scenarios=800
reset_replay_scenarios=160
total_scenarios=960
df_coef_elements_compared=4423680
df_coef_mismatches=0
tlast_mismatches=0
size_mismatches=0
extra_output_errors=0
result=PASS
Realtime df_coef high-coverage golden comparison passed.
INFO [HLS SIM]: The maximum depth reached by any hls::stream() instance in the design is 4608
INFO: [SIM 211-1] CSim done with 0 errors.
INFO: [SIM 211-3] *************** CSIM finish ***************
INFO: [HLS 200-111] Finished Command csim_design CPU user time: 1 seconds. CPU system time: 0 seconds. Elapsed time: 4249.92 seconds; current allocated memory: 1.020 MB.
INFO: [HLS 200-112] Total CPU user time: 1 seconds. Total CPU system time: 1 seconds. Total elapsed time: 4251.4 seconds; peak allocated memory: 102.832 MB.
